units real
atom_style full
boundary p p p

# --- Force Field Styles ---
pair_style lj/class2/coul/long 9.5 9.5
kspace_style pppm 1e-6
dielectric 1.000000
bond_style class2
angle_style class2
dihedral_style class2
improper_style class2
special_bonds lj/coul 0 0 1
pair_modify mix sixthpower tail yes
neighbor 2.0 bin
neigh_modify delay 0 every 1 check yes
neigh_modify one 4000
# KOKKOS: package loaded via -pk kokkos on the command line

read_data /home/alexzhao/PolyJarvis/data/PEEK_1/attempts/cooling/attempt-0001/work/cool_block_01/cool_block_01_out.data
Reading data file ...
  orthogonal box = (3.5044614 3.5044614 3.5044614) to (47.233519 47.233519 47.233519)
  1 by 1 by 1 MPI processor grid
  reading atoms ...
  6140 atoms
  reading velocities ...
  6140 velocities
  scanning bonds ...
  3 = max bonds/atom
  scanning angles ...
  9 = max angles/atom
  scanning dihedrals ...
  18 = max dihedrals/atom
  scanning impropers ...
  4 = max impropers/atom
  orthogonal box = (3.5044614 3.5044614 3.5044614) to (47.233519 47.233519 47.233519)
  1 by 1 by 1 MPI processor grid
  reading bonds ...
  6670 bonds
  reading angles ...
  10620 angles
  reading dihedrals ...
  15820 dihedrals
  reading impropers ...
  3420 impropers
Finding 1-2 1-3 1-4 neighbors ...
  special bond factors lj:    0        0        1       
  special bond factors coul:  0        0        1       
     3 = max # of 1-2 neighbors
     6 = max # of 1-3 neighbors
     9 = max # of special neighbors
  special bonds CPU = 0.003 seconds
  read_data CPU = 0.213 seconds


# --- Thermo Output ---
thermo_style custom step time temp press enthalpy etotal ke pe ebond eangle edihed eimp evdwl ecoul elong etail vol lx ly lz density pxx pyy pzz
thermo_modify flush yes
thermo 1000

# --- Trajectory ---
dump dump_npt all custom 1000 cool_block_02.dump id type mol x y z ix iy iz vx vy vz


# --- Restart Checkpointing ---
restart 10000 npt_1.rst npt_2.rst

# --- Initial Velocities (optional) ---
# Velocities read from data file

# --- SHAKE Constraints ---
# SHAKE disabled

# --- NPT Thermostat + Barostat (Nose-Hoover) ---
# T_damp = 100.0 fs  (heat bath coupling)
# P_damp = 1000.0 fs  (pressure bath coupling, ~10x T_damp typical)
# Ramp: T=745.0->720.0K  P=1.0->1.0atm
timestep 1.0
fix npt_fix all npt temp 745.0 720.0 100.0 iso 1.0 1.0 1000.0

run 250000
PPPM Kokkos initialization ...
  using 12-bit tables for long-range coulomb
  G vector (1/distance) = 0.312663
  grid = 36 36 36
  stencil order = 5
  estimated absolute RMS force accuracy = 0.00026027603
  estimated relative force accuracy = 7.8381353e-07
  using double precision cuFFT
  3d grid and FFT values/proc = 79507 46656
Generated 21 of 21 mixed pair_coeff terms from sixthpower/sixthpower mixing rule
Neighbor list info ...
  update: every = 1 steps, delay = 0 steps, check = yes
  max neighbors/atom: 4000, page size: 100000
  master list distance cutoff = 11.5
  ghost atom cutoff = 11.5
  binsize = 11.5, bins = 4 4 4
  1 neighbor lists, perpetual/occasional/extra = 1 0 0
  (1) pair lj/class2/coul/long/kk, perpetual
      attributes: full, newton off, kokkos_device
      pair build: full/bin/kk/device
      stencil: full/bin/3d
      bin: kk/device
Per MPI rank memory allocation (min/avg/max) = 29.46 | 29.46 | 29.46 Mbytes
   Step          Time           Temp          Press         Enthalpy        TotEng         KinEng         PotEng         E_bond        E_angle        E_dihed        E_impro         E_vdwl         E_coul         E_long         E_tail         Volume           Lx             Ly             Lz          Density          Pxx            Pyy            Pzz      
         0   0              750.26941      157.75005      36885.387      36693.008      13729.325      22963.684      5773.8081      6075.45        6306.7826      794.39038      255.6873       11275.903     -7518.3372     -475.4979       83620.037      43.729058      43.729058      43.729058      1.0309393      742.29971      751.828       -1020.8776    
      1000   1000           749.15035      502.66087      36906.103      36301.021      13708.847      22592.175      5773.4876      5982.5173      6207.4621      735.37396      139.26122      11271.386     -7517.3134     -481.72107      82539.781      43.539934      43.539934      43.539934      1.0444319      1134.7451     -1215.7914      1589.0289    
      2000   2000           743.73145      525.03515      37281.271      36652.656      13609.685      23042.971      6028.2718      6093.4498      6273.8318      803.92754      88.767796      11273.408     -7518.6855     -484.32696      82095.682      43.461706      43.461706      43.461706      1.0500818      2075.6122      1380.5725     -1881.0792    
      3000   3000           733.51524      880.29673      37390.603      36338.585      13422.737      22915.848      5982.9871      6122.3393      6103.6988      750.24142      196.30497      11275.248     -7514.9716     -485.2222       81944.214      43.43496       43.43496       43.43496       1.0520228      1973.4693      1218.2337     -550.81278    
      4000   4000           751.19468     -184.10745      36282.11       36499.726      13746.256      22753.469      5829.6723      6131.4193      6221.7445      732.93561      95.286335      11264.519     -7522.1081     -490.58692      81048.13       43.276055      43.276055      43.276055      1.0636542     -1300.7415     -1270.1128      2018.532     
      5000   5000           746.79491     -1396.2064      34848.683      36497.272      13665.744      22831.528      5875.788       6040.4668      6286.2054      759.17681      145.21877      11243.606     -7518.9342     -491.10247      80963.047      43.260906      43.260906      43.260906      1.064772       1136.3064     -1802.3394     -3522.5861    
      6000   6000           745.81894     -1239.3667      35050.506      36534.561      13647.885      22886.677      5808.9379      6188.9417      6320.2636      738.51136      94.001836      11265.382     -7529.3621     -484.26655      82105.923      43.463513      43.463513      43.463513      1.0499508     -3769.1103     -604.63662      655.64679    
      7000   7000           737.03792     -1630.8609      34052.932      35979.037      13487.199      22491.838      5654.7173      6103.4494      6228.0078      706.77905      60.820971      11262.977     -7524.9137     -490.98886      80981.78       43.264243      43.264243      43.264243      1.0645257      1052.0375     -3690.1233     -2254.4969    
      8000   8000           743.22458     -4126.7133      31628.629      36593.119      13600.41       22992.709      5747.3715      6125.6922      6476.404       768.38756      111.12866      11279.717     -7515.9923     -482.01942      82488.693      43.53095       43.53095       43.53095       1.0450788     -4009.3325     -4945.555      -3425.2525    
      9000   9000           739.8604       1698.3445      38126.816      36122.015      13538.848      22583.167      5735.0117      6059.0587      6174.1692      735.18542      113.02551      11286.566     -7519.8496     -491.2349       80941.219      43.257018      43.257018      43.257018      1.0650591      1983.1165      1495.28        1616.6371    
     10000   10000          740.7526       744.94475      37259.245      36361.484      13555.175      22806.309      5892.6372      6114.7464      6205.057       731.75985      134.70512      11253.524     -7526.1197     -481.16966      82634.37       43.55656       43.55656       43.55656       1.0432364      1846.2204     -1864.4364      2253.0502    
     11000   11000          744.51376      374.54929      36818.362      36374.622      13624.001      22750.621      5683.182       6194.047       6208.738       768.76054      154.91564      11260.832     -7519.8549     -489.457        81235.231      43.309331      43.309331      43.309331      1.0612044      817.94943     -773.88303      1079.5815    
     12000   12000          738.03481     -1027.545       35141.601      36371.168      13505.441      22865.727      6021.1948      6041.664       6155.4401      746.73445      170.09103      11258.254     -7527.6514     -484.60018      82049.396      43.453537      43.453537      43.453537      1.0506742     -1776.7753     -1287.8823     -17.977304    
     13000   13000          748.52103      301.08815      36790.76       36433.618      13697.331      22736.288      5845.4962      6054.647       6220.8712      735.59512      127.51379      11278.477     -7526.313      -488.8642       81333.737      43.326829      43.326829      43.326829      1.0599191      750.79029     -629.25152      781.72568    
     14000   14000          736.56259     -775.08213      35410.757      36338.566      13478.501      22860.065      5791.9905      6048.3111      6301.7852      758.04199      216.14089      11268.493     -7524.6974     -484.42221      82079.539      43.458857      43.458857      43.458857      1.0502883     -1070.3642      1118.2198     -2373.1019    
     15000   15000          737.35345     -2016.8999      34111.519      36545.15       13492.973      23052.177      5823.7518      6230.7844      6328.1358      783.69227      145.03831      11267.735     -7526.9601     -480.57851      82736.017      43.574412      43.574412      43.574412      1.0419547     -3294.4523     -2572.7549     -183.49247    
     16000   16000          733.80761      924.414        37456.961      36365.544      13428.087      22937.457      5910.3652      6270.5078      6044.4624      756.07669      211.0962       11260.526     -7515.5769     -491.14609      80955.855      43.259625      43.259625      43.259625      1.0648666      1521.8785      886.27292      365.09059    
     17000   17000          738.88908      1792.9667      38473.246      36333.886      13521.074      22812.812      5829.7635      6118.5268      6179.2101      777.61478      155.73113      11273.658     -7521.6921     -485.98532      81815.541      43.412214      43.412214      43.412214      1.0536774      944.25333      1465.9371      2968.7097    
     18000   18000          742.38741     -339.16523      35661.328      36065.95       13585.09       22480.859      5808.8244      6077.5311      5979.0764      737.21727      133.19482      11267.216     -7522.2004     -486.06817      81801.596      43.409747      43.409747      43.409747      1.053857       167.83383     -1729.079       543.74953    
     19000   19000          741.52801      1136.8422      37521.931      36182.087      13569.364      22612.723      5744.0568      6003.9523      6239.2604      751.91309      108.15399      11284.49      -7519.1037     -492.01779      80812.427      43.234063      43.234063      43.234063      1.0667565      4835.1794     -1847.8189      423.16617    
     20000   20000          745.43102     -787.7753       35390.697      36326.158      13640.786      22685.372      5814.5868      6103.0642      6171.4633      761.0616       100.25526      11258.995     -7524.0541     -488.32769      81423.096      43.342691      43.342691      43.342691      1.0587559      611.02061     -1981.3821     -992.96441    
     21000   21000          738.8135      -517.81397      35475.909      36092.68       13519.691      22572.99       5837.2734      6038.6677      6112.7533      747.99415      99.31106       11257.318     -7520.328      -486.83829      81672.195      43.386846      43.386846      43.386846      1.0555267      1470.2728      155.53587     -3179.2506    
     22000   22000          736.33013     -265.7356       35941.97       36260.365      13474.247      22786.118      5769.9533      6081.7275      6344.1397      762.20214      80.461399      11272.435     -7524.8005     -483.96974      82156.277      43.472397      43.472397      43.472397      1.0493073     -1271.1974     -969.83923      1443.8299    
     23000   23000          734.2596       805.86566      36995.268      36038.311      13436.358      22601.953      5747.091       6043.312       6267.9982      715.17322      79.776176      11272.923     -7524.3205     -488.32063      81424.273      43.3429        43.3429        43.3429        1.0587406      112.53761     -198.5969       2503.6563    
     24000   24000          746.14732     -495.79052      35754.161      36352.363      13653.894      22698.469      5794.7587      6117.1416      6148.6568      743.14062      137.32314      11275.222     -7517.774      -480.60197      82731.978      43.573703      43.573703      43.573703      1.0420056     -839.1107       67.995402     -716.25626    
     25000   25000          746.83742     -274.70269      35965.227      36294.6        13666.522      22628.078      5682.3574      6099.7192      6194.5347      723.12782      157.40406      11285.272     -7514.3375     -483.62658      82214.571      43.482676      43.482676      43.482676      1.0485633      166.93895     -1046.3278      55.280798    
     26000   26000          758.44679     -1480.4795      34772.614      36551.849      13878.964      22672.885      5786.7525      5990.0571      6336.6155      766.72008      62.284678      11250.973     -7520.5185     -482.5075       82405.251      43.516267      43.516267      43.516267      1.046137      -1139.3035     -467.16479     -2834.9701    
     27000   27000          716.23874     -642.82697      35310.829      36083.03       13106.591      22976.439      5871.8804      6202.6884      6233.005       727.76433      206.16704      11259.708     -7524.7747     -482.72399      82368.295      43.50976       43.50976       43.50976       1.0466064      166.88407     -570.46651     -1524.8985    
     28000   28000          735.79866      270.58267      36473.888      36151.398      13464.522      22686.876      5748.7619      6024.9621      6302.3172      748.72521      76.611478      11299.914     -7514.4161     -486.53934      81722.378      43.39573       43.39573       43.39573       1.0548785     -1188.2452      2336.2134     -336.22017    
     29000   29000          764.23131      1696.7703      38686.152      36675.192      13984.816      22690.376      5590.764       6055.8776      6365.7295      766.32964      136.46338      11292.207     -7516.9953     -489.27665      81265.174      43.314651      43.314651      43.314651      1.0608134      2189.3676      2544.6906      356.25287    
     30000   30000          746.41723     -256.6244       35896.866      36201.992      13658.833      22543.159      5605.0071      6119.5266      6196.8544      780.24753      86.26282       11279.087     -7523.8259     -487.69979      81527.925      43.361284      43.361284      43.361284      1.0573945     -1373.8048      32.61376       571.31779    
     31000   31000          749.29416     -935.17141      35306.762      36420.9        13711.478      22709.422      5769.201       6178.2335      6191.5494      730.22529      92.129695      11272.709     -7524.626      -486.7286       81690.601      43.390105      43.390105      43.390105      1.0552889      33.187941      191.95442     -3030.6566    
     32000   32000          737.89592      1122.4545      37381.301      36057.268      13502.9        22554.368      5767.0864      6048.8153      6152.0643      750.83516      106.21805      11249.76      -7520.4116     -491.59173      80882.467      43.24655       43.24655       43.24655       1.0658328      3413.5346     -153.11047      106.93933    
     33000   33000          744.53945     -904.89288      35273.527      36345.443      13624.471      22720.972      5912.3997      6022.9421      6187.8402      761.01483      86.398942      11266.608     -7516.2318     -489.52065      81224.667      43.307453      43.307453      43.307453      1.0613424     -1810.6573     -1377.688       473.66664    
     34000   34000          743.9541       2248.2495      38900.499      36283.034      13613.76       22669.275      5848.9093      6017.4333      6293.603       738.43572      23.658183      11267.316     -7520.0809     -498.07926      79828.966      43.057965      43.057965      43.057965      1.0798985      1118.986       4418.3984      1207.3641    
     35000   35000          743.65966     -1043.6363      35313.94       36562.959      13608.372      22954.587      5947.5311      6216.3106      6159.2044      779.92141      79.443823      11290.792     -7518.6161     -484.52372      82062.343      43.455822      43.455822      43.455822      1.0505084     -2702.1064     -508.38046      79.577934    
     36000   36000          744.23676      880.80043      36980.385      35943.879      13618.932      22324.947      5759.1565      5922.5009      6050.2111      740.25393      109.22316      11261.2       -7517.5984     -492.76602      80689.72       43.212169      43.212169      43.212169      1.0683788      152.14016      318.88337      2171.3777    
     37000   37000          742.69594     -2602.964       33114.48       36232.24       13590.736      22641.503      5842.898       5981.3149      6298.2092      736.70555      14.504158      11278.037     -7510.1654     -484.12812      82129.4        43.467656      43.467656      43.467656      1.0496507     -2740.8076     -5213.0396      144.9552     
     38000   38000          739.66081     -776.54338      35538.716      36457.433      13535.196      22922.237      5933.8051      5974.4348      6337.6501      767.54096      169.35922      11262.492     -7523.045      -490.13834      81122.304      43.289253      43.289253      43.289253      1.0626816     -2941.5768      991.08932     -379.14266    
     39000   39000          754.17956     -314.9353       36040.709      36416.859      13800.877      22615.982      5789.4658      6009.856       6240.0566      768.54274      38.004614      11281.489     -7511.4325     -485.50592      81896.327      43.426498      43.426498      43.426498      1.052638      -2016.7797      1276.21       -204.23623    
     40000   40000          729.81995     -629.96735      35227.41       35972.614      13355.116      22617.498      5826.7912      6060.2147      6199.9547      726.27675      51.250699      11274.986     -7521.9764     -490.20536      81111.214      43.28728       43.28728       43.28728       1.0628269      420.71103     -1401.6655     -908.94762    
     41000   41000          744.732        1166.6102      37741.191      36360.328      13627.994      22732.333      5871.8967      6057.1805      6097.4785      755.84337      204.44345      11273.372     -7527.8818     -489.90266      81161.332      43.296194      43.296194      43.296194      1.0621706      1122.9669      3104.9954     -728.13175    
     42000   42000          749.1331      -94.857866      36324.938      36436.156      13708.531      22727.625      5756.3884      5959.0775      6415.2127      760.02043      112.49411      11256.577     -7532.1452     -494.57399      80394.75       43.159449      43.159449      43.159449      1.0722987     -413.96323      2077.3755     -1947.9859    
     43000   43000          739.73997      372.5029       36595.829      36155.732      13536.644      22619.087      5697.2862      6019.2738      6233.3115      713.99307      226.06092      11255.084     -7525.9225     -490.81257      81010.868      43.269422      43.269422      43.269422      1.0641434     -1330.767       2163.8596      284.41608    
     44000   44000          747.92147      2486.0915      39308.131      36317.859      13686.359      22631.5        5720.0178      6024.2812      6204.5144      746.38102      191.74224      11267.802     -7523.2395     -482.10451      82474.134      43.528388      43.528388      43.528388      1.0452633      3293.2628      2051.9219      2113.0897    
     45000   45000          732.86332     -479.57167      35809.136      36381.267      13410.807      22970.46       5915.6226      6103.549       6272.8889      745.05431      183.87686      11275.19      -7525.722      -486.06314      81802.443      43.409897      43.409897      43.409897      1.0538461      836.75905     -291.52586     -1983.9482    
     46000   46000          727.51776     -1097.817       34773.107      36091.562      13312.988      22778.574      5763.2559      6037.7924      6301.7967      753.23146      158.23648      11285.797     -7521.5363     -482.83581      82349.219      43.506401      43.506401      43.506401      1.0468488     -834.74356     -152.3879      -2306.3195    
     47000   47000          724.97897     -183.02451      35597.904      35816.611      13266.53       22550.081      5906.5785      5914.1899      6160.4826      730.0321       103.53928      11258.388     -7523.1293     -485.26775      81936.523      43.433602      43.433602      43.433602      1.0521216     -437.17315      712.21823     -824.1186     
     48000   48000          750.32437     -1924.3617      33807.355      36091.286      13730.33       22360.955      5727.4781      5892.7035      6225.6143      732.39825      35.032624      11271.23      -7523.5015     -488.58331      81380.496      43.335131      43.335131      43.335131      1.0593101     -1721.5676     -2593.4198     -1458.0976    
     49000   49000          731.94777      1632.9164      37945.415      35986.048      13394.053      22591.994      5694.2341      6085.7593      6138.6324      763.47703      149.35892      11277.003     -7516.4701     -483.26222      82276.558      43.493602      43.493602      43.493602      1.0477733      1523.3412      1273.6383      2101.7696    
     50000   50000          731.49031      48.6995        36308.87       36251.323      13385.682      22865.641      5909.1601      6062.1278      6303.0405      779.05094      62.192645      11272.804     -7522.7354     -490.7279       81024.846      43.271911      43.271911      43.271911      1.0639599      893.50544      301.16811     -1048.5751    
     51000   51000          733.89478     -331.76272      35587.139      35983.466      13429.682      22553.783      5837.8876      6073.9007      6088.295       706.44943      93.920198      11275.598     -7522.2677     -485.41067      81912.398      43.429338      43.429338      43.429338      1.0524314     -2330.9692      102.46813      1233.2129    
     52000   52000          728.21072      1017.1902      37057.577      35851.147      13325.668      22525.478      5842.0693      6044.1555      6039.1848      704.91701      142.09776      11268.835     -7515.781      -488.91658      81325.023      43.325282      43.325282      43.325282      1.0600327      884.52272      113.44552      2053.6025    
     53000   53000          743.32701      884.92453      37386.901      36326.451      13602.284      22724.167      5766.3763      5987.8578      6296.7563      763.80734      199.08701      11231.112     -7520.8307     -483.89471      82169.016      43.474643      43.474643      43.474643      1.0491446      315.11635     -242.95385      2582.6111    
     54000   54000          733.85824      712.96287      37051.951      36197.408      13429.013      22768.394      5715.6289      6090.5256      6240.3475      763.88196      206.2382       11264.847     -7513.0755     -483.80195      82184.77       43.477422      43.477422      43.477422      1.0489435      1142.5448      652.25423      344.08963    
     55000   55000          728.61956     -1375.9369      34330.841      35979.135      13333.15       22645.985      5747.6468      6099.9517      6144.932       732.09546      190.77842      11248.981     -7518.4003     -484.05934      82141.069      43.469714      43.469714      43.469714      1.0495016     -777.66451     -275.76149     -3074.3847    
     56000   56000          736.87947      171.68066      36441.604      36236.325      13484.3        22752.025      5922.8363      5959.1724      6301.1573      757.10403      75.949787      11263.246     -7527.441      -484.96613      81987.483      43.442604      43.442604      43.442604      1.0514676      713.98        -231.10053      32.16251     
     57000   57000          742.94922     -1023.2488      35015.613      36245.625      13595.371      22650.254      5728.2676      6034.7822      6256.9684      728.05164      139.38674      11282.46      -7519.6628     -482.39928      82423.739      43.519521      43.519521      43.519521      1.0459024     -1922.9269     -788.71226     -358.10728    
     58000   58000          752.05199     -206.06778      36187.457      36431.428      13761.945      22669.483      5864.1778      6066.713       6120.0939      742.74266      113.25957      11277.162     -7514.6655     -489.78674      81180.539      43.299609      43.299609      43.299609      1.0619193      406.2525       386.96393     -1411.4198    
     59000   59000          737.43499     -1996.3358      33841.418      36227.813      13494.465      22733.348      5864.2564      5995.3072      6350.1023      729.99829      30.744354      11283.076     -7520.137      -485.09433      81965.814      43.438777      43.438777      43.438777      1.0517456     -2171.6982     -1949.7386     -1867.5705    
     60000   60000          736.12315     -2277.7357      33133.38       35842.734      13470.46       22372.275      5833.8234      5889.73        6041.9567      699.34533      166.64108      11260.95      -7520.1724     -487.4975       81561.756      43.36728       43.36728       43.36728       1.0569559     -4356.931       1053.3998     -3529.676     
     61000   61000          750.9211       178.17797      36339.445      36129.993      13741.25       22388.743      5701.8876      6022.4595      6160.2042      717.17909      34.908933      11272.548     -7520.4444     -493.29219      80603.652      43.1968        43.1968        43.1968        1.0695196      657.38755     -937.43798      814.58432    
     62000   62000          747.54363      260.60542      36763.326      36451.891      13679.445      22772.446      5841.7152      6142.6071      6158.777       739.97979      141.15912      11259.726     -7511.5184     -485.2332       81942.356      43.434632      43.434632      43.434632      1.0520467      500.17318      138.17022      143.47286    
     63000   63000          742.39664     -842.12928      35326.802      36320.836      13585.259      22735.576      5835.2037      6037.5247      6291.9418      710.30534      92.546795      11287.483     -7519.4289     -491.26129      80936.872      43.256244      43.256244      43.256244      1.0651163      1044.6467     -221.32504     -3349.7095    
     64000   64000          717.2166      -107.54307      35782.331      35910.522      13124.485      22786.037      5723.8146      6184.7831      6259.9687      729.35303      104.34917      11294.976     -7511.2074     -486.474        81733.355      43.397673      43.397673      43.397673      1.0547369      2047.2478     -929.05888     -1440.8181    
     65000   65000          749.06764      2596.1196      39540.956      36417.531      13707.333      22710.198      5675.2904      6243.9191      6052.4325      765.53686      209.07584      11281.317     -7517.3736     -481.97941      82495.541      43.532154      43.532154      43.532154      1.044992       560.65416      4863.2041      2364.5005    
     66000   66000          726.22765      2316.3411      38783.492      36019.146      13289.38       22729.766      5708.338       6059.1682      6182.1475      771.71073      239.69579      11285.641     -7516.9351     -485.89784      81830.27       43.414819      43.414819      43.414819      1.0534877      956.80625      3203.4636      2788.7533    
     67000   67000          736.63792     -580.87379      35665.152      36367.427      13479.879      22887.548      5828.3682      6104.5258      6317.9362      780.75581      83.715442      11287.765     -7515.5186     -479.63319      82899.084      43.603021      43.603021      43.603021      1.0399051     -319.92089     -170.13591     -1252.5646    
     68000   68000          743.492        817.11111      37226.535      36257.665      13605.303      22652.361      5860.5513      5974.9475      6119.0237      742.03678      231.4788       11242.693     -7518.3697     -489.04682      81303.365      43.321436      43.321436      43.321436      1.0603151      1879.2821      1455.6478     -883.59655    
     69000   69000          737.68499      858.83081      37256.024      36220.231      13499.04       22721.191      5813.4377      6008.9442      6179.253       777.78903      192.78566      11269.138     -7520.1561     -480.80564      82696.934      43.56755       43.56755       43.56755       1.0424472     -337.55903      2663.0549      250.99653    
     70000   70000          729.94391     -38.386578      36140.989      36187.487      13357.384      22830.103      5891.8036      5984.8803      6167.4129      771.93879      257.38424      11272.188     -7515.505      -478.71503      83058.081      43.630879      43.630879      43.630879      1.0379145     -850.72788      1078.9307     -343.36251    
     71000   71000          738.41802     -847.3546       35098.736      36129.739      13512.454      22617.285      5745.7762      6051.0417      6212.5449      732.73989      131.80509      11264.417     -7521.0399     -476.58507      83429.285      43.695781      43.695781      43.695781      1.0332964      435.943       -3463.9202      485.91342    
     72000   72000          741.6101      -609.36873      35512.735      36237.799      13570.866      22666.932      5775.8703      5929.0458      6287.7811      756.06394      167.63238      11263.555     -7513.0159     -487.34752      81586.857      43.371729      43.371729      43.371729      1.0566308     -239.26981     -1696.3751      107.53873    
     73000   73000          736.25368     -1780.9161      34188.067      36350.328      13472.848      22877.48       5888.6703      6115.9191      6164.5657      789.30353      146.57551      11284.542     -7512.0961     -477.60629      83250.896      43.664615      43.664615      43.664615      1.0355106     -126.39066     -3081.6919     -2134.6658    
     74000   74000          742.30489     -341.15196      35662.237      36071.28       13583.58       22487.7        5717.3354      6047.2331      6094.4654      748.17283      116.81248      11281.584     -7517.9031     -483.62988      82214.01       43.482577      43.482577      43.482577      1.0485705     -2091.4112      1381.4901     -313.53474    
     75000   75000          734.92835      2106.247       38783.363      36310.983      13448.596      22862.387      5927.6144      6221.0011      6034.5385      748.96448      169.86086      11276.38      -7515.9718     -494.00227      80487.792      43.176093      43.176093      43.176093      1.0710591      2246.4831      818.84696      3253.411     
     76000   76000          727.81411     -899.88948      35054.068      36132.811      13318.411      22814.4        5782.7002      6205.7514      6220.5154      749.829        98.35926       11272.915     -7515.6703     -483.73329      82196.435      43.479479      43.479479      43.479479      1.0487947     -1550.8853     -1052.8763     -95.906817    
     77000   77000          740.76773      469.66228      36982.32       36424.464      13555.452      22869.012      5972.9766      6091.9459      6070.6712      774.68558      215.64867      11260.605     -7517.5208     -488.20056      81444.298      43.346453      43.346453      43.346453      1.0584803     -46.845112      880.3809       575.45104    
     78000   78000          747.22482      59.278455      36627.364      36555.88       13673.611      22882.269      5716.0667      6136.9964      6314.2323      792.44362      157.4583       11281.241     -7516.1691     -480.86767      82686.266      43.565676      43.565676      43.565676      1.0425816     -920.88909     -749.06623      1847.7907    
     79000   79000          728.01978      1559.2812      37864.855      36008.419      13322.174      22686.244      5741.3879      5999.2763      6229.3221      774.6326       189.83748      11272.962     -7521.1745     -487.05638      81635.624      43.380369      43.380369      43.380369      1.0559996      1730.2037      2049.0429      898.59697    
     80000   80000          723.75386      197.60581      35962.435      35723.814      13244.111      22479.702      5661.8751      6010.9149      6164.3736      717.50814      150.74238      11290.01      -7515.722      -480.203        82800.715      43.585767      43.585767      43.585767      1.0411406     -693.05112      228.51297      1057.3556    
     81000   81000          741.84695      314.79572      36583.362      36205.358      13575.2        22630.158      5693.6078      6182.7908      6033.2233      741.73498      226.38504      11264.969     -7512.5528     -482.91133      82336.341      43.504133      43.504133      43.504133      1.0470126      2209.4179     -997.01349     -268.0173     
     82000   82000          737.83885     -1233.6978      34563.41       36029.828      13501.855      22527.973      5597.0292      6034.9552      6257.9587      755.64723      124.34155      11277.061     -7519.0208     -487.84931      81502.939      43.356853      43.356853      43.356853      1.0577187      488.01153     -2634.8578     -1554.2472    
     83000   83000          737.31285     -1525.3148      34134.406      35963.003      13492.23       22470.773      5745.8897      5992.2198      6099.8503      729.71627      138.45896      11271.051     -7506.4126     -483.70036      82202.031      43.480465      43.480465      43.480465      1.0487233      638.18934     -3931.2281     -1282.9056    
     84000   84000          727.49387      119.13354      35956.506      35815.083      13312.551      22502.533      5691.0585      6021.912       6253.4652      740.24224      12.779397      11293.771     -7510.696      -488.48429      81396.992      43.338059      43.338059      43.338059      1.0590954      1697.2616      1460.3139     -2800.1749    
     85000   85000          734.97118      748.54144      37028.328      36141.653      13449.379      22692.274      5696.4979      6086.6849      6301.7504      746.73706      73.108211      11304.953     -7517.4581     -489.53806      81221.778      43.30694       43.30694       43.30694       1.0613801      2437.8079      363.87233     -556.0559     
     86000   86000          729.16385      582.15956      36458.493      35761.471      13343.11       22418.362      5520.0929      6022.2965      6320.6465      761.39353      56.556552      11259.184     -7521.8084     -484.31803      82097.196      43.461973      43.461973      43.461973      1.0500624      2078.1004     -400.65195      69.030237    
     87000   87000          735.98495      2176.5608      38712.186      36153.83       13467.931      22685.899      5648.7301      6076.0474      6201.3536      763.36349      240.13261      11270         -7513.7276     -493.33816      80596.14       43.195458      43.195458      43.195458      1.0696192      3654.1588      1752.5503      1122.9734    
     88000   88000          726.14267     -248.21505      35630.904      35926.469      13287.825      22638.645      5696.9232      6031.0138      6367.8745      759.05623      18.875467      11276.561     -7511.6596     -486.97834      81648.707      43.382686      43.382686      43.382686      1.0558304      1465.3818     -2855.9755      645.94861    
     89000   89000          738.53558     -719.58285      35276.168      36128.67       13514.605      22614.065      5652.5019      6068.7247      6308.28        771.10642      61.952128      11262.304     -7510.8045     -489.4637       81234.118      43.309133      43.309133      43.309133      1.0612189      2394.8331     -2247.2744     -2306.3073    
     90000   90000          722.5553      -631.68734      34881.91       35627.217      13222.179      22405.038      5804.4756      6009.8355      6139.6548      734.92081     -29.87162       11262.182     -7516.1584     -491.47519      80901.647      43.249968      43.249968      43.249968      1.0655801     -1482.6455     -200.739       -211.67749    
     91000   91000          732.77708     -216.66054      35900.987      36157.503      13409.229      22748.274      5782.2375      6083.8235      6224.3574      761.25319      143.34258      11263.838     -7510.5789     -489.77984      81181.684      43.299813      43.299813      43.299813      1.0619043     -785.0131       150.45643     -15.424953    
     92000   92000          730.26189      1670.5189      37897.668      35906.595      13363.203      22543.391      5768.0884      6043.5962      6169.2971      716.17048      94.18549       11271.616     -7519.562      -486.51807      81725.951      43.396362      43.396362      43.396362      1.0548324      2380.0773      2519.5551      111.92431    
     93000   93000          739.62534      611.78509      36547.791      35821.79       13534.547      22287.243      5714.5389      5991.2563      6094.5727      715.44815      13.415524      11277.156     -7519.144      -488.64874      81369.6        43.333197      43.333197      43.333197      1.059452       633.60156      2459.6006     -1257.8469    
     94000   94000          730.56497     -1705.9987      33988.543      36023.871      13368.749      22655.121      5874.8348      6085.0963      6121.4709      739.87525      85.687071      11260.411     -7512.2543     -486.04804      81804.984      43.410347      43.410347      43.410347      1.0538133     -1312.5089     -1770.5673     -2034.9199    
     95000   95000          738.78071      475.31444      36673.322      36113.209      13519.091      22594.119      5820.2472      6060.6718      6120.6198      743.2655       91.657933      11276.049     -7518.3926     -492.08498      80801.393      43.232095      43.232095      43.232095      1.0669022      106.36298      1115.3822      204.19819    
     96000   96000          740.42067     -204.46363      36205.162      36450.321      13549.101      22901.22       5803.107       6136.3629      6333.4505      769.46465      97.036052      11285.707     -7523.9076     -483.61812      82216.009      43.48293       43.48293       43.48293       1.048545       199.65333      1662.9056     -2475.9498    
     97000   97000          731.63063      968.04541      37144.535      35991.648      13388.25       22603.398      5572.8929      6174.8151      6222.1135      752.31187      92.825328      11304.861     -7516.4221     -486.90433      81661.118      43.384884      43.384884      43.384884      1.0556699      1860.5782      195.77198      847.78609    
     98000   98000          735.3597       1655.8048      38063.214      36110.55       13456.489      22654.061      5810.2259      6044.6227      6193.8478      759.25833      104.35175      11272.332     -7530.5774     -491.71846      80861.621      43.242834      43.242834      43.242834      1.0661075      3885.824       1274.0583     -192.46784    
     99000   99000          736.86655      1180.9915      37529.438      36111.201      13484.063      22627.137      5860.4136      5874.835       6200.9624      757.67588      193.18106      11264.658     -7524.5886     -482.87275      82342.919      43.505292      43.505292      43.505292      1.0469289      1918.5757      1488.8485      135.5505     
    100000   100000         744.76413      1001.465       37358.612      36168.475      13628.583      22539.893      5710.8337      6109.5346      6075.8074      732.12325      152.38627      11279.869     -7520.6613     -487.9481       81486.437      43.353927      43.353927      43.353927      1.0579329      2666.5343      589.59299     -251.73225    
    101000   101000         739.07015     -1022.3311      34880.262      36090.837      13524.387      22566.45       5733.2721      6052.1207      6261.59        739.64648      16.227233      11283.358     -7519.7648     -489.70494      81194.1        43.30202       43.30202       43.30202       1.061742      -407.55936     -2174.0611     -485.37271    
    102000   102000         732.91864      766.8014       36811.505      35896.793      13411.82       22484.973      5536.3349      6176.0433      6090.4823      750.60973      179.71348      11268.605     -7516.8153     -486.10844      81794.819      43.408549      43.408549      43.408549      1.0539443      2140.2786      210.28981     -50.164245    
    103000   103000         741.76874     -2553.988       33341.495      36374.737      13573.769      22800.968      5780.8162      6182.9221      6332.7433      759.3259       7.8586762      11260.401     -7523.0996     -488.2549       81435.234      43.344845      43.344845      43.344845      1.0585981     -2547.8509     -2447.3293     -2666.7838    
    104000   104000         732.25381     -2041.0106      33527.638      35977.753      13399.654      22578.1        5714.487       5962.8596      6373.4088      783.48745     -3.5977898      11257.961     -7510.5063     -483.05161      82312.43       43.499922      43.499922      43.499922      1.0473167     -1709.1589     -2666.5319     -1747.3408    
    105000   105000         742.24175     -306.63253      35954.391      36326.701      13582.425      22744.276      5725.5181      6090.0627      6108.1554      762.76673      292.01804      11282.215     -7516.4599     -477.58207      83255.119      43.665354      43.665354      43.665354      1.0354581      182.52003     -386.89966     -715.51795    
    106000   106000         737.83151     -561.344        35493.344      36162.612      13501.721      22660.891      5752.5317      6005.8111      6306.1014      743.82257      95.427655      11275.134     -7517.9372     -486.36671      81751.385      43.400864      43.400864      43.400864      1.0545043     -1309.0007      220.64509     -595.67635    
    107000   107000         726.52736      1056.221       37182.081      35928.721      13294.864      22633.857      5814.8988      6051.0566      6028.0576      749.21621      242.38068      11261.345     -7513.0977     -488.66786      81366.415      43.332631      43.332631      43.332631      1.0594934     -87.782662      1063.8288      2192.6168    
    108000   108000         727.6809      -2606.8507      32674.949      35777.62       13315.973      22461.647      5739.377       5913.5662      6322.9381      715.53505      43.863497      11249.51      -7523.1434     -487.20898      81610.055      43.375839      43.375839      43.375839      1.0563304     -2846.2855     -1633.7979     -3340.4687    
    109000   109000         720.34645      42.829615      35566.136      35515.391      13181.759      22333.632      5646.1614      5979.3041      6108.4144      739.29847      135.06668      11244.772     -7519.3855     -489.42062      81241.269      43.310404      43.310404      43.310404      1.0611255     -125.83994     -1831.2694      2085.5982    
    110000   110000         736.05288     -1168.6641      34720.248      36106.064      13469.174      22636.89       5815.8434      6204.5523      6085.5232      707.62036      82.755027      11263.059     -7522.4635     -489.01139      81309.256      43.322482      43.322482      43.322482      1.0602383     -1856.256      -2484.0165      834.28016    
    111000   111000         732.88104      1724.4403      37940.672      35869.142      13411.132      22458.01       5697.2435      6087.3793      5971.6179      717.01918      190.13877      11298.516     -7503.9047     -482.7162       82369.625      43.509995      43.509995      43.509995      1.0465895      379.20466      248.37038      4545.7459    
    112000   112000         729.9659      -416.97014      35289.468      35789.198      13357.787      22431.412      5666.6763      5867.6208      6216.7889      739.7222       181.67862      11279.894     -7520.9689     -483.84258      82177.869      43.476205      43.476205      43.476205      1.0490316     -449.31307      1151.6397     -1953.2371    
    113000   113000         741.68239     -55.321009      35963.273      36029.458      13572.189      22457.269      5832.6862      5904.6011      6068.7938      708.56864      190.99199      11260.092     -7508.4649     -484.68977      82034.23       43.450859      43.450859      43.450859      1.0508684      432.37698     -1272.418       674.078      
    114000   114000         731.63095      281.38548      36105.029      35769.317      13388.256      22381.061      5670.7749      6007.177       6080.8325      759.92529      99.611167      11279.083     -7516.3421     -486.03773      81806.72       43.410654      43.410654      43.410654      1.053791       2653.7221     -466.47895     -1343.0868    
    115000   115000         732.07872      1026.3952      36879.001      35657.203      13396.45       22260.754      5710.331       5994.6917      6024.6714      699.80413      68.535018      11285.041     -7522.3206     -487.13601      81622.281      43.378005      43.378005      43.378005      1.0561722      3437.7087      684.3132      -1042.8365    
    116000   116000         736.24305     -1364.2624      34307.983      35924.036      13472.654      22451.383      5683.314       5889.103       6357.3846      721.34237      45.239505      11274.65      -7519.6508     -489.52761      81223.513      43.307248      43.307248      43.307248      1.0613575     -1210.0686     -1258.1226     -1624.596     
    117000   117000         742.22186      1316.4991      37747.004      36172.003      13582.061      22589.942      5709.4717      5889.5211      6324.2777      764.11066      152.2842       11271.695     -7521.418      -484.70198      82032.164      43.450494      43.450494      43.450494      1.0508949      1631.7094      1167.521       1150.2668    
    118000   118000         745.41758     -148.71517      36161.137      36337.309      13640.54       22696.769      5772.4719      6093.372       6211.0249      737.55688      131.50027      11277.377     -7526.5335     -489.5          81228.094      43.308062      43.308062      43.308062      1.0612976      1553.528      -780.56017     -1219.1134    
    119000   119000         736.79237     -804.75849      35018.671      35981.993      13482.706      22499.287      5640.8783      6004.8071      6205.5108      730.78855      150.85311      11279.188     -7512.7388     -484.42778      82078.596      43.458691      43.458691      43.458691      1.0503004     -2718.3319      1797.9637     -1493.9074    
    120000   120000         742.00313     -1809.4251      34247.477      36384.545      13578.058      22806.487      5858.0827      5965.2027      6416.6579      748.3178       39.981347      11293.08      -7514.8356     -490.97246      80984.485      43.264724      43.264724      43.264724      1.0644901     -1062.2339      225.05661     -4591.098     
    121000   121000         725.94362     -227.16571      35571.677      35844.098      13284.182      22559.916      5718.4827      6079.2478      6137.51        742.87584      123.50327      11270.205     -7511.9087     -483.54598      82228.275      43.485092      43.485092      43.485092      1.0483886      93.229991     -2430.0747      1655.3475    
    122000   122000         743.58741      1337.2019      37862.01       36271.703      13607.05       22664.654      5773.0364      6201.3904      6121.9963      737.54711      73.673349      11277.135     -7520.1249     -487.58561      81547.016      43.364668      43.364668      43.364668      1.057147      -1097.3146      2668.9018      2440.0184    
    123000   123000         732.98147      179.7667       35822.363      35611.272      13412.969      22198.303      5588.7133      5995.4277      6049.3718      750.36097      50.293077      11283.528     -7519.3921     -493.82645      80516.449      43.181216      43.181216      43.181216      1.0706779      277.49147     -1819.375       2081.1836    
    124000   124000         725.69016     -2277.8446      33282.191      36032.454      13279.544      22752.909      5717.1635      5913.9041      6525.3171      737.24847      99.610182      11274.327     -7514.6613     -480.26919      82789.304      43.583765      43.583765      43.583765      1.0412841     -3512.6185     -376.947       -2943.9684    
    125000   125000         734.46396     -1473.9318      34255.14       36007.711      13440.098      22567.613      5735.53        6090.1524      6106.2101      738.80699      145.25641      11266.855     -7515.1982     -487.68201      81530.898      43.361811      43.361811      43.361811      1.057356      -2333.4364     -572.744       -1515.6149    
    126000   126000         728.34497     -610.24996      34928.535      35658.101      13328.125      22329.975      5501.9595      6027.7279      6205.6252      734.56836      92.682033      11282.981     -7515.5682     -485.04106      81974.816      43.440367      43.440367      43.440367      1.0516301     -1729.2097      956.35626     -1057.8965    
    127000   127000         738.02533      702.64527      36873.787      36042.672      13505.268      22537.404      5708.5171      6135.4149      6102.5283      745.31425      97.274538      11263.938     -7515.5836     -490.24128      81105.271      43.286223      43.286223      43.286223      1.0629048     -31.971925      1089.9145      1049.9933    
    128000   128000         748.24493     -404.10894      35720.044      36205.194      13692.278      22512.916      5687.658       5928.2302      6149.7486      767.23765      247.8132       11254.037     -7521.8083     -483.01094      82319.361      43.501143      43.501143      43.501143      1.0472285     -541.31617     -821.5751       150.56445    
    129000   129000         739.90403     -285.47461      35805.832      36145.186      13539.646      22605.539      5724.8083      6091.2568      6211.3978      729.93725      84.419339      11280.395     -7516.6745     -487.80795      81509.848      43.358079      43.358079      43.358079      1.057629      -655.06162      54.135528     -255.49773    
    130000   130000         731.96701     -1687.8156      34033.36       36057.617      13394.405      22663.212      5698.4636      6060.1402      6311.7229      750.1777       89.0458        11266.512     -7512.85       -483.49745      82236.529      43.486547      43.486547      43.486547      1.0482833     -3098.2551     -398.23636     -1566.9553    
    131000   131000         723.2223       701.55406      36693.099      35862.564      13234.384      22628.18       5832.2355      6013.0107      6106.0105      730.5945       207.54729      11259.297     -7520.5164     -489.82186      81174.719      43.298574      43.298574      43.298574      1.0619955      2935.9465     -434.07666     -397.20765    
    132000   132000         727.44198      63.174146      35943.876      35869.823      13311.601      22558.222      5748.9417      5996.6883      6195.2978      757.04559      89.412002      11285.668     -7514.8313     -494.69002      80375.892      43.156075      43.156075      43.156075      1.0725502     -1651.091       1327.4701      513.14341    
    133000   133000         724.15333     -725.97442      35115.188      35972.002      13251.421      22720.58       5868.4718      6073.9888      6130.9656      779.20035      98.071299      11280.257     -7510.3747     -491.32621      80926.177      43.254339      43.254339      43.254339      1.0652571     -1491.5762     -582.36229     -103.98472    
    134000   134000         734.78008     -563.14307      35306.615      35970.242      13445.882      22524.36       5794.2872      5950.1008      6190.9853      744.3161       81.497358      11280.937     -7517.7637     -492.07304      80803.353      43.232445      43.232445      43.232445      1.0668763      121.75431     -342.3718      -1468.8117    
    135000   135000         738.98248      9.4217887      36004.816      35993.756      13522.783      22470.973      5885.3887      6032.8338      6161.3842      713.92529     -70.036386      11266.156     -7518.6784     -493.9979       80488.504      43.17622       43.17622       43.17622       1.0710496     -373.1961       1276.4517     -874.99028    
    136000   136000         745.35449      1398.8703      37433.038      35806.054      13639.386      22166.669      5725.2953      6015.1064      6007.4994      726.98275     -54.382177      11268.982     -7522.8151     -498.5734       79749.846      43.043735      43.043735      43.043735      1.0809699      1824.0891      675.40992      1697.112     
    137000   137000         728.29534     -1669.4811      33984.446      35968.152      13327.217      22640.936      5732.6819      6061.2958      6288.4534      755.79395      57.850176      11265.601     -7520.7404     -488.02157      81474.169      43.351751      43.351751      43.351751      1.0580922     -2245.3259     -2242.9155     -520.20174    
    138000   138000         735.42469      334.32597      36073.656      35683.957      13457.678      22226.278      5574.1224      6035.5931      6093.5567      752.1868       13.80012       11273.902     -7516.883      -497.47935      79925.231      43.075266      43.075266      43.075266      1.0785979      755.68087     -131.51742      378.81446    
    139000   139000         734.02488      144.80037      35873.941      35701.445      13432.063      22269.382      5631.3548      6041.5204      5964.1766      734.14945      166.06041      11259.814     -7527.6945     -486.77052      81683.566      43.388859      43.388859      43.388859      1.0553798     -934.95509      1136.9091      232.44715    
    140000   140000         716.54795     -1537.9894      33907.741      35726.178      13112.249      22613.928      5737.0691      5861.7445      6318.4235      791.79534      151.98329      11269.011     -7516.0977     -490.44476      81071.622      43.280236      43.280236      43.280236      1.063346      -2006.0842     -483.50498     -2124.3791    
    141000   141000         733.44826      125.58813      35944.685      35796.213      13421.511      22374.702      5749.5914      6044.118       5953.6827      717.86325      177.82539      11250.191     -7518.5693     -490.5023       81062.111      43.278543      43.278543      43.278543      1.0634707      2333.501      -1111.0811     -845.65553    
    142000   142000         732.48341      1848.3894      38102.38       35944.832      13403.855      22540.977      5823.0113      6094.1451      6071.5463      748.42171      72.191972      11255.733     -7524.0728     -496.78434      80037.047      43.095344      43.095344      43.095344      1.077091       2857.7329      2946.8293     -259.39391    
    143000   143000         721.03073      127.38725      35933.207      35780.58       13194.28       22586.299      5777.848       6147.5518      6070.8158      750.86043      72.961434      11285.059     -7518.7976     -483.98156      82154.27       43.472043      43.472043      43.472043      1.049333      -414.05067      427.23556      368.97686    
    144000   144000         734.76957      446.90548      36439.281      35908.31       13445.69       22462.62       5726.4206      6099.8819      6028.9464      744.04364      121.71536      11270.627     -7529.0145     -488.06763      81466.481      43.350388      43.350388      43.350388      1.0581921     -42.778759     -227.94654      1611.4418    
    145000   145000         742.69109     -85.194995      36221.622      36322.495      13590.648      22731.847      5910.7639      5968.3733      6321.2525      755.34047      17.878855      11287.04      -7528.8014     -489.75091      81186.48       43.300665      43.300665      43.300665      1.0618416     -2256.091      -484.727        2485.2331    
    146000   146000         733.55925     -1245.5093      34178.953      35633.853      13423.542      22210.311      5712.3053      5950.3267      6054.7437      731.60155      42.831628      11246.981     -7528.4792     -496.41922      80095.916      43.105907      43.105907      43.105907      1.0762994     -3680.7111     -62.014463      6.197673     
    147000   147000         736.78701     -278.35787      35890.047      36218.154      13482.608      22735.546      5941.4532      6015.4718      6233.3372      740.93555      46.511437      11283.043     -7525.2057     -491.95213      80823.213      43.235986      43.235986      43.235986      1.0666141      294.18594      1123.5424     -2252.802     
    148000   148000         734.62328      337.19348      36451.41       36050.742      13443.013      22607.729      5822.7402      6157.8199      5992.5394      724.39903      148.47404      11278.609     -7516.8527     -488.01065      81475.993      43.352075      43.352075      43.352075      1.0580685     -624.52001      593.46189      1042.6386    
    149000   149000         730.36818      2536.7708      38658.051      35684.562      13365.148      22319.414      5770.0537      6019.198       6053.205       707.93498      5.7166967      11281.41      -7518.104      -494.70902      80372.807      43.155522      43.155522      43.155522      1.0725914      3434.207       3173.8513      1002.2541    
    150000   150000         730.66355     -781.85105      34884.446      35822.543      13370.553      22451.99       5570.4294      6184.2941      6138.7698      724.91644      93.242409      11255.63      -7515.293      -483.29395      82271.157      43.49265       43.49265       43.49265       1.0478421     -1654.5716     -953.90235      262.92076    
    151000   151000         725.07515     -431.29083      35363.645      35869.95       13268.29       22601.66       5823.4897      6055.858       6189.4814      727.38881      49.956304      11272.52      -7517.0343     -493.96044      80494.608      43.177311      43.177311      43.177311      1.0709684     -368.46324     -661.95284     -263.45641    
    152000   152000         719.54778     -670.78938      34669.678      35460.771      13167.144      22293.627      5707.2475      5878.1455      6156.4932      723.10168      87.275285      11262.95      -7521.5856     -491.6922       80865.941      43.243604      43.243604      43.243604      1.0660506      285.54353     -2.5146685     -2295.397     
    153000   153000         728.26007      647.30625      36753.895      35985.256      13326.572      22658.685      5746.7753      6178.6093      6119.8377      759.79703      95.450079      11278.018     -7519.803      -488.34032      81420.989      43.342317      43.342317      43.342317      1.0587833      1897.9969      1795.2196     -1751.2977    
    154000   154000         725.33669     -3779.1628      31183.298      35658.83       13273.076      22385.754      5557.5956      5905.3727      6434.7559      748.2994      -19.890597      11280.303     -7520.6821     -489.65         81203.211      43.30364       43.30364       43.30364       1.0616228     -5079.6762     -4385.9129     -1871.8994    
    155000   155000         725.21257     -1052.7082      34408.717      35655.832      13270.805      22385.027      5743.434       6050.108       6151.5796      690.81318     -6.5464725      11279.556     -7523.9171     -489.48167      81231.136      43.308603      43.308603      43.308603      1.0612579     -801.01856     -2618.2103      261.10417    
    156000   156000         731.06319     -1220.1442      34330.788      35772.136      13377.866      22394.27       5556.1721      6026.3799      6284.7621      727.69106      39.047806      11282.034     -7521.8165     -490.88195      80999.417      43.267383      43.267383      43.267383      1.0642939     -1649.3262     -1784.9123     -226.1941     
    157000   157000         726.45513      2210.8987      38302.022      35686.198      13293.543      22392.655      5758.92        6102.1383      5947.2119      706.50989      117.97235      11280.144     -7520.2414     -490.11171      81126.712      43.290037      43.290037      43.290037      1.0626239      2013.1543      1332.4249      3287.1169    
    158000   158000         727.7034       1462.774       37598.915      35870.284      13316.385      22553.899      5794.5878      6061.8301      6114.0467      750.58445      67.390785      11278.992     -7513.5326     -490.69312      81030.588      43.272933      43.272933      43.272933      1.0638845      1828.4853      1993.0073      566.82953    
    159000   159000         717.31422     -940.63462      34376.502      35482.147      13126.271      22355.876      5647.768       5962.8546      6167.4695      755.98397      60.269318      11274.759     -7513.2287     -493.33295      80596.993      43.19561       43.19561       43.19561       1.0696079     -611.66328      586.10116     -2796.3417    
    160000   160000         732.5506       293.3667       36125.828      35783.616      13405.085      22378.531      5582.4481      6144.6737      6139.7203      702.01731      58.042172      11277.348     -7525.7185     -497.1076       79985.002      43.086001      43.086001      43.086001      1.0777919      1364.9826     -1943.6432      1458.7607    
    161000   161000         727.44257      452.30413      36134.076      35596.955      13311.612      22285.343      5671.762       5955.709       6121.9165      715.46843      79.591362      11259.234     -7518.3382     -488.30725      81426.504      43.343296      43.343296      43.343296      1.0587116     -29.708412      595.01387      791.60694    
    162000   162000         735.19846      1730.1025      38002.118      35965.035      13453.538      22511.497      5781.761       6113.8468      6015.3061      751.79588      86.966442      11286.671     -7524.8506     -492.49073      80734.823      43.220219      43.220219      43.220219      1.0677819      2468.9421      632.47346      2088.8919    
    163000   163000         723.97991     -655.8733       34853.907      35630.183      13248.248      22381.935      5731.7745      5881.6075      6239.2336      752.85266      24.464596      11274.067     -7522.0641     -489.93497      81155.978      43.295242      43.295242      43.295242      1.0622407     -12.899217     -4051.8811      2097.1604    
    164000   164000         714.8142       7.3383255      35289.447      35280.841      13080.523      22200.318      5527.3207      6044.5197      6145.2122      740.16221     -17.474468      11277.969     -7517.3915     -494.4459       80415.576      43.163176      43.163176      43.163176      1.072021       75.0508        436.16536     -489.20118    
    165000   165000         726.38261     -2376.4786      33010.555      35816.544      13292.216      22524.328      5777.1182      6065.2367      6156.2417      763.56913      27.342257      11257.568     -7522.7475     -491.11462      80961.043      43.260549      43.260549      43.260549      1.0647983     -3989.8904     -3760.1867      620.64128    
    166000   166000         722.56022      2247.5845      38009.599      35383.093      13222.269      22160.825      5546.3546      6092.472       6038.3116      715.23552      39.616211      11253.448     -7524.6135     -496.21795      80128.403      43.111734      43.111734      43.111734      1.075863       2489.264       1180.8569      3072.6325    
    167000   167000         737.39342      1380.1636      37450.712      35837.918      13493.704      22344.214      5820.5933      6007.314       5974.7699      711.04943      87.165112      11265.141     -7521.8194     -496.23396      80125.817      43.111271      43.111271      43.111271      1.0758977      2941.0288     -1142.4498      2341.9118    
    168000   168000         725.84223     -742.30004      34725.472      35598.849      13282.327      22316.522      5812.86        5999.5402      6018.5741      698.77747      26.894098      11281.132     -7521.256      -492.84733      80676.407      43.209793      43.209793      43.209793      1.0685551      1185.9059     -1720.4223     -1692.3837    
    169000   169000         723.47456     -293.78349      35176.837      35521.997      13239          22282.996      5673.9875      5891.7415      6136.4925      770.25827      46.694167      11275.327     -7511.5044     -493.56255      80559.499      43.188911      43.188911      43.188911      1.0701057      201.23737     -1688.6389      606.05104    
    170000   170000         736.61984     -2883.7071      32524.689      35889.99       13479.549      22410.442      5605.6055      5977.936       6257.8382      746.96294      68.183789      11264.155     -7510.2404     -496.89207      80019.696      43.09223       43.09223       43.09223       1.0773246     -1204.2607     -4360.6091     -3086.2516    
    171000   171000         721.39997     -1266.0146      33926.392      35403.738      13201.037      22202.701      5571.1342      5906.4262      6233.5801      753.80924     -34.433884      11290.147     -7517.9623     -496.92568      80014.282      43.091258      43.091258      43.091258      1.0773974     -632.79625     -2236.4709     -928.77659    
    172000   172000         724.76329      800.33056      36682.907      35747.795      13262.583      22485.211      5734.3569      6010.6898      6152.2139      727.13986      95.847318      11277.45      -7512.4859     -496.2955       80115.883      43.109489      43.109489      43.109489      1.0760311      2414.6046     -528.78055      515.16757    
    173000   173000         733.50389      981.28056      36950.51       35812.262      13422.529      22389.733      5741.0751      5914.0615      6209.7692      755.47222      8.7320486      11276.698     -7516.0756     -499.90936      79536.723      43.005358      43.005358      43.005358      1.0838664      581.42835      190.00283      2172.4105    
    174000   174000         719.60114      119.15398      35582.932      35443.242      13168.12       22275.122      5720.1124      5894.4355      6123.8092      740.63828      42.344597      11263.593     -7509.8116     -494.62589      80386.313      43.15794       43.15794       43.15794       1.0724112     -43.858521      253.08797      148.23249    
    175000   175000         724.22229     -1647.8668      33603.759      35520.223      13252.683      22267.54       5733.3586      5999.6079      6074.5261      749.42348     -20.941195      11249.834     -7518.2691     -498.60458      79744.86       43.042838      43.042838      43.042838      1.0810375     -2775.1285     -101.84482     -2066.6272    
    176000   176000         721.41956     -3202.5668      31601.659      35353.372      13201.396      22151.976      5655.0464      5912.3304      6198.3481      745.37568     -111.58067      11275.176     -7522.7194     -494.99801      80325.883      43.147122      43.147122      43.147122      1.073218      -2466.033      -4231.4504     -2910.217     
    177000   177000         718.23524     -1293.3402      34012.101      35516.703      13143.125      22373.578      5805.3324      6022.1625      6186.4546      729.52128     -122.65319      11278.809     -7526.0494     -498.45497      79768.794      43.047144      43.047144      43.047144      1.0807131      1122.6072     -2858.4846     -2144.1431    
    178000   178000         725.82493     -1579.6382      33900.561      35739.908      13282.01       22457.897      5825.3599      6006.0332      6099.24        751.63407      23.510079      11272.322     -7520.2018     -497.99946      79841.758      43.060265      43.060265      43.060265      1.0797255     -358.04841     -2821.9043     -1558.9618    
    179000   179000         726.20585      991.34794      37006.289      35846.552      13288.981      22557.571      5811.4992      6061.7789      6190.9662      742.93859     -7.7151326      11279.422     -7521.3188     -495.6799       80215.381      43.127328      43.127328      43.127328      1.0746964      270.92493      792.1686       1910.9503    
    180000   180000         712.3316       825.4152       36415.565      35447.977      13035.093      22412.883      5636.6047      5961.8869      6279.6568      720.84202      82.128546      11258.192     -7526.4279     -494.67097      80378.988      43.156629      43.156629      43.156629      1.0725089      1473.5021      534.52837      468.21511    
    181000   181000         727.84572      168.41153      36072.385      35874.413      13318.989      22555.423      5817.0567      6173.5642      6097.148       736.56409     -31.257229      11285.821     -7523.4734     -493.28888      80604.193      43.196896      43.196896      43.196896      1.0695124      2490.203      -1779.9396     -205.02877    
    182000   182000         709.61403      1870.4546      37637.538      35458.097      12985.364      22472.733      5779.9815      6080.2499      6076.7133      725.04543      58.149255      11273.141     -7520.5481     -497.66472      79895.461      43.069917      43.069917      43.069917      1.0789998      3272.7873      2877.4739     -538.89734    
    183000   183000         730.62925     -866.47746      34666.838      35680.217      13369.926      22310.291      5558.6576      6027.5659      6236.3315      745.63413     -20.973743      11276.399     -7513.3227     -495.81559      80193.428      43.123393      43.123393      43.123393      1.0749906      538.46479     -3512.5805      374.68334    
    184000   184000         719.7692       11.827802      35407.494      35393.476      13171.195      22222.281      5693.5713      5954.6662      6090.9935      746.84567     -12.579959      11265.275     -7516.491      -489.26247      81267.529      43.31507       43.31507       43.31507       1.0607826     -530.72332      568.88729     -2.6805595    
    185000   185000         735.79026      1953.7193      38020.581      35718.428      13464.368      22254.06       5637.1139      6095.8056      5990.1898      724.00213      46.425186      11277.514     -7516.9913     -492.11067      80797.176      43.231343      43.231343      43.231343      1.0669579      1279.6417      2927.8975      1653.6187    
    186000   186000         728.17673      155.45916      35697.312      35510.956      13325.046      22185.91       5737.6852      5925.91        6036.2407      692.43428      33.70499       11277.116     -7517.1813     -483.7361       82195.957      43.479394      43.479394      43.479394      1.0488008      53.371421      1102.9811     -689.97506    
    187000   187000         720.60381      1646.6021      37453.774      35516.27       13186.468      22329.802      5953.2202      5836.6889      6059.3429      683.58124      54.491194      11265.383     -7522.9059     -492.81151      80682.271      43.21084       43.21084       43.21084       1.0684774      1198.5395      2032.6702      1708.5965    
    188000   188000         711.58998      307.94478      35717.487      35354.038      13021.522      22332.515      5775.7827      5931.5175      6109.2557      726.58203      65.101968      11247.092     -7522.8162     -491.31933      80927.31       43.25454       43.25454       43.25454       1.0652422     -835.80371      1318.7126      440.92545    
    189000   189000         718.89045     -1194.1243      34045.584      35428.094      13155.115      22272.979      5683.9259      6050.6889      6119.0388      691.37673     -13.441558      11260.157     -7518.7668     -500.85968      79385.811      42.978141      42.978141      42.978141      1.0859268      888.57767     -1120.7161     -3350.2344    
    190000   190000         723.98286     -696.56788      34900.033      35728.917      13248.302      22480.615      5737.4565      6020.33        6155.2655      722.30137      89.452363      11274.55      -7518.7412     -487.30935      81593.247      43.372861      43.372861      43.372861      1.056548      -587.1858      -663.68701     -838.83083    
    191000   191000         715.16865      4225.1226      40262.266      35303.715      13087.009      22216.706      5696.1315      6020.2952      5846.3133      695.64227      202.10406      11273.988     -7517.7683     -494.10512      80471.038      43.173097      43.173097      43.173097      1.0712821      4592.0274      5674.9669      2408.3737    
    192000   192000         731.238       -648.02531      34808.486      35572.575      13381.065      22191.51       5769.9078      6007.3155      5997.547       708.7364      -55.738797      11277.757     -7514.0143     -491.79304      80849.36       43.240648      43.240648      43.240648      1.0662692     -1276.8677     -2553.2778      1886.0696    
    193000   193000         719.98843      1194.6947      37078.042      35676.318      13175.207      22501.11       5767.9225      6018.2761      6195.9677      719.43885      49.098302      11272.561     -7522.154      -494.23001      80450.703      43.16946       43.16946       43.16946       1.0715529     -625.22395      611.60579      3597.7023    
    194000   194000         734.70125     -3805.5237      31447.749      35952.972      13444.44       22508.532      5684.472       6021.9325      6229.2344      780.07461      46.072459      11267.623     -7520.8774     -489.81607      81175.678      43.298745      43.298745      43.298745      1.0619829     -4725.303      -3222.2072     -3469.0607    
    195000   195000         724.59472     -13.325001      35689.926      35705.466      13259.499      22445.968      5707.6922      6038.529       6205.1261      732.90097      27.574572      11254.439     -7520.2946     -497.2063       79969.123      43.08315       43.08315       43.08315       1.0780059     -698.19004      1900.6777     -1242.4626    
    196000   196000         730.5696       1780.9534      37811.357      35706.811      13368.834      22337.977      5791.8115      6103.6344      5962.7854      710.35525      19.245689      11270.366     -7520.2212     -490.71464      81027.034      43.2723        43.2723        43.2723        1.0639311      1323.6648      1112.544       2906.6512    
    197000   197000         718.68658      1742.2446      37566.393      35531.335      13151.384      22379.95       5829.3494      5964.5755      6056.4663      740.55235      48.366344      11262.852     -7522.2118     -496.44031      80092.513      43.105297      43.105297      43.105297      1.0763451      1812.8825      1354.6553      2059.1959    
    198000   198000         733.4973      -24.661342      35901.799      35931.375      13422.408      22508.966      5899.3568      6085.5228      6075.4415      731.90757     -20.830906      11258.378     -7520.8094     -483.51802      82233.03       43.48593       43.48593       43.48593       1.0483279     -432.89102      128.42523      230.48177    
    199000   199000         731.99985      1183.7819      37135.977      35757.733      13395.006      22362.727      5795.6444      5966.567       6066.3837      731.76523      60.210647      11267.722     -7525.5657     -498.05876      79832.251      43.058556      43.058556      43.058556      1.0798541     -547.82389      1825.4274      2273.7421    
    200000   200000         721.83896      1833.9949      37617.931      35472.659      13209.07       22263.589      5673.3092      6019.5968      6073.5108      749.62645      1.1273657      11268.744     -7522.3256     -495.73625      80206.263      43.125694      43.125694      43.125694      1.0748186      375.99142      3704.351       1421.6423    
    201000   201000         732.20799     -516.00743      34884.983      35491.463      13398.815      22092.648      5636.5998      5966.4074      6105.8504      708.69981     -59.116638      11257.267     -7523.0601     -493.37213      80590.592      43.194467      43.194467      43.194467      1.0696929     -123.62974     -1053.837      -370.55551    
    202000   202000         729.40307     -2298.2586      33045.462      35790.476      13347.487      22442.988      5706.8629      5988.8103      6259.6105      766.50586     -23.048212      11263.532     -7519.2848     -485.49996      81897.333      43.426676      43.426676      43.426676      1.052625      -3823.8326     -1347.9795     -1722.9636    
    203000   203000         725.61628      506.06499      35962.777      35365.943      13278.192      22087.751      5594.7192      5847.6645      6117.7992      746.18476      31.901256      11265.841     -7516.3593     -491.68551      80867.04       43.2438        43.2438        43.2438        1.0660361     -30.83935       1191.4889      357.54545    
    204000   204000         719.44934     -915.87281      34603.159      35697.801      13165.342      22532.459      5669.1677      6153.3358      6166.5428      762.28879      2.5232182      11299.071     -7520.4698     -485.1742       81952.321      43.436393      43.436393      43.436393      1.0519188     -378.85181     -1296.9843     -1071.7823    
    205000   205000         740.78238     -2142.7022      33600.378      36118.659      13555.72       22562.939      5617.8647      6078.6403      6330.3142      769.97421     -10.334307      11288.155     -7511.6756     -493.39242      80587.278      43.193875      43.193875      43.193875      1.0697369     -3979.8765     -2658.7087      210.47867    
    206000   206000         716.52538     -147.63615      35314.213      35489.412      13111.836      22377.576      5724.9425      5959.4474      6129.4308      721.19605      86.241901      11277.508     -7521.1903     -488.64761      81369.788      43.33323       43.33323       43.33323       1.0594495     -1152.5149      349.55571      360.05075    
    207000   207000         735.93892      814.31725      36754.223      35800.411      13467.088      22333.323      5693.3998      6080.6802      6167.7077      717.4542      -61.892493      11266.709     -7530.7352     -495.06937      80314.304      43.145049      43.145049      43.145049      1.0733727      1332.246       256.73539      853.97034    
    208000   208000         732.75852     -1928.9312      33719.799      36010.919      13408.889      22602.029      5602.7996      6017.7823      6431.4964      758.35691      37.342564      11280.723     -7526.4716     -488.20674      81443.267      43.34627       43.34627       43.34627       1.0584937     -1952.5826     -1659.9371     -2174.2737    
    209000   209000         715.00126     -682.01138      34642.598      35451.907      13083.946      22367.961      5710.4378      6003.5668      6082.151       697.31997      122.47467      11271.387     -7519.3762     -488.666        81366.725      43.332686      43.332686      43.332686      1.0594894     -730.18329     -1390.9113      75.060496    
    210000   210000         726.81548      684.90021      36693.207      35877.722      13300.137      22577.585      5745.9354      5995.6152      6136.3591      771.00345      175.77055      11275.497     -7522.5953     -487.01914      81641.867      43.381474      43.381474      43.381474      1.0559188      334.33687      3002.3551     -1281.9914    
    211000   211000         728.14692      1191.6946      36969.767      35555.402      13324.501      22230.901      5638.5524      5875.9324      6158.8113      709.2417       105.11609      11268.538     -7525.2909     -488.58325      81380.506      43.335133      43.335133      43.335133      1.05931        841.7322       1772.233       961.11863    
    212000   212000         721.79118      1139.4975      37091.298      35751.497      13208.196      22543.301      5663.7286      6067.3593      6269.9978      759.31166      45.991982      11262.727     -7525.8158     -493.18262      80621.559      43.199998      43.199998      43.199998      1.069282       1453.9909      1878.584       85.917651    
    213000   213000         718.51584      1001.434       36929.124      35746.77       13148.26       22598.51       5786.4325      6115.2794      6143.9529      780.84822      22.69209       11275.316     -7526.0109     -491.14482      80956.065      43.259663      43.259663      43.259663      1.0648638      138.1967      -631.93162      3498.0368    
    214000   214000         721.51304      1847.437       37679.144      35511.614      13203.106      22308.507      5722.8242      5881.9239      6172.591       727.77337      45.693487      11282.273     -7524.5715     -494.2416       80448.817      43.169123      43.169123      43.169123      1.071578       2146.4869      1733.5387      1662.2854    
    215000   215000         724.84344      1785.7294      37524.15       35430.784      13264.05       22166.734      5687.3299      5958.7744      5985.8994      733.96194      37.309674      11287.972     -7524.5135     -494.65842      80381.027      43.156994      43.156994      43.156994      1.0724817      404.32949      1979.3809      2973.4779    
    216000   216000         717.5448       205.42865      36021.658      35781.75       13130.491      22651.259      5954.3466      6142.4073      6031.8144      761.6928       0.27136796     11279.413     -7518.6868     -496.53626      80077.036      43.10252       43.10252       43.10252       1.0765531      397.42256     -1283.4353      1502.2987    
    217000   217000         725.018        1941.6136      37692.306      35398.129      13267.244      22130.885      5620.6534      6061.258       5860.736       722.54174      127.73047      11264.013     -7526.0475     -490.76192      81019.229      43.270911      43.270911      43.270911      1.0640336      2027.0237      1092.3111      2705.506     
    218000   218000         731.09336     -538.30652      35051.584      35691.43       13378.418      22313.011      5697.8724      5906.0632      6248.0569      734.33865     -35.636189      11283.161     -7520.8448     -487.85271      81502.369      43.356752      43.356752      43.356752      1.0577261      40.28261      -1522.1813     -133.02085    
    219000   219000         734.04934     -3278.1716      31947.772      35817.086      13432.51       22384.575      5610.8862      5979.4387      6251.3257      766.33343      13.974716      11282.812     -7520.1958     -491.28397      80933.135      43.255578      43.255578      43.255578      1.0651655     -3022.1979     -4078.486      -2733.8309    
    220000   220000         723.40741      23.096778      35351.306      35324.105      13237.772      22086.333      5548.7424      5946.2378      6005.7758      716.58073      114.23429      11278.584     -7523.8225     -492.36554      80755.351      43.223882      43.223882      43.223882      1.0675105      2849.3585     -1658.7657     -1121.3024    
    221000   221000         725.79006      584.9311       36491.982      35792.221      13281.372      22510.848      5727.5053      5986.511       6053.7882      776.75798      229.41916      11262.055     -7525.1881     -484.71854      82029.361      43.45          43.45          43.45          1.0509308     -283.30557      1186.1385      851.96038    
    222000   222000         727.36541     -1660.3017      33467.773      35428.436      13310.2        22118.235      5413.405       6008.5798      6278.5233      703.94409     -23.177729      11262.981     -7526.0203     -491.04253      80972.928      43.262666      43.262666      43.262666      1.064642      -43.490641     -3890.4099     -1047.0046    
    223000   223000         720.67998     -262.06794      34987.999      35299.527      13187.862      22111.665      5432.5087      5987.7114      6185.5337      687.77783      69.006614      11278.76      -7529.6334     -487.81201      81509.17       43.357958      43.357958      43.357958      1.0576378     -990.47992      229.17945     -24.903341    
    224000   224000         715.77922     -845.08887      34578.444      35572.893      13098.182      22474.711      5628.9205      5946.3776      6332.1583      737.98778      79.747293      11273.507     -7523.9875     -492.78169      80687.154      43.211711      43.211711      43.211711      1.0684127     -270.50658     -1682.3749     -582.38517    
    225000   225000         725.1113      -1315.0001      34005.875      35565.09       13268.952      22296.138      5629.8686      6009.728       6172.0875      756.68567     -12.347091      11266.494     -7526.3791     -489.05159      81302.572      43.321295      43.321295      43.321295      1.0603254     -2030.2213     -1874.915      -39.864041    
    226000   226000         718.27996     -787.66092      34500.977      35423.907      13143.944      22279.963      5532.0284      5890.3242      6293.3402      754.80153      61.793928      11277.126     -7529.4509     -494.88613      80344.043      43.150374      43.150374      43.150374      1.0729754     -355.07698     -1913.4148     -94.491022    
    227000   227000         719.38077      1118.9518      37009.698      35694.088      13164.088      22530.001      5661.894       5962.7516      6407.8149      734.96801      26.811354      11262.11      -7526.3489     -493.19567      80619.427      43.199618      43.199618      43.199618      1.0693103      215.12484      1498.2614      1643.4691    
    228000   228000         727.36452      1159.4042      36776.12       35416.803      13310.184      22106.619      5548.5591      6073.2725      5967.9305      737.72183      38.899892      11264.21      -7523.9751     -494.59387      80391.517      43.158871      43.158871      43.158871      1.0723418      5.4331439      465.80165      3006.9778    
    229000   229000         741.75245      438.55949      36504.519      35984.543      13573.471      22411.072      5685.7583      5914.7282      6237.9026      770.05728      64.752771      11264.686     -7526.8136     -489.08044      81297.776      43.320443      43.320443      43.320443      1.060388       173.69419     -1909.1364      3051.1206    
    230000   230000         725.49517     -984.38169      34222.822      35368.916      13275.976      22092.94       5701.5474      5853.9689      6184.1902      740.31291     -123.72047      11266.859     -7530.2182     -498.05615      79832.669      43.058631      43.058631      43.058631      1.0798484     -27.339944     -3193.1427      267.33761    
    231000   231000         720.27185     -1539.1777      33742.472      35578.106      13180.394      22397.712      5670.5632      5948.5745      6172.0089      749.43444      126.35301      11252.306     -7521.5279     -486.22533      81775.155      43.40507       43.40507       43.40507       1.0541977     -1403.9634     -491.16227     -2722.4076    
    232000   232000         724.87455      625.84351      36295.963      35555.638      13264.619      22291.018      5600.0306      6123.502       6092.4228      723.55246      31.949291      11247.361     -7527.7998     -490.20547      81111.196      43.287277      43.287277      43.287277      1.0628272      1442.8302      631.63874     -196.93844    
    233000   233000         707.38331     -553.36909      34864.748      35512.778      12944.544      22568.234      5826.2256      5998.8172      6241.515       785.13595     -33.24106       11274.566     -7524.7843     -495.17066      80297.876      43.142107      43.142107      43.142107      1.0735923     -825.56348     -2411.1631      1576.6193    
    234000   234000         728.59434     -493.96536      34869.631      35450.142      13332.688      22117.454      5593.1178      6035.8041      5929.9044      722.89017      112.79232      11249.857     -7526.9115     -493.42475      80581.997      43.192931      43.192931      43.192931      1.069807      -349.76697      895.28415     -2027.4133    
    235000   235000         732.19362     -689.22422      34861.716      35670.623      13398.552      22272.071      5704.1889      6069.7621      6110.9583      700.28842     -58.541245      11268.175     -7522.761      -494.07956      80475.201      43.173841      43.173841      43.173841      1.0712267     -2330.3733      979.91207     -717.21144    
    236000   236000         720.59783      517.74482      35893.661      35285.836      13186.359      22099.478      5637.6434      5960.2605      6011.8306      694.85172      40.663216      11274.565     -7520.3367     -493.93738      80498.366      43.177983      43.177983      43.177983      1.0709184      336.61776      1016.4846      200.13206    
    237000   237000         722.0699      -880.056        34481.475      35524.529      13213.296      22311.233      5687.3068      5994.2762      5988.5527      744.76581      141.37756      11271.914     -7516.9602     -489.25856      81268.178      43.315185      43.315185      43.315185      1.0607742     -2942.0311      774.50778     -472.64469    
    238000   238000         732.99842     -743.00598      35120.776      36007.771      13413.279      22594.491      5757.4054      6062.0478      6172.8918      747.24604      99.72278       11277.77      -7522.592      -485.74216      81856.498      43.419457      43.419457      43.419457      1.0531501     -1431.9191      258.38671     -1055.4856    
    239000   239000         715.45511      899.39262      36523.521      35464.996      13092.251      22372.745      5650.8652      6043.574       6051.5088      745.6361       126.5915       11273.68      -7519.1102     -492.70048      80700.454      43.214085      43.214085      43.214085      1.0682367      777.31958      162.52611      1758.3322    
    240000   240000         707.67377      41.69609       35450.86       35400.85       12949.859      22450.991      5866.0573      6045.3374      6006.0706      735.02536      56.465931      11263.65      -7521.6154     -483.47192      82240.871      43.487312      43.487312      43.487312      1.048228       1435.0946     -163.00268     -1147.0036    
    241000   241000         719.2789       1212.5515      36629.551      35213.524      13162.223      22051.301      5514.3897      5991.3808      6045.7802      707.31431      31.469167      11273.088     -7512.122      -496.55043      80074.751      43.10211       43.10211       43.10211       1.0765838      1989.9923      505.87428      1141.7878    
    242000   242000         720.31847     -382.76336      35170.472      35623.308      13181.247      22442.061      5673.5902      6052.5336      6139.8693      730.97207      87.683554      11269.344     -7511.9316     -490.14488      81121.223      43.289061      43.289061      43.289061      1.0626958     -21.685983      652.64085     -1779.2449    
    243000   243000         703.39318     -1142.4151      33775.764      35119.012      12871.527      22247.484      5497.4417      6010.7344      6148.7288      757.91206      81.853021      11272.947     -7522.1325     -493.17702      80622.475      43.200162      43.200162      43.200162      1.0692699      495.53896      970.04479     -4892.8291    
    244000   244000         716.33541     -56.830003      35588.25       35656.235      13108.36       22547.875      5796.263       5925.7727      6149.7514      753.13931      162.05746      11288.63      -7527.7384     -484.72593      82028.11       43.449779      43.449779      43.449779      1.0509468      1769.8267      196.754       -2137.0707    
    245000   245000         723.40444      118.1743       35949.386      35810.373      13237.717      22572.656      5741.6216      6157.4927      6116.7793      744.40967      44.038412      11283.063     -7514.7485     -492.9484       80659.866      43.206839      43.206839      43.206839      1.0687742     -1068.1294      2762.6096     -1339.9573    
    246000   246000         721.35804     -831.26703      34514.45       35494.371      13200.27       22294.101      5693.6162      5872.661       6236.5415      719.45016      25.214099      11265.854     -7519.2361     -491.90865      80830.358      43.23726       43.23726       43.23726       1.0665199      655.24534     -2904.5841     -244.46233    
    247000   247000         707.45472      3257.1744      39107.037      35287.151      12945.85       22341.301      5776.0513      6059.2309      5922.4408      754.34293      79.321058      11277.756     -7527.8422     -494.45357      80414.328      43.162953      43.162953      43.162953      1.0720376      2385.821       2739.8692      4645.8331    
    248000   248000         724.59614     -1128.8169      34277.548      35618.097      13259.525      22358.573      5761.875       5852.6299      6177.2373      724.92045      73.925223      11288.299     -7520.3148     -488.28746      81429.804      43.343881      43.343881      43.343881      1.0586687     -746.32098     -1611.2142     -1028.9156    
    249000   249000         727.53499      866.71445      36592.794      35562.542      13313.303      22249.239      5631.3695      6087.1092      5995.0647      729.26273      63.567545      11265.084     -7522.2188     -487.82847      81506.42       43.357471      43.357471      43.357471      1.0576735     -765.31308      1428.4368      1937.0196    
    250000   250000         734.9977       663.74061      36552.613      35760.291      13449.865      22310.426      5732.8826      6001.1318      6049.0284      713.54829      60.205965      11281.695     -7528.0653     -485.77097      81851.643      43.418598      43.418598      43.418598      1.0532126      2203.6816     -530.01972      317.55996    
Loop time of 541.146 on 1 procs for 250000 steps with 6140 atoms

Performance: 39.915 ns/day, 0.601 hours/ns, 461.982 timesteps/s, 2.837 Matom-step/s
100.0% CPU use with 1 MPI tasks x 1 OpenMP threads

MPI task timing breakdown:
Section |  min time  |  avg time  |  max time  |%varavg| %total
---------------------------------------------------------------
Pair    | 48.731     | 48.731     | 48.731     |   0.0 |  9.01
Bond    | 66.213     | 66.213     | 66.213     |   0.0 | 12.24
Kspace  | 242.07     | 242.07     | 242.07     |   0.0 | 44.73
Neigh   | 80.614     | 80.614     | 80.614     |   0.0 | 14.90
Comm    | 13.899     | 13.899     | 13.899     |   0.0 |  2.57
Output  | 2.1574     | 2.1574     | 2.1574     |   0.0 |  0.40
Modify  | 77.034     | 77.034     | 77.034     |   0.0 | 14.24
Other   |            | 10.42      |            |       |  1.93

Nlocal:           6140 ave        6140 max        6140 min
Histogram: 1 0 0 0 0 0 0 0 0 0
Nghost:          15997 ave       15997 max       15997 min
Histogram: 1 0 0 0 0 0 0 0 0 0
Neighs:              0 ave           0 max           0 min
Histogram: 1 0 0 0 0 0 0 0 0 0
FullNghs:  2.93136e+06 ave 2.93136e+06 max 2.93136e+06 min
Histogram: 1 0 0 0 0 0 0 0 0 0

Total # of neighbors = 2931362
Ave neighs/atom = 477.42052
Ave special neighs/atom = 5.6319218
Neighbor list builds = 19099
Dangerous builds = 0

# --- Cleanup ---
unfix npt_fix

undump dump_npt

# --- Write Output ---
write_dump all custom cool_block_02_last.dump id type mol x y z xu yu zu vx vy vz modify sort id
write_data /home/alexzhao/PolyJarvis/data/PEEK_1/attempts/cooling/attempt-0001/work/cool_block_02/cool_block_02_out.data
System init for write_data ...
PPPM Kokkos initialization ...
  using 12-bit tables for long-range coulomb
  G vector (1/distance) = 0.31322134
  grid = 36 36 36
  stencil order = 5
  estimated absolute RMS force accuracy = 0.00025480779
  estimated relative force accuracy = 7.6734609e-07
  using double precision cuFFT
  3d grid and FFT values/proc = 79507 46656
Generated 21 of 21 mixed pair_coeff terms from sixthpower/sixthpower mixing rule
write_restart /home/alexzhao/PolyJarvis/data/PEEK_1/attempts/cooling/attempt-0001/work/cool_block_02/cool_block_02_out.restart
System init for write_restart ...
PPPM Kokkos initialization ...
  using 12-bit tables for long-range coulomb
  G vector (1/distance) = 0.31322134
  grid = 36 36 36
  stencil order = 5
  estimated absolute RMS force accuracy = 0.00025480779
  estimated relative force accuracy = 7.6734609e-07
  using double precision cuFFT
  3d grid and FFT values/proc = 79507 46656
Generated 21 of 21 mixed pair_coeff terms from sixthpower/sixthpower mixing rule

print "STAGE COMPLETE: NPT T=745.0->720.0K P=1.0->1.0atm steps=250000"
STAGE COMPLETE: NPT T=745.0->720.0K P=1.0->1.0atm steps=250000
quit
