units real
atom_style full
boundary p p p

# --- Force Field Styles ---
pair_style lj/class2/coul/long 9.5 9.5
kspace_style pppm 1e-6
dielectric 1.000000
bond_style class2
angle_style class2
dihedral_style class2
improper_style class2
special_bonds lj/coul 0 0 1
pair_modify mix sixthpower tail yes
neighbor 2.0 bin
neigh_modify delay 0 every 1 check yes
neigh_modify one 4000
# KOKKOS: package loaded via -pk kokkos on the command line

read_data /home/alexzhao/PolyJarvis/data/PEG_COMPASS_2/attempts/cooling/attempt-0001/work/cool_block_05/cool_block_05_out.data
Reading data file ...
  orthogonal box = (4.3233898 4.3233898 4.3233898) to (47.198667 47.198667 47.198667)
  1 by 1 by 1 MPI processor grid
  reading atoms ...
  8000 atoms
  reading velocities ...
  8000 velocities
  scanning bonds ...
  4 = max bonds/atom
  scanning angles ...
  10 = max angles/atom
  scanning dihedrals ...
  16 = max dihedrals/atom
  scanning impropers ...
  7 = max impropers/atom
  orthogonal box = (4.3233898 4.3233898 4.3233898) to (47.198667 47.198667 47.198667)
  1 by 1 by 1 MPI processor grid
  reading bonds ...
  7990 bonds
  reading angles ...
  14820 angles
  reading dihedrals ...
  17070 dihedrals
  reading impropers ...
  9120 impropers
Finding 1-2 1-3 1-4 neighbors ...
  special bond factors lj:    0        0        1       
  special bond factors coul:  0        0        1       
     4 = max # of 1-2 neighbors
     6 = max # of 1-3 neighbors
     8 = max # of special neighbors
  special bonds CPU = 0.003 seconds
  read_data CPU = 0.218 seconds


# --- Thermo Output ---
thermo_style custom step time temp press enthalpy etotal ke pe ebond eangle edihed eimp evdwl ecoul elong etail vol lx ly lz density pxx pyy pzz
thermo_modify flush yes
thermo 1000

# --- Trajectory ---
dump dump_npt all custom 1000 cool_block_06.dump id type mol x y z ix iy iz vx vy vz


# --- Restart Checkpointing ---
restart 10000 npt_1.rst npt_2.rst

# --- Initial Velocities (optional) ---
# Velocities read from data file

# --- SHAKE Constraints ---
# SHAKE disabled

# --- NPT Thermostat + Barostat (Nose-Hoover) ---
# T_damp = 100.0 fs  (heat bath coupling)
# P_damp = 1000.0 fs  (pressure bath coupling, ~10x T_damp typical)
# Ramp: T=375.0->350.0K  P=1.0->1.0atm
timestep 1.0
fix npt_fix all npt temp 375.0 350.0 100.0 iso 1.0 1.0 1000.0

run 250000
PPPM Kokkos initialization ...
  using 12-bit tables for long-range coulomb
  G vector (1/distance) = 0.30460479
  grid = 32 32 32
  stencil order = 5
  estimated absolute RMS force accuracy = 0.0003909622
  estimated relative force accuracy = 1.1773711e-06
  using double precision cuFFT
  3d grid and FFT values/proc = 59319 32768
Generated 15 of 15 mixed pair_coeff terms from sixthpower/sixthpower mixing rule
Neighbor list info ...
  update: every = 1 steps, delay = 0 steps, check = yes
  max neighbors/atom: 4000, page size: 100000
  master list distance cutoff = 11.5
  ghost atom cutoff = 11.5
  binsize = 11.5, bins = 4 4 4
  1 neighbor lists, perpetual/occasional/extra = 1 0 0
  (1) pair lj/class2/coul/long/kk, perpetual
      attributes: full, newton off, kokkos_device
      pair build: full/bin/kk/device
      stencil: full/bin/3d
      bin: kk/device
Per MPI rank memory allocation (min/avg/max) = 35.83 | 35.83 | 35.83 Mbytes
   Step          Time           Temp          Press         Enthalpy        TotEng         KinEng         PotEng         E_bond        E_angle        E_dihed        E_impro         E_vdwl         E_coul         E_long         E_tail         Volume           Lx             Ly             Lz          Density          Pxx            Pyy            Pzz      
         0   0              377.32868      864.32606      15129.167      14135.653      8996.8363      5138.8163      3281.3009      6732.0537     -6636.1707     -72.4904       -3172.5996      12776.066     -7769.344      -371.30442      78817.17       42.875278      42.875278      42.875278      1.0584944     -270.59431      2392.6656      470.90694    
      1000   1000           372.1652      -449.39653      13357.715      13869.561      8873.7208      4995.8398      3339.0109      6645.0196     -6662.074      -77.602201     -3240.991       12765.456     -7772.9792     -374.72925      78096.823      42.744259      42.744259      42.744259      1.0682577     -1202.2935      160.38071     -306.27683    
      2000   2000           373.996        721.45912      15019.152      14187.123      8917.3735      5269.7495      3391.8847      6806.7875     -6668.4978     -78.054407     -3211.2947      12789.319     -7760.3945     -370.08403      79077.078      42.922354      42.922354      42.922354      1.0550154      1850.1945      447.9407      -133.75789    
      3000   3000           373.10549     -710.37364      13193.461      14010.721      8896.1405      5114.5804      3267.5231      6644.6779     -6540.5993     -75.676757     -3123.123       12725.706     -7783.9275     -370.98233      78885.599      42.887682      42.887682      42.887682      1.0575762      233.55381     -1025.5507     -1339.1241    
      4000   4000           375.86096      297.38336      14416.489      14078.373      8961.8407      5116.5318      3312.478       6655.1732     -6498.4342     -73.471516     -3218.3256      12722.679     -7783.5674     -375.38537      77960.32       42.71934       42.71934       42.71934       1.0701282      1163.1206      703.54438     -974.51493    
      5000   5000           370.67837     -233.12753      13679.752      13946.725      8838.2695      5108.4553      3361.3893      6650.4648     -6550.7871     -73.066478     -3220.8293      12727.134     -7785.8494     -372.69497      78523.099      42.821888      42.821888      42.821888      1.0624585     -1591.8508      746.74996      145.71825    
      6000   6000           370.32579     -1247.8761      12546.15       13976.379      8829.8629      5146.5163      3302.8883      6863.4194     -6676.5384     -73.677515     -3223.1413      12727.056     -7773.4906     -372.38531      78588.395      42.833754      42.833754      42.833754      1.0615758     -1245.4893     -343.79508     -2154.344     
      7000   7000           380.89918      1182.9107      15543.459      14182.797      9081.9695      5100.8273      3320.2574      6633.6659     -6627.619      -77.594633     -3129.7221      12761.172     -7779.3325     -371.04661      78871.933      42.885205      42.885205      42.885205      1.0577595      2295.9878     -530.51797      1783.2624    
      8000   8000           367.14722      2279.5121      16445.354      13873.357      8754.0747      5119.2819      3266.077       6891.3547     -6666.5815     -77.225147     -3243.6911      12738.641     -7789.2932     -378.26675      77366.47       42.610595      42.610595      42.610595      1.0783423      1702.7662      2398.5289      2737.2412    
      9000   9000           374.38002     -868.69767      12960.938      13952.007      8926.5298      5025.4776      3266.5784      6757.0192     -6655.3641     -76.221641     -3268.2242      12778.534     -7776.8443     -374.10336      78227.482      42.768083      42.768083      42.768083      1.0664735     -968.08045     -1495.4773     -142.53528    
     10000   10000          373.12417     -19.723829      13954.84       13977.478      8896.586       5080.8918      3331.8957      6684.1209     -6688.1481     -80.051973     -3160.8285      12783.302     -7789.3986     -371.87069      78697.149      42.853504      42.853504      42.853504      1.0601087     -957.4528       653.13136      245.14995    
     11000   11000          377.4895      -259.50384      13891.649      14187.322      9000.6708      5186.651       3375.2379      6788.9687     -6699.6492     -74.125692     -3206.8059      12777.761     -7774.7357     -374.59292      78125.245      42.749443      42.749443      42.749443      1.0678691      1446.7143     -2239.6568      14.430969    
     12000   12000          367.19557     -293.94386      13646.04       13985.596      8755.2275      5230.3681      3314.8128      6794.3433     -6680.9185     -75.918906     -3110.7943      12771.739     -7782.8953     -369.47068      79208.351      42.946093      42.946093      42.946093      1.0532669     -1206.3293     -408.89105      733.38872    
     13000   13000          373.39602     -41.734061      13928.475      13975.966      8903.0679      5072.8985      3276.6798      6831.4672     -6667.01       -73.189981     -3255.8251      12749.608     -7788.831      -375.06018      78027.913      42.731683      42.731683      42.731683      1.0692012      1010.1021     -1132.8527     -2.4515075    
     14000   14000          378.08834     -944.57666      12932.021      14016.026      9014.9492      5001.0765      3304.7767      6585.6464     -6592.0474     -71.671405     -3203.8729      12763.066     -7784.8213     -371.90584      78689.713      42.852154      42.852154      42.852154      1.0602089     -1974.8018      368.43918     -1227.3674    
     15000   15000          374.01391     -1284.0458      12544.38       14025.941      8917.8005      5108.1404      3377.5197      6652.4945     -6645.8889     -70.329916     -3205.9583      12777.095     -7776.7917     -369.9029       79115.799      42.929359      42.929359      42.929359      1.0544991     -1042.1064     -152.06797     -2657.9632    
     16000   16000          367.69384     -907.30523      12748.02       13795.446      8767.1079      5028.3376      3292.6718      6638.0348     -6705.1971     -72.474749     -3136.0162      12790.789     -7779.4694     -369.70661      79157.806      42.936956      42.936956      42.936956      1.0539395     -966.29622     -2980.4341      1224.8146    
     17000   17000          372.73313     -119.48786      13814.087      13951.387      8887.2623      5064.1249      3274.2776      6687.6754     -6644.7086     -74.237163     -3177.509       12777.665     -7779.0389     -371.43317      78789.849      42.870323      42.870323      42.870323      1.0588615     -804.57953      1137.4537     -691.33776    
     18000   18000          371.50391      3.995071       13862.32       13857.733      8857.9534      4999.7792      3291.9898      6619.9445     -6698.4396     -73.711598     -3124.6588      12768.315     -7783.66       -371.73105      78726.713      42.858869      42.858869      42.858869      1.0597106     -416.2507       1733.4478     -1305.2119    
     19000   19000          377.93946     -701.32367      13400.324      14208.536      9011.3994      5197.1362      3297.3748      6736.0857     -6626.4061     -71.210045     -3138.8428      12773.708     -7773.5737     -370.35693      79018.81       42.911809      42.911809      42.911809      1.0557934     -467.14903      160.28158     -1797.1036    
     20000   20000          371.84492     -554.41061      13400.924      14040.778      8866.0841      5174.6939      3320.2963      6689.6632     -6672.6496     -75.514752     -3111.0963      12800.912     -7776.9168     -369.80909      79135.868      42.932989      42.932989      42.932989      1.0542316     -1174.9841      721.43647     -1209.6842    
     21000   21000          372.26995     -980.84394      12852.711      13985.914      8876.2184      5109.6953      3238.7269      6663.6102     -6628.7142     -73.104978     -3099.2764      12780.049     -7771.5953     -369.4191       79219.411      42.948092      42.948092      42.948092      1.0531199     -207.1367      -737.39923     -1997.9959    
     22000   22000          369.88431      845.18361      15007.281      14031.198      8819.3364      5211.8616      3286.4033      6610.1046     -6537.8043     -73.027125     -3084.9922      12785.654     -7774.4767     -369.56537      79188.057      42.942425      42.942425      42.942425      1.0535368     -320.52997      2339.6828      516.39805    
     23000   23000          373.39997      272.84805      14341.311      14029.797      8903.1619      5126.6346      3282.0547      6639.7132     -6615.0869     -74.192353     -3118.5657      12784.015     -7771.3035     -373.82621      78285.479      42.77865       42.77865       42.77865       1.0656834      513.0468       668.44415     -362.9468     
     24000   24000          371.36739      1841.3633      15947.075      13827.357      8854.6983      4972.6589      3157.2705      6639.6554     -6686.5249     -69.69652      -3103.1519      12803.077     -7767.9711     -370.7561       78933.736      42.896404      42.896404      42.896404      1.0569313      3432.0248      1435.0051      657.06008    
     25000   25000          372.67848     -675.75497      13139.94       13910.421      8885.9591      5024.462       3277.4867      6645.3645     -6664.0163     -75.937856     -3194.4106      12798.099     -7762.1231     -374.32957      78180.209      42.759466      42.759466      42.759466      1.0671184     -62.109609     -1595.8535     -369.30177    
     26000   26000          368.45359     -76.25271       13789.698      13877.621      8785.223       5092.3976      3360.2569      6562.379      -6639.5023     -72.517834     -3125.1031      12790.056     -7783.1711     -370.15181      79062.597      42.919734      42.919734      42.919734      1.0552086      917.34617      641.34167     -1787.446     
     27000   27000          372.90036      229.14172      14169.045      13907.603      8891.2497      5016.3536      3311.1337      6589.2009     -6659.7921     -75.550061     -3173.2947      12795.783     -7771.1275     -374.073        78233.83       42.76924       42.76924       42.76924       1.0663869      2189.83       -1155.8606     -346.54424    
     28000   28000          366.79261     -1347.2137      12199.764      13747.269      8745.6196      5001.6498      3293.5041      6595.4593     -6621.7153     -72.978318     -3210.7978      12803.556     -7785.3786     -371.56186      78762.56       42.865373      42.865373      42.865373      1.0592283     -1989.9854     -2469.5366      417.88098    
     29000   29000          372.5839      -284.91008      13601.849      13928.239      8883.7042      5044.5348      3309.4913      6632.4034     -6605.5932     -72.754991     -3186.7376      12749.249     -7781.5236     -372.56151      78551.227      42.827         42.827         42.827         1.0620781     -49.510804      720.90439     -1526.1238    
     30000   30000          366.64485     -360.74893      13181.927      13597.355      8742.0962      4855.2591      3216.6371      6553.0079     -6691.9182     -72.889273     -3161.7841      12788.354     -7776.1479     -370.62556      78961.536      42.901439      42.901439      42.901439      1.0565592      1314.5137     -1328.8824     -1067.8781    
     31000   31000          371.3744       711.28         14622.971      13813.855      8854.8653      4958.9892      3232.6957      6647.9027     -6628.1939     -75.540757     -3239.9128      12794.986     -7772.948      -375.19443      77999.995      42.726586      42.726586      42.726586      1.0695839      191.78094      976.22979      965.82926    
     32000   32000          371.9996       804.42361      14793.401      13873.583      8869.7724      5003.8102      3324.7832      6635.0348     -6680.4487     -75.808126     -3204.051       12789.821     -7785.5206     -373.2585       78404.547      42.800327      42.800327      42.800327      1.064065      -844.14889      777.91325      2479.5065    
     33000   33000          371.88182      344.78244      14325.792      13928.695      8866.9639      5061.7311      3318.1157      6704.4881     -6688.3956     -73.293981     -3211.4149      12792.273     -7780.0416     -370.57444      78972.43       42.903412      42.903412      42.903412      1.0564134     -1154.7065      475.36179      1713.6921    
     34000   34000          370.0524      -595.42473      13072.181      13759.673      8823.3443      4936.3289      3309.2228      6468.1751     -6627.5074     -69.005543     -3163.6665      12796.839     -7777.7283     -369.64601      79170.782      42.939302      42.939302      42.939302      1.0537667     -1034.8188     -199.91446     -551.54096    
     35000   35000          373.41054      945.14233      14926.226      13853.44       8903.414       4950.0256      3284.4122      6657.4671     -6687.8508     -74.265467     -3204.55        12757.36      -7782.5479     -376.02001      77828.741      42.695293      42.695293      42.695293      1.0719374      1825.7468      1221.9879     -212.30769    
     36000   36000          374.60126      48.114292      14104.787      14049.491      8931.8049      5117.6856      3364.9627      6677.4669     -6659.1832     -74.980211     -3183.5905      12762.547     -7769.537      -371.36517      78804.276      42.872939      42.872939      42.872939      1.0586676     -649.69118      301.40753      492.62653    
     37000   37000          370.03934      310.78388      14207.975      13851.933      8823.0328      5028.8997      3238.5902      6678.0731     -6572.8147     -73.485354     -3219.8437      12750.425     -7772.0445     -372.54948      78553.764      42.827461      42.827461      42.827461      1.0620438     -576.47983      1992.0525     -483.22105    
     38000   38000          372.78963     -1960.7991      11673.349      13917.281      8888.6093      5028.6715      3379.0366      6657.2955     -6714.1401     -70.759251     -3236.8699      12785.209     -7771.1001     -372.94981      78469.443      42.812132      42.812132      42.812132      1.063185      -1247.1833     -3122.1292     -1513.0848    
     39000   39000          373.19398     -460.51461      13275.836      13799.736      8898.2504      4901.4852      3256.0365      6634.6271     -6654.7708     -71.92782      -3216.8645      12736.193     -7781.8087     -375.16464      78006.188      42.727717      42.727717      42.727717      1.0694989     -1530.9069     -320.88924      470.25229    
     40000   40000          363.57901     -1153.8852      12357.893      13680.247      8668.9959      5011.2511      3359.6884      6644.5751     -6705.5332     -71.360956     -3203.701       12764.975     -7777.3923     -372.42739      78579.515      42.832141      42.832141      42.832141      1.0616957     -675.29323     -1578.4498     -1207.9127    
     41000   41000          373.73585      59.231915      13873.687      13806.679      8911.1705      4895.5085      3279.9444      6672.0889     -6701.6444     -76.389659     -3259.6618      12754.165     -7772.9942     -377.27511      77569.824      42.647895      42.647895      42.647895      1.0755153     -475.2985       1591.363      -938.36876    
     42000   42000          371.57753      11.480911      13723.351      13710.325      8859.7088      4850.6164      3206.7869      6602.5609     -6652.65       -74.553914     -3234.4597      12776.462     -7773.5294     -376.1756       77796.548      42.689406      42.689406      42.689406      1.0723809      1016.6953     -215.49968     -766.75293    
     43000   43000          375.22204      704.91912      14667.488      13867.786      8946.6066      4921.1797      3260.0988      6591.9719     -6645.6825     -69.87454      -3201.1943      12765.497     -7779.6367     -376.21665      77788.061      42.687853      42.687853      42.687853      1.0724979      931.76072      260.85058      922.14607    
     44000   44000          372.76516     -737.85968      12877.417      13713.886      8888.0259      4825.8598      3286.8322      6583.8515     -6669.1925     -72.274312     -3302.5199      12780.894     -7781.7313     -376.48791      77732.014      42.677598      42.677598      42.677598      1.0732712     -818.50493     -2851.7177      1456.6436    
     45000   45000          374.00802      184.95896      13974.291      13763.702      8917.6601      4846.0424      3239.2102      6622.884      -6688.9357     -75.923297     -3240.519       12767.764     -7778.4373     -374.85936      78069.716      42.739313      42.739313      42.739313      1.0686287      184.67639     -204.13951      574.34001    
     46000   46000          373.75602     -574.48489      13204.958      13861.235      8911.6515      4949.5835      3243.1054      6673.3275     -6640.0392     -76.977993     -3235.3403      12768.209     -7782.7011     -373.60992      78330.799      42.786903      42.786903      42.786903      1.0650668     -1431.4742      452.53769     -744.51812    
     47000   47000          364.85756     -1399.9876      12144.192      13733.206      8699.4811      5033.7253      3299.696       6696.2781     -6706.6894     -75.580476     -3203.2346      12799.478     -7776.2224     -376.03053      77826.562      42.694895      42.694895      42.694895      1.0719674     -1889.8598     -573.85803     -1736.2449    
     48000   48000          369.92667      1278.0011      15279.894      13824.465      8820.3465      5004.118       3251.0136      6741.8646     -6752.5677     -69.107912     -3209.0413      12812.672     -7770.7156     -374.77172      78087.971      42.742644      42.742644      42.742644      1.0683788      2517.8682      305.64932      1010.4856    
     49000   49000          363.59539      1417.9706      15177.83       13566.548      8669.3866      4897.1618      3281.1684      6608.4024     -6677.4992     -72.171659     -3218.5812      12754.798     -7778.9553     -375.5975       77916.289      42.711296      42.711296      42.711296      1.0707329      573.61877      616.39585      3063.8971    
     50000   50000          370.16309      779.19173      14569.379      13674.338      8825.9835      4848.3546      3241.9104      6534.3294     -6609.0156     -72.546648     -3226.4487      12758.267     -7778.1414     -371.55933      78763.098      42.865471      42.865471      42.865471      1.0592211      459.89908      1395.534       482.14208    
     51000   51000          373.16729      859.92548      14817.408      13844.163      8897.6141      4946.5489      3253.7752      6730.3617     -6684.0335     -75.21259      -3254.9384      12756.138     -7779.5417     -377.10771      77604.258      42.654205      42.654205      42.654205      1.0750381     -494.57158      1301.5065      1772.8415    
     52000   52000          364.53903     -1224.5222      12180.874      13573.901      8691.8862      4882.0149      3242.4462      6535.4814     -6625.1467     -75.568413     -3194.2898      12770.816     -7771.7241     -375.17491      78004.053      42.727327      42.727327      42.727327      1.0695282      614.93157     -3210.9997     -1077.4983    
     53000   53000          367.31722     -356.83454      13305.629      13710.118      8758.128       4951.9898      3209.0206      6762.0783     -6633.0783     -78.112904     -3241.3942      12721.475     -7787.9983     -376.51958      77725.475      42.676402      42.676402      42.676402      1.0733615     -408.91504     -365.59161     -295.99698    
     54000   54000          369.82441      237.84886      14121.563      13848.999      8817.9082      5031.0904      3250.7237      6588.3829     -6555.4805     -68.499804     -3144.9685      12746.891     -7785.9586     -372.4422       78576.391      42.831573      42.831573      42.831573      1.0617379      1103.6961      200.01552     -590.16502    
     55000   55000          365.6102       1367.9995      15194.499      13630.188      8717.4266      4912.7611      3242.9677      6556.6358     -6715.971      -71.092649     -3127.9543      12793.147     -7764.971      -373.24126      78408.169      42.800986      42.800986      42.800986      1.0640159      567.64347      1628.7999      1907.555     
     56000   56000          368.06657     -527.20015      13245.237      13847.448      8775.9952      5071.4525      3257.0281      6760.0214     -6637.1343     -72.317454     -3193.2786      12736.756     -7779.6224     -373.64035      78324.419      42.785741      42.785741      42.785741      1.0651536     -1614.7969      924.98729     -891.79079    
     57000   57000          368.38324     -558.79417      13103.173      13741.474      8783.5456      4957.9284      3313.6635      6613.557      -6699.0159     -73.39946      -3235.265       12793.651     -7755.2623     -373.63966      78324.565      42.785768      42.785768      42.785768      1.0651516     -544.18361     -681.50398     -450.69492    
     58000   58000          371.44203      254.49437      14232.85       13938.76       8856.4779      5082.2825      3270.8991      6714.7377     -6659.2385     -71.269332     -3153.6746      12758.76      -7777.9315     -369.33927      79236.533      42.951186      42.951186      42.951186      1.0528923     -55.580084     -539.52118      1358.5844    
     59000   59000          366.4888       6.2330875      13711.418      13704.295      8738.3756      4965.919       3239.367       6603.2381     -6680.1449     -71.389892     -3181.5567      12833.295     -7776.8896     -373.48102      78357.834      42.791825      42.791825      42.791825      1.0646994     -733.53273      1282.3205     -530.08856    
     60000   60000          370.5627       309.40031      14161.294      13805.552      8835.5117      4970.0406      3326.1758      6552.4053     -6663.436      -71.596571     -3215.4842      12820.58      -7778.604      -371.20408      78838.475      42.879141      42.879141      42.879141      1.0582084      1148.414       921.5094      -1141.7225    
     61000   61000          368.74037      1607.2746      15511.186      13656.216      8792.0608      4864.1548      3134.0776      6633.6632     -6651.0226     -73.002555     -3202.7594      12804.189     -7780.9904     -369.81112      79135.434      42.93291       42.93291       42.93291       1.0542374      839.56049      2920.5193      1061.7442    
     62000   62000          366.70265      54.686966      13739.38       13676.735      8743.4746      4933.2605      3214.6721      6658.7576     -6749.8441     -74.82095      -3152.5802      12811.813     -7774.7372     -372.58447      78546.386      42.826121      42.826121      42.826121      1.0621435      30.535626      475.35724     -341.83197    
     63000   63000          367.89942      434.54597      14224.717      13723.757      8772.0096      4951.7472      3293.4791      6540.7062     -6666.45       -71.230689     -3146.8647      12774.865     -7772.7575     -370.21926      79048.194      42.917128      42.917128      42.917128      1.0554009      866.14475      779.55576     -342.06259    
     64000   64000          363.15428     -374.40222      13060.463      13488.936      8658.869       4830.0665      3165.9876      6584.2115     -6622.8749     -69.725261     -3196.2983      12741.792     -7773.026      -372.94271      78470.936      42.812404      42.812404      42.812404      1.0631648     -369.75493     -507.20299     -246.24873    
     65000   65000          367.03023      1519.0552      15354.584      13609.431      8751.2851      4858.1463      3285.6118      6509.9103     -6719.0939     -75.44729      -3143.9308      12777.737     -7776.6413     -371.50698      78774.195      42.867484      42.867484      42.867484      1.0590719      1052.1507      1569.7979      1935.217     
     66000   66000          366.46422      288.22234      14013.217      13683.295      8737.7894      4945.5051      3228.2514      6642.0504     -6624.8556     -70.001078     -3211.9517      12769.039     -7787.0272     -372.85728      78488.915      42.815673      42.815673      42.815673      1.0629212     -484.51224     -217.89093      1567.0702    
     67000   67000          374.69429      465.40037      14440.215      13905.441      8934.0232      4971.4182      3252.5745      6604.5348     -6693.0404     -71.370008     -3147.2976      12805.68      -7779.6628     -371.43576      78789.299      42.870223      42.870223      42.870223      1.0588689     -126.86871      1567.3597     -44.289881    
     68000   68000          370.13322     -1789.7622      11670.457      13720.022      8825.2713      4894.751       3191.0355      6570.5234     -6623.0934     -71.074967     -3158.4433      12756.234     -7770.4297     -372.70079      78521.871      42.821665      42.821665      42.821665      1.0624751     -4015.865      -168.53177     -1184.8899    
     69000   69000          371.58727      1313.768       15197.219      13707.294      8859.9409      4847.3535      3248.8744      6494.2657     -6652.4002     -72.10889      -3175.1747      12778.536     -7774.6388     -376.34068      77762.423      42.683163      42.683163      42.683163      1.0728515      473.36534      1078.0866      2389.8521    
     70000   70000          372.67076      616.59398      14573.129      13871.176      8885.7752      4985.4005      3285.9167      6697.5826     -6684.8328     -73.055448     -3252.1091      12785.874     -7773.975      -374.9024       78060.754      42.737677      42.737677      42.737677      1.0687513     -379.37962      2136.5479      92.613627    
     71000   71000          363.06104      63.52093       13596.231      13523.295      8656.6457      4866.6489      3210.5196      6591.2665     -6716.063      -74.300818     -3165.1075      12797.075     -7776.7412     -371.70361      78732.524      42.859923      42.859923      42.859923      1.0596324      780.37108     -2036.2192      1446.4109    
     72000   72000          374.14431     -388.00855      13299.545      13738.376      8920.9097      4817.4661      3254.3329      6623.0207     -6711.8804     -71.231308     -3277.3556      12779.05      -7778.4699     -377.3733       77549.64       42.644196      42.644196      42.644196      1.0757953      644.97923     -1499.0558     -309.94906    
     73000   73000          368.22719      344.80968      14173.767      13783.103      8779.8248      5003.2782      3283.3662      6743.6737     -6712.1618     -70.011426     -3274.4007      12806.607     -7773.7947     -376.70632      77686.947      42.669349      42.669349      42.669349      1.0738939      243.62493      956.27986     -165.47574    
     74000   74000          372.06647     -1565.7458      12012.979      13800.597      8871.3666      4929.2304      3293.1076      6697.3135     -6688.14       -74.418617     -3283.5025      12769.315     -7784.4447     -373.82937      78284.816      42.778529      42.778529      42.778529      1.0656924     -2630.5397     -1055.8368     -1010.861     
     75000   75000          368.00271     -781.04266      12679.808      13564.903      8774.4724      4790.431       3238.2798      6592.5428     -6714.0187     -69.817244     -3287.886       12811.032     -7779.7019     -376.62706      77703.295      42.672342      42.672342      42.672342      1.0736679     -517.20877     -2897.7699      1071.8507    
     76000   76000          362.96043     -998.91692      12295.223      13427.347      8654.247       4773.0999      3231.8337      6583.2439     -6730.6512     -73.158878     -3246.9314      12786.313     -7777.549      -376.58425      77712.129      42.673959      42.673959      42.673959      1.0735459     -267.13884     -800.78129     -1928.8306    
     77000   77000          366.24359     -46.941926      13488.957      13542.235      8732.5288      4809.7062      3317.4012      6508.5871     -6730.3484     -71.580899     -3213.0768      12768.74      -7770.0161     -376.04626      77823.307      42.6943        42.6943        42.6943        1.0720122     -146.34192     -73.276518      78.792665    
     78000   78000          365.8819       623.57342      14292.651      13589.172      8723.905       4865.267       3266.1858      6666.9095     -6766.856      -74.92912      -3247.0904      12789.407     -7768.3595     -378.32369      77354.827      42.608457      42.608457      42.608457      1.0785046      760.61189      114.26428      995.84407    
     79000   79000          363.82943      36.446851      13527.114      13485.737      8674.9668      4810.77        3164.6585      6705.4464     -6728          -75.261384     -3232.7536      12760.002     -7783.3217     -375.94325      77844.631      42.698199      42.698199      42.698199      1.0717186      600.86261     -1262.7557      771.23369    
     80000   80000          362.06184      434.77584      13973.289      13482.674      8632.8214      4849.8523      3266.3796      6625.8662     -6644.9577     -72.785135     -3295.5183      12758.689     -7787.8217     -378.22559      77374.89       42.61214       42.61214       42.61214       1.0782249      651.98283      1059.295      -406.95026    
     81000   81000          366.01187      949.94002      14727.028      13651.736      8727.0038      4924.7324      3268.7647      6569.5404     -6601.0626     -75.387743     -3197.5616      12749.617     -7789.1781     -377.04811      77616.524      42.656452      42.656452      42.656452      1.0748682      874.21105      2068.7472     -93.138203    
     82000   82000          369.403       -234.71574      13262.905      13530.852      8807.8603      4722.9914      3239.8089      6474.6219     -6628.4148     -71.438619     -3277.6492      12772.935     -7786.8715     -373.86951      78276.412      42.776998      42.776998      42.776998      1.0658068      96.05127       1495.6253     -2295.8238    
     83000   83000          364.57631      567.86475      14334.638      13689.048      8692.7751      4996.2732      3286.2004      6638.9705     -6553.2102     -75.864303     -3232.6048      12725.725     -7792.9434     -375.41835      77953.471      42.718089      42.718089      42.718089      1.0702222      1103.088       1324.4282     -723.92193    
     84000   84000          363.04025      1523.0068      15070.647      13351.281      8656.1501      4695.1306      3176.4561      6562.8522     -6652.4047     -71.174242     -3287.0091      12751.685     -7785.2748     -378.05957      77408.869      42.618377      42.618377      42.618377      1.0777516      883.46827      1843.3076      1842.2445    
     85000   85000          365.27561     -244.04498      13198.722      13474.985      8709.4489      4765.5363      3260.3737      6514.7526     -6621.1803     -67.125393     -3253.9688      12720.056     -7787.3717     -377.02744      77620.78       42.657232      42.657232      42.657232      1.0748093      720.59826     -1204.8116     -247.92164    
     86000   86000          361.77201      410.05079      13825.703      13360.848      8625.9108      4734.9372      3256.4051      6522.8678     -6702.8917     -68.952908     -3202.0172      12721.419     -7791.8929     -376.48445      77732.729      42.677729      42.677729      42.677729      1.0732614     -674.66613      428.93934      1475.8792    
     87000   87000          369.7549      -79.560346      13486.352      13577.631      8816.2509      4761.3798      3221.0412      6404.1838     -6654.7434     -73.897862     -3121.8307      12770.026     -7783.3988     -372.01094      78667.481      42.848118      42.848118      42.848118      1.0605085     -1557.6787      207.93527      1111.0624    
     88000   88000          365.29119      161.17076      13675.128      13493.03       8709.8202      4783.2102      3276.8409      6556.0783     -6658.1231     -73.391598     -3266.7876      12737.088     -7788.4945     -377.75435      77471.414      42.629852      42.629852      42.629852      1.0768815      151.25088      452.17407     -119.91267    
     89000   89000          368.69007      1367.9872      15175.039      13626.92       8790.8615      4836.0583      3249.7603      6638.594      -6684.9193     -65.72096      -3313.5551      12784.089     -7772.1892     -377.14166      77597.27       42.652925      42.652925      42.652925      1.0751349      1511.5761      924.39382      1667.9915    
     90000   90000          360.38917     -279.52911      13034.26       13352.292      8592.9391      4759.3527      3244.6004      6519.1151     -6693.0045     -75.754844     -3232.4642      12772.107     -7775.2466     -375.13084      78013.218      42.729         42.729         42.729         1.0694026     -755.60504     -722.67476      639.69247    
     91000   91000          371.02509      812.81446      14460.058      13535.815      8846.5365      4689.2788      3193.1363      6584.3048     -6741.6726     -76.280767     -3247.9087      12761.406     -7783.7064     -375.34639      77968.416      42.720819      42.720819      42.720819      1.0700171      355.27957      1694.2939      388.86994    
     92000   92000          368.50972     -268.0584       13272.101      13578.284      8786.5612      4791.7228      3281.1828      6510.0052     -6602.6078     -75.439485     -3253.8397      12715.502     -7783.0802     -373.65898      78320.515      42.78503       42.78503       42.78503       1.0652067     -69.049956     -1310.2002      575.0749     
     93000   93000          362.53141      1649.7393      15219.869      13359.609      8644.0174      4715.592       3292.6174      6534.6913     -6722.0565     -78.713623     -3291.9338      12758.309     -7777.3214     -378.50232      77318.321      42.601753      42.601753      42.601753      1.0790138      884.61816      3229.3412      835.25848    
     94000   94000          366.73103      15.780208      13358.111      13340.313      8744.1512      4596.1619      3270.1429      6501.8217     -6799.8071     -67.973543     -3290.4328      12765.572     -7783.1611     -378.41005      77337.173      42.605215      42.605215      42.605215      1.0787508     -355.88674      832.18904     -428.96167    
     95000   95000          365.88149      728.34457      14382.309      13551.609      8723.8951      4827.7142      3260.2896      6516.5754     -6660.9184     -70.793736     -3211.5263      12776.101     -7782.0137     -374.21389      78204.375      42.763872      42.763872      42.763872      1.0667886      1149.1007      1691.4369     -655.50385    
     96000   96000          368.84748     -144.39767      13488.981      13652.598      8794.6149      4857.9827      3213.6606      6601.0179     -6683.8065     -76.469887     -3220.4277      12794.815     -7770.8068     -376.66969      77694.5        42.670732      42.670732      42.670732      1.0737895      823.1885      -551.2785      -705.10302    
     97000   97000          368.18044     -895.26208      12386.272      13400.006      8778.7102      4621.2957      3209.9482      6490.7468     -6750.4336     -69.394321     -3288.3415      12801.524     -7772.7536     -376.92353      77642.177      42.661151      42.661151      42.661151      1.0745131     -203.79478     -681.80599     -1800.1855    
     98000   98000          362.16111      577.82127      13883.968      13231.312      8635.1883      4596.1236      3190.58        6438.0524     -6751.4386     -69.092147     -3225.21        12785.589     -7772.3568     -377.86426      77448.879      42.625718      42.625718      42.625718      1.0771949      345.32275      1592.2083     -204.0672     
     99000   99000          365.00106      565.28288      14178.589      13539.074      8702.9027      4836.1716      3198.7379      6563.8703     -6673.625      -74.189874     -3194.7675      12797.31      -7781.1638     -377.26106      77572.712      42.648425      42.648425      42.648425      1.0754753      2178.6297     -579.07636      96.295291    
    100000   100000         361.03322     -219.91753      13091.514      13342.608      8608.2954      4734.3129      3213.3238      6431.0271     -6680.5448     -69.121514     -3185.4456      12792.852     -7767.7778     -373.80845      78289.198      42.779327      42.779327      42.779327      1.0656328     -234.19252     -1761.1153      1335.5552    
    101000   101000         363.24229      2623.594       16308.819      13337.767      8660.9675      4676.7998      3217.2951      6501.6659     -6716.3781     -67.238579     -3259.6117      12782.533     -7781.466      -376.88883      77649.325      42.66246       42.66246       42.66246       1.0744142      3398.1945      2153.7786      2318.8088    
    102000   102000         359.62581      393.64231      13743.133      13298.342      8574.7379      4723.6039      3245.4204      6579.581      -6785.8634     -71.566563     -3237.8462      12776.736     -7782.8577     -377.72222      77478.005      42.631061      42.631061      42.631061      1.0767899      591.74643     -19.33137       608.51188    
    103000   103000         365.61717     -118.18503      13333.418      13467.611      8717.5928      4750.0178      3187.7974      6558.1172     -6726.8212     -71.032643     -3218.3413      12790.218     -7769.9195     -375.8887       77855.928      42.700264      42.700264      42.700264      1.0715631      972.28907     -1857.6309      530.7867     
    104000   104000         362.31681      126.58517      13405.943      13262.962      8638.9007      4624.061       3165.8667      6569.5719     -6736.2248     -67.870272     -3325.885       12785.831     -7767.2283     -377.8591       77449.937      42.625913      42.625913      42.625913      1.0771802      388.90804      1454.3378     -1463.4903    
    105000   105000         365.23475     -1006.1726      12314.609      13464.061      8708.4747      4755.5866      3261.9818      6553.3583     -6775.9409     -74.203556     -3229.2014      12793.737     -7774.1442     -373.60144      78332.577      42.787227      42.787227      42.787227      1.0650426     -426.40745     -811.84516     -1780.2653    
    106000   106000         369.86741     -1609.964       11714.289      13535.084      8818.9334      4716.1502      3242.0609      6525.727      -6713.3501     -74.68763      -3264.4528      12778.047     -7777.1941     -377.38278      77547.692      42.643839      42.643839      42.643839      1.0758223     -2732.4756     -1992.713      -104.7034     
    107000   107000         366.14832      57.957488      13446.04       13380.138      8730.2574      4649.8804      3220.8495      6394.9808     -6716.866      -69.227173     -3192.2056      12781.353     -7769.0042     -375.34994      77967.678      42.720684      42.720684      42.720684      1.0700272      862.3748       897.95642     -1586.4588    
    108000   108000         366.12414     -980.46599      12393.948      13507.762      8729.6809      4778.0814      3337.756       6376.7823     -6716.1403     -69.504196     -3204.0461      12816.118     -7762.8841     -375.70469      77894.06       42.707234      42.707234      42.707234      1.0710385     -4.9883218     -1373.0844     -1563.3252    
    109000   109000         360.26231      192.13791      13511.016      13293.3        8589.9142      4703.3862      3237.7703      6460.0098     -6736.6691     -72.284433     -3206.0628      12793.823     -7773.2005     -376.66142      77696.207      42.671044      42.671044      42.671044      1.0737659      101.93945      1072.8415     -598.3672     
    110000   110000         367.2103       630.26435      14301.908      13579.335      8755.5787      4823.7565      3307.3826      6433.3955     -6618.397      -70.315252     -3223.409       12771.992     -7776.8923     -372.27826      78610.993      42.837859      42.837859      42.837859      1.0612706      1188.9382     -21.581473      723.43633    
    111000   111000         357.86372     -1029.6238      12207.5        13380.181      8532.7235      4847.4571      3219.2792      6696.8711     -6735.0651     -73.447762     -3255.2666      12777.101     -7782.0148     -374.73608      78095.398      42.743999      42.743999      42.743999      1.0682772     -1351.1005     -898.37775     -839.39313    
    112000   112000         371.08343      1951.2814      16086.687      13861.994      8847.9275      5014.0663      3340.3791      6574.2004     -6700.1198     -72.501083     -3171.2944      12816.993     -7773.5907     -374.34905      78176.14       42.758724      42.758724      42.758724      1.0671739      4040.2226      570.05617      1243.5656    
    113000   113000         364.79974      41.190143      13367.305      13320.632      8698.1024      4622.5292      3210.773       6484.0459     -6738.7004     -74.657307     -3285.8164      12798.683     -7771.7988     -376.65754      77697.006      42.671191      42.671191      42.671191      1.0737548     -1715.2439      1403.144       435.67034    
    114000   114000         369.83411     -727.66793      12813.158      13640.801      8818.1395      4822.6611      3231.3005      6586.1999     -6693.3112     -74.706807     -3246.7748      12788.609     -7768.655      -375.2472       77989.025      42.724583      42.724583      42.724583      1.0697343     -1213.1715     -1323.2888      353.45651    
    115000   115000         357.01616     -829.85149      12422.636      13370.434      8512.5147      4857.9191      3266.8649      6686.9259     -6768.3275     -71.336812     -3306.7168      12819.173     -7768.6638     -373.6899       78314.035      42.78385       42.78385       42.78385       1.0652948     -654.93183     -1117.4187     -717.20392    
    116000   116000         369.10009      264.80266      13912.982      13614.05       8800.6379      4813.4119      3230.8375      6571.9745     -6697.348      -77.32057      -3216.2796      12776.977     -7775.4293     -378.07303      77406.114      42.617871      42.617871      42.617871      1.07779        1557.9173      446.88002     -1210.3894    
    117000   117000         364.79537     -2123.752       10870.04       13276.92       8697.9984      4578.9217      3166.1981      6447.4514     -6732.8337     -71.684437     -3286.0203      12826.557     -7770.7462     -376.59636      77709.628      42.673501      42.673501      42.673501      1.0735804     -1689.0782     -1756.0044     -2926.1734    
    118000   118000         361.30173      901.57549      14409.118      13382.565      8614.6976      4767.8676      3200.4464      6577.904      -6782.356      -76.840092     -3203.1248      12821.525     -7769.6873     -374.84128      78073.481      42.74          42.74          42.74          1.0685771      1378.2964      402.6505       923.77953    
    119000   119000         365.84825     -482.80172      12952.796      13503.257      8723.1025      4780.155       3245.4417      6548.5444     -6759.0145     -70.1866       -3238.163       12821.78      -7768.2473     -374.34197      78177.618      42.758994      42.758994      42.758994      1.0671537     -1848.6133     -147.52259      547.73076    
    120000   120000         365.74225      953.53706      14623.889      13536.305      8720.5753      4815.7301      3330.0422      6446.1581     -6665.1285     -74.215011     -3248.164       12800.781     -7773.7436     -374.19836      78207.62       42.764463      42.764463      42.764463      1.0667443      788.96426      1060.653       1010.9939    
    121000   121000         358.50442      1370.7939      14845.98       13299.586      8548.0001      4751.5858      3097.5347      6633.2507     -6703.4068     -70.812731     -3242.6139      12805.934     -7768.3002     -378.33694      77352.117      42.607959      42.607959      42.607959      1.0785424      1955.4533      383.15828      1773.77      
    122000   122000         364.42214      1328.907       14756.099      13264.384      8689.099       4575.285       3131.1781      6588.3654     -6790.4437     -71.401142     -3317.1676      12810.674     -7775.9205     -380.22065      76968.897      42.53748       42.53748       42.53748       1.0839123      2466.8126      768.85615      751.05208    
    123000   123000         368.56079      747.0278       14367.63       13516.612      8787.779       4728.8334      3167.0985      6607.8391     -6711.0124     -72.653114     -3246.4877      12769.316     -7785.2665     -374.64949      78113.449      42.747292      42.747292      42.747292      1.0680304      514.23262      210.48996      1516.3608    
    124000   124000         367.56658      652.9745       14135.606      13397.033      8764.0735      4632.9591      3115.7018      6532.4737     -6688.0422     -67.247156     -3272.4003      12785.836     -7773.363      -377.33678      77557.146      42.645572      42.645572      42.645572      1.0756911     -36.088169      67.398789      1927.6129    
    125000   125000         369.55466     -507.85159      13038.918      13614.236      8811.4765      4802.7598      3199.39        6636.94       -6739.0812     -69.045563     -3254.8738      12804.092     -7774.6616     -376.75185      77677.558      42.66763       42.66763       42.66763       1.0740237     -103.80531     -1141.9427     -277.80679    
    126000   126000         362.82204      811.31121      14190.234      13260.093      8650.9473      4609.1455      3156.5511      6359.3375     -6676.6549     -71.757956     -3206.0923      12814.958     -7767.1958     -372.27642      78611.381      42.83793       42.83793       42.83793       1.0612654      1053.4811     -504.51892      1884.9715    
    127000   127000         360.76759      456.29435      13866.089      13346.976      8601.9618      4745.0138      3170.5277      6515.1352     -6701.52       -71.589476     -3223.4332      12817.103     -7761.2097     -375.15405      78008.391      42.728119      42.728119      42.728119      1.0694687      121.23511      946.68828      300.95966    
    128000   128000         371.19233     -83.874905      13536.24       13632.066      8850.5242      4781.5418      3214.5844      6526.5389     -6725.9676     -69.992861     -3185.3387      12796.564     -7774.8465     -373.57346      78338.443      42.788295      42.788295      42.788295      1.0649629     -114.05459      878.48142     -1016.0515    
    129000   129000         361.79887     -1023.3339      12221.082      13386.233      8626.5511      4759.6823      3213.9845      6526.7535     -6654.0074     -73.249064     -3274.0391      12791.94      -7771.7002     -374.85359      78070.918      42.739532      42.739532      42.739532      1.0686122     -1959.6796      146.30649     -1256.6286    
    130000   130000         358.37287      902.46046      14216.325      13194.791      8544.8635      4649.9275      3236.1083      6333.5375     -6702.1486     -67.83526      -3190.091       12813.318     -7772.9611     -377.0527       77615.579      42.656279      42.656279      42.656279      1.0748813      1497.3635      1001.6494      208.36851    
    131000   131000         360.1771       348.4024       13546.632      13153.119      8587.8826      4565.2364      3159.361       6347.3178     -6647.1927     -69.571268     -3249.1411      12799.518     -7775.0553     -377.87569      77446.537      42.625289      42.625289      42.625289      1.0772274     -446.43065      1065.8771      425.76077    
    132000   132000         363.41465      687.21552      14074.66       13298.601      8665.0771      4633.5241      3199.2425      6477.7363     -6724.3652     -69.141227     -3308.7409      12833.16      -7774.3678     -377.94191      77432.967      42.622799      42.622799      42.622799      1.0774162      1091.3362      417.79704      552.51327    
    133000   133000         365.09541     -1054.3199      12162.865      13362.038      8705.1524      4656.8857      3147.828       6524.5616     -6640.3245     -69.914653     -3277.4272      12763.123     -7790.9605     -375.24715      77989.037      42.724585      42.724585      42.724585      1.0697341     -550.76782     -806.69793     -1805.494     
    134000   134000         364.91132     -552.48129      12651.112      13280.261      8700.7629      4579.4982      3193.3547      6400.5077     -6719.1315     -71.591551     -3252.2748      12806.011     -7777.3772     -374.79274      78083.592      42.741845      42.741845      42.741845      1.0684388     -693.51996     -894.34114     -69.582753    
    135000   135000         359.5563       717.60857      14150.458      13340.136      8573.0804      4767.0559      3237.4052      6466.3571     -6676.1331     -70.479295     -3216.1146      12789.277     -7763.2564     -377.96961      77427.293      42.621758      42.621758      42.621758      1.0774952      1551.529       1507.0581     -905.76136    
    136000   136000         364.61885     -793.31022      12626.935      13531.339      8693.7893      4837.5498      3163.9355      6686.5063     -6764.2504     -71.061554     -3222.5198      12801.58      -7756.6405     -374.3754       78170.637      42.757721      42.757721      42.757721      1.067249      -1281.2931     -262.62783     -836.00972    
    137000   137000         361.55499      416.6246       13844.712      13373.564      8620.7362      4752.8276      3195.0296      6490.8254     -6651.971      -73.590768     -3242.2482      12797.486     -7762.7033     -377.41083      77541.929      42.642782      42.642782      42.642782      1.0759022     -1713.9628      1156.5894      1807.2472    
    138000   138000         352.2963       425.27899      13541.791      13055.138      8399.9767      4655.1617      3203.993       6321.2614     -6633.0149     -72.197957     -3171.5317      12780.08      -7773.4277     -372.9767       78463.786      42.811103      42.811103      42.811103      1.0632617     -507.2891       1191.8839      591.24222    
    139000   139000         364.10179      586.56768      14204.767      13538.572      8681.4609      4857.1106      3277.0399      6583.3489     -6718.0749     -74.306822     -3196.5866      12772.65      -7786.9596     -375.78853      77876.681      42.704058      42.704058      42.704058      1.0712775     -192.55347      1341.8244      610.43206    
    140000   140000         358.32505     -59.389404      13192.066      13260.248      8543.7232      4716.5246      3132.7969      6484.3554     -6635.2985     -72.058647     -3189.6673      12782.394     -7785.9976     -371.76603      78719.305      42.857525      42.857525      42.857525      1.0598104     -1090.9766     -410.75735      1323.5658    
    141000   141000         359.89005     -940.35377      12360.572      13438.453      8581.0382      4857.4149      3232.9722      6593.7172     -6701.2997     -69.23283      -3171.9299      12757.537     -7784.3496     -372.34662      78596.56       42.835238      42.835238      42.835238      1.0614655     -709.13794     -980.92243     -1131.0009    
    142000   142000         361.92392      521.04744      13995.842      13407.586      8629.5327      4778.0536      3187.3604      6559.7381     -6683.0427     -69.626946     -3227.6459      12775.556     -7764.2856     -378.04021      77412.833      42.619104      42.619104      42.619104      1.0776965      718.42264     -160.30818      1005.0279    
    143000   143000         363.28049      177.06577      13516.777      13315.747      8661.8782      4653.8687      3128.0043      6553.0924     -6727.8111     -71.193715     -3229.6014      12773.048     -7771.6696     -375.92465      77848.483      42.698903      42.698903      42.698903      1.0716655      921.91468     -920.39225      529.67487    
    144000   144000         364.17314     -304.42884      13101.249      13447.793      8683.162       4764.6308      3132.875       6600.0508     -6584.0922     -74.281779     -3246.7407      12718.79      -7781.9703     -374.93417      78054.139      42.73647       42.73647       42.73647       1.0688419      196.47852     -979.78741     -129.97763    
    145000   145000         362.33224      170.18389      13381.48       13187.126      8639.2687      4547.857       3210.1574      6416.5663     -6720.2724     -71.016822     -3277.0467      12762.453     -7772.9842     -373.72487      78306.706      42.782516      42.782516      42.782516      1.0653945      345.64382     -1045.8801      1210.7879    
    146000   146000         362.31918     -233.67342      13076.016      13340.734      8638.9573      4701.777       3157.8777      6544.5832     -6739.8729     -73.540349     -3177.4013      12771.929     -7781.7981     -376.74944      77678.054      42.667721      42.667721      42.667721      1.0740168     -416.28261      116.85471     -401.59235    
    147000   147000         362.81116      2279.0081      15985.461      13379.311      8650.6877      4728.6229      3117.5098      6590.3656     -6772.9807     -69.234878     -3176.8225      12811.24      -7771.4548     -373.22711      78411.141      42.801526      42.801526      42.801526      1.0639755      2182.0594      402.48148      4252.4833    
    148000   148000         360.06415      618.52621      13900.223      13197.522      8585.1895      4612.3326      3161.9244      6501.1811     -6749.6302     -71.14361      -3260.2171      12799.108     -7768.8899     -375.6766       77899.884      42.708299      42.708299      42.708299      1.0709584      765.26857      448.30826      642.00181    
    149000   149000         367.23579      94.944757      13609.646      13500.614      8756.1865      4744.4279      3123.129       6580.1802     -6719.3899     -70.2628       -3182.4144      12791.835     -7778.6489     -371.65845      78742.092      42.86166       42.86166       42.86166       1.0595037      2116.2807      74.718901     -1906.1653    
    150000   150000         361.95702     -780.17165      12408.87       13290.286      8630.322       4659.9636      3205.1558      6518.8698     -6719.6203     -73.434415     -3251.5508      12766.961     -7786.4174     -377.77778      77466.608      42.628971      42.628971      42.628971      1.0769483     -81.818494     -736.76614     -1521.9303    
    151000   151000         362.79444     -1308.0593      11890.063      13391.967      8650.289       4741.6776      3191.2728      6604.3568     -6779.258      -73.846999     -3232.7307      12803.35      -7771.4666     -371.71694      78729.702      42.859411      42.859411      42.859411      1.0596704     -1531.7025     -2949.7423      557.26684    
    152000   152000         355.39625     -101.72811      13042.942      13158.748      8473.8902      4684.8575      3101.2365      6601.5496     -6732.0818     -74.753198     -3248.5552      12805.195     -7767.7335     -374.91949      78057.195      42.737028      42.737028      42.737028      1.0688001     -1112.5765      1493.8544     -686.46221    
    153000   153000         363.29588      364.15598      13624.442      13211.61       8662.2453      4549.3648      3117.5536      6549.6814     -6739.5937     -74.163756     -3315.5926      12789.149     -7777.6693     -376.47892      77733.87       42.677938      42.677938      42.677938      1.0732456      405.57589      167.0162       519.87585    
    154000   154000         357.07448      772.21132      13935.913      13070.93       8513.9052      4557.0251      3148.1156      6475.2125     -6694.8774     -71.011999     -3304.8212      12780.909     -7776.5018     -381.02677      76806.057      42.50746       42.50746       42.50746       1.0862104      891.33596      539.51933      885.77868    
    155000   155000         363.98475      235.67034      13479.015      13210.761      8678.6702      4532.0906      3096.7958      6423.4511     -6751.4381     -72.576866     -3179.2761      12788.561     -7773.4261     -374.95964      78048.836      42.735502      42.735502      42.735502      1.0689145      1307.5316      330.61962     -931.14024    
    156000   156000         355.44498      128.72169      13297.143      13151.041      8475.0523      4675.9882      3235.3639      6459.4976     -6747.3762     -70.274545     -3234.7162      12811.259     -7777.7652     -376.02768      77827.153      42.695003      42.695003      42.695003      1.0719592     -1679.7739      1306.9756      758.96337    
    157000   157000         359.01951      769.30855      13921.871      13048.816      8560.2815      4488.5344      3096.6264      6457.947      -6753.848      -70.295495     -3241.4553      12777.064     -7777.5041     -376.08489      77815.313      42.692838      42.692838      42.692838      1.0721223      1002.0543     -299.48899      1605.3604    
    158000   158000         362.16841     -953.34413      12276.91       13364.785      8635.3622      4729.4229      3192.7238      6551.8245     -6687.2802     -74.824765     -3210.2666      12749.719     -7792.4727     -374.02232      78244.432      42.771172      42.771172      42.771172      1.0662425     -903.5966      -1636.068      -320.36777    
    159000   159000         355.83353     -824.38056      12177.642      13108.142      8484.3166      4623.8253      3206.1521      6560.6638     -6717.5041     -70.385249     -3333.1927      12761.375     -7783.2834     -378.12772      77394.917      42.615816      42.615816      42.615816      1.0779459     -662.83782     -1470.2295     -340.07437    
    160000   160000         358.66277     -1376.4136      11550.358      13105.53       8551.7756      4553.7541      3221.3185      6360.6585     -6658.341      -67.923687     -3292.3146      12774.39      -7784.0334     -377.74399      77473.538      42.630242      42.630242      42.630242      1.076852      -1456.1471     -1239.2303     -1433.8632    
    161000   161000         360.5988       273.65853      13543.889      13231.918      8597.9374      4633.9803      3157.2902      6452.8977     -6671.3681     -69.685516     -3214.7556      12762.732     -7783.1299     -374.38789      78168.029      42.757246      42.757246      42.757246      1.0672846      273.05981     -1307.8363      1855.7521    
    162000   162000         355.07394      272.52119      13494.192      13184.691      8466.2052      4718.4859      3196.3487      6485.9516     -6640.4406     -67.07509      -3228.5345      12752.431     -7780.1951     -375.80768      77872.713      42.703333      42.703333      42.703333      1.0713321      578.47142     -956.14535      1195.2375    
    163000   163000         359.0471       944.78348      14120.679      13055.644      8560.9394      4494.705       3091.8947      6510.049      -6736.8609     -70.85317      -3256.9815      12745.836     -7788.3787     -378.61285      77295.748      42.597607      42.597607      42.597607      1.0793289     -488.11853      1687.3536      1635.1154    
    164000   164000         360.76493     -906.92838      12262.512      13308.133      8601.8985      4706.2349      3258.2838      6493.7785     -6752.8197     -73.265962     -3215.9082      12771.869     -7775.7023     -370.19042      79054.352      42.918242      42.918242      42.918242      1.0553187     -846.25398     -3316.9368      1442.4056    
    165000   165000         359.17701     -399.98688      12602.877      13056.163      8564.0368      4492.126       3085.8609      6547.0428     -6787.3761     -69.400876     -3299.9486      12785.028     -7769.0799     -376.61712      77705.347      42.672718      42.672718      42.672718      1.0736396     -2140.0587      165.58258      774.51547    
    166000   166000         360.16893      1382.9615      14809.959      13239.868      8587.6878      4652.1802      3115.8562      6549.0579     -6709.0913     -69.161934     -3225.8645      12767.705     -7776.3215     -375.93443      77846.457      42.698533      42.698533      42.698533      1.0716934      1718.1107      967.70529      1463.0686    
    167000   167000         363.96951     -512.26971      12747.683      13330.117      8678.3069      4651.8106      3154.6664      6519.184      -6662.4133     -67.685894     -3249.1153      12749.303     -7792.1279     -375.38605      77960.18       42.719315      42.719315      42.719315      1.0701301     -842.89897     -337.87459     -356.03558    
    168000   168000         361.31501      1884.6306      15203.877      13067.915      8615.0143      4452.9008      3050.4546      6466.7546     -6751.1757     -69.009027     -3261.3331      12793.711     -7776.5013     -376.58205      77712.583      42.674042      42.674042      42.674042      1.0735396      356.10001      2358.7401      2939.0516    
    169000   169000         366.01965      34.564744      13322.853      13283.458      8727.1895      4556.2687      3155.1248      6397.6091     -6668.8581     -72.638024     -3227.4927      12753.228     -7780.7046     -374.47481      78149.885      42.753937      42.753937      42.753937      1.0675324     -660.72282      926.5081      -162.09105    
    170000   170000         360.50028      752.69721      14173.973      13312.699      8595.5883      4717.1102      3114.6889      6559.0612     -6675.5051     -72.012435     -3202.7722      12772.367     -7778.7175     -372.99726      78459.46       42.810317      42.810317      42.810317      1.0633203     -772.21677      771.92387      2258.3845    
    171000   171000         353.95376     -257.61158      12683.661      12978.083      8439.4964      4538.5868      3104.1582      6447.2361     -6671.2127     -73.133652     -3246.1648      12752.028     -7774.3244     -373.4403       78366.377      42.79338       42.79338       42.79338       1.0645833      669.52172     -893.39716     -548.95931    
    172000   172000         357.35987     -315.83827      12914.299      13277.129      8520.7099      4756.4189      3175.929       6617.0868     -6752.7154     -74.240694     -3173.3233      12748.141     -7784.4587     -371.52541      78770.289      42.866775      42.866775      42.866775      1.0591244     -1367.4833      535.21863     -115.25012    
    173000   173000         361.85258      260.54825      13736.331      13439.571      8627.8319      4811.739       3185.2624      6645.2519     -6727.0215     -71.436729     -3248.7831      12799.363     -7770.8969     -374.72191      78098.353      42.744538      42.744538      42.744538      1.0682368      1589.9071      557.35106     -1365.6134    
    174000   174000         358.84001      347.21492      13577.859      13183.095      8556.0016      4627.0938      3142.395       6489.865      -6741.6993     -71.765185     -3223.6898      12805.511     -7773.5226     -375.39489      77958.342      42.718979      42.718979      42.718979      1.0701553     -1093.3802      1376.565       758.46002    
    175000   175000         357.84755     -1557.7481      11319.24       13102.612      8532.3379      4570.2736      3175.8465      6460.1243     -6746.5198     -70.333765     -3255.1965      12773.649     -7767.296      -372.80544      78499.83       42.817658      42.817658      42.817658      1.0627735     -204.10076     -1476.6612     -2992.4823    
    176000   176000         356.58389      697.92391      13872.574      13085.301      8502.2079      4583.0934      3198.8369      6426.8425     -6655.3723     -71.182453     -3252.6685      12726.921     -7790.2832     -378.36396      77346.595      42.606945      42.606945      42.606945      1.0786194      1572.0266      1011.7291     -489.98393    
    177000   177000         364.94433     -1054.3032      12293.426      13493.802      8701.5499      4792.2522      3220.8271      6664.9543     -6744.909      -76.908087     -3256.7073      12765.786     -7780.791      -374.86499      78068.542      42.739098      42.739098      42.739098      1.0686447     -501.86554     -1574.2737     -1086.7703    
    178000   178000         355.54852     -321.38104      12710.859      13076.871      8477.521       4599.3499      3138.3716      6460.7287     -6726.9707     -70.205221     -3248.1188      12812.037     -7766.4931     -374.75903      78090.617      42.743126      42.743126      42.743126      1.0683426      473.09        -386.15979     -1051.0733    
    179000   179000         365.20904     -957.45308      12354.572      13441.624      8707.8615      4733.762       3213.9421      6562.6129     -6783.8376     -75.332059     -3244.5307      12824.702     -7763.7943     -375.91892      77849.67       42.69912       42.69912       42.69912       1.0716492     -538.55749     -205.79992     -2128.0018    
    180000   180000         355.23625      620.12837      13717.401      13010.617      8470.0753      4540.542       3107.2033      6487.2003     -6802.8015     -78.949271     -3216.9461      12818.455     -7773.6201     -374.47423      78150.007      42.753959      42.753959      42.753959      1.0675307      963.16681      1208.0128     -310.79449    
    181000   181000         353.99838      949.00456      14006.818      12930.209      8440.5602      4489.649       3141.4044      6472.3711     -6830.455      -66.682629     -3243.565       12801.417     -7784.8411     -376.21602      77788.19       42.687877      42.687877      42.687877      1.0724962      1717.3884      428.2077       701.41757    
    182000   182000         356.29853      223.32252      13258.895      13006.176      8495.404       4510.7725      3105.241       6462.9677     -6737.4614     -69.240137     -3253.3691      12794.975     -7792.3406     -377.15736      77594.042      42.652333      42.652333      42.652333      1.0751797      1273.6675     -434.51531     -169.18462    
    183000   183000         358.2507      -51.178576      13134.99       13193.432      8541.9505      4651.4817      3171.979       6579.6152     -6770.9278     -68.026573     -3250.2006      12767.848     -7778.8059     -373.75582      78300.223      42.781335      42.781335      42.781335      1.0654827     -472.58719     -900.55929      1219.6108    
    184000   184000         357.83045     -322.12822      12673.818      13042.044      8531.9303      4510.1141      3225.9756      6272.2917     -6640.3966     -69.842369     -3261.8249      12769.071     -7785.1605     -373.37099      78380.926      42.796028      42.796028      42.796028      1.0643857     -232.85761     -240.13429     -493.39276    
    185000   185000         353.20111     -18.712655      12884.522      12905.797      8421.5505      4484.2466      3150.2502      6333.7135     -6703.6635     -71.376791     -3210.3856      12769.157     -7783.4486     -375.40032      77957.214      42.718773      42.718773      42.718773      1.0701708      468.1144      -380.41978     -143.83259    
    186000   186000         357.28088     -373.07176      12574.431      12998.532      8518.8265      4479.7055      3121.5824      6430.086      -6698.8301     -74.975014     -3242.2772      12727.912     -7783.7926     -375.44804      77947.306      42.716963      42.716963      42.716963      1.0703068      625.37951     -2168.0656      423.4708     
    187000   187000         353.04831     -104.25251      12765.032      12882.94       8417.9073      4465.0331      3124.5506      6560.2066     -6758.4273     -73.811335     -3374.218       12773.28      -7786.5478     -377.371        77550.113      42.644283      42.644283      42.644283      1.0757887     -698.09638      2267.4231     -1882.0843    
    188000   188000         356.09683     -515.52122      12379.578      12967.339      8490.5946      4476.744       3144.5375      6384.0656     -6716.9211     -65.090729     -3244.3595      12752.761     -7778.2483     -374.34585      78176.808      42.758846      42.758846      42.758846      1.0671648     -354.66986     -311.91713     -879.97666    
    189000   189000         353.25676     -955.58547      11942.259      13025.926      8422.8774      4603.0486      3194.9692      6463.5713     -6748.0881     -72.668724     -3231.4959      12769.212     -7772.4506     -376.35745      77758.958      42.682529      42.682529      42.682529      1.0728993     -2692.39       -543.85405      369.48765    
    190000   190000         355.16805      189.3496       13307.089      13092.535      8468.4492      4624.0856      3184.5973      6443.398      -6666.2394     -68.190427     -3272.0622      12782.611     -7780.0289     -376.66422      77695.628      42.670938      42.670938      42.670938      1.0737739      1282.1314     -1633.4499      919.36724    
    191000   191000         350.47865      272.36503      13265.718      12955.932      8356.6374      4599.2946      3157.3463      6516.0206     -6769.5941     -69.793687     -3212.3614      12749.934     -7772.2575     -375.24633      77989.206      42.724616      42.724616      42.724616      1.0697318      1071.0787     -135.72827     -118.25539    
    192000   192000         364.27783     -666.67755      12787.414      13548.315      8685.6582      4862.6568      3258.3305      6585.5384     -6592.7234     -72.769335     -3245.1957      12717.971     -7788.4946     -373.9511       78259.333      42.773887      42.773887      42.773887      1.0660394     -1186.1553      1072.8425     -1886.7198    
    193000   193000         355.86807     -358.09409      12687.226      13090.945      8485.1402      4605.8045      3181.2711      6495.9174     -6693.3213     -71.668753     -3267.6414      12748.272     -7787.0247     -378.56894      77304.713      42.599254      42.599254      42.599254      1.0792037     -39.619145      192.71361     -1227.3767    
    194000   194000         359.88623     -316.6614       12671.6        13029.778      8580.9471      4448.8312      3162.3631      6320.4283     -6773.3025     -67.782535     -3186.5433      12779.804     -7786.1357     -377.33072      77558.392      42.6458        42.6458        42.6458        1.0756739     -1319.0182     -91.093102      460.12708    
    195000   195000         355.34709     -22.720531      12908.297      12933.882      8472.7181      4461.1641      3173.1452      6389.9304     -6745.5768     -67.098027     -3297.5905      12790.21      -7781.8565     -379.01448      77213.84       42.582555      42.582555      42.582555      1.0804739      1106.0213      225.49309     -1399.676     
    196000   196000         352.81633      633.3631       13729.731      13011.266      8412.3761      4598.8896      3153.6763      6477.4506     -6732.8956     -68.443859     -3255.1267      12809.392     -7785.1631     -376.24775      77781.631      42.686677      42.686677      42.686677      1.0725866      175.40551      1498.5287      226.15515    
    197000   197000         350.49426     -529.20005      12127.453      12727.508      8357.0098      4370.4985      3026.0429      6472.1595     -6775.9486     -71.591395     -3255.5262      12762.594     -7787.2313     -376.40532      77749.071      42.68072       42.68072       42.68072       1.0730358     -1391.6505     -1015.7302      819.78051    
    198000   198000         359.00214      370.19152      13497.496      13075.213      8559.8673      4515.3461      3136.1803      6451.3873     -6731.9156     -71.744195     -3240.5412      12763.988     -7792.0084     -374.1534       78217.018      42.766176      42.766176      42.766176      1.0666162      112.27883      906.87659      91.419138    
    199000   199000         356.25801     -697.23894      12121.824      12918.292      8494.4378      4423.8546      3020.9143      6443.8902     -6671.0527     -68.883318     -3280.5338      12761.462     -7781.942      -373.62834      78326.937      42.7862        42.7862        42.7862        1.0651193     -1981.2579     -166.03407      55.57517     
    200000   200000         349.65035      1356.2398      14362.482      12829.937      8336.888       4493.0486      3130.9221      6353.2916     -6720.3383     -69.342083     -3199.3983      12777.085     -7779.1715     -377.70261      77482.026      42.631799      42.631799      42.631799      1.076734       445.90888      1242.0485      2380.7619    
    201000   201000         350.94039     -920.95783      11795.429      12845.267      8367.6471      4477.6199      3190.9121      6389.908      -6717.3828     -69.07489      -3290.0539      12751.006     -7777.6947     -374.40738      78163.961      42.756504      42.756504      42.756504      1.0673402     -736.13696     -540.43703     -1486.2995    
    202000   202000         355.49318      255.8331       13304.708      13013.321      8476.2016      4537.1198      3080.5414      6412.1652     -6610.4462     -67.064299     -3243.9376      12753.381     -7787.5196     -374.72639      78097.418      42.744367      42.744367      42.744367      1.0682496      489.25515      1200.4179     -922.17374    
    203000   203000         351.99721      580.31951      13628.046      12964.446      8392.8454      4571.601       3179.3979      6379.4193     -6749.9885     -68.651453     -3200.509       12812.393     -7780.4606     -373.23983      78408.468      42.80104       42.80104       42.80104       1.0640118      495.78462      1971.3904     -726.21645    
    204000   204000         353.44185     -296.41124      12629.509      12967.983      8427.2906      4540.692       3151.7872      6336.2324     -6660.6031     -71.051222     -3191.947       12765.886     -7789.612      -373.76357      78298.597      42.781039      42.781039      42.781039      1.0655049     -604.12928     -387.57401      102.46956    
    205000   205000         350.13539      76.121657      12898.727      12811.419      8348.453       4462.9657      3101.3633      6339.155      -6685.7121     -70.13472      -3208.768       12764.666     -7777.6041     -372.11489      78645.506      42.844127      42.844127      42.844127      1.0608049      1018.1369     -534.11986     -255.65211    
    206000   206000         354.57488      152.35398      13155.184      12980.46       8454.306       4526.1537      3133.3232      6347.0035     -6641.8256     -70.67882      -3188.3296      12737.518     -7790.8569     -372.1576       78636.48       42.842488      42.842488      42.842488      1.0609266     -1871.9968      566.03889      1763.0198    
    207000   207000         351.90972      384.56184      13351.926      12912.615      8390.7593      4521.8558      3124.0474      6393.4731     -6725.8098     -65.648806     -3210.0964      12786.697     -7780.8072     -373.61234      78330.292      42.786811      42.786811      42.786811      1.0650737      895.54015      1732.7365     -1474.5911    
    208000   208000         357.21164     -801.28994      12270.691      13194.835      8517.1756      4677.6599      3241.2984      6498.9718     -6756.6317     -68.898444     -3194.7873      12737.598     -7779.8909     -370.06389      79081.381      42.923133      42.923133      42.923133      1.054958      -731.16829     -637.62544     -1035.0761    
    209000   209000         357.50789      396.79601      13483.972      13031.928      8524.2393      4507.6888      3076.299       6588.1814     -6815.0138     -75.979404     -3224.3313      12754.323     -7795.7902     -374.63961      78115.508      42.747667      42.747667      42.747667      1.0680022     -809.4302       130.45385      1869.3644    
    210000   210000         352.53117      1174.3055      14070.863      12745.831      8405.5769      4340.2537      3085.0618      6308.7819     -6708.4674     -64.976416     -3276.573       12783.119     -7786.6926     -378.25214      77369.459      42.611143      42.611143      42.611143      1.0783006      1629.5098      2420.7842     -527.37748    
    211000   211000         354.07933      472.04721      13533.886      12994.997      8442.4904      4552.507       3098.5013      6553.9503     -6800.4636     -71.793684     -3282.8252      12819.461     -7764.3225     -373.86394      78277.577      42.77721       42.77721       42.77721       1.065791       1615.8687     -457.07307      257.34602    
    212000   212000         352.06325      1142.6585      14194.915      12895.844      8394.42        4501.4241      3124.5081      6522.1138     -6854.2185     -73.84096      -3267.9045      12821.295     -7770.5293     -375.41411      77954.352      42.71825       42.71825       42.71825       1.0702101      409.2812       336.62022      2682.0742    
    213000   213000         356.33509     -526.33784      12314.945      12914.662      8496.2756      4418.3861      3130.0982      6396.5172     -6791.9652     -67.364153     -3278.4497      12804.1       -7774.55       -374.58038      78127.861      42.74992       42.74992       42.74992       1.0678334      591.63043     -1413.2342     -757.40974    
    214000   214000         356.47529     -658.11483      12148.163      12886.975      8499.6184      4387.3561      3118.5684      6434.967      -6783.3421     -75.123277     -3310.8196      12790.7       -7787.594      -380.1849       76976.133      42.538813      42.538813      42.538813      1.0838104     -982.8467      -879.17783     -112.31995    
    215000   215000         353.49213     -60.00237       12741.135      12808.945      8428.4895      4380.4557      3054.534       6417.1612     -6759.1696     -73.823985     -3283.6056      12809.61      -7784.2501     -377.65795      77491.188      42.633479      42.633479      42.633479      1.0766067      165.05817     -145.45648     -199.6088     
    216000   216000         349.95585     -214.38893      12619.273      12863.38       8344.1722      4519.2075      3102.2384      6413.9826     -6726.4666     -66.995081     -3245.3622      12820.524     -7778.7136     -374.84322      78073.077      42.739926      42.739926      42.739926      1.0685827      1247.1763     -1899.0027      8.6596379    
    217000   217000         353.77648      530.30146      13584.698      12986.939      8435.2693      4551.6698      3121.3066      6482.7842     -6757.9524     -65.133546     -3244.4027      12799.218     -7784.1508     -378.6378       77290.655      42.596671      42.596671      42.596671      1.0794         791.03647      8.4937119      791.37419    
    218000   218000         354.7552       936.78907      13772.218      12711.902      8458.6054      4253.2966      3079.7588      6384.7903     -6861.8837     -71.925426     -3282.6735      12785.629     -7780.3987     -377.07976      77610.01       42.655259      42.655259      42.655259      1.0749584      1345.2674      1723.3091     -258.20935    
    219000   219000         353.17823     -343.26357      12355.162      12742.923      8421.005       4321.9177      3107.4444      6297.5756     -6798.6208     -73.318281     -3246.7502      12813.608     -7778.0205     -377.8255       77456.824      42.627176      42.627176      42.627176      1.0770844     -1375.6593     -267.03784      612.90644    
    220000   220000         356.69827     -919.04551      11818.376      12868.508      8504.9351      4363.5726      3112.5621      6375.5376     -6792.4767     -71.02402      -3287.2321      12800.151     -7773.9457     -373.52542      78348.519      42.790129      42.790129      42.790129      1.0648259     -3047.1818      710.36925     -420.32401    
    221000   221000         354.95488      606.47908      13461.689      12780.798      8463.3665      4317.431       3125.5784      6363.6353     -6820.9643     -68.845657     -3291.8856      12793.061     -7783.1476     -380.15853      76981.474      42.539796      42.539796      42.539796      1.0837352      809.9601       987.17363      22.303505    
    222000   222000         351.09315     -293.86631      12326.359      12658.986      8371.2894      4287.697       3041.8928      6276.3124     -6686.6517     -71.796643     -3263.1238      12783.639     -7792.5754     -377.067        77612.634      42.655739      42.655739      42.655739      1.0749221      202.32195     -622.96935     -460.95154    
    223000   223000         353.62805      251.33922      13015.932      12733.211      8431.7303      4301.4803      3048.6993      6369.4982     -6701.2516     -67.070017     -3338.7472      12780.12      -7789.7686     -379.4273       77129.831      42.567106      42.567106      42.567106      1.0816507      1143.9047     -673.48657      283.59951    
    224000   224000         348.94263     -112.59216      12692.625      12820.853      8320.0135      4500.8395      3129.0247      6424.3508     -6703.6625     -69.683554     -3231.7148      12748.263     -7795.7382     -374.7599       78090.435      42.743093      42.743093      42.743093      1.0683451      538.06651     -1050.0539      174.21086    
    225000   225000         347.98006     -2324.8928      10245.455      12887.453      8297.0623      4590.3908      3220.472       6485.1244     -6762.1814     -72.542165     -3269.9042      12770.561     -7781.139      -375.57554      77920.846      42.712129      42.712129      42.712129      1.0706703     -2708.8875     -1959.5926     -2306.1984    
    226000   226000         352.77265      667.73097      13597.539      12839.393      8411.3346      4428.0585      3145.4793      6271.9275     -6716.3325     -72.102442     -3169.8459      12754.829     -7785.8968     -375.90261      77853.047      42.699737      42.699737      42.699737      1.0716027      1542.9637     -309.94177      770.171      
    227000   227000         353.70861     -63.644697      12760.437      12832.966      8433.6511      4399.315       3093.2061      6345.6086     -6731.4318     -71.159826     -3203.1745      12760.646     -7794.38       -374.52016      78140.423      42.752212      42.752212      42.752212      1.0676617     -136.72837     -944.98993      890.7842     
    228000   228000         354.25867     -1085.6585      11668.043      12895.685      8446.7665      4448.9184      3108.7318      6485.6103     -6760.1507     -70.750257     -3267.9641      12740.582     -7787.1405     -377.44054      77535.824      42.641663      42.641663      42.641663      1.075987      -459.44976     -715.91031     -2081.6155    
    229000   229000         347.30326      290.34773      13023.211      12692.377      8280.9252      4411.4517      3094.9975      6406.6528     -6747.481      -69.789754     -3271.4423      12776.596     -7778.0817     -374.57163      78129.685      42.750253      42.750253      42.750253      1.0678084      845.29679      84.824953     -59.078538    
    230000   230000         352.7764      -313.21832      12455.41       12811.406      8411.4239      4399.9824      3063.8399      6390.9182     -6717.1766     -71.488069     -3258.1714      12778.994     -7786.9333     -375.51647      77933.102      42.714368      42.714368      42.714368      1.0705019     -156.55158      591.86166     -1374.965     
    231000   231000         348.66734     -2159.1921      10399.208      12848.177      8313.4496      4534.7273      3168.7001      6452.1078     -6631.5621     -71.107045     -3338.6089      12741.128     -7785.9305     -376.30059      77770.71       42.684679      42.684679      42.684679      1.0727372      430.70364     -3797.1059     -3111.1741    
    232000   232000         349.94007      1208.9175      14117.857      12750.68       8343.7959      4406.8846      3088.452       6462.8872     -6818.2637     -68.29096      -3279.6275      12793.272     -7771.5447     -377.39736      77544.696      42.64329       42.64329       42.64329       1.0758639      570.37649      2133.5597      922.81631    
    233000   233000         356.34213     -422.65499      12442.188      12920.981      8496.4434      4424.5372      3174.0735      6365.8667     -6788.989      -67.992064     -3250.9673      12781.219     -7788.6736     -376.76076      77675.721      42.667294      42.667294      42.667294      1.0740491     -1082.0918     -246.80308      60.929948    
    234000   234000         348.25239     -624.96262      11982.931      12679.37       8303.5558      4375.8139      3086.1555      6398.044      -6665.4516     -70.523414     -3318.5992      12741.594     -7795.4051     -382.99941      76410.467      42.434356      42.434356      42.434356      1.0918339     -1738.4454      132.6314      -269.07387    
    235000   235000         353.75733     -352.08905      12525.898      12923.223      8434.8127      4488.4101      3154.3087      6436.3442     -6751.9641     -69.188415     -3284.6292      12783.775     -7780.236      -378.21081      77377.913      42.612695      42.612695      42.612695      1.0781828     -966.56905     -430.03372      340.33561    
    236000   236000         349.66769     -1072.8756      11470.111      12679.172      8337.3014      4341.871       3086.1094      6356.5329     -6726.1142     -68.788656     -3279.7083      12763.459     -7789.6187     -378.72845      77272.155      42.593272      42.593272      42.593272      1.0796585     -1515.679       760.37177     -2463.3195    
    237000   237000         350.31535     -946.22644      11610.238      12668.822      8352.744       4316.0785      3024.6461      6594.143      -6821.9342     -70.867394     -3365.6276      12741.66      -7785.9417     -381.50146      76710.489      42.489823      42.489823      42.489823      1.0875636     -1489.5692     -310.86627     -1038.2438    
    238000   238000         353.71277      1031.3177      13967.51       12795.768      8433.7504      4362.0178      3057.7684      6341.6177     -6726.6936     -68.87739      -3238.1259      12767.822     -7771.4931     -375.65333      77904.71       42.709181      42.709181      42.709181      1.0708921      1159.5012      995.1065       939.34548    
    239000   239000         352.4523      -312.81055      12346.344      12697.219      8403.6964      4293.5229      3133.4844      6241.4471     -6709.9759     -73.588666     -3273.0635      12754.445     -7779.2253     -380.50022      76912.343      42.527059      42.527059      42.527059      1.0847093     -1486.8437      1650.1191     -1101.707     
    240000   240000         354.34874      1059.639       14100.25       12899.699      8448.9141      4450.7848      3083.4426      6389.9708     -6763.0992     -70.809678     -3171.0584      12760.662     -7778.3235     -376.70743      77686.718      42.669307      42.669307      42.669307      1.073897       2574.4052     -512.66186      1117.1737    
    241000   241000         351.39277      310.5863       13078.106      12725.957      8378.4333      4347.5237      3029.6393      6409.4391     -6763.6627     -69.919207     -3212.9685      12736.872     -7781.8759     -376.42876      77744.229      42.679834      42.679834      42.679834      1.0731026      480.86521      583.50378     -132.61009    
    242000   242000         352.98761     -1142.4237      11487.309      12779.17       8416.46        4362.7103      3062.4017      6301.9191     -6686.8916     -64.376654     -3243.27        12773.738     -7780.8106     -377.43163      77537.654      42.641999      42.641999      42.641999      1.0759616     -477.69143     -2161.8599     -787.71967    
    243000   243000         345.46682     -914.14233      11500.294      12535.423      8237.1381      4298.2848      3058.9796      6411.6847     -6815.6373     -68.094035     -3273.2649      12771.635     -7787.0182     -376.91744      77643.432      42.661381      42.661381      42.661381      1.0744957     -1279.7717      442.15289     -1904.8082    
    244000   244000         349.8135       247.89686      13004.348      12723.127      8340.778       4382.3488      3085.6291      6306.4173     -6682.6597     -66.914777     -3251.0799      12771.221     -7780.2641     -376.22632      77786.061      42.687487      42.687487      42.687487      1.0725255     -1313.3671      1449.5451      607.51262    
    245000   245000         351.07924     -1851.8247      10799.602      12912.276      8370.9577      4541.3183      3184.6712      6402.222      -6731.7224     -70.359803     -3259.0296      12794.793     -7779.2558     -374.10569      78226.995      42.767994      42.767994      42.767994      1.0664801     -2632.4052     -1096.9367     -1826.1321    
    246000   246000         353.43068      198.61891      13166.919      12942.336      8427.0242      4515.3123      3101.8812      6459.2513     -6708.3719     -67.808428     -3245.2543      12754.301     -7778.6863     -377.46099      77531.624      42.640893      42.640893      42.640893      1.0760453      935.50044     -920.04649      580.40278    
    247000   247000         351.55071      776.71081      13550.396      12672.499      8382.1991      4290.2999      3019.9881      6412.2518     -6843.57       -70.998149     -3291.1528      12828.177     -7764.3961     -377.60949      77501.134      42.635303      42.635303      42.635303      1.0764686      1022.5204      874.51953      433.09246    
    248000   248000         347.7199      -367.27011      12176.384      12591.364      8290.8594      4300.5045      3018.5902      6403.2822     -6816.199      -68.356291     -3278.3141      12810.023     -7768.5217     -377.73358      77475.673      42.630634      42.630634      42.630634      1.0768223     -1544.8173      1520.0412     -1077.0342    
    249000   249000         349.11955      140.736        12723.956      12565.053      8324.2318      4240.8214      3005.6565      6412.2072     -6811.8738     -68.747198     -3297.7282      12782.167     -7780.8604     -378.00775      77419.48       42.620324      42.620324      42.620324      1.0776039      2173.15       -946.55682     -804.38516    
    250000   250000         350.33617     -1150.2387      11492.063      12803.796      8353.2403      4450.5553      3132.9375      6397.3904     -6754.8298     -68.976765     -3237.9587      12765.806     -7783.8129     -374.25677      78195.416      42.762239      42.762239      42.762239      1.0669108     -1262.9752     -3025.4116      837.67071    
Loop time of 515.85 on 1 procs for 250000 steps with 8000 atoms

Performance: 41.873 ns/day, 0.573 hours/ns, 484.637 timesteps/s, 3.877 Matom-step/s
100.0% CPU use with 1 MPI tasks x 1 OpenMP threads

MPI task timing breakdown:
Section |  min time  |  avg time  |  max time  |%varavg| %total
---------------------------------------------------------------
Pair    | 67.679     | 67.679     | 67.679     |   0.0 | 13.12
Bond    | 56.271     | 56.271     | 56.271     |   0.0 | 10.91
Kspace  | 245.08     | 245.08     | 245.08     |   0.0 | 47.51
Neigh   | 46.723     | 46.723     | 46.723     |   0.0 |  9.06
Comm    | 7.45       | 7.45       | 7.45       |   0.0 |  1.44
Output  | 2.7646     | 2.7646     | 2.7646     |   0.0 |  0.54
Modify  | 79.636     | 79.636     | 79.636     |   0.0 | 15.44
Other   |            | 10.24      |            |       |  1.99

Nlocal:           8000 ave        8000 max        8000 min
Histogram: 1 0 0 0 0 0 0 0 0 0
Nghost:          21083 ave       21083 max       21083 min
Histogram: 1 0 0 0 0 0 0 0 0 0
Neighs:              0 ave           0 max           0 min
Histogram: 1 0 0 0 0 0 0 0 0 0
FullNghs:  5.20776e+06 ave 5.20776e+06 max 5.20776e+06 min
Histogram: 1 0 0 0 0 0 0 0 0 0

Total # of neighbors = 5207760
Ave neighs/atom = 650.97
Ave special neighs/atom = 5.7025
Neighbor list builds = 8643
Dangerous builds = 0

# --- Cleanup ---
unfix npt_fix

undump dump_npt

# --- Write Output ---
write_dump all custom cool_block_06_last.dump id type mol x y z xu yu zu vx vy vz modify sort id
write_data /home/alexzhao/PolyJarvis/data/PEG_COMPASS_2/attempts/cooling/attempt-0001/work/cool_block_06/cool_block_06_out.data
System init for write_data ...
PPPM Kokkos initialization ...
  using 12-bit tables for long-range coulomb
  G vector (1/distance) = 0.30480497
  grid = 32 32 32
  stencil order = 5
  estimated absolute RMS force accuracy = 0.00038797295
  estimated relative force accuracy = 1.168369e-06
  using double precision cuFFT
  3d grid and FFT values/proc = 59319 32768
Generated 15 of 15 mixed pair_coeff terms from sixthpower/sixthpower mixing rule
write_restart /home/alexzhao/PolyJarvis/data/PEG_COMPASS_2/attempts/cooling/attempt-0001/work/cool_block_06/cool_block_06_out.restart
System init for write_restart ...
PPPM Kokkos initialization ...
  using 12-bit tables for long-range coulomb
  G vector (1/distance) = 0.30480497
  grid = 32 32 32
  stencil order = 5
  estimated absolute RMS force accuracy = 0.00038797295
  estimated relative force accuracy = 1.168369e-06
  using double precision cuFFT
  3d grid and FFT values/proc = 59319 32768
Generated 15 of 15 mixed pair_coeff terms from sixthpower/sixthpower mixing rule

print "STAGE COMPLETE: NPT T=375.0->350.0K P=1.0->1.0atm steps=250000"
STAGE COMPLETE: NPT T=375.0->350.0K P=1.0->1.0atm steps=250000
quit
