units real
atom_style full
boundary p p p

# --- Force Field Styles ---
pair_style lj/class2/coul/long 9.5 9.5
kspace_style pppm 1e-6
dielectric 1.000000
bond_style class2
angle_style class2
dihedral_style class2
improper_style class2
special_bonds lj/coul 0 0 1
pair_modify mix sixthpower tail yes
neighbor 2.0 bin
neigh_modify delay 0 every 1 check yes
neigh_modify one 4000
# KOKKOS: package loaded via -pk kokkos on the command line

read_data /home/alexzhao/PolyJarvis/data/PEG_1/attempts/equilibration/attempt-0001/work/npt_melt_hold/npt_melt_hold_out.data
Reading data file ...
  orthogonal box = (3.4081112 3.4081112 3.4081112) to (48.113946 48.113946 48.113946)
  1 by 1 by 1 MPI processor grid
  reading atoms ...
  8000 atoms
  reading velocities ...
  8000 velocities
  scanning bonds ...
  4 = max bonds/atom
  scanning angles ...
  10 = max angles/atom
  scanning dihedrals ...
  16 = max dihedrals/atom
  scanning impropers ...
  7 = max impropers/atom
  orthogonal box = (3.4081112 3.4081112 3.4081112) to (48.113946 48.113946 48.113946)
  1 by 1 by 1 MPI processor grid
  reading bonds ...
  7990 bonds
  reading angles ...
  14820 angles
  reading dihedrals ...
  17070 dihedrals
  reading impropers ...
  9120 impropers
Finding 1-2 1-3 1-4 neighbors ...
  special bond factors lj:    0        0        1       
  special bond factors coul:  0        0        1       
     4 = max # of 1-2 neighbors
     6 = max # of 1-3 neighbors
     8 = max # of special neighbors
  special bonds CPU = 0.004 seconds
  read_data CPU = 0.208 seconds


# --- Thermo Output ---
thermo_style custom step time temp press enthalpy etotal ke pe ebond eangle edihed eimp evdwl ecoul elong etail vol lx ly lz density pxx pyy pzz
thermo_modify flush yes
thermo 1000

# --- Trajectory ---
dump dump_npt all custom 1000 cool_block_01.dump id type mol x y z ix iy iz vx vy vz


# --- Restart Checkpointing ---
restart 10000 npt_1.rst npt_2.rst

# --- Initial Velocities (optional) ---
# Velocities read from data file

# --- SHAKE Constraints ---
# SHAKE disabled

# --- NPT Thermostat + Barostat (Nose-Hoover) ---
# T_damp = 100.0 fs  (heat bath coupling)
# P_damp = 1000.0 fs  (pressure bath coupling, ~10x T_damp typical)
# Ramp: T=500.0->475.0K  P=1.0->1.0atm
timestep 1.0
fix npt_fix all npt temp 500.0 475.0 100.0 iso 1.0 1.0 1000.0

run 250000
PPPM Kokkos initialization ...
  using 12-bit tables for long-range coulomb
  G vector (1/distance) = 0.30132561
  grid = 32 32 32
  stencil order = 5
  estimated absolute RMS force accuracy = 0.00031338745
  estimated relative force accuracy = 9.4375698e-07
  using double precision cuFFT
  3d grid and FFT values/proc = 59319 32768
Generated 10 of 10 mixed pair_coeff terms from sixthpower/sixthpower mixing rule
Neighbor list info ...
  update: every = 1 steps, delay = 0 steps, check = yes
  max neighbors/atom: 4000, page size: 100000
  master list distance cutoff = 11.5
  ghost atom cutoff = 11.5
  binsize = 11.5, bins = 4 4 4
  1 neighbor lists, perpetual/occasional/extra = 1 0 0
  (1) pair lj/class2/coul/long/kk, perpetual
      attributes: full, newton off, kokkos_device
      pair build: full/bin/kk/device
      stencil: full/bin/3d
      bin: kk/device
Per MPI rank memory allocation (min/avg/max) = 34.35 | 34.35 | 34.35 Mbytes
   Step          Time           Temp          Press         Enthalpy        TotEng         KinEng         PotEng         E_bond        E_angle        E_dihed        E_impro         E_vdwl         E_coul         E_long         E_tail         Volume           Lx             Ly             Lz          Density          Pxx            Pyy            Pzz      
         0   0              503.23243      210.56552      16463.329      16188.947      11998.822      4190.1251      4558.6941      8332.6316     -8963.3671     -92.390997     -2188.6375      7998.6562     -5455.4611     -466.86951      89349.603      44.705835      44.705835      44.705835      0.93372027    -1910.6841     -78.165203      2620.5458    
      1000   1000           497.4465       701.77336      16817.199      15917.225      11860.866      4056.3594      4500.8965      8475.5196     -9060.5263     -98.086787     -2307.2911      8004.1594     -5458.3119     -474.38491      87934.091      44.468495      44.468495      44.468495      0.94875075    -60.335794      309.11974      1856.5361    
      2000   2000           494.84004      329.02251      16254.916      15825.058      11798.718      4026.3401      4475.8669      8335.657      -9017.6569     -103.31666     -2234.748       8021.1669     -5450.6292     -465.65543      89582.561      44.744654      44.744654      44.744654      0.93129214    -138.10196      1162.6748     -37.505297    
      3000   3000           498.49821     -442.71863      15487.103      16060.768      11885.942      4174.8266      4571.2356      8389.3039     -8968.5993     -100.69666     -2272.1979      8016.3491     -5460.5683     -469.49714      88849.541      44.622277      44.622277      44.622277      0.93897542    -974.84693     -223.68128     -129.62766    
      4000   4000           503.37845      577.72117      17024.195      16271.301      12002.304      4268.9974      4483.6601      8559.7809     -9044.731      -95.762532     -2202.9079      8017.0684     -5448.1105     -466.81915      89359.243      44.707443      44.707443      44.707443      0.93361954     1548.4823      620.93222     -436.25098    
      5000   5000           499.64192      1282.0383      17660.67       15981.708      11913.212      4068.4955      4394.2861      8338.0169     -8930.1514     -88.168426     -2197.1281      8009.299      -5457.6585     -464.54102      89797.465      44.780406      44.780406      44.780406      0.92906337     2265.9725     -556.84428      2136.9869    
      6000   6000           501.05517      1368.8495      18041.18       16264.404      11946.909      4317.4955      4636.5049      8335.7287     -8926.8908     -97.23457      -2201.0101      8025.8545     -5455.4572     -468.6916       89002.247      44.647827      44.647827      44.647827      0.93736438     597.73923      2033.1499      1475.6594    
      7000   7000           491.91536     -598.82124      15169.108      15946.787      11728.984      4217.8036      4510.7052      8517.9318     -8954.5545     -98.693317     -2290.8811      7988.3127     -5455.0172     -468.44737      89048.649      44.655585      44.655585      44.655585      0.93687592     124.70355     -834.43648     -1086.7308    
      8000   8000           500.01904     -2227.7935      13203.527      16098.218      11922.204      4176.0139      4592.6295      8483.5514     -9008.1703     -91.792835     -2359.1153      8011.501      -5452.5895     -468.20584      89094.587      44.663262      44.663262      44.663262      0.93639287    -2441.5905     -2133.2172     -2108.5728    
      9000   9000           503.65239      68.274674      16127.206      16038.258      12008.836      4029.4229      4473.9938      8307.0893     -8998.203      -91.979195     -2226.0723      8015.9445     -5451.3502     -466.96969      89330.435      44.702638      44.702638      44.702638      0.93392062    -767.48596      1203.343      -231.03301    
     10000   10000          496.42489      173.93992      16188.972      15963.392      11836.507      4126.8854      4559.146       8354.5225     -9037.9875     -92.124707     -2241.1001      8031.9277     -5447.4985     -469.09678      88925.373      44.634968      44.634968      44.634968      0.9381747     -6.2791941     -419.85408      947.95304    
     11000   11000          499.58308      348.32121      16635.568      16173.171      11911.809      4261.3615      4541.1499      8401.0009     -8966.2111     -93.524424     -2165.8887      7994.5697     -5449.7348     -458.27795      91024.685      44.983481      44.983481      44.983481      0.91653748    -1111.0514     -417.12279      2573.1378    
     12000   12000          496.78375      192.36337      16191.844      15942.11       11845.063      4097.0464      4439.5833      8534.8502     -9012.696      -96.141627     -2304.4021      7992.2698     -5456.4173     -468.60592      89018.522      44.650548      44.650548      44.650548      0.937193      -548.99791      513.45105      612.63696    
     13000   13000          500.76698     -308.72548      15694.589      16096.929      11940.037      4156.8917      4490.6208      8595.311      -8962.5486     -96.359865     -2383.63        7973.303      -5459.8046     -466.81359      89360.308      44.70762       44.70762       44.70762       0.93360841     792.45123     -725.08395     -993.5437     
     14000   14000          498.80663      702.29661      16761.26       15854.679      11893.296      3961.3837      4482.353       8320.1359     -8921.7797     -95.893464     -2380.7695      8009.9128     -5452.5754     -471.27894      88513.621      44.565971      44.565971      44.565971      0.94253895     66.554741      542.56789      1497.7672    
     15000   15000          501.20839      219.01636      16307.194      16021.363      11950.562      4070.8005      4503.5189      8407.9055     -8995.2199     -99.81137      -2257.9313      7976.0854     -5463.7468     -466.15517      89486.525      44.728659      44.728659      44.728659      0.9322916      282.93014      870.78815     -496.6692     
     16000   16000          504.08137     -1358.282       14395.685      16188.838      12019.064      4169.7743      4417.7858      8584.2909     -9004.7807     -103.79163     -2225.385       7966.3014     -5464.6462     -460.8257       90521.439      44.900428      44.900428      44.900428      0.92163289    -1085.2556     -1637.4754     -1352.115     
     17000   17000          496.67534      94.615809      16049.902      15928.169      11842.478      4085.6908      4530.1692      8404.2577     -8988.5845     -95.585422     -2325.3758      8012.6947     -5451.885      -472.84378      88220.692      44.516754      44.516754      44.516754      0.94566857    -308.23535      231.53757      360.54521    
     18000   18000          492.60409      316.57089      15922.149      15510.475      11745.405      3765.0695      4394.8024      8222.0778     -9017.514      -89.385077     -2271.8683      7989.8136     -5462.8569     -467.82351      89167.4        44.675426      44.675426      44.675426      0.93562822     280.2655       300.65612      368.79103    
     19000   19000          498.51442      709.65277      17034.588      16107.613      11886.328      4221.2843      4573.9749      8315.199      -8930.949      -96.23265      -2180.0371      7993.9897     -5454.6605     -465.73806      89566.667      44.742008      44.742008      44.742008      0.9314574      989.29484      849.82659      289.83688    
     20000   20000          492.926        576.14582      16584.738      15834.965      11753.081      4081.8837      4540.3908      8357.3741     -8990.9549     -90.31969      -2284.1949      8011.1602     -5461.5718     -467.48395      89232.167      44.68624       44.68624       44.68624       0.93494912     886.42833      613.87825      228.13089    
     21000   21000          500.14157      986.41672      17235.636      15951.068      11925.125      4025.9422      4551.4258      8257.8438     -9009.7251     -103.49233     -2244.3249      8026.7436     -5452.5287     -467.16161      89293.737      44.696515      44.696515      44.696515      0.93430444     942.72879      408.13907      1608.3823    
     22000   22000          503.05669      748.57127      17019.835      16051.122      11994.632      4056.4901      4476.1415      8253.5096     -8935.6948     -102.21026     -2178.9181      8004.5999     -5460.9378     -470.11293      88733.16       44.602786      44.602786      44.602786      0.94020697    -68.712778      915.75294      1398.6737    
     23000   23000          499.70466     -158.00506      15561.082      15765.466      11914.708      3850.7581      4391.0157      8307.8313     -9059.4362     -94.248321     -2240.6725      8005.0897     -5458.8216     -470.31493      88695.049      44.596399      44.596399      44.596399      0.94061097    -3005.8228      1022.7241      1509.0835    
     24000   24000          503.63322     -83.503023      15895.661      16003.524      12008.378      3995.1451      4499.8867      8326.6337     -8950.0545     -102.2085      -2288.2503      7973.8192     -5464.6814     -470.97074      88571.544      44.57569       44.57569       44.57569       0.94192255     1240.0989     -447.93186     -1042.6761    
     25000   25000          497.73561      150.62172      16160.566      15965.517      11867.759      4097.7586      4463.652       8405.1498     -8961.4744     -97.42766      -2278.6586      8022.288      -5455.7705     -469.79659      88792.909      44.612795      44.612795      44.612795      0.9395743      1564.8058      192.79086     -1305.7315    
     26000   26000          493.8608       799.69407      16741.746      15708.59       11775.37       3933.2203      4407.3577      8403.5012     -9031.6        -102.58582     -2294.6377      8006.9349     -5455.7499     -470.89275      88586.214      44.578151      44.578151      44.578151      0.94176657    -224.04741      812.57275      1810.5569    
     27000   27000          498.46044      1588.5304      18034.465      15995.722      11885.041      4110.6803      4472.5855      8455.5617     -8996.1463     -94.733993     -2286.7223      8011.1376     -5451.0019     -474.02028      88001.733      44.479894      44.479894      44.479894      0.94802151     1897.2733      239.47053      2628.8472    
     28000   28000          499.5664       399.69399      16582.78       16064.052      11911.411      4152.6404      4576.4128      8369.799      -9016.8787     -96.106991     -2218.9785      7990.0193     -5451.6264     -468.76161      88988.956      44.645604      44.645604      44.645604      0.93750438     392.81488      1251.0781     -444.81106    
     29000   29000          496.00238     -306.18001      15318.998      15713.509      11826.432      3887.0763      4404.9055      8340.132      -8940.9465     -90.257962     -2363.8525      7991.576      -5454.4803     -472.15214      88349.924      44.53848       44.53848       44.53848       0.94428531    -907.7987       45.432165     -56.173482    
     30000   30000          498.80112      546.02368      16732.619      16029.523      11893.164      4136.3587      4413.9334      8520.8853     -9005.1163     -97.225208     -2244.5076      8007.7873     -5459.3983     -472.45508      88293.274      44.528959      44.528959      44.528959      0.94489117     423.89751     -13.519099      1227.6926    
     31000   31000          493.36978      303.12923      16240.599      15844.175      11763.662      4080.5128      4466.8667      8367.2187     -8985.6885     -96.472572     -2214.8479      7998.5305     -5455.0942     -465.19202      89671.8        44.759507      44.759507      44.759507      0.93036535     966.54829     -785.37017      728.20957    
     32000   32000          498.00025      1221.8271      17471.622      15881.485      11874.069      4007.416       4415.0141      8454.2563     -9033.068      -105.29822     -2266.8288      7996.5921     -5453.2514     -467.45435      89237.816      44.687183      44.687183      44.687183      0.93488993     1104.9621      357.6501       2202.869     
     33000   33000          496.76558      679.10452      16703.819      15831.533      11844.63       3986.9028      4472.2922      8411.6071     -9001.9356     -97.44976      -2343.4196      8001.0931     -5455.2847     -473.63269      88073.746      44.492023      44.492023      44.492023      0.94724636     205.61119      741.56677      1090.1356    
     34000   34000          501.68377      455.02616      16604.907      16013.003      11961.897      4051.1061      4498.8919      8380.0951     -8964.9922     -94.166834     -2280.3812      7980.0153     -5468.3559     -467.68047      89194.671      44.67998       44.67998       44.67998       0.93534215    -174.1096       1828.8329     -289.64485    
     35000   35000          493.77287     -285.30838      15389.593      15755.998      11773.273      3982.7248      4568.6891      8288.6021     -8915.7255     -91.63694      -2400.6276      7991.7729     -5458.3493     -473.71529      88058.39       44.489437      44.489437      44.489437      0.94741155     185.73889     -1422.8652      381.20112    
     36000   36000          493.05165     -1758.3788      13708.553      15991.831      11756.077      4235.7542      4554.8238      8460.7218     -8977.8438     -97.681907     -2262.911       8011.9001     -5453.2548     -468.50863      89037.006      44.653638      44.653638      44.653638      0.93699844    -1153.0055     -1427.0803     -2695.0507    
     37000   37000          493.12545     -950.1387       14522.572      15750.509      11757.836      3992.673       4560.5768      8279.509      -8979.5036     -98.179865     -2333.0799      8018.3566     -5455.0059     -470.73324      88616.231      44.583185      44.583185      44.583185      0.94144757    -643.09538     -327.88184     -1879.4389    
     38000   38000          485.18587     -398.8647       14992.282      15509.24       11568.529      3940.7111      4531.0511      8263.0329     -9056.781      -92.221815     -2252.5463      8009.0985     -5460.9223     -469.39         88869.823      44.625672      44.625672      44.625672      0.93876113    -1762.1478      1042.039      -476.48528    
     39000   39000          496.63343     -254.61818      15484.056      15810.555      11841.479      3969.0762      4471.7008      8360.1079     -9023.7726     -91.6305       -2327.4758      8026.9434     -5446.7969     -474.42958      87925.812      44.467099      44.467099      44.467099      0.94884009     1625.2309     -1213.1805     -1175.9049    
     40000   40000          495.99817     -485.45387      15138.642      15767.816      11826.332      3941.484       4619.3881      8140.6413     -9013.4322     -93.464796     -2294.1183      8031.2727     -5448.8027     -469.39817      88868.275      44.625413      44.625413      44.625413      0.93877748    -466.43362     -2087.3183      1097.3903    
     41000   41000          497.90799      963.27252      17011.533      15768.465      11871.869      3896.5957      4470.5214      8328.2473     -9068.3993     -90.873186     -2335.7199      8035.9233     -5443.1039     -471.43119      88485.036      44.561173      44.561173      44.561173      0.94284344     216.35001      2659.8554      13.612157    
     42000   42000          503.29873     -684.82796      15281.052      16169.282      12000.403      4168.879       4599.5755      8374.8541     -9056.8455     -95.954102     -2226.2282      8025.854      -5452.3768     -469.05097      88934.058      44.636421      44.636421      44.636421      0.93808309    -1443.9842      442.01283     -1052.5125    
     43000   43000          496.38699     -300.05555      15313.938      15699.408      11835.603      3863.8049      4433.289       8162.0704     -8967.4331     -94.020975     -2242.0977      8021.7154     -5449.7182     -473.56044      88087.184      44.494286      44.494286      44.494286      0.94710186    -1168.1784      789.3706      -521.35889    
     44000   44000          500.58163      370.18097      16439.608      15964.706      11935.618      4029.0879      4490.9245      8351.1587     -9029.0596     -99.476866     -2245.3698      8013.3818     -5452.471      -474.2137       87965.839      44.473845      44.473845      44.473845      0.94840835     416.77058      469.98056      223.79178    
     45000   45000          488.93999     -284.89968      15198.756      15565.142      11658.04       3907.1015      4557.8784      8245.8211     -8967.821      -92.91365      -2402.8209      8023.8738     -5456.9163     -473.06065      88180.25       44.50995       44.50995       44.50995       0.94610228    -1035.0772      489.1947      -308.81652    
     46000   46000          497.16482     -326.48333      15359.98       15783.396      11854.149      3929.247       4411.1272      8365.7842     -9044.149      -99.588454     -2288.095       8026.0366     -5441.8685     -469.09203      88926.273      44.635119      44.635119      44.635119      0.93816521    -600.10814      124.0889      -503.43074    
     47000   47000          497.61833     -828.53278      14625.873      15698.559      11864.963      3833.5963      4436.6315      8350.7683     -9002.3864     -90.895156     -2410.3162      8000.8264     -5451.0321     -469.89527      88774.262      44.609671      44.609671      44.609671      0.93977165    -741.87147     -1150.7636     -592.96326    
     48000   48000          495.46912      584.0838       16589.43       15837.276      11813.718      4023.558       4597.5491      8298.9989     -9018.4647     -93.247531     -2342.8815      8031.2303     -5449.6265     -472.42445      88298.998      44.529921      44.529921      44.529921      0.94482993    -1287.7414      1883.1254      1156.8674    
     49000   49000          493.03744      582.58808      16392.109      15641.149      11755.738      3885.4112      4545.4622      8234.6314     -9072.7514     -97.332497     -2292.0472      8024.1293     -5456.6806     -471.96386      88385.17       44.544402      44.544402      44.544402      0.94390875    -441.84512      658.82694      1530.7824    
     50000   50000          494.24437     -880.50436      14621.248      15764.461      11784.515      3979.9458      4544.9539      8283.8882     -8997.9873     -94.670067     -2290.729       7994.8126     -5460.3224     -468.56344      89026.591      44.651897      44.651897      44.651897      0.93710805    -1358.5405     -903.96626     -379.00629    
     51000   51000          482.25705     -18.894624      15282.213      15306.684      11498.696      3807.988       4461.1879      8328.9133     -9166.343      -96.630049     -2256.8499      7998.8893     -5461.1795     -469.73087      88805.332      44.614875      44.614875      44.614875      0.93944287    -233.51156      500.45645     -323.62877    
     52000   52000          502.20161     -1979.1166      13568.302      16151.372      11974.244      4177.1281      4554.2349      8572.0739     -9108.2978     -98.551162     -2286.1404      7999.9284     -5456.1196     -466.12152      89492.985      44.729736      44.729736      44.729736      0.93222431    -2037.9545     -1494.7407     -2404.6547    
     53000   53000          496.22101      1446.4278      17552.982      15688.138      11831.645      3856.4926      4540.4081      8233.5747     -9091.4879     -93.106973     -2301.9139      8020.3168     -5451.2982     -471.86545      88403.603      44.547499      44.547499      44.547499      0.94371193     132.46929      1907.2528      2299.5612    
     54000   54000          490.68344      217.03423      16010.337      15729.19       11699.61       4029.5796      4444.1496      8470.2183     -8998.8151     -95.672238     -2346.8124      8014.9549     -5458.4435     -469.63355      88823.734      44.617956      44.617956      44.617956      0.93924824     1626.8465     -1405.8349      430.09118    
     55000   55000          492.17361     -173.06602      15504.976      15727.455      11735.141      3992.314       4547.9662      8205.9435     -8920.1117     -93.868842     -2268.2552      7977.197      -5456.557      -473.24504      88145.892      44.504169      44.504169      44.504169      0.94647106    -779.27976      722.1032      -462.02152    
     56000   56000          494.671       -1072.0527      14475.745      15871.246      11794.688      4076.558       4570.0378      8280.2981     -8955.7787     -91.724197     -2249.6201      7984.1726     -5460.8274     -467.35838      89256.142      44.690242      44.690242      44.690242      0.93469798    -634.94462     -1388.0359     -1193.1775    
     57000   57000          496.01831     -1510.0944      13632.92       15588.096      11826.812      3761.2839      4340.7893      8277.479      -9045.8188     -96.39914      -2255.695       7991.4969     -5450.5684     -469.87496      88778.098      44.610314      44.610314      44.610314      0.93973105    -3084.9685     -90.49304      -1354.8216    
     58000   58000          502.46791     -81.328996      15798.592      15904.982      11980.593      3924.389       4485.6128      8244.4832     -8944.2871     -91.766589     -2326.8206      8005.7424     -5448.575      -465.05697      89697.841      44.763839      44.763839      44.763839      0.93009525    -146.8716       860.32123     -957.43662    
     59000   59000          496.27479     -96.642067      15814.27       15939.057      11832.928      4106.1296      4620.8484      8411.0186     -9106.8604     -101.93743     -2270.3656      8007.8013     -5454.3751     -471.14912      88538.011      44.570064      44.570064      44.570064      0.9422793      609.9615      -1419.6046      519.71688    
     60000   60000          501.27479     -185.37558      15650.119      15892.743      11952.145      3940.5981      4367.7005      8304.1326     -8932.5921     -95.369705     -2249.1564      8010.1061     -5464.2228     -464.81639      89744.266      44.771561      44.771561      44.771561      0.92961411     949.90272      226.88036     -1732.9098    
     61000   61000          494.04858      360.79619      16251.031      15781.982      11779.847      4002.1354      4496.0376      8232.3844     -8952.4722     -86.002618     -2257.6059      8014.8007     -5445.0067     -467.95979      89141.432      44.671089      44.671089      44.671089      0.93590078    -508.12213      1056.0752      534.43552    
     62000   62000          492.80667      1170.2424      17316.959      15799.64       11750.236      4049.4046      4533.7057      8262.1773     -9002.2134     -93.034322     -2220.8125      8015.6002     -5446.0184     -469.20551      88904.766      44.63152       44.63152       44.63152       0.93839217     571.16208      1975.7117      963.85354    
     63000   63000          493.02619      624.89436      16458.859      15649.202      11755.47       3893.7319      4530.2744      8184.0863     -9038.0687     -98.747415     -2252.226       8015.147      -5446.7338     -469.53667      88842.062      44.621025      44.621025      44.621025      0.93905447     335.49073     -116.95989      1656.1523    
     64000   64000          497.77017      1016.0414      16881.223      15563.37       11868.583      3694.7876      4412.7617      8044.0694     -8938.3018     -94.440531     -2282.8064      8005.4626     -5451.9573     -469.03868      88936.387      44.636811      44.636811      44.636811      0.93805852    -14.431414      1706.9975      1355.5581    
     65000   65000          497.59284      1263.3786      17488.09       15878.297      11864.355      4013.9421      4539.8479      8340.7615     -8989.3294     -95.519482     -2345.9284      8014.6307     -5450.5207     -477.44936      87369.697      44.373152      44.373152      44.373152      0.95487953     1840.0443      755.71599      1194.3755    
     66000   66000          502.01161     -1666.8504      13579.582      15714.025      11969.714      3744.3112      4471.1144      8338.2199     -9045.6333     -97.260609     -2463.7071      7999.5341     -5457.9563     -475.09023      87803.544      44.446478      44.446478      44.446478      0.95016137    -2408.954      -1756.7037     -834.89352    
     67000   67000          496.32328      2002.8354      18004.574      15424.415      11834.084      3590.3312      4355.1204      8166.4122     -9080.3531     -92.416776     -2297.3176      7996.9665     -5458.0805     -472.24         88333.486      44.535718      44.535718      44.535718      0.94446103     3340.3697      2141.5247      526.61185    
     68000   68000          489.49346      551.16225      16105.409      15400.212      11671.237      3728.9749      4368.1536      8294.9332     -9014.1532     -96.796872     -2373.2739      8000.8758     -5450.7637     -475.48111      87731.362      44.434295      44.434295      44.434295      0.95094312    -180.51024      522.08532      1311.9117    
     69000   69000          498.09378     -493.78391      15154.024      15794.494      11876.299      3918.1954      4431.9856      8290.9072     -8936.1687     -94.953128     -2316.7923      7990.5585     -5447.3417     -469.03165      88937.721      44.637034      44.637034      44.637034      0.93804445     82.37426      -438.40251     -1125.3235    
     70000   70000          493.09612      635.1507       16606.942      15783.513      11757.137      4026.3756      4521.7129      8272.7743     -8997.2859     -94.738371     -2224.5692      8004.7673     -5456.2854     -469.26085      88894.281      44.629766      44.629766      44.629766      0.93850284     1889.7343      915.28708     -899.56925    
     71000   71000          499.90138      1428.9064      17503.518      15644.935      11919.398      3725.5368      4509.2766      8040.532      -9003.437      -97.633889     -2261.8371      7993.2745     -5454.6383     -467.72001      89187.131      44.678721      44.678721      44.678721      0.93542123     1947.3156      2056.6763      282.72726    
     72000   72000          490.11761      914.14182      16587.251      15406.193      11686.119      3720.0737      4404.2008      8210.1774     -9046.413      -93.471033     -2314.5184      8006.4895     -5446.3917     -470.87584      88589.396      44.578684      44.578684      44.578684      0.94173275     615.70448      1990.2007      136.52031    
     73000   73000          490.25723     -330.31763      15101.773      15525.804      11689.448      3836.3561      4483.7865      8194.2496     -9027.5186     -91.728565     -2305.254       8030.2861     -5447.465      -473.91231      88021.781      44.483271      44.483271      44.483271      0.94780558    -756.56966      82.242531     -316.62575    
     74000   74000          498.16476     -101.40488      15785.466      15916.945      11877.991      4038.9536      4480.8056      8338.0217     -8928.3866     -93.978337     -2298.827       8000.8225     -5459.5043     -469.21029      88903.86       44.631369      44.631369      44.631369      0.93840172     953.39396     -499.29669     -758.31191    
     75000   75000          491.89639      523.22214      16449.347      15771.965      11728.531      4043.4338      4573.3662      8232.2901     -8907.2347     -97.453871     -2315.0929      8014.5786     -5457.0196     -469.91189      88771.122      44.609145      44.609145      44.609145      0.9398049     -321.88082      1947.2433     -55.696091    
     76000   76000          491.89902     -1570.1495      13623.255      15644.161      11728.594      3915.5667      4562.5523      8144.1778     -8950.0807     -94.180889     -2301.9519      8007.9466     -5452.8966     -472.67113      88252.917      44.522173      44.522173      44.522173      0.94532326    -3492.0365     -1432.1113      213.69925    
     77000   77000          493.34492      61.00854       15826.496      15747.183      11763.069      3984.1138      4511.1865      8459.5826     -9126.7966     -97.060279     -2311.3179      8002.9917     -5454.4723     -467.96598      89140.253      44.670892      44.670892      44.670892      0.93591315     183.41593      1291.2608     -1291.6511    
     78000   78000          490.34956     -81.968593      15575.136      15681.585      11691.65       3989.9358      4477.884       8286.4438     -8977.941      -92.181899     -2255.8857      8007.4024     -5455.7857     -468.45557      89047.09       44.655324      44.655324      44.655324      0.93689232    -1601.5707      909.91984      445.74511    
     79000   79000          494.24436     -37.796655      15587.118      15635.79       11784.515      3851.2748      4447.7639      8292.8606     -8985.8897     -93.463295     -2302.6719      7957.9947     -5465.3196     -472.42741      88298.446      44.529828      44.529828      44.529828      0.94483583     1024.8711      79.973034     -1218.2341    
     80000   80000          492.27019     -325.62081      15277.916      15697.264      11737.444      3959.8195      4610.3835      8293.3637     -9073.0662     -98.367688     -2333.5739      8010.3275     -5449.2474     -472.3918       88305.102      44.530947      44.530947      44.530947      0.94476461     177.54488     -422.99677     -731.41053    
     81000   81000          490.6357       323.27876      15899.612      15487.561      11698.472      3789.0888      4409.8211      8517.0445     -9136.7321     -94.312713     -2460.464       8004.7799     -5451.0479     -477.29882      87397.254      44.377816      44.377816      44.377816      0.95457846    -441.92939      1213.2224      198.54323    
     82000   82000          500.65133     -1813.2239      13373.679      15729.629      11937.28       3792.3494      4523.8513      8244.1604     -9071.3262     -90.112419     -2343.4004      7982.1943     -5453.0177     -468.21931      89092.023      44.662834      44.662834      44.662834      0.93641981    -2424.1128     -229.33276     -2786.2261    
     83000   83000          488.24501      720.10887      16464.402      15544.002      11641.47       3902.5321      4420.8578      8538.7543     -9019.0253     -106.026       -2456.4975      7982.2924     -5457.8235     -475.97666      87640.023      44.418869      44.418869      44.418869      0.9519342     -1836.7411      2350.5702      1646.4975    
     84000   84000          485.73986      121.36659      15455.378      15299.176      11581.738      3717.4384      4358.7552      8382.4461     -9094.8526     -94.759993     -2383.8328      8009.6417     -5459.9593     -472.69138      88249.135      44.521537      44.521537      44.521537      0.94536377     987.43967     -774.39991      151.06       
     85000   85000          492.06538     -1092.503       14066.133      15466.605      11732.561      3734.0441      4423.6655      8169.2457     -8968.5706     -93.978767     -2335.3611      7994.7198     -5455.6765     -474.58329      87897.335      44.462298      44.462298      44.462298      0.9491475     -288.69525     -541.46182     -2447.3518    
     86000   86000          493.48714      173.43877      15685.717      15464.826      11766.46       3698.3654      4476.641       8143.4437     -9010.7259     -91.611987     -2374.6378      8011.8079     -5456.5517     -477.67492      87328.441      44.366166      44.366166      44.366166      0.95533064    -829.11485      14.692238      1334.7389    
     87000   87000          489.37478      813.60936      16459.077      15408.838      11668.407      3740.4311      4441.2019      8217.3857     -9003.9035     -96.939297     -2344.6367      7987.4591     -5460.136      -471.29409      88510.777      44.565493      44.565493      44.565493      0.94256924     1604.5209      228.11085      608.19631    
     88000   88000          487.77082      282.79874      15606.317      15249.99       11630.163      3619.8262      4408.4347      8305.8507     -9000.8184     -94.923268     -2503.8869      7968.8754     -5463.706      -482.82836      86396.346      44.207755      44.207755      44.207755      0.96563732    -100.49485     -84.113516      1033.0046    
     89000   89000          490.69559      237.88529      15776.96       15470.876      11699.9        3770.9762      4483.4587      8224.813      -9064.6068     -91.11264      -2319.2212      7995.8722     -5458.227      -472.81553      88225.964      44.51764       44.51764       44.51764       0.94561206     1723.8867     -339.73126     -670.49959    
     90000   90000          497.87259     -622.93137      14816.821      15611.402      11871.025      3740.3774      4455.712       8315.9634     -9071.6287     -97.337392     -2423.8237      8011.124      -5449.6323     -476.94229      87462.585      44.388871      44.388871      44.388871      0.95386542    -1072.8179      111.40479     -907.38102    
     91000   91000          489.4469       742.32567      16502.094      15544.386      11670.127      3874.2596      4467.7823      8333.8693     -9024.8255     -89.386769     -2373.854       8008.35       -5447.6757     -471.5477       88463.172      44.557502      44.557502      44.557502      0.94307646     942.64114      624.51364      659.82223    
     92000   92000          487.34428     -260.75079      15049.705      15385.824      11619.993      3765.8313      4427.0802      8320.8519     -9016.6732     -94.243625     -2415.3413      7997.667      -5453.5097     -471.94999      88387.766      44.544838      44.544838      44.544838      0.94388102    -1795.2585      1382.503      -369.49688    
     93000   93000          493.4741      -63.818901      15577.342      15660.049      11766.15       3893.8996      4424.9457      8313.1253     -9031.7016     -93.731411     -2271.5178      8002.2031     -5449.4236     -469.43007      88862.236      44.624402      44.624402      44.624402      0.93884128     387.1533      -553.65839     -24.95161     
     94000   94000          493.10833     -537.55263      14832.323      15527.664      11757.428      3770.2354      4556.6857      8093.9325     -8972.3095     -102.09654     -2347.0637      7998.8252     -5457.7384     -470.31363      88695.294      44.59644       44.59644       44.59644       0.94060836    -307.42269     -308.70314     -996.53207    
     95000   95000          484.56058     -1101.5937      13891.437      15318.77       11553.62       3765.1497      4406.205       8290.5129     -9047.1054     -93.277259     -2325.6696      7994.2461     -5459.762      -469.52676      88843.937      44.621339      44.621339      44.621339      0.93903465    -611.12989     -834.19368     -1859.4577    
     96000   96000          488.22478      173.68092      15697.217      15473.247      11640.987      3832.2596      4393.1269      8455.0787     -9055.1086     -98.060588     -2400.3888      7997.7788     -5460.1668     -471.76525      88422.38       44.550652      44.550652      44.550652      0.94351154    -464.93522      3038.0531     -2052.0751    
     97000   97000          495.60076      47.945303      15603.589      15542.016      11816.857      3725.1591      4377.1157      8203.9712     -8968.8564     -101.56895     -2366.8758      8021.649      -5440.2757     -473.7151       88058.426      44.489443      44.489443      44.489443      0.94741116    -268.06199     -976.19535      1388.0933    
     98000   98000          493.65092      761.06233      16522.163      15541.133      11770.365      3770.7672      4438.7126      8296.8358     -9060.8476     -94.579355     -2327.7972      7981.3895     -5462.9464     -471.95629      88386.588      44.54464       44.54464       44.54464       0.94389361    -524.59167      1162.4048      1645.3739    
     99000   99000          489.65044     -190.16284      15275.316      15523.542      11674.98       3848.5622      4424.9241      8355.4404     -9077.6288     -94.187047     -2301.4978      7995.3303     -5453.819      -466.05931      89504.93       44.731726      44.731726      44.731726      0.93209989    -308.86227     -238.58717     -23.039091    
    100000   100000         489.19768      262.4378       15970.465      15633.249      11664.185      3969.0637      4572.6943      8146.1757     -8970.749      -98.836371     -2212.158       7992.5214     -5460.5844     -473.45864      88106.124      44.497475      44.497475      44.497475      0.94689826     293.11449      872.63948     -378.44056    
    101000   101000         494.66284      1085.1512      17040.895      15640.567      11794.493      3846.0742      4397.4148      8258.9297     -8994.3295     -94.116323     -2291.9798      8020.1927     -5450.0374     -471.43808      88483.743      44.560956      44.560956      44.560956      0.94285722     1877.1388      1157.449       220.86565    
    102000   102000         489.88479     -74.623569      15417.429      15512.693      11680.568      3832.1253      4504.3974      8473.5512     -9150.8546     -101.66592     -2428.6883      7989.7424     -5454.3569     -476.55346      87533.948      44.400941      44.400941      44.400941      0.95308777     576.87117     -55.369469     -745.37241    
    103000   103000         487.91622     -717.24638      14451.368      15372.285      11633.63       3738.6548      4391.4235      8248.9712     -9021.1226     -95.867437     -2330.4189      8005.6066     -5459.9376     -473.81849      88039.21       44.486207      44.486207      44.486207      0.94761795    -1216.2663     -529.57861     -405.89421    
    104000   104000         497.30672     -907.66128      14578.287      15752.218      11857.532      3894.6853      4513.1143      8355.2993     -9066.2778     -96.681355     -2351.0545      7998.3548     -5458.0695     -470.37614      88683.507      44.594464      44.594464      44.594464      0.94073338    -563.42435     -1905.7197     -253.83978    
    105000   105000         487.6438       841.01532      16591.914      15507.577      11627.135      3880.442       4504.1742      8318.1809     -9077.3541     -93.179972     -2319.9153      8001.2678     -5452.7316     -471.84951      88406.589      44.548         44.548         44.548         0.94368007     1668.3741     -255.7726       1110.4445    
    106000   106000         490.14031      1476.3489      17243.862      15374.062      11686.66       3687.402       4350.5831      8305.4437     -9026.2415     -97.748979     -2345.064       7972.4985     -5472.0689     -480.35008      86842.093      44.283652      44.283652      44.283652      0.96068085     1446.8573      1681.3464      1300.8429    
    107000   107000         491.27532     -32.727356      15447.218      15489.584      11713.723      3775.8611      4395.9474      8218.0112     -8941.5575     -97.885018     -2316.1347      7981.5322     -5464.0524     -469.95973      88762.085      44.607632      44.607632      44.607632      0.93990058     2187.0862     -216.95052     -2068.3178    
    108000   108000         491.30612     -619.99218      14512.423      15317.592      11714.457      3603.1346      4355.423       8154.4854     -8978.7943     -92.462191     -2372.044       7994.0758     -5457.5491     -468.4498       89048.188      44.655508      44.655508      44.655508      0.93688077    -742.36826      1301.8063     -2419.4146    
    109000   109000         489.09814     -206.90212      15157.48       15421.941      11661.811      3760.1294      4481.5166      8221.3811     -8957.1023     -96.052115     -2418.044       7993.2431     -5464.8131     -475.95769      87643.517      44.419459      44.419459      44.419459      0.95189625    -1128.6528      368.51948      139.42693    
    110000   110000         489.06567     -401.71767      14715.403      15233.533      11661.037      3572.4958      4353.8613      8150.0503     -9036.7571     -95.035885     -2338.4602      7997.5347     -5458.6973     -471.67878      88438.589      44.553374      44.553374      44.553374      0.9433386     -588.53065     -665.53835      48.915991    
    111000   111000         493.76295      1093.0993      16974.659      15574.075      11773.037      3801.0387      4352.9981      8260.9894     -8992.4847     -97.807998     -2255.8054      7990.7977     -5457.6484     -474.8042       87856.438      44.455401      44.455401      44.455401      0.94958932     184.34347      2194.7138      900.24074    
    112000   112000         489.32537      105.66736      15427.546      15292.984      11667.229      3625.7543      4426.7016      8203.5316     -9012.0244     -94.589791     -2405.0977      7970.7547     -5463.5217     -477.72715      87318.892      44.364549      44.364549      44.364549      0.95543511    -1051.6046     -373.59479      1742.2015    
    113000   113000         493.70397     -1802.2166      13101.538      15422.319      11771.63       3650.6889      4485.0981      8215.1849     -8999.2514     -97.659376     -2472.4376      7980.4718     -5460.7175     -472.42923      88298.105      44.529771      44.529771      44.529771      0.94483948    -868.56883     -1501.1362     -3036.9446    
    114000   114000         488.35475     -86.313455      15502.643      15614.628      11644.086      3970.5422      4466.2972      8268.913      -8932.4017     -95.51621      -2273.2248      7991.3017     -5454.8269     -468.90108      88962.486      44.641177      44.641177      44.641177      0.93778332    -406.68223     -95.241524      242.98339    
    115000   115000         488.20002     -86.513374      15159.017      15270.532      11640.397      3630.135       4351.0679      8268.2465     -9061.3259     -94.260784     -2349.8424      7978.9925     -5462.7428     -471.96893      88384.221      44.544243      44.544243      44.544243      0.94391889     535.48124     -995.22948      200.20811    
    116000   116000         487.21969     -81.617569      15427.733      15533.478      11617.022      3916.4555      4447.7463      8316.9529     -9002.341      -90.629327     -2311.7383      8014.0278     -5457.5629     -469.55552      88838.495      44.620428      44.620428      44.620428      0.93909217    -483.02918      663.37898     -425.20251    
    117000   117000         481.23901      1018.1686      16536.332      15213.033      11474.422      3738.6112      4357.1592      8193.0262     -8952.5173     -96.389415     -2317.282       8011.7912     -5457.1767     -468.08621      89117.357      44.667067      44.667067      44.667067      0.93615361    -4.1181223      1118.2777      1940.3462    
    118000   118000         482.03265     -786.10475      14114.634      15127.594      11493.345      3634.2491      4361.8803      8303.7646     -9014.4011     -94.580958     -2483.3205      8014.1884     -5453.2817     -472.11975      88355.985      44.539499      44.539499      44.539499      0.94422054    -2607.4218      249.21265     -0.1051251    
    119000   119000         483.2091       949.09039      16545.31       15327.025      11521.396      3805.6288      4437.9913      8224.9285     -9029.2584     -94.558505     -2292.5089      8011.4677     -5452.4329     -473.93921      88016.785      44.48243       44.48243       44.48243       0.94785938     526.31358      1531.8573      789.10024    
    120000   120000         486.91399     -438.66578      15094.791      15668.78       11609.733      4059.0468      4535.1557      8267.4648     -8928.6779     -102.6598      -2224.7008      7975.4007     -5462.936      -464.9367       89721.043      44.767699      44.767699      44.767699      0.92985472     257.16951     -1384.2322     -188.93464    
    121000   121000         491.02302     -1286.9658      13695.8        15341.365      11707.707      3633.6578      4374.9612      8140.4578     -9018.1069     -85.280142     -2362.582       8031.3668     -5447.1589     -475.7909       87674.241      44.424649      44.424649      44.424649      0.95156268     89.161878     -2874.4556     -1075.6038    
    122000   122000         481.76476      821.33143      16395.053      15337.345      11486.958      3850.3872      4571.6095      8041.9052     -8940.4602     -95.956641     -2284.0953      8008.1814     -5450.7967     -472.40745      88302.176      44.530455      44.530455      44.530455      0.94479591     2238.619       673.41802     -448.04269    
    123000   123000         490.08918     -1110.1132      14131.159      15581.358      11685.441      3895.9166      4450.8593      8324.956      -9076.3041     -96.52093      -2247.0605      8002.3708     -5462.3841     -465.6974       89574.487      44.74331       44.74331       44.74331       0.93137609    -2587.1252      1053.5065     -1796.7209    
    124000   124000         489.98924     -23.067682      15478.962      15508.681      11683.058      3825.6229      4343.4653      8370.8924     -9039.8206     -93.2248       -2281.5838      7982.8686     -5456.9742     -472.20082      88340.816      44.53695       44.53695       44.53695       0.94438267    -456.81863      575.32765     -187.71207    
    125000   125000         486.86325      531.97186      16151.664      15465.771      11608.524      3857.2475      4508.2253      8121.0034     -8912.4299     -96.37317      -2289.5735      7990.4164     -5464.0209     -471.84197      88408.002      44.548237      44.548237      44.548237      0.94366498     45.764565      555.44717      994.70384    
    126000   126000         486.41775      1111.1692      16871.149      15433.459      11597.901      3835.558       4391.6228      8298.5537     -8928.968      -92.718788     -2364.8504      7998.7687     -5466.8501     -470.19619      88717.448      44.600153      44.600153      44.600153      0.94037348     575.30909      1530.3343      1227.8643    
    127000   127000         491.71412     -134.12788      15337.668      15511.468      11724.185      3787.2824      4406.0674      8191.9042     -8910.7058     -90.880777     -2358.7459      8010.7485     -5461.1053     -469.49844      88849.295      44.622236      44.622236      44.622236      0.93897802     440.05156     -922.3025       79.867312    
    128000   128000         486.85288      451.11541      15773.717      15194.732      11608.276      3586.4557      4319.9654      8262.091      -9144.9236     -92.161256     -2282.1016      7980.5841     -5456.9983     -474.00678      88004.239      44.480316      44.480316      44.480316      0.94799452     82.77854       122.57463      1147.9931    
    129000   129000         484.21741     -23.424106      15143.812      15174.318      11545.438      3628.8808      4329.1102      8103.952      -9025.6745     -90.64532      -2237.3887      8003.4945     -5453.9673     -467.12198      89301.312      44.697779      44.697779      44.697779      0.9342252      803.82152      1046.8934     -1920.9873    
    130000   130000         496.06734     -283.2245       15452.273      15820.706      11827.981      3992.7248      4569.7356      8290.7363     -9039.1273     -95.889431     -2307.5088      8026.0852     -5451.3068     -467.66654      89197.328      44.680423      44.680423      44.680423      0.93531429    -946.78485      2265.6237     -2168.5124    
    131000   131000         482.29584      472.20826      15817.788      15216.179      11499.621      3716.5579      4467.3812      8152.4638     -8994.2892     -93.295319     -2338.702       7989.751      -5466.7515     -477.51093      87358.432      44.371244      44.371244      44.371244      0.95500267     412.64141      603.95322      400.03015    
    132000   132000         494.12031      1477.9644      17520.968      15608.764      11781.557      3827.2066      4487.6805      8343.0304     -9103.3105     -96.703829     -2327.5765      7972.7423     -5448.6558     -470.21203      88714.459      44.599652      44.599652      44.599652      0.94040516     2396.0946      1031.9275      1005.8711    
    133000   133000         479.707       -246.08567      14886.982      15204.512      11437.894      3766.6181      4478.0347      8225.0705     -9048.9151     -97.735761     -2337.3978      8000.7598     -5453.1983     -471.48248      88475.409      44.559557      44.559557      44.559557      0.94294602    -1052.7757     -495.47066      809.9894     
    134000   134000         481.3053      -404.81061      14560.081      15080.876      11476.003      3604.873       4400.9939      8157.2533     -9064.3156     -94.927463     -2343.1118      7998.3835     -5449.4028     -472.87817      88214.276      44.515675      44.515675      44.515675      0.94573735     1201.5194     -1462.3034     -953.64788    
    135000   135000         491.9633      -197.70001      15143.835      15397.952      11730.127      3667.8248      4332.2398      8371.5066     -9042.5664     -89.553028     -2450.5861      8003.3917     -5456.6077     -473.30073      88135.52       44.502423      44.502423      44.502423      0.94658244    -1444.7814     -672.55034      1524.2317    
    136000   136000         494.77029      217.85913      15632.241      15350.879      11797.055      3553.8242      4409.2203      8081.711      -9019.7084     -88.796853     -2358.1239      7988.8332     -5459.3111     -471.05944      88554.867      44.572892      44.572892      44.572892      0.94209995    -331.20469      881.93157      102.85051    
    137000   137000         481.47692      121.83582      15096.53       14939.783      11480.095      3459.6884      4328.752       8219.5099     -9131.8494     -95.706551     -2389.047       7988.7655     -5460.7361     -472.86931      88215.929      44.515953      44.515953      44.515953      0.94571963     702.45688     -1699.9334      1362.984     
    138000   138000         486.15708      867.99671      16528.989      15402.006      11591.686      3810.32        4335.4577      8394.6025     -9063.8289     -97.196568     -2315.8385      8009.3378     -5452.214      -468.55952      89027.336      44.652022      44.652022      44.652022      0.93710021    -434.7275       1541.1837      1497.5339    
    139000   139000         485.78427      138.24446      15403.934      15225.075      11582.797      3642.2779      4502.882       8183.0968     -9129.236      -93.062005     -2385.4556      8014.8209     -5450.7682     -470.22007      88712.942      44.599398      44.599398      44.599398      0.94042124    -1027.0322      723.63447      718.1311     
    140000   140000         484.75331      363.79004      15457.746      14988.726      11558.215      3430.5107      4329.4751      8086.0765     -9069.7596     -93.309381     -2331.2598      7976.7207     -5467.4328     -471.87094      88402.574      44.547326      44.547326      44.547326      0.94372292    -315.42962     -586.24274      1993.0425    
    141000   141000         487.09804     -1159.1367      13657.805      15152.153      11614.122      3538.0309      4344.5301      8070.3991     -8998.3755     -92.642925     -2306.6738      7981.134      -5460.34       -471.8969       88397.712      44.546509      44.546509      44.546509      0.94377483    -646.05722     -2222.6409     -608.71212    
    142000   142000         487.34752      882.94073      16552.498      15418.967      11620.07       3798.8965      4438.5654      8265.322      -8995.1727     -95.8621       -2362.7961      8006.2248     -5457.3847     -473.87329      88029.03       44.484492      44.484492      44.484492      0.94772754     2057.0631      725.47685     -133.7178     
    143000   143000         484.00871      355.94292      15600.749      15142.737      11540.461      3602.2753      4463.7454      8136.0717     -9031.7983     -91.332315     -2390.1521      7976.1023     -5460.3613     -472.78867      88230.975      44.518483      44.518483      44.518483      0.94555835    -227.88708      1154.6074      141.10841    
    144000   144000         484.79342     -1088.1657      13649.089      15039.232      11559.172      3480.0608      4370.8592      8035.8116     -8922.2125     -89.062181     -2434.5637      7982.8149     -5463.5865     -476.21112      87596.875      44.411578      44.411578      44.411578      0.9524031     -791.93667     -1634.4537     -838.10683    
    145000   145000         486.13349     -1177.7716      13615.811      15126.948      11591.124      3535.8244      4373.1213      8209.2175     -9044.4192     -85.022557     -2431.4734      7980.2212     -5465.8205     -474.15617      87976.512      44.475644      44.475644      44.475644      0.94829329    -565.19554     -1404.9506     -1563.1687    
    146000   146000         482.45429      636.65156      15993.71       15167.242      11503.399      3663.8431      4393.7336      8164.1037     -9014.964      -100.37657     -2294.6932      7976.5433     -5460.5036     -468.64009      89012.031      44.649463      44.649463      44.649463      0.93726134     1357.7571      833.99098     -281.79344    
    147000   147000         486.85834      165.54901      15569.408      15356.313      11608.407      3747.9067      4349.9705      8257.0835     -8978.4782     -94.164114     -2331.6621      8002.5089     -5457.3516     -472.62775      88261.016      44.523535      44.523535      44.523535      0.94523652     87.530018     -766.02127      1175.1383    
    148000   148000         490.44058      1013.7534      16466.455      15171.905      11693.82       3478.0851      4302.6765      8107.5024     -9029.3294     -95.947793     -2380.45        8022.424      -5448.7907     -476.40641      87560.967      44.405509      44.405509      44.405509      0.95279368     1619.9387      1098.346       322.97529    
    149000   149000         488.74025     -508.81328      14512.743      15162.544      11653.278      3509.2658      4366.4481      8048.3532     -8936.9211     -89.317111     -2413.6512      7996.9504     -5462.5965     -476.3677       87568.081      44.406711      44.406711      44.406711      0.95271627     909.98514     -231.05705     -2205.3679    
    150000   150000         483.99606     -490.21963      14538.45       15171.02       11540.16       3630.86        4468.6679      8061.8529     -8969.4112     -96.926671     -2404.5048      8018.0211     -5446.8394     -471.46148      88479.352      44.560218      44.560218      44.560218      0.94290401     65.802421     -1662.4211      125.95976    
    151000   151000         484.86993      235.65057      15281.368      14979.855      11560.996      3418.8589      4276.0253      8193.9719     -9077.0863     -97.784994     -2421.1133      8001.3137     -5456.4674     -475.47274      87732.907      44.434556      44.434556      44.434556      0.95092638     722.25775      657.57426     -672.8803     
    152000   152000         487.45848      556.16253      15941.871      15223.714      11622.716      3600.9975      4537.9422      8060.5332     -9113.3724     -87.950551     -2325.1354      7987.9995     -5459.0189     -471.13558      88540.555      44.57049       44.57049       44.57049       0.94225224    -9.4208541      939.08205      738.82641    
    153000   153000         483.80346     -424.15879      14643.645      15187.706      11535.568      3652.1389      4404.6715      8242.9901     -9067.0834     -96.307216     -2356.9814      7984.9346     -5460.0852     -474.29082      87951.535      44.471435      44.471435      44.471435      0.94856259    -462.99245     -672.101       -137.38292    
    154000   154000         483.33722      1221.9143      16536.495      14985.238      11524.451      3460.7871      4317.3732      8145.4608     -9053.7481     -98.633765     -2381.2712      7985.8577     -5454.2514     -479.20461      87049.676      44.318908      44.318908      44.318908      0.95838996     1399.7467      595.39023      1670.6058    
    155000   155000         478.62348      1351.5702      16800.071      15071.739      11412.059      3659.6808      4458.838       8102.8162     -8999.059      -97.819028     -2341.5053      7995.3031     -5458.8932     -475.74641      87682.439      44.426034      44.426034      44.426034      0.95147371     1627.9019      1794.3936      632.4151     
    156000   156000         479.98664     -349.29263      14572.586      15020.503      11444.561      3575.942       4475.4554      8064.4847     -9068.8653     -97.669339     -2324.5588      7985.0033     -5457.9079     -474.4122       87929.033      44.467642      44.467642      44.467642      0.94880534    -680.80497     -415.7494       48.676476    
    157000   157000         489.46123     -348.91433      14656.661      15108.999      11670.469      3438.5303      4428.6057      8008.8463     -9088.0138     -91.506391     -2365.8484      7998.2282     -5451.7813     -469.26711      88893.096      44.629567      44.629567      44.629567      0.93851536    -6.3936178     -727.52973     -312.81965    
    158000   158000         493.75081     -1192.5764      13975.419      15510.264      11772.747      3737.517       4543.394       8316.8055     -9190.1638     -93.504225     -2376.0806      7989.7928     -5452.7267     -472.70017      88247.496      44.521262      44.521262      44.521262      0.94538134    -757.53861     -1909.7034     -910.48718    
    159000   159000         479.25683     -1233.8595      13409.083      15007.365      11427.16       3580.2054      4447.3461      7981.1115     -8961.1458     -96.620912     -2294.199       7966.1888     -5462.4753     -469.65195      88820.255      44.617374      44.617374      44.617374      0.93928503    -593.22026     -2063.2563     -1045.102     
    160000   160000         479.92645     -1322.9541      13582.317      15295.119      11443.126      3851.9929      4559.3931      8277.5895     -9005.2785     -92.651311     -2386.4084      7966.1304     -5466.7818     -469.89585      88774.152      44.609653      44.609653      44.609653      0.93977282    -837.78649     -2161.0037     -970.07199    
    161000   161000         478.17473      1414.2865      16656.254      14852.882      11401.359      3451.5235      4285.0687      8075.4813     -9027.6433     -93.093333     -2305.1716      7979.637      -5462.7553     -477.10757      87432.286      44.383745      44.383745      44.383745      0.95419597     595.53992      2182.8932      1464.4263    
    162000   162000         479.27359      1541.1553      17016.979      15026.95       11427.56       3599.3903      4319.6017      8205.9063     -9064.2983     -90.762351     -2288.8846      7978.9711     -5461.1434     -471.1411       88539.517      44.570316      44.570316      44.570316      0.94226328     1418.876       2485.3706      719.21924    
    163000   163000         479.5616       743.90962      16139.383      15178.898      11434.427      3744.4708      4362.3453      8249.5749     -9045.4098     -94.052766     -2239.9763      7975.0861     -5463.0966     -471.18728      88530.841      44.56886       44.56886       44.56886       0.94235562    -458.74658      2021.2649      669.21057    
    164000   164000         485.06146     -688.05091      14390.078      15284.519      11565.563      3718.9563      4437.076       8141.5671     -9026.1671     -93.163605     -2279.2826      7995.5107     -5456.5843     -467.9861       89136.42       44.670251      44.670251      44.670251      0.9359534     -1104.292      -101.37147     -858.48924    
    165000   165000         479.81239     -52.782028      14856.538      14924.695      11440.407      3484.2884      4333.274       8168.6423     -9083.9725     -91.125539     -2370.4712      7988.1688     -5460.2274     -471.12873      88541.843      44.570707      44.570707      44.570707      0.94223852    -477.78963     -1197.1135      1516.557     
    166000   166000         488.31391     -141.70408      15135.973      15318.66       11643.112      3675.5471      4356.0848      8314.1832     -9026.8837     -90.196975     -2375.2857      7963.2393     -5465.5938     -471.88921      88399.152      44.546751      44.546751      44.546751      0.94375945     688.57655     -2145.3511      1031.6623    
    167000   167000         491.90978     -643.92352      14486.139      15319.951      11728.851      3591.1007      4380.4136      8170.333      -9031.032      -95.551003     -2390.5858      8005.7898     -5448.267      -469.81833      88788.801      44.612106      44.612106      44.612106      0.93961778    -780.67834      617.92713     -1769.0194    
    168000   168000         488.60303      13.595276      15379.385      15361.831      11650.006      3711.8254      4506.6475      8162.8084     -9042.8518     -94.123634     -2360.8812      7990.4067     -5450.1806     -471.19163      88530.022      44.568723      44.568723      44.568723      0.94236433    -202.98846     -63.143316      306.91761    
    169000   169000         482.53358     -340.25595      14524.115      14958.59       11505.289      3453.3008      4328.4731      8139.7458     -9047.3857     -93.764463     -2451.1148      8022.5841     -5445.2373     -476.43684      87555.375      44.404563      44.404563      44.404563      0.95285453    -699.01329     -1291.7603      970.00567    
    170000   170000         481.4696      -506.74352      14164.808      14817.787      11479.92       3337.8672      4301.9994      8103.5559     -9096.8614     -89.841677     -2414.509       7987.9203     -5454.3963     -472.12051      88355.844      44.539475      44.539475      44.539475      0.94422204    -602.65304      200.13465     -1117.7122    
    171000   171000         485.09338     -419.70948      14656.849      15194.983      11566.324      3628.6592      4381.5567      8228.609      -9063.9007     -91.377888     -2362.4201      7992.5812     -5456.389      -474.48512      87915.52       44.465364      44.465364      44.465364      0.94895117     218.07582     -592.60256     -884.60171    
    172000   172000         479.83668     -400.06019      14244.922      14759.863      11440.986      3318.8774      4380.8948      8027.595      -9078.5392     -89.421974     -2438.8953      7975.5161     -5458.272      -472.64128      88258.491      44.523111      44.523111      44.523111      0.94526356    -638.87617     -715.46091      154.15653    
    173000   173000         482.84872      866.74818      16040.472      14932.935      11512.803      3420.1317      4296.445       8087.3984     -9034.9942     -91.762285     -2368.1747      7989.9675     -5458.7481     -476.10066      87617.198      44.415012      44.415012      44.415012      0.95218219     2102.3193     -314.63867      812.56385    
    174000   174000         487.79904      192.05803      15488.279      15239.276      11630.836      3608.4396      4425.9808      8140.0201     -9056.5183     -96.830966     -2345.0378      7992.598      -5451.7724     -469.23566      88899.053      44.630564      44.630564      44.630564      0.93845246    -1083.3841      2631.0081     -971.4499     
    175000   175000         480.52402      123.56198      15131.239      14974.175      11457.374      3516.8008      4455.9322      8016.0235     -8983.8421     -93.63993      -2424.6669      7992.1418     -5445.1478     -478.59797      87160.014      44.337625      44.337625      44.337625      0.95717671    -1103.4557      848.59327      625.54833    
    176000   176000         483.27956     -162.58921      15061.968      15272.004      11523.076      3748.9281      4467.6997      8269.813      -9036.1733     -97.02365      -2364.8237      7970.1469     -5460.7109     -470.93493      88578.279      44.57682       44.57682       44.57682       0.94185094    -543.66838      319.10351     -263.20276    
    177000   177000         476.05557     -20.36552       14984.24       15010.359      11350.831      3659.5281      4332.7364      8305.2377     -9005.2644     -99.883291     -2418.7518      7999.3171     -5453.8636     -474.35338      87939.936      44.46948       44.46948       44.46948       0.9486877     -552.9012      -146.64015      638.44479    
    178000   178000         488.6252      -231.22893      14921.701      15221.328      11650.535      3570.7935      4378.2757      8220.7773     -9122.6195     -97.329895     -2332.2471      7982.3244     -5458.3873     -469.48785      88851.3        44.622572      44.622572      44.622572      0.93895684     1680.199      -1768.267      -605.61882    
    179000   179000         489.36478      927.31163      16342.48       15139.557      11668.169      3471.3881      4289.6853      8139.0447     -9038.4419     -91.668095     -2341.1433      7975.3417     -5461.4303     -468.97728      88948.031      44.638759      44.638759      44.638759      0.93793572     1080.6854     -31.343882      1732.5934    
    180000   180000         476.9011      -1197.7138      13505.614      15050.019      11370.991      3679.0282      4411.1785      8215.334      -8965.6068     -95.420816     -2420.1251      7994.2731     -5460.6047     -471.7975       88416.335      44.549637      44.549637      44.549637      0.94357604    -1395.5203     -854.67349     -1342.9475    
    181000   181000         481.58754      874.50643      16309.325      15185.384      11482.732      3702.6521      4455.725       8202.6262     -9059.7438     -97.592007     -2314.1616      7974.8244     -5459.026      -473.3514       88126.085      44.500835      44.500835      44.500835      0.94668379     324.8097       1063.7819      1234.9277    
    182000   182000         480.81513      231.76074      15220.247      14922.625      11464.315      3458.3102      4380.8722      8026.2464     -8965.5693     -90.929372     -2389.4165      7960.6066     -5463.4998     -473.73965      88053.863      44.488675      44.488675      44.488675      0.94746026     615.337        282.81008     -202.86486    
    183000   183000         477.84113      89.63427       14925.726      14810.095      11393.405      3416.6899      4414.1472      7879.4817     -8980.9746     -95.388884     -2297.1373      7963.0909     -5466.5292     -471.58595      88455.997      44.556297      44.556297      44.556297      0.94315296    -411.2644       37.523689      642.64352    
    184000   184000         488.73534      1587.5945      17022.541      14982.714      11653.161      3329.5532      4341.2584      8085.1172     -9112.3507     -93.367904     -2381.9986      7961.7478     -5470.8529     -473.48932      88100.415      44.496514      44.496514      44.496514      0.94695962     1296.6423     -290.17128      3756.3126    
    185000   185000         487.40529     -167.36064      14989.249      15205.865      11621.448      3584.4175      4317.9914      8268.4336     -9063.8977     -96.173892     -2377.3763      7985.8231     -5450.3827     -470.03098      88748.631      44.605378      44.605378      44.605378      0.94004307    -1104.8808      528.33705      74.461797    
    186000   186000         483.40899      1089.2067      16508.776      15104.795      11526.162      3578.6327      4334.6552      8149.7551     -9029.6275     -98.80388      -2270.3623      7963.6563     -5470.6402     -471.96859      88384.284      44.544253      44.544253      44.544253      0.94391822     761.42439      854.25504      1651.9406    
    187000   187000         481.3927       1568.9128      16972.184      14965.012      11478.087      3486.925       4335.2431      8280.4813     -9158.473      -94.594656     -2377.5687      7972.1936     -5470.3567     -475.53038      87722.272      44.43276       44.43276       44.43276       0.95104166     1651.4778      1338.8643      1716.3963    
    188000   188000         486.13402     -819.83286      13926.594      14993.555      11591.136      3402.4188      4268.9363      8087.5259     -9026.3022     -94.923441     -2339.4136      7971.5859     -5464.99       -467.45612      89237.478      44.687127      44.687127      44.687127      0.93489347    -437.14347      51.055341     -2073.4105    
    189000   189000         487.45173      1130.3134      16625.057      15180.342      11622.555      3557.7864      4308.8095      8168.1059     -8999.5334     -91.58114      -2359.9469      7991.6597     -5459.7273     -475.97091      87641.082      44.419048      44.419048      44.419048      0.9519227      1674.7002     -383.30006      2099.54      
    190000   190000         484.67036      1260.1787      16642.904      15021.269      11556.238      3465.0315      4273.5778      8110.4623     -9006.2044     -95.423275     -2322.9502      7970.6701     -5465.1008     -472.76251      88235.858      44.519304      44.519304      44.519304      0.94550603     1311.8984      2881.0988     -412.46127    
    191000   191000         485.6619       1143.2148      16537.256      15056.648      11579.879      3476.7687      4241.0168      8200.6634     -9100.2271     -90.216716     -2320.711       8000.8328     -5454.5896     -469.73361      88804.815      44.614788      44.614788      44.614788      0.93944834     167.37868      2116.1123      1146.1533    
    192000   192000         483.34428      1067.3076      16273.74       14905.802      11524.619      3381.1825      4247.92        8088.4678     -9037.752      -95.326893     -2338.9318      7976.4878     -5459.6826     -474.665        87882.203      44.459746      44.459746      44.459746      0.94931093     1400.9036      1674.9695      126.04969    
    193000   193000         492.1674       904.74194      16432.009      15264.416      11734.993      3529.4228      4277.7384      8197.1294     -9048.5535     -96.786995     -2326.0335      7984.1452     -5458.2163     -471.40854      88489.287      44.561886      44.561886      44.561886      0.94279814     1872.5842      835.61835      6.0232534    
    194000   194000         474.8243       47.441976      14720.203      14660.037      11321.473      3338.564       4252.961       8237.702      -9116.5165     -94.186726     -2453.0026      7966.3673     -5454.7605     -479.70869      86958.204      44.303379      44.303379      44.303379      0.9593981     -2604.66        752.4135       1994.5725    
    195000   195000         476.51599      206.55268      15255.355      14991.084      11361.809      3629.2751      4429.1372      8213.7117     -9058.1995     -97.087602     -2393.8719      7988.5709     -5452.9857     -475.49435      87728.92       44.433882      44.433882      44.433882      0.95096959     2663.1483     -1190.418      -853.07228    
    196000   196000         481.72057      1853.601       17188.225      14827.207      11485.904      3341.3024      4308.8104      7952.8468     -9018.8241     -97.311887     -2359.3575      8010.8933     -5455.7546     -477.61826      87338.801      44.367921      44.367921      44.367921      0.95521732     314.07699      3445.58        1801.1459    
    197000   197000         485.53192     -1131.8854      13527.94       14976.69       11576.78       3399.9098      4413.875       7998.8572     -9042.6767     -86.998888     -2409.2429      7993.6197     -5467.5237     -475.30573      87763.734      44.439759      44.439759      44.439759      0.95059237    -965.78031     -620.98328     -1808.8927    
    198000   198000         474.62618      2112.7903      17357.888      14669.869      11316.749      3353.1196      4365.7735      7971.044      -9066.3363     -91.575794     -2386.0843      8019.294      -5458.9956     -478.17636      87236.863      44.350653      44.350653      44.350653      0.95633351     2425.0306      1607.2095      2306.1309    
    199000   199000         481.45365     -1165.2706      13349.457      14841.732      11479.54       3362.1918      4338.3926      8082.9559     -9103.4678     -91.357852     -2405.1441      7995.0136     -5454.2005     -475.05302      87810.422      44.447638      44.447638      44.447638      0.95008694    -489.65396     -1404.3083     -1601.8495    
    200000   200000         479.92549      211.50799      15197.944      14926.13       11443.103      3483.0271      4319.9465      8158.5096     -8983.8876     -92.040508     -2437.0812      7971.876      -5454.2956     -473.39065      88118.779      44.499605      44.499605      44.499605      0.94676227     181.33848      551.36675     -98.181253    
    201000   201000         482.99538      45.507653      14996.948      14938.288      11516.3        3421.9875      4376.1744      8023.4045     -9043.9665     -90.582917     -2382.9199      7993.5441     -5453.6661     -471.96145      88385.621      44.544478      44.544478      44.544478      0.94390393    -756.01233     -1017.6931      1910.2284    
    202000   202000         480.07603      1512.207       16777.136      14845.126      11446.693      3398.4331      4199.9672      8150.5497     -9016.3268     -96.070674     -2358.0865      7977.7734     -5459.3733     -476.17415      87603.676      44.412727      44.412727      44.412727      0.95232916     589.16214      2014.7437      1932.7152    
    203000   203000         476.19834     -1227.1074      13329.099      14907.33       11354.235      3553.0945      4414.4703      8089.8155     -8945.4558     -99.085474     -2410.2443      7968.7674     -5465.1732     -473.01648      88188.483      44.511335      44.511335      44.511335      0.94601395    -1911.4367     -969.28767     -800.59779    
    204000   204000         480.87646      828.37693      16039.841      14988.696      11465.778      3522.9183      4404.1546      8138.2676     -9005.8769     -90.888173     -2431.0579      7973.0034     -5464.6844     -479.43444      87007.946      44.311825      44.311825      44.311825      0.95884962     1683.8411     -948.61019      1749.8999    
    205000   205000         477.01961     -222.25159      14588.402      14870.936      11373.817      3497.1193      4296.7649      8057.2458     -8939.3192     -88.707419     -2373.2819      7993.0395     -5448.6224     -478.56125      87166.703      44.33876       44.33876       44.33876       0.95710326     686.42909     -266.2907      -1086.8932    
    206000   206000         484.20375      345.16991      15332.93       14888.643      11545.112      3343.5315      4263.4652      8082.9263     -9064.6912     -94.717044     -2356.5132      7979.3438     -5466.2823     -472.64387      88258.006      44.523029      44.523029      44.523029      0.94526875     484.17557      2009.2941     -1457.9599    
    207000   207000         478.90014      838.133        15988.942      14925.265      11418.655      3506.6094      4324.6042      8110.2411     -9001.1602     -92.621464     -2390.8598      8013.0102     -5456.6046     -479.36594      87020.379      44.313936      44.313936      44.313936      0.95871262    -154.51922      695.43344      1973.4848    
    208000   208000         479.53738     -403.88634      14241.142      14762.471      11433.849      3328.622       4262.7294      8038.5398     -9137.5401     -89.890571     -2287.076       8001.4194     -5459.5598     -471.31495      88506.859      44.564836      44.564836      44.564836      0.94261097    -166.69679     -45.393445     -999.56878    
    209000   209000         477.88081     -141.56341      14609.628      14790.291      11394.351      3395.9402      4317.1227      8070.1777     -9026.347      -87.644026     -2398.7664      7983.0942     -5461.6969     -476.70092      87506.872      44.396362      44.396362      44.396362      0.95338268    -956.07546      1554.6588     -1023.2736    
    210000   210000         482.17581      614.94055      15692.543      14909.16       11496.759      3412.4016      4262.1206      8160.9396     -9033.4414     -89.418587     -2413.5617      7984.3937     -5458.6306     -477.55459      87350.444      44.369892      44.369892      44.369892      0.95509        398.54141      149.15566      1297.1246    
    211000   211000         475.29545      655.6768       15397.922      14561.691      11332.707      3228.9839      4305.4812      7943.0263     -9036.2466     -88.343612     -2426.9358      7996.2531     -5464.2506     -477.00982      87450.203      44.386777      44.386777      44.386777      0.95400048     2536.7746     -840.19184      270.44764    
    212000   212000         480.54758      204.01465      15190.331      14929.339      11457.936      3471.4026      4365.0188      8158.2995     -9159.1435     -94.041726     -2346.771       8007.4721     -5459.4317     -475.55202      87718.281      44.432086      44.432086      44.432086      0.95108494    -179.3215       658.52819      132.83725    
    213000   213000         484.109        265.86314      15245.862      14904.181      11542.853      3361.3284      4344.6906      8029.0687     -9092.2204     -88.969615     -2372.1938      8001.5707     -5460.6178     -473.37095      88122.446      44.500222      44.500222      44.500222      0.94672288     1130.3156     -629.22589      296.49971    
    214000   214000         475.56888      241.17768      14997.602      14690.046      11339.226      3350.8191      4321.3018      8218.5958     -9189.712      -94.203219     -2425.0047      7987.0701     -5467.2286     -477.06366      87440.333      44.385107      44.385107      44.385107      0.95410816    -252.56335      1238.7137     -262.61728    
    215000   215000         480.78198     -515.18411      14241.088      14902.256      11463.525      3438.731       4372.6554      8047.5533     -9060.4268     -92.934739     -2386.8458      8015.6764     -5456.9467     -474.03947      87998.17       44.479294      44.479294      44.479294      0.94805989     1161.9799     -1195.4062     -1512.1261    
    216000   216000         475.09932      216.28343      14886.897      14612.362      11328.03       3284.3313      4353.1372      7935.728      -9014.7113     -89.445961     -2430.4439      7993.321      -5463.2538     -479.27948      87036.077      44.3166        44.3166        44.3166        0.95853971    -1217.7008      1612.3972      254.15391    
    217000   217000         476.93017      1447.8705      16655.526      14789.701      11371.684      3418.0169      4303.4804      8084.3372     -9060.7868     -95.163961     -2290.0821      7944.6833     -5468.4512     -472.08792      88361.943      44.5405        44.5405        44.5405        0.94415687     1717.247       1406.0377      1220.3268    
    218000   218000         480.02053     -391.34456      14375.517      14874.679      11445.369      3429.3092      4350.6896      8080.1015     -9039.034      -97.653829     -2370.2659      7965.5583     -5460.0864     -476.96031      87459.28       44.388312      44.388312      44.388312      0.95390146    -822.42711      973.92172     -1325.5283    
    219000   219000         469.11236      862.81448      15699.095      14591.193      11185.28       3405.9126      4328.502       8143.9899     -9130.638      -94.780306     -2351.1762      7966.8127     -5456.7975     -473.78383      88045.651      44.487292      44.487292      44.487292      0.94754863     1669.5063      464.48512      454.45203    
    220000   220000         476.72471     -187.25617      14546.543      14783.287      11366.785      3416.5019      4431.736       8131.4924     -9050.7591     -89.87833      -2492.1464      7955.2166     -5469.1593     -481.1946       86689.679      44.25773       44.25773       44.25773       0.96236987     415.56916      404.0312      -1381.3689    
    221000   221000         475.16799      939.3729       15853.881      14652.829      11329.668      3323.161       4341.2855      8061.4644     -9095.1893     -94.685543     -2401.7083      7970.5468     -5458.5526     -475.81732      87669.372      44.423827      44.423827      44.423827      0.95161552    -489.12239      1238.536       2068.7051    
    222000   222000         478.20336      488.46401      15291.589      14665.612      11402.042      3263.5705      4313.6403      7963.7082     -9076.8198     -91.539074     -2345.8523      7963.0981     -5462.6649     -474.72093      87871.849      44.458         44.458         44.458         0.94942278     309.2169      -149.74393      1305.9191    
    223000   223000         480.74559      475.36255      15670.532      15064.45       11462.657      3601.7929      4501.4653      8284.5558     -9145.7874     -96.883426     -2447.9288      7967.9773     -5461.6058     -477.15284      87423.991      44.382341      44.382341      44.382341      0.95428652     479.18186      225.39702      721.50878    
    224000   224000         470.63501     -549.3574       13767.078      14467.752      11221.586      3246.1661      4269.8474      8184.3752     -9168.8954     -92.770948     -2473.4357      7983.2554     -5456.2097     -476.98316      87455.091      44.387604      44.387604      44.387604      0.95394716    -19.785763     -160.77006     -1467.5164    
    225000   225000         472.53695      1453.4819      16564.145      14701.9        11266.935      3434.9653      4342.0691      8124.0944     -9154.9044     -96.872317     -2288.8059      7969.8808     -5460.4963     -474.82855      87851.932      44.454641      44.454641      44.454641      0.94963802     1383.12       -551.12028      3528.446     
    226000   226000         481.13554      145.28623      14885.382      14699.505      11471.955      3227.5496      4274.9246      8098.599      -9114.6494     -92.929356     -2435.8476      7967.5325     -5470.0801     -475.51328      87725.428      44.433293      44.433293      44.433293      0.95100745     143.31831      206.47783      86.062551    
    227000   227000         484.01832      426.86265      15313.259      14772.747      11540.691      3232.0564      4228.8437      8047.3969     -9047.9748     -90.62086      -2432.914       7987.7443     -5460.4187     -480.44903      86824.207      44.280611      44.280611      44.280611      0.96087875     901.86521      1094.4542     -715.73148    
    228000   228000         478.47272      424.59756      15360.222      14813.48       11408.464      3405.0156      4357.5683      8079.0373     -9161.2385     -92.641707     -2305.5594      7990.7658     -5462.9162     -472.453        88293.663      44.529024      44.529024      44.529024      0.94488701     1708.8918     -1567.3544      1132.2553    
    229000   229000         477.05813     -612.38978      13867.844      14649.21       11374.735      3274.4747      4266.9224      8021.4794     -9043.4604     -90.755293     -2400.1385      7982.1629     -5461.7358     -476.80139      87488.431      44.393243      44.393243      44.393243      0.95358362    -1249.5602     -597.86371      10.254605    
    230000   230000         476.73427     -95.991442      14647.956      14770.014      11367.013      3403.0004      4349.9876      8325.3577     -9124.7967     -97.443942     -2543.9455      7958.4205     -5464.5793     -478.44268      87188.303      44.342422      44.342422      44.342422      0.95686615     646.17484      693.63265     -1627.7818    
    231000   231000         474.26363      463.39848      15255.761      14661.905      11308.105      3353.8006      4429.36        8028.3414     -9068.799      -95.675438     -2422.3315      7957.3582     -5474.4531     -474.72027      87871.97       44.45802       44.45802       44.45802       0.94942147    -8.8261753      2699.9838     -1300.9622    
    232000   232000         483.6132       91.165655      14960.847      14844.803      11531.031      3313.7714      4457.4973      8006.6697     -9144.9507     -96.884952     -2413.7346      7970.1637     -5464.9891     -477.93574      87280.783      44.358094      44.358094      44.358094      0.95585228     703.80076      29.089544     -459.39334    
    233000   233000         478.9635       433.11123      15488.805      14933.046      11420.166      3512.8805      4328.7228      8265.8244     -9095.2369     -93.842539     -2407.5857      7979.3121     -5464.3135     -474.10806      87985.439      44.477148      44.477148      44.477148      0.94819707     177.201        595.89268      526.24       
    234000   234000         482.44544      614.89298      15267.268      14491.115      11503.188      2987.9276      4180.9817      8028.7311     -9194.3936     -86.371728     -2474.3433      7997.6853     -5464.3619     -481.96594      86550.942      44.234107      44.234107      44.234107      0.96391251     1142.3674      641.72964      60.581956    
    235000   235000         475.64764     -737.92904      13828.546      14780.076      11341.104      3438.9718      4340.5502      8143.0138     -9068.8513     -92.243405     -2400.1876      7976.5636     -5459.8734     -471.79799      88416.242      44.549621      44.549621      44.549621      0.94357703    -1714.3713      53.945165     -553.36096    
    236000   236000         475.56085      469.85807      15366.247      14765.979      11339.035      3426.9441      4499.5722      8077.6112     -9146.8318     -94.977848     -2463.9073      8010.3925     -5454.9149     -476.19585      87599.684      44.412053      44.412053      44.412053      0.95237256     1144.0033     -1278.6288      1544.1997    
    237000   237000         472.21707      140.11741      14571.145      14393.727      11259.308      3134.4191      4283.334       7928.6782     -9056.7301     -91.547305     -2454.9776      7993.8887     -5468.2268     -480.45981      86822.259      44.28028       44.28028       44.28028       0.96090031     98.865937     -84.473977      405.96027    
    238000   238000         477.5758      -1126.0342      13261.559      14689.212      11387.078      3302.1336      4405.5498      8048.8071     -9075.7124     -92.184987     -2521.8018      7999.9936     -5462.5177     -479.83633      86935.072      44.299451      44.299451      44.299451      0.95965338    -780.12266     -2862.1571      264.17723    
    239000   239000         477.33025      311.44174      15029.54       14633.357      11381.224      3252.1335      4229.567       8027.7202     -9086.1941     -98.806429     -2377.0693      8012.2453     -5455.3292     -478.23891      87225.453      44.348719      44.348719      44.348719      0.95645861     1490.202      -1142.8274      586.9506     
    240000   240000         475.80497      2330.9334      17696.183      14728.443      11344.856      3383.5873      4249.7819      8104.2551     -9046.6668     -93.636377     -2364.2235      7994.8007     -5460.7238     -477.82403      87301.189      44.361551      44.361551      44.361551      0.95562885     2525.3116      3036.3513      1431.1374    
    241000   241000         474.37711      6.1898248      14813.315      14805.377      11310.81       3494.5667      4360.3083      8159.1258     -9068.6102     -93.879004     -2409.8465      8002.0393     -5454.571      -474.41464      87928.58       44.467565      44.467565      44.467565      0.94881022    -316.45837     -250.30215      585.32999    
    242000   242000         474.83988     -828.85519      13675.122      14741.033      11321.845      3419.1886      4361.6946      7912.1993     -8948.4543     -88.638146     -2366.4411      8014.5562     -5465.7279     -473.06593      88179.265      44.509785      44.509785      44.509785      0.94611284    -1933.6456     -733.12377      180.2038     
    243000   243000         478.0581       788.89049      15674.511      14667.86       11398.578      3269.2824      4219.3128      8137.031      -9082.7034     -90.735273     -2447.6619      7993.1618     -5459.1226     -476.76241      87495.585      44.394453      44.394453      44.394453      0.95350566     440.9609       9.2851806      1916.4254    
    244000   244000         469.98398     -561.85919      13542.774      14261.52       11206.063      3055.4568      4212.0395      7885.3762     -9070.3701     -96.248061     -2401.9859      7983.6358     -5456.9906     -475.57198      87714.6        44.431465      44.431465      44.431465      0.95112484     476.57972     -349.20438     -1812.9529    
    245000   245000         473.3269       129.07873      14976.607      14810.832      11285.77       3525.062       4390.8023      8169.1155     -9030.7936     -96.323782     -2422.3301      7981.6521     -5467.0603     -473.69592      88061.992      44.490044      44.490044      44.490044      0.9473728      1072.6218     -1726.0592      1040.6736    
    246000   246000         472.45626     -373.117        14052.68       14527.128      11265.011      3262.1176      4234.5041      8005.6025     -9116.8532     -94.850594     -2323.5232      8008.4052     -5451.1672     -478.43218      87190.218      44.342746      44.342746      44.342746      0.95684513    -210.12121     -576.86706     -332.36272    
    247000   247000         477.76926     -1781.1171      12430.164      14730.698      11391.691      3339.0066      4289.4274      8022.5793     -9056.424      -89.581142     -2357.0571      7989.9509     -5459.8886     -471.00762      88564.609      44.574526      44.574526      44.574526      0.94199632    -1349.609      -2608.8003     -1384.9419    
    248000   248000         479.45013      1651.6196      16820.28       14703.885      11431.769      3272.116       4198.2029      8020.0726     -9038.3486     -88.801028     -2373.8536      8009.755      -5454.9114     -474.76339      87863.99       44.456675      44.456675      44.456675      0.9495077      1736.2218      971.73609      2246.9008    
    249000   249000         472.66801      1493.7201      16432.494      14533.221      11270.06       3263.161       4324.3907      8022.8717     -9097.3199     -91.236547     -2436.5738      8002.4078     -5461.379      -478.46013      87185.123      44.341883      44.341883      44.341883      0.95690104     1105.3221      1885.1169      1490.7213    
    250000   250000         478.33871     -520.49724      13973.651      14637.689      11405.269      3232.4201      4373.5655      7859.2941     -9040.2418     -87.04813      -2452.2616      8023.5521     -5444.4401     -476.85882      87477.895      44.391461      44.391461      44.391461      0.95369848     722.82171     -894.95436     -1389.3591    
Loop time of 527.896 on 1 procs for 250000 steps with 8000 atoms

Performance: 40.917 ns/day, 0.587 hours/ns, 473.579 timesteps/s, 3.789 Matom-step/s
100.0% CPU use with 1 MPI tasks x 1 OpenMP threads

MPI task timing breakdown:
Section |  min time  |  avg time  |  max time  |%varavg| %total
---------------------------------------------------------------
Pair    | 62.99      | 62.99      | 62.99      |   0.0 | 11.93
Bond    | 56.942     | 56.942     | 56.942     |   0.0 | 10.79
Kspace  | 249.41     | 249.41     | 249.41     |   0.0 | 47.25
Neigh   | 55.584     | 55.584     | 55.584     |   0.0 | 10.53
Comm    | 8.991      | 8.991      | 8.991      |   0.0 |  1.70
Output  | 2.7887     | 2.7887     | 2.7887     |   0.0 |  0.53
Modify  | 80.836     | 80.836     | 80.836     |   0.0 | 15.31
Other   |            | 10.35      |            |       |  1.96

Nlocal:           8000 ave        8000 max        8000 min
Histogram: 1 0 0 0 0 0 0 0 0 0
Nghost:          19846 ave       19846 max       19846 min
Histogram: 1 0 0 0 0 0 0 0 0 0
Neighs:              0 ave           0 max           0 min
Histogram: 1 0 0 0 0 0 0 0 0 0
FullNghs:  4.66237e+06 ave 4.66237e+06 max 4.66237e+06 min
Histogram: 1 0 0 0 0 0 0 0 0 0

Total # of neighbors = 4662370
Ave neighs/atom = 582.79625
Ave special neighs/atom = 5.7025
Neighbor list builds = 10739
Dangerous builds = 0

# --- Cleanup ---
unfix npt_fix

undump dump_npt

# --- Write Output ---
write_dump all custom cool_block_01_last.dump id type mol x y z xu yu zu vx vy vz modify sort id
write_data /home/alexzhao/PolyJarvis/data/PEG_1/attempts/cooling/attempt-0001/work/cool_block_01/cool_block_01_out.data
System init for write_data ...
PPPM Kokkos initialization ...
  using 12-bit tables for long-range coulomb
  G vector (1/distance) = 0.30190808
  grid = 32 32 32
  stencil order = 5
  estimated absolute RMS force accuracy = 0.00030680252
  estimated relative force accuracy = 9.2392666e-07
  using double precision cuFFT
  3d grid and FFT values/proc = 59319 32768
Generated 10 of 10 mixed pair_coeff terms from sixthpower/sixthpower mixing rule
write_restart /home/alexzhao/PolyJarvis/data/PEG_1/attempts/cooling/attempt-0001/work/cool_block_01/cool_block_01_out.restart
System init for write_restart ...
PPPM Kokkos initialization ...
  using 12-bit tables for long-range coulomb
  G vector (1/distance) = 0.30190808
  grid = 32 32 32
  stencil order = 5
  estimated absolute RMS force accuracy = 0.00030680252
  estimated relative force accuracy = 9.2392666e-07
  using double precision cuFFT
  3d grid and FFT values/proc = 59319 32768
Generated 10 of 10 mixed pair_coeff terms from sixthpower/sixthpower mixing rule

print "STAGE COMPLETE: NPT T=500.0->475.0K P=1.0->1.0atm steps=250000"
STAGE COMPLETE: NPT T=500.0->475.0K P=1.0->1.0atm steps=250000
quit
