units real
atom_style full
boundary p p p

# --- Force Field Styles ---
pair_style lj/class2/coul/long 9.5 9.5
kspace_style pppm 1e-6
dielectric 1.000000
bond_style class2
angle_style class2
dihedral_style class2
improper_style class2
special_bonds lj/coul 0 0 1
pair_modify mix sixthpower tail yes
neighbor 2.0 bin
neigh_modify delay 0 every 1 check yes
neigh_modify one 4000
# KOKKOS: package loaded via -pk kokkos on the command line

read_data /home/arz2/PolyJarvis_v2/data/sPVC_1/attempts/cooling/attempt-0001/work/cool_block_07/cool_block_07_out.data
Reading data file ...
  orthogonal box = (6.6771068 6.6771068 6.6771068) to (47.015586 47.015586 47.015586)
  1 by 1 by 1 MPI processor grid
  reading atoms ...
  4940 atoms
  reading velocities ...
  4940 velocities
  scanning bonds ...
  4 = max bonds/atom
  scanning angles ...
  12 = max angles/atom
  scanning dihedrals ...
  24 = max dihedrals/atom
  scanning impropers ...
  10 = max impropers/atom
  orthogonal box = (6.6771068 6.6771068 6.6771068) to (47.015586 47.015586 47.015586)
  1 by 1 by 1 MPI processor grid
  reading bonds ...
  4930 bonds
  reading angles ...
  9840 angles
  reading dihedrals ...
  14670 dihedrals
  reading impropers ...
  6560 impropers
Finding 1-2 1-3 1-4 neighbors ...
  special bond factors lj:    0        0        1       
  special bond factors coul:  0        0        1       
     4 = max # of 1-2 neighbors
     6 = max # of 1-3 neighbors
    10 = max # of special neighbors
  special bonds CPU = 0.003 seconds
  read_data CPU = 0.210 seconds


# --- Thermo Output ---
thermo_style custom step time temp press enthalpy etotal ke pe ebond eangle edihed eimp evdwl ecoul elong etail vol lx ly lz density pxx pyy pzz
thermo_modify flush yes
thermo 1000

# --- Trajectory ---
dump dump_npt all custom 1000 cool_block_08.dump id type mol x y z ix iy iz vx vy vz


# --- Restart Checkpointing ---
restart 10000 npt_1.rst npt_2.rst

# --- Initial Velocities (optional) ---
# Velocities read from data file

# --- SHAKE Constraints ---
# SHAKE disabled

# --- NPT Thermostat + Barostat (Nose-Hoover) ---
# T_damp = 100.0 fs  (heat bath coupling)
# P_damp = 1000.0 fs  (pressure bath coupling, ~10x T_damp typical)
# Ramp: T=396.0->371.0K  P=1.0->1.0atm
timestep 1.0
fix npt_fix all npt temp 396.0 371.0 100.0 iso 1.0 1.0 1000.0

run 250000
PPPM Kokkos initialization ...
  using 12-bit tables for long-range coulomb
  G vector (1/distance) = 0.29539611
  grid = 27 27 27
  stencil order = 5
  estimated absolute RMS force accuracy = 0.0003688537
  estimated relative force accuracy = 1.110792e-06
  using double precision cuFFT
  3d grid and FFT values/proc = 39304 19683
Generated 6 of 6 mixed pair_coeff terms from sixthpower/sixthpower mixing rule
Neighbor list info ...
  update: every = 1 steps, delay = 0 steps, check = yes
  max neighbors/atom: 4000, page size: 100000
  master list distance cutoff = 11.5
  ghost atom cutoff = 11.5
  binsize = 11.5, bins = 4 4 4
  1 neighbor lists, perpetual/occasional/extra = 1 0 0
  (1) pair lj/class2/coul/long/kk, perpetual
      attributes: full, newton off, kokkos_device
      pair build: full/bin/kk/device
      stencil: full/bin/3d
      bin: kk/device
Per MPI rank memory allocation (min/avg/max) = 28.8 | 28.8 | 28.8 Mbytes
   Step          Time           Temp          Press         Enthalpy        TotEng         KinEng         PotEng         E_bond        E_angle        E_dihed        E_impro         E_vdwl         E_coul         E_long         E_tail         Volume           Lx             Ly             Lz          Density          Pxx            Pyy            Pzz      
         0   0              388.17612      1194.0448      3488.0712      2345.0479      5714.8146     -3369.7667      2338.0389      3299.6838     -2764.549       22.598773     -992.57704     -2207.7088     -3065.2534     -359.75237      65638.488      40.338479      40.338479      40.338479      1.297029       1705.0055      230.80175      1646.3272    
      1000   1000           405.23454     -195.86111      2466.256       2654.1647      5965.9524     -3311.7877      2296.3158      3333.8728     -2738.4287      23.852906     -940.5181      -2215.1416     -3071.7408     -358.95449      65784.388      40.368345      40.368345      40.368345      1.2941523     -205.66718     -442.7324       60.816245    
      2000   2000           389.81043     -1012.2091      1533.8552      2508.7024      5738.8752     -3230.1728      2398.3525      3309.9501     -2739.0817      23.908573     -958.4608      -2202.7215     -3062.1201     -357.57883      66037.471      40.420047      40.420047      40.420047      1.2891926     -1538.8177     -1144.2799     -353.52963    
      3000   3000           389.62153      1489.5434      3752.2366      2324.0563      5736.0943     -3412.038       2221.759       3354.6667     -2750.982       22.698966     -977.56225     -2214.5063     -3068.1122     -359.17677      65743.677      40.360016      40.360016      40.360016      1.2949537      1999.0058      1044.0474      1425.5769    
      4000   4000           399.75929      1509.8253      3975.4349      2536.5522      5885.3445     -3348.7923      2282.3479      3307.0702     -2702.1462      21.903795     -983.16805     -2207.9967     -3066.8033     -361.35945      65346.573      40.278591      40.278591      40.278591      1.302823       1653.0992      1350.2372      1526.1396    
      5000   5000           394.5585       1082.703       3265.553       2222.1113      5808.7774     -3586.6661      2217.089       3223.326      -2749.1408      22.814047     -1042.8069     -2193.71       -3064.2375     -357.33804      66081.969      40.429123      40.429123      40.429123      1.2883245      1468.7031      1825.3584     -45.952544    
      6000   6000           396.58419      108.92813      2569.4464      2464.0796      5838.6        -3374.5205      2296.1669      3264.0153     -2747.5292      22.767341     -919.31936     -2219.4307     -3071.1907     -356.01973      66326.666      40.478964      40.478964      40.478964      1.2835715     -890.18734      347.7132       869.25851    
      7000   7000           394.77212     -812.10535      1680.5909      2466.3087      5811.9224     -3345.6137      2287.1033      3299.495      -2710.1314      22.758502     -969.29163     -2205.8483     -3069.6993     -355.94584      66340.434      40.481765      40.481765      40.481765      1.2833051     -1747.1715     -723.13764      33.993066    
      8000   8000           397.37667      763.76276      3246.7069      2512.0634      5850.267      -3338.2036      2275.0261      3300.7206     -2710.3344      22.656451     -949.76324     -2204.4042     -3072.1051     -358.03045      65954.171      40.403044      40.403044      40.403044      1.2908209      414.12445      756.82986      1120.334     
      9000   9000           394.50539      738.68864      3169.8954      2458.4417      5807.9955     -3349.5538      2292.5687      3335.6777     -2723.6412      23.031815     -992.60035     -2210.0394     -3074.551      -357.56329      66040.341      40.420632      40.420632      40.420632      1.2891366      948.0276       735.63485      532.40348    
     10000   10000          399.72921      98.180532      2657.6567      2563.2225      5884.9017     -3321.6792      2270.6432      3365.5905     -2764.9995      22.866635     -928.14134     -2217.1476     -3070.4911     -358.04212      65952.022      40.402605      40.402605      40.402605      1.2908629     -644.00304     -1120.2203      2058.7649    
     11000   11000          390.6625      -1062.6409      1414.4862      2441.3638      5751.4196     -3310.0558      2376.4883      3293.2294     -2759.7379      22.505644     -962.37581     -2212.8702     -3067.2953     -356.374        66260.731      40.465546      40.465546      40.465546      1.2848488     -843.42611     -595.99256     -1748.5042    
     12000   12000          395.41875      1653.0268      4126.8625      2535.008       5821.4422     -3286.4341      2255.4961      3394.906      -2716.5154      23.476592     -969.62015     -2206.7344     -3067.4428     -357.61412      66030.954      40.418717      40.418717      40.418717      1.2893198      1021.3441      3084.233       853.50316    
     13000   13000          392.39135      949.72994      3259.7515      2350.9887      5776.8721     -3425.8834      2215.5065      3349.4872     -2727.1287      22.899841     -1010.0681     -2208.285      -3068.2952     -359.90483      65610.683      40.332783      40.332783      40.332783      1.2975786      911.88369      1351.2672      586.03894    
     14000   14000          394.93271      306.98502      2688.6254      2395.3296      5814.2866     -3418.957       2255.662       3296.0497     -2731.3583      22.498871     -999.90615     -2198.2379     -3063.6652     -360.4537       65510.776      40.3123        40.3123        40.3123        1.2995575      1001.102      -624.58035      544.43338    
     15000   15000          396.45827     -410.81705      1956.669       2354.5388      5836.7463     -3482.2075      2272.281       3239.0236     -2753.7062      21.837061     -974.71909     -2216.6035     -3070.3203     -355.58681      66407.418      40.495385      40.495385      40.495385      1.2820107     -172.02157      194.84595     -1255.2755    
     16000   16000          399.45897      1095.837       3631.9614      2578.2017      5880.9232     -3302.7215      2298.9175      3304.4623     -2724.6096      21.900356     -928.34577     -2206.2585     -3068.7878     -358.13145      65935.57       40.399246      40.399246      40.399246      1.291185       219.64822      1563.0261      1504.8366    
     17000   17000          399.10202     -338.72268      2104.112       2430.2053      5875.668      -3445.4627      2267.3874      3273.2708     -2719.4786      21.608018     -1011.3487     -2208.9751     -3067.9265     -357.71772      66011.831      40.414815      40.414815      40.414815      1.2896934     -43.960913     -214.93595     -757.27116    
     18000   18000          396.63954     -211.05207      2279.008       2482.4096      5839.415      -3357.0054      2310.6167      3272.7301     -2703.5957      22.259101     -989.2516      -2199.1766     -3070.5875     -357.33327      66082.852      40.429304      40.429304      40.429304      1.2883073     -547.98832      983.08603     -1068.2539    
     19000   19000          389.88473      800.82365      3176.4317      2404.4962      5739.9691     -3335.4729      2254.7164      3339.7502     -2722.4519      21.430692     -960.86156     -2199.8001     -3068.2567     -357.26789      66094.945      40.43177       40.43177       40.43177       1.2880716      513.23697      2029.7301     -140.49612    
     20000   20000          400.1534       1131.2204      3599.5091      2511.8615      5891.1468     -3379.2853      2167.571       3392.2732     -2728.5882      22.181743     -955.90602     -2204.5312     -3072.2857     -358.17655      65927.269      40.39755       40.39755       40.39755       1.2913476      1756.7641      1886.833      -249.93601    
     21000   21000          396.16777      489.35332      2962.5988      2492.1323      5832.4694     -3340.3371      2233.9181      3366.1377     -2730.1765      22.811768     -946.8041      -2211.9301     -3074.294      -358.20522      65921.992      40.396472      40.396472      40.396472      1.291451       709.46449      48.049586      710.54588    
     22000   22000          396.21172     -120.80598      2254.5462      2369.7871      5833.1164     -3463.3293      2221.2754      3344.4344     -2776.576       23.393792     -984.43683     -2216.6006     -3074.8194     -361.01053      65409.73       40.291563      40.291563      40.291563      1.3015651      359.98717     -700.72186     -21.683253    
     23000   23000          390.56218     -1183.7025      1177.8641      2322.7583      5749.9427     -3427.1844      2291.1031      3265.9166     -2720.1901      21.663293     -1011.5202     -2203.0487     -3071.1084     -356.05358      66320.36       40.477681      40.477681      40.477681      1.2836936     -1411.5235     -2284.8513      145.26727    
     24000   24000          402.12604      142.00773      2674.7974      2538.6835      5920.1884     -3381.5049      2279.4453      3309.9918     -2730.9529      24.239339     -982.12393     -2210.8479     -3071.2566     -359.29201      65722.59       40.3557        40.3557        40.3557        1.2953692     -893.44527      1422.9849     -103.51641    
     25000   25000          388.69887      755.98078      2968.3072      2241.6382      5722.5106     -3480.8723      2245.7343      3224.8271     -2743.9249      21.514733     -940.7942      -2216.7792     -3071.4502     -358.27149      65909.798      40.393981      40.393981      40.393981      1.2916899      2910.5388     -383.30918     -259.28731    
     26000   26000          398.23494      261.78116      2729.1904      2476.0943      5862.9028     -3386.8084      2318.9415      3293.1147     -2723.7302      21.247876     -1023.0592     -2201.1889     -3072.1342     -356.19767      66293.532      40.472222      40.472222      40.472222      1.2842131      792.579       -179.52905      172.29353    
     27000   27000          393.42552     -117.86385      2336.5797      2450.2231      5792.0974     -3341.8744      2311.6491      3328.1334     -2732.2128      22.553991     -1004.8657     -2198.6318     -3068.5006     -357.1697       66113.115      40.435474      40.435474      40.435474      1.2877176      714.98194     -31.539094     -1037.0344    
     28000   28000          398.66639     -328.09379      1989.6142      2308.0464      5869.2546     -3561.2082      2231.8129      3196.9879     -2728.4329      22.858495     -1013.8975     -2203.8702     -3066.6668     -354.82902      66549.241      40.524192      40.524192      40.524192      1.2792786      295.72885     -219.01962     -1060.9906    
     29000   29000          394.40266     -791.04387      1770.136       2543.5729      5806.483      -3262.9101      2359.904       3327.8795     -2724.2895      22.406406     -975.47488     -2203.6233     -3069.7123     -352.21982      67042.228      40.624012      40.624012      40.624012      1.2698716     -1124.199      -1203.1528     -45.779852    
     30000   30000          386.82277     -478.59273      1840.5884      2307.959       5694.8903     -3386.9314      2289.5741      3293.7407     -2741.5022      23.469254     -970.55947     -2209.6316     -3072.0221     -352.64918      66960.604      40.607519      40.607519      40.607519      1.2714195      648.98396     -1675.607      -409.15513    
     31000   31000          399.28335     -228.97899      2257.182       2478.2081      5878.3376     -3400.1295      2316.8644      3305.0384     -2753.5055      23.639474     -1009.0778     -2209.5671     -3073.5213     -356.77156      66186.895      40.45051       40.45051       40.45051       1.2862821      526.2045      -57.521547     -1155.6199    
     32000   32000          383.17576      327.80649      2627.4573      2309.1736      5641.1982     -3332.0246      2301.3498      3290.5604     -2711.1635      22.439392     -953.89534     -2210.1669     -3071.1484     -354.68363      66576.52       40.529729      40.529729      40.529729      1.2787544      283.08724      113.78131      586.55092    
     33000   33000          390.12641      184.47785      2290.4118      2113.7811      5743.5271     -3629.746       2249.1116      3212.472      -2778.5743      23.161939     -1065.688      -2200.9292     -3069.3001     -359.67979      65651.733      40.341192      40.341192      40.341192      1.2967673      855.97339     -516.54587      214.00603    
     34000   34000          393.16139      274.27938      2665.2352      2400.1068      5788.2088     -3388.102       2223.5646      3297.855      -2732.9424      22.37722      -907.26902     -2215.4424     -3076.2449     -356.26653      66280.719      40.469615      40.469615      40.469615      1.2844613     -127.64289      1268.3752     -317.89414    
     35000   35000          390.45566     -571.67172      1728.6655      2280.6864      5748.3744     -3467.688       2237.6446      3233.9985     -2735.471       20.989732     -945.34055     -2211.6274     -3067.8818     -356.63944      66211.415      40.455505      40.455505      40.455505      1.2858058     -1110.1812     -550.93043     -53.903575    
     36000   36000          393.99561     -306.99594      2340.4854      2638.0119      5800.4904     -3162.4785      2312.4364      3432.5772     -2740.9122      23.177356     -927.3657      -2196.5771     -3065.8144     -355.34075      66453.402      40.50473       40.50473       40.50473       1.2811236     -785.93674      638.27474     -773.32581    
     37000   37000          390.96549     -1754.1487      573.15246      2279.1493      5755.8803     -3476.7309      2218.1929      3288.6119     -2767.8146      23.162974     -970.6893      -2204.1094     -3064.0854     -354.10031      66686.193      40.551972      40.551972      40.551972      1.2766514     -2277.1473     -855.21359     -2130.0854    
     38000   38000          388.4173       1296.5471      3463.6207      2204.1176      5718.3653     -3514.2476      2172.1991      3258.262      -2752.0993      23.269747     -938.27353     -2211.9329     -3065.6727     -354.50893      66609.328      40.536385      40.536385      40.536385      1.2781246      1191.2961      1277.3571      1420.9881    
     39000   39000          386.58909      202.74209      2542.9218      2346.0213      5691.45       -3345.4287      2230.7321      3410.7421     -2768.3222      23.987194     -976.85242     -2201.3434     -3064.3721     -354.59704      66592.777      40.533027      40.533027      40.533027      1.2784422      2486.0718     -962.32189     -915.52366    
     40000   40000          395.83142     -1196.5143      1309.3705      2472.6015      5827.5176     -3354.9162      2295.043       3307.8214     -2740.816       22.592125     -977.97334     -2196.6002     -3064.9831     -354.23384      66661.055      40.546875      40.546875      40.546875      1.2771328     -1849.6293     -357.88758     -1382.026     
     41000   41000          391.63578     -690.05206      1648.1332      2317.7766      5765.7485     -3447.9719      2287.7109      3256.2569     -2758.363       23.20119      -1003.5438     -2191.8661     -3061.3679     -354.8758       66540.468      40.522412      40.522412      40.522412      1.2794473      415.04529     -810.83891     -1674.3626    
     42000   42000          391.81132      160.86529      2405.0917      2249.791       5768.3328     -3518.5418      2198.3526      3261.2767     -2773.1693      22.002708     -959.3621      -2204.849      -3062.7935     -356.71955      66196.545      40.452476      40.452476      40.452476      1.2860946     -175.24635     -835.36158      1493.2038    
     43000   43000          396.39415     -393.23707      2035.8113      2416.713       5835.8022     -3419.0891      2362.1907      3240.496      -2758.9587      22.434377     -1027.9995     -2198.3321     -3058.92       -355.53275      66417.515      40.497437      40.497437      40.497437      1.2818158     -117.2715      -147.9839      -914.45582    
     44000   44000          393.4741      -891.8935       1595.0062      2454.5517      5792.8126     -3338.2608      2309.8263      3294.2822     -2722.3495      23.12519      -979.15901     -2195.3622     -3068.6238     -357.3405       66081.515      40.429031      40.429031      40.429031      1.2883333     -968.91422     -2356.7354      649.96908    
     45000   45000          391.75557     -255.17906      2106.9283      2353.3516      5767.512      -3414.1603      2252.5937      3326.8349     -2752.2548      24.39561      -1011.8228     -2193.9125     -3059.9945     -356.61642      66215.688      40.456375      40.456375      40.456375      1.2857228     -158.97947      396.29447     -1002.8522    
     46000   46000          391.93985      140.98558      2576.233       2440.419       5770.2251     -3329.8061      2321.1821      3303.4389     -2733.2821      24.026031     -992.42842     -2188.054      -3064.6886     -357.49354      66053.227      40.423261      40.423261      40.423261      1.2888851     -125.01877      816.6986      -268.7231     
     47000   47000          395.59708      1130.5015      3591.3209      2500.637       5824.0675     -3323.4305      2251.8189      3356.8274     -2747.6861      25.057771     -928.01439     -2216.304      -3065.1301     -356.95246      66153.352      40.443676      40.443676      40.443676      1.2869343      136.17214      812.7767       2442.5558    
     48000   48000          389.84091     -666.33837      1605.8738      2249.419       5739.324      -3489.905       2177.1562      3305.9345     -2738.2774      22.857702     -997.25157     -2201.3058     -3059.0186     -356.57748      66222.918      40.457847      40.457847      40.457847      1.2855824     -986.43807     -288.62583     -723.95122    
     49000   49000          388.88676      967.07566      3356.3531      2412.365       5725.2767     -3312.9118      2246.2854      3343.6853     -2731.8134      23.514012     -925.91613     -2206.5018     -3062.1651     -352.80282      66931.442      40.601623      40.601623      40.601623      1.2719735      185.21138      1569.8075      1146.2081    
     50000   50000          387.46352     -4.5937327      2309.899       2314.3547      5704.3235     -3389.9688      2268.5908      3268.8533     -2698.1289      21.323893     -1000.7323     -2187.7637     -3062.1118     -355.04191      66509.335      40.516091      40.516091      40.516091      1.2800462     -645.39286      1648.968      -1017.3563    
     51000   51000          393.03039      222.27745      2561.3236      2346.3898      5786.2802     -3439.8904      2302.2521      3128.2617     -2671.1772      21.010613     -958.63618     -2197.501      -3064.1004     -356.14657      66303.043      40.474158      40.474158      40.474158      1.2840288      518.48522      125.11646      23.230662    
     52000   52000          391.61627      79.864199      2366.5839      2289.7824      5765.4612     -3475.6788      2271.6495      3282.7925     -2753.3337      22.732338     -1033.1257     -2203.3393     -3063.0545     -358.11337      65938.9        40.399926      40.399926      40.399926      1.2911198      875.77375      953.22941     -1589.4106    
     53000   53000          390.09671      479.75423      2767.6595      2298.3337      5743.0899     -3444.7561      2215.8709      3284.4485     -2733.261       22.314725     -973.09054     -2197.4933     -3063.5454     -352.03234      67077.934      40.631223      40.631223      40.631223      1.2691956      1273.2259      156.37499      9.6618076    
     54000   54000          393.71969     -1515.5686      996.61403      2461.4006      5796.4282     -3335.0276      2279.994       3311.8117     -2722.0351      21.569657     -955.1177      -2203.772      -3067.4781     -356.31931      66270.9        40.467616      40.467616      40.467616      1.2846516     -2155.8124     -253.76718     -2137.1261    
     55000   55000          382.55362     -893.14494      1249.4413      2119.8299      5632.0388     -3512.209       2256.362       3180.2319     -2740.9081      22.101826     -960.96843     -2202.74       -3066.2881     -353.384        66821.365      40.579353      40.579353      40.579353      1.2740688     -96.597831     -982.14782     -1600.6892    
     56000   56000          389.13339     -45.026565      2250.1684      2293.5098      5728.9077     -3435.3979      2238.4301      3242.1703     -2701.9723      22.495987     -973.80077     -2198.5693     -3064.1518     -357.77048      66002.095      40.412828      40.412828      40.412828      1.2898836      39.324922      458.99999     -633.40461    
     57000   57000          385.57494      242.98111      2421.3061      2184.9848      5676.5194     -3491.5346      2204.73        3223.1979     -2725.9005      21.762668     -951.14837     -2199.1277     -3065.0488     -354.0852       66689.038      40.552548      40.552548      40.552548      1.2765969     -738.76076      2091.4852     -623.78105    
     58000   58000          392.52947      110.45666      2440.0481      2333.7064      5778.9055     -3445.1991      2206.9453      3244.7342     -2712.9166      22.090761     -933.21018     -2209.0485     -3063.7939     -357.70634      66013.93       40.415243      40.415243      40.415243      1.2896523      678.81696     -631.12561      283.67862    
     59000   59000          394.02271     -1003.3102      1566.9311      2544.353       5800.8894     -3256.5364      2342.0291      3362.8862     -2727.1736      22.267984     -1002.4941     -2193.5229     -3060.5291     -353.50151      66799.153      40.574856      40.574856      40.574856      1.2744925      99.842698     -1762.1628     -1347.6104    
     60000   60000          392.54622      51.871211      2305.6247      2255.6286      5779.1521     -3523.5235      2247.9809      3204.7909     -2728.6839      22.03942      -1012.8155     -2199.131      -3057.7043     -357.29592      66089.761      40.430712      40.430712      40.430712      1.2881726      236.44861      845.56667     -926.40165    
     61000   61000          390.88592      1099.1924      3391.1608      2334.0232      5754.7089     -3420.6857      2251.4878      3281.1464     -2725.567       22.697074     -992.74779     -2196.7104     -3060.9918     -358.08021      65945.007      40.401173      40.401173      40.401173      1.2910002      1300.2988      1200.961       796.3173     
     62000   62000          386.89438      1263.0783      3387.6344      2177.3999      5695.9445     -3518.5446      2164.0387      3285.3792     -2728.2596      22.533511     -995.90296     -2204.3854     -3061.948      -359.41718      65699.701      40.351015      40.351015      40.351015      1.2958205      1080.1731      1485.0357      1224.0261    
     63000   63000          391.07425      210.33151      2555.1976      2351.9357      5757.4815     -3405.5459      2266.7275      3308.7455     -2760.2856      22.187892     -983.35786     -2195.1272     -3064.4361     -356.35789      66263.726      40.466156      40.466156      40.466156      1.2847907      409.12001     -370.16259      592.03713    
     64000   64000          400.91473      624.24742      3148.456       2543.7411      5902.3552     -3358.6141      2345.4123      3220.5706     -2725.187       21.436679     -954.78209     -2202.6173     -3063.4472     -355.50377      66422.928      40.498537      40.498537      40.498537      1.2817113      993.52069     -599.64601      1478.8676    
     65000   65000          389.26485      1182.2328      3413.571       2268.5736      5730.8431     -3462.2695      2203.7313      3256.7326     -2733.5605      21.959519     -944.25094     -2203.537      -3063.3446     -355.57942      66408.797      40.495665      40.495665      40.495665      1.2819841      1399.2771      1206.9609      940.46029    
     66000   66000          393.94128      106.98116      2453.6693      2350.6727      5799.6905     -3449.0179      2303.2692      3212.4691     -2722.6489      21.977677     -1025.0887     -2183.5652     -3055.4311     -357.7028       66014.584      40.415377      40.415377      40.415377      1.2896396      990.49699      337.57038     -1007.1239    
     67000   67000          385.71724      261.70119      2519.355       2265.9393      5678.6144     -3412.6751      2275.5084      3252.2824     -2719.1133      21.355366     -974.95837     -2201.2353     -3066.5143     -355.63982      66397.518      40.493373      40.493373      40.493373      1.2822018      69.93597       921.84763     -206.68004    
     68000   68000          390.05257     -31.327086      2220.9215      2250.8302      5742.4401     -3491.6099      2248.5337      3241.5904     -2700.7014      21.036082     -1027.7392     -2201.3999     -3072.9295     -360.71148      65463.959      40.302695      40.302695      40.302695      1.3004869     -792.25943      720.71275     -22.434575    
     69000   69000          393.82017      199.49803      2595.9999      2403.57        5797.9074     -3394.3375      2190.9995      3329.8586     -2735.6969      22.876878     -929.50652     -2201.1181     -3071.751      -357.02947      66139.083      40.440768      40.440768      40.440768      1.287212      -33.49801      -174.75666      806.74877    
     70000   70000          384.32775      7.1837923      2137.6503      2130.7194      5658.158      -3527.4386      2208.5165      3280.2196     -2753.0091      22.655014     -1010.8917     -2208.743      -3066.1858     -356.94752      66154.268      40.443862      40.443862      40.443862      1.2869165     -496.81107     -29.437997      547.80045    
     71000   71000          385.41934      1745.2825      3928.4753      2247.8328      5674.2287     -3426.3958      2265.6134      3250.4384     -2702.8922      23.135647     -992.26319     -2199.3108     -3071.1171     -357.62555      66028.844      40.418287      40.418287      40.418287      1.289361       513.3044       1602.49        3120.0532    
     72000   72000          395.48866     -1514.9905      1016.0836      2472.1233      5822.4714     -3350.3481      2329.8502      3247.3648     -2697.2451      21.875366     -977.50241     -2207.8509     -3066.8402     -358.32312      65900.301      40.392041      40.392041      40.392041      1.291876      -824.58375     -2129.6581     -1590.7298    
     73000   73000          389.88888      302.31387      2594.6108      2303.3058      5740.0302     -3436.7244      2286.6119      3220.6907     -2730.5609      23.223363     -967.25374     -2201.8198     -3067.616      -357.39493      66071.452      40.426978      40.426978      40.426978      1.2885296      1237.3868      421.13607     -751.58124    
     74000   74000          385.69315     -131.12186      2002.5877      2128.2741      5678.2597     -3549.9856      2269.1441      3175.8219     -2714.4856      21.49748      -1022.1923     -2210.2439     -3069.5273     -359.27324      65726.024      40.356403      40.356403      40.356403      1.2953015      950.34379     -639.49583     -704.21355    
     75000   75000          391.67527     -1421.7371      1066.2898      2440.7441      5766.3298     -3325.5857      2402.2319      3265.5667     -2696.3712      22.784668     -1034.8907     -2209.7018     -3075.2053     -356.22723      66288.032      40.471103      40.471103      40.471103      1.2843196     -751.43176     -23.761919     -3490.0176    
     76000   76000          380.88936     -1485.4788      742.23376      2176.9568      5607.5372     -3430.5804      2271.0984      3344.5692     -2743.332       22.918066     -1041.717      -2211.2853     -3072.8318     -356.5632       66225.571      40.458388      40.458388      40.458388      1.2855309     -1410.5897     -1935.8012     -1110.0455    
     77000   77000          388.54657     -300.74832      1965.3861      2254.8133      5720.2685     -3465.4552      2256.4405      3326.1563     -2750.1445      22.965911     -1036.1956     -2208.9471     -3075.7306     -357.85079      65987.284      40.409805      40.409805      40.409805      1.2901731      1078.1279     -420.44191     -1559.9309    
     78000   78000          387.1287      -995.19003      1287.4025      2251.9136      5699.3942     -3447.4805      2279.0394      3241.5075     -2736.0332      21.800987     -967.31335     -2214.0592     -3072.4226     -355.33412      66454.642      40.504982      40.504982      40.504982      1.2810997     -634.78812     -1637.6001     -713.18184    
     79000   79000          384.39289     -165.02997      1889.7327      2048.0157      5659.117      -3611.1013      2212.6857      3142.9508     -2722.4908      21.162476     -982.12769     -2211.922      -3071.3597     -359.05974      65765.106      40.364401      40.364401      40.364401      1.2945318     -1095.0078      54.381552      545.53636    
     80000   80000          383.94657      978.15184      3165.5642      2212.6891      5652.5462     -3439.857       2241.2808      3207.3396     -2721.412       20.597876     -918.13429     -2200.5621     -3068.967      -353.5155       66796.51       40.574321      40.574321      40.574321      1.2745429      1543.4163     -27.666729      1418.706     
     81000   81000          390.32165      285.08293      2543.478       2269.0232      5746.4015     -3477.3783      2183.867       3238.4296     -2697.1684      20.984667     -945.44897     -2210.5646     -3067.4776     -357.71614      66012.123      40.414874      40.414874      40.414874      1.2896876      652.00604     -817.19673      1020.4395    
     82000   82000          386.05476     -63.785142      2335.2248      2396.6849      5683.5834     -3286.8985      2332.5008      3296.0711     -2721.2483      22.275804     -951.64973     -2198.4129     -3066.4353     -357.4085       66068.943      40.426467      40.426467      40.426467      1.2885785     -643.77107      1238.5802     -786.16459    
     83000   83000          385.60929      821.60694      3011.169       2212.7111      5677.0252     -3464.3141      2202.6636      3240.5818     -2706.9469      21.918219     -943.20232     -2204.7481     -3074.5804     -354.36446      66636.485      40.541893      40.541893      40.541893      1.2776037      1093.3776     -662.16888      2033.6121    
     84000   84000          391.04626      92.445468      2429.9896      2340.7436      5757.0694     -3416.3258      2241.3041      3251.9201     -2728.8972      22.418316     -926.58375     -2210.1508     -3066.3367     -356.72647      66195.26       40.452214      40.452214      40.452214      1.2861196      756.46854     -1117.1962      638.06406    
     85000   85000          388.62638      671.86992      2949.864       2297.0146      5721.4434     -3424.4289      2191.7263      3278.799      -2713.4206      23.011371     -943.78176     -2195.6247     -3065.1384     -354.41353      66627.258      40.540022      40.540022      40.540022      1.2777806      873.65134      205.29336      936.66506    
     86000   86000          386.59822      1345.1449      3474.0571      2171.9081      5691.5844     -3519.6763      2161.5238      3169.5385     -2735.8409      22.217793     -862.65783     -2211.4021     -3063.0555     -355.75134      66376.705      40.489141      40.489141      40.489141      1.2826039      2933.9866      741.483        359.96522    
     87000   87000          383.02429     -43.164858      2188.2114      2230.2494      5638.9681     -3408.7187      2235.1491      3291.1084     -2742.384       23.347728     -952.56094     -2202.3389     -3061.0401     -353.61169      66778.34       40.570641      40.570641      40.570641      1.2748897     -934.03686      586.30528      218.237      
     88000   88000          383.37636      958.04275      3031.7263      2108.5645      5644.1515     -3535.587       2245.6094      3170.4093     -2731.8057      21.969431     -970.86567     -2203.9088     -3066.9949     -357.39231      66071.935      40.427077      40.427077      40.427077      1.2885201      1219.8311      884.77932      769.51779    
     89000   89000          388.00976      1065.0165      3265.3005      2241.1489      5712.3653     -3471.2165      2220.2001      3270.6561     -2742.2888      23.248514     -968.65002     -2207.0727     -3067.3097     -358.12136      65937.428      40.399625      40.399625      40.399625      1.2911486      2380.0577      1028.7673     -213.77539    
     90000   90000          388.11503      98.213904      2313.2091      2218.8021      5713.9152     -3495.1131      2169.8731      3309.0946     -2737.0914      23.988594     -994.15141     -2200.4347     -3066.392      -358.26711      65910.605      40.394146      40.394146      40.394146      1.2916741      431.5479      -327.15845      190.25226    
     91000   91000          390.85736      1001.1852      3295.6527      2328.3153      5754.2884     -3425.9731      2262.4636      3245.2672     -2740.0403      24.123036     -935.80184     -2209.971      -3072.0138     -356.43026      66250.272      40.463417      40.463417      40.463417      1.2850516      1041.1575      3199.6349     -1237.2369    
     92000   92000          380.35484     -1567.193       552.58826      2081.9003      5599.668      -3517.7677      2231.027       3209.6284     -2768.0117      21.307175     -936.68864     -2204.9273     -3070.1027     -352.91044      66911.031      40.597495      40.597495      40.597495      1.2723615     -2067.6519     -236.68538     -2397.2419    
     93000   93000          390.36333      265.09593      2473.4549      2218.3991      5747.0151     -3528.616       2229.6337      3168.9406     -2731.4849      21.862365     -949.81542     -2202.3894     -3065.3629     -357.93662      65971.46       40.406574      40.406574      40.406574      1.2904826      1149.9193      910.39759     -1265.0291    
     94000   94000          389.26794      478.82889      2684.2232      2218.8378      5730.8886     -3512.0507      2199.8248      3271.2992     -2749.753       23.911036     -980.29832     -2206.009      -3071.0255     -354.32819      66643.305      40.543276      40.543276      40.543276      1.277473       1363.778       790.66766     -717.95893    
     95000   95000          386.37999     -776.06414      1384.0912      2138.3716      5688.3716     -3550           2279.996       3102.5095     -2711.8517      21.356373     -973.75842     -2205.2856     -3062.9661     -354.32588      66643.74       40.543365      40.543365      40.543365      1.2774646     -1049.6026     -385.17263     -893.41719    
     96000   96000          379.46008      622.42976      2583.869       1987.2083      5586.4951     -3599.2868      2191.533       3247.2679     -2781.5775      22.293282     -1000.9293     -2211.2784     -3066.5958     -359.25351      65729.635      40.357142      40.357142      40.357142      1.2952304      250.93742      613.53906      1002.8128    
     97000   97000          383.24277     -225.18069      1960.6523      2181.2548      5642.1847     -3460.9299      2232.4541      3223.8727     -2726.5349      21.195219     -930.81365     -2214.5542     -3066.5492     -351.5271       67174.342      40.650679      40.650679      40.650679      1.2673741      167.20342     -1055.5312      212.78576    
     98000   98000          386.45625     -34.020735      2248.08        2280.9426      5689.4942     -3408.5516      2240.8882      3259.1413     -2715.1982      23.184432     -947.12882     -2204.0613     -3065.3772     -356.51676      66234.199      40.460144      40.460144      40.460144      1.2853635      1144.8451     -662.29128     -584.61601    
     99000   99000          381.22425      94.819355      2248.0833      2156.5974      5612.4676     -3455.8702      2220.4115      3248.4876     -2726.5613      23.26415      -940.21691     -2212.9385     -3068.3168     -356.92801      66157.883      40.444599      40.444599      40.444599      1.2868462      908.02959     -84.955728     -538.6158     
    100000   100000         394.82175     -406.47087      2005.3898      2396.878       5812.6529     -3415.7749      2226.2462      3282.9247     -2712.6375      23.190041     -962.27152     -2206.9028     -3066.3239     -357.55988      66040.971      40.420761      40.420761      40.420761      1.2891243     -2348.3637      1373.2711     -244.32001    
    101000   101000         386.59771      116.48094      2313.584       2200.8932      5691.5769     -3490.6837      2197.3261      3244.6843     -2759.5467      22.313382     -911.89437     -2213.9974     -3069.569      -355.96271      66337.29       40.481125      40.481125      40.481125      1.2833659      499.07125     -402.20068      252.57227    
    102000   102000         398.85257      610.89061      2879.3222      2293.9135      5871.9957     -3578.0822      2134.2428      3275.6128     -2770.7617      21.889821     -954.6162      -2217.9702     -3066.4795     -359.37048      65708.239      40.352763      40.352763      40.352763      1.2956521      2254.6743     -1077.9172      655.91474    
    103000   103000         383.84861      1106.0683      3231.9295      2168.5003      5651.104      -3482.6037      2246.9317      3228.8597     -2743.6161      23.556757     -972.68854     -2205.7013     -3059.9459     -358.18835      65925.096      40.397106      40.397106      40.397106      1.2913902     -133.70354      1958.2823      1493.6261    
    104000   104000         383.62226     -598.39201      1430.6054      2004.108       5647.7717     -3643.6637      2236.2611      3210.2309     -2770.7112      23.910418     -1066.9943     -2211.5771     -3064.7835     -359.32586      65716.399      40.354433      40.354433      40.354433      1.2954912     -732.83591     -1067.3719      5.0317378    
    105000   105000         389.83783     -1318.3376      995.82395      2272.2448      5739.2787     -3467.0339      2296.3216      3261.771      -2761.3693      23.446389     -1038.6561     -2191.2757     -3057.2717     -355.68936      66388.272      40.491493      40.491493      40.491493      1.2823804     -1132.5536     -1350.6437     -1471.8155    
    106000   106000         381.85384      135.54275      2163.7013      2033.545       5621.7366     -3588.1916      2231.7092      3184.6473     -2712.4315      23.159133     -1054.1958     -2200.7697     -3060.3103     -358.63194      65843.554      40.380444      40.380444      40.380444      1.2929894     -1170.8702      1009.2431      568.25531    
    107000   107000         382.88607     -225.6961       1845.1441      2062.215       5636.9332     -3574.7182      2201.8752      3230.4436     -2765.9191      23.085665     -1006.1926     -2196.4476     -3061.5632     -358.06385      65948.019      40.401788      40.401788      40.401788      1.2909413     -1291.8976      131.64086      483.16843    
    108000   108000         383.47176     -2045.6644      137.04647      2101.41        5645.5559     -3544.1458      2268.044       3216.8777     -2736.0796      21.739697     -1048.1535     -2203.2852     -3063.2889     -358.63331      65843.302      40.380392      40.380392      40.380392      1.2929944     -1922.0137     -2741.1276     -1473.8519    
    109000   109000         381.92217     -736.52621      1410.8308      2113.8169      5622.7425     -3508.9257      2290.8112      3193.4656     -2698.7274      22.784013     -1040.0391     -2205.4597     -3071.7604     -360.81088      65445.925      40.298994      40.298994      40.298994      1.3008452      192.85571     -1574.065      -828.36939    
    110000   110000         374.86815     -545.03709      1454.4777      1976.1262      5518.8917     -3542.7656      2267.6147      3174.7403     -2730.2858      22.417348     -1004.1346     -2204.1671     -3068.9505     -359.82077      65626.011      40.335923      40.335923      40.335923      1.2972756     -651.6308      -607.02982     -376.45066    
    111000   111000         387.35081      436.86086      2534.908       2116.8035      5702.6642     -3585.8607      2232.1136      3214.0657     -2731.6708      22.427393     -1044.6438     -2207.2185     -3070.9343     -359.8292       65624.473      40.335608      40.335608      40.335608      1.297306      -721.56446      786.75257      1245.3945    
    112000   112000         388.7973       422.04826      2627.216       2220.4938      5723.9598     -3503.466       2244.5159      3253.9359     -2729.2927      22.086049     -1012.4446     -2208.3075     -3073.959      -357.35711      66078.444      40.428405      40.428405      40.428405      1.2883932      1200.0616     -182.72822      248.81136    
    113000   113000         387.0794      -27.030014      1972.7262      1998.5691      5698.6684     -3700.0994      2203.1422      3151.0561     -2732.0351      22.068773     -1069.5281     -2204.6551     -3070.1481     -360.20087      65556.76       40.32173       40.32173       40.32173       1.2986459      923.69006     -760.30419     -244.47591    
    114000   114000         388.43492      333.89039      2477.4235      2158.0536      5718.6246     -3560.571       2217.7179      3230.654      -2741.4493      21.936866     -1016.3813     -2204.9931     -3068.056      -360.03783      65586.446      40.327816      40.327816      40.327816      1.2980581      319.82347     -189.38477      871.23246    
    115000   115000         391.10066      700.96899      2914.1435      2242.1558      5757.8702     -3515.7144      2260.3305      3197.8427     -2707.9841      20.627316     -993.99432     -2216.7985     -3075.738      -359.23249      65733.479      40.357929      40.357929      40.357929      1.2951546      1536.3745      155.40074      411.13178    
    116000   116000         380.12732      1077.6842      3014.1132      1985.6301      5596.3183     -3610.6882      2197.922       3196.419      -2753.1007      22.957425     -995.13027     -2211.2143     -3068.5414     -360.85478      65437.962      40.297359      40.297359      40.297359      1.3010035      1606.3843     -51.156781      1677.825     
    117000   117000         385.31858      275.98012      2247.6205      1983.1905      5672.7453     -3689.5547      2179.8081      3166.4917     -2760.1474      21.247516     -1002.7431     -2224.3448     -3069.8668     -359.4225       65698.729      40.350816      40.350816      40.350816      1.2958397     -1310.5588      944.66712      1193.8321    
    118000   118000         378.51339      1172.2798      3156.2567      2033.0749      5572.5577     -3539.4829      2246.5873      3198.61       -2750.2741      22.204155     -976.17409     -2212.2373     -3068.1989     -359.43414      65696.603      40.350381      40.350381      40.350381      1.2958816     -841.30316      2373.9655      1984.177     
    119000   119000         380.86282      395.74843      2370.1133      1991.6358      5607.1466     -3615.5107      2122.3039      3264.1785     -2727.6028      21.867556     -1024.5685     -2207.2369     -3064.4525     -360.0952       65575.997      40.325674      40.325674      40.325674      1.298265      -1442.7887      2190.2833      439.75069    
    120000   120000         386.20103     -1490.2396      687.3213       2131.3546      5685.7368     -3554.3822      2274.9393      3196.646      -2749.7617      22.591241     -1035.1884     -2202.2619     -3061.3467     -355.39967      66442.384      40.502491      40.502491      40.502491      1.281336      -1473.7726     -1004.6379     -1992.3083    
    121000   121000         384.65596     -228.10582      1874.8852      2093.3387      5662.99       -3569.6514      2238.9039      3232.6778     -2732.4429      21.899786     -1076.4935     -2196.6606     -3057.536      -359.59663      65666.916      40.344302      40.344302      40.344302      1.2964675     -941.82915     -291.03932      548.551      
    122000   122000         380.3132       279.23933      2336.9828      2066.9586      5599.0549     -3532.0963      2196.4031      3277.9311     -2764.714       20.879473     -974.98776     -2221.6842     -3065.924      -356.13279      66305.61       40.47468       40.47468       40.47468       1.2839791     -304.23469      839.47294      302.47975    
    123000   123000         390.24494     -161.31582      1950.6372      2105.3069      5745.2722     -3639.9654      2184.4312      3214.7814     -2739.6093      21.945288     -1050.9524     -2207.1549     -3063.4066     -359.17815      65743.424      40.359964      40.359964      40.359964      1.2949587     -1713.9969      971.0064       259.04308    
    124000   124000         390.17341      351.51344      2547.6282      2213.6414      5744.2191     -3530.5777      2166.4121      3296.3243     -2729.2491      21.062294     -1004.6403     -2212.8686     -3067.6185     -362.45226      65149.549      40.23807       40.23807       40.23807       1.306763      -467.86137      388.56069      1133.841     
    125000   125000         380.03015      427.44043      2475.7933      2065.5138      5594.8878     -3529.374       2242.1444      3236.7939     -2741.0899      21.16156      -1016.5876     -2204.2998     -3067.4966     -358.78471      65815.518      40.374712      40.374712      40.374712      1.2935402     -516.23045      538.49884      1260.0529    
    126000   126000         392.48811     -270.39813      1972.2789      2232.1147      5778.2967     -3546.182       2266.5204      3187.5569     -2733.4355      21.238094     -1021.4888     -2204.5766     -3061.9965     -358.37913      65890.002      40.389937      40.389937      40.389937      1.292078      -1183.7        -224.90457      597.41019    
    127000   127000         381.66461     -558.57465      1584.0102      2121.3279      5618.9507     -3497.6228      2247.6884      3201.6685     -2707.1887      20.858226     -966.79893     -2221.0096     -3072.8407     -358.00426      65958.997      40.40403       40.40403       40.40403       1.2907264     -752.65613     -492.60037     -430.46744    
    128000   128000         386.28721      46.309367      2139.729       2095.682       5687.0057     -3591.3237      2236.6561      3173.8276     -2696.2127      21.881331     -1048.099      -2212.885      -3066.492      -362.06887      65218.537      40.252267      40.252267      40.252267      1.3053807     -101.967        262.56305     -21.667952    
    129000   129000         383.37134      467.84159      2622.5788      2169.2836      5644.0775     -3474.7939      2251.5211      3277.3768     -2731.4927      23.262514     -1016.5558     -2213.0717     -3065.834      -355.43146      66436.443      40.501284      40.501284      40.501284      1.2814506     -449.94599      402.6162       1450.8545    
    130000   130000         375.44543     -980.46437      1126.7317      2076.841       5527.3905     -3450.5495      2225.6655      3317.7306     -2748.3433      23.090703     -999.44914     -2205.2117     -3064.0322     -355.38275      66445.547      40.503134      40.503134      40.503134      1.281275      -2421.2959     -802.53307      282.43588    
    131000   131000         386.14273     -470.38643      1661.2544      2112.8969      5684.8785     -3571.9817      2199.3252      3215.5133     -2751.5843      21.805355     -974.54381     -2218.36       -3064.1373     -358.67253      65836.102      40.37892       40.37892       40.37892       1.2931358     -903.86149     -651.23412      143.93634    
    132000   132000         382.19505     -1123.1264      1053.6507      2130.8471      5626.7599     -3495.9128      2232.8861      3271.1078     -2725.5845      23.013621     -1036.5207     -2197.6738     -3063.1413     -359.06402      65764.321      40.36424       40.36424       40.36424       1.2945472     -112.77276     -1533.2143     -1723.3922    
    133000   133000         372.78518      362.35569      2335.8907      1987.5009      5488.2257     -3500.7248      2198.4004      3276.5297     -2768.4739      21.440171     -955.88636     -2208.3707     -3064.3641     -358.18528      65925.661      40.397222      40.397222      40.397222      1.2913791      608.25128      1353.0243     -874.20854    
    134000   134000         378.99916      857.61298      2924.5463      2100.2635      5579.7093     -3479.4457      2231.1979      3277.5354     -2733.032       22.606241     -1017.5922     -2197.344      -3062.817      -358.30529      65903.581      40.392711      40.392711      40.392711      1.2918117     -194.66051      1916.5134      850.98605    
    135000   135000         380.49673      214.31678      2104.6886      1898.4209      5601.7568     -3703.3359      2172.0105      3152.9963     -2727.6848      22.3706       -1043.5933     -2210.6636     -3068.7716     -357.81875      65993.192      40.411011      40.411011      40.411011      1.2900576      311.72457     -379.79807      711.02385    
    136000   136000         381.25556     -902.2404       1274.0694      2141.8896      5612.9285     -3471.0389      2268.4239      3244.6029     -2720.4218      23.316351     -1027.067      -2199.9146     -3059.9787     -358.03925      65952.55       40.402713      40.402713      40.402713      1.2908526      195.4621      -2984.5992      82.415879    
    137000   137000         383.51578     -341.88905      1686.3895      2012.3175      5646.2039     -3633.8864      2209.3499      3123.6601     -2739.04        22.11061      -969.85594     -2214.678      -3065.4331     -361.24481      65367.31       40.282851      40.282851      40.282851      1.3024097     -2270.7899      946.35261      298.77017    
    138000   138000         392.81622     -183.93951      1952.3846      2129.556       5783.1271     -3653.5711      2153.5908      3163.6924     -2717.52        22.05789      -998.06143     -2206.0321     -3071.2987     -357.53579      66045.421      40.421669      40.421669      40.421669      1.2890374      62.789667     -66.649787     -547.9584     
    139000   139000         381.47119      628.99767      2638.844       2035.1113      5616.1031     -3580.9917      2198.2045      3232.1659     -2775.7345      22.570248     -975.21827     -2210.6461     -3072.3334     -358.79179      65814.219      40.374446      40.374446      40.374446      1.2935657      1261.3416     -187.52136      813.17282    
    140000   140000         386.32775     -22.191258      2104.885       2126.1741      5687.6025     -3561.4284      2245.5593      3225.125      -2747.3205      23.559322     -1004.3962     -2225.1127     -3078.8427     -358.97429      65780.76       40.367603      40.367603      40.367603      1.2942237     -321.95604      690.76762     -435.38536    
    141000   141000         377.62926      336.67043      2278.1553      1954.2256      5559.5413     -3605.3157      2247.181       3151.4539     -2741.017       21.731897     -996.17782     -2217.7695     -3070.7181     -357.92532      65973.543      40.407         40.407         40.407         1.2904418      536.38806     -201.47145      675.09467    
    142000   142000         387.10944      1089.7547      3243.7871      2195.4365      5699.1106     -3503.6741      2216.4468      3257.9315     -2722.3085      22.017417     -1000.982      -2210.8445     -3065.9348     -357.9813       65963.226      40.404893      40.404893      40.404893      1.2906437      924.02108      46.713479      2298.5297    
    143000   143000         382.30993      264.2983       2332.9199      2077.6042      5628.4512     -3550.847       2170.5058      3232.2503     -2728.4243      21.76787      -959.72408     -2215.1323     -3072.0903     -356.49613      66238.03       40.460925      40.460925      40.460925      1.2852891      955.16592     -380.56422      218.2932     
    144000   144000         373.15016     -534.16202      1365.3189      1874.5745      5493.599      -3619.0245      2228.1044      3195.4641     -2742.7463      21.347007     -1040.1159     -2209.5284     -3071.5494     -361.2229       65371.275      40.283666      40.283666      40.283666      1.3023307      114.72219     -705.34111     -1011.8672    
    145000   145000         382.43627     -902.91283      1151.2704      2013.995       5630.3112     -3616.3163      2183.9724      3253.1294     -2756.2826      23.227252     -1048.7124     -2207.6584     -3063.992      -360.42239      65516.467      40.313468      40.313468      40.313468      1.2994446     -6.502262      -1240.5094     -1461.7269    
    146000   146000         379.35125     -648.81106      1325.2036      1950.5292      5584.8928     -3634.3636      2186.0083      3229.8741     -2764.7046      23.269337     -1030.6753     -2207.3988     -3070.7367     -357.31406      66086.405      40.430028      40.430028      40.430028      1.288238      -1468.401       312.17576     -790.20799    
    147000   147000         381.63968      114.77441      2004.6076      1894.5992      5618.5836     -3723.9844      2162.0413      3178.4517     -2738.6467      22.564634     -1060.3652     -2215.8885     -3072.1416     -359.3001       65721.11       40.355398      40.355398      40.355398      1.2953984     -783.85989     -1180.6415      2308.8246    
    148000   148000         391.38718     -583.68907      1577.4946      2135.487       5762.0885     -3626.6015      2276.8731      3179.2467     -2731.3949      21.899939     -1100.5291     -2203.3008     -3069.3965     -360.23955      65549.719      40.320287      40.320287      40.320287      1.2987854     -582.34234     -1203.749       35.024136    
    149000   149000         377.74787      1074.6675      2953.9788      1929.787       5561.2876     -3631.5005      2155.7627      3189.3741     -2723.7976      20.676091     -973.5763      -2226.5313     -3073.4083     -361.35241      65347.847      40.278853      40.278853      40.278853      1.3027976      2251.9803     -13.143359      985.16564    
    150000   150000         382.95901      2.8626078      2095.6853      2092.9696      5638.0071     -3545.0375      2228.1695      3300.0202     -2762.6107      23.002758     -1048.5396     -2213.3975     -3071.6821     -363.00332      65050.648      40.217698      40.217698      40.217698      1.3087497     -470.10592     -526.11688      1004.8106    
    151000   151000         384.67259      56.579221      2057.3036      2003.1133      5663.2348     -3660.1215      2183.3066      3204.6564     -2730.968       22.469445     -1052.7121     -2218.4776     -3068.3963     -359.5615       65673.332      40.345616      40.345616      40.345616      1.2963408     -1006.6318      313.21539      863.15405    
    152000   152000         376.88741     -985.14005      1019.9084      1960.4166      5548.6196     -3588.203       2237.7143      3254.2392     -2789.9661      23.464936     -1026.6675     -2218.1194     -3068.8685     -360.72271      65461.92       40.302277      40.302277      40.302277      1.3005274     -1400.9553     -514.19057     -1040.2743    
    153000   153000         390.86878     -294.24678      1858.5583      2137.8446      5754.4565     -3616.6118      2209.8119      3250.9512     -2715.5927      22.067817     -1094.4663     -2218.2528     -3071.1309     -362.82748      65082.176      40.224194      40.224194      40.224194      1.3081158     -884.11151     -156.25865      157.62981    
    154000   154000         381.20596      1407.3293      3235.1628      1891.1672      5612.1984     -3721.0312      2176.1097      3149.5846     -2765.8035      22.184861     -1019.5241     -2216.3898     -3067.1931     -360.60852      65482.651      40.306531      40.306531      40.306531      1.3001157      2175.0448      318.5556       1728.3875    
    155000   155000         372.51554     -985.51999      838.15609      1773.4115      5484.2561     -3710.8446      2193.0181      3159.9898     -2741.7165      21.60615      -1066.541      -2209.057      -3068.1442     -362.88861      65071.212      40.221936      40.221936      40.221936      1.3083362     -2094.6687     -398.97302     -462.91824    
    156000   156000         374.62559     -155.37253      1742.2517      1890.9447      5515.3207     -3624.3761      2196.161       3233.5789     -2752.7594      22.75202      -1022.2493     -2225.075      -3076.7842     -359.8503       65620.624      40.33482       40.33482       40.33482       1.297382      -336.11472     -820.40467      690.4018     
    157000   157000         377.76516      514.88397      2475.4069      1981.7181      5561.542      -3579.824       2220.9581      3195.264      -2739.3025      23.173696     -1003.5028     -2206.3837     -3070.0308     -359.16517      65745.8        40.360451      40.360451      40.360451      1.2949119      633.97455      447.17817      463.49918    
    158000   158000         375.96546      94.753183      1975.59        1885.2797      5535.0466     -3649.7669      2188.5241      3221.2381     -2764.6347      22.97448      -1021.9228     -2223.3341     -3072.612      -361.32221      65353.308      40.279975      40.279975      40.279975      1.3026887      88.64338      -587.04322      782.65939    
    159000   159000         372.43606     -951.08288      904.25398      1816.3898      5483.086      -3666.6962      2188.995       3220.5779     -2741.3362      22.204026     -1067.2035     -2214.6704     -3075.263      -359.08476      65760.523      40.363463      40.363463      40.363463      1.294622      -3060.5143     -1595.0676      1802.3333    
    160000   160000         382.55271      486.21076      2441.1227      1977.0348      5632.0255     -3654.9908      2142.7733      3304.8057     -2789.8325      23.594776     -1043.9545     -2219.167      -3073.2106     -360.79655      65448.525      40.299527      40.299527      40.299527      1.3007936      1702.7498      603.35922     -847.47671    
    161000   161000         380.1453       581.44739      2319.0349      1765.4487      5596.583      -3831.1342      2094.6049      3167.5847     -2752.2211      23.077867     -1084.4561     -2210.4476     -3069.2769     -361.71231      65282.825      40.265489      40.265489      40.265489      1.3040952      704.74186      1004.5442      35.056162    
    162000   162000         381.451        717.69778      2691.1169      2005.3474      5615.8058     -3610.4585      2213.7768      3212.446      -2772.0585      22.900701     -1003.1427     -2213.6855     -3070.6953     -360.41389      65518.012      40.313785      40.313785      40.313785      1.299414      -1016.845       2577.2142      592.72417    
    163000   163000         378.29275     -368.49294      1583.1392      1935.8596      5569.3094     -3633.4498      2232.5056      3188.4546     -2744.9698      22.05177      -1050.2515     -2211.2894     -3069.9509     -359.77976      65633.49       40.337456      40.337456      40.337456      1.2971277     -1604.6183      1227.7207     -728.58118    
    164000   164000         379.28902      776.13286      2789.8442      2047.997       5583.9767     -3535.9797      2161.4275      3282.9236     -2746.0189      22.148924     -973.51848     -2212.6144     -3070.3279     -360.29628      65539.399      40.318171      40.318171      40.318171      1.2989899      190.17423     -464.61579      2602.8401    
    165000   165000         378.20228      715.32706      2598.9373      1916.1982      5567.9775     -3651.7793      2184.9572      3156.4775     -2743.5657      22.247044     -991.30525     -2214.0709     -3066.5192     -360.81784      65444.663      40.298735      40.298735      40.298735      1.3008703      708.76345      968.19292      469.0248     
    166000   166000         380.55713     -235.77165      1634.4091      1859.7728      5602.6462     -3742.8734      2167.8803      3124.1854     -2762.4226      23.071939     -1010.2467     -2211.054      -3074.2877     -360.28472      65541.502      40.318602      40.318602      40.318602      1.2989483     -1037.213      -850.14873      1180.0467    
    167000   167000         373.01145      596.63856      2326.6365      1760.0281      5491.5569     -3731.5288      2098.7249      3196.5097     -2728.6851      21.298255     -1024.5217     -2220.6134     -3074.2413     -362.63228      65117.208      40.23141       40.23141       40.23141       1.307412      -797.4026       2.0140061      2585.3043    
    168000   168000         381.2353      -1082.2557      978.32821      2016.3231      5612.6303     -3596.3072      2203.1946      3228.1584     -2744.8545      21.786632     -1044.6025     -2194.537      -3065.4529     -359.06477      65764.184      40.364212      40.364212      40.364212      1.2945499     -1252.2944     -275.82795     -1718.6447    
    169000   169000         371.62387     -1983.1495     -260.38151      1633.7358      5471.1286     -3837.3929      2181.12        3092.3986     -2749.5443      21.402121     -1126.5903     -2193.2862     -3062.8928     -360.56761      65490.08       40.308055      40.308055      40.308055      1.2999682     -3767.5395     -1869.9157     -311.9933     
    170000   170000         380.76456     -197.34127      1777.5856      1966.2159      5605.7        -3639.4841      2207.9332      3161.4558     -2739.7026      20.724175     -1024.7578     -2197.4366     -3067.7004     -360.28377      65541.674      40.318637      40.318637      40.318637      1.2989448     -1907.1104     -166.07464      1481.1613    
    171000   171000         371.17357      60.121048      1871.3623      1813.269       5464.4993     -3651.2304      2162.8619      3118.3915     -2727.4681      20.287082     -952.49435     -2204.0303     -3068.7782     -356.40066      66255.774      40.464537      40.464537      40.464537      1.2849449     -831.08972      1118.5714     -107.11849    
    172000   172000         372.50431     -176.65857      1580.8913      1750.0854      5484.0908     -3734.0054      2182.1654      3157.4071     -2764.327       22.213171     -1062.04       -2201.5197     -3067.9045     -359.57352      65671.137      40.345166      40.345166      40.345166      1.2963841      148.00551      1400.8392     -2078.8204    
    173000   173000         374.86713     -685.18151      1241.7813      1898.2494      5518.8767     -3620.6273      2197.9273      3216.4206     -2734.0385      21.66299      -1046.5166     -2208.3284     -3067.7546     -359.44309      65694.967      40.350046      40.350046      40.350046      1.2959139     -1084.7868     -680.55418     -290.20351    
    174000   174000         375.0213       253.17006      2093.6884      1852.7021      5521.1463     -3668.4442      2124.4964      3283.7057     -2799.632       24.400894     -1024.3676     -2210.2348     -3066.8128     -361.79137      65268.56       40.262556      40.262556      40.262556      1.3043802     -816.14549      793.26772      782.38796    
    175000   175000         373.06651     -241.68177      1533.4708      1764.529       5492.3675     -3727.8386      2182.2443      3138.9144     -2769.9039      21.877767     -1007.0127     -2218.5754     -3075.3831     -360.21413      65554.345      40.321235      40.321235      40.321235      1.2986938     -501.62464      507.46726     -730.88794    
    176000   176000         382.02437      281.86909      2162.8135      1892.9342      5624.2472     -3731.313       2206.8196      3140.402      -2774.2239      22.976008     -1050.4684     -2209.0383     -3067.7799     -359.67978      65651.735      40.341193      40.341193      40.341193      1.2967672      722.76548      11.666651      111.17513    
    177000   177000         370.90168     -257.77682      1499.4955      1746.0401      5460.4964     -3714.4563      2134.8035      3239.3248     -2775.3851      22.987755     -1060.6455     -2206.9487     -3068.5931     -360.06971      65580.638      40.326625      40.326625      40.326625      1.2981731     -1759.7933     -435.16168      1421.6245    
    178000   178000         376.49558      111.29935      1980.1374      1874.2963      5542.8511     -3668.5549      2193.4893      3188.5204     -2777.5265      22.934563     -1014.9908     -2216.9078     -3064.074      -362.13994      65205.737      40.249634      40.249634      40.249634      1.3056369      257.01475      1289.1162     -1212.2329    
    179000   179000         385.45905     -1221.8919      920.12538      2102.3058      5674.8133     -3572.5075      2237.2335      3187.2072     -2736.4833      21.375443     -1008.2328     -2208.569      -3065.0385     -355.94848      66339.942      40.481665      40.481665      40.481665      1.2833147      1252.2032     -2374.1072     -2543.7718    
    180000   180000         378.48376      1244.089       3084.4953      1897.1011      5572.1214     -3675.0203      2173.9184      3119.2139     -2715.6526      20.289522     -988.9455      -2210.2789     -3073.5652     -360.82336      65443.661      40.298529      40.298529      40.298529      1.3008902      2194.4074     -69.214386      1607.074     
    181000   181000         384.5022       185.30405      2037.9555      1860.0205      5660.7264     -3800.7059      2101.8528      3155.0397     -2773.9781      22.87978      -1029.3126     -2210.687      -3066.5004     -358.64238      65841.637      40.380052      40.380052      40.380052      1.2930271     -500.35758     -512.96356      1569.2333    
    182000   182000         386.16836      581.79462      2574.5101      2018.1572      5685.2559     -3667.0987      2167.0396      3151.8599     -2755.0412      21.99956      -972.77186     -2212.3619     -3067.8228     -360.12851      65569.932      40.324431      40.324431      40.324431      1.2983851      587.25488      1358.0309     -199.90198    
    183000   183000         380.12311      1196.8476      3000.7881      1862.8776      5596.2563     -3733.3787      2169.6909      3126.1156     -2766.3799      21.784528     -1001.8727     -2213.8368     -3068.8804     -362.21703      65191.86       40.246778      40.246778      40.246778      1.3059149      1035.4635      2309.5084      245.57087    
    184000   184000         384.37171      282.63855      2181.3398      1910.3952      5658.8052     -3748.4101      2143.5688      3146.7824     -2746.6442      20.066385     -1023.6761     -2219.0147     -3069.4927     -359.24359      65731.448      40.357513      40.357513      40.357513      1.2951946      688.57825      569.65169     -410.3143     
    185000   185000         381.57901     -362.23724      1694.5527      2043.4085      5617.6904     -3574.2819      2212.4027      3232.7416     -2759.4474      21.965977     -1016.6927     -2202.6398     -3062.6123     -357.58991      66035.425      40.419629      40.419629      40.419629      1.2892325     -880.29575      137.40969     -343.82565    
    186000   186000         374.48662      804.50678      2583.8217      1811.2362      5513.2747     -3702.0385      2144.7429      3147.1782     -2764.6928      20.999202     -958.12479     -2217.644      -3074.4972     -358.60909      65847.749      40.381301      40.381301      40.381301      1.292907       8.520076       1383.2893      1021.711     
    187000   187000         382.10964     -450.66551      1460.4119      1892.4706      5625.5025     -3733.0319      2242.9341      3087.2268     -2742.6803      20.422648     -1050.7915     -2217.0612     -3073.0826     -359.21111      65737.393      40.35873       40.35873       40.35873       1.2950775      532.64142     -104.36163     -1780.2763    
    188000   188000         375.03323      381.82722      2072.1355      1706.2861      5521.322      -3815.0359      2100.3197      3147.1684     -2742.5316      22.799889     -1047.632      -2222.2532     -3072.907      -359.42037      65699.119      40.350896      40.350896      40.350896      1.295832      -196.1598       1012.2556      329.38582    
    189000   189000         377.43287      399.49321      2179.1897      1796.9227      5556.65       -3759.7273      2127.1325      3186.8287     -2749.5067      21.37602      -1057.3567     -2218.2834     -3069.9177     -359.89902      65611.742      40.333         40.333         40.333         1.2975577     -529.46482      813.09467      914.84979    
    190000   190000         380.53151     -538.90925      1542.2735      2059.2374      5602.2689     -3543.0315      2179.1141      3306.0556     -2756.1305      23.071905     -1026.1222     -2205.8761     -3063.1444     -358.99925      65776.187      40.366668      40.366668      40.366668      1.2943137     -580.72344     -573.6523      -462.35202    
    191000   191000         381.68571      564.14183      2320.3584      1777.8863      5619.2613     -3841.375       2102.7321      3088.6009     -2775.2045      21.354605     -971.2163      -2230.0224     -3077.6194     -358.13684      65934.579      40.399043      40.399043      40.399043      1.2912044      526.58663     -58.200941      1224.0398    
    192000   192000         381.75286      1027.9171      2906.4568      1920.4282      5620.25       -3699.8218      2138.5858      3199.4212     -2750.8477      20.531385     -1007.3226     -2228.6056     -3071.5843     -359.01014      65774.191      40.366259      40.366259      40.366259      1.294353       1639.5467      179.21076      1264.9939    
    193000   193000         379.06909      114.26923      2046.0318      1936.5397      5580.7388     -3644.1991      2182.746       3185.8588     -2761.3638      21.230727     -998.82473     -2204.5939     -3069.2522     -359.40541      65701.853      40.351456      40.351456      40.351456      1.2957781      47.470046      461.48623     -166.14858    
    194000   194000         376.04299     -14.488447      1855.462       1869.1955      5536.188      -3666.9925      2220.947       3176.8379     -2759.5109      22.051866     -1049.2306     -2209.412      -3068.6757     -363.30944      64995.838      40.206399      40.206399      40.206399      1.3098534     -374.81591     -728.89104      1060.2416    
    195000   195000         371.94328      27.968158      1825.8587      1798.8581      5475.8311     -3676.973       2193.3109      3207.9002     -2760.5373      22.157364     -1067.3338     -2200.8922     -3071.5783     -356.72021      66196.422      40.452451      40.452451      40.452451      1.286097      -99.522309     -659.5484       842.97518    
    196000   196000         377.81609     -104.50008      1874.4793      1974.8153      5562.292      -3587.4767      2249.9451      3219.5811     -2780.0948      23.226135     -1027.0535     -2203.391      -3069.6898     -358.67245      65836.118      40.378924      40.378924      40.378924      1.2931355     -310.7192       372.63204     -375.41308    
    197000   197000         385.53004     -67.760999      1825.5757      1890.5347      5675.8584     -3785.3237      2187.0473      3137.0494     -2785.6642      23.153159     -1066.0247     -2211.0102     -3069.8745     -359.23479      65733.06       40.357843      40.357843      40.357843      1.2951629      97.826812     -418.60828      117.49847    
    198000   198000         378.00542     -269.70664      1585.1498      1841.7341      5565.0793     -3723.3452      2195.8121      3176.4291     -2783.9901      21.839382     -1049.5738     -2212.8917     -3070.9702     -361.99257      65232.283      40.255095      40.255095      40.255095      1.3051056     -1442.1926     -247.60296      880.6756     
    199000   199000         374.05289      994.02817      2746.5593      1798.0644      5506.8892     -3708.8248      2181.6434      3161.8195     -2763.6605      21.823346     -1020.4172     -2218.6946     -3071.3387     -360.91244      65427.508      40.295213      40.295213      40.295213      1.3012114      379.78968      1749.8103      852.48456    
    200000   200000         377.18333     -1925.8966      80.167031      1928.9584      5552.9763     -3624.0179      2256.774       3209.8132     -2780.772       22.902699     -1052.54       -2209.7484     -3070.4474     -358.7428       65823.207      40.376284      40.376284      40.376284      1.2933891     -2531.4013     -1358.0829     -1888.2057    
    201000   201000         373.88633     -956.98505      771.9057       1681           5504.4372     -3823.4371      2170.1718      3138.2926     -2803.106       22.170053     -1070.9344     -2209.9821     -3070.0491     -362.52197      65137.022      40.23549       40.23549       40.23549       1.3070143      28.467095     -1892.6843     -1006.738     
    202000   202000         378.29467     -107.72467      1760.0373      1862.6122      5569.3377     -3706.7255      2153.171       3211.079      -2761.4343      22.929606     -1045.2265     -2216.6746     -3070.5697     -361.66992      65290.477      40.267062      40.267062      40.267062      1.3039424     -210.4354       1024.3237     -1137.0623    
    203000   203000         372.55978     -97.65738       1595.1779      1688.0627      5484.9074     -3796.8446      2178.9054      3115.9533     -2772.6814      21.779038     -1060.4261     -2211.9495     -3068.4254     -362.07485      65217.459      40.252046      40.252046      40.252046      1.3054023     -1337.1392      2003.5891     -959.42211    
    204000   204000         373.20133     -1523.6138      329.42675      1788.9528      5494.3523     -3705.3996      2235.6244      3104.8408     -2751.9451      21.458936     -1036.872      -2204.5378     -3073.9688     -359.50189      65684.222      40.347846      40.347846      40.347846      1.2961259     -3354.0819      195.15951     -1411.919     
    205000   205000         377.11393     -1150.2268      811.36936      1907.2596      5551.9545     -3644.695       2245.6167      3181.6084     -2755.4245      23.197492     -1058.934      -2205.0554     -3075.7036     -361.45526      65329.253      40.275032      40.275032      40.275032      1.3031684     -1814.9731     -664.86492     -970.84224    
    206000   206000         376.3205      -279.06563      1478.4594      1744.1101      5540.2736     -3796.1634      2158.9086      3173.5078     -2783.0337      22.386838     -1086.4837     -2207.8535     -3073.5958     -361.77077      65272.276      40.26332       40.26332       40.26332       1.304306       237.32382     -1010.8342     -63.686451    
    207000   207000         376.43279     -837.98516      841.94312      1640.435       5541.9267     -3901.4917      2140.4344      3066.0809     -2772.4568      21.263254     -1070.2991     -2219.7194     -3066.7949     -361.41314      65336.866      40.276597      40.276597      40.276597      1.3030166     -1654.6126      124.44267     -983.78554    
    208000   208000         378.03353      650.3284       2516.9907      1894.7947      5565.4931     -3670.6984      2178.2146      3175.7964     -2748.7148      22.017005     -1020.2968     -2214.4951     -3063.2198     -359.95122      65602.228      40.33105       40.33105       40.33105       1.2977459      348.81474      164.56919      1437.6013    
    209000   209000         373.92761      720.00872      2406.6331      1718.8096      5505.0449     -3786.2353      2148.262       3161.2875     -2763.9573      22.228        -1069.442      -2214.1684     -3070.4452     -360.49469      65503.327      40.310772      40.310772      40.310772      1.2997053      445.66782      111.33262      1603.0257    
    210000   210000         366.8562      -533.08911      1173.3546      1682.9932      5400.938      -3717.9448      2124.2525      3208.9337     -2780.5598      22.0677       -1005.6181     -2218.1669     -3068.8538     -360.22644      65552.106      40.320776      40.320776      40.320776      1.2987381     -1462.5132      854.68543     -991.43953    
    211000   211000         378.15848      401.56942      2250.5893      1868.5183      5567.3326     -3698.8143      2212.9952      3137.3547     -2772.5365      21.433315     -1002.633      -2223.0282     -3072.3998     -361.95506      65239.043      40.256486      40.256486      40.256486      1.3049704      876.2855      -289.10889      617.53167    
    212000   212000         376.11485     -1114.1308      717.66712      1779.4764      5537.246      -3757.7695      2196.6752      3167.9792     -2794.424       21.450272     -1057.5136     -2215.5637     -3076.3729     -361.34977      65348.323      40.278951      40.278951      40.278951      1.3027881     -1424.9535     -74.495373     -1842.9436    
    213000   213000         377.09933     -564.17994      1224.5809      1764.2952      5551.7396     -3787.4444      2138.68        3165.9079     -2772.7595      21.46714      -1054.2631     -2214.9076     -3071.5691     -359.99115      65594.951      40.329559      40.329559      40.329559      1.2978898     -490.18842     -452.30003     -750.05136    
    214000   214000         377.67756     -252.53404      1561.3068      1800.1463      5560.2524     -3760.1061      2223.2934      3127.7988     -2757.5658      21.720083     -1093.0792     -2211.7254     -3070.548      -364.12613      64850.061      40.176318      40.176318      40.176318      1.3127978     -1080.1087      709.17291     -386.66632    
    215000   215000         372.10317      1399.5632      3004.872       1676.8256      5478.1851     -3801.3594      2126.2479      3169.0846     -2794.7505      22.505497     -1033.1886     -2219.7398     -3071.5186     -362.92543      65064.609      40.220575      40.220575      40.220575      1.3084689      2446.0556      1220.7138      531.92014    
    216000   216000         373.40714     -659.29779      1039.7707      1663.5016      5497.3824     -3833.8808      2131.0654      3194.7757     -2779.8562      21.856838     -1103.6044     -2220.4127     -3077.7053     -364.01769      64869.379      40.180307      40.180307      40.180307      1.3124069     -516.97416     -1266.0964     -194.8228     
    217000   217000         371.61521      650.64399      2287.8667      1664.8668      5471.0011     -3806.1344      2145.4484      3120.5361     -2775.1163      20.836749     -1025.5888     -2219.4683     -3072.7822     -359.66114      65655.137      40.34189       40.34189       40.34189       1.2967        -11.679189      2034.8496     -71.23842     
    218000   218000         377.96405     -710.18454      1040.0479      1717.0024      5564.4703     -3847.4679      2160.4251      3083.7889     -2758.5667      22.034194     -1072.5024     -2211.8634     -3070.7835     -361.28494      65360.049      40.28136       40.28136       40.28136       1.3025544     -196.14573     -1758.0385     -176.36938    
    219000   219000         376.10213     -71.170959      1806.384       1874.1974      5537.0586     -3662.8611      2224.1916      3188.6304     -2751.5001      21.429639     -1068.6302     -2204.1643     -3072.8181     -361.43087      65333.659      40.275938      40.275938      40.275938      1.3030805     -1158.8814      1187.1034     -241.73492    
    220000   220000         370.5381       396.75431      2019.6965      1643.2242      5455.1437     -3811.9195      2176.2993      3112.3282     -2739.4634      21.187895     -1091.1337     -2221.2369     -3069.9009     -362.93327      65063.205      40.220286      40.220286      40.220286      1.3084972      726.11231      354.35894      109.79168    
    221000   221000         377.46554      1412.9859      3051.2191      1723.7284      5557.1311     -3833.4027      2138.3968      3132.1193     -2761.4331      22.809358     -1073.9041     -2220.8994     -3070.4915     -366.55947      64419.565      40.087219      40.087219      40.087219      1.3215709      470.77222      1716.2996      2051.8857    
    222000   222000         374.98364     -119.43039      1722.4207      1836.1651      5520.592      -3684.4269      2175.889       3185.8255     -2775.4818      21.725404     -1013.4856     -2212.923      -3065.9763     -361.59555      65303.906      40.269823      40.269823      40.269823      1.3036742      212.29056     -1071.6902      501.10848    
    223000   223000         376.9598      -546.56807      1145.9992      1665.8913      5549.6855     -3883.7942      2139.0413      3094.8724     -2768.792       20.634619     -1079.3589     -2217.741      -3072.4506     -362.05051      65221.843      40.252948      40.252948      40.252948      1.3053145     -1199.1092     -296.44175     -144.15329    
    224000   224000         375.79822     -14.851225      1752.2388      1766.5216      5532.5844     -3766.0629      2200.2768      3112.4581     -2766.9934      22.847071     -1044.1933     -2217.3804     -3073.0777     -358.08746      65943.672      40.4009        40.4009        40.4009        1.2910264     -1111.8609      784.36182      282.9454     
    225000   225000         369.57641      106.85453      1723.5124      1621.5939      5440.9856     -3819.3917      2120.8069      3136.1703     -2757.7083      22.046581     -1061.5557     -2213.5457     -3065.6058     -361.05882      65400.982      40.289767      40.289767      40.289767      1.3017392      680.00869      208.56583     -568.01093    
    226000   226000         371.0304      -1231.4118      430.97732      1604.0582      5462.3915     -3858.3333      2200.5229      3109.2022     -2795.1458      22.498988     -1123.4594     -2204.7384     -3067.214      -361.50432      65320.387      40.27321       40.27321       40.27321       1.3033453     -791.09384     -723.95265     -2179.1889    
    227000   227000         373.32264     -414.5698       1242.1051      1637.6812      5496.1383     -3858.4571      2160.3094      3168.5876     -2797.818       23.252402     -1119.3119     -2217.9191     -3075.5574     -360.91572      65426.914      40.295091      40.295091      40.295091      1.3012232     -896.97829     -1001.2739      654.54278    
    228000   228000         380.84386     -218.77042      1571.1486      1779.2377      5606.8674     -3827.6296      2191.5271      3130.688      -2792.6486      22.938059     -1093.0524     -2214.8784     -3072.2033     -362.05734      65220.613      40.252695      40.252695      40.252695      1.3053391      418.19285      13.891205     -1088.3953    
    229000   229000         374.4723      -1649.5223      202.73417      1790.1621      5513.0638     -3722.9017      2215.4846      3173.8825     -2759.7766      22.221791     -1095.3253     -2208.5349     -3070.8538     -357.85103      65987.24       40.409796      40.409796      40.409796      1.290174      -811.93269     -1312.9697     -2823.6644    
    230000   230000         371.47784      707.94537      2371.9623      1701.3673      5468.9788     -3767.6115      2120.0207      3203.2486     -2767.5331      22.764579     -1053.3667     -2223.9295     -3068.816      -363.56124      64950.823      40.197115      40.197115      40.197115      1.3107612      1339.4135     -818.87788      1603.3004    
    231000   231000         372.66246     -60.28336       1728.2551      1785.4172      5486.419      -3701.0018      2208.9805      3178.5486     -2770.0669      21.229582     -1049.2421     -2219.5093     -3070.9422     -363.18481      65018.141      40.210998      40.210998      40.210998      1.3094041     -586.96766      73.910376      332.20721    
    232000   232000         373.07464      659.51378      2255.4596      1621.0965      5492.4872     -3871.3907      2091.637       3132.1173     -2790.2582      22.221739     -1027.5015     -2228.3925     -3071.2146     -358.03388      65953.54       40.402915      40.402915      40.402915      1.2908332      774.80794      388.56494      815.16848    
    233000   233000         368.55958      333.97489      1813.0521      1497.0119      5426.0155     -3929.0036      2116.5637      3117.7379     -2788.2931      21.540046     -1098.7336     -2226.9757     -3070.8428     -363.92303      64886.253      40.18379       40.18379       40.18379       1.3120656     -243.73845      1005.2771      240.38599    
    234000   234000         367.09346      339.2586       1894.3715      1573.7254      5404.4309     -3830.7055      2176.7414      3121.4056     -2777.84        21.926283     -1081.5672     -2220.7041     -3070.6675     -364.37036      64806.594      40.167339      40.167339      40.167339      1.3136784     -299.87251      1271.6267      46.021551    
    235000   235000         370.86523      302.72368      1912.7238      1625.2111      5459.9597     -3834.7487      2116.7107      3141.5803     -2783.118       22.92946      -1039.1656     -2223.2643     -3070.4212     -362.59972      65123.055      40.232615      40.232615      40.232615      1.3072946      594.5609      -2.5348832      316.14502    
    236000   236000         372.84821     -924.73558      823.1464       1702.3952      5489.1536     -3786.7585      2159.5571      3214.3796     -2791.0526      22.260626     -1096.1218     -2225.9453     -3069.8361     -362.19623      65195.603      40.247549      40.247549      40.247549      1.3058399     -1124.6329     -930.59803     -718.97577    
    237000   237000         367.08315      1668.9906      3172.0416      1584.5702      5404.2792     -3819.709       2124.9688      3146.5575     -2774.7852      23.146681     -1041.6351     -2229.069      -3068.8927     -362.06461      65219.303      40.252425      40.252425      40.252425      1.3053654      3176.1461      863.92829      966.89725    
    238000   238000         371.87852     -693.79059      997.0068       1660.8729      5474.8776     -3814.0047      2182.2898      3143.5781     -2753.6416      22.032114     -1150.2058     -2196.0618     -3061.9955     -359.90346      65610.932      40.332834      40.332834      40.332834      1.2975737     -1434.8364     -488.543       -157.99241    
    239000   239000         377.12012     -418.52117      1351.1791      1750.5334      5552.0456     -3801.5122      2240.9968      3096.1271     -2803.2543      22.502804     -1074.5622     -2218.8396     -3064.4828     -360.90859      65428.207      40.295357      40.295357      40.295357      1.3011975     -2575.7813      1304.8765      15.341254    
    240000   240000         373.97164     -872.06191      882.45922      1714.919       5505.6931     -3790.7741      2178.719       3162.4601     -2783.3536      21.658917     -1087.9171     -2215.0463     -3067.2952     -360.76315      65454.583      40.300771      40.300771      40.300771      1.3006732     -821.59758     -348.63962     -1445.9485    
    241000   241000         380.0514       356.53351      2077.0317      1736.9954      5595.2006     -3858.2052      2118.3139      3186.7089     -2806.7816      22.937201     -1091.572      -2217.037      -3070.7746     -361.08809      65395.681      40.288678      40.288678      40.288678      1.3018447     -553.98866      257.7374       1365.8518    
    242000   242000         372.73904     -254.40164      1375.2119      1620.1013      5487.5465     -3867.4452      2087.9293      3164.5993     -2804.6345      22.278096     -1054.0356     -2219.1183     -3064.4634     -357.75696      66004.59       40.413337      40.413337      40.413337      1.2898348     -497.95867     -435.18624      169.94       
    243000   243000         370.43395     -863.37237      801.36308      1624.8438      5453.6103     -3828.7665      2182.5367      3107.2918     -2762.8221      22.317236     -1089.9555     -2217.9789     -3070.1558     -361.06285      65400.252      40.289617      40.289617      40.289617      1.3017537      107.88189     -1650.8273     -1047.1717    
    244000   244000         369.95913      187.79627      1902.5241      1724.8771      5446.6201     -3721.7429      2148.2794      3288.3768     -2804.7522      22.967187     -1087.4609     -2215.7738     -3073.3794     -364.05533      64862.672      40.178922      40.178922      40.178922      1.3125426     -51.987113     -517.13337      1132.5093    
    245000   245000         378.71065      856.55681      2644.02        1818.6225      5575.4618     -3756.8393      2097.4982      3190.6687     -2755.1393      21.821654     -1016.8528     -2224.7612     -3070.0745     -357.38073      66074.077      40.427514      40.427514      40.427514      1.2884784      1333.8387     -134.80687      1370.6386    
    246000   246000         370.60515     -1057.2438      601.01367      1603.5799      5456.1309     -3852.551       2093.8941      3130.4737     -2737.5629      21.65532      -1082.8453     -2212.7211     -3065.4449     -363.16183      65022.256      40.211846      40.211846      40.211846      1.3093212     -1005.5912     -1363.881      -802.25908    
    247000   247000         364.03733      515.09758      1964.9273      1472.9691      5359.438      -3886.4689      2131.7906      3098.5624     -2792.89        22.507014     -1051.3091     -2224.7289     -3070.401      -360.57818      65488.161      40.307661      40.307661      40.307661      1.3000063      1365.5572     -112.12031      291.85584    
    248000   248000         376.69178      1428.132       3005.0811      1654.8281      5545.7396     -3890.9114      2123.4096      3087.4874     -2771.0186      21.510398     -1057.8561     -2221.5596     -3072.8845     -364.2431       64829.235      40.172017      40.172017      40.172017      1.3132196      2909.7367      655.52487      719.13456    
    249000   249000         377.62458     -1343.042       422.84961      1699.4091      5559.4725     -3860.0633      2180.3432      3079.1651     -2771.5708      21.915658     -1072.6029     -2222.9692     -3074.3444     -362.31527      65174.183      40.243141      40.243141      40.243141      1.3062691     -1153.2844     -441.51991     -2434.3216    
    250000   250000         369.0327      -685.62953      1087.3978      1744.4069      5432.9809     -3688.5741      2160.8005      3198.0834     -2736.5532      21.325531     -1053.8163     -2212.387      -3066.0271     -359.38198      65706.137      40.352333      40.352333      40.352333      1.2956936     -721.78003     -525.769       -809.33956    
Loop time of 710.397 on 1 procs for 250000 steps with 4940 atoms

Performance: 30.406 ns/day, 0.789 hours/ns, 351.916 timesteps/s, 1.738 Matom-step/s
100.0% CPU use with 1 MPI tasks x 1 OpenMP threads

MPI task timing breakdown:
Section |  min time  |  avg time  |  max time  |%varavg| %total
---------------------------------------------------------------
Pair    | 271.3      | 271.3      | 271.3      |   0.0 | 38.19
Bond    | 93.382     | 93.382     | 93.382     |   0.0 | 13.15
Kspace  | 202.3      | 202.3      | 202.3      |   0.0 | 28.48
Neigh   | 47.404     | 47.404     | 47.404     |   0.0 |  6.67
Comm    | 6.9657     | 6.9657     | 6.9657     |   0.0 |  0.98
Output  | 2.6937     | 2.6937     | 2.6937     |   0.0 |  0.38
Modify  | 66.182     | 66.182     | 66.182     |   0.0 |  9.32
Other   |            | 20.16      |            |       |  2.84

Nlocal:           4940 ave        4940 max        4940 min
Histogram: 1 0 0 0 0 0 0 0 0 0
Nghost:          14281 ave       14281 max       14281 min
Histogram: 1 0 0 0 0 0 0 0 0 0
Neighs:              0 ave           0 max           0 min
Histogram: 1 0 0 0 0 0 0 0 0 0
FullNghs:  2.35035e+06 ave 2.35035e+06 max 2.35035e+06 min
Histogram: 1 0 0 0 0 0 0 0 0 0

Total # of neighbors = 2350350
Ave neighs/atom = 475.77935
Ave special neighs/atom = 5.9797571
Neighbor list builds = 7691
Dangerous builds = 0

# --- Cleanup ---
unfix npt_fix

undump dump_npt

# --- Write Output ---
write_dump all custom cool_block_08_last.dump id type mol x y z xu yu zu vx vy vz modify sort id
write_data /home/arz2/PolyJarvis_v2/data/sPVC_1/attempts/cooling/attempt-0001/work/cool_block_08/cool_block_08_out.data
System init for write_data ...
PPPM Kokkos initialization ...
  using 12-bit tables for long-range coulomb
  G vector (1/distance) = 0.2953698
  grid = 27 27 27
  stencil order = 5
  estimated absolute RMS force accuracy = 0.00036921942
  estimated relative force accuracy = 1.1118933e-06
  using double precision cuFFT
  3d grid and FFT values/proc = 39304 19683
Generated 6 of 6 mixed pair_coeff terms from sixthpower/sixthpower mixing rule
write_restart /home/arz2/PolyJarvis_v2/data/sPVC_1/attempts/cooling/attempt-0001/work/cool_block_08/cool_block_08_out.restart
System init for write_restart ...
PPPM Kokkos initialization ...
  using 12-bit tables for long-range coulomb
  G vector (1/distance) = 0.2953698
  grid = 27 27 27
  stencil order = 5
  estimated absolute RMS force accuracy = 0.00036921942
  estimated relative force accuracy = 1.1118933e-06
  using double precision cuFFT
  3d grid and FFT values/proc = 39304 19683
Generated 6 of 6 mixed pair_coeff terms from sixthpower/sixthpower mixing rule

print "STAGE COMPLETE: NPT T=396.0->371.0K P=1.0->1.0atm steps=250000"
STAGE COMPLETE: NPT T=396.0->371.0K P=1.0->1.0atm steps=250000
quit
