units real
atom_style full
boundary p p p

# --- Force Field Styles ---
pair_style lj/class2/coul/long 9.5 9.5
kspace_style pppm 1e-6
dielectric 1.000000
bond_style class2
angle_style class2
dihedral_style class2
improper_style class2
special_bonds lj/coul 0 0 1
pair_modify mix sixthpower tail yes
neighbor 2.0 bin
neigh_modify delay 0 every 1 check yes
neigh_modify one 4000
# KOKKOS: package loaded via -pk kokkos on the command line

read_data /home/arz2/PolyJarvis_v2/data/sPVC_3/attempts/cooling/attempt-0001/work/cool_block_02/cool_block_02_out.data
Reading data file ...
  orthogonal box = (6.1470617 6.1470617 6.1470617) to (47.545631 47.545631 47.545631)
  1 by 1 by 1 MPI processor grid
  reading atoms ...
  4940 atoms
  reading velocities ...
  4940 velocities
  scanning bonds ...
  4 = max bonds/atom
  scanning angles ...
  12 = max angles/atom
  scanning dihedrals ...
  24 = max dihedrals/atom
  scanning impropers ...
  10 = max impropers/atom
  orthogonal box = (6.1470617 6.1470617 6.1470617) to (47.545631 47.545631 47.545631)
  1 by 1 by 1 MPI processor grid
  reading bonds ...
  4930 bonds
  reading angles ...
  9840 angles
  reading dihedrals ...
  14670 dihedrals
  reading impropers ...
  6560 impropers
Finding 1-2 1-3 1-4 neighbors ...
  special bond factors lj:    0        0        1       
  special bond factors coul:  0        0        1       
     4 = max # of 1-2 neighbors
     6 = max # of 1-3 neighbors
    10 = max # of special neighbors
  special bonds CPU = 0.004 seconds
  read_data CPU = 0.213 seconds


# --- Thermo Output ---
thermo_style custom step time temp press enthalpy etotal ke pe ebond eangle edihed eimp evdwl ecoul elong etail vol lx ly lz density pxx pyy pzz
thermo_modify flush yes
thermo 1000

# --- Trajectory ---
dump dump_npt all custom 1000 cool_block_03.dump id type mol x y z ix iy iz vx vy vz


# --- Restart Checkpointing ---
restart 10000 npt_1.rst npt_2.rst

# --- Initial Velocities (optional) ---
# Velocities read from data file

# --- SHAKE Constraints ---
# SHAKE disabled

# --- NPT Thermostat + Barostat (Nose-Hoover) ---
# T_damp = 100.0 fs  (heat bath coupling)
# P_damp = 1000.0 fs  (pressure bath coupling, ~10x T_damp typical)
# Ramp: T=521.0->496.0K  P=1.0->1.0atm
timestep 1.0
fix npt_fix all npt temp 521.0 496.0 100.0 iso 1.0 1.0 1000.0

run 250000
PPPM Kokkos initialization ...
  using 12-bit tables for long-range coulomb
  G vector (1/distance) = 0.30227873
  grid = 30 30 30
  stencil order = 5
  estimated absolute RMS force accuracy = 0.00024696356
  estimated relative force accuracy = 7.4372342e-07
  using double precision cuFFT
  3d grid and FFT values/proc = 50653 27000
Generated 6 of 6 mixed pair_coeff terms from sixthpower/sixthpower mixing rule
Neighbor list info ...
  update: every = 1 steps, delay = 0 steps, check = yes
  max neighbors/atom: 4000, page size: 100000
  master list distance cutoff = 11.5
  ghost atom cutoff = 11.5
  binsize = 11.5, bins = 4 4 4
  1 neighbor lists, perpetual/occasional/extra = 1 0 0
  (1) pair lj/class2/coul/long/kk, perpetual
      attributes: full, newton off, kokkos_device
      pair build: full/bin/kk/device
      stencil: full/bin/3d
      bin: kk/device
Per MPI rank memory allocation (min/avg/max) = 29.13 | 29.13 | 29.13 Mbytes
   Step          Time           Temp          Press         Enthalpy        TotEng         KinEng         PotEng         E_bond        E_angle        E_dihed        E_impro         E_vdwl         E_coul         E_long         E_tail         Volume           Lx             Ly             Lz          Density          Pxx            Pyy            Pzz      
         0   0              528.36238      708.2905       7737.1337      7004.2361      7778.6677     -774.43162      3014.5266      4437.9104     -2561.8068      25.68331      -500.05892     -2090.0837     -3100.6025     -332.81756      70950.589      41.398569      41.398569      41.398569      1.1999198      773.80969      1743.3977     -392.33584    
      1000   1000           528.4595       1265.3249      8140.6037      6841.834       7780.0975     -938.26351      2962.3026      4267.8301     -2578.9167      26.05997      -415.67598     -2097.0768     -3102.7867     -335.51196      70380.804      41.287451      41.287451      41.287451      1.2096341      2007.0124      744.43111      1044.5311    
      2000   2000           517.28375     -203.96657      6400.6281      6609.801       7615.5656     -1005.7647      3024.0072      4353.4429     -2650.8787      28.887376     -561.7893      -2092.9839     -3106.4502     -335.80863      70318.626      41.275289      41.275289      41.275289      1.2107037      721.59221     -840.09814     -493.39376    
      3000   3000           515.52016     -262.79614      6342.0208      6613.7231      7589.6016     -975.87847      3100.1984      4223.6656     -2588.2004      27.230839     -535.13602     -2098.983      -3104.6539     -333.09161      70892.215      41.387213      41.387213      41.387213      1.2009079      663.34434      16.345301     -1468.0781    
      4000   4000           526.30125     -1152.7573      5707.9279      6902.0454      7748.3232     -846.27781      3130.6836      4309.0712     -2612.638       28.563685     -519.43069     -2083.4189     -3099.1088     -332.45199      71028.606      41.413738      41.413738      41.413738      1.1986019     -2775.3684      345.77664     -1028.6801    
      5000   5000           514.67875     -437.32656      6017.4623      6464.8795      7577.2142     -1112.3347      2984.9206      4234.2061     -2635.3053      27.365622     -520.19234     -2097.7229     -3105.6064     -336.61333      70150.524      41.242373      41.242373      41.242373      1.2136049      1934.6252     -2746.2246     -500.38027    
      6000   6000           522.95239     -1151.4414      5570.4         6755.2524      7699.0206     -943.76821      3098.4728      4304.8086     -2641.8491      28.287244     -538.84883     -2090.6494     -3103.9895     -334.66916      70558.045      41.322081      41.322081      41.322081      1.2065955     -1815.2631     -890.66481     -748.39615    
      7000   7000           513.63167      1022.7287      7653.0191      6605.2687      7561.7989     -956.53029      2999.3338      4283.4497     -2589.0113      27.549854     -473.89426     -2103.8719     -3100.0862     -336.1559       70245.982      41.261071      41.261071      41.261071      1.2119557      34.245552      2107.4165      926.52414    
      8000   8000           531.06712     -1090.4162      5603.4136      6710.8285      7818.4874     -1107.6589      3042.4009      4217.4019     -2612.1919      27.34047      -562.45178     -2108.7555     -3111.4031     -339.09399      69637.335      41.141556      41.141556      41.141556      1.2225485     -1348.0885     -1326.2055     -596.95471    
      9000   9000           518.49985     -1034.1041      5578.9304      6629.7071      7633.4693     -1003.7622      3002.0682      4329.1114     -2628.1574      29.937514     -547.46086     -2084.9803     -3104.2807     -338.91591      69673.925      41.148761      41.148761      41.148761      1.2219065     -840.56102     -1652.1157     -609.6356     
     10000   10000          516.5457       733.75676      7234.1438      6479.9575      7604.6998     -1124.7423      2933.6846      4275.698      -2638.2397      26.313921     -542.41248     -2084.6262     -3095.1604     -335.05155      70477.518      41.306354      41.306354      41.306354      1.2079742      620.92183     -379.47         1959.8185    
     11000   11000          519.10667     -39.169424      6588.7434      6629.4633      7642.403      -1012.9397      3022.9677      4182.6562     -2558.5786      28.381121     -500.52466     -2086.2817     -3101.5597     -331.26735      71282.61       41.463045      41.463045      41.463045      1.1943308      1249.4591     -1849.3912      482.4238     
     12000   12000          526.61909     -963.8292       5807.4498      6800.0988      7753.0025     -952.90372      2996.5647      4320.4825     -2588.1458      29.454488     -502.5231      -2095.9504     -3112.7861     -334.3817       70618.701      41.333918      41.333918      41.333918      1.2055591     -1696.5512     -320.35736     -874.57903    
     13000   13000          518.46014     -337.17191      6189.3364      6534.8608      7632.8846     -1098.0238      3020.3629      4173.5305     -2584.7067      25.07202      -523.04571     -2101.31       -3107.9269     -336.05532      70267.007      41.265187      41.265187      41.265187      1.2115931     -296.37647     -1191.9681      476.82887    
     14000   14000          511.60867     -1467.9975      4992.1352      6509.8028      7532.0158     -1022.213       2995.3365      4304.4806     -2657.9072      27.053886     -516.29352     -2075.4666     -3099.4167     -333.10933      70888.443      41.386479      41.386479      41.386479      1.2009718     -2299.4798     -399.47948     -1705.0333    
     15000   15000          520.49968     -701.99064      5963.1162      6683.4968      7662.9113     -979.41451      2992.1985      4305.7203     -2587.5639      28.849075     -529.07819     -2093.9312     -3095.6091     -335.58879      70364.692      41.284301      41.284301      41.284301      1.2099111     -288.46768      706.32209     -2523.8263    
     16000   16000          521.80093     -294.55911      6380.255       6682.5709      7682.0685     -999.49761      3032.5325      4327.9963     -2642.8607      28.228719     -557.46854     -2086.6458     -3101.2801     -335.54412      70374.058      41.286132      41.286132      41.286132      1.20975       -2497.1061     -203.15244      1816.5812    
     17000   17000          521.46491      460.09144      6876.1504      6407.9932      7677.1216     -1269.1284      2881.1597      4195.3891     -2613.3255      26.839222     -562.47109     -2092.0181     -3104.7017     -338.44698      69770.46       41.167756      41.167756      41.167756      1.2202158      706.50641      801.07455     -127.30663    
     18000   18000          523.63956      136.39433      6834.0888      6694.2576      7709.1373     -1014.8797      2975.8078      4265.7558     -2615.6147      26.672382     -475.84203     -2092.6854     -3098.9735     -335.91567      70296.22       41.270905      41.270905      41.270905      1.2110896      642.12883      11.587741     -244.53359    
     19000   19000          516.13294     -208.78511      6193.3824      6408.1472      7598.6231     -1190.4758      2940.7722      4182.7308     -2627.0354      27.04047      -498.54418     -2101.4428     -3113.9968     -334.79154      70532.253      41.317045      41.317045      41.317045      1.2070367      937.99966     -1317.864      -246.49102    
     20000   20000          520.91429     -342.7316       6060.9999      6415.0458      7669.0152     -1253.9694      2875.5237      4190.9597     -2641.2778      26.627506     -490.19274     -2103.4557     -3112.154      -333.37472      70832.011      41.375494      41.375494      41.375494      1.2019286     -360.09433      457.54347     -1125.6439    
     21000   21000          520.08451      592.12648      7163.7452      6555.6366      7656.7991     -1101.1625      2944.6537      4281.4238     -2660.5129      26.363686     -475.86116     -2105.7574     -3111.4721     -335.32928      70419.146      41.294947      41.294947      41.294947      1.2089755      1268.4405      248.77604      259.16293    
     22000   22000          507.60105      455.75865      6697.8238      6223.0411      7473.0148     -1249.9737      2912.4849      4168.9226     -2648.2278      26.860832     -516.28164     -2090.8802     -3102.8525     -330.58116      71430.572      41.491714      41.491714      41.491714      1.1918569     -738.88952      851.52053      1254.6449    
     23000   23000          524.34936     -1027.4798      5590.1948      6649.4826      7719.587      -1070.1044      3035.0606      4203.7192     -2577.4873      27.167896     -548.52633     -2097.6894     -3112.3491     -334.03919      70691.112      41.348041      41.348041      41.348041      1.2043242     -687.70763     -384.47755     -2010.2542    
     24000   24000          514.05971     -1335.7382      5141.2766      6539.5803      7568.1005     -1028.5202      3121.2228      4249.0303     -2661.0167      28.619459     -558.05778     -2100.1253     -3108.193      -328.97125      71780.139      41.559288      41.559288      41.559288      1.1860526     -1451.6731     -1783.1539     -772.38758    
     25000   25000          518.70991      138.56603      6774.1508      6631.2729      7636.5618     -1005.289       2992.5955      4269.2155     -2628.394       28.132801     -463.09569     -2094.9129     -3108.8302     -333.98718      70702.119      41.350187      41.350187      41.350187      1.2041367      1356.8919     -1116.8131      175.61926    
     26000   26000          517.4176       1289.133       7853.216       6504.7798      7617.5362     -1112.7564      2921.4487      4165.3023     -2610.8193      24.932979     -403.27747     -2103.7086     -3106.6351     -329.23459      71722.725      41.548204      41.548204      41.548204      1.187002       402.36315      2743.5836      721.45237    
     27000   27000          516.64514      150.51411      6752.6525      6596.969       7606.1639     -1009.1949      2977.3519      4244.3842     -2584.077       27.028305     -460.13478     -2102.0436     -3111.704      -332.94518      70923.392      41.393279      41.393279      41.393279      1.20038        341.94825     -1398.8385      1508.4326    
     28000   28000          526.86545      297.06727      7006.762       6695.5043      7756.6295     -1061.1252      3001.9847      4190.8236     -2615.9107      27.110187     -461.59331     -2100.4912     -3103.0486     -328.67966      71843.818      41.571574      41.571574      41.571574      1.1850013     -353.70764      1080.3389      164.57052    
     29000   29000          513.49946      185.33805      6681.2842      6487.4058      7559.8525     -1072.4467      2951.368       4217.0011     -2614.1737      27.453015     -452.38706     -2099.8979     -3101.8101     -329.21022      71728.033      41.549229      41.549229      41.549229      1.1869142      1790.2448     -771.67544     -462.55521    
     30000   30000          512.96097      721.91039      7213.4662      6465.2715      7551.9246     -1086.6532      2988.5809      4312.2662     -2651.7012      28.856545     -563.61036     -2097.1253     -3103.92       -332.28197      71064.95       41.4208        41.4208        41.4208        1.1979889      745.0617       213.94106      1206.7284    
     31000   31000          511.02253      899.21248      7473.8889      6546.0641      7523.3866     -977.32245      3007.4575      4307.2736     -2609.3137      25.179058     -513.14416     -2093.6036     -3101.1712     -333.76016      70750.21       41.35956       41.35956       41.35956       1.2033183      1120.1812      1036.5031      540.95319    
     32000   32000          523.26273      1327.1262      7831.3962      6477.2636      7703.5894     -1226.3259      2953.475       4223.9893     -2678.7944      28.093449     -557.83375     -2092.0782     -3103.1774     -337.51196      69963.749      41.205737      41.205737      41.205737      1.2168447      854.7319       1380.97        1745.6768    
     33000   33000          515.63011      713.36118      7214.0056      6474.6505      7591.2204     -1116.5698      3052.4014      4083.9728     -2606.3639      24.535753     -470.94254     -2098.2106     -3101.9628     -332.2726       71066.955      41.42119       41.42119       41.42119       1.1979551      50.000895      1442.7829      647.29973    
     34000   34000          523.60169     -437.67667      6194.6505      6650.392       7708.5797     -1058.1877      3097.5845      4169.3286     -2624.4132      26.402364     -548.75617     -2077.3368     -3100.9969     -330.72947      71398.541      41.485511      41.485511      41.485511      1.1923916     -41.725956     -591.80944     -679.49461    
     35000   35000          526.03883     -830.67848      5802.1606      6655.528       7744.4599     -1088.9319      3064.5982      4203.1702     -2594.1341      26.901425     -582.72016     -2099.0692     -3107.6782     -335.22396      70441.27       41.299272      41.299272      41.299272      1.2085958     -687.16181     -1315.7132     -489.1604     
     36000   36000          520.36899     -257.69039      6180.7984      6447.0106      7660.9872     -1213.9766      2971.7177      4146.1721     -2635.1919      27.173868     -535.57846     -2089.3227     -3098.9473     -333.35612      70835.963      41.376263      41.376263      41.376263      1.2018615      665.67859     -2934.2804      1495.5306    
     37000   37000          520.21396      94.604679      6665.3541      6568.3637      7658.7048     -1090.3411      3034.8458      4193.9407     -2605.6494      25.149088     -560.08471     -2081.6674     -3096.8751     -335.90946      70297.519      41.271159      41.271159      41.271159      1.2110672      387.77826     -1819.6491      1715.6849    
     38000   38000          526.22359      361.21351      6935.1642      6563.3507      7747.1799     -1183.8292      2955.0461      4131.8557     -2597.2388      26.041453     -485.91213     -2102.8717     -3110.7498     -334.56227      70580.587      41.326481      41.326481      41.326481      1.2062101      539.26055     -646.77672      1191.1567    
     39000   39000          516.00739      1407.7359      7901.9628      6457.6632      7596.7748     -1139.1116      2995.0634      4091.4886     -2590.0812      24.804887     -458.00827     -2095.5476     -3106.8313     -335.66186      70349.373      41.281304      41.281304      41.281304      1.2101745      2026.0445      1239.7783      957.385      
     40000   40000          524.49842      882.37991      7400.2461      6496.0323      7721.7816     -1225.7493      2972.8123      4125.4627     -2593.5807      27.057214     -558.42448     -2096.9103     -3102.1662     -336.06447      70265.095      41.264813      41.264813      41.264813      1.2116261      688.75545      1738.1869      220.19742    
     41000   41000          513.13196     -19.967059      6311.7023      6332.3845      7554.442      -1222.0576      2924.0555      4113.5585     -2607.3711      25.979757     -481.04491     -2098.4798     -3098.7554     -332.47198      71024.336      41.412908      41.412908      41.412908      1.1986739      36.139102     -122.94048      26.900198    
     42000   42000          515.86399     -556.03483      6000.3892      6574.5339      7594.6636     -1020.1297      3049.997       4230.1128     -2622.9731      26.391244     -519.53857     -2088.1566     -3095.9625     -333.51759      70801.667      41.369585      41.369585      41.369585      1.2024437     -484.4402       1156.774      -2340.4383    
     43000   43000          511.71401     -1306.3668      5047.9319      6397.4324      7533.5667     -1136.1343      3034.5075      4142.5783     -2659.2555      28.118162     -481.21761     -2098.7147     -3102.1505     -333.37283      70832.413      41.375572      41.375572      41.375572      1.2019218     -475.15127     -1692.8506     -1751.0985    
     44000   44000          506.14087     -793.52761      5582.6873      6399.8428      7451.5177     -1051.6749      2976.2716      4236.3689     -2607.6265      25.45576      -471.6641      -2106.6691     -3103.8115     -334.42248      70610.091      41.332238      41.332238      41.332238      1.2057061     -797.96642     -680.17782     -902.43859    
     45000   45000          507.45073      702.61208      6957.1554      6230.1622      7470.8018     -1240.6395      2929.423       4167.6324     -2614.7912      25.965866     -538.40618     -2104.4196     -3106.0437     -332.83071      70947.784      41.398024      41.398024      41.398024      1.1999673      1504.6495      963.12256     -359.93578    
     46000   46000          521.37188      156.64185      6755.974       6596.1631      7675.752      -1079.5889      3089.9558      4201.5735     -2626.4439      26.170107     -564.26874     -2103.629      -3102.9466     -337.55122      69955.611      41.20414       41.20414       41.20414       1.2169863      1232.4043     -650.41811     -112.06066    
     47000   47000          517.13284      1419.5804      8036.0129      6576.1892      7613.3439     -1037.1547      2974.6653      4316.9238     -2666.7135      29.452507     -475.19816     -2110.8938     -3105.3909     -334.88655      70512.242      41.313137      41.313137      41.313137      1.2073793      188.41459      2426.4949      1643.8317    
     48000   48000          507.63186     -548.55073      5605.0338      6176.2228      7473.4683     -1297.2455      2940.2002      4063.2424     -2610.4253      25.635757     -497.8566      -2106.8131     -3111.2288     -330.73112      71398.185      41.485442      41.485442      41.485442      1.1923975     -113.84302     -1340.483      -191.3262     
     49000   49000          510.79762     -480.23392      5986.3768      6478.1812      7520.0753     -1041.8941      2975.2722      4320.3622     -2635.2646      28.278146     -531.06525     -2092.3467     -3107.1301     -336.27802      70220.473      41.256076      41.256076      41.256076      1.212396       367.9879      -540.83632     -1267.8533    
     50000   50000          524.88865     -676.98373      5963.3369      6658.0868      7727.5266     -1069.4398      2978.7803      4239.3612     -2615.8937      26.677671     -505.83294     -2095.812      -3096.7203     -335.57366      70367.864      41.284921      41.284921      41.284921      1.2098565     -974.59236     -771.26879     -285.09003    
     51000   51000          520.40425      95.998615      6489.5025      6390.5144      7661.5063     -1270.9919      2935.7818      4176.861      -2650.9169      26.465472     -542.96779     -2108.091      -3108.1245     -333.97967      70703.71       41.350497      41.350497      41.350497      1.2041096     -212.93262     -442.57073      943.4992     
     52000   52000          516.79043      770.02802      7308.0131      6508.5699      7608.3029     -1099.733       2990.4903      4166.9924     -2575.5953      26.831007     -514.9822      -2091.8337     -3101.6354     -331.70882      71187.742      41.444643      41.444643      41.444643      1.1959225      832.89894      758.71441      718.4707     
     53000   53000          508.96827     -956.0657       5355.2468      6333.667       7493.1433     -1159.4763      2984.2407      4165.6138     -2561.0719      26.871715     -599.42329     -2076.0675     -3099.6399     -336.51193      70171.663      41.246515      41.246515      41.246515      1.2132393     -1796.8452     -999.49283     -71.859108    
     54000   54000          518.85982     -787.3788       5737.1521      6551.2387      7638.7689     -1087.5301      2983.9085      4255.8714     -2616.3737      27.587425     -525.8276      -2101.792      -3110.9041     -333.08203      70894.254      41.38761       41.38761       41.38761       1.2008733     -7.8773628     -2142.0335     -212.2255     
     55000   55000          515.4568       768.90095      7243.3213      6443.4777      7588.6689     -1145.1912      2877.8515      4257.2239     -2610.7616      26.07974      -474.20348     -2109.1206     -3112.2606     -331.05753      71327.79       41.471803      41.471803      41.471803      1.1935743      1176.7389      1132.7419     -2.7779785    
     56000   56000          510.17297     -1954.1313      4303.7612      6314.9673      7510.8791     -1195.9118      2954.5741      4201.7472     -2628.1446      25.19601      -542.16172     -2095.2325     -3111.8903     -334.6072       70571.111      41.324631      41.324631      41.324631      1.2063721     -3041.044      -1186.3699     -1634.9801    
     57000   57000          515.42266     -956.7455       5608.8476      6599.8152      7588.1663     -988.35105      3074.6114      4280.5824     -2598.9141      27.380743     -554.78278     -2108.5862     -3108.6424     -332.48731      71021.061      41.412271      41.412271      41.412271      1.1987292     -1544.719      -354.45297     -971.0645     
     58000   58000          530.45741      853.15288      7470.7902      6599.2184      7809.5111     -1210.2927      3012.2311      4173.8019     -2624.5293      26.459681     -561.5816      -2118.7117     -3117.9628     -337.10236      70048.758      41.22242       41.22242       41.22242       1.215368       974.34314      1551.841       33.274436    
     59000   59000          519.74672     -1401.488       5135.0903      6550.8575      7651.8259     -1100.9685      3067.1002      4201.7648     -2587.1824      24.809111     -587.69062     -2106.9533     -3112.8163     -340.9068       69267.03       41.068501      41.068501      41.068501      1.2290843     -1815.309      -92.734459     -2296.4205    
     60000   60000          510.11544      401.6001       6784.4596      6371.955       7510.0322     -1138.0772      2931.2958      4311.6588     -2649.7162      26.779869     -547.15211     -2100.928      -3110.0155     -335.27654      70430.224      41.297113      41.297113      41.297113      1.2087853      126.68308     -397.66315      1475.7804    
     61000   61000          502.58092     -1063.5603      5193.7039      6295.0209      7399.1073     -1104.0865      3059.745       4179.7642     -2645.2722      27.381161     -520.46129     -2103.0137     -3102.2296     -332.57369      71002.614      41.408686      41.408686      41.408686      1.1990406     -1240.4002     -529.33335     -1420.9472    
     62000   62000          516.28095      150.84336      6706.0683      6552.3376      7600.8021     -1048.4645      3099.1314      4144.6364     -2622.8495      27.036673     -490.59836     -2103.9719     -3101.8493     -337.91206      69880.909      41.189468      41.189468      41.189468      1.2182872     -642.42437     -25.507821      1120.4623    
     63000   63000          518.70732      501.64968      7112.6728      6598.744       7636.5237     -1037.7797      3040.7156      4336.8714     -2629.5001      28.25419      -634.68928     -2078.9622     -3100.4694     -336.15201      70246.796      41.26123       41.26123       41.26123       1.2119417     -402.07438      203.48027      1703.5431    
     64000   64000          515.53178      437.68456      6881.7714      6432.9448      7589.7727     -1156.8279      2993.9022      4147.1615     -2642.3347      25.56718      -460.24419     -2108.6079     -3112.272      -335.83095      70313.952      41.274375      41.274375      41.274375      1.2107842     -394.62037      355.03829      1352.6358    
     65000   65000          517.65062      282.95637      6813.6593      6521.3937      7620.9667     -1099.5731      3036.663       4112.6769     -2579.6435      26.517015     -501.43446     -2091.4394     -3102.9126     -333.4109       70824.324      41.373997      41.373997      41.373997      1.202059       1094.7226     -611.16745      365.31393    
     66000   66000          503.53083      959.81904      7300.2161      6322.3898      7413.0921     -1090.7023      3047.133       4144.8737     -2611.1299      26.993658     -499.78312     -2098.9468     -3099.8428     -338.03818      69854.836      41.184345      41.184345      41.184345      1.218742       1827.18       -133.61895      1185.8961    
     67000   67000          506.02825     -206.40136      6247.2886      6460.955       7449.8596     -988.90467      3044.9042      4179.284      -2585.9031      24.488931     -453.1093      -2092.6326     -3105.9367     -332.67074      70981.901      41.404659      41.404659      41.404659      1.1993905     -244.1257       598.9653      -974.04368    
     68000   68000          535.1143      -540.75081      6162.4842      6720.3786      7878.0708     -1157.6922      3014.2916      4159.6527     -2581.0253      28.770919     -592.00987     -2084.3333     -3103.039      -333.79769      70742.255      41.35801       41.35801       41.35801       1.2034536     -619.32788      1181.7203     -2184.6448    
     69000   69000          518.36359      601.73344      7117.3066      6494.106       7631.4632     -1137.3573      2915.7515      4259.047      -2647.3984      27.796527     -501.7992      -2093.651      -3097.1037     -332.5174       71014.634      41.411022      41.411022      41.411022      1.1988377     -330.30843      830.77498      1304.7338    
     70000   70000          525.73332     -651.98621      5881.6862      6557.1743      7739.962      -1182.7877      2921.7383      4260.6309     -2656.1717      28.451737     -572.83555     -2081.0714     -3083.53       -332.39832      71040.075      41.415967      41.415967      41.415967      1.1984084     -484.8198      -689.57104     -781.56778    
     71000   71000          517.76136      1353.3345      7826.3867      6444.7411      7622.5971     -1177.8561      2950.2077      4241.4691     -2635.5357      27.29116      -570.07638     -2095.188      -3096.024      -337.32351      70002.834      41.213409      41.213409      41.213409      1.2161653      105.4248       2074.4389      1880.1399    
     72000   72000          513.83466      374.92309      6716.8481      6330.12        7564.7874     -1234.6674      3010.9153      4056.3932     -2618.3853      26.12896      -517.94605     -2093.5936     -3098.1799     -333.86783      70727.395      41.355114      41.355114      41.355114      1.2037064      745.97361     -432.65855      811.45422    
     73000   73000          516.84387     -184.55211      6092.0952      6285.4015      7609.0897     -1323.6882      2806.6092      4235.0373     -2638.6737      28.253214     -571.89921     -2087.9776     -3095.0374     -328.7845       71820.908      41.567155      41.567155      41.567155      1.1853793      930.04892     -1265.9714     -217.73391    
     74000   74000          511.40393     -974.09665      5470.2732      6464.2373      7529.0016     -1064.7643      2967.4144      4328.1435     -2606.9928      28.774384     -567.53064     -2107.3647     -3107.2085     -337.49666      69966.919      41.20636       41.20636       41.20636       1.2167896     -1346.9458     -1197.2672     -378.07695    
     75000   75000          511.08739      414.46629      6931.2013      6501.3317      7524.3414     -1023.0097      3048.8895      4209.625      -2614.4989      27.152979     -480.04668     -2107.1411     -3106.9905     -332.04016      71116.703      41.430853      41.430853      41.430853      1.1971171      593.80106      785.15198     -135.55417    
     76000   76000          506.49645     -1400.3082      4968.125       6403.2009      7456.7526     -1053.5516      3119.5533      4178.423      -2619.8217      26.206683     -587.31252     -2076.2721     -3094.3284     -336.03683      70270.873      41.265944      41.265944      41.265944      1.2115264     -423.67585     -2025.3049     -1751.944     
     77000   77000          514.23033     -1698.8317      4780.8591      6514.4116      7570.6125     -1056.201       3150.1878      4140.1227     -2610.6102      24.346757     -551.77622     -2103.5661     -3104.9058     -337.48267      69969.819      41.206929      41.206929      41.206929      1.2167392     -524.68418     -3707.7835     -864.0275     
     78000   78000          514.80294     -463.68658      6144.8745      6627.1167      7579.0425     -951.9258       3149.5172      4197.8257     -2628.5302      25.808848     -490.73217     -2101.6734     -3104.1417     -331.12919      71312.352      41.468811      41.468811      41.468811      1.1938327     -790.7286      -934.69426      334.36311    
     79000   79000          510.83944      7.5605359      6311.3961      6303.6611      7520.691      -1217.0299      2925.1683      4193.5839     -2598.0534      27.878517     -557.54849     -2105.888      -3102.1706     -336.61397      70150.391      41.242346      41.242346      41.242346      1.2136072      1063.3238      111.95616     -1152.5983    
     80000   80000          522.23364     -699.49058      5889.2174      6610.0359      7688.439      -1078.4031      2992.4265      4334.6329     -2638.4792      27.364744     -588.7496      -2104.1373     -3101.4611     -334.19044      70659.117      41.341802      41.341802      41.341802      1.2048696      45.858297     -1367.8242     -776.5059     
     81000   81000          503.56349     -586.67273      5729.1451      6330.7358      7413.5729     -1082.8371      3025.4163      4286.2552     -2631.3555      27.433471     -587.1417      -2092.5055     -3110.9393     -335.84039      70311.977      41.273988      41.273988      41.273988      1.2108182     -46.380348     -353.32685     -1360.311     
     82000   82000          517.06118      1153.0428      7495.5654      6302.3809      7612.2888     -1309.9079      2850.87        4137.8984     -2652.5226      27.595209     -468.68953     -2100.9949     -3104.0645     -332.79437      70955.531      41.399531      41.399531      41.399531      1.1998363      1537.0835      1119.3913      802.65362    
     83000   83000          507.17808      289.34417      6670.5606      6374.8756      7466.7877     -1091.9122      2896.2734      4286.0529     -2627.7948      27.369075     -480.13104     -2095.2636     -3098.4181     -336.99504      70071.065      41.226795      41.226795      41.226795      1.2149811      873.15736      669.19483     -674.31968    
     84000   84000          505.51138      913.95125      7065.6279      6123.6811      7442.2502     -1318.5691      2875.1228      4120.671      -2593.538       27.359673     -541.96979     -2104.4531     -3101.7616     -334.14485      70668.759      41.343682      41.343682      41.343682      1.2047052      960.84505      772.65665      1008.3521    
     85000   85000          512.60381      191.35627      6481.3568      6284.0572      7546.6665     -1262.6093      2872.7315      4173.5221     -2635.1031      26.000218     -480.69996     -2109.4673     -3109.5927     -334.00622      70698.089      41.349401      41.349401      41.349401      1.2042054      1087.7734     -185.96903     -327.73558    
     86000   86000          501.02067     -1021.0912      5150.8147      6195.4623      7376.1369     -1180.6746      2985.2395      4193.316      -2596.7518      26.150266     -582.16577     -2097.7951     -3108.6677     -336.61448      70150.285      41.242326      41.242326      41.242326      1.213609      -1086.3986     -2020.8643      43.98935     
     87000   87000          518.19228     -479.70428      5980.266       6475.5264      7628.9411     -1153.4147      3048.8756      4112.4677     -2604.0413      26.566973     -537.14452     -2092.4033     -3107.7359     -333.5632       70791.986      41.367699      41.367699      41.367699      1.2026081     -1410.7893     -760.2482       731.92465    
     88000   88000          514.66243      1045.6087      7362.1899      6284.6393      7576.974      -1292.3347      2890.1923      4106.0357     -2620.3243      25.502138     -499.06872     -2097.0289     -3097.6429     -334.17168      70663.085      41.342576      41.342576      41.342576      1.2048019     -487.73308      1531.1684      2093.3909    
     89000   89000          505.12342      162.32092      6327.3857      6163.6926      7436.5385     -1272.8459      2923.3711      4096.4308     -2575.8113      26.230162     -547.44581     -2093.7377     -3101.8832     -341.49321      69148.085      41.04498       41.04498       41.04498       1.2311985      717.16173     -998.80004      768.60105    
     90000   90000          515.32089      731.38879      7128.5199      6379.7766      7586.668      -1206.8914      2961.7537      4111.886      -2576.9127      24.478713     -530.99003     -2096.504      -3100.603      -336.39806      70195.416      41.251168      41.251168      41.251168      1.2128288     -115.14327      1272.8957      1036.414     
     91000   91000          509.291       -148.00161      6243.9138      6395.2306      7497.8945     -1102.664       3032.8216      4199.8151     -2602.641       26.572602     -566.71834     -2093.4136     -3099.1003     -336.83514      70104.329      41.233318      41.233318      41.233318      1.2144046      268.81428      403.86512     -1116.6842    
     92000   92000          518.36023      382.23529      6747.062       6356.3763      7631.4138     -1275.0375      2888.1601      4135.3222     -2586.4548      27.196267     -567.79025     -2077.4773     -3093.9937     -336.9313       70084.321      41.229394      41.229394      41.229394      1.2147513      1626.089      -618.27357      138.89041    
     93000   93000          511.46886      1587.6123      7756.8341      6143.9843      7529.9576     -1385.9733      2871.3259      4138.9547     -2599.0469      26.437546     -623.41966     -2095.3837     -3104.8411     -338.99138      69658.413      41.145707      41.145707      41.145707      1.2221786      497.75981      1777.8866      2487.1904    
     94000   94000          515.58646      499.92608      6873.2594      6364.0408      7590.5777     -1226.5369      2955.3504      4243.1207     -2640.4385      27.432829     -608.31567     -2094.6998     -3108.9869     -338.09572      69842.948      41.182008      41.182008      41.182008      1.2189494      597.90055      569.70838      332.16932    
     95000   95000          516.09052     -529.40116      5912.4325      6456.3897      7597.9985     -1141.6088      2936.5682      4258.6889     -2592.2685      26.677364     -590.93782     -2081.0306     -3099.3064     -335.16469      70453.727      41.301706      41.301706      41.301706      1.2083821     -1336.0026      1129.9746     -1382.1755    
     96000   96000          517.78825      247.33506      6583.0159      6332.5729      7622.993      -1290.4201      2963.924       4213.3763     -2630.799       26.290375     -638.39478     -2109.6048     -3115.2121     -340.10638      69430.046      41.100694      41.100694      41.100694      1.2261985      366.35395      128.07447      247.57675    
     97000   97000          507.08166     -19.954321      6136.9621      6157.4108      7465.3681     -1307.9573      2970.2756      4134.6381     -2658.5523      28.998883     -588.5356      -2091.3453     -3103.4368     -336.05372      70267.342      41.265253      41.265253      41.265253      1.2115873     -1120.1666      1009.6466      50.657066    
     98000   98000          507.83059      936.18216      7225.474       6265.2333      7476.3941     -1211.1608      2993.3298      4085.9864     -2607.9215      25.658085     -512.16102     -2092.0056     -3104.0469     -335.75182      70330.526      41.277617      41.277617      41.277617      1.2104988      561.32606      89.991674      2157.2288    
     99000   99000          520.78016      1289.1217      7543.8586      6240.3811      7667.0405     -1426.6594      2887.6656      4038.0162     -2578.9882      25.089509     -585.3487      -2102.2829     -3110.8109     -340.58734      69332          41.081338      41.081338      41.081338      1.2279326     -120.94993      955.72804      3032.587     
    100000   100000         512.77868     -269.08809      5995.3316      6269.1838      7549.241      -1280.0572      2937.7902      4223.9293     -2624.1175      27.285101     -648.92912     -2087.5409     -3108.4742     -338.38911      69782.392      41.170103      41.170103      41.170103      1.2200072     -487.75108      174.82588     -494.33905    
    101000   101000         506.82131     -88.909377      6012.3353      6102.9081      7461.5352     -1358.6271      2911.6024      4109.2991     -2642.9215      25.956193     -571.72772     -2092.1863     -3098.6493     -338.05533      69851.291      41.183648      41.183648      41.183648      1.2188038     -215.93692      52.095745     -102.88696    
    102000   102000         513.80404     -1695.7736      4535.7749      6275.8451      7564.3365     -1288.4914      3008.7783      4180.0316     -2674.8541      27.119294     -640.84461     -2089.1722     -3099.5497     -335.61335      70359.542      41.283293      41.283293      41.283293      1.2099996     -1907.8084     -1238.885      -1940.6274    
    103000   103000         510.77364      1477.8704      7736.0792      6225.355       7519.7223     -1294.3674      2960.7081      4128.5539     -2641.6436      28.841881     -572.98508     -2096.426      -3101.4165     -336.89089      70092.728      41.231043      41.231043      41.231043      1.2146056      2469.2474     -328.6436       2293.0074    
    104000   104000         507.85663     -258.12109      6057.2328      6319.3544      7476.7775     -1157.4231      3014.8649      4223.9805     -2595.7808      27.154145     -629.10904     -2093.5955     -3104.9373     -339.12416      69631.14       41.140336      41.140336      41.140336      1.2226573      180.5336      -399.92414     -554.97272    
    105000   105000         505.41919     -335.21175      5792.1426      6134.0575      7440.8929     -1306.8354      2949.899       4133.3982     -2613.7846      25.609001     -590.47155     -2101.1944     -3110.291      -337.62872      69939.552      41.200987      41.200987      41.200987      1.2172657     -2027.0825      648.59617      372.85106    
    106000   106000         509.9375       1826.8956      8072.1403      6224.66        7507.4125     -1282.7524      2914.6384      4241.9011     -2665.2206      27.995599     -593.36597     -2106.7389     -3101.962      -340.54307      69341.014      41.083118      41.083118      41.083118      1.2277729      1479.3765      1816.8263      2184.4841    
    107000   107000         516.85244     -94.947688      6438.8173      6536.6033      7609.2158     -1072.6125      3115.8887      4193.9787     -2623.3066      26.823144     -584.13871     -2099.613      -3102.2447     -334.38431      70618.151      41.333811      41.333811      41.333811      1.2055685      745.01813      108.26578     -1138.127     
    108000   108000         515.88712      1526.2198      8013.0196      6446.2629      7595.0041     -1148.7412      2961.1268      4255.2284     -2669.4165      27.589941     -506.64084     -2109.4165     -3107.2125     -335.46997      70389.614      41.289174      41.289174      41.289174      1.2094827      1877.1567      2998.7611     -297.25838    
    109000   109000         515.18368     -64.003248      6291.6921      6357.8655      7584.6479     -1226.7824      2970.9144      4123.3883     -2614.3112      26.767002     -529.21006     -2099.8664     -3104.4645     -333.08662      70893.276      41.387419      41.387419      41.387419      1.2008899      47.455574      779.88127     -1019.3466    
    110000   110000         508.79629      128.30768      6359.0742      6227.6291      7490.6114     -1262.9823      2965.7414      4105.2553     -2612.1589      26.169237     -537.90955     -2106.528      -3103.5519     -336.1601       70245.106      41.260899      41.260899      41.260899      1.2119708      49.607628      618.63879     -283.32337    
    111000   111000         508.74472     -1335.9283      4900.6662      6279.4128      7489.8522     -1210.4393      2999.463       4230.9286     -2658.7453      26.787923     -597.84956     -2103.5852     -3107.4388     -333.6851       70766.125      41.362661      41.362661      41.362661      1.2030476     -949.62967     -1393.4988     -1664.6565    
    112000   112000         506.45188      1098.7014      7490.5154      6365.2345      7456.0965     -1090.8619      3014.22        4282.9745     -2674.4919      28.572224     -524.44066     -2109.9972     -3107.6989     -336.2458       70227.201      41.257393      41.257393      41.257393      1.2122798      1596.8995     -122.39393      1821.5986    
    113000   113000         511.24345     -155.14742      6208.0242      6368.5017      7526.6389     -1158.1372      2941.242       4213.5755     -2654.7974      26.98005      -486.20247     -2101.7437     -3097.1912     -332.94197      70924.077      41.393412      41.393412      41.393412      1.2003684     -424.15197      750.85244     -792.14274    
    114000   114000         513.64415      64.499531      6365.9787      6299.6714      7561.9826     -1262.3111      2917.9276      4153.1298     -2619.1022      28.041211     -540.35222     -2104.0041     -3097.9513     -334.9913       70490.193      41.308831      41.308831      41.308831      1.2077569      114.7985      -1334.5037      1413.2038    
    115000   115000         516.77892     -1490.092       4953.7627      6480.4266      7608.1334     -1127.7068      3081.8037      4162.7385     -2625.4236      27.223748     -581.07482     -2093.9764     -3098.9979     -336.13037      70251.318      41.262116      41.262116      41.262116      1.2118637      205.68866     -2592.772      -2083.1927    
    116000   116000         510.02128      1006.2213      7173.2885      6133.695       7508.6459     -1374.9509      2827.6513      4135.6626     -2634.5521      26.723825     -517.96107     -2108.4989     -3103.9766     -333.32511      70842.552      41.377546      41.377546      41.377546      1.2017498      742.20203      1862.3772      414.08452    
    117000   117000         511.74599     -1037.3327      5292.1739      6365.3125      7534.0375     -1168.725       3009.618       4144.8884     -2639.0423      26.310342     -526.39994     -2084.0934     -3100.006      -332.8897       70935.212      41.395579      41.395579      41.395579      1.20018       -1824.5379     -495.30505     -792.15506    
    118000   118000         519.92617     -821.47931      5566.7888      6413.6133      7654.4679     -1240.8546      2961.1616      4136.0794     -2610.2074      25.534636     -546.11357     -2100.9148     -3106.3944     -334.07298      70683.961      41.346647      41.346647      41.346647      1.2044461     -1312.4767     -528.56376     -623.3975     
    119000   119000         508.51965     -61.370076      6304.0218      6366.9953      7486.5386     -1119.5433      3065.939       4152.9362     -2560.8132      27.428861     -598.3169      -2098.5985     -3108.1187     -335.6114       70359.951      41.283373      41.283373      41.283373      1.2099926      637.33209      53.05047      -874.49279    
    120000   120000         507.4857      -300.71918      5839.0519      6145.911       7471.3165     -1325.4055      2915.7017      4209.5825     -2682.2255      30.088212     -606.91914     -2091.5407     -3100.0925     -337.48946      69968.411      41.206653      41.206653      41.206653      1.2167636     -1489.465       167.16653      420.14092    
    121000   121000         508.14885      2151.291       8343.5584      6128.9822      7481.0797     -1352.0974      2861.581       4105.9964     -2634.4823      26.857486     -498.42904     -2106.799      -3106.822      -334.53893      70585.512      41.327442      41.327442      41.327442      1.206126       3818.8576      216.711        2418.3045    
    122000   122000         500.26385      206.84006      6539.8619      6328.3803      7364.9949     -1036.6146      3016.1666      4299.553      -2643.5489      28.305247     -524.98633     -2107.4276     -3104.6768     -336.82183      70107.099      41.233861      41.233861      41.233861      1.2143566     -520.63751      1120.5544      20.603318    
    123000   123000         498.57443     -1430.8564      4639.9434      6092.4442      7340.1229     -1247.6787      3055.1397      4105.0665     -2609.8993      27.602902     -594.85976     -2113.8785     -3116.8502     -339.24837      69605.645      41.135314      41.135314      41.135314      1.2231051     -248.16598     -2807.6243     -1236.7789    
    124000   124000         507.50197      669.95189      6869.7855      6177.9171      7471.556      -1293.639       2956.8517      4079.4888     -2630.1882      28.331337     -507.52585     -2113.2022     -3107.3945     -333.47109      70811.541      41.371508      41.371508      41.371508      1.2022761      574.79349      145.59724      1289.4649    
    125000   125000         503.89286     -69.583298      6208.4186      6278.8944      7418.422      -1139.5275      3017.84        4226.6116     -2625.4653      26.522729     -562.49088     -2109.5842     -3112.9614     -340.0189       69447.909      41.104218      41.104218      41.104218      1.2258831     -15.482688     -1983.3073      1790.0401    
    126000   126000         510.4876       457.41143      6625.877       6157.5917      7515.5112     -1357.9195      2811.2709      4263.8243     -2656.6084      27.999013     -575.85986     -2111.3861     -3117.1594     -336.38349      70198.455      41.251763      41.251763      41.251763      1.2127763     -1973.7958      1755.1547      1590.8753    
    127000   127000         513.31489     -642.53429      5693.9316      6344.5024      7557.1352     -1212.6327      2933.5256      4224.4508     -2660.2247      27.360338     -515.58036     -2109.4673     -3112.697      -340.12601      69426.039      41.099903      41.099903      41.099903      1.2262693     -1481.874      -949.08908      503.36018    
    128000   128000         506.27035      276.92423      6348.1926      6064.7929      7453.4239     -1388.6309      2887.4231      4159.4017     -2663.9111      28.533172     -583.42759     -2104.845      -3111.8052     -336.5114       70171.773      41.246536      41.246536      41.246536      1.2132374      86.303169      79.075463      665.39405    
    129000   129000         516.63483      516.99459      6702.3339      6179.1574      7606.0121     -1426.8546      2894.911       4097.066      -2654.8206      26.983606     -587.50098     -2097.7214     -3105.7723     -340.31094      69388.311      41.092457      41.092457      41.092457      1.226936       657.62579     -348.41445      1241.7724    
    130000   130000         500.91606      516.39601      6714.8001      6187.1096      7374.5968     -1187.4872      2943.0122      4202.8179     -2613.5547      27.185461     -529.20554     -2111.2991     -3106.4435     -337.00918      70068.125      41.226218      41.226218      41.226218      1.2150321      137.85973      3237.4673     -1826.139     
    131000   131000         527.84672      1086.6912      7635.4337      6525.0532      7771.076      -1246.0228      2866.7868      4198.2946     -2657.4561      26.923652     -461.72668     -2107.4242     -3111.4209     -337.03302      70063.17       41.225247      41.225247      41.225247      1.215118       2464.3965      780.77054      14.906492    
    132000   132000         499.31146      645.11049      6721.021       6066.2882      7350.9736     -1284.6854      2953.7587      4082.426      -2582.7042      26.48806      -538.41637     -2112.9508     -3113.2868     -339.31892      69591.173      41.132463      41.132463      41.132463      1.2233595      2182.6282      1246.2487     -1493.5454    
    133000   133000         505.89706     -1437.7277      4796.9246      6264.6804      7447.9283     -1183.2479      2963.0746      4236.6341     -2606.6817      26.006538     -589.58278     -2106.3527     -3106.3459     -337.33465      70000.522      41.212956      41.212956      41.212956      1.2162055     -1362.6101      604.38218     -3554.9553    
    134000   134000         506.42965      374.11616      6309.2328      5932.7963      7455.7691     -1522.9728      2910.3968      4039.4648     -2642.8721      28.587062     -617.9873      -2126.8822     -3113.68       -342.25736      68993.699      41.014411      41.014411      41.014411      1.2339535      2263.7204     -1358.0653      216.69336    
    135000   135000         503.19757     -191.00092      5879.5301      6075.8275      7408.1858     -1332.3583      2900.3055      4155.0289     -2603.6473      25.821646     -579.14545     -2114.3579     -3116.3637     -335.08812      70469.827      41.304852      41.304852      41.304852      1.208106       334.87247     -73.883988     -833.99124    
    136000   136000         510.66225      200.87548      6347.5097      6143.1552      7518.0825     -1374.9272      2953.1472      4141.9115     -2672.1911      27.02628      -586.2696      -2124.2019     -3114.3496     -338.51738      69755.951      41.164902      41.164902      41.164902      1.2204696      1295.3926     -802.42139      109.6552     
    137000   137000         503.02761     -1394.4613      4754.3981      6172.4888      7405.6835     -1233.1947      2974.0782      4191.8333     -2615.2791      25.431934     -582.82103     -2114.8547     -3111.5832     -338.6418       69730.322      41.15986       41.15986       41.15986       1.2209182     -2000.5995     -146.6318      -2036.1524    
    138000   138000         506.0452      -294.94427      5861.0957      6160.4664      7450.1093     -1289.6429      2924.1268      4178.3039     -2619.0709      25.304164     -588.98655     -2103.4608     -3105.8596     -339.28827      69597.46       41.133702      41.133702      41.133702      1.2232489      563.22797     -473.0628      -974.99798    
    139000   139000         508.92211     -411.84114      5869.1069      6287.7175      7492.4638     -1204.7462      2986.5683      4196.1525     -2630.3816      27.612778     -578.71828     -2096.9785     -3109.0013     -338.81108      69695.482      41.153004      41.153004      41.153004      1.2215285     -1729.4665      595.48701     -101.5439     
    140000   140000         498.25433     -758.02127      5310.8791      6079.4256      7335.4103     -1255.9848      3012.7281      4083.1111     -2585.8471      24.445463     -589.04135     -2095.2873     -3106.0937     -339.66388      69520.496      41.118534      41.118534      41.118534      1.2246032     -1084.6298     -500.54891     -688.88505    
    141000   141000         508.30662     -719.30967      5558.263       6290.1404      7483.4023     -1193.262       3032.5191      4205.2538     -2647.8363      26.540975     -580.58344     -2116.1006     -3113.0555     -338.46651      69766.434      41.166964      41.166964      41.166964      1.2202862     -1880.3471     -724.17718      446.5953     
    142000   142000         495.04474     -238.70367      5776.531       6018.5107      7288.158      -1269.6473      3020.6266      4160.5166     -2657.2142      28.033308     -602.68982     -2107.7087     -3111.2112     -339.71782      69509.457      41.116357      41.116357      41.116357      1.2247976      609.69991     -1088.4906     -237.32036    
    143000   143000         511.56023     -453.07979      5704.775       6175.0189      7531.3027     -1356.2838      2940.369       4120.5044     -2658.9525      27.580672     -553.85646     -2117.535      -3114.3939     -331.81015      71166.002      41.440424      41.440424      41.440424      1.1962878     -986.77198     -643.26751      270.80012    
    144000   144000         512.75519      742.91316      7008.2531      6250.8774      7548.8951     -1298.0177      2894.9364      4204.3476     -2633.8941      25.28872      -560.16177     -2118.1018     -3110.4328     -337.80403      69903.256      41.193858      41.193858      41.193858      1.2178978      70.744308      1040.8979      1117.0973    
    145000   145000         494.52825     -226.61847      5766.8263      5998.0622      7280.5541     -1282.492       3009.4907      4154.5479     -2683.2286      28.24258      -579.76197     -2100.7681     -3111.0145     -337.50348      69965.506      41.206082      41.206082      41.206082      1.2168142      41.606811     -671.94955     -49.512681    
    146000   146000         506.703       -1210.9281      4821.0905      6070.4898      7459.7935     -1389.3038      2918.5407      4124.9036     -2645.8287      27.234503     -588.04818     -2111.047      -3115.0587     -333.77609      70746.834      41.358902      41.358902      41.358902      1.2033757     -1255.1398     -550.40833     -1827.2361    
    147000   147000         503.58324     -263.5588       5857.6273      6132.8927      7413.8637     -1280.9711      2913.1018      4149.4883     -2615.0623      26.328702     -543.03044     -2103.6694     -3108.1277     -329.73422      71614.046      41.527208      41.527208      41.527208      1.1888034      390.70419      541.06081     -1722.4414    
    148000   148000         508.4641      -1236.5488      4970.6294      6243.0979      7485.7208     -1242.623       2996.9864      4158.8665     -2685.5919      28.875018     -514.03138     -2111.6089     -3116.1188     -334.65888      70560.213      41.322504      41.322504      41.322504      1.2065584      416.98062     -1398.2455     -2728.3815    
    149000   149000         493.27828      521.44687      6487.9469      5937.6253      7262.1518     -1324.5265      2896.739       4125.6545     -2679.3109      26.452912     -473.25999     -2112.3606     -3108.4414     -326.3109       72365.347      41.671924      41.671924      41.671924      1.1764612      1090.3333      400.1813       73.825958    
    150000   150000         496.66955     -834.22046      5337.4668      6199.589       7312.0788     -1112.4898      3009.1911      4227.0531     -2651.6244      26.487763     -523.95444     -2096.696      -3102.947      -333.23464      70861.786      41.381291      41.381291      41.381291      1.2014236     -1674.6823     -391.07666     -436.90237    
    151000   151000         515.99956      495.31049      7035.9776      6520.1742      7596.6595     -1076.4853      3011.7946      4252.7347     -2611.6794      29.102424     -541.08432     -2110.799      -3106.5542     -330.69794      71405.349      41.48683       41.48683       41.48683       1.1922779      1177.2145      171.34317      137.37376    
    152000   152000         506.10623      332.92788      6580.3569      6237.5744      7451.0077     -1213.4333      2942.3291      4238.0519     -2667.7795      28.143767     -540.16132     -2102.6832     -3111.3341     -334.47962      70598.028      41.329884      41.329884      41.329884      1.2059121     -440.3927       628.62629      810.55006    
    153000   153000         503.79762      273.10762      6323.5917      6040.7171      7417.0199     -1376.3027      2958.5728      4023.7054     -2643.5355      26.244286     -519.51197     -2107.1239     -3114.6539     -332.48954      71020.585      41.412179      41.412179      41.412179      1.1987372     -354.33146      883.39186      290.26247    
    154000   154000         510.34694      929.13697      7252.8268      6285.7414      7513.4404     -1227.6989      2920.3078      4159.801      -2619.9266      24.638979     -500.14731     -2108.3439     -3104.0289     -330.8667       71368.927      41.479775      41.479775      41.479775      1.1928864     -197.61838      1882.4538      1102.5755    
    155000   155000         500.2523      -938.92115      4998.959       5970.649       7364.8249     -1394.1759      2925.0308      4133.5957     -2666.6855      27.742146     -598.85195     -2103.311      -3111.696      -332.76644      70961.488      41.400689      41.400689      41.400689      1.1997355     -899.21505     -796.33823     -1121.2102    
    156000   156000         505.26498      77.165362      6404.7539      6324.5247      7438.6226     -1114.0979      3004.211       4213.3789     -2626.781       26.478613     -513.50181     -2109.3376     -3108.5461     -331.2285       71290.971      41.464666      41.464666      41.464666      1.1941908     -767.85881      205.76147      793.59342    
    157000   157000         494.4614      -712.38744      5250.1898      5987.5135      7279.5699     -1292.0564      2964.5116      4173.7673     -2690.918       27.855842     -563.99346     -2099.9393     -3103.3404     -332.73323      70968.57       41.402066      41.402066      41.402066      1.1996158     -1625.996      -52.382076     -458.78423    
    158000   158000         501.93845     -217.51082      5842.9231      6067.5943      7389.6487     -1322.0544      2856.4276      4214.4881     -2647.3158      28.19363      -565.06419     -2101.2064     -3107.5774     -333.40454      70825.674      41.37426       41.37426       41.37426       1.2020361     -870.11064      23.58886       193.98931    
    159000   159000         512.86046     -496.65197      5665.8683      6176.9242      7550.445      -1373.5208      2914.2656      4116.4815     -2617.046       26.762835     -605.61491     -2100.664      -3107.7057     -334.67389      70557.048      41.321886      41.321886      41.321886      1.2066126      976.30003     -1539.9228     -926.33313    
    160000   160000         501.7139      -834.36499      5066.6629      5914.4588      7386.3428     -1471.884       2923.2438      4066.4989     -2639.5513      26.974178     -631.86957     -2104.1611     -3113.0189     -338.92442      69672.175      41.148416      41.148416      41.148416      1.2219372     -887.50329      587.353       -2202.9447    
    161000   161000         503.60259     -111.49226      5958.3359      6072.5143      7414.1485     -1341.6342      2876.9962      4106.3435     -2634.5424      26.377292     -490.80318     -2110.3487     -3115.657      -336.27841      70220.391      41.25606       41.25606       41.25606       1.2123974      80.903758     -2581.9283      2166.5478    
    162000   162000         510.8617       142.15567      6336.6543      6189.8907      7521.0187     -1331.128       2909.8586      4080.8301     -2639.0032      25.572358     -495.83249     -2113.815      -3098.7384     -333.56764      70791.045      41.367516      41.367516      41.367516      1.2026241      74.254415     -287.62295      639.83554    
    163000   163000         500.99378     -1534.9055      4459.4685      6045.6525      7375.741      -1330.0886      2983.4261      4113.1691     -2643.4387      25.853988     -608.28327     -2095.5034     -3105.3124     -333.24697      70859.164      41.38078       41.38078       41.38078       1.201468      -1813.0203     -2083.3942     -708.30206    
    164000   164000         512.43975     -771.50554      5568.0129      6359.4512      7544.2512     -1184.8         2966.1279      4230.6429     -2623.7928      28.651538     -559.13436     -2115.2352     -3112.06       -335.7068       70339.956      41.279462      41.279462      41.279462      1.2103366     -553.21491     -1040.7828     -720.5189     
    165000   165000         509.52355     -672.39904      5497.1789      6188.0202      7501.3182     -1313.298       2923.2865      4141.365      -2639.4584      26.955444     -568.88349     -2094.1959     -3102.3671     -335.1868       70449.08       41.300798      41.300798      41.300798      1.2084618      166.76283     -816.55396     -1367.406     
    166000   166000         501.32748      440.32866      6357.3624      5910.0742      7380.6539     -1470.5797      2862.256       4081.1729     -2658.4624      25.824195     -585.76017     -2094.2675     -3101.3428     -339.02186      69652.15       41.144473      41.144473      41.144473      1.2222885      413.0418       3023.1802     -2115.236     
    167000   167000         496.72969     -428.07986      5532.9611      5972.3665      7312.9642     -1340.5977      2919.4734      4122.3657     -2642.3186      25.700775     -560.96368     -2100.6458     -3104.2094     -335.50384      70382.508      41.287784      41.287784      41.287784      1.2096048     -1240.3329      371.90388     -415.81053    
    168000   168000         500.20171      305.82258      6441.2111      6128.35        7364.0801     -1235.7301      2937.9054      4163.3214     -2626.6431      26.894003     -533.37662     -2100.0084     -3103.8228     -336.63254      70146.52       41.241588      41.241588      41.241588      1.2136742      1644.6695      510.84598     -1238.0477    
    169000   169000         495.63624      960.9224       6929.0863      5935.3909      7296.8662     -1361.4753      2855.3984      4090.8553     -2603.8673      27.000608     -530.20559     -2096.852      -3103.8048     -333.02217      70906.997      41.390089      41.390089      41.390089      1.2006575      301.84228      1325.6787      1255.2462    
    170000   170000         492.92159     -1231.8999      4754.6076      6035.3879      7256.9005     -1221.5126      2923.7529      4225.0983     -2627.225       26.4404       -567.44489     -2092.6292     -3109.505      -331.23704      71289.134      41.46431       41.46431       41.46431       1.1942215     -1478.4396     -449.74503     -1767.515     
    171000   171000         507.20315      419.62644      6475.0906      6043.2881      7467.1568     -1423.8688      2824.5398      4160.2549     -2661.7771      26.749472     -559.02832     -2105.1512     -3109.4563     -334.66923      70558.031      41.322078      41.322078      41.322078      1.2065957      897.9944      -1425.1635      1786.0484    
    172000   172000         509.26497      716.60813      6918.6344      6187.3481      7497.5114     -1310.1633      2866.2315      4177.2155     -2621           27.139608     -540.85782     -2104.5786     -3114.3135     -337.46785      69972.892      41.207532      41.207532      41.207532      1.2166857      1947.5876     -871.12425      1073.3611    
    173000   173000         498.83964     -357.55157      5717.4157      6090.4224      7344.0273     -1253.6048      2958.0157      4170.6611     -2653.1604      26.4904       -531.26982     -2109.1509     -3115.191      -330.11114      71532.277      41.511397      41.511397      41.511397      1.1901623      28.217794     -75.293        -1025.5795    
    174000   174000         501.23438      523.82971      6530.9706      5992.5995      7379.2832     -1386.6836      2894.8629      4014.3351     -2630.5314      25.456742     -476.94648     -2104.1417     -3109.7188     -335.07846      70471.857      41.305248      41.305248      41.305248      1.2080712      15.947082      1191.6567      363.88534    
    175000   175000         508.35696      339.74751      6316.8967      5968.812       7484.1434     -1515.3314      2816.8027      4111.4549     -2654.7682      27.381775     -615.75141     -2095.5171     -3104.934      -336.13168      70251.045      41.262062      41.262062      41.262062      1.2118684     -398.69824      386.71952      1031.2212    
    176000   176000         507.34766     -303.55231      5679.578       5990.1014      7469.2843     -1479.183       2807.7809      4073.5905     -2621.6579      26.560303     -570.98259     -2094.3279     -3100.1464     -336.64902      70143.088      41.240915      41.240915      41.240915      1.2137336     -595.26106     -902.34         586.94413    
    177000   177000         511.61406      1804.8043      8031.897       6197.9999      7532.0952     -1334.0953      2763.4059      4225.2608     -2619.969       27.066611     -506.86326     -2108.2169     -3114.7795     -338.91693      69673.714      41.148719      41.148719      41.148719      1.2219102      2058.1227      1036.8316      2319.4587    
    178000   178000         500.51119     -861.6908       5128.81        6007.3109      7368.6363     -1361.3253      2938.061       4120.246      -2654.7335      26.344519     -591.20279     -2095.0482     -3104.9924     -337.79046      69906.064      41.19441       41.19441       41.19441       1.2178489     -546.52518     -268.4204      -1770.1268    
    179000   179000         500.60953     -1755.2608      4369.8185      6175.4844      7370.084      -1194.5996      3049.1526      4141.0555     -2647.475       27.781698     -560.61588     -2097.7855     -3106.7131     -334.76678      70537.471      41.318064      41.318064      41.318064      1.2069474     -2483.6296     -1936.8288     -845.32388    
    180000   180000         504.18747      72.354363      6026.381       5952.2967      7422.7593     -1470.4626      2868.1907      4070.4949     -2646.6427      27.961854     -580.6865      -2101.1579     -3108.6231     -336.3384       70207.868      41.253607      41.253607      41.253607      1.2126137      1681.6894     -822.77383     -641.85244    
    181000   181000         506.92704      76.438006      6307.9463      6229.8111      7463.0919     -1233.2808      2913.164       4255.2126     -2641.8782      27.999288     -586.63673     -2098.7056     -3102.4362     -336.8996       70090.917      41.230688      41.230688      41.230688      1.214637       1210.0267     -123.21362     -857.49907    
    182000   182000         500.95385      98.082661      6114.9554      6013.1973      7375.1532     -1361.9559      2947.4669      4060.7144     -2659.4505      26.365658     -528.86144     -2100.0066     -3108.1843     -331.94145      71137.851      41.434959      41.434959      41.434959      1.1967612     -347.4766       957.37534     -315.65075    
    183000   183000         513.48592     -173.5629       5937.3308      6112.9504      7559.6532     -1446.7028      2881.4217      4101.0134     -2676.4391      26.263706     -577.32822     -2100.6529     -3100.9814     -340.34722      69380.915      41.090997      41.090997      41.090997      1.2270668      860.81886     -67.620608     -1313.887     
    184000   184000         503.12199     -914.56169      5079.1221      6027.5554      7407.073      -1379.5176      2937.9331      4003.7916     -2638.895       25.955532     -509.84171     -2097.1924     -3101.2687     -332.08122      71107.91       41.429145      41.429145      41.429145      1.1972651     -170.61385     -741.94851     -1831.1227    
    185000   185000         507.63906     -1263.7944      4897.3657      6198.3313      7473.5743     -1275.243       2989.7608      4130.07       -2652.5083      28.054305     -599.01746     -2080.412      -3091.1904     -334.54053      70585.175      41.327376      41.327376      41.327376      1.2061317     -1246.4291     -984.38876     -1560.5654    
    186000   186000         512.72445      873.95359      7107.4228      6210.8342      7548.4426     -1337.6083      2944.9864      4155.5804     -2649.9186      27.867089     -612.99597     -2099.4564     -3103.6713     -335.68606      70344.303      41.280313      41.280313      41.280313      1.2102618      744.59223      1148.3888      728.87976    
    187000   187000         504.63059      394.93243      6436.9482      6029.7786      7429.283      -1399.5044      2848.075       4133.5761     -2620.3995      29.239153     -607.27977     -2085.1895     -3097.5259     -334.0301       70693.036      41.348416      41.348416      41.348416      1.2042915      449.16441      19.033963      716.5989     
    188000   188000         505.29118      584.70054      6829.4828      6236.8102      7439.0083     -1202.1981      2939.5503      4185.3035     -2632.7477      27.664331     -540.02241     -2088.3364     -3093.6098     -339.74789      69503.306      41.115145      41.115145      41.115145      1.224906      -1199.0181     -93.734519      3046.8542    
    189000   189000         507.62601     -480.82258      5543.2217      6042.2948      7473.3823     -1431.0874      2847.299       4117.5062     -2668.0743      26.668185     -555.38629     -2098.552      -3100.5482     -331.78655      71171.063      41.441406      41.441406      41.441406      1.1962027     -1298.1949     -636.41022      492.13741    
    190000   190000         494.36399      1051.0881      7020.2362      5952.8041      7278.1358     -1325.3317      2850.3933      4156.6948     -2635.1359      28.1667       -515.34213     -2102.8972     -3107.2114     -339.10719      69634.625      41.141022      41.141022      41.141022      1.2225961      220.30795      1447.5233      1485.4331    
    191000   191000         503.96133      676.96602      6720.3463      6030.1114      7419.43       -1389.3187      2977.0072      4041.573      -2638.0112      25.453021     -577.15239     -2106.7861     -3111.4022     -337.75986      69912.398      41.195654      41.195654      41.195654      1.2177385      1445.9984      994.30371     -409.40407    
    192000   192000         507.8479      -1332.6918      4718.0171      6098.0104      7476.6489     -1378.6386      2914.1902      4098.4301     -2654.7979      26.826111     -565.54843     -2091.5509     -3106.1878     -332.57598      71002.127      41.408591      41.408591      41.408591      1.1990489      441.88188     -1914.3712     -2525.5859    
    193000   193000         503.85796      1304.0497      7215.1295      5885.379       7417.9082     -1532.5292      2782.8225      4118.3273     -2666.192       26.617368     -584.07924     -2106.51       -3103.5152     -337.72413      69919.795      41.197107      41.197107      41.197107      1.2176097      1366.3091      2409.626       136.21396    
    194000   194000         504.12355     -185.06174      5988.9119      6178.2975      7421.8182     -1243.5207      2941.6172      4155.7926     -2638.5633      25.636922     -527.21816     -2100.2302     -3100.5557     -336.51759      70170.482      41.246283      41.246283      41.246283      1.2132597      730.40808      146.09624     -1431.6895    
    195000   195000         502.04294      1707.0188      7646.5349      5917.0879      7391.1871     -1474.0992      2892.4381      4074.2014     -2657.4245      26.909853     -610.41703     -2100.4439     -3099.3631     -339.91408      69469.324      41.108443      41.108443      41.108443      1.2255052      979.48053      1777.5354      2364.0404    
    196000   196000         503.44875     -846.884        5154.8639      6017.9226      7411.8836     -1393.961       2934.1567      4189.3732     -2679.3765      28.073371     -661.307       -2097.1981     -3107.6827     -337.92606      69878.013      41.188899      41.188899      41.188899      1.2183377     -627.774       -819.86568     -1093.0123    
    197000   197000         497.27887     -514.67483      5366.8934      5894.1104      7321.0494     -1426.939       2878.2138      4146.8644     -2704.7563      27.835893     -581.64708     -2092.0914     -3101.3583     -336.18756      70239.367      41.259776      41.259776      41.259776      1.2120699      286.83048     -833.93069     -996.92428    
    198000   198000         503.34826     -1272.824       4796.8051      6107.4259      7410.4043     -1302.9784      2967.3188      4203.4321     -2657.8747      27.400103     -656.12975     -2087.5299     -3099.5951     -334.44864      70604.567      41.33116       41.33116       41.33116       1.2058005     -1776.1786     -510.81572     -1531.4778    
    199000   199000         494.98779      627.01286      6518.6975      5878.9114      7287.3196     -1408.4082      2851.9621      4139.5035     -2678.8628      27.471551     -537.33193     -2104.8071     -3106.3434     -337.50466      69965.261      41.206034      41.206034      41.206034      1.2168184     -257.80676      1652.0077      486.83765    
    200000   200000         489.20627      980.87221      6760.3547      5756.7277      7202.2028     -1445.4752      2905.6438      4067.3444     -2689.7621      26.132346     -539.9588      -2108.6471     -3106.2276     -336.57216      70159.105      41.244054      41.244054      41.244054      1.2134565      928.72166      802.49714      1211.3978    
    201000   201000         496.77143      124.31367      6071.6974      5947.1759      7313.5788     -1366.4029      2940.9087      4133.9747     -2643.2712      27.120805     -611.41552     -2106.7042     -3107.0161     -343.80526      68683.073      40.952766      40.952766      40.952766      1.2395342      773.67357     -851.3587       450.62615    
    202000   202000         497.91219      265.80062      6016.8045      5750.5207      7330.3733     -1579.8525      2843.3394      4033.2473     -2630.3005      26.094203     -649.44665     -2102.1607     -3100.6255     -343.75536      68693.043      40.954747      40.954747      40.954747      1.2393543      901.98488     -422.77652      318.1935     
    203000   203000         501.19313     -268.7054       5537.3038      5807.3024      7378.6759     -1571.3735      2940.3005      3999.5428     -2650.8473      28.144935     -681.36257     -2104.1869     -3102.965      -342.73073      68898.409      40.99552       40.99552       40.99552       1.2356602      677.81133     -585.05976     -898.86778    
    204000   204000         495.77212     -946.20716      4828.3083      5793.3844      7298.8666     -1505.4822      2872.3672      4083.3199     -2660.1687      28.101221     -612.08201     -2107.1516     -3109.8683     -337.64693      69935.781      41.200246      41.200246      41.200246      1.2173314      313.93299     -953.89929     -2198.6552    
    205000   205000         506.17227      1584.6436      7597.4457      5980.8758      7451.98       -1471.1042      2887.2219      4053.5679     -2645.5876      26.068391     -586.87525     -2104.0137     -3101.4859     -337.57887      69949.881      41.203015      41.203015      41.203015      1.217086       164.38771      3001.4239      1588.1193    
    206000   206000         499.66427     -542.53183      5353.6765      5909.9216      7356.1677     -1446.246       2905.4128      4085.8083     -2665.5868      26.986718     -579.91532     -2106.6718     -3112.28       -335.89006      70301.579      41.271954      41.271954      41.271954      1.2109973     -1134.564       452.33877     -945.37029    
    207000   207000         502.50537     -540.33675      5403.2218      5946.6041      7397.995      -1451.3909      2839.5253      4191.604      -2668.8732      28.499687     -632.14098     -2100.3748     -3109.631      -342.44998      68954.894      41.00672       41.00672       41.00672       1.234648       317.48251     -1553.1243     -385.36851    
    208000   208000         503.86961     -742.28914      5124.6762      5873.4787      7418.0797     -1544.6009      2870.3681      4092.6562     -2660.3801      26.47715      -640.42543     -2111.9409     -3121.3558     -341.3846       69170.085      41.049333      41.049333      41.049333      1.2308069     -120.19205     -794.56375     -1312.1116    
    209000   209000         498.81377     -415.24862      5577.7292      6002.6598      7343.6465     -1340.9866      2962.6065      4121.2933     -2664.3518      26.678268     -573.57998     -2105.9808     -3107.6521     -336.5335       70167.165      41.245633      41.245633      41.245633      1.2133171     -780.77895      625.19437     -1090.1613    
    210000   210000         496.46654      739.21873      6719.031       5958.7185      7309.09       -1350.3715      2853.4579      4150.0025     -2623.657       27.025709     -543.66509     -2105.3924     -3108.1431     -334.82583      70525.03       41.315634      41.315634      41.315634      1.2071603      1184.1227      37.649161      995.88437    
    211000   211000         500.0428       1982.4684      8066.9961      6058.2895      7361.7406     -1303.4511      2923.8019      4092.5183     -2601.3677      26.794169     -514.1304      -2116.2886     -3114.7788     -339.88179      69475.925      41.109745      41.109745      41.109745      1.2253888      1240.5112      2459.2961      2247.598     
    212000   212000         498.62879      1131.5173      7120.9262      5966.1902      7340.9231     -1374.733       2854.7026      4126.1125     -2632.5359      25.755815     -524.68746     -2116.8627     -3107.2178     -337.45557      69975.44       41.208032      41.208032      41.208032      1.2166414      2571.6684      268.13026      554.75313    
    213000   213000         493.37636      107.34146      5954.4795      5845.3147      7263.5957     -1418.281       2937.0604      4110.2058     -2639.8208      25.651315     -636.33085     -2106.5151     -3108.5318     -338.62821      69733.12       41.160411      41.160411      41.160411      1.2208692      461.12981     -918.77121      779.66577    
    214000   214000         499.09937      8.6762049      5998.2306      5989.3785      7347.8511     -1358.4726      2811.0663      4189.6224     -2596.3903      26.469313     -575.96645     -2100.624      -3112.6499     -337.53709      69958.54       41.204715      41.204715      41.204715      1.2169353     -692.62784      989.18086     -270.5244     
    215000   215000         492.57663     -475.7164       5223.8278      5709.6389      7251.822      -1542.1831      2828.8028      4103.932      -2684.5662      27.340767     -612.90182     -2097.9851     -3106.8056     -337.22429      70023.431      41.217451      41.217451      41.217451      1.2158076     -837.29437     -1286.7855      696.93066    
    216000   216000         494.87935     -32.99509       6015.7185      6049.624       7285.7231     -1236.0991      2900.1361      4189.6094     -2670.0434      27.070479     -477.26183     -2103.3564     -3102.2535     -335.1324       70460.515      41.303032      41.303032      41.303032      1.2082656     -242.77121      59.759269      84.026666    
    217000   217000         496.23269      770.76711      6533.1605      5738.9202      7305.6472     -1566.7271      2813.4105      4051.3274     -2662.7478      27.469025     -599.16889     -2095.3451     -3101.6723     -334.20226      70656.618      41.341315      41.341315      41.341315      1.2049122      901.68281     -296.1295       1706.748     
    218000   218000         491.22281      42.487548      5845.4339      5801.9484      7231.8906     -1429.9423      2975.5306      4028.7083     -2668.7265      26.445887     -585.43964     -2099.9211     -3106.5398     -336.47698      70178.951      41.247942      41.247942      41.247942      1.2131133      703.80608     -416.19181     -160.15163    
    219000   219000         506.22738      498.13815      6405.8538      5899.6287      7452.7913     -1553.1625      2835.0422      4063.6229     -2659.1864      26.439029     -587.72091     -2117.6776     -3113.6818     -338.87871      69681.574      41.150266      41.150266      41.150266      1.2217723      1622.404       157.63485     -285.62438    
    220000   220000         499.40391     -1011.4807      4744.0347      5778.4928      7352.3346     -1573.8418      2956.8226      3964.2678     -2628.6871      25.379972     -683.50439     -2100.9063     -3107.2144     -336.73079      70126.055      41.237577      41.237577      41.237577      1.2140284     -1191.6548     -193.61093     -1649.1763    
    221000   221000         495.27388     -167.00134      5737.1765      5907.2882      7291.5314     -1384.2432      2889.5096      4138.358      -2613.6776      25.828895     -594.4036      -2116.15       -3113.7085     -338.08347      69845.477      41.182505      41.182505      41.182505      1.2189053     -525.8193      -1623.2063      1648.0215    
    222000   222000         490.80782      558.70748      6444.9094      5879.0782      7225.7811     -1346.7029      2935.4571      4150.6232     -2635.5023      25.584579     -610.04582     -2105.3225     -3107.4972     -340.04446      69442.689      41.103188      41.103188      41.103188      1.2259753      1231.6745      500.60838     -56.160474    
    223000   223000         500.59646      131.79497      6126.9393      5993.7573      7369.8917     -1376.1344      2946.949       4115.7211     -2633.4114      26.217516     -611.80948     -2106.6423     -3113.1587     -340.79343      69290.074      41.073055      41.073055      41.073055      1.2286756      817.77346     -265.26595     -157.12261    
    224000   224000         510.25746      109.81167      5972.7843      5862.1947      7512.123      -1649.9283      2786.0354      4003.2569     -2604.0848      25.208695     -646.0613      -2106.7409     -3107.5423     -341.95756      69054.188      41.026394      41.026394      41.026394      1.2328726      2594.9699     -1250.8424     -1014.6925    
    225000   225000         501.57579      945.24812      6924.7392      5962.4939      7384.3096     -1421.8157      2876.4235      4093.1715     -2635.7966      25.804646     -577.95032     -2100.4656     -3103.0029     -338.29702      69801.388      41.173838      41.173838      41.173838      1.2196752      1304.0619      1098.8497      432.83278    
    226000   226000         498.4962      -2475.4051      3369.738       5898.933       7338.9712     -1440.0381      2970.4609      4042.6247     -2599.7422      24.145304     -678.14906     -2091.5086     -3107.8692     -337.05602      70058.388      41.224309      41.224309      41.224309      1.2152009     -1009.9992     -3073.202      -3343.0142    
    227000   227000         503.85196      148.47306      6078.6377      5928.765       7417.8198     -1489.0548      2880.0493      4040.5575     -2605.2403      25.5971       -634.78581     -2094.2159     -3101.0166     -341.16397      69214.817      41.05818       41.05818       41.05818       1.2300115      228.53558      959.54478     -742.66116    
    228000   228000         491.75364      1628.7928      7268.9901      5606.7626      7239.7057     -1632.943       2732.1636      4018.3879     -2640.5771      26.824368     -545.27717     -2111.08       -3113.3847     -337.45318      69975.935      41.20813       41.20813       41.20813       1.2166328      2383.28        60.951823      2442.1467    
    229000   229000         503.54494     -114.57847      5758.4912      5875.005       7413.2998     -1538.2949      2842.3402      4031.9379     -2628.7485      26.114972     -602.84083     -2101.8515     -3105.2471     -338.66003      69726.568      41.159122      41.159122      41.159122      1.2209839     -1087.3448      1642.5362     -898.92682    
    230000   230000         489.39462     -393.229        5488.1092      5890.656       7204.9757     -1314.3198      2918.8126      4183.6054     -2634.0891      27.685251     -593.48317     -2107.0706     -3109.78       -336.40875      70193.185      41.250731      41.250731      41.250731      1.2128673     -267.71681     -664.63118     -247.33902    
    231000   231000         498.66799      276.07601      6106.0693      5822.8847      7341.5003     -1518.6156      2916.1884      3977.3239     -2620.6724      24.854501     -600.10443     -2107.3649     -3108.8407     -335.73545      70333.954      41.278288      41.278288      41.278288      1.2104398      1177.3144      131.19153     -480.27792    
    232000   232000         492.3833      -403.44034      5425.6549      5838.8496      7248.9757     -1410.1261      2948.149       4101.3824     -2645.0086      26.993951     -621.74615     -2112.4047     -3107.492      -336.25025      70226.272      41.257211      41.257211      41.257211      1.2122959      123.89205     -1364.0374      29.82433     
    233000   233000         504.23098      17.845266      5940.3717      5922.2269      7423.3998     -1501.1729      2945.3999      4008.8146     -2631.608       25.294989     -627.00403     -2109.6331     -3112.4372     -338.69581      69719.202      41.157672      41.157672      41.157672      1.2211129     -1665.5577      304.95562      1414.1379    
    234000   234000         497.25065     -303.48481      5614.2322      5924.9352      7320.6339     -1395.6987      2894.009       4094.1795     -2633.37        25.25956      -555.09388     -2112.8093     -3107.8735     -336.37957      70199.274      41.251924      41.251924      41.251924      1.2127621      401.9245      -1073.213      -239.16588    
    235000   235000         491.44127     -13.589805      5774.7939      5788.7264      7235.1069     -1446.3805      2942.9457      4036.1708     -2672.3586      25.707507     -577.82958     -2100.371      -3100.6454     -335.90929      70297.554      41.271166      41.271166      41.271166      1.2110666      651.25854     -604.82854     -87.199424    
    236000   236000         498.71019      57.836357      5995.29        5936.8463      7342.1216     -1405.2753      2906.0052      4114.4834     -2620.2299      24.695083     -608.3858      -2107.8022     -3114.041      -340.80156      69288.42       41.072728      41.072728      41.072728      1.2287049     -509.25706      723.24314     -40.477017    
    237000   237000         501.19408      1106.1951      7093.2033      5977.2162      7378.69       -1401.4738      2922.9382      4083.574      -2668.4896      27.411964     -558.38621     -2107.5237     -3100.9984     -341.35848      69175.378      41.05038       41.05038       41.05038       1.2307127      531.89033      1620.5472      1166.1478    
    238000   238000         505.29939     -738.18956      5127.8426      5886.0874      7439.1292     -1553.0418      2839.5943      4052.5235     -2647.4803      25.739153     -601.88318     -2110.0869     -3111.4483     -335.27146      70431.29       41.297321      41.297321      41.297321      1.208767      -1032.7951     -1898.4659      716.69238    
    239000   239000         492.68244      343.54451      6162.0009      5813.2855      7253.3796     -1440.0941      2778.0591      4133.3503     -2601.978       25.20544      -535.8282      -2121.8796     -3117.0232     -339.27353      69600.484      41.134298      41.134298      41.134298      1.2231958      649.96928     -501.1551       881.81934    
    240000   240000         503.36697      360.09457      6284.3208      5918.0596      7410.6798     -1492.6202      2922.0795      4098.6894     -2699.8374      26.908705     -633.26226     -2100.8111     -3106.3869     -338.58194      69742.649      41.162285      41.162285      41.162285      1.2207024     -1465.214       2935.7615     -390.26374    
    241000   241000         496.35766      351.60082      6219.9779      5860.5324      7307.487      -1446.9546      2884.7452      4095.9101     -2640.3034      25.415333     -578.8485      -2115.7123     -3118.161      -336.86427      70098.268      41.232129      41.232129      41.232129      1.2145096      360.55173      106.52385      587.72686    
    242000   242000         491.40614      186.47172      5890.5506      5698.9719      7234.5898     -1535.6179      2852.2682      4046.8852     -2640.7433      25.769183     -596.766       -2115.5059     -3107.5253     -335.19983      70446.342      41.300263      41.300263      41.300263      1.2085087     -1132.3817      1037.1458      654.65105    
    243000   243000         492.44743      612.91301      6462.4584      5837.9815      7249.9198     -1411.9383      2819.4056      4105.4144     -2609.6343      26.018143     -525.74569     -2113.5023     -3113.8942     -338.00304      69862.098      41.185772      41.185772      41.185772      1.2186153      812.51585      1097.0911     -70.867873    
    244000   244000         500.14179      387.8891       6017.0766      5626.7807      7363.1978     -1736.4172      2801.4427      3986.8708     -2663.8454      27.633707     -650.44289     -2121.5879     -3116.4882     -342.25645      68993.884      41.014448      41.014448      41.014448      1.2339502      104.60255     -410.45956      1469.5243    
    245000   245000         499.75324     -225.98367      5692.694       5924.4736      7357.4776     -1433.004       2908.5825      4096.191      -2637.8307      26.051406     -583.19166     -2121.5655     -3121.2411     -335.76857      70327.017      41.276931      41.276931      41.276931      1.2105592      517.90903     -550.02546     -645.83458    
    246000   246000         500.16779     -1011.8925      4829.0682      5858.678       7363.5807     -1504.9026      2913.9211      4068.7914     -2642.3736      27.631204     -650.6838      -2106.2109     -3115.978      -338.45414      69768.985      41.167466      41.167466      41.167466      1.2202416     -1777.5061     -1359.8161      101.64466    
    247000   247000         497.25865     -630.60409      5151.348       5801.123       7320.7516     -1519.6286      2912.9609      4039.5877     -2674.1792      26.438854     -617.90295     -2096.0087     -3110.5253     -334.2196       70652.952      41.3406        41.3406        41.3406        1.2049747     -1439.4178     -151.71958     -300.67493    
    248000   248000         497.72342     -404.15514      5646.485       6057.7599      7327.5942     -1269.8343      2876.3295      4221.8329     -2631.022       24.926486     -536.78492     -2115.4529     -3109.6634     -338.41843      69776.347      41.168914      41.168914      41.168914      1.2201129     -1808.4969      896.31157     -300.28004    
    249000   249000         499.84922      315.59357      6126.3403      5805.6255      7358.8906     -1553.2651      2790.5819      4107.4289     -2645.5656      25.558038     -631.96715     -2094.7625     -3104.5387     -338.88109      69681.085      41.15017       41.15017       41.15017       1.2217809      240.7756       363.804        342.20112    
    250000   250000         487.2922      -61.193173      5806.3033      5868.339       7174.0233     -1305.6843      2853.0502      4237.2666     -2575.7921      28.497612     -650.95281     -2091.6476     -3106.1062     -339.7027       69512.551      41.116967      41.116967      41.116967      1.2247431     -540.11881     -487.29963      843.83892    
Loop time of 704.199 on 1 procs for 250000 steps with 4940 atoms

Performance: 30.673 ns/day, 0.782 hours/ns, 355.013 timesteps/s, 1.754 Matom-step/s
100.0% CPU use with 1 MPI tasks x 1 OpenMP threads

MPI task timing breakdown:
Section |  min time  |  avg time  |  max time  |%varavg| %total
---------------------------------------------------------------
Pair    | 257.03     | 257.03     | 257.03     |   0.0 | 36.50
Bond    | 91.078     | 91.078     | 91.078     |   0.0 | 12.93
Kspace  | 201.5      | 201.5      | 201.5      |   0.0 | 28.61
Neigh   | 59.568     | 59.568     | 59.568     |   0.0 |  8.46
Comm    | 7.4606     | 7.4606     | 7.4606     |   0.0 |  1.06
Output  | 2.4121     | 2.4121     | 2.4121     |   0.0 |  0.34
Modify  | 65.125     | 65.125     | 65.125     |   0.0 |  9.25
Other   |            | 20.02      |            |       |  2.84

Nlocal:           4940 ave        4940 max        4940 min
Histogram: 1 0 0 0 0 0 0 0 0 0
Nghost:          13951 ave       13951 max       13951 min
Histogram: 1 0 0 0 0 0 0 0 0 0
Neighs:              0 ave           0 max           0 min
Histogram: 1 0 0 0 0 0 0 0 0 0
FullNghs:  2.22064e+06 ave 2.22064e+06 max 2.22064e+06 min
Histogram: 1 0 0 0 0 0 0 0 0 0

Total # of neighbors = 2220644
Ave neighs/atom = 449.52308
Ave special neighs/atom = 5.9797571
Neighbor list builds = 9792
Dangerous builds = 0

# --- Cleanup ---
unfix npt_fix

undump dump_npt

# --- Write Output ---
write_dump all custom cool_block_03_last.dump id type mol x y z xu yu zu vx vy vz modify sort id
write_data /home/arz2/PolyJarvis_v2/data/sPVC_3/attempts/cooling/attempt-0001/work/cool_block_03/cool_block_03_out.data
System init for write_data ...
PPPM Kokkos initialization ...
  using 12-bit tables for long-range coulomb
  G vector (1/distance) = 0.29390858
  grid = 27 27 27
  stencil order = 5
  estimated absolute RMS force accuracy = 0.00038991175
  estimated relative force accuracy = 1.1742077e-06
  using double precision cuFFT
  3d grid and FFT values/proc = 39304 19683
Generated 6 of 6 mixed pair_coeff terms from sixthpower/sixthpower mixing rule
write_restart /home/arz2/PolyJarvis_v2/data/sPVC_3/attempts/cooling/attempt-0001/work/cool_block_03/cool_block_03_out.restart
System init for write_restart ...
PPPM Kokkos initialization ...
  using 12-bit tables for long-range coulomb
  G vector (1/distance) = 0.29390858
  grid = 27 27 27
  stencil order = 5
  estimated absolute RMS force accuracy = 0.00038991175
  estimated relative force accuracy = 1.1742077e-06
  using double precision cuFFT
  3d grid and FFT values/proc = 39304 19683
Generated 6 of 6 mixed pair_coeff terms from sixthpower/sixthpower mixing rule

print "STAGE COMPLETE: NPT T=521.0->496.0K P=1.0->1.0atm steps=250000"
STAGE COMPLETE: NPT T=521.0->496.0K P=1.0->1.0atm steps=250000
quit
