units real
atom_style full
boundary p p p

# --- Force Field Styles ---
pair_style lj/class2/coul/long 9.5 9.5
kspace_style pppm 1e-6
dielectric 1.000000
bond_style class2
angle_style class2
dihedral_style class2
improper_style class2
special_bonds lj/coul 0 0 1
pair_modify mix sixthpower tail yes
neighbor 2.0 bin
neigh_modify delay 0 every 1 check yes
neigh_modify one 4000
# KOKKOS: package loaded via -pk kokkos on the command line

read_data /home/arz2/PolyJarvis_v2/data/aPS_3/attempts/cooling/attempt-0001/work/cool_block_07/cool_block_07_out.data
Reading data file ...
  orthogonal box = (4.8279602 4.8279602 4.8279602) to (49.45591 49.45591 49.45591)
  1 by 1 by 1 MPI processor grid
  reading atoms ...
  7860 atoms
  reading velocities ...
  7860 velocities
  scanning bonds ...
  4 = max bonds/atom
  scanning angles ...
  14 = max angles/atom
  scanning dihedrals ...
  34 = max dihedrals/atom
  scanning impropers ...
  11 = max impropers/atom
  orthogonal box = (4.8279602 4.8279602 4.8279602) to (49.45591 49.45591 49.45591)
  1 by 1 by 1 MPI processor grid
  reading bonds ...
  8340 bonds
  reading angles ...
  14700 angles
  reading dihedrals ...
  23430 dihedrals
  reading impropers ...
  6860 impropers
Finding 1-2 1-3 1-4 neighbors ...
  special bond factors lj:    0        0        1       
  special bond factors coul:  0        0        1       
     4 = max # of 1-2 neighbors
     8 = max # of 1-3 neighbors
    12 = max # of special neighbors
  special bonds CPU = 0.004 seconds
  read_data CPU = 0.286 seconds


# --- Thermo Output ---
thermo_style custom step time temp press enthalpy etotal ke pe ebond eangle edihed eimp evdwl ecoul elong etail vol lx ly lz density pxx pyy pzz
thermo_modify flush yes
thermo 1000

# --- Trajectory ---
dump dump_npt all custom 1000 cool_block_08.dump id type mol x y z ix iy iz vx vy vz


# --- Restart Checkpointing ---
restart 10000 npt_1.rst npt_2.rst

# --- Initial Velocities (optional) ---
# Velocities read from data file

# --- SHAKE Constraints ---
# SHAKE disabled

# --- NPT Thermostat + Barostat (Nose-Hoover) ---
# T_damp = 100.0 fs  (heat bath coupling)
# P_damp = 1000.0 fs  (pressure bath coupling, ~10x T_damp typical)
# Ramp: T=398.0->373.0K  P=1.0->1.0atm
timestep 1.0
fix npt_fix all npt temp 398.0 373.0 100.0 iso 1.0 1.0 1000.0

run 250000
PPPM Kokkos initialization ...
  using 12-bit tables for long-range coulomb
  G vector (1/distance) = 0.29584806
  grid = 30 30 30
  stencil order = 5
  estimated absolute RMS force accuracy = 0.00038193932
  estimated relative force accuracy = 1.1501989e-06
  using double precision cuFFT
  3d grid and FFT values/proc = 50653 27000
Generated 6 of 6 mixed pair_coeff terms from sixthpower/sixthpower mixing rule
Neighbor list info ...
  update: every = 1 steps, delay = 0 steps, check = yes
  max neighbors/atom: 4000, page size: 100000
  master list distance cutoff = 11.5
  ghost atom cutoff = 11.5
  binsize = 11.5, bins = 4 4 4
  1 neighbor lists, perpetual/occasional/extra = 1 0 0
  (1) pair lj/class2/coul/long/kk, perpetual
      attributes: full, newton off, kokkos_device
      pair build: full/bin/kk/device
      stencil: full/bin/3d
      bin: kk/device
Per MPI rank memory allocation (min/avg/max) = 46.46 | 46.46 | 46.46 Mbytes
   Step          Time           Temp          Press         Enthalpy        TotEng         KinEng         PotEng         E_bond        E_angle        E_dihed        E_impro         E_vdwl         E_coul         E_long         E_tail         Volume           Lx             Ly             Lz          Density          Pxx            Pyy            Pzz      
         0   0              399.6362       102.74843      16492.242      16359.052      9361.952       6997.1         4395.1792      3919.0794     -2007.4091      331.09474      493.2167       4618.6609     -4752.7219     -485.3808       88883.431      44.62795       44.62795       44.62795       0.95382228     778.20332     -1153.9282      683.97017    
      1000   1000           394.00205     -689.71351      15232.802      16120.971      9229.9655      6891.0059      4393.1755      3970.0051     -2060.7864      327.89515      394.16392      4619.698      -4753.1454     -488.59838      88298.105      44.529771      44.529771      44.529771      0.96014515    -1367.9948     -480.6999      -220.44586    
      2000   2000           393.84955     -725.02884      15367.572      16309.102      9226.3929      7082.7087      4446.287       3996.3078     -2053.5708      326.43483      512.55064      4611.3414     -4756.6421     -484.50762      89043.616      44.654743      44.654743      44.654743      0.9521064      252.47103     -1620.1932     -807.36438    
      3000   3000           399.06552     -1078.2552      14966.386      16353.884      9348.5832      7005.3004      4355.6939      4017.8673     -2035.7958      343.67801      445.5456       4631.6532     -4753.3419     -488.95482      88233.737      44.518948      44.518948      44.518948      0.96084559    -2128.9603      243.83693     -1349.6423    
      4000   4000           396.48646      208.07104      16679.17       16411.546      9288.1657      7123.3808      4407.9989      4033.9051     -1956.0527      332.05002      432.45618      4628.6782     -4755.655      -489.17802      88193.477      44.512176      44.512176      44.512176      0.96128421     686.10036     -220.65706      158.76983    
      5000   5000           399.23847      698.43972      17200.304      16306.303      9352.6348      6953.6683      4325.283       4045.2795     -2087.3843      324.97867      497.1529       4609.4343     -4761.0757     -491.55269      87767.419      44.440381      44.440381      44.440381      0.96595067     1821.2284      677.11991     -403.02918    
      6000   6000           399.9924       27.017266      16373.199      16338.413      9370.2964      6968.1167      4254.2546      3992.0533     -1990.6671      339.31276      501.05965      4629.1351     -4757.0316     -488.67496      88284.267      44.527445      44.527445      44.527445      0.96029564    -626.66284      1824.3874     -1116.6728    
      7000   7000           392.43664      456.49626      16683.9        16098.037      9193.2937      6904.7432      4238.4006      4067.7627     -2036.8397      339.775        426.75727      4626.2491     -4757.3618     -490.25355      87999.998      44.479601      44.479601      44.479601      0.96339771    -677.05089      1570.7883      475.75141    
      8000   8000           396.15208      196.67431      16549.707      16296.696      9280.3324      7016.3638      4463.829       4002.8232     -2114.3622      316.4939       492.32173      4615.8762     -4760.6181     -489.08911      88209.51       44.514873      44.514873      44.514873      0.96110949     1000.9934      712.72482     -1123.6953    
      9000   9000           390.96956      1298.1673      17781.658      16122.074      9158.9256      6963.148       4378.8243      3992.964      -2041.1055      344.12601      425.41279      4622.1352     -4759.2088     -492.16488      87658.248      44.421948      44.421948      44.421948      0.96715368     1613.3656      556.05817      1725.0782    
     10000   10000          401.7321       380.51036      16785.953      16291.84       9411.051       6880.7888      4346.4242      4036.2014     -2161.3441      326.67391      460.9854       4625.6521     -4753.8041     -484.52808      89039.858      44.654115      44.654115      44.654115      0.95214659    -43.941636      883.50271      301.97001    
     11000   11000          395.91431      1593.9043      18283.506      16225.289      9274.7624      6950.5262      4366.808       3983.631      -2156.1695      319.86707      566.89762      4622.8987     -4753.4066     -487.24826      88542.771      44.570862      44.570862      44.570862      0.95749203     2282.8146      1799.3668      699.53143    
     12000   12000          392.21949     -311.89438      15690.877      16092.73       9188.2067      6904.5231      4351.6874      3971.1981     -2034.3685      334.53722      413.04413      4627.542      -4759.1171     -488.33741      88345.292      44.537702      44.537702      44.537702      0.95963231     700.02248     -1000.7644     -634.94122    
     13000   13000          398.3192       994.48256      17689.96       16402.811      9331.0998      7071.7117      4427.6852      3947.6775     -2001.3838      338.16084      493.94142      4619.747      -4754.1164     -486.12481      88747.397      44.605171      44.605171      44.605171      0.95528433     307.27343      2138.5403      537.63393    
     14000   14000          391.2813      -161.81809      15835.769      16045.15       9166.2286      6878.9216      4301.2802      3900.9662     -2025.323       328.71941      491.42611      4632.5856     -4750.7328     -486.25974      88722.769      44.601045      44.601045      44.601045      0.95554949    -487.52221     -379.12893      381.19687    
     15000   15000          395.91531      133.66789      16432.336      16260.861      9274.7857      6986.0756      4359.3878      4022.2622     -2030.9061      319.82081      449.50627      4625.2788     -4759.2741     -490.46394      87962.248      44.47324       44.47324       44.47324       0.96381117    -658.1401       485.19382      573.94995    
     16000   16000          394.74323     -1412.1135      14300.283      16140.972      9247.3284      6893.644       4368.509       3860.7786     -1997.666       332.74461      455.24263      4628.7965     -4754.7613     -482.69004      89378.913      44.710723      44.710723      44.710723      0.94853466    -920.2074      -2303.7312     -1012.4019    
     17000   17000          394.98173      551.90646      16947.108      16231.301      9252.9156      6978.3855      4297.0558      4052.4149     -2069.8365      342.70436      481.69741      4629.2031     -4754.8535     -485.11984      88931.245      44.635951      44.635951      44.635951      0.95330946     976.88379      396.74712      282.08847    
     18000   18000          390.67267     -69.206333      15986.225      16075.987      9151.9707      6924.0162      4232.6281      3949.0286     -1944.635       337.23658      474.87073      4625.237      -4750.3499     -485.1005       88934.79       44.636544      44.636544      44.636544      0.95327146    -918.83613     -120.42149      831.63863    
     19000   19000          396.95878      375.60542      16813.369      16326.106      9299.2302      7026.8757      4380.3397      3961.0442     -2023.2538      326.59881      504.39388      4631.0796     -4753.3267     -485.00694      88951.945      44.639414      44.639414      44.639414      0.95308761    -46.136744      358.13489      814.81812    
     20000   20000          393.52236     -8.2992729      16002.37       16013.08       9218.728       6794.3516      4360.5811      3881.3009     -2066.2182      326.58236      424.9384       4624.7395     -4757.5724     -487.56996      88484.351      44.561058      44.561058      44.561058      0.95812419    -115.82226      412.65128     -321.72684    
     21000   21000          396.93172     -438.06253      15685.103      16251.598      9298.5963      6953.0012      4365.8416      3928.2339     -1996.1395      334.1253       462.40403      4615.1364     -4756.6006     -486.54104      88671.473      44.592447      44.592447      44.592447      0.95610227     372.88206     -786.35823     -900.71141    
     22000   22000          398.49983     -1216.7753      14585.901      16150.345      9335.3313      6815.0132      4320.777       3880.0551     -2002.7449      330.53128      412.68715      4627.0908     -4753.3832     -489.36138      88160.432      44.506616      44.506616      44.506616      0.96164453    -509.10328     -1376.0461     -1765.1766    
     23000   23000          395.3157      -2007.4335      13713.123      16299.934      9260.7393      7039.195       4386.5629      4045.661      -2004.6464      322.67443      431.72154      4619.1639     -4761.9424     -488.26508      88358.379      44.539901      44.539901      44.539901      0.95949018    -1958.3116     -966.83317     -3097.1556    
     24000   24000          393.96863     -887.77276      14919.044      16065.001      9229.1826      6835.8186      4387.0365      3847.8957     -1993.1897      330.69645      394.15845      4628.098      -4758.8768     -487.43038      88509.689      44.565311      44.565311      44.565311      0.9578499     -50.619293     -1278.5482     -1334.1508    
     25000   25000          392.83118      611.97825      16820.913      16041.112      9202.5364      6838.5759      4365.9126      3915.3657     -2086.013       323.65737      457.71083      4627.872      -4765.9295     -493.77812      87371.856      44.373517      44.373517      44.373517      0.97032387    -846.17825      1005.9885      1676.1245    
     26000   26000          398.18608     -842.86693      15169.722      16258.819      9327.9812      6930.838       4309.4077      3985.2144     -2006.8073      331.16799      444.73617      4624.9547     -4757.8355     -486.93572      88599.601      44.580396      44.580396      44.580396      0.95687786    -686.23445     -656.16731     -1186.199     
     27000   27000          394.20551      383.82512      16580.094      16085.859      9234.7317      6851.1269      4373.1495      3869.0837     -2079.6049      327.99611      487.849        4629.3782     -4756.7247     -488.62822      88292.713      44.528864      44.528864      44.528864      0.96020378    -90.81972       232.27883      1010.0162    
     28000   28000          398.98537      1093.4369      17697.575      16294.609      9346.7056      6947.9032      4351.0009      3959.6841     -2042.7379      328.68968      477.29028      4631.386      -4757.41       -490.3722       87978.705      44.476014      44.476014      44.476014      0.96363089     708.59106      798.84416      1772.8754    
     29000   29000          396.92925      682.86329      17050.589      16170.304      9298.5385      6871.7656      4319.1698      3953.126      -2068.9636      321.49165      485.15698      4621.6243     -4759.8394     -488.07852      88392.153      44.545575      44.545575      44.545575      0.95912357     24.670704      876.59986      1147.3193    
     30000   30000          398.12659     -2329.7226      13256.879      16228.784      9326.5876      6902.1968      4387.0011      3940.009      -1959.5998      316.58573      347.29828      4632.1583     -4761.2558     -493.22885      87469.156      44.389983      44.389983      44.389983      0.96924448    -2390.7644     -1786.3012     -2812.1022    
     31000   31000          394.23779     -1161.8053      14610.188      16110.161      9235.4878      6874.6729      4349.2185      3938.542      -2019.8884      319.09334      422.11673      4627.1289     -4761.5383     -487.33702      88526.645      44.568156      44.568156      44.568156      0.95766644     40.381548     -969.55665     -2556.2408    
     32000   32000          405.37834     -326.61432      15996.92       16418.938      9496.4686      6922.4698      4342.7416      3983.5743     -1983.7776      338.78685      374.4255       4625.7186     -4758.9994     -486.94857      88597.264      44.580004      44.580004      44.580004      0.9569031     -1824.4232      12.874134      831.70616    
     33000   33000          400.16382      31.548179      16363.798      16323.449      9374.3123      6949.1367      4332.6005      4019.589      -2038.8032      324.57546      452.70006      4618.9522     -4760.4773     -491.95008      87696.523      44.428412      44.428412      44.428412      0.96673157     1204.1478     -950.37131     -159.13192    
     34000   34000          395.9986      -607.70884      15416.903      16199.428      9276.7368      6922.6907      4297.8533      3986.099      -1989.7395      349.44718      397.16547      4637.4782     -4755.613      -488.6261       88293.096      44.528929      44.528929      44.528929      0.96019962    -975.76161     -360.17392     -487.19099    
     35000   35000          385.60505      1236.434       17564.121      15970.535      9033.2558      6937.2788      4342.6362      3967.8868     -2065.6328      319.78931      519.72869      4615.544      -4762.6733     -488.17387      88374.887      44.542675      44.542675      44.542675      0.95931095     1842.8113      50.730277      1815.7603    
     36000   36000          391.07663      1200.3931      17602.098      16054.483      9161.4339      6893.0495      4310.0617      4007.0826     -2061.3042      328.49693      447.05259      4621.3978     -4759.7378     -488.02261      88402.28       44.547276      44.547276      44.547276      0.95901369     1674.1677      1355.5634      571.44831    
     37000   37000          392.17057     -333.94212      15646.362      16074.664      9187.0609      6887.6033      4375.782       3966.4403     -2064.4144      316.46584      441.02877      4614.1824     -4761.8816     -490.56889      87943.43       44.470069      44.470069      44.470069      0.9640174     -1047.2881     -870.05633      915.5181     
     38000   38000          397.55514     -786.22119      15314.876      16329.381      9313.2007      7016.1807      4416.5597      3993.0534     -2013.2333      335.21631      420.66592      4623.5688     -4759.6503     -487.60664      88477.693      44.55994       44.55994       44.55994       0.95819628    -370.30956     -1972.1699     -16.184084    
     39000   39000          393.51941     -1503.9142      14153.24       16100.69       9218.6589      6882.0316      4294.2892      3997.3467     -2046.9608      326.90459      435.39246      4629.8274     -4754.768      -485.88766      88790.712      44.612427      44.612427      44.612427      0.95481831    -1399.2544     -1112.4935     -1999.9947    
     40000   40000          394.31757     -625.11558      15387.908      16189.976      9237.3568      6952.619       4337.5703      3910.4322     -1936.6691      334.37591      449.72997      4620.0543     -4762.8745     -490.37515      87978.176      44.475924      44.475924      44.475924      0.96363668    -161.78182     -2287.9661      574.40119    
     41000   41000          392.77303      1018.4107      17564.989      16255.675      9201.1742      7054.5004      4373.3776      4057.8662     -2023.4105      354.8934       439.31276      4613.9351     -4761.4742     -489.39355      88154.637      44.50564       44.50564       44.50564       0.96170774     1616.4893      525.55395      913.18882    
     42000   42000          393.84034     -142.18493      15890.391      16073.557      9226.1771      6847.3795      4382.9275      3817.0717     -1985.9274      319.91183      455.72819      4615.4798     -4757.8121     -488.41468      88331.315      44.535353      44.535353      44.535353      0.95978415    -763.57088      578.34936     -241.33328    
     43000   43000          390.90817     -151.93275      15665.228      15861.209      9157.4875      6703.7216      4289.6933      3865.4743     -2049.9721      320.57477      428.42331      4608.0938     -4758.5657     -487.77082      88447.914      44.55494       44.55494       44.55494       0.9585189     -1417.8584      312.9948       649.06531    
     44000   44000          393.32459     -230.48248      15733.94       16025.98       9214.0951      6811.8853      4295.8099      3938.1778     -2043.3928      320.55703      455.31967      4611.4889     -4766.0752     -496.56264      86881.911      44.290419      44.290419      44.290419      0.97579572     745.67741     -805.02571     -632.09915    
     45000   45000          393.58183     -534.36629      15530.711      16216.081      9220.1213      6995.9596      4310.1362      3946.5321     -1957.5479      336.29753      473.75479      4638.2572     -4751.4703     -490.56158      87944.741      44.47029       44.47029       44.47029       0.96400303     104.89412      394.65339     -2102.6464    
     46000   46000          395.87434     -547.38051      15325.488      16031.424      9273.8261      6757.5983      4375.7122      3948.9969     -2134.5915      306.99289      411.83373      4608.7154     -4760.0613     -487.8687       88430.167      44.55196       44.55196       44.55196       0.95871126    -1787.1315      784.06617     -639.07616    
     47000   47000          391.84675     -211.42956      15865.159      16136.282      9179.475       6956.8073      4284.3857      3966.9606     -1967.9735      340.11139      470.86532      4622.5817     -4760.1239     -490.65783      87927.49       44.467382      44.467382      44.467382      0.96419217    -586.16873     -340.6175       292.49755    
     48000   48000          398.80722      291.9985       16622.35       16246.517      9342.5323      6903.9847      4333.6111      3951.6352     -2082.2662      326.74226      522.0511       4617.3913     -4765.1801     -488.83765      88254.886      44.522504      44.522504      44.522504      0.96061534     882.30604     -744.86372      738.55318    
     49000   49000          395.38152     -566.7812       15291.392      16022.726      9262.281       6760.4446      4327.0518      3727.3912     -1955.2813      328.2309       485.17239      4608.9502     -4761.0706     -487.61742      88475.737      44.559612      44.559612      44.559612      0.95821747    -515.04577      298.37631     -1483.6741    
     50000   50000          391.46731     -206.93945      15643.99       15911.422      9170.5861      6740.836       4288.777       3852.3456     -2023.3933      324.96872      438.3548       4618.4865     -4758.7034     -486.86623      88612.248      44.582517      44.582517      44.582517      0.95674129    -1068.5402      1605.9487     -1158.2268    
     51000   51000          395.78793     -52.15206       16065.332      16132.915      9271.8017      6861.113       4320.7379      3864.1677     -1982.9176      334.21727      470.10394      4614.5999     -4759.7961     -485.53267      88855.63       44.623296      44.623296      44.623296      0.95412071    -380.88078     -55.370612      279.79522    
     52000   52000          389.455        447.75997      16362.974      15784.924      9123.4454      6661.479       4171.1869      3859.5214     -2015.4178      329.91639      466.15933      4610.0451     -4759.9324     -487.37095      88520.481      44.567122      44.567122      44.567122      0.95773313    -555.70419      780.23342      1118.7507    
     53000   53000          396.22185     -158.07672      15952.023      16155.461      9281.9669      6873.4936      4276.9124      4033.5002     -2051.9938      324.52657      423.20481      4624.5838     -4757.2404     -488.89521      88244.495      44.520757      44.520757      44.520757      0.96072845    -1116.2711      1345.8669     -703.826      
     54000   54000          396.74995     -95.324321      15987.493      16110.681      9294.3383      6816.3431      4360.5859      3890.1488     -2071.7564      327.60184      468.12253      4601.5767     -4759.9363     -486.86905      88611.735      44.582431      44.582431      44.582431      0.95674684    -1227.8184      879.2817       62.563714    
     55000   55000          396.44453      1199.5358      17834.598      16289.418      9287.1834      7002.2349      4469.5286      3963.794      -2100.2243      324.60924      472.46614      4627.8216     -4755.7603     -488.44272      88326.245      44.534501      44.534501      44.534501      0.95983926     1807.2671      568.46672      1222.8735    
     56000   56000          390.11261     -903.80918      14858.412      16021.658      9138.8507      6882.8068      4302.3019      3926.2564     -1987.1751      327.15332      454.50377      4615.1622     -4755.3957     -488.86014      88250.826      44.521822      44.521822      44.521822      0.96065953    -685.3347      -2402.8973      376.80443    
     57000   57000          393.27015      34.962089      16150.356      16104.898      9212.8197      6892.0788      4393.9391      3954.1024     -2088.4876      320.36717      444.18013      4619.8886     -4751.9109     -483.92032      89151.683      44.672801      44.672801      44.672801      0.95095229     451.50487      384.55911     -731.17772    
     58000   58000          388.0922      -1725.8011      13657.877      15878.828      9091.5201      6787.3076      4257.4135      3908.0036     -1958.1625      341.97396      386.14031      4613.8589     -4761.9201     -488.91239      88241.395      44.520236      44.520236      44.520236      0.9607622     -1257.4648     -1810.74       -2109.1984    
     59000   59000          394.05216      1163.1948      17581.439      16076.197      9231.1393      6845.058       4292.6133      3927.8348     -2050.9024      333.8911       486.92855      4611.161      -4756.4682     -486.21195      88731.49       44.602506      44.602506      44.602506      0.95545557     1474.0776      824.66263      1190.844     
     60000   60000          395.45786      666.02503      16910.186      16057.37       9264.0695      6793.3008      4365.9062      3906.2793     -2076.6564      315.95813      432.04592      4611.3169     -4761.5492     -491.3769       87798.817      44.44568       44.44568       44.44568       0.96560523     2363.4229     -801.28879      435.94095    
     61000   61000          392.54454     -340.0876       15617.075      16053.434      9195.8214      6857.613       4355.7659      3881.6408     -2007.637       333.56121      422.61871      4628.0245     -4756.3611     -490.37172      87978.791      44.476028      44.476028      44.476028      0.96362994     428.70955     -979.31864     -469.6537     
     62000   62000          391.36897      475.79793      16832.204      16218.62       9168.2824      7050.3372      4446.7352      3929.2107     -1995.9251      343.19106      464.41915      4621.3621     -4758.656      -487.8964       88425.147      44.551117      44.551117      44.551117      0.95876569     618.97211      561.88748      246.53421    
     63000   63000          391.75425     -1257.795       14355.349      15974.239      9177.3081      6796.9311      4351.6556      3874.8324     -2040.3754      306.17619      434.71139      4627.1398     -4757.2088     -488.8458       88253.415      44.522257      44.522257      44.522257      0.96063135    -1327.4794     -1497.752      -948.15372    
     64000   64000          394.12095     -22.661035      15802.057      15831.135      9232.7507      6598.3847      4302.1089      3818.5279     -2146.4781      306.57325      442.19766      4624.7515     -4749.2963     -490.32896      87986.464      44.477321      44.477321      44.477321      0.96354591    -1057.1066      403.41035      585.71316    
     65000   65000          401.01702      624.5211       16882.08       16086.482      9394.2994      6692.1826      4212.675       4017.6692     -2094.8029      326.49654      367.20382      4625.9633     -4763.0224     -493.8929       87351.551      44.370079      44.370079      44.370079      0.97054942     1816.1969     -37.724206      95.090609    
     66000   66000          391.11877      112.16931      16054.475      15909.435      9162.4211      6747.014       4350.205       3889.9011     -2113.5258      323.91535      435.3658       4619.1917     -4758.0391     -486.59349      88661.915      44.590845      44.590845      44.590845      0.95620534    -774.13457      900.43628      210.20623    
     67000   67000          386.10398      705.7863       16770.258      15867.732      9044.9437      6822.788       4370.524       3934.2264     -2052.37        338.34594      369.93018      4624.4787     -4762.3472     -492.03131      87682.045      44.425967      44.425967      44.425967      0.96689119     1405.5141      217.32962      494.51515    
     68000   68000          389.73313      1.0684857      16020.236      16018.86       9129.9608      6888.8992      4503.0388      3848.0227     -2064.7501      322.75008      427.39509      4608.5237     -4756.0811     -488.59027      88299.57       44.530017      44.530017      44.530017      0.96012921    -484.44713     -96.531943      584.18453    
     69000   69000          387.78506     -368.68046      15340.817      15808.589      9084.3249      6724.2639      4336.5976      3881.5781     -2038.136       323.70475      355.13303      4626.4443     -4761.0579     -495.90188      86997.676      44.310082      44.310082      44.310082      0.97449726    -873.61882      1151.2463     -1383.6689    
     70000   70000          392.05228     -2082.7647      13387.862      16068.87       9184.2897      6884.5804      4282.3967      3981.1728     -1964.1995      318.82745      394.05143      4631.0339     -4758.7024     -488.78889      88263.69       44.523985      44.523985      44.523985      0.96051952    -3125.5389     -2690.0434     -432.71174    
     71000   71000          394.04473      280.97976      16484.116      16124.715      9230.9653      6893.7492      4410.7413      3918.2057     -2097.0101      333.76628      456.38009      4622.2773     -4750.6113     -491.89768      87705.863      44.429989      44.429989      44.429989      0.96662861     1586.7497     -1431.0093      687.19889    
     72000   72000          385.27618     -283.52762      15428.811      15790.621      9025.5516      6765.0696      4330.2369      3890.318      -2080.6669      319.95691      447.41864      4615.7234     -4757.9175     -493.05313      87500.328      44.395256      44.395256      44.395256      0.96889919    -560.39631     -171.31393     -118.87263    
     73000   73000          392.92852     -113.29639      15848.326      15992.643      9204.8167      6787.8266      4314.1406      3995.5463     -2035.642       319.59063      330.86819      4624.283      -4760.9602     -493.94231      87342.813      44.3686        44.3686        44.3686        0.97064651    -1153.8369      1068.8595     -254.91172    
     74000   74000          391.25722     -1604.8852      13862.883      15930.239      9165.6645      6764.5748      4309.1423      3831.3858     -1936.9919      341.61968      359.2115       4622.1291     -4761.9216     -488.43637      88327.392      44.534694      44.534694      44.534694      0.95982679    -3439.7396     -609.88897     -765.02701    
     75000   75000          393.61464     -224.39568      15718.74       16005.452      9220.8898      6784.5619      4270.0551      3973.0481     -2044.3271      325.81133      391.96256      4628.1002     -4760.0882     -492.43373      87610.39       44.413862      44.413862      44.413862      0.96768199    -354.07797     -236.99091     -82.118171    
     76000   76000          389.97174      878.93122      17077.598      15963.141      9135.5505      6827.591       4311.6898      3920.1714     -2002.9         344.59478      392.99335      4619.792      -4758.7504     -496.21653      86942.512      44.300714      44.300714      44.300714      0.97511557     549.16292     -71.190111      2158.8208    
     77000   77000          385.20145     -1193.1115      14367.08       15896.9        9023.8009      6873.0991      4345.8317      3897.9799     -1962.0703      342.36592      387.26828      4621.1854     -4759.4618     -490.70454      87919.119      44.465971      44.465971      44.465971      0.96428397    -1691.6937     -546.20592     -1341.4348    
     78000   78000          396.064        1665.8703      18220.928      16087.856      9278.2691      6809.5866      4358.1108      3971.3922     -2160.4957      322.04841      465.10434      4614.8387     -4761.4122     -491.377        87798.8        44.445677      44.445677      44.445677      0.96560542     2393.9543      1778.6051      825.0515     
     79000   79000          389.83015     -749.19096      14868.662      15825.053      9132.2337      6692.8195      4185.2024      3893.1558     -1988.8295      326.11592      430.12646      4610.9922     -4763.944      -492.87453      87532.036      44.400617      44.400617      44.400617      0.96854822    -337.64573     -480.50302     -1429.4241    
     80000   80000          398.58595     -748.07968      15293.344      16242.569      9337.3488      6905.2201      4386.7912      4017.4752     -2054.2762      335.28357      345.82431      4632.6541     -4758.532      -495.8587       87005.252      44.311368      44.311368      44.311368      0.9744124     -839.56687     -874.28471     -530.38746    
     81000   81000          388.01743     -58.344429      15691.89       15766.709      9089.7687      6676.9407      4302.49        3866.2957     -2096.2101      313.51648      424.85915      4628.6687     -4762.6791     -490.64452      87929.875      44.467784      44.467784      44.467784      0.96416601    -1527.5168      771.34927      581.13422    
     82000   82000          393.07821     -156.48383      15748.128      15949.971      9208.3233      6741.648       4351.873       3944.2881     -2146.5316      320.36331      413.11128      4614.2837     -4755.7399     -487.7914       88444.182      44.554313      44.554313      44.554313      0.95855934    -1577.6841     -549.44478      1657.6774    
     83000   83000          395.30359      72.861027      16181.149      16087.966      9260.4555      6827.5101      4423.0859      3934.148      -2109.5742      329.20367      397.52214      4615.9807     -4762.8561     -491.96891      87693.166      44.427845      44.427845      44.427845      0.96676857     546.31754      243.16016     -570.89461    
     84000   84000          385.9928      -828.40258      14758.284      15823.262      9042.3393      6780.9232      4358.9973      3911.8162     -2063.5167      321.64911      387.51364      4622.4086     -4757.9449     -489.41795      88150.242      44.504901      44.504901      44.504901      0.96175569     947.86893     -2188.4292     -1244.6475    
     85000   85000          392.77268      1169.6031      17384.735      15887.725      9201.1659      6686.5591      4309.7736      3882.3822     -2100.518       308.16469      420.86395      4622.6468     -4756.7542     -491.57878      87762.761      44.439595      44.439595      44.439595      0.96600194    -544.90742      2227.606       1826.1107    
     86000   86000          382.91839     -1206.2268      14141.332      15692.993      8970.3174      6722.6753      4378.2516      3824.7047     -2034.2647      325.16055      350.08522      4635.2227     -4756.4849     -489.11563      88204.728      44.514068      44.514068      44.514068      0.96116159    -1909.5774     -1264.1421     -444.9609     
     87000   87000          386.198       -1868.6883      13377.627      15798.179      9047.1463      6751.0325      4395.8583      3794.1672     -2011.7207      313.94453      404.00356      4610.4195     -4755.6398     -485.73768      88818.128      44.617018      44.617018      44.617018      0.95452358    -1742.2628     -1854.1518     -2009.6503    
     88000   88000          396.19289      545.06118      16901.976      16205.211      9281.2885      6923.9225      4466.6986      3931.1621     -2102.866       329.54091      432.71075      4623.8541     -4757.178      -492.19651      87652.614      44.420996      44.420996      44.420996      0.96721584     481.61553      253.05493      900.51309    
     89000   89000          385.98704      402.42681      16177.207      15660.148      9042.2042      6617.9439      4270.2602      3852.8787     -2099.3368      334.45745      397.0459       4621.5586     -4758.9201     -489.69581      88100.225      44.496482      44.496482      44.496482      0.9623017      218.86676      1377.2771     -388.86345    
     90000   90000          387.25987     -880.88186      14836.724      15960.612      9072.0217      6888.5899      4462.0472      3872.0459     -1972.2957      344.32514      317.08306      4622.4655     -4757.0812     -493.14434      87484.145      44.392518      44.392518      44.392518      0.96907842    -345.16519     -2912.7719      615.2915     
     91000   91000          393.25194     -242.79766      15732.794      16041.706      9212.3932      6829.3129      4312.1017      3930.6379     -2011.4135      317.12871      412.5564       4630.6395     -4762.3378     -494.52536      87239.836      44.351156      44.351156      44.351156      0.97179225     796.89183     -2077.1743      551.8895     
     92000   92000          385.0679      -153.49308      15599.25       15798.042      9020.6723      6777.3702      4356.5357      3910.607      -2064.1144      318.64285      393.41152      4620.296      -4758.0085     -485.81121      88804.684      44.614766      44.614766      44.614766      0.95466808     28.615441      412.92325     -902.01792    
     93000   93000          384.16248      1929.6686      18289.468      15820.387      8999.4617      6820.925       4301.7367      3928.651      -2053.5786      324.59075      455.56687      4621.9296     -4757.9714     -491.72992      87735.785      44.435041      44.435041      44.435041      0.96629895     1299.93        1972.3181      2516.7577    
     94000   94000          390.6922       92.071946      16153.029      16034.974      9152.4282      6882.5454      4341.9894      3951.5655     -2020.4075      336.71596      428.50919      4609.4175     -4765.2446     -490.70437      87919.15       44.465976      44.465976      44.465976      0.96428362    -94.637917      321.89009      48.963659    
     95000   95000          390.12428     -443.30543      15384.069      15952.435      9139.124       6813.3112      4456.9319      3909.4254     -2075.3153      316.41929      357.3494       4609.442      -4760.9416     -490.74342      87912.153      44.464796      44.464796      44.464796      0.96436037    -246.4392       707.72371     -1791.2008    
     96000   96000          388.68495     -404.94556      15273.436      15787.675      9105.4059      6682.2692      4410.1865      3938.6588     -2180.8637      312.08495      349.76495      4617.4237     -4764.9861     -495.46259      87074.81       44.323173      44.323173      44.323173      0.97363402     807.61964     -458.22091     -1564.2354    
     97000   97000          384.79637     -749.91748      14957.626      15916.558      9014.3114      6902.2465      4220.7426      3963.2414     -1896.7         327.90864      436.26019      4612.9411     -4762.1474     -492.0453       87679.551      44.425546      44.425546      44.425546      0.96691869    -168.41325     -580.06323     -1501.276     
     98000   98000          384.17269      614.71806      16486.52       15703.557      8999.7011      6703.8559      4340.1939      3802.8946     -2025.0462      320.38947      409.08316      4617.8218     -4761.4808     -493.98542      87335.191      44.367309      44.367309      44.367309      0.97073123     741.9663       1387.8631     -285.67523    
     99000   99000          387.75965     -568.23247      14938.998      15665.742      9083.7298      6582.012       4189.7232      3838.0679     -2034.4896      316.78869      414.87646      4619.0415     -4761.9962     -491.95329      87695.949      44.428315      44.428315      44.428315      0.96673789    -13.889068     -238.11682     -1452.6915    
    100000   100000         390.23946     -823.33073      14757.339      15805.825      9141.8224      6664.0027      4221.8229      3907.0499     -2047.7997      322.35516      391.82528      4627.2405     -4758.4913     -494.07293      87319.721      44.36469       44.36469       44.36469       0.9709032     -727.33219     -1081.2397     -661.42028    
    101000   101000         390.45542     -1343.044       14141.418      15854.379      9146.8815      6707.4979      4333.583       3909.0481     -2023.6057      317.68215      303.79521      4629.1984     -4762.2032     -493.31232      87454.356      44.387479      44.387479      44.387479      0.96940851    -1288.3892     -2961.4873      220.74447    
    102000   102000         378.79543     -1259.7738      13969.325      15575.343      8873.7322      6701.611       4314.8241      3973.1194     -2111.8117      307.20975      364.1284       4618.1533     -4764.0124     -493.53893      87414.201      44.380685      44.380685      44.380685      0.96985382    -889.19035     -1416.3311     -1473.7999    
    103000   103000         390.17397      434.96799      16371.395      15814.552      9140.288       6674.264       4255.4364      3862.0958     -2037.2889      334.64336      400.85591      4618.9733     -4760.4519     -491.47795      87780.767      44.442634      44.442634      44.442634      0.96580379     1126.5217      228.94164     -50.559364    
    104000   104000         385.0722       697.23502      16550.335      15658.509      9020.773       6637.7359      4298.2727      3895.2283     -2151.5675      315.56762      435.87636      4605.439      -4761.0807     -491.90156      87705.172      44.429873      44.429873      44.429873      0.96663623     1889.4477      596.32465     -394.06729    
    105000   105000         387.45708     -401.60874      15047.754      15561.335      9076.6416      6484.6936      4314.5961      3778.2721     -2155.7019      316.64932      368.4897       4625.2342     -4762.846      -492.00939      87685.951      44.426627      44.426627      44.426627      0.96684812    -1129.4247      1465.6318     -1541.0333    
    106000   106000         388.11438     -70.962314      15717.235      15807.146      9092.0398      6715.1064      4418.9474      3886.9606     -2107.4172      316.96673      357.65255      4607.818      -4765.8216     -496.58482      86878.031      44.28976       44.28976       44.28976       0.9758393     -726.53559      640.55246     -126.90382    
    107000   107000         389.27473      53.440118      15699.987      15631.772      9119.2223      6512.55        4176.7208      3919.3627     -2110.2918      322.45401      355.03466      4612.0995     -4762.8299     -492.91435      87524.965      44.399422      44.399422      44.399422      0.96862645     320.5178      -332.84782      172.65038    
    108000   108000         388.76319     -2184.2951      13108.66       15909.689      9107.2389      6802.4497      4361.1877      3971.3643     -2061.7383      326.95277      350.15503      4611.9298     -4757.4016     -490.65151      87928.621      44.467572      44.467572      44.467572      0.96417976    -974.17318     -3252.3473     -2326.3649    
    109000   109000         384.90582      978.00002      16775.863      15526.076      9016.8754      6509.2002      4249.2708      3852.7446     -2164.3542      315.0964       402.49668      4616.8085     -4762.8625     -492.35903      87623.683      44.416108      44.416108      44.416108      0.9675352      323.15277      650.6954       1960.1519    
    110000   110000         384.56454      0.78690086     15797.623      15796.618      9008.8805      6787.7377      4372.9726      3883.7691     -2065.1434      321.66363      428.5461       4606.7018     -4760.7722     -492.63617      87574.387      44.407777      44.407777      44.407777      0.96807982    -1836.3292      1649.0159      189.67406    
    111000   111000         383.84947      4.9830954      15523.473      15517.097      8992.1291      6524.9676      4328.4308      3774.2564     -2094.6833      315.94391      345.62368      4615.0075     -4759.6113     -491.75371      87731.541      44.434325      44.434325      44.434325      0.96634569     17.762055     -541.036        538.22323    
    112000   112000         393.47183     -783.80544      14854.477      15866.215      9217.5444      6648.6705      4289.7509      3840.132      -2054.5668      319.67757      389.4882       4622.0643     -4757.8756     -487.43819      88508.27       44.565073      44.565073      44.565073      0.95786526    -1516.9509      187.67203     -1022.1375    
    113000   113000         387.24957      1468.5472      17627.378      15759.321      9071.7804      6687.541       4312.0334      3837.5843     -2076.0393      324.23135      434.78967      4618.3369     -4763.3953     -494.62619      87222.052      44.348142      44.348142      44.348142      0.97199039     557.68442      2047.0492      1800.908     
    114000   114000         387.3055       1263.5081      17415.638      15798.128      9073.0907      6725.0376      4237.5135      3966.8578     -2116.3297      320.21825      470.51268      4607.5507     -4761.2856     -491.48531      87779.452      44.442412      44.442412      44.442412      0.96581825     1013.6825      1254.596       1522.2457    
    115000   115000         392.20735     -764.01007      14895.859      15875.922      9187.9224      6687.9993      4377.1662      3848.7191     -2123.3043      304.24051      418.84331      4622.3777     -4760.0433     -490.48367      87958.71       44.472644      44.472644      44.472644      0.96384994    -1717.6397     -54.415742     -519.97476    
    116000   116000         386.07013     -333.80896      15282.908      15712.574      9044.1508      6668.4235      4196.2899      3905.0601     -2050.2399      330.04697      422.83821      4621.9746     -4757.5463     -488.81694      88258.625      44.523133      44.523133      44.523133      0.96057464    -1089.1637     -1463.9659      1551.7027    
    117000   117000         379.59119     -706.04616      14814.828      15721.669      8892.3739      6829.2952      4350.05        3932.9861     -2072.9232      328.9415       433.57915      4612.5492     -4755.8877     -489.87026      88068.852      44.491199      44.491199      44.491199      0.96264451     287.46295     -910.03989     -1495.5615    
    118000   118000         389.30746      971.98452      16986.241      15747.608      9119.989       6627.6194      4296.2351      3843.5721     -2163.5475      320.92994      473.59457      4614.9376     -4758.1024     -493.73748      87379.048      44.374735      44.374735      44.374735      0.970244       2144.4271     -279.14086      1050.6673    
    119000   119000         389.20536      86.70781       15939.595      15826.988      9117.5973      6709.3903      4382.0289      3845.0063     -2115.8858      320.12173      413.72712      4615.9118     -4751.5199     -484.47259      89050.056      44.65582       44.65582       44.65582       0.95203755    -414.42766     -225.98203      900.53312    
    120000   120000         388.99548     -969.47805      14612.819      15855.929      9112.6807      6743.2485      4332.1412      3835.9619     -1998.0707      333.99838      374.43789      4624.2043     -4759.4246     -490.69045      87921.644      44.466396      44.466396      44.466396      0.96425627    -216.24856     -2129.3175     -562.86804    
    121000   121000         383.77608      361.70904      16100.553      15635.487      8990.4099      6645.0767      4373.2729      3816.8961     -2103.5868      327.42632      373.39611      4619.9522     -4762.2801     -489.355        88161.581      44.506809      44.506809      44.506809      0.96163199     959.18871     -694.01489      819.95331    
    122000   122000         382.89408     -363.95277      15352.949      15823.643      8969.748       6853.8949      4337.0434      3922.0828     -2042.9614      327.21631      433.8756       4628.1831     -4751.5449     -486.50357      88678.303      44.593592      44.593592      44.593592      0.95602863     248.42025     -385.7804      -954.49815    
    123000   123000         386.43527      925.95287      16842.716      15660.03       9052.7047      6607.3252      4212.7848      3853.3958     -2059.8767      307.75514      435.5362       4619.6434     -4761.9135     -492.60466      87579.989      44.408724      44.408724      44.408724      0.9680179      478.00021      1445.5956      854.26282    
    124000   124000         380.49192      74.968573      15732.82       15635.899      8913.4745      6722.4244      4213.5859      3919.4932     -2042.4472      319.61509      450.1094       4616.2855     -4754.2174     -486.67451      88647.155      44.58837       44.58837       44.58837       0.95636455    -757.12619      768.29463      213.73728    
    125000   125000         389.59195      1928.002       18403.657      15917.965      9126.6536      6791.3115      4350.2412      3829.9656     -2139.603       323.65745      568.85714      4617.8014     -4759.6083     -488.02216      88402.361      44.54729       44.54729       44.54729       0.95901281     1499.989       2668.0292      1615.9877    
    126000   126000         391.83373     -195.13106      15644.562      15896.224      9179.17        6717.0536      4303.2686      3882.7151     -2061.8867      333.18797      402.60793      4618.4242     -4761.2635     -487.85258      88433.09       44.552451      44.552451      44.552451      0.95867957    -620.0532       446.83996     -412.17995    
    127000   127000         383.34912     -1354.6616      13940.888      15691.075      8980.4079      6710.6675      4295.3868      3864.1158     -2073.1424      316.40936      451.45666      4612.1179     -4755.6766     -486.99631      88588.579      44.578547      44.578547      44.578547      0.95699691    -1503.8631     -1339.3278     -1220.7938    
    128000   128000         387.59449      978.60816      17044.152      15779.023      9079.8606      6699.1621      4347.1714      3887.165      -2165.221       303.83358      450.08831      4623.9075     -4747.7827     -486.69069      88644.208      44.587876      44.587876      44.587876      0.95639635     646.56923      935.28834      1353.9669    
    129000   129000         382.03076     -498.61871      14839.172      15482.967      8949.5237      6533.4433      4331.2265      3719.7366     -2133.3088      314.74822      446.35922      4610.9364     -4756.2549     -487.30448      88532.555      44.569148      44.569148      44.569148      0.95760251    -492.11833      123.31116     -1127.049     
    130000   130000         386.04887     -813.17438      14643.198      15686.012      9043.6527      6642.359       4315.7613      3803.9049     -2047.8231      319.40012      383.4333       4624.9913     -4757.3088     -490.63225      87932.074      44.468154      44.468154      44.468154      0.9641419     -949.68991     -1679.3537      189.52051    
    131000   131000         383.32936      584.78568      16338.627      15588.763      8979.9451      6608.8178      4266.8415      3846.8595     -2105.167       318.48003      414.69098      4621.8351     -4754.7223     -490.67424      87924.548      44.466886      44.466886      44.466886      0.96422442    -96.854858      664.05154      1187.1604    
    132000   132000         382.45206     -1781.577       13277.678      15575.554      8959.3933      6616.1611      4270.6433      3781.4211     -2040.3718      313.77791      427.72718      4616.579      -4753.6155     -487.8173       88439.485      44.553525      44.553525      44.553525      0.95861025    -2145.1062     -1779.6405     -1419.9844    
    133000   133000         385.60383      658.2523       16423.172      15574.503      9033.2271      6541.2758      4378.9711      3798.7309     -2214.8944      317.40287      404.12639      4608.7368     -4751.7979     -488.01515      88403.631      44.547503      44.547503      44.547503      0.95899903     1254.5342      1310.4998     -590.27705    
    134000   134000         384.55005      217.4439       15983.707      15703.408      9008.541       6694.8667      4286.0854      3905.801      -2079.2995      318.3476       396.86742      4622.8384     -4755.7736     -488.09533      88389.108      44.545064      44.545064      44.545064      0.95915661     73.421741     -209.14021      788.05018    
    135000   135000         388.34633     -1283.5728      14091.3        15745.693      9097.4734      6648.2194      4374.6432      3788.7191     -2104.3017      324.49356      390.9566       4625.3376     -4751.629      -488.15873      88377.629      44.543135      44.543135      44.543135      0.95928119    -1436.3503     -1404.1295     -1010.2386    
    136000   136000         379.07933     -1414.0247      13679.518      15490.423      8880.3829      6610.0404      4321.5014      3836.1607     -2105.9413      317.01593      387.66767      4610.1933     -4756.5573     -491.29306      87813.802      44.448208      44.448208      44.448208      0.96544046    -1858.6914     -1269.5617     -1113.821     
    137000   137000         386.76847      65.313696      15861.421      15777.556      9060.5103      6717.0454      4414.026       3835.6723     -2115.4781      329.04003      375.67539      4630.2351     -4752.1254     -490.00493      88044.648      44.487123      44.487123      44.487123      0.96290915    -814.64371      5.6237533      1004.961     
    138000   138000         383.25125      2019.5231      18152.518      15574.677      8978.115       6596.5622      4269.7758      3768.5416     -2067.2884      319.69699      433.2489       4628.5481     -4755.9608     -492.91491      87524.866      44.399405      44.399405      44.399405      0.96862756     946.65955      3470.9717      1640.938     
    139000   139000         387.45689      16.432563      15725.059      15703.929      9076.6373      6627.2919      4251.6779      3880.0293     -2120.0113      318.04966      422.88928      4625.5477     -4750.8906     -489.3083       88169.996      44.508225      44.508225      44.508225      0.96154021    -2044.8377      3737.2816     -1643.1463    
    140000   140000         382.43528      1127.549       16877.161      15439.719      8959           6480.7185      4226.0811      3794.079      -2157.1417      315.21971      429.83697      4632.0865     -4759.4431     -493.54215      87413.631      44.380588      44.380588      44.380588      0.96986015     386.99565      2262.271       733.38028    
    141000   141000         381.61927     -194.73136      15234.647      15484.363      8939.8842      6544.4787      4214.1746      3822.6726     -2057.6225      313.3552       385.75723      4625.9418     -4759.8003     -490.6467       87929.484      44.467718      44.467718      44.467718      0.9641703     -2252.1059      597.39737      1070.5144    
    142000   142000         390.66545     -190.7          15630.111      15875.193      9151.8017      6723.3916      4205.5605      3869.6885     -2004.063       330.76494      459.03781      4621.4711     -4759.0682     -489.57293      88122.338      44.500204      44.500204      44.500204      0.96206024    -497.76077     -1143.6086      1069.2694    
    143000   143000         388.86545      1342.0262      17450.341      15740.536      9109.6345      6630.9016      4188.7233      3941.3125     -2086.9547      312.6248       413.5224       4623.5822     -4761.9089     -493.84849      87359.406      44.371409      44.371409      44.371409      0.97046215     847.61283      1791.3074      1387.1583    
    144000   144000         381.78605      1016.6059      16958.921      15662.578      8943.7911      6718.7866      4325.9341      3863.285      -2040.0559      331.41287      390.26173      4605.9059     -4757.9571     -493.41438      87436.266      44.384419      44.384419      44.384419      0.96960907     1038.0945      1128.8917      882.8317     
    145000   145000         380.34974      16.28671       15511.743      15490.831      8910.1438      6580.6874      4249.3752      3804.1302     -2038.9737      318.09824      392.74531      4616.2342     -4760.922      -490.026        88040.861      44.486485      44.486485      44.486485      0.96295056    -1280.4775      921.07935      408.25826    
    146000   146000         383.62964     -342.45232      15315.626      15755.764      8986.9794      6768.7849      4344.5205      3912.9139     -2076.8738      326.79788      403.20186      4613.1626     -4754.9381     -489.54267      88127.785      44.501121      44.501121      44.501121      0.96200077    -786.93494     -615.03514      374.61313    
    147000   147000         384.97903      1034.3273      16925.355      15598.444      9018.5903      6579.8537      4299.7513      3797.4721     -2132.0792      327.27278      442.19544      4607.7569     -4762.5157     -490.45068      87964.626      44.473641      44.473641      44.473641      0.96378511     1369.5794      875.3742       858.02819    
    148000   148000         388.70015      640.75197      16506.858      15682.294      9105.7621      6576.5318      4239.6318      3848.3707     -2135.6589      312.71636      448.94441      4614.9008     -4752.3733     -488.92788      88238.599      44.519765      44.519765      44.519765      0.96079265     1539.9727      903.7979      -521.51466    
    149000   149000         385.52381     -472.19937      14973.322      15573.748      9031.3524      6542.3951      4313.6475      3825.0057     -2158.7597      308.87456      398.94161      4613.1278     -4758.4424     -494.8183       87188.188      44.342402      44.342402      44.342402      0.97236792    -277.80062     -613.46556     -525.33193    
    150000   150000         378.36278      89.515594      15451.343      15336.552      8863.5968      6472.9555      4232.2982      3852.7786     -2147.6531      310.1215       363.84082      4619.3382     -4757.7688     -490.65041      87928.818      44.467606      44.467606      44.467606      0.9641776      546.25545      412.85204     -690.56071    
    151000   151000         384.02299     -1627.7694      13528.717      15627.069      8996.1939      6630.8753      4191.0193      3864.599      -2004.8423      335.51833      368.1202       4632.1755     -4755.7147     -488.08311      88391.321      44.545435      44.545435      44.545435      0.9591326     -1323.7102     -1704.2476     -1855.3503    
    152000   152000         382.24281      373.12841      15882.551      15403.361      8954.4913      6448.8695      4103.569       3834.8293     -2090.5927      327.46045      413.70508      4617.8692     -4757.9708     -489.92471      88059.064      44.489551      44.489551      44.489551      0.96275151    -342.31523      566.76228      894.93817    
    153000   153000         384.15683      777.64673      16676.586      15683.681      8999.3294      6684.352       4260.8477      3899.6495     -2075.5822      323.06282      419.42219      4619.1158     -4762.1639     -492.78108      87548.635      44.403424      44.403424      44.403424      0.96836458     388.36525      861.09618      1083.4788    
    154000   154000         387.37514     -852.12194      14636.111      15735.79       9074.7222      6661.0673      4162.7688      3890.5653     -2013.8113      333.37198      427.48786      4616.0402     -4755.3555     -487.54589      88488.719      44.561791      44.561791      44.561791      0.95807689    -2060.1043      354.732       -850.99351    
    155000   155000         378.04669      16.530161      15465.541      15444.442      8856.1922      6588.2502      4241.5766      3875.6984     -2024.125       321.41455      314.50558      4624.6109     -4765.4309     -492.95685      87517.418      44.398146      44.398146      44.398146      0.96870998     1134.3773      523.64419     -1608.431     
    156000   156000         386.49771     -99.93181       15596.74       15725.072      9054.1674      6670.9049      4275.6723      3885.5274     -2082.0717      321.44866      411.52728      4616.2778     -4757.4768     -489.94378      88055.636      44.488974      44.488974      44.488974      0.96278899    -838.34814     -980.54838      1519.1011    
    157000   157000         385.91416     -926.59848      14453.545      15637.203      9040.4969      6596.7063      4120.9569      3886.4717     -1988.0836      328.24921      384.71305      4624.3035     -4759.9045     -492.54361      87590.845      44.410559      44.410559      44.410559      0.96789793     295.53756     -2223.348      -851.98501    
    158000   158000         382.93652      264.60043      15772.188      15434.399      8970.7421      6463.6572      4301.1195      3788.7218     -2169.2885      306.06571      373.33442      4623.0685     -4759.3642     -492.8613       87534.386      44.401015      44.401015      44.401015      0.96852221    -1332.6748      1304.0408      822.43528    
    159000   159000         378.14107      1080.0176      16926.709      15541.138      8858.4032      6682.7345      4252.9544      3878.694      -2100.7929      314.77085      471.64514      4621.5507     -4756.0876     -490.43464      87967.504      44.474126      44.474126      44.474126      0.96375358     84.975292      2530.6453      624.43213    
    160000   160000         378.36174     -544.54719      14685.22       15388.257      8863.5725      6524.6842      4219.7211      3773.0207     -2088.2673      310.20318      444.5058       4616.1394     -4750.6386     -487.34523      88525.152      44.567906      44.567906      44.567906      0.95768259    -2233.8433     -350.67813      950.87986    
    161000   161000         379.16044      130.4391       15629.55       15462.15       8882.2831      6579.8668      4204.0293      3871.9812     -2070.5259      318.47462      399.70525      4615.5982     -4759.3959     -490.26514      87997.917      44.479251      44.479251      44.479251      0.96342049     858.07246     -1605.3865      1138.6314    
    162000   162000         380.54789      322.89734      15748.248      15333.615      8914.7858      6418.8295      4128.2181      3826.6771     -2116.1545      307.81811      413.4516       4620.7589     -4761.9399     -489.98205      88048.758      44.487815      44.487815      44.487815      0.9628642     -415.71439      1052.7573      331.64908    
    163000   163000         382.90702     -1129.2012      14114.543      15567.973      8970.0511      6597.9218      4262.6743      3943.5478     -2161.4924      311.77551      379.3331       4619.6679     -4757.5844     -488.82834      88256.567      44.522787      44.522787      44.522787      0.96059704    -940.55299     -1000.5254     -1446.5251    
    164000   164000         382.31533     -125.05261      15380.75       15541.445      8956.1901      6585.2546      4311.2425      3860.1359     -2159.1405      312.94975      406.13456      4612.0795     -4758.147      -489.63126      88111.84       44.498437      44.498437      44.498437      0.96217486     63.898413      325.23015     -764.28639    
    165000   165000         383.3407      -294.61358      15079.138      15455.731      8980.2106      6475.5201      4222.5647      3811.3738     -2150.3066      313.47904      435.21599      4604.3179     -4761.1246     -492.22136      87648.189      44.420248      44.420248      44.420248      0.96726467    -33.300626     -389.612       -460.92812    
    166000   166000         377.78788      985.67904      16809.659      15540.883      8850.1293      6690.7536      4272.7013      3811.1944     -2017.534       323.00842      442.25968      4617.4199     -4758.2961     -488.79861      88261.935      44.52369       44.52369       44.52369       0.96053862     962.54965      25.366661      1969.1208    
    167000   167000         378.66261     -736.34771      14476.338      15421.344      8870.6209      6550.7234      4230.3327      3844.6002     -2069.1138      320.19275      364.66712      4620.1134     -4760.0689     -490.26115      87998.633      44.479372      44.479372      44.479372      0.96341265    -1495.7805     -1008.3835      295.12083    
    168000   168000         382.11004     -99.907633      15299.988      15428.182      8951.381       6476.8008      4195.8374      3837.3463     -2159.219       317.71358      420.55997      4618.486      -4753.9234     -490.35505      87981.782      44.476532      44.476532      44.476532      0.96359717     572.577        857.39566     -1729.6956    
    169000   169000         381.25998     -2390.8588      12503.908      15590.877      8931.4674      6659.4096      4264.7171      3836.7039     -2007.8208      317.03692      389.69074      4616.1352     -4757.0535     -487.30503      88532.456      44.569131      44.569131      44.569131      0.95760358    -2672.299      -713.75792     -3786.5193    
    170000   170000         378.96937      857.39225      16512.391      15412.493      8877.807       6534.6859      4221.5839      3837.6383     -2168.8589      327.83767      459.93822      4616.5641     -4760.0174     -490.46322      87962.378      44.473262      44.473262      44.473262      0.96380975     169.63114      854.17717      1548.3684    
    171000   171000         379.10139      999.16421      16679.101      15397.041      8880.8998      6516.1415      4100.3155      3855.1122     -2096.5579      311.26285      477.7343       4624.1506     -4755.8761     -490.35215      87982.302      44.47662       44.47662       44.47662       0.96359148     1319.5234     -511.02764      2188.9969    
    172000   172000         379.22751     -679.83794      14586.776      15459.734      8883.8543      6575.8796      4163.5513      3898.0713     -2054.9978      325.5081       384.64535      4617.9645     -4758.8631     -489.99483      88046.461      44.487428      44.487428      44.487428      0.96288931     1145.1815     -2187.905      -996.79038    
    173000   173000         380.23684     -465.02478      14914.796      15509.211      8907.4989      6601.7122      4398.161       3796.0357     -2118.548       300.54541      365.98636      4616.8091     -4757.2773     -492.22718      87647.153      44.420073      44.420073      44.420073      0.96727611    -819.41537     -743.32075      167.66177    
    174000   174000         378.30217      1049.7345      16720.705      15380.056      8862.177       6517.8793      4226.7226      3832.6906     -2143.5192      316.2615       415.43519      4623.3614     -4753.0728     -492.65599      87570.865      44.407182      44.407182      44.407182      0.96811875    -461.38349      2106.8673      1503.7196    
    175000   175000         379.40349      1162.5128      16910.383      15432.462      8887.9768      6544.4851      4279.4777      3835.6779     -2182.5052      294.55336      441.7554       4632.5001     -4756.9741     -494.90934      87172.15       44.339683      44.339683      44.339683      0.97254681    -84.08926       1984.7605      1586.867     
    176000   176000         378.68691      1141.6829      16874.509      15409.598      8871.19        6538.4081      4333.0728      3809.6165     -2236.3462      315.45425      454.90801      4619.3888     -4757.686      -490.35831      87981.196      44.476433      44.476433      44.476433      0.9636036     -17.875136      1855.7077      1587.2162    
    177000   177000         374.53253     -479.4581       14604.763      15224.322      8773.8688      6450.4528      4217.1775      3737.8182     -2103.0634      309.60298      421.12855      4624.8336     -4757.0447     -486.90836      88604.581      44.581231      44.581231      44.581231      0.95682409     401.12378     -1561.4217     -278.0764     
    178000   178000         383.0029      -297.79631      15154.205      15535.508      8972.2972      6563.2107      4179.1321      3812.0786     -2053.9075      323.38648      435.29651      4622.0464     -4754.8219     -491.39238      87796.052      44.445213      44.445213      44.445213      0.96563565    -527.76388     -54.52067      -311.10437    
    179000   179000         379.09789     -628.17091      14648.095      15444.503      8880.8177      6563.6857      4189.2806      3913.7524     -2137.6825      319.44422      420.57372      4615.4376     -4757.1203     -496.27363      86932.507      44.299015      44.299015      44.299015      0.97522779    -1080.7673     -376.03177     -427.71369    
    180000   180000         380.88701     -651.34103      14620.273      15456.465      8922.7301      6533.7353      4282.2065      3759.8802     -2095.4099      325.01433      382.57013      4634.0186     -4754.5446     -490.0967       88028.16       44.484346      44.484346      44.484346      0.9630895     -328.44527     -356.32957     -1269.2483    
    181000   181000         384.89065      968.55139      16726.07       15478.096      9016.5201      6461.5763      4123.376       3876.8697     -2121.3496      309.78654      401.42951      4627.7358     -4756.2716     -488.31087      88350.093      44.538509      44.538509      44.538509      0.95958017     1160.0493      1637.2638      108.34105    
    182000   182000         379.55915     -227.75162      14987.692      15277.67       8891.6234      6386.0468      4161.0669      3889.1261     -2190.1709      306.58135      346.4594       4629.411      -4756.4271     -494.16939      87302.678      44.361803      44.361803      44.361803      0.97109274    -552.57021     -1461.7953      1331.1106    
    183000   183000         378.04252     -510.34279      14814.362      15473.832      8856.0944      6617.7374      4236.7217      3848.0188     -2049.778       320.10658      374.29582      4640.1565     -4751.784      -486.90711      88604.807      44.581269      44.581269      44.581269      0.95682164    -371.97476     -490.92969     -668.12393    
    184000   184000         373.79642      2772.0129      18670.302      15142.301      8756.6245      6385.6765      4266.9449      3836.2739     -2238.3851      310.34676      355.83208      4616.9593     -4762.2953     -494.36294      87268.498      44.356013      44.356013      44.356013      0.97147308     3900.5441      2158.1792      2257.3155    
    185000   185000         384.98745     -1499.2596      13493.399      15413.064      9018.7876      6394.2767      4186.2848      3787.4947     -2170.5656      312.46674      406.73218      4629.16       -4757.2961     -491.39476      87795.626      44.445142      44.445142      44.445142      0.96564032    -2229.3071     -1767.8949     -500.57689    
    186000   186000         382.67756      271.32473      15778.166      15429.865      8964.6757      6465.1888      4103.9775      3857.6254     -2097.5637      309.92718      420.69562      4629.3078     -4758.781      -490.13277      88021.683      44.483255      44.483255      44.483255      0.96316037    -293.79781      503.72893      604.04307    
    187000   187000         374.63509      579.5673       16038.681      15305.544      8776.2713      6529.273       4313.01        3828.2914     -2152.0364      315.00178      349.06793      4632.8717     -4756.9334     -497.39107      86737.204      44.265816      44.265816      44.265816      0.97742367     440.23366      2375.9153     -1077.4471    
    188000   188000         379.27501     -607.13786      14647.484      15425.969      8884.967       6541.0018      4268.4187      3760.0053     -2080.3932      311.22258      411.11671      4630.1432     -4759.5115     -490.70024      87919.89       44.466101      44.466101      44.466101      0.96427551    -715.12507     -717.16559     -389.12293    
    189000   189000         378.79431     -1217.7566      13996.571      15558.727      8873.7061      6685.0207      4374.0415      3818.1614     -2060.2796      324.48626      372.62762      4613.4365     -4757.4529     -490.47349      87960.535      44.472952      44.472952      44.472952      0.96382993    -971.5344      -2160.4868     -521.24867    
    190000   190000         375.36145      181.69464      15458.046      15224.855      8793.2871      6431.5677      4235.0099      3709.8912     -2123.3084      308.65245      449.77117      4611.8378     -4760.2865     -490.24127      88002.202      44.479973      44.479973      44.479973      0.96337358     70.041559      26.747095      448.29528    
    191000   191000         375.75236     -343.24357      14870.251      15307.912      8802.4449      6505.4668      4343.5214      3783.5615     -2178.8043      314.34625      379.3704       4624.8541     -4761.3826     -493.45134      87429.717      44.38331       44.38331       44.38331       0.9696817      1064.5913     -870.3371      -1223.9849    
    192000   192000         381.54113      1153.9709      16937.107      15448.284      8938.0536      6510.2306      4261.953       3776.3942     -2173.0014      312.66889      467.64175      4621.7566     -4757.1825     -487.67562      88465.179      44.557839      44.557839      44.557839      0.95833183     812.11732     -72.165821      2721.9612    
    193000   193000         373.56482      350.82071      15867.231      15417.452      8751.1991      6666.2526      4313.3377      3903.26       -2126.4981      303.82103      409.39251      4620.4953     -4757.5558     -490.755        87910.079      44.464446      44.464446      44.464446      0.96438313    -107.30163      1472.1262     -312.36248    
    194000   194000         375.25999      605.1337       16095.476      15322.972      8790.9103      6532.0613      4221.5619      3802.4855     -2108.2565      319.08677      422.69654      4630.5027     -4756.0156     -492.86682      87533.405      44.400849      44.400849      44.400849      0.96853307     839.58122      1530.2301     -554.41018    
    195000   195000         384.11257     -2037.7252      12771.288      15386.304      8998.2926      6388.0115      4140.831       3766.9109     -2050.8325      312.90531      350.44209      4625.1425     -4757.3878     -490.2872       87993.957      44.478584      44.478584      44.478584      0.96346385    -3259.6502     -734.19208     -2119.3333    
    196000   196000         379.34775     -342.57863      14792.894      15230.819      8886.671       6344.1479      4265.1945      3790.6752     -2209.7557      307.56139      319.76739      4627.1083     -4756.4032     -492.19804      87652.343      44.42095       44.42095       44.42095       0.96721883     239.0895      -819.80908     -447.01631    
    197000   197000         380.16043      1795.8439      17802.844      15502.06       8905.7089      6596.3516      4205.796       3869.2747     -2103.2583      320.30409      438.82217      4622.3064     -4756.8935     -491.10241      87847.891      44.453959      44.453959      44.453959      0.96506582     857.04365      1014.2955      3516.1924    
    198000   198000         376.60144     -588.22367      14578.888      15339.191      8822.3355      6516.8558      4175.2028      3882.6591     -2095.5434      312.3549       370.48298      4627.2588     -4755.5594     -486.78217      88627.551      44.585083      44.585083      44.585083      0.9565761      255.34564     -1012.6597     -1007.3569    
    199000   199000         380.8435      -284.38495      15087.865      15454.36       8921.7108      6532.6492      4210.1273      3760.8139     -2074.1691      323.24814      435.58349      4628.8319     -4751.7864     -488.22206      88366.164      44.541209      44.541209      44.541209      0.95940565     611.92016     -669.65904     -795.41597    
    200000   200000         380.52902      579.34293      16087.675      15342.753      8914.3436      6428.4095      4105.9516      3824.0484     -2127.2146      304.9102       449.61333      4625.2685     -4754.168      -489.33296      88165.554      44.507477      44.507477      44.507477      0.96158866     288.60059      421.68154      1027.7467    
    201000   201000         377.88549     -774.98498      14346.785      15351.522      8852.4158      6499.1062      4175.6966      3775.6963     -2068.2081      315.19142      441.28229      4614.5965     -4755.1488     -485.31122      88896.175      44.630083      44.630083      44.630083      0.95368555    -337.72167     -1521.3305     -465.9028     
    202000   202000         386.01374      745.74809      16527.706      15565.504      9042.8297      6522.6738      4116.5024      3839.5443     -2090.159       323.37626      459.60348      4629.7943     -4755.988      -487.64619      88470.519      44.558735      44.558735      44.558735      0.95827399     413.75233      1750.1848      73.307116    
    203000   203000         378.24767      692.83293      16056.475      15170.218      8860.9004      6309.3172      4127.1153      3746.8295     -2127.3971      312.37473      395.5309       4614.6763     -4759.8123     -491.86725      87711.29       44.430906      44.430906      44.430906      0.9665688      409.02251      752.32458      917.15172    
    204000   204000         376.68825     -378.15585      14877.436      15363.985      8824.369       6539.6161      4203.914       3822.8597     -2055.2602      317.97315      388.60182      4623.7566     -4762.229      -489.01594      88222.71       44.517093      44.517093      44.517093      0.96096568    -1477.7234     -357.99779      701.25365    
    205000   205000         374.70731     -144.27676      15060.607      15245.682      8777.9632      6467.7187      4285.8442      3725.1395     -2112.6538      305.89717      404.40894      4619.2104     -4760.1277     -490.48702      87958.11       44.472543      44.472543      44.472543      0.96385651     342.5851      -1022.7423      247.32695    
    206000   206000         379.89036      1563.2168      17304.956      15297.609      8899.3823      6398.2266      4182.5604      3836.8141     -2229.512       311.07188      438.25392      4613.7303     -4754.6921     -489.97742      88049.591      44.487955      44.487955      44.487955      0.9628551      927.06312      2713.6153      1048.9719    
    207000   207000         378.36753      769.49253      16296.875      15304.833      8863.7082      6441.1246      4269.5289      3759.3225     -2197.3054      311.42274      434.00905      4620.9293     -4756.7825     -488.03769      88399.548      44.546817      44.546817      44.546817      0.95904333    -378.41055      768.19752      1918.6906    
    208000   208000         388.12135      761.9579       16622.138      15642.052      9092.2029      6549.8491      4224.6436      3800.597      -2108.718       318.27866      445.7938       4625.3549     -4756.1008     -489.15475      88197.674      44.512882      44.512882      44.512882      0.96123847     79.005019      826.7861       1380.0826    
    209000   209000         374.59799      389.00221      15767.163      15263.4        8775.4023      6487.9973      4150.4689      3796.9044     -2105.7852      314.33592      478.41816      4608.3634     -4754.7082     -485.85248      88797.141      44.613503      44.613503      44.613503      0.95474918     741.52491     -557.26564      982.74736    
    210000   210000         380.51628      359.90275      15824.333      15362.367      8914.0451      6448.3218      4239.9344      3800.2749     -2165.0983      312.35838      407.20456      4611.8922     -4758.2445     -490.17875      88013.426      44.481864      44.481864      44.481864      0.96325074     598.93508      137.53055      343.24262    
    211000   211000         374.23813     -229.56087      14933.645      15232.011      8766.9721      6465.0394      4265.2316      3708.634      -2119.1386      308.60768      445.4319       4613.7866     -4757.5138     -484.09201      89120.065      44.667519      44.667519      44.667519      0.95128967     634.80566     -937.14688     -386.34139    
    212000   212000         378.31026     -582.9573       14686.83       15435.866      8862.3665      6573.4991      4234.5604      3891.3163     -2144.1441      303.54211      409.22928      4632.2772     -4753.2821     -489.68138      88102.82       44.496919      44.496919      44.496919      0.96227336     855.81541     -3203.1745      598.48722    
    213000   213000         373.25367      63.404557      15268.444      15187.227      8743.9099      6443.3171      4360.068       3743.8012     -2177.6377      305.47455      337.8765       4630.5016     -4756.7671     -491.19132      87831.989      44.451277      44.451277      44.451277      0.96524054    -558.4859       1687.4562     -938.75663    
    214000   214000         374.17138     -677.45161      14430.995      15298.742      8765.4083      6533.3339      4195.6836      3842.6894     -2079.015       315.21586      401.04927      4618.8329     -4761.1222     -491.20656      87829.265      44.450817      44.450817      44.450817      0.96527049    -2220.7559      303.00751     -114.60641    
    215000   215000         376.56367      1520.4145      17278.985      15312.936      8821.4507      6491.485       4282.2796      3764.3219     -2161.308       297.68182      446.10837      4616.6768     -4754.2754     -486.57175      88665.877      44.591509      44.591509      44.591509      0.95616262     324.34319      2660.4018      1576.4984    
    216000   216000         370.47913     -1467.0081      13184.81       15065.275      8678.913       6386.362       4243.5933      3750.5332     -2138.7624      297.58263      371.63138      4623.6424     -4761.8586     -490.84746      87893.52       44.461654      44.461654      44.461654      0.96456482     37.76324      -2913.2585     -1525.529     
    217000   217000         372.19843      985.69143      16589.216      15325.852      8719.1898      6606.6618      4272.9768      3864.1692     -2129.0087      310.23911      430.79393      4615.6415     -4758.1501     -490.89851      87884.379      44.460113      44.460113      44.460113      0.96466514     664.42613      651.94529      1640.7029    
    218000   218000         372.2371      -388.07312      14656.843      15154.958      8720.0957      6434.8627      4175.5986      3700.3321     -2071.4124      320.14305      455.00739      4616.2933     -4761.0993     -490.18865      88011.648      44.481564      44.481564      44.481564      0.96327019    -119.62002      447.98971     -1492.5891    
    219000   219000         372.45271     -1650.7748      13116.969      15241.302      8725.1466      6516.1553      4112.0231      3866.2065     -2025.4568      316.31853      374.72399      4628.9223     -4756.5824     -488.92766      88238.638      44.519772      44.519772      44.519772      0.96079222    -725.08919     -1649.3051     -2577.9301    
    220000   220000         373.38532      946.34324      16460.552      15243.918      8746.9941      6496.9237      4167.2313      3824.9212     -2119.0117      327.316        413.8876       4636.9542     -4754.3749     -489.40462      88152.644      44.505305      44.505305      44.505305      0.96172948     949.86921      1433.3         455.8605     
    221000   221000         379.10042      290.30397      15533.206      15160.5        8880.877       6279.6232      4161.2135      3708.2155     -2163.4139      297.58449      422.77671      4611.1148     -4757.8679     -490.07846      88031.437      44.484898      44.484898      44.484898      0.96305365    -112.09593      542.43182      440.57601    
    222000   222000         377.33084      241.88046      15538.502      15229.065      8839.4225      6389.643       4198.936       3728.916      -2100.7278      312.33073      382.47076      4625.4168     -4757.6995     -491.82248      87719.275      44.432254      44.432254      44.432254      0.96648082    -591.49553     -295.28734      1612.4242    
    223000   223000         376.28919     -736.30524      14161.704      15115.65       8815.0205      6300.63        4143.8662      3699.5006     -2092.8087      309.52724      369.62106      4623.6869     -4752.7633     -485.63852      88836.263      44.620054      44.620054      44.620054      0.95432872    -29.374886      480.36244     -2659.9033    
    224000   224000         375.5454      -1214.8004      13631.442      15198.167      8797.5964      6400.5703      4159.6527      3807.4896     -2118.9459      305.50097      387.76608      4612.8001     -4753.6933     -487.85586      88432.496      44.552351      44.552351      44.552351      0.95868601    -388.50205     -1531.717      -1724.182     
    225000   225000         375.13682     -475.58825      14729.575      15336.227      8788.0249      6548.2016      4324.0541      3784.1367     -2126.6852      302.04996      415.9732       4606.9344     -4758.2615     -493.25469      87464.573      44.389208      44.389208      44.389208      0.96929527    -516.02985     -659.9793      -250.75561    
    226000   226000         374.02041      1064.7609      16525.303      15155.194      8761.8718      6393.3218      4197.2115      3807.0086     -2216.3209      298.75746      455.68702      4608.6767     -4757.6986     -488.96324      88232.218      44.518692      44.518692      44.518692      0.96086213     235.19299      1113.8453      1845.2444    
    227000   227000         374.04941      477.97491      15762.701      15154.286      8762.551       6391.7346      4254.7503      3813.0805     -2252.0695      297.24259      421.96891      4617.3534     -4760.5916     -494.2928       87280.881      44.358111      44.358111      44.358111      0.97133526     2215.4089     -723.06649     -58.417718    
    228000   228000         372.33935     -1044.814       13915.034      15260.652      8722.4909      6538.1612      4142.1469      3848.6289     -2050.1159      313.87298      428.32267      4616.6073     -4761.3016     -488.53603      88309.374      44.531665      44.531665      44.531665      0.96002262    -1678.3386     -297.85405     -1158.2492    
    229000   229000         375.62177     -488.67107      14569.858      15195.259      8799.3854      6395.8738      4225.7335      3749.6011     -2150.4723      306.44438      396.82522      4625.299      -4757.5571     -491.62838      87753.907      44.438101      44.438101      44.438101      0.9660994     -329.39495     -212.40353     -924.21472    
    230000   230000         373.99794     -752.67998      14253.263      15228.627      8761.3454      6467.282       4248.7374      3757.5232     -2135.1014      313.89313      429.79352      4606.3522     -4753.916      -485.53739      88854.766      44.623152      44.623152      44.623152      0.95412999    -1618.5521     -472.95794     -166.52995    
    231000   231000         373.58237     -67.807499      15122.987      15209.709      8751.61        6458.0988      4147.567       3849.6109     -2099.687       312.22874      392.17812      4615.0157     -4758.8146     -491.95879      87694.969      44.42815       44.42815       44.42815       0.96674869    -381.75656      1095.5036     -917.1695     
    232000   232000         369.08619     -63.527895      14897.908      14979.38       8646.2818      6333.0981      4109.2419      3815.0085     -2161.6624      313.85532      393.7003       4617.8714     -4754.9169     -490.60853      87936.326      44.468871      44.468871      44.468871      0.96409529    -177.03674      354.75247     -368.29942    
    233000   233000         373.67242     -205.60252      14886.811      15150.504      8753.7198      6396.7841      4143.3216      3795.015      -2130.9225      314.04144      422.56802      4606.2748     -4753.5142     -490.5793       87941.565      44.469754      44.469754      44.469754      0.96403785     1134.4822     -1295.0319     -456.25777    
    234000   234000         375.42714     -20.98359       15276.154      15302.853      8794.8262      6508.0265      4293.7465      3801.9364     -2115.0188      300.74615      368.83172      4615.2656     -4757.4811     -494.497        87244.838      44.352004      44.352004      44.352004      0.97173654    -1477.6552     -39.046708      1453.7511    
    235000   235000         374.77459     -74.131941      15078.861      15173.492      8779.5393      6393.9522      4103.8019      3780.2249     -2052.1609      315.28298      382.89267      4622.1683     -4758.2576     -492.89607      87528.211      44.399971      44.399971      44.399971      0.96859053    -200.37699     -998.90571      976.88687    
    236000   236000         370.57582      250.88402      15457.527      15137.553      8681.1782      6456.3745      4257.5575      3793.4682     -2137.2231      310.78156      380.408        4610.0858     -4758.7035     -493.32982      87451.253      44.386954      44.386954      44.386954      0.96944291     561.75965     -1577.9272      1768.8196    
    237000   237000         374.99296      53.232048      15200.693      15132.434      8784.6549      6347.7795      4176.8666      3774.2458     -2172.8934      307.15983      397.10845      4621.3865     -4756.0943     -490.67843      87923.797      44.466759      44.466759      44.466759      0.96423266    -422.27795      479.05468      102.91942    
    238000   238000         371.02834      895.75169      16283.104      15135.098      8691.779       6443.3189      4194.6364      3893.0301     -2183.312       304.88654      375.22014      4621.5629     -4762.7052     -490.9337       87878.081      44.459051      44.459051      44.459051      0.96473428     352.61972      1007.4355      1327.1998    
    239000   239000         376.18361     -681.66826      14283.071      15155.903      8812.5472      6343.3554      4231.8189      3684.4265     -2078.9878      310.72881      343.98916      4612.3493     -4760.9695     -491.38516      87797.342      44.445431      44.445431      44.445431      0.96562145     22.023588     -531.42423     -1535.6041    
    240000   240000         373.47443      773.37441      16192.084      15201.643      8749.0816      6452.561       4224.8332      3808.042      -2161.5176      322.24421      394.3605       4623.1589     -4758.5602     -491.29267      87813.87       44.44822       44.44822       44.44822       0.96543971     176.33472      1795.1898      348.59875    
    241000   241000         371.10336     -447.8612       14522.609      15096.019      8693.5365      6402.4826      4168.5586      3754.2149     -2083.9634      320.03699      387.95686      4618.2429     -4762.5642     -491.42559      87790.119      44.444212      44.444212      44.444212      0.9657009     -0.71193263    -349.15169     -993.71996    
    242000   242000         366.77618     -131.00214      14749.696      14917.125      8592.1671      6324.9574      4049.3295      3772.2191     -2088.3734      308.16336      430.58072      4615.9273     -4762.889      -492.29938      87634.298      44.417902      44.417902      44.417902      0.96741799    -1140.272      -38.131806      785.39739    
    243000   243000         370.5581       715.93684      16048.204      15123.52       8680.7631      6442.7568      4144.7641      3803.8988     -2163.1636      310.14607      481.7616       4623.4865     -4758.1367     -487.14769      88561.05       44.573929      44.573929      44.573929      0.95729439    -434.80985      1567.5923      1015.0281    
    244000   244000         373.29107     -1087.1032      13598.811      14994.769      8744.7862      6249.9823      4079.521       3720.7392     -2093.1695      308.0669       380.2283       4615.5856     -4760.9892     -489.97938      88049.239      44.487896      44.487896      44.487896      0.96285894    -1378.5304     -1093.2194     -789.55962    
    245000   245000         369.91495      985.82816      16356.26       15083.967      8665.6965      6418.2706      4182.9773      3778.5334     -2197.4796      316.23224      479.58866      4617.4187     -4759.0001     -487.52102      88493.233      44.562549      44.562549      44.562549      0.95802802    -739.84472      1981.5787      1715.7505    
    246000   246000         377.50258     -131.73545      15037.244      15208.199      8843.4457      6364.7535      4120.088       3799.1352     -2114.9134      319.16476      377.78614      4616.3252     -4752.8324     -484.84259      88982.099      44.644457      44.644457      44.644457      0.95276463    -540.42461      670.58701     -525.36876    
    247000   247000         374.96116      1487.7341      16935.102      15028.506      8783.91        6244.5957      4095.2957      3743.8775     -2188.4064      302.56969      430.36975      4616.1381     -4755.2486     -490.95976      87873.416      44.458264      44.458264      44.458264      0.9647855      2345.494       1140.6892      977.01925    
    248000   248000         370.84671      387.83191      15485.743      14984.323      8687.5241      6296.7988      4102.7036      3701.15       -2168.8528      322.42856      468.03403      4626.693      -4755.3575     -486.65463      88650.777      44.588978      44.588978      44.588978      0.95632548     334.55357      1299.2848     -470.34268    
    249000   249000         373.68663      1085.0027      16516.092      15130.663      8754.0525      6376.6105      4169.2873      3831.1031     -2182.013       307.85134      378.00929      4634.9564     -4762.584      -492.74919      87554.301      44.404382      44.404382      44.404382      0.96830191     591.67147      974.39549      1688.9411    
    250000   250000         370.97876     -175.7565       14896.921      15122.096      8690.6174      6431.4785      4117.6928      3898.6202     -2155.2385      313.65608      384.84105      4632.5244     -4760.6174     -491.10086      87848.169      44.454006      44.454006      44.454006      0.96506277    -776.34301      1476.2102     -1227.1367    
Loop time of 1090.9 on 1 procs for 250000 steps with 7860 atoms

Performance: 19.800 ns/day, 1.212 hours/ns, 229.169 timesteps/s, 1.801 Matom-step/s
100.0% CPU use with 1 MPI tasks x 1 OpenMP threads

MPI task timing breakdown:
Section |  min time  |  avg time  |  max time  |%varavg| %total
---------------------------------------------------------------
Pair    | 503.24     | 503.24     | 503.24     |   0.0 | 46.13
Bond    | 174.67     | 174.67     | 174.67     |   0.0 | 16.01
Kspace  | 199.89     | 199.89     | 199.89     |   0.0 | 18.32
Neigh   | 116.5      | 116.5      | 116.5      |   0.0 | 10.68
Comm    | 7.6479     | 7.6479     | 7.6479     |   0.0 |  0.70
Output  | 3.5958     | 3.5958     | 3.5958     |   0.0 |  0.33
Modify  | 64.686     | 64.686     | 64.686     |   0.0 |  5.93
Other   |            | 20.67      |            |       |  1.89

Nlocal:           7860 ave        7860 max        7860 min
Histogram: 1 0 0 0 0 0 0 0 0 0
Nghost:          19513 ave       19513 max       19513 min
Histogram: 1 0 0 0 0 0 0 0 0 0
Neighs:              0 ave           0 max           0 min
Histogram: 1 0 0 0 0 0 0 0 0 0
FullNghs:  4.47478e+06 ave 4.47478e+06 max 4.47478e+06 min
Histogram: 1 0 0 0 0 0 0 0 0 0

Total # of neighbors = 4474778
Ave neighs/atom = 569.31018
Ave special neighs/atom = 5.8625954
Neighbor list builds = 9116
Dangerous builds = 0

# --- Cleanup ---
unfix npt_fix

undump dump_npt

# --- Write Output ---
write_dump all custom cool_block_08_last.dump id type mol x y z xu yu zu vx vy vz modify sort id
write_data /home/arz2/PolyJarvis_v2/data/aPS_3/attempts/cooling/attempt-0001/work/cool_block_08/cool_block_08_out.data
System init for write_data ...
PPPM Kokkos initialization ...
  using 12-bit tables for long-range coulomb
  G vector (1/distance) = 0.29615063
  grid = 30 30 30
  stencil order = 5
  estimated absolute RMS force accuracy = 0.00037763194
  estimated relative force accuracy = 1.1372274e-06
  using double precision cuFFT
  3d grid and FFT values/proc = 50653 27000
Generated 6 of 6 mixed pair_coeff terms from sixthpower/sixthpower mixing rule
write_restart /home/arz2/PolyJarvis_v2/data/aPS_3/attempts/cooling/attempt-0001/work/cool_block_08/cool_block_08_out.restart
System init for write_restart ...
PPPM Kokkos initialization ...
  using 12-bit tables for long-range coulomb
  G vector (1/distance) = 0.29615063
  grid = 30 30 30
  stencil order = 5
  estimated absolute RMS force accuracy = 0.00037763194
  estimated relative force accuracy = 1.1372274e-06
  using double precision cuFFT
  3d grid and FFT values/proc = 50653 27000
Generated 6 of 6 mixed pair_coeff terms from sixthpower/sixthpower mixing rule

print "STAGE COMPLETE: NPT T=398.0->373.0K P=1.0->1.0atm steps=250000"
STAGE COMPLETE: NPT T=398.0->373.0K P=1.0->1.0atm steps=250000
quit
