units real
atom_style full
boundary p p p

# --- Force Field Styles ---
pair_style lj/class2/coul/long 9.5 9.5
kspace_style pppm 1e-6
dielectric 1.000000
bond_style class2
angle_style class2
dihedral_style class2
improper_style class2
special_bonds lj/coul 0 0 1
pair_modify mix sixthpower tail yes
neighbor 2.0 bin
neigh_modify delay 0 every 1 check yes
neigh_modify one 4000
# KOKKOS: package loaded via -pk kokkos on the command line

read_data /home/alexzhao/PolyJarvis/data/PEG_COMPASS_2/attempts/cooling/attempt-0001/work/cool_block_02/cool_block_02_out.data
Reading data file ...
  orthogonal box = (3.7941017 3.7941017 3.7941017) to (47.727956 47.727956 47.727956)
  1 by 1 by 1 MPI processor grid
  reading atoms ...
  8000 atoms
  reading velocities ...
  8000 velocities
  scanning bonds ...
  4 = max bonds/atom
  scanning angles ...
  10 = max angles/atom
  scanning dihedrals ...
  16 = max dihedrals/atom
  scanning impropers ...
  7 = max impropers/atom
  orthogonal box = (3.7941017 3.7941017 3.7941017) to (47.727956 47.727956 47.727956)
  1 by 1 by 1 MPI processor grid
  reading bonds ...
  7990 bonds
  reading angles ...
  14820 angles
  reading dihedrals ...
  17070 dihedrals
  reading impropers ...
  9120 impropers
Finding 1-2 1-3 1-4 neighbors ...
  special bond factors lj:    0        0        1       
  special bond factors coul:  0        0        1       
     4 = max # of 1-2 neighbors
     6 = max # of 1-3 neighbors
     8 = max # of special neighbors
  special bonds CPU = 0.003 seconds
  read_data CPU = 0.218 seconds


# --- Thermo Output ---
thermo_style custom step time temp press enthalpy etotal ke pe ebond eangle edihed eimp evdwl ecoul elong etail vol lx ly lz density pxx pyy pzz
thermo_modify flush yes
thermo 1000

# --- Trajectory ---
dump dump_npt all custom 1000 cool_block_03.dump id type mol x y z ix iy iz vx vy vz


# --- Restart Checkpointing ---
restart 10000 npt_1.rst npt_2.rst

# --- Initial Velocities (optional) ---
# Velocities read from data file

# --- SHAKE Constraints ---
# SHAKE disabled

# --- NPT Thermostat + Barostat (Nose-Hoover) ---
# T_damp = 100.0 fs  (heat bath coupling)
# P_damp = 1000.0 fs  (pressure bath coupling, ~10x T_damp typical)
# Ramp: T=450.0->425.0K  P=1.0->1.0atm
timestep 1.0
fix npt_fix all npt temp 450.0 425.0 100.0 iso 1.0 1.0 1000.0

run 250000
PPPM Kokkos initialization ...
  using 12-bit tables for long-range coulomb
  G vector (1/distance) = 0.3122646
  grid = 36 36 36
  stencil order = 5
  estimated absolute RMS force accuracy = 0.00024697056
  estimated relative force accuracy = 7.4374452e-07
  using double precision cuFFT
  3d grid and FFT values/proc = 79507 46656
Generated 15 of 15 mixed pair_coeff terms from sixthpower/sixthpower mixing rule
Neighbor list info ...
  update: every = 1 steps, delay = 0 steps, check = yes
  max neighbors/atom: 4000, page size: 100000
  master list distance cutoff = 11.5
  ghost atom cutoff = 11.5
  binsize = 11.5, bins = 4 4 4
  1 neighbor lists, perpetual/occasional/extra = 1 0 0
  (1) pair lj/class2/coul/long/kk, perpetual
      attributes: full, newton off, kokkos_device
      pair build: full/bin/kk/device
      stencil: full/bin/3d
      bin: kk/device
Per MPI rank memory allocation (min/avg/max) = 36.88 | 36.88 | 36.88 Mbytes
   Step          Time           Temp          Press         Enthalpy        TotEng         KinEng         PotEng         E_bond        E_angle        E_dihed        E_impro         E_vdwl         E_coul         E_long         E_tail         Volume           Lx             Ly             Lz          Density          Pxx            Pyy            Pzz      
         0   0              447.68553      1259.442       19771.08       18213.494      10674.39       7539.1042      3926.8581      7674.4611     -6374.7725     -84.680049     -2676.5616      12993.638     -7919.8387     -345.10643      84800.4        43.933854      43.933854      43.933854      0.98381063     2206          -161.8473       1734.1732    
      1000   1000           448.87333     -1316.104       16629.388      18257.015      10702.711      7554.3042      3917.7173      7943.9698     -6498.9113     -91.581082     -2743.3373      12955.548     -7929.1008     -345.11351      84798.661      43.933553      43.933553      43.933553      0.98383081     20.33049      -2247.3324     -1721.3102    
      2000   2000           446.18996     -329.11065      17697.723      18099.545      10638.73       7460.8147      4059.0777      7676.8833     -6436.9525     -84.184668     -2799.1254      12974.953     -7929.8366     -349.57057      83717.469      43.746035      43.746035      43.746035      0.99653676     839.36085     -1890.077       63.384174    
      3000   3000           452.43315      512.67568      19097.958      18464.223      10787.59       7676.6333      3937.8622      7963.1909     -6426.1639     -86.784307     -2706.9256      12938.167     -7942.7128     -345.27234      84759.652      43.926816      43.926816      43.926816      0.98428361    -16.796063      1658.4408     -103.61771    
      4000   4000           444.39064     -113.27206      17629.497      17765.652      10595.828      7169.8236      3937.5832      7542.6726     -6397.8911     -87.631364     -2812.3728      12930.702     -7943.2389     -355.07278      82420.184      43.518895      43.518895      43.518895      1.0122222      941.72138     -1583.5041      301.96657    
      5000   5000           450.29199     -230.66373      18029.153      18310.35       10736.537      7573.8135      4048.6569      7747.7191     -6440.864      -85.327164     -2763.5965      12989.563     -7922.3375     -350.10209      83590.371      43.723886      43.723886      43.723886      0.99805199     1420.2353     -870.13464     -1242.0919    
      6000   6000           456.87914     -311.22784      18003.41       18383.515      10893.598      7489.9178      4007.7453      7689.1805     -6449.4389     -88.478269     -2776.2785      13016.618     -7909.43       -349.46326      83743.178      43.750513      43.750513      43.750513      0.99623083     105.17138     -887.28269     -151.57223    
      7000   7000           445.56341      834.42443      19385.724      18358.274      10623.791      7734.4833      4203.1346      7633.8483     -6389.2632     -86.516274     -2676.101       12975.683     -7926.3021     -346.61983      84430.149      43.86982       43.86982       43.86982       0.98812493     682.91637     -70.820124      1891.1771    
      8000   8000           452.20575     -1635.8354      16467.223      18482.667      10782.168      7700.4992      4067.6875      7827.2028     -6448.5649     -84.680116     -2729.7058      12991.138     -7922.5781     -346.41419      84480.268      43.878499      43.878499      43.878499      0.98753871    -1445.4969     -2189.9585     -1272.051     
      9000   9000           447.93226     -1079.1311      16972.857      18274.818      10680.273      7594.545       4005.2712      7776.6279     -6408.7127     -88.082358     -2754.2016      12985.066     -7921.423      -353.7554       82727.114      43.572849      43.572849      43.572849      1.0084667     -1041.5031      599.77513     -2795.6653    
     10000   10000          454.55565     -906.55766      17212.706      18319.376      10838.197      7481.1783      4032.352       7722.7074     -6457.2159     -88.083399     -2778.6484      12977.744     -7927.6778     -349.62636      83704.111      43.743708      43.743708      43.743708      0.99669579    -105.57915     -1138.4643     -1475.6295    
     11000   11000          451.55066      1059.9137      19279.802      18000.349      10766.548      7233.8016      3929.965       7549.3596     -6439.1485     -79.864903     -2824.4483      13018.897     -7920.9583     -353.56816      82770.924      43.580539      43.580539      43.580539      1.0079329      1220.6628      1749.736       209.34231    
     12000   12000          449.03455     -25.77742       18152.884      18184.159      10706.555      7477.6043      4014.5558      7699.3667     -6453.4166     -90.177629     -2777.4109      13006.117     -7921.4303     -351.77315      83193.284      43.654541      43.654541      43.654541      1.0028158      1631.7533     -423.79238     -1285.2932    
     13000   13000          447.17423      305.28121      18387.489      18015.552      10662.199      7353.3532      3882.847       7681.3887     -6437.0101     -86.721046     -2788.9759      13022.049     -7920.2247     -350.31357      83539.908      43.715085      43.715085      43.715085      0.99865486     729.06776     -479.43625      666.21212    
     14000   14000          447.57622      1147.9408      19698.466      18301.856      10671.784      7630.072       4004.6038      7795.1926     -6408.2562     -87.432982     -2731.62        12988.976     -7931.3908     -350.80934      83421.849      43.694483      43.694483      43.694483      1.0000682      365.94922      1461.6762      1616.1969    
     15000   15000          451.95275      580.39419      18911.863      18213.293      10776.135      7437.1575      3972.4114      7594.0329     -6348.8808     -88.886908     -2762.6379      12983.474     -7912.355      -354.60078      82529.891      43.538195      43.538195      43.538195      1.0108766      421.3601       357.34631      962.47617    
     16000   16000          446.52268      851.40623      19042.087      18019.168      10646.663      7372.5048      3968.4097      7796.4303     -6454.2397     -85.798984     -2867.361       12945.771     -7930.7068     -355.24054      82381.262      43.512044      43.512044      43.512044      1.0127004      852.96513      1009.2173      692.03628    
     17000   17000          441.40237     -474.07907      17401.577      17980.281      10524.577      7455.7033      4007.9766      7686.138      -6389.1741     -83.365515     -2805.8324      12965.661     -7925.6998     -349.64001      83700.842      43.743139      43.743139      43.743139      0.99673472    -1268.1696     -907.767        753.6994     
     18000   18000          448.79865      474.71462      18768.303      18188.629      10700.931      7487.6988      3903.7277      7828.424      -6413.0812     -85.881429     -2798.4716      12979.009     -7926.0276     -349.52305      83728.852      43.748018      43.748018      43.748018      0.99640128     1062.567       718.94727     -357.37045    
     19000   19000          453.37972      1149.6275      19779.804      18384.877      10810.159      7574.7183      4006.5679      7800.7524     -6426.1059     -87.571122     -2768.4501      12980.306     -7930.7807     -351.74871      83199.066      43.655552      43.655552      43.655552      1.0027461     -193.83508      1623.4078      2019.3097    
     20000   20000          449.82574      553.11922      18805.968      18133.775      10725.42       7408.3553      3906.6172      7772.0918     -6455.5888     -94.811658     -2818.203       13013.636     -7915.3864     -351.19796      83329.538      43.67836       43.67836       43.67836       1.001176      -1026.398       2712.1462     -26.390515    
     21000   21000          447.34719      36.519099      18014.031      17969.994      10666.323      7303.6719      3980.7868      7571.5526     -6309.1692     -87.042099     -2880.4983      12947.218     -7919.1762     -353.94068      82683.808      43.565245      43.565245      43.565245      1.0089948      430.86257     -314.43561     -6.8696619    
     22000   22000          455.25522     -302.99939      18029.027      18398.421      10854.878      7543.5433      4100.9775      7677.9741     -6356.4609     -89.797395     -2845.0526      12972.995     -7917.0927     -350.08937      83593.407      43.724415      43.724415      43.724415      0.99801573    -792.66544     -668.34895      552.01621    
     23000   23000          447.2355      -449.51235      17617.597      18166.915      10663.659      7503.256       4038.6049      7804.3869     -6535.2059     -88.117137     -2786.6545      12990.735     -7920.4929     -349.25661      83792.727      43.75914       43.75914       43.75914       0.99564173     233.86459     -2256.3716      673.97       
     24000   24000          439.16353      1171           19242.575      17816.382      10471.196      7345.1867      3880.0592      7678.1123     -6435.9525     -87.164831     -2739.3538      12974.393     -7924.9069     -350.43348      83511.324      43.710099      43.710099      43.710099      0.99899668     1237.6901      656.77228      1618.5376    
     25000   25000          448.84787      440.47731      18662.338      18120.484      10702.104      7418.3803      3873.1902      7655.0337     -6407.83       -76.717302     -2696.5158      12982.429     -7911.2091     -346.9511       84349.534      43.855853      43.855853      43.855853      0.98906932     467.37115     -173.87844      1027.9392    
     26000   26000          444.52215      1612.9969      20171.557      18223.297      10598.964      7624.3333      3950.6939      7906.7348     -6450.3865     -88.479803     -2780.4901      12988.181     -7901.9198     -353.35686      82820.421      43.589225      43.589225      43.589225      1.0073305      2825.899       2079.0467     -65.955019    
     27000   27000          447.23293      81.337581      18225.302      18126.212      10663.598      7462.6135      4013.4872      7566.0433     -6318.673      -86.830053     -2744.5313      12956.651     -7923.5341     -350.33752      83534.197      43.714089      43.714089      43.714089      0.99872314    -52.385164      142.20747      154.19043    
     28000   28000          441.66628      875.12594      19055.609      17999.997      10530.87       7469.1273      3970.2359      7679.8509     -6353.9853     -87.354719     -2751.3475      12937.255     -7925.5266     -353.82866      82709.986      43.569842      43.569842      43.569842      1.0086755     -759.70598      3222.7543      162.32954    
     29000   29000          454.52028      325.78652      18568.632      18173.837      10837.354      7336.4828      3993.8787      7587.2011     -6394.2084     -86.610582     -2781.3812      12939.859     -7922.2562     -352.1987       83092.765      43.636952      43.636952      43.636952      1.0040289      174.4472       161.51401      641.39835    
     30000   30000          438.79349     -1206.7893      16516.054      17997.164      10462.372      7534.7914      3983.5045      7764.2755     -6394.2722     -84.30225      -2774.9154      12958.968     -7918.4665     -347.75311      84155.001      43.822113      43.822113      43.822113      0.99135565    -1392.9564     -321.27552     -1906.136     
     31000   31000          446.05457      654.85723      18837.21       18046.954      10635.502      7411.4519      3967.9936      7793.3249     -6520.2896     -91.383114     -2772.2675      12967.924     -7933.8501     -353.6759       82745.71       43.576114      43.576114      43.576114      1.00824        59.542404      1438.5358      466.49345    
     32000   32000          440.14323     -507.33838      17412.536      18033.001      10494.555      7538.4459      4021.3644      7736.4293     -6448.8032     -85.289094     -2723.2189      12957.265     -7919.3019     -348.98531      83857.867      43.770476      43.770476      43.770476      0.99486833     755.51138     -1391.899      -885.62751    
     33000   33000          447.23091      470.25322      18303.928      17735.251      10663.55       7071.7011      3795.9801      7654.8944     -6534.3562     -82.598901     -2837.4683      13007.018     -7931.7679     -352.9337       82919.72       43.606638      43.606638      43.606638      1.0061242     -270.22625      1386.6339      294.35197    
     34000   34000          452.16403      39.412779      18144.839      18097.219      10781.173      7316.0463      3919.3224      7584.9566     -6329.2253     -84.960025     -2797.6391      12955.715     -7932.1229     -353.24573      82846.475      43.593795      43.593795      43.593795      1.0070137      241.25746     -507.54548      384.52635    
     35000   35000          449.24644      862.04841      19313.439      18268.193      10711.607      7556.5859      3963.4262      7802.5588     -6403.0595     -87.771116     -2815.88        13004.902     -7907.5899     -351.99801      83140.138      43.645243      43.645243      43.645243      1.0034568      1154.1622      210.11304      1221.87      
     36000   36000          446.44263     -806.55236      17076.993      18050.535      10644.755      7405.7803      3946.0139      7697.7829     -6366.6153     -81.510218     -2840.5678      12975.647     -7924.9701     -353.59381      82764.921      43.579486      43.579486      43.579486      1.008006      -564.36853     -763.14829     -1092.1403    
     37000   37000          443.59666      163.53494      18037.611      17838.177      10576.897      7261.2799      3912.1294      7623.9804     -6421.6806     -84.73933      -2823.1499      12976.379     -7921.6388     -349.9747       83620.798      43.72919       43.72919       43.72919       0.99768882     169.44881     -320.56581      641.72183    
     38000   38000          449.43821     -238.34337      17830.757      18120.689      10716.18       7404.5093      3982.4961      7667.8265     -6530.4798     -86.067211     -2739.4222      13024.094     -7913.9378     -350.86         83409.804      43.69238       43.69238       43.69238       1.0002126     -864.7062      -204.36191      354.03801    
     39000   39000          439.56616     -138.40708      17603.267      17771.3        10480.795      7290.5042      3903.134       7694.2041     -6440.6538     -90.608989     -2781.6843      12939.231     -7933.1177     -351.5527       83245.453      43.663664      43.663664      43.663664      1.0021873      559.06363     -403.83817     -570.4467     
     40000   40000          441.38398      457.21749      18529.016      17966.316      10524.139      7442.1777      4024.3355      7670.9289     -6512.5649     -85.046694     -2738.2746      12999.439     -7916.6392     -346.79538      84387.408      43.862416      43.862416      43.862416      0.98862541     290.80258      1152.5619     -71.712041    
     41000   41000          444.23261      1062.0676      19259.843      17966.663      10592.06       7374.6028      3871.7783      7767.4977     -6519.4518     -89.516564     -2728.8         12985.107     -7912.0119     -350.52572      83489.348      43.706265      43.706265      43.706265      0.99925964    -376.78756      2836.0134      726.9768     
     42000   42000          449.81768      1312.4336      19621.523      18033.839      10725.228      7308.6108      3873.3012      7649.3082     -6429.7362     -89.788539     -2758.5203      12977.172     -7913.1256     -352.80935      82948.946      43.611761      43.611761      43.611761      1.0057697      2207.833       1092.6186      636.8494     
     43000   43000          452.15298      73.678516      18267.84       18177.941      10780.909      7397.0313      3892.1344      7679.9082     -6374.233      -88.541423     -2716.3983      12927.898     -7923.7364     -349.7928       83664.282      43.736769      43.736769      43.736769      0.99717028    -432.84027      407.46227      246.41355    
     44000   44000          446.25159      573.92745      18811.777      18114.992      10640.2        7474.7922      3992.4253      7586.3306     -6300.1239     -83.275002     -2775.1858      12979.778     -7925.157      -351.54842      83246.467      43.663841      43.663841      43.663841      1.0021751      857.48277      1436.6684     -572.36887    
     45000   45000          449.05236      1139.8297      19338.517      17972.96       10706.98       7265.9807      3918.5585      7742.1616     -6448.4585     -85.79706      -2913.6642      12981.913     -7928.7322     -356.2517       82147.436      43.470837      43.470837      43.470837      1.015583       3103.6573     -927.25173      1243.0834    
     46000   46000          437.22321      503.75691      18397.471      17783.042      10424.931      7358.1108      4022.0673      7478.4979     -6355.8948     -82.677179     -2754.3961      12976.993     -7926.479      -349.92602      83632.432      43.731218      43.731218      43.731218      0.99755004    -773.7156       2814.7778     -529.79146    
     47000   47000          444.10836     -621.82472      17323.522      18083.117      10589.097      7494.02        3973.0705      7652.2208     -6355.894      -83.921097     -2716.4043      12950.925     -7925.9772     -349.39175      83760.317      43.753497      43.753497      43.753497      0.99602698    -1102.1359     -48.846723     -714.49159    
     48000   48000          436.39952      760.74387      18698.406      17763.607      10405.292      7358.3156      3860.4028      7595.9143     -6353.6713     -83.378776     -2731.8679      12985.06      -7914.1438     -347.33409      84256.525      43.839728      43.839728      43.839728      0.99016112     1224.4026     -313.15705      1370.986     
     49000   49000          451.08461     -960.01906      17259.777      18420.191      10755.436      7664.7555      4110.2474      7795.2222     -6391.8651     -84.61948      -2818.1375      12976.362     -7922.4538     -353.09681      82881.415      43.599923      43.599923      43.599923      1.0065892     -143.28101     -1069.3075     -1667.4687    
     50000   50000          446.33057     -536.87315      17162.876      17806.969      10642.083      7164.8864      3887.6773      7596.6504     -6460.6336     -82.445907     -2826.5237      12985.933     -7935.771      -355.75416      82262.323      43.491093      43.491093      43.491093      1.0141646     -369.31727     -1187.4896     -53.812539    
     51000   51000          446.31139     -145.25521      17775.029      17950.583      10641.625      7308.958       3936.1661      7700.3847     -6526.6492     -89.414185     -2777.0588      12991.822     -7926.2922     -353.14082      82871.087      43.598112      43.598112      43.598112      1.0067146     -67.648213      171.38846     -539.50587    
     52000   52000          441.30485     -486.43317      17181.09       17773.599      10522.252      7251.3469      3887.0529      7507.3157     -6333.3509     -85.245922     -2793.2126      12986.567     -7917.7796     -350.39278      83521.024      43.711791      43.711791      43.711791      0.99888065     1427.5914     -1744.1382     -1142.7528    
     53000   53000          443.74778     -1029.2217      16636.789      17874.276      10580.5        7293.7757      3930.7928      7667.7514     -6422.2775     -83.47463      -2814.1933      12949.944     -7934.767      -354.97288      82443.378      43.522977      43.522977      43.522977      1.0119374     -2099.5807     -361.76028     -626.32409    
     54000   54000          447.95989     -1523.7772      16225.862      18087.001      10680.931      7406.0701      4028.2172      7643.1887     -6427.7532     -86.024596     -2777.9749      12955.746     -7929.3289     -349.43733      83749.391      43.751595      43.751595      43.751595      0.99615692    -1575.3964     -2371.5353     -624.39993    
     55000   55000          445.63295      235.73873      18260.017      17977.666      10625.449      7352.2169      3928.8837      7710.6484     -6377.8743     -91.628666     -2850.5072      12959.469     -7926.774      -356.34259      82126.483      43.467141      43.467141      43.467141      1.0158421      468.91         396.83646     -158.53027    
     56000   56000          431.51881     -160.69156      17493.017      17688.809      10288.919      7399.89        3904.4531      7759.2191     -6400.0588     -85.859421     -2800.4987      12949.229     -7926.5948     -350.28794      83546.021      43.716152      43.716152      43.716152      0.99858179    -1911.3152     -220.7018       1649.9423    
     57000   57000          447.06163      181.77837      18134.404      17913.861      10659.514      7254.3472      3989.4185      7443.6814     -6390.5601     -81.611236     -2734.7238      12952.933     -7924.7905     -351.7836       83190.813      43.654108      43.654108      43.654108      1.0028455      352.07589      489.23179     -295.97257    
     58000   58000          446.91919      600.436        18884.435      18150.194      10656.118      7494.0765      3962.1163      7730.537      -6456.5839     -85.715424     -2723.9451      12982.327     -7914.6591     -349.02378      83848.622      43.768868      43.768868      43.768868      0.99497801     1255.3609     -173.02701      718.97413    
     59000   59000          441.57257     -195.44986      17810.28       18047.981      10528.635      7519.3457      3890.8494      7935.2468     -6471.1682     -87.936146     -2837.1471      13002.689     -7913.1874     -350.93802      83391.261      43.689142      43.689142      43.689142      1.000435       1240.9322     -1255.4138     -571.86791    
     60000   60000          439.84642      399.31613      18351.744      17863.267      10487.478      7375.7888      3933.4887      7674.432      -6502.2319     -82.17247      -2696.0272      12968.195     -7919.895      -348.89874      83878.674      43.774096      43.774096      43.774096      0.99462153    -263.06256     -126.85131      1587.8623    
     61000   61000          443.36319      864.18689      18981.075      17928.462      10571.33       7357.1321      3885.846       7562.7897     -6364.3343     -82.376458     -2720.3197      12985.114     -7909.5875     -350.40132      83518.987      43.711436      43.711436      43.711436      0.99890502     1568.526      -478.68159      1502.7163    
     62000   62000          441.85656     -70.346324      17920.894      18007.377      10535.407      7471.9701      3924.1138      7751.0876     -6402.4373     -84.089573     -2752.2239      12962.92      -7927.4006     -347.1687       84296.665      43.846688      43.846688      43.846688      0.98968963     176.14169     -1058.0573      670.87662    
     63000   63000          441.16667      411.36517      18245.557      17741.404      10518.957      7222.4466      3859.1301      7619.8359     -6456.0505     -86.410741     -2774.2437      12974.621     -7914.4357     -348.25056      84034.793      43.801237      43.801237      43.801237      0.99277374    -133.85106      2010.0226     -642.07604    
     64000   64000          440.74853      791.25618      18786.269      17830.429      10508.987      7321.4412      3846.1499      7666.9665     -6352.91       -87.662793     -2793.0566      12970.434     -7928.4797     -353.31225      82830.876      43.591059      43.591059      43.591059      1.0072033      288.50831      226.98593      1858.2743    
     65000   65000          452.07568     -784.70105      17249.833      18210.157      10779.066      7431.0912      3921.1109      7758.652      -6433.0514     -86.301722     -2768.3229      12959.345     -7920.3407     -348.74909      83914.666      43.780356      43.780356      43.780356      0.99419493    -2407.1633      539.63126     -486.57108    
     66000   66000          443.63044     -374.18023      17578.028      18033.848      10577.702      7456.1454      4064.9123      7755.2846     -6524.8404     -89.235572     -2782.0659      12957.542     -7925.4516     -350.36044      83528.732      43.713136      43.713136      43.713136      0.99878848    -1260.0347     -281.3781       418.87207    
     67000   67000          436.68189      370.1752       18157.938      17709.182      10412.024      7297.1575      3876.9055      7622.2549     -6424.7809     -84.350152     -2761.5072      12993.263     -7924.6273     -352.06602      83124.078      43.642432      43.642432      43.642432      1.0036507      1364.9764      1877.0068     -2131.4577    
     68000   68000          446.15385     -1171.6326      16578.563      17997.03       10637.869      7359.1607      3945.1337      7565.2782     -6343.6022     -91.742769     -2758.513       12964.601     -7921.9944     -352.53235      83014.123      43.623181      43.623181      43.623181      1.00498       -1449.4734     -1158.765      -906.65938    
     69000   69000          444.25733     -579.52079      17349.217      18053.645      10592.65       7460.995       3934.1222      7799.6518     -6448.2706     -86.683051     -2774.7119      12960.923     -7924.0362     -351.12336      83347.243      43.681453      43.681453      43.681453      1.0009634     -27.673889     -266.53977     -1444.3487    
     70000   70000          444.12087     -887.51105      16818.41       17903.46       10589.396      7314.0639      3966.3251      7583.8949     -6423.4091     -81.856703     -2769.3898      12965.371     -7926.8711     -349.10082      83830.12       43.765648      43.765648      43.765648      0.99519761    -431.52287     -1286.4533     -944.55696    
     71000   71000          435.61449     -312.0048       17230.788      17607.08       10386.574      7220.5064      3919.813       7634.921      -6490.2177     -81.185269     -2796.2402      12963.215     -7929.7991     -353.88552      82696.697      43.567508      43.567508      43.567508      1.0088376     -712.24989     -604.09726      380.33274    
     72000   72000          446.87791      1449.5095      19540.363      17794.727      10655.133      7139.5933      3881.9487      7517.7113     -6387.6547     -82.808666     -2815.9935      12962.358     -7935.968      -354.40038      82576.558      43.5464        43.5464        43.5464        1.0103053     -80.210554      1728.3668      2700.3724    
     73000   73000          454.14476      45.77886       18287.768      18232.839      10828.4        7404.4381      4035.3731      7724.9412     -6451.3645     -86.800302     -2832.6853      12949.475     -7934.5014     -355.70245      82274.282      43.4932        43.4932        43.4932        1.0140172      609.83766     -52.812287     -419.68879    
     74000   74000          443.37718     -243.52993      17429.171      17721.782      10571.664      7150.118       3986.6337      7620.3322     -6499.0962     -83.823041     -2895.7093      12952.649     -7930.8683     -355.21355      82387.521      43.513145      43.513145      43.513145      1.0126234      73.247657      1304.3712     -2108.2087    
     75000   75000          441.82353     -1263.4391      16369.213      17902.978      10534.619      7368.3594      3956.7788      7641.5425     -6434.0313     -83.220433     -2740.8171      12956.478     -7928.3715     -351.57831      83239.388      43.662603      43.662603      43.662603      1.0022603     -755.95843     -1441.7788     -1592.5802    
     76000   76000          437.82266     -50.779754      17617.824      17678.955      10439.224      7239.7304      3963.1722      7676.4591     -6466.773      -87.302029     -2888.7352      12978.183     -7935.2741     -354.53559      82545.066      43.540864      43.540864      43.540864      1.0106908     -523.09208     -619.8141       990.56691    
     77000   77000          440.24828      339.34107      18048.265      17643.932      10497.06       7146.8728      3944.2879      7598.9382     -6434.8838     -86.992016     -2928.0119      12979.571     -7926.0369     -358.19893      81700.869      43.391922      43.391922      43.391922      1.021134      -88.470453      981.91779      124.57588    
     78000   78000          447.14798      961.33992      18997.112      17834.194      10661.573      7172.6209      3844.0879      7694.1151     -6429.3003     -93.314087     -2852.9747      12951.705     -7941.6985     -352.82121      82946.157      43.611272      43.611272      43.611272      1.0058035      1840.5489      332.9304       710.54049    
     79000   79000          438.08395      53.600318      17736.406      17672.536      10445.455      7227.0818      4003.0649      7592.4962     -6439.7134     -85.766376     -2873.3482      12965.992     -7935.6429     -358.17755      81705.744      43.392786      43.392786      43.392786      1.0210731     -805.9854       880.74652      86.039835    
     80000   80000          437.50347     -222.77702      17284.664      17552.55       10431.614      7120.9364      3863.5674      7589.747      -6449.9029     -88.098158     -2844.0955      12984.192     -7934.4736     -354.93303      82452.636      43.524606      43.524606      43.524606      1.0118238     -170.3586      -666.31065      168.3382     
     81000   81000          442.52787      517.5884       18444          17819.559      10551.413      7268.1464      3906.5479      7747.938      -6521.3609     -80.869791     -2828.2304      12978.813     -7934.6918     -353.76956      82723.803      43.572268      43.572268      43.572268      1.008507       1209.1954      509.65423     -166.08448    
     82000   82000          439.51922     -978.31517      16606.369      17785.89       10479.676      7306.2137      3965.5087      7674.4214     -6385.0422     -88.217776     -2877.2098      12955.118     -7938.3651     -353.99746      82670.547      43.562915      43.562915      43.562915      1.0091567     -1520.4214     -1536.2113      121.68719    
     83000   83000          444.54481     -637.20868      17068.804      17836.745      10599.504      7237.2411      3975.486       7606.1662     -6398.4459     -87.311644     -2847.7763      12931.414     -7942.2917     -354.14475      82636.163      43.556875      43.556875      43.556875      1.0095766     -517.48171     -1101.5759     -292.56838    
     84000   84000          437.04057      145.24312      17792.846      17617.648      10420.577      7197.0716      3804.5824      7675.5583     -6385.8585     -83.286035     -2839.732       12957.001     -7931.1933     -353.82982      82709.715      43.569794      43.569794      43.569794      1.0086788      1407.4572     -2024.5844      1052.8566    
     85000   85000          442.01056      350.72776      18298.487      17871.719      10539.079      7332.64        3903.4064      7650.8159     -6428.4995     -84.220393     -2739.5347      12947.997     -7917.3244     -350.7554       83434.678      43.696723      43.696723      43.696723      0.99991439    -244.78709      633.11667      663.8537     
     86000   86000          442.91803      726.77032      18939.897      18063.001      10560.716      7502.2846      3960.3761      7839.6718     -6431.8517     -90.008544     -2813.7316      12964.832     -7927.0038     -353.73306      82732.339      43.573766      43.573766      43.573766      1.008403       1518.5528      700.14721     -38.389062    
     87000   87000          437.13954     -53.186456      17766.968      17831.231      10422.937      7408.2949      3890.2261      7854.487      -6454.2317     -89.880853     -2794.7335      12935.214     -7932.7864     -353.23301      82849.459      43.594318      43.594318      43.594318      1.0069774     -767.06983      792.39513     -184.88467    
     88000   88000          438.50377     -1042.1754      16473.764      17741.783      10455.464      7286.3187      3928.5393      7628.5934     -6415.815      -91.042174     -2777.4313      12944.474     -7930.9998     -350.7858       83427.446      43.69546       43.69546       43.69546       1.0000011     -1038.9345     -1283.4957     -804.09605    
     89000   89000          438.3672      -633.31936      16897.767      17667.95       10452.208      7215.7415      3934.566       7485.0281     -6448.2539     -81.644502     -2731.7466      12982.082     -7924.29       -350.95865      83386.357      43.688285      43.688285      43.688285      1.0004938      490.43076     -85.473967     -2304.9149    
     90000   90000          439.10929      1538.4638      19645.912      17804.992      10469.902      7335.0893      3932.9634      7682.4517     -6384.6439     -87.546256     -2829.7723      12946.365     -7924.728      -356.68033      82048.717      43.453417      43.453417      43.453417      1.0168049      1377.8074      3202.777       34.806958    
     91000   91000          439.35625      1123.1978      18922.175      17568.41       10475.791      7092.6193      3912.2102      7483.3663     -6406.3839     -79.892769     -2818.2195      12940.28      -7938.7414     -354.1112       82643.994      43.558251      43.558251      43.558251      1.0094809      1085.7153      1984.8455      299.03279    
     92000   92000          437.59284     -78.836485      17534.604      17628.747      10433.745      7195.0021      3852.0218      7804.7745     -6500.6434     -88.89137      -2892.2573      12952.802     -7932.8043     -357.41149      81880.869      43.423766      43.423766      43.423766      1.0188892     -42.974099     -355.04475      161.50939    
     93000   93000          439.95815     -728.92938      16834.326      17721.856      10490.142      7231.7138      3860.3978      7654.978      -6358.3478     -88.3285       -2831.2571      12924.172     -7929.9004     -350.53334      83487.533      43.705948      43.705948      43.705948      0.99928136    -258.20422     -1521.4605     -407.12343    
     94000   94000          445.74559      1517.5788      19610.177      17786.395      10628.135      7158.2601      3860.978       7487.8686     -6344.1552     -83.000377     -2775.4918      12935.375     -7923.3138     -355.14457      82403.522      43.515962      43.515962      43.515962      1.0124268      1351.0016      489.13051      2712.6042    
     95000   95000          438.65506      481.85307      18242.366      17661.585      10459.072      7202.5129      3914.7328      7469.328      -6273.6823     -85.460139     -2829.6654      12943.3       -7936.0404     -354.10227      82646.077      43.558617      43.558617      43.558617      1.0094555     -182.4852       675.99446      952.04996    
     96000   96000          452.98855     -370.46711      17662.757      18109.074      10800.832      7308.2412      3980.3682      7638.6792     -6420.3673     -87.56842      -2856.017       12966.936     -7913.7892     -354.26945      82607.076      43.551764      43.551764      43.551764      1.0099321      47.793581     -2012.0437      852.84879    
     97000   97000          438.25217      320.7736       18097.746      17706.938      10449.465      7257.4731      3914.4698      7601.3765     -6456.2192     -87.387379     -2720.996       12935.396     -7929.1661     -350.31834      83538.77       43.714887      43.714887      43.714887      0.99866847     227.1834       1222.8501     -487.71264    
     98000   98000          436.21865      1395.6123      19258.466      17578.673      10400.979      7177.6935      3764.4586      7679.1234     -6439.785      -89.379684     -2772.8976      12970.707     -7934.5333     -354.59766      82530.617      43.538323      43.538323      43.538323      1.0108677      654.2525       1079.6231      2452.9614    
     99000   99000          441.10858     -1395.41        16032.969      17733.085      10517.572      7215.5132      3871.2494      7611.6321     -6383.4982     -89.561613     -2806.6727      12949.44      -7937.0753     -350.30805      83541.225      43.715315      43.715315      43.715315      0.99863912    -1237.4934     -1004.4216     -1944.3151    
    100000   100000         435.66122     -1147.4109      16407.786      17778.08       10387.688      7390.3916      3908.3161      7889.5557     -6455.2741     -88.775471     -2879.1635      12940.722     -7924.9888     -357.38166      81887.705      43.424974      43.424974      43.424974      1.0188042     -801.49068     -2159.6322     -481.10965    
    101000   101000         439.38312     -995.35374      16443.82       17650.237      10476.431      7173.806       3924.8144      7561.9423     -6422.5849     -78.517501     -2832.4728      12940.677     -7920.052      -352.13304      83108.258      43.639663      43.639663      43.639663      1.0038417     -845.35688     -943.4904      -1197.2139    
    102000   102000         443.48312      1105.8244      19137.993      17810.947      10574.19       7236.7576      3971.1938      7644.7196     -6449.453      -89.98965      -2839.4549      12938.021     -7938.2794     -355.65344      82285.618      43.495198      43.495198      43.495198      1.0138775     -546.40643      1313.4069      2550.4728    
    103000   103000         444.92124      495.84199      18301.948      17693.408      10608.479      7084.9284      3856.775       7495.5313     -6499.3876     -78.998465     -2756.6006      12993.166     -7925.5569     -347.76105      84153.081      43.821779      43.821779      43.821779      0.99137826     1220.8429     -990.89221      1257.5753    
    104000   104000         442.64898     -2048.0549      15348.62       17846.461      10554.301      7292.1605      3898.401       7604.3973     -6397.5639     -83.748426     -2770.4791      12957.798     -7916.6444     -349.948        83627.178      43.730302      43.730302      43.730302      0.99761271    -1930.5997     -1766.6206     -2446.9443    
    105000   105000         433.77154     -132.72137      17472.807      17636.084      10342.631      7293.453       3992.9591      7503.4837     -6431.7777     -84.59994      -2735.9555      12969.592     -7920.2489     -346.92939      84354.811      43.856768      43.856768      43.856768      0.98900744     1130.1506     -1596.9229      68.608191    
    106000   106000         439.76449     -920.17399      16658.92       17768.044      10485.524      7282.5194      3869.1259      7731.6782     -6431.6608     -84.689703     -2826.5314      12956.698     -7932.1011     -354.09238      82648.386      43.559023      43.559023      43.559023      1.0094273     -2929.8469      464.96595     -295.64102    
    107000   107000         439.70665     -858.46979      16575.357      17610.85       10484.145      7126.705       3915.9943      7477.5288     -6450.7167     -90.534793     -2781.456       12970.765     -7914.876      -353.83806      82707.789      43.569456      43.569456      43.569456      1.0087023     -1346.7243     -775.95541     -452.72969    
    108000   108000         437.8196       1062.2388      18963.522      17680.336      10439.151      7241.1841      3916.3866      7652.9358     -6395.5825     -85.214915     -2841.9139      12940.409     -7945.8363     -353.31272      82830.767      43.59104       43.59104       43.59104       1.0072047      907.25126      409.2029       1870.2623    
    109000   109000         432.79178     -1522.2062      15723.346      17559.803      10319.271      7240.5328      3856.9055      7625.6624     -6330.9353     -90.405872     -2826.291       12938.206     -7932.6089     -353.76877      82723.987      43.5723        43.5723        43.5723        1.0085048     -1307.8086     -2295.2893     -963.5206     
    110000   110000         439.29862      965.58681      18806.767      17641.426      10474.416      7167.0093      3972.8028      7579.8391     -6489.6293     -81.47317      -2861.2877      12974.039     -7927.2813     -353.64305      82753.396      43.577463      43.577463      43.577463      1.0081464     -812.89278      915.43476      2794.2185    
    111000   111000         438.98896      1234.9632      19183.772      17695.644      10467.033      7228.611       3979.3793      7549.9235     -6475.3434     -85.009906     -2785.5222      12977.847     -7932.6634     -354.19363      82624.759      43.554871      43.554871      43.554871      1.0097159      61.402067      493.95598      3149.5314    
    112000   112000         443.3853      -761.5182       16725.811      17647.291      10571.857      7075.4339      3856.3388      7601.8799     -6465.8935     -84.273832     -2841.3821      12937.183     -7928.4184     -352.71279      82971.654      43.61574       43.61574       43.61574       1.0054944      812.42011     -1756.7862     -1340.1886    
    113000   113000         435.939        507.96879      18163.599      17551.429      10394.311      7157.1178      3779.9291      7623.0846     -6396.2036     -85.972164     -2803.7382      12972.806     -7932.7883     -354.15386      82634.038      43.556502      43.556502      43.556502      1.0096026      237.14063      1636.5983     -349.83252    
    114000   114000         437.64812      1295.032       19233.975      17654.545      10435.063      7219.4824      3869.4274      7595.8876     -6441.2481     -84.326361     -2764.8004      12971.684     -7927.1417     -349.95081      83626.505      43.730185      43.730185      43.730185      0.99762073     1503.8227      1518.9189      862.35435    
    115000   115000         438.93072     -547.66534      17061.243      17725.936      10465.644      7260.2918      3879.1905      7706.5978     -6479.4016     -82.131513     -2796.5828      12964.897     -7932.2774     -351.65811      83220.498      43.6593        43.6593        43.6593        1.0024878     -95.906336     -585.26235     -961.82732    
    116000   116000         434.45037      1450.8437      19195.229      17448.943      10358.817      7090.1256      3755.7101      7682.0246     -6402.0633     -82.744264     -2868.1251      12943.401     -7938.0776     -354.59464      82531.32       43.538447      43.538447      43.538447      1.0108591      1871.9462      1589.152       891.43308    
    117000   117000         439.43054     -1097.8051      16307.796      17625.888      10477.562      7148.3261      3871.8649      7628.3855     -6449.7869     -82.152059     -2854.3385      12964.711     -7930.3576     -355.47269      82327.46       43.502569      43.502569      43.502569      1.0133622     -158.07116     -2286.7591     -848.58506    
    118000   118000         437.17344      799.27271      18636.124      17674.51       10423.745      7250.7652      3796.6902      7687.7797     -6356.623      -88.274323     -2817.2986      12957.893     -7929.402      -354.74884      82495.445      43.532137      43.532137      43.532137      1.0112987     -45.926158     -559.92869      3003.673     
    119000   119000         431.06242     -486.79036      16764.628      17351.959      10278.037      7073.9227      3820.183       7435.9169     -6340.1316     -83.442864     -2784.3522      12956.606     -7930.8562     -353.74143      82730.383      43.573423      43.573423      43.573423      1.0084268      240.40217     -826.40633     -874.3669     
    120000   120000         441.06937      893.15226      18720.827      17646.049      10516.637      7129.4115      3807.4431      7500.0271     -6392.8427     -80.784722     -2783.4469      12986.223     -7907.207      -354.67728      82512.09       43.535065      43.535065      43.535065      1.0110947      549.59431      1666.1155      463.747      
    121000   121000         436.93232      1628.9021      19418.247      17463.727      10417.996      7045.7316      3803.0459      7563.0614     -6426.5672     -81.6295       -2835.7662      12965.083     -7941.4961     -355.69828      82275.246      43.49337       43.49337       43.49337       1.0140053      327.28072      2494.6442      2064.7814    
    122000   122000         438.61008      410.87264      18248.025      17749.911      10457.999      7291.9118      3867.4418      7617.1627     -6348.6973     -80.776076     -2757.9123      12928.048     -7933.3548     -352.05085      83127.66       43.643059      43.643059      43.643059      1.0036074     -1359.528       1767.0532      825.09266    
    123000   123000         437.44272     -198.74751      17334.841      17576.828      10430.165      7146.6631      3926.7101      7419.2986     -6391.8418     -83.193947     -2742.9585      12950.883     -7932.2342     -350.53893      83486.201      43.705715      43.705715      43.705715      0.9992973      58.298358     -101.6197      -552.92119    
    124000   124000         434.81105     -1247.9026      16120.998      17624.537      10367.417      7257.12        4003.2749      7537.5698     -6404.4049     -81.788156     -2827.597       12964.569     -7934.5033     -354.23607      82614.861      43.553132      43.553132      43.553132      1.0098369     -1411.2962     -1377.7587     -954.65296    
    125000   125000         441.17644     -1535.2456      15992.23       17852.454      10519.19       7333.264       3910.0278      7644.9968     -6391.1769     -83.465819     -2767.5116      12946.263     -7925.8689     -352.24052      83082.9        43.635225      43.635225      43.635225      1.0041481     -2110.3255     -807.35956     -1688.0518    
    126000   126000         438.75347     -226.40218      17368.122      17643.536      10461.418      7182.1178      3785.9903      7666.1463     -6426.3863     -85.049798     -2787.6456      12961.475     -7932.412      -350.85036      83412.096      43.69278       43.69278       43.69278       1.0001851     -1021.8431     -612.49088      955.12744    
    127000   127000         438.57887     -926.57599      16515.433      17639.299      10457.255      7182.0435      3821.2491      7746.0059     -6415.5797     -88.668008     -2826.7997      12896         -7950.1643     -351.87919      83168.213      43.650155      43.650155      43.650155      1.003118      -2773.4693      171.72501     -177.98367    
    128000   128000         436.11783      669.13165      18333.521      17535.453      10398.575      7136.8781      3923.9325      7620.3649     -6459.4199     -85.269139     -2838.944       12918.85      -7942.636      -357.8479       81781.013      43.406106      43.406106      43.406106      1.0201333     -489.67414      1707.3827      789.68636    
    129000   129000         440.29706     -767.12298      16643.834      17567.963      10498.223      7069.7407      3800.0384      7589.8484     -6373.6617     -86.232037     -2875.9977      12948.508     -7932.7631     -354.28995      82602.296      43.550924      43.550924      43.550924      1.0099905      503.72965     -824.25767     -1980.8409    
    130000   130000         441.40726     -649.60994      16857.755      17646.884      10524.694      7122.1906      3840.6893      7503.3575     -6405.0422     -84.145159     -2772.9008      12963.305     -7923.0727     -351.34307      83295.122      43.672346      43.672346      43.672346      1.0015897     -1691.6028     -632.5143       375.28724    
    131000   131000         440.69139      1553.6138      19323.635      17459.647      10507.625      6952.0214      3785.3474      7503.9003     -6421.9498     -83.408621     -2864.0294      12978.607     -7946.4453     -355.73516      82266.717      43.491867      43.491867      43.491867      1.0141104      1114.209       1829.3277      1717.3048    
    132000   132000         444.5023      -26.83268       17822.934      17855.371      10598.491      7256.8809      3965.9429      7270.029      -6314.3372     -83.993532     -2655.4636      13005.359     -7930.6554     -353.05469      82891.304      43.601657      43.601657      43.601657      1.0064691     -493.76085      489.96425     -76.701431    
    133000   133000         434.03208      1.2666982      17526.832      17525.297      10348.844      7176.4532      3839.8316      7549.8537     -6458.3681     -84.800063     -2744.6968      12988.824     -7914.1911     -352.15304      83103.538      43.638837      43.638837      43.638837      1.0038987      827.17911     -545.73352     -277.64549    
    134000   134000         436.6501      -128.64926      17252.055      17408.261      10411.266      6996.9948      3820.0685      7522.0137     -6471.5461     -85.882356     -2810.8368      12959.97      -7936.7919     -351.50842      83255.94       43.665497      43.665497      43.665497      1.0020611     -1419.6913      376.96274      656.78077    
    135000   135000         435.02005     -992.32072      16422.409      17633.044      10372.4        7260.6434      3957.1397      7650.8988     -6464.4053     -92.522115     -2848.0159      12976.855     -7919.3072     -349.83692      83653.73       43.73493       43.73493       43.73493       0.99729606    -1717.0134     -2003.4554      743.50661    
    136000   136000         434.37554      72.921221      17695.465      17606.287      10357.033      7249.2539      3945.3665      7442.0229     -6388.1706     -85.101985     -2762.7951      13016.567     -7918.6349     -348.99848      83854.702      43.769925      43.769925      43.769925      0.99490587     1170.0574     -369.85744     -581.4363     
    137000   137000         444.5567      -263.14806      17285.596      17603.46       10599.787      7003.6726      3818.6098      7539.7286     -6446.0107     -84.355341     -2854.9691      12967.708     -7937.0383     -353.33371      82825.847      43.590177      43.590177      43.590177      1.0072645     -189.02917     -1056.4635      456.04848    
    138000   138000         437.93274      289.0593       17831.707      17481.307      10441.849      7039.458       3830.9582      7592.4712     -6534.8235     -86.598032     -2790.6331      12965.928     -7937.8451     -352.08726      83119.063      43.641555      43.641555      43.641555      1.0037112     -88.592481     -449.07192      1404.8423    
    139000   139000         439.43696     -68.507563      17579.82       17663.411      10477.715      7185.6962      3956.0507      7481.7342     -6438.597      -80.891847     -2795.9192      12985.271     -7921.9513     -349.78818      83665.388      43.736962      43.736962      43.736962      0.9971571      251.59391     -718.40411      261.28751    
    140000   140000         431.97539     -228.2066       17080.992      17357.08       10299.805      7057.2753      3841.906       7587.1428     -6499.9838     -82.90694      -2826.5688      12962.619     -7924.9326     -352.78251      82955.258      43.612867      43.612867      43.612867      1.0056932     -526.21335      38.009299     -196.41574    
    141000   141000         434.85167     -1.32563        17213.982      17215.587      10368.386      6847.2014      3708.3099      7536.7317     -6512.5423     -83.414034     -2811.9334      12946.913     -7936.8635     -352.47162      83028.425      43.625686      43.625686      43.625686      1.0048069     -1300.47        435.84036      860.65273    
    142000   142000         436.96946     -328.0433       17249.238      17651.247      10418.881      7232.366       3971.7182      7599.7873     -6519.9303     -82.850009     -2805.8572      12997.197     -7927.6988     -348.2745       84029.016      43.800234      43.800234      43.800234      0.99284199    -13.88196      -808.99475     -161.25319    
    143000   143000         432.73041     -526.24134      16781.998      17419.495      10317.807      7101.6878      3836.6687      7626.3084     -6511.2768     -84.197602     -2798.441       12964.681     -7932.0546     -352.31692      83064.883      43.63207       43.63207       43.63207       1.0043659     -1630.5138      1791.6943     -1739.9045    
    144000   144000         430.54661     -27.47399       17352.118      17385.566      10265.738      7119.8278      3881.3247      7420.3877     -6416.0789     -83.87457      -2735.9262      12978.75      -7924.7551     -350.57332      83478.012      43.704286      43.704286      43.704286      0.99939533    -842.07743      83.616937      676.03852    
    145000   145000         436.69977     -898.14952      16426.71       17523.228      10412.451      7110.7775      3763.9523      7591.9627     -6406.2766     -83.475881     -2822.726       12995.783     -7928.4419     -349.5904       83712.722      43.745208      43.745208      43.745208      0.99659327    -1109.9075     -818.9756      -765.56544    
    146000   146000         440.69112      1064.9996      18911.295      17638.358      10507.619      7130.7394      3791.1404      7628.7439     -6395.7072     -80.23354      -2835.832       12948.476     -7925.8481     -357.08327      81956.132      43.437066      43.437066      43.437066      1.0179535      1596.1786      1605.8725     -7.0521683    
    147000   147000         437.52634      19.889734      17497.046      17472.92       10432.159      7040.7615      3841.0518      7419.5305     -6373.5801     -80.494626     -2802.4295      12969.1       -7932.4166     -351.86441      83171.706      43.650766      43.650766      43.650766      1.0030759      1054.7533     -1916.2871      921.20306    
    148000   148000         443.20476      696.30045      18586.136      17746.767      10567.553      7179.2145      3835.1288      7655.6764     -6443.5086     -91.328364     -2778.9013      12939.368     -7937.22       -354.0548       82657.158      43.560563      43.560563      43.560563      1.0093202      1542.9882      1363.6253     -817.71213    
    149000   149000         437.16944     -175.8827       17359.8        17573.091      10423.649      7149.4415      3851.5805      7713.449      -6463.0392     -84.415704     -2863.5972      12926.905     -7931.4407     -351.94725      83152.131      43.647341      43.647341      43.647341      1.0033121      2001.491      -2120.979      -408.16004    
    150000   150000         438.05181      141.97899      17774.521      17603.543      10444.688      7158.8549      3870.5404      7642.4928     -6497.4621     -84.600465     -2822.8428      12962.509     -7911.782      -354.41468      82573.226      43.545814      43.545814      43.545814      1.0103461     -590.44248     -754.58938      1770.9688    
    151000   151000         433.58683      503.8647       18018.423      17414.705      10338.227      7076.4773      3892.961       7490.6612     -6419.2137     -81.326645     -2821.5698      12944.14      -7929.1746     -356.21047      82156.944      43.472514      43.472514      43.472514      1.0154654      1400.7909      184.03863     -73.235458    
    152000   152000         433.93172     -703.26985      16374.391      17222.09       10346.451      6875.6394      3817.2505      7336.6315     -6459.648      -78.504032     -2795.0053      12975.984     -7921.0691     -354.08472      82650.174      43.559337      43.559337      43.559337      1.0094054     -812.28016     -1223.0828     -74.446617    
    153000   153000         436.10406      869.78529      18461.591      17417.919      10398.247      7019.6717      3898.5401      7401.8683     -6393.5854     -87.140587     -2853.3924      12968.602     -7915.2204     -355.69271      82276.535      43.493598      43.493598      43.493598      1.0139894     -454.91957      2546.8534      517.42203    
    154000   154000         434.31938      1546.3883      19269.648      17421.817      10355.694      7066.1233      3969.4302      7435.5391     -6450.0741     -80.20653      -2825.589       12941.384     -7924.3603     -357.17682      81934.667      43.433274      43.433274      43.433274      1.0182202      1295.182       3746.604      -402.62109    
    155000   155000         443.01801     -314.83385      17415.048      17797.25       10563.1        7234.1506      3929.3707      7609.3238     -6436.3096     -84.9167       -2837.6521      12981.496     -7927.1618     -351.57307      83240.628      43.66282       43.66282       43.66282       1.0022454      233.47369     -15.967902     -1162.0073    
    156000   156000         433.90704      141.38133      17461.713      17291.558      10345.862      6945.6954      3839.7711      7505.1012     -6439.0835     -80.526561     -2881.7977      12935.626     -7933.3948     -354.6285       82523.44       43.537061      43.537061      43.537061      1.0109556     -477.5244       1040.7064     -139.03803    
    157000   157000         428.27909     -1222.3892      15880.69       17352.694      10211.672      7141.022       3939.7318      7452.1994     -6411.5656     -77.892262     -2818.7345      12975.088     -7917.8051     -354.42733      82570.28       43.545297      43.545297      43.545297      1.0103821     -1371.8283     -314.55702     -1980.7824    
    158000   158000         428.76024      740.13236      18080.183      17189.099      10223.145      6965.9541      3749.9836      7552.684      -6493.9581     -80.704693     -2836.7482      12989.678     -7914.9808     -354.5011       82553.096      43.542276      43.542276      43.542276      1.0105924      446.30246      1016.779       757.31557    
    159000   159000         431.31996     -420.86281      16712.7        17219.702      10284.177      6935.525       3822.4809      7467.8874     -6431.4716     -82.032596     -2876.4947      12961.725     -7926.5697     -354.2887       82602.588      43.550975      43.550975      43.550975      1.0099869     -112.22344     -480.31416     -670.05083    
    160000   160000         435.06529      1342.6498      19009.67       17381.261      10373.479      7007.7823      3851.3536      7370.0693     -6414.2147     -83.80386      -2781.9839      12993.844     -7927.4824     -351.90559      83161.975      43.649064      43.649064      43.649064      1.0031933      1490.4287      172.23881      2365.2818    
    161000   161000         429.876        20.14268       17306.586      17282.289      10249.748      7032.5406      3765.8096      7575.9921     -6412.1534     -79.73153      -2842.9449      12954.924     -7929.3555     -353.81817      82712.438      43.570272      43.570272      43.570272      1.0086456      1012.042      -2362.1572      1410.5432    
    162000   162000         433.39655      577.44129      17983.273      17294.349      10333.691      6960.6583      3746.7304      7558.4828     -6469.6844     -84.224626     -2841.6434      12977.297     -7926.2998     -357.73674      81806.424      43.410601      43.410601      43.410601      1.0198164     -463.97054     -566.6054       2762.8998    
    163000   163000         429.6763       425.09008      17893.488      17379.82       10244.987      7134.8331      3836.238       7586.1896     -6478.6899     -88.26734      -2795.5262      12999.638     -7924.7493     -353.20385      82856.298      43.595518      43.595518      43.595518      1.0068943     -393.4136       976.35023      692.33361    
    164000   164000         433.0356      -743.12558      16565.141      17461.567      10325.084      7136.4825      3837.8739      7585.0531     -6437.8125     -81.006965     -2784.3313      12958.386     -7941.6796     -353.8138       82713.46       43.570452      43.570452      43.570452      1.0086331     -222.98657     -1201.1163     -805.27386    
    165000   165000         430.56789     -468.51769      16793.657      17364.57       10266.245      7098.3251      3760.8965      7644.7415     -6513.2425     -83.711981     -2757.4373      12973.608     -7926.5292     -350.25365      83554.199      43.717578      43.717578      43.717578      0.99848405    -580.65777      966.14367     -1791.039     
    166000   166000         441.59221     -604.75238      16750.658      17479.359      10529.104      6950.2552      3782.1527      7649.7022     -6558.0136     -87.675011     -2861.6074      12962.452     -7936.7552     -354.20507      82622.091      43.554402      43.554402      43.554402      1.0097485      121.42517     -2343.3393      407.65695    
    167000   167000         427.67792     -195.02078      16733.894      16967.423      10197.338      6770.0844      3778.0603      7356.9048     -6473.1774     -81.422178     -2856.4135      12978.061     -7931.9289     -356.42496      82107.503      43.463792      43.463792      43.463792      1.0160769      1346.3718     -1271.2052     -660.22896    
    168000   168000         438.84149      368.60943      17905.881      17467.811      10463.517      7004.2937      3839.1765      7549.355      -6455.1061     -84.350341     -2851.2285      12943.001     -7936.5543     -359.12821      81489.459      43.354463      43.354463      43.354463      1.0237832      1628.9059     -636.32242      113.2448     
    169000   169000         438.31648      39.612395      17572.453      17524.347      10450.999      7073.3487      3812.1242      7631.2222     -6514.4687     -86.85332      -2812.3328      12972.186     -7928.5294     -351.44976      83269.835      43.667926      43.667926      43.667926      1.0018938      45.182357     -197.0891       270.74393    
    170000   170000         434.60842     -768.54123      16380.007      17303.782      10362.586      6941.1959      3831.3533      7527.6524     -6433.4234     -85.220195     -2905.3117      12943.109     -7936.9636     -355.0813       82418.205      43.518547      43.518547      43.518547      1.0122464     -1925.8727     -461.20533      81.454386    
    171000   171000         437.08439      590.68564      18096.089      17387.858      10421.622      6966.2364      3813.7309      7474.7441     -6398.5083     -76.739236     -2841.8432      12940.307     -7945.4551     -355.96581      82213.411      43.482472      43.482472      43.482472      1.014768       1109.8186      185.95549      476.2828     
    172000   172000         436.01606     -1028.7123      16162.302      17403.901      10396.149      7007.7522      3934.421       7574.2727     -6540.0251     -89.9826       -2886.7386      12948.787     -7932.9819     -353.62199      82758.326      43.578328      43.578328      43.578328      1.0080863     -879.11477     -1915.0702     -291.95195    
    173000   173000         433.36596     -775.16764      16247.784      17167.638      10332.961      6834.6767      3852.3485      7393.1517     -6463.9794     -88.072045     -2888.4909      12960.459     -7930.7404     -359.66949      81366.823      43.332704      43.332704      43.332704      1.0253262      234.96843     -525.78621     -2034.6851    
    174000   174000         432.55904     -726.01235      16448.106      17321.491      10313.721      7007.77        3952.2007      7531.5573     -6505.9198     -80.873371     -2908.677       12955.909     -7936.4264     -354.78482      82487.08       43.530666      43.530666      43.530666      1.0114012     -251.78753     -1071.9726     -854.27691    
    175000   175000         436.01148     -606.8168       16533.489      17260.159      10396.04       6864.1195      3828.4212      7456.9673     -6508.1156     -83.29333      -2882.5928      12985.863     -7933.1306     -356.40782      82111.452      43.464489      43.464489      43.464489      1.016028       33.439914     -1609.1436     -244.7467     
    176000   176000         437.61703      200.02785      17628.196      17387.559      10434.321      6953.2372      3836.3938      7450.7223     -6409.1386     -85.581169     -2863.9302      12950.209     -7925.4377     -354.77553      82489.239      43.531046      43.531046      43.531046      1.0113748      728.97622     -1097.4102      968.51754    
    177000   177000         427.67251     -920.08703      16023.021      17124.287      10197.209      6927.0773      3851.5061      7507.4791     -6451.1393     -87.422783     -2892.7693      12938.333     -7938.91       -356.58556      82070.524      43.457266      43.457266      43.457266      1.0165347     -1875.8694      547.59298     -1431.9847    
    178000   178000         431.27146     -55.996886      17260.179      17327.693      10283.021      7044.6724      3953.8713      7418.3713     -6429.8716     -88.32439      -2839.215       12968.792     -7938.9515     -353.99025      82672.23       43.563211      43.563211      43.563211      1.0091361     -1366.7328      111.68992      1087.0522    
    179000   179000         427.03315     -706.79408      16198.285      17042.91       10181.965      6860.9453      3807.9333      7431.5734     -6410.5372     -85.400213     -2922.2535      12964.489     -7924.8595     -357.15404      81939.892      43.434197      43.434197      43.434197      1.0181553     -1587.6138      299.72335     -832.49176    
    180000   180000         428.78908     -638.97465      16350.432      17119.235      10223.832      6895.4025      3729.8275      7658.1078     -6555.9422     -85.986975     -2904.3042      12980.609     -7926.9087     -354.72821      82500.244      43.532981      43.532981      43.532981      1.0112399      682.7293      -1783.784      -815.86924    
    181000   181000         424.411        1807.3161      19258.527      17073.013      10119.443      6953.5692      3758.9921      7590.5631     -6569.1409     -89.640122     -2786.9358      12984.366     -7934.6356     -352.9452       82917.019      43.606165      43.606165      43.606165      1.006157       922.2391       1546.025       2953.6843    
    182000   182000         434.28911      576.13227      18007.624      17309.085      10354.972      6954.1126      3769.5433      7519.9653     -6558.5711     -81.182676     -2789.6917      13020.196     -7926.1467     -352.01238      83136.746      43.644649      43.644649      43.644649      1.0034977      599.14383      487.22325      642.02975    
    183000   183000         424.49315      571.96325      17827.517      17129.423      10121.402      7008.0213      3874.9606      7371.4247     -6478.2009     -78.118986     -2780.2491      13009.893     -7911.6882     -349.68855      83689.225      43.741115      43.741115      43.741115      0.99687308     1247.9775     -993.98483      1461.8971    
    184000   184000         430.81899      863.93689      18074.614      17041.244      10272.232      6769.0118      3808.8775      7318.1537     -6427.6508     -78.591443     -2884.5214      12961.467     -7928.7224     -356.82319      82015.868      43.447617      43.447617      43.447617      1.0172121      1349.6386      1422.9185     -180.74638    
    185000   185000         440.69136      1039.6296      18625.327      17364.783      10507.624      6857.1593      3686.9079      7497.7089     -6502.2804     -86.238472     -2843.0727      13019.35      -7915.2156     -352.00391      83138.745      43.644999      43.644999      43.644999      1.0034736      1366.0408      517.221        1235.6271    
    186000   186000         427.69347     -1199.904       15836.102      17287.629      10197.709      7089.9203      3840.3333      7677.0527     -6550.1168     -84.890399     -2859.812       12994.716     -7927.3631     -352.8158       82947.428      43.611495      43.611495      43.611495      1.0057881     -705.49099     -1612.9155     -1281.3054    
    187000   187000         434.67429      300.78646      17711.766      17347.919      10364.156      6983.7633      3803.3239      7415.6166     -6440.692      -77.787861     -2784.1921      12999.376     -7931.8808     -352.83114      82943.823      43.610863      43.610863      43.610863      1.0058318     -285.81536      1492.0341     -303.85938    
    188000   188000         430.55657     -1878.4553      14944.448      17210.595      10265.975      6944.6199      3884.0167      7411.4733     -6438.7046     -83.502193     -2858.8498      12963.438     -7933.251      -353.78512      82720.165      43.571629      43.571629      43.571629      1.0085514     -2245.2077     -2416.4142     -973.74389    
    189000   189000         435.30091      377.25535      17751.453      17295.151      10379.097      6916.0539      3799.4808      7463.8296     -6432.2606     -84.169789     -2828.7069      12930.25      -7932.3698     -352.86628      82935.563      43.609416      43.609416      43.609416      1.005932       2504.1099     -441.31308     -931.03074    
    190000   190000         429.25495      2830.0444      20289.508      16929.008      10234.94       6694.0677      3709.5364      7345.7296     -6431.3632     -86.762572     -2859.3472      12953.315     -7937.0404     -359.43151      81420.696      43.342265      43.342265      43.342265      1.0246478      1558.0117      2918.9965      4013.1251    
    191000   191000         430.68017      966.11242      18441.385      17274.857      10268.922      7005.9343      3883.8141      7389.147      -6425.6023     -79.350987     -2768.1929      12945.664     -7939.545      -353.47552      82792.617      43.584346      43.584346      43.584346      1.0076688      839.50275      1406.1192      652.71527    
    192000   192000         433.84242      1810.1214      19476.076      17290.555      10344.322      6946.2332      3728.9188      7571.9589     -6534.1318     -80.00373      -2815.9706      12996.325     -7920.8637     -353.49198      82788.763      43.58367       43.58367       43.58367       1.0077157      907.66092      3139.283       1383.4203    
    193000   193000         424.33367      783.58586      18059.425      17112.562      10117.6        6994.9627      3806.0305      7400.4063     -6398.3677     -87.292733     -2781.3335      12972.267     -7916.7467     -353.20457      82856.13       43.595488      43.595488      43.595488      1.0068964     -236.30658      1168.9078      1418.1563    
    194000   194000         437.08852     -82.721139      17086.971      17185.267      10421.72       6763.547       3766.7884      7354.5979     -6410.4054     -84.322926     -2897.5726      12966.784     -7932.3222     -359.17718      81478.349      43.352493      43.352493      43.352493      1.0239227     -988.63338     -533.42431      1273.8943    
    195000   195000         428.8539      -1390.2853      15455.83       17142.784      10225.378      6917.4063      3828.6206      7511.0487     -6529.0014     -87.208799     -2825.8451      12960.986     -7941.1938     -351.74467      83200.021      43.655719      43.655719      43.655719      1.0027345     -823.80554     -1887.3487     -1459.7017    
    196000   196000         432.1527      -222.00597      16845.552      17112.53       10304.033      6808.497       3761.8328      7543.6866     -6502.0628     -78.661527     -2901.1406      12930.836     -7945.9931     -354.90853      82458.328      43.525607      43.525607      43.525607      1.0117539     -1574.7482      1249.8236     -341.09329    
    197000   197000         426.37202      1134.4486      18274.032      16901.34       10166.201      6735.1389      3711.515       7412.8558     -6456.6831     -85.080747     -2848.4072      12933.402     -7932.463      -352.72698      82968.316      43.615155      43.615155      43.615155      1.0055349      2167.8677     -30.816438      1266.2945    
    198000   198000         432.38534     -281.95985      16889.446      17224.744      10309.58       6915.1644      3803.2399      7543.1764     -6530.245      -79.758722     -2887.7721      12989.064     -7922.5397     -358.90795      81539.468      43.36333       43.36333       43.36333       1.0231553     -508.84563     -217.42641     -119.6075     
    199000   199000         426.38775     -249.77004      16790.25       17090.669      10166.576      6924.0929      3834.5982      7539.2298     -6559.676      -87.653139     -2814.1761      12944.145     -7932.3753     -354.84606      82472.845      43.528162      43.528162      43.528162      1.0115758     -1769.1594      110.38952      909.4597     
    200000   200000         430.109       -132.20937      17083.051      17243.702      10255.304      6988.3981      3813.5863      7424.6622     -6446.3412     -82.884015     -2791.2559      12992.293     -7921.6627     -351.24239      83318.996      43.676518      43.676518      43.676518      1.0013027     -770.65678      966.53675     -592.50808    
    201000   201000         427.01541      965.16977      18206.199      17053.705      10181.542      6872.1637      3809.3238      7411.1196     -6399.6235     -80.243576     -2877.7011      12944.444     -7935.1555     -357.43071      81876.467      43.422987      43.422987      43.422987      1.018944       1549.5121      212.28299      1133.7142    
    202000   202000         428.83546      2069.6076      19743.856      17214.125      10224.938      6989.1868      3805.6159      7417.8431     -6376.3322     -86.201592     -2784.6656      12949.379     -7936.452      -349.17281      83812.837      43.76264       43.76264       43.76264       0.99540283     1659.9617      2426.95        2121.9112    
    203000   203000         435.55707     -432.86642      16900.601      17423.079      10385.205      7037.8738      3836.0881      7671.1046     -6523.9053     -79.018944     -2941.2111      12997.091     -7922.2744     -353.6004       82763.377      43.579215      43.579215      43.579215      1.0080248     -80.595093     -1236.8269      18.822726    
    204000   204000         429.32072     -218.74605      16903.17       17168.318      10236.508      6931.8098      3774.8236      7502.6688     -6517.147      -87.230007     -2807.2035      12986.804     -7920.9056     -352.10996      83113.707      43.640617      43.640617      43.640617      1.0037759     -188.03831     -802.92826      334.72843    
    205000   205000         430.23646      1041.7878      18505.071      17249.642      10258.343      6991.2988      3702.4365      7455.1519     -6384.5959     -80.666464     -2793.8138      13012.223     -7919.4359     -354.17174      82629.866      43.555769      43.555769      43.555769      1.0096535      42.339129      1262.1067      1820.9175    
    206000   206000         428.43067     -451.89982      16612.814      17159.649      10215.286      6944.3628      3848.8366      7301.449      -6424.2714     -78.673065     -2786.1024      12990.702     -7907.5781     -352.70585      82973.287      43.616027      43.616027      43.616027      1.0054746     -1061.2517      371.6671      -666.1149     
    207000   207000         427.6389      -19.522478      17005.65       17029.159      10196.408      6832.7514      3762.3853      7386.0177     -6391.1834     -85.342923     -2884.4076      12968.993     -7923.7105     -354.42966      82569.736      43.545201      43.545201      43.545201      1.0103888     -1089.2595      704.906        325.78606    
    208000   208000         428.14294      1244.8046      18694.858      17204.759      10208.426      6996.3325      3771.8753      7670.465      -6529.3448     -88.566241     -2878.4492      12970.838     -7920.4857     -356.54383      82080.129      43.458961      43.458961      43.458961      1.0164158      1960.7863      2214.2497     -440.62225    
    209000   209000         428.36225      1476.4519      19115.494      17332.016      10213.655      7118.3607      3903.9622      7609.2585     -6485.947      -86.947056     -2853.5251      12969.371     -7937.8122     -353.32818      82827.142      43.590404      43.590404      43.590404      1.0072487      1609.6539      2019.5276      800.17431    
    210000   210000         431.20677     -892.65015      16082.726      17160.335      10281.479      6878.8567      3867.4885      7455.5375     -6510.931      -86.516412     -2868.6894      12957.923     -7935.9556     -353.54664      82775.962      43.581424      43.581424      43.581424      1.0078715     -402.90612     -1485.6209     -789.42342    
    211000   211000         428.66721     -630.76434      16311.27       17072.342      10220.926      6851.4152      3806.3222      7327.3        -6442.3153     -85.378195     -2807.4176      12978.251     -7925.3473     -353.72704      82733.748      43.574014      43.574014      43.574014      1.0083858      380.27341     -1978.7754     -293.791      
    212000   212000         425.78346     -88.347502      16823.531      16929.398      10152.168      6777.2298      3819.0876      7286.6574     -6450.5296     -86.036939     -2834.2881      12966.641     -7924.3012     -356.17265      82165.668      43.474053      43.474053      43.474053      1.0153576      597.48787     -821.65559     -40.874785    
    213000   213000         433.59918     -915.33715      16104.364      17194.742      10338.522      6856.2201      3829.5126      7433.2639     -6378.4661     -81.062011     -2961.8618      12945.3       -7930.4669     -358.28672      81680.848      43.388378      43.388378      43.388378      1.0213843     -1122.8313      529.85335     -2153.0335    
    214000   214000         423.67098     -308.04879      16540.754      16909.106      10101.799      6807.3072      3844.3133      7304.8013     -6387.9574     -81.146317     -2860.4129      12929.281     -7941.5718     -356.93039      81991.236      43.443267      43.443267      43.443267      1.0175177     -1599.8878     -373.32275      1049.0642    
    215000   215000         432.05303      1044.0475      18550.041      17296.011      10301.656      6994.3543      3811.213       7548.9214     -6471.741      -84.359052     -2834.0343      12969.789     -7945.4352     -355.33601      82359.128      43.508146      43.508146      43.508146      1.0129725      2053.7669     -1307.9259      2386.3016    
    216000   216000         431.19133      214.41056      17439.022      17182.755      10281.11       6901.6447      3787.6383      7563.3266     -6468.8984     -79.889806     -2912.051       12945.904     -7934.3849     -357.09253      81954.007      43.436691      43.436691      43.436691      1.0179799      1240.0422     -1612.7651      1015.9545    
    217000   217000         424.33889     -727.17451      16171.729      17033.698      10117.724      6915.9734      3794.3178      7614.6184     -6548.4185     -89.467189     -2895.2822      12970.209     -7930.0044     -360.05941      81278.707      43.317056      43.317056      43.317056      1.0264378      1066.6394     -1374.5282     -1873.6347    
    218000   218000         429.85841      388.76134      17540.81       17081.064      10249.329      6831.7354      3870.4862      7477.9752     -6488.7652     -87.371754     -2961.0166      12946.544     -7926.117      -360.90417      81088.46       43.283232      43.283232      43.283232      1.028846       1642.6032     -943.37604      467.05683    
    219000   219000         431.59615      1392.5121      18756.127      17093.331      10290.763      6802.5685      3822.783       7379.031      -6419.0672     -84.882036     -2887.5225      12938.921     -7946.6948     -357.42667      81877.391      43.423151      43.423151      43.423151      1.0189325      1998.5158      1065.98        1113.0405    
    220000   220000         426.36419     -831.5067       16027.499      17021.954      10166.014      6855.9398      3882.6154      7435.9847     -6447.6318     -82.282853     -2895.6919      12910.787     -7947.8411     -356.86785      82005.604      43.445805      43.445805      43.445805      1.0173394     -1262.5906     -1560.8193      328.88974    
    221000   221000         429.11066     -1874.452       14596.698      16820.416      10231.5        6588.9156      3747.244       7380.6893     -6533.5185     -80.947687     -2959.6607      12960.206     -7925.0966     -359.76721      81344.722      43.32878       43.32878       43.32878       1.0256048     -597.81905     -2736.9123     -2288.6246    
    222000   222000         427.5241      -449.5777       16519.966      17053.497      10193.671      6859.826       3857.0352      7446.1013     -6530.4985     -81.359881     -2936.7373      13029.373     -7924.0874     -359.64373      81372.651      43.333738      43.333738      43.333738      1.0252528      564.39968     -1684.0935     -229.03928    
    223000   223000         440.20742     -935.46448      16135.711      17258.708      10496.085      6762.6228      3800.5794      7393.5264     -6452.1153     -85.267851     -2892           12930.379     -7932.4791     -355.52943      82314.321      43.500255      43.500255      43.500255      1.0135239     -251.97688     -1546.3081     -1008.1085    
    224000   224000         428.19251      552.24065      17538.689      16881.735      10209.608      6672.1273      3741.3783      7443.6897     -6489.8861     -87.33861      -2928.4256      12939.074     -7946.364      -358.77368      81569.986      43.368739      43.368739      43.368739      1.0227725      849.70896      916.48918     -109.47621    
    225000   225000         434.18449     -940.32805      15896.239      17019.841      10352.478      6667.3634      3771.2186      7317.0199     -6440.1379     -79.186387     -2916.9506      12944.106     -7928.7062     -357.18544      81932.689      43.432924      43.432924      43.432924      1.0182448     -2305.3392     -1153.0722      637.42725    
    226000   226000         431.39933      470.90696      17570.297      17010.02       10286.07       6723.9507      3727.1335      7391.648      -6492.7826     -80.959488     -2861.6116      12959.568     -7919.0455     -358.72309      81581.489      43.370778      43.370778      43.370778      1.0226283      319.41744      664.80395      428.49949    
    227000   227000         428.0539      -303.68259      16619.301      16983.849      10206.303      6777.546       3757.0418      7498.1632     -6533.5378     -82.931323     -2855.2374      12937.314     -7943.2659     -355.54321      82311.131      43.499693      43.499693      43.499693      1.0135632     -1914.7908      307.81214      695.93089    
    228000   228000         428.09263      979.09298      18193.175      17033.569      10207.226      6826.3428      3781.0924      7443.9688     -6443.0009     -85.428318     -2863.7068      12936.355     -7942.9376     -360.36314      81210.203      43.304883      43.304883      43.304883      1.0273036      2504.183      -487.91142      921.00741    
    229000   229000         432.65438     -243.4263       16759.224      17051.708      10315.994      6735.7133      3753.4536      7429.4209     -6446.416      -82.083582     -2891.2252      12908.217     -7935.6529     -355.2163       82386.883      43.513033      43.513033      43.513033      1.0126313     -703.83002      55.566905     -82.015771    
    230000   230000         432.27696     -24.510252      17097.933      17127.086      10306.995      6820.0905      3859.8128      7330.9433     -6433.2985     -82.888758     -2889.7495      12975.08      -7939.8087     -358.83017      81557.143      43.366463      43.366463      43.366463      1.0229335     -477.52426     -397.95042      801.94392    
    231000   231000         426.3198      -1924.1374      14672.387      16985.713      10164.956      6820.7574      3813.3293      7408.3623     -6360.7459     -80.918297     -2965.6693      12940.039     -7933.6394     -354.99803      82437.538      43.521949      43.521949      43.521949      1.0120091     -2440.2705     -2396.0469     -936.09475    
    232000   232000         430.94267      952.5759       18253.283      17124.905      10275.181      6849.7235      3806.6995      7464.7598     -6445.5095     -82.625064     -2917.3531      12952.877     -7929.1254     -360.3062       81223.037      43.307164      43.307164      43.307164      1.0271413      1717.0563      180.97234      959.699      
    233000   233000         428.27616      1103.3871      18251.925      16936.076      10211.603      6724.473       3710.0031      7526.3807     -6512.7818     -82.052422     -2893.8038      12925.964     -7949.2371     -357.88907      81771.604      43.404442      43.404442      43.404442      1.0202507      1341.4261      1724.4738      244.2613     
    234000   234000         422.79144     -31.678828      16765.676      16803.273      10080.828      6722.4451      3766.126       7392.8079     -6376.167      -83.724196     -3003.6214      12969.355     -7942.3316     -359.61794      81378.485      43.334774      43.334774      43.334774      1.0251793      974.18157     -315.09795     -754.12011    
    235000   235000         423.13045     -718.78129      16283.366      17137.242      10088.911      7048.3309      3928.1698      7489.6622     -6406.9416     -88.077171     -2890.0778      12953.397     -7937.8012     -359.27664      81455.794      43.348492      43.348492      43.348492      1.0242063     -913.66548     -278.63333     -964.04505    
    236000   236000         426.77272      197.02431      17134.408      16899.851      10175.755      6724.0963      3781.8218      7398.0195     -6476.9089     -80.755807     -2893.2171      12935.93      -7940.7929     -358.50818      81630.394      43.379442      43.379442      43.379442      1.0220156      319.72135      716.65112     -445.29955    
    237000   237000         418.75981     -562.41001      16112.014      16772.893      9984.6993      6788.194       3788.8599      7472.0145     -6450.2566     -81.389542     -2936.9783      12928.513     -7932.5686     -363.20993      80573.688      43.191446      43.191446      43.191446      1.0354191     -283.26932     -1981.2294      577.26872    
    238000   238000         425.95782     -215.39809      16894.513      17153.708      10156.325      6997.3831      3939.9184      7529.4523     -6533.3016     -86.43518      -2894.0747      12967.18      -7925.3565     -354.68329      82510.692      43.534819      43.534819      43.534819      1.0111118      29.190642      1689.9556     -2365.3405    
    239000   239000         425.55127      1886.62        19092.227      16852.035      10146.632      6705.4036      3740.708       7363.6455     -6443.6805     -82.268067     -2874.6992      12940.149     -7938.451      -359.43977      81418.826      43.341933      43.341933      43.341933      1.0246713      75.640726      2707.383       2876.8363    
    240000   240000         422.35515      185.53739      17022.827      16802.936      10070.425      6732.5113      3723.1004      7405.0669     -6401.0401     -78.924584     -2937.6075      12958.157     -7936.2405     -360.1231       81264.334      43.314502      43.314502      43.314502      1.0266193     -79.047362      420.86799      214.79156    
    241000   241000         425.92286      119.57392      17014.934      16873.153      10155.492      6717.6616      3694.2235      7536.063      -6530.0518     -80.179657     -2952.8927      12976.704     -7926.2042     -359.95181      81303.004      43.321372      43.321372      43.321372      1.026131      -1432.5779      661.98171      1129.318     
    242000   242000         420.52613     -318.72455      16428.797      16810.766      10026.815      6783.9517      3804.9156      7357.4551     -6432.2444     -84.005831     -2867.8725      12947.436     -7941.7318     -356.13418      82174.544      43.475618      43.475618      43.475618      1.0152479     -621.4872       778.14326     -1112.8297    
    243000   243000         429.07083     -520.96892      16592.371      17217.457      10230.55       6986.9063      3868.9692      7575.6344     -6425.068      -85.818495     -2933.7753      12919.683     -7932.7188     -355.71281      82271.886      43.492778      43.492778      43.492778      1.0140467      402.04415     -2124.6352      159.68429    
    244000   244000         425.33747     -1055.3219      15712.526      16975.461      10141.534      6833.9273      3764.1007      7556.4864     -6432.1279     -85.350683     -2939.1628      12916.381     -7946.3999     -356.6407       82057.834      43.455026      43.455026      43.455026      1.0166919     -986.7343      -982.57139     -1196.6599    
    245000   245000         421.37855      222.69216      17069.675      16806.083      10047.139      6758.9435      3765.7709      7321.6192     -6321.4592     -83.163643     -2906.242       12919.555     -7937.1369     -360.57793      81161.827      43.296282      43.296282      43.296282      1.0279159      1173.5071     -514.83858      9.4079363    
    246000   246000         428.29022      451.51076      17424.829      16887.735      10211.938      6675.7969      3713.7503      7359.4951     -6414.7851     -83.721858     -2919.4868      12953.054     -7932.509      -358.79343      81565.494      43.367943      43.367943      43.367943      1.0228288     -486.25505      634.6988       1206.0885    
    247000   247000         427.40625     -359.18496      16440.925      16873.187      10190.861      6682.3259      3671.5469      7402.6165     -6475.5422     -82.036628     -2895.3346      12985.732     -7924.6565     -354.64854      82518.776      43.536241      43.536241      43.536241      1.0110128     -1751.387       49.435535      624.39654    
    248000   248000         431.78469      520.22782      17641.373      17024.833      10295.258      6729.5748      3650.8121      7448.3786     -6388.0553     -82.698849     -2912.7985      12942.597     -7928.6604     -360.12957      81262.873      43.314243      43.314243      43.314243      1.0266378     -304.63788      146.97781      1718.3435    
    249000   249000         422.67532      714.76802      17442.137      16593.763      10078.059      6515.7046      3587.7505      7376.5404     -6430.2627     -82.607811     -2937.4557      12940.729     -7938.9894     -359.58752      81385.371      43.335996      43.335996      43.335996      1.0250925      2204.8915      921.07152     -981.65897    
    250000   250000         423.59631      23.442263      16835.921      16808.081      10100.018      6708.0629      3680.2595      7437.0001     -6429.9046     -82.460479     -2920.8167      12967.85      -7943.8645     -359.38073      81432.199      43.344306      43.344306      43.344306      1.024503       868.36678      972.88071     -1770.9207    
Loop time of 526.629 on 1 procs for 250000 steps with 8000 atoms

Performance: 41.016 ns/day, 0.585 hours/ns, 474.717 timesteps/s, 3.798 Matom-step/s
100.0% CPU use with 1 MPI tasks x 1 OpenMP threads

MPI task timing breakdown:
Section |  min time  |  avg time  |  max time  |%varavg| %total
---------------------------------------------------------------
Pair    | 65.24      | 65.24      | 65.24      |   0.0 | 12.39
Bond    | 56.357     | 56.357     | 56.357     |   0.0 | 10.70
Kspace  | 249.83     | 249.83     | 249.83     |   0.0 | 47.44
Neigh   | 52.113     | 52.113     | 52.113     |   0.0 |  9.90
Comm    | 8.4075     | 8.4075     | 8.4075     |   0.0 |  1.60
Output  | 2.7415     | 2.7415     | 2.7415     |   0.0 |  0.52
Modify  | 81.313     | 81.313     | 81.313     |   0.0 | 15.44
Other   |            | 10.63      |            |       |  2.02

Nlocal:           8000 ave        8000 max        8000 min
Histogram: 1 0 0 0 0 0 0 0 0 0
Nghost:          20555 ave       20555 max       20555 min
Histogram: 1 0 0 0 0 0 0 0 0 0
Neighs:              0 ave           0 max           0 min
Histogram: 1 0 0 0 0 0 0 0 0 0
FullNghs:  5.00396e+06 ave 5.00396e+06 max 5.00396e+06 min
Histogram: 1 0 0 0 0 0 0 0 0 0

Total # of neighbors = 5003956
Ave neighs/atom = 625.4945
Ave special neighs/atom = 5.7025
Neighbor list builds = 9937
Dangerous builds = 0

# --- Cleanup ---
unfix npt_fix

undump dump_npt

# --- Write Output ---
write_dump all custom cool_block_03_last.dump id type mol x y z xu yu zu vx vy vz modify sort id
write_data /home/alexzhao/PolyJarvis/data/PEG_COMPASS_2/attempts/cooling/attempt-0001/work/cool_block_03/cool_block_03_out.data
System init for write_data ...
PPPM Kokkos initialization ...
  using 12-bit tables for long-range coulomb
  G vector (1/distance) = 0.30377053
  grid = 32 32 32
  stencil order = 5
  estimated absolute RMS force accuracy = 0.00040358644
  estimated relative force accuracy = 1.2153886e-06
  using double precision cuFFT
  3d grid and FFT values/proc = 59319 32768
Generated 15 of 15 mixed pair_coeff terms from sixthpower/sixthpower mixing rule
write_restart /home/alexzhao/PolyJarvis/data/PEG_COMPASS_2/attempts/cooling/attempt-0001/work/cool_block_03/cool_block_03_out.restart
System init for write_restart ...
PPPM Kokkos initialization ...
  using 12-bit tables for long-range coulomb
  G vector (1/distance) = 0.30377053
  grid = 32 32 32
  stencil order = 5
  estimated absolute RMS force accuracy = 0.00040358644
  estimated relative force accuracy = 1.2153886e-06
  using double precision cuFFT
  3d grid and FFT values/proc = 59319 32768
Generated 15 of 15 mixed pair_coeff terms from sixthpower/sixthpower mixing rule

print "STAGE COMPLETE: NPT T=450.0->425.0K P=1.0->1.0atm steps=250000"
STAGE COMPLETE: NPT T=450.0->425.0K P=1.0->1.0atm steps=250000
quit
