units real
atom_style full
boundary p p p

# --- Force Field Styles ---
pair_style lj/cut/coul/long 9.5 9.5
kspace_style pppm 1e-6
dielectric 1.000000
bond_style harmonic
angle_style harmonic
dihedral_style multi/harmonic
improper_style none
special_bonds lj/coul 0 0 0.5
pair_modify mix geometric tail yes
neighbor 2.0 bin
neigh_modify delay 0 every 1 check yes
neigh_modify one 4000
# KOKKOS: package loaded via -pk kokkos on the command line

read_data /home/arz2/PolyJarvis_v2/data/PTFE_AI/attempts/cooling/attempt-0001/work/cool_block_08/cool_block_08_out.data
Reading data file ...
  orthogonal box = (4.658082 4.658082 4.658082) to (40.703511 40.703511 40.703511)
  1 by 1 by 1 MPI processor grid
  reading atoms ...
  3020 atoms
  reading velocities ...
  3020 velocities
  scanning bonds ...
  4 = max bonds/atom
  scanning angles ...
  12 = max angles/atom
  scanning dihedrals ...
  24 = max dihedrals/atom
  orthogonal box = (4.658082 4.658082 4.658082) to (40.703511 40.703511 40.703511)
  1 by 1 by 1 MPI processor grid
  reading bonds ...
  3010 bonds
  reading angles ...
  6000 angles
  reading dihedrals ...
  8910 dihedrals
Finding 1-2 1-3 1-4 neighbors ...
  special bond factors lj:    0        0        0.5     
  special bond factors coul:  0        0        0.5     
     4 = max # of 1-2 neighbors
     6 = max # of 1-3 neighbors
    12 = max # of 1-4 neighbors
    16 = max # of special neighbors
  special bonds CPU = 0.004 seconds
  read_data CPU = 0.080 seconds


# --- Thermo Output ---
thermo_style custom step time temp press enthalpy etotal ke pe ebond eangle edihed eimp evdwl ecoul elong etail vol lx ly lz density pxx pyy pzz
thermo_modify flush yes
thermo 1000

# --- Trajectory ---
dump dump_npt all custom 1000 cool_block_09.dump id type mol x y z ix iy iz vx vy vz


# --- Restart Checkpointing ---
restart 10000 npt_1.rst npt_2.rst

# --- Initial Velocities (optional) ---
# Velocities read from data file

# --- SHAKE Constraints ---
# SHAKE disabled

# --- NPT Thermostat + Barostat (Nose-Hoover) ---
# T_damp = 100.0 fs  (heat bath coupling)
# P_damp = 1000.0 fs  (pressure bath coupling, ~10x T_damp typical)
# Ramp: T=500.0->475.0K  P=1.0->1.0atm
timestep 1.0
fix npt_fix all npt temp 500.0 475.0 100.0 iso 1.0 1.0 1000.0

run 250000
PPPM Kokkos initialization ...
  using 12-bit tables for long-range coulomb
  G vector (1/distance) = 0.32759196
  grid = 36 36 36
  stencil order = 5
  estimated absolute RMS force accuracy = 0.00039805765
  estimated relative force accuracy = 1.1987388e-06
  using double precision cuFFT
  3d grid and FFT values/proc = 79507 46656
Generated 3 of 3 mixed pair_coeff terms from geometric mixing rule
Neighbor list info ...
  update: every = 1 steps, delay = 0 steps, check = yes
  max neighbors/atom: 4000, page size: 100000
  master list distance cutoff = 11.5
  ghost atom cutoff = 11.5
  binsize = 11.5, bins = 4 4 4
  1 neighbor lists, perpetual/occasional/extra = 1 0 0
  (1) pair lj/cut/coul/long/kk, perpetual
      attributes: full, newton off, kokkos_device
      pair build: full/bin/kk/device
      stencil: full/bin/3d
      bin: kk/device
Per MPI rank memory allocation (min/avg/max) = 25.92 | 25.92 | 25.92 Mbytes
   Step          Time           Temp          Press         Enthalpy        TotEng         KinEng         PotEng         E_bond        E_angle        E_dihed        E_impro         E_vdwl         E_coul         E_long         E_tail         Volume           Lx             Ly             Lz          Density          Pxx            Pyy            Pzz      
         0   0              503.32922     -811.75526      5591.4271      6145.8633      4529.4926      1616.3707      1876.9201      3050.0084     -4342.1243      0              417.54358      14998.809     -14384.786     -116.35755      46832.851      36.045429      36.045429      36.045429      1.7737985     -1870.6472      672.21266     -1236.8312    
      1000   1000           493.15936      944.06924      6734.0264      6097.0091      4437.9734      1659.0357      1876.7321      3023.7609     -4320.5621      0              456.08138      15019.175     -14396.151     -117.78056      46267.022      35.899675      35.899675      35.899675      1.7954914     -498.57395      1957.781       1373.0007    
      2000   2000           491.79257     -290.54895      5859.4151      6057.8359      4425.6736      1632.1623      1854.2378      3049.4708     -4349.462       0              460.52323      14991.257     -14373.865     -116.37324      46826.535      36.043809      36.043809      36.043809      1.7740378     -829.72046      789.94013     -831.86654    
      3000   3000           484.64786     -220.35964      5920.8356      6071.3797      4361.3778      1710.0019      1860.1702      3105.103      -4333.4412      0              446.69788      15016.605     -14385.133     -116.32932      46844.213      36.048344      36.048344      36.048344      1.7733683     -570.43991      1360.9152     -1451.5542    
      4000   4000           498.00708     -1046.7334      5307.2489      6020.8926      4481.5983      1539.2943      1767.1096      3042.8024     -4340.3527      0              441.55203      14998.277     -14370.094     -116.56703      46748.688      36.023824      36.023824      36.023824      1.776992      -1624.0755      165.11681     -1681.2417    
      5000   5000           504.71805     -695.76915      5757.9557      6236.2086      4541.9908      1694.2178      1891.4805      3024.9067     -4333.6776      0              484.90037      15002.023     -14375.415     -115.61883      47132.077      36.122034      36.122034      36.122034      1.7625373     -313.14837     -838.97812     -935.18094    
      6000   6000           508.11251     -385.59268      6040.435       6302.01        4572.5378      1729.4722      1922.9029      3060.9892     -4330.0451      0              443.72188      15009.292     -14377.389     -117.15302      46514.854      35.96366       35.96366       35.96366       1.785925      -136.7321       576.85597     -1596.9019    
      7000   7000           492.2688      -839.64807      5534.8162      6113.3788      4429.9592      1683.4196      1905.7286      3049.7973     -4345.111       0              439.98178      14998.687     -14365.664     -115.33682      47247.319      36.15145       36.15145       36.15145       1.7582383      600.66445     -1189.5036     -1930.105     
      8000   8000           507.82535      1312.562       7121.7716      6244.4813      4569.9536      1674.5277      1871.5717      3057.3754     -4346.2815      0              478.92527      15001.519     -14388.582     -118.90429      45829.763      35.786224      35.786224      35.786224      1.8126221     -3.1295493      451.98489      3488.8305    
      9000   9000           482.6768      -535.01573      5606.6461      5971.3497      4343.6401      1627.7096      1842.8555      3021.6826     -4348.6623      0              496.44509      14996.371     -14380.982     -116.58632      46740.952      36.021837      36.021837      36.021837      1.7772861      835.96363     -1566.0563     -874.95453    
     10000   10000          501.64682      429.82673      6365.3247      6073.8357      4514.3527      1559.483       1734.3955      3101.1228     -4343.2046      0              446.56455      14997.736     -14377.131     -117.19046      46499.995      35.95983       35.95983       35.95983       1.7864957      601.04392     -493.53965      1181.9759    
     11000   11000          512.36766     -391.5232       6029.932       6300.1571      4610.8301      1689.327       1829.7158      3099.9882     -4339.4041      0              469.98862      14994.956     -14365.917     -115.14707      47325.177      36.171297      36.171297      36.171297      1.7553456     -1130.0906     -271.09389      226.61491    
     12000   12000          494.60467      288.0262       6370.5817      6172.1847      4450.9798      1721.2048      1795.4671      3174.1239     -4315.9609      0              433.30009      15006.912     -14372.637     -115.37662      47231.023      36.147294      36.147294      36.147294      1.7588449     -3074.7631      2167.9446      1770.8971    
     13000   13000          510.71989     -245.73076      6077.4944      6242.9446      4596.0017      1646.9429      1887.2438      3080.8735     -4350.3936      0              409.61826      15005.173     -14385.572     -118.03565      46167.032      35.873795      35.873795      35.873795      1.7993802     -1097.2643     -203.13968      563.21176    
     14000   14000          510.79429     -1084.6739      5436.6824      6183.5291      4596.6713      1586.8578      1859.3546      3096.9225     -4357.3418      0              370.93278      14987.611     -14370.622     -115.42204      47212.436      36.142551      36.142551      36.142551      1.7595373     -483.93443     -1487.8355     -1282.2517    
     15000   15000          504.20903     -949.10304      5627.157       6275.6887      4537.4101      1738.2786      1888.0081      3107.9448     -4360.4166      0              474.35571      14995.761     -14367.374     -116.3063       46853.487      36.050722      36.050722      36.050722      1.7730173      371.13623     -2507.5372     -710.90818    
     16000   16000          504.45185     -626.28191      5713.8319      6137.9297      4539.5952      1598.3345      1879.862       3050.8433     -4364.4978      0              404.33111      15012.422     -14384.626     -117.36127      46432.314      35.942376      35.942376      35.942376      1.7890998     -1616.6037      877.32579     -1139.5678    
     17000   17000          489.57019     -277.02161      5782.3501      5972.1597      4405.6742      1566.4855      1748.5248      3131.9568     -4342.6666      0              402.55407      14995.837     -14369.721     -115.98892      46981.693      36.083574      36.083574      36.083574      1.768179      -158.67         740.40467     -1412.7995    
     18000   18000          496.32105      140.22748      6201.6471      6108.2174      4466.4257      1641.7917      1882.4381      3023.2392     -4335.0141      0              440.8436       15028.429     -14398.145     -119.28041      45685.252      35.74857       35.74857       35.74857       1.8183558     -275.20876      571.30369      124.58752    
     19000   19000          501.09933     -204.24729      6012.5365      6151.4985      4509.4257      1642.0728      1844.8545      3008.209      -4327.7462      0              503.67534      14987.064     -14373.983     -116.81033      46651.316      35.998795      35.998795      35.998795      1.780701      -367.39824     -975.24005      729.89643    
     20000   20000          504.32436      1995.8525      7641.3454      6260.1504      4538.448       1721.7025      1866.5657      3073.5528     -4358.0111      0              530.28022      14983.836     -14374.521     -114.84034      47451.58       36.203472      36.203472      36.203472      1.7506697      3073.5464     -618.94842      3532.9596    
     21000   21000          500.55376      70.819454      6231.4582      6183.7846      4504.5161      1679.2686      1821.9328      3152.0961     -4342.5112      0              418.1605       15025.808     -14396.218     -118.05821      46158.211      35.87151       35.87151       35.87151       1.7997241      2712.4559     -1224.3863     -1275.6113    
     22000   22000          492.15549     -1462.9841      4991.8882      5990.507       4428.9395      1561.5676      1836.5753      2991.1588     -4325.901       0              427.19521      15014.085     -14381.546     -116.42893      46804.139      36.038061      36.038061      36.038061      1.7748867     -693.85209     -1733.1534     -1961.9468    
     23000   23000          501.92796      1988.6047      7512.3697      6154.1132      4516.8826      1637.2306      1797.1443      3045.0404     -4342.5505      0              485.41808      15031.669     -14379.49      -116.35571      46833.591      36.045619      36.045619      36.045619      1.7737705      1894.0729      2555.4405      1516.3006    
     24000   24000          490.12761      2.2681009      6071.7028      6070.1418      4410.6905      1659.4513      1824.3769      3075.614      -4340.2617      0              469.39493      15010.367     -14380.04      -115.47829      47189.439      36.136682      36.136682      36.136682      1.7603948      1486.2101      365.74133     -1845.1472    
     25000   25000          497.11153     -97.521734      6065.0811      6132.5774      4473.5392      1659.0382      1822.8794      3073.593      -4332.9666      0              448.36934      15014.922     -14367.759     -114.8267       47457.217      36.204906      36.204906      36.204906      1.7504618     -316.68563      369.89694     -345.77651    
     26000   26000          493.50631     -167.57452      5945.0536      6058.6841      4441.0956      1617.5884      1783.0434      3033.741      -4311.962       0              489.0917       15011.229     -14387.554     -117.20176      46495.509      35.958674      35.958674      35.958674      1.7866681     -70.070987     -830.67814      398.02556    
     27000   27000          502.19372      556.83967      6603.9535      6220.152       4519.2742      1700.8778      1896.0829      3014.5367     -4345.231       0              501.35188      15006.536     -14372.398     -115.30405      47260.747      36.154875      36.154875      36.154875      1.7577387     -863.09741      632.94341      1900.673     
     28000   28000          502.9073      -640.98843      5797.8029      6241.7095      4525.6957      1716.0138      1869.6224      3101.6922     -4342.4995      0              439.6481       15017.255     -14369.704     -114.75711      47485.996      36.212223      36.212223      36.212223      1.7494009      1091.6126     -1913.8544     -1100.7235    
     29000   29000          497.02693     -337.67133      5877.6843      6107.3492      4472.7779      1634.5713      1829.1127      3021.2045     -4316.9741      0              464.95347      15019.129     -14382.855     -116.84782      46636.35       35.994945      35.994945      35.994945      1.7812724     -2864.6905      1091.4954      760.18114    
     30000   30000          494.28674     -820.78101      5404.8418      5971.57        4448.1188      1523.4512      1846.8413      2918.0432     -4340.1736      0              467.24649      14999.042     -14367.548     -115.09953      47344.726      36.176277      36.176277      36.176277      1.7546209      638.76307     -326.58407     -2774.522     
     31000   31000          510.3959       1158.5562      6937.7972      6159.2316      4593.0862      1566.1454      1795.3133      3044.6612     -4352.1157      0              427.65459      15047.436     -14396.804     -118.26137      46078.914      35.850956      35.850956      35.850956      1.8028212      1195.71        1101.1356      1178.8229    
     32000   32000          496.57912      899.46897      6588.2296      5965.306       4468.7481      1496.5579      1730.3419      2962.6356     -4319.2421      0              510.00259      14974.496     -14361.676     -114.75521      47486.783      36.212423      36.212423      36.212423      1.7493719      234.62008      1893.3454      570.4414     
     33000   33000          501.69076     -663.1983       5703.6555      6165.5216      4514.748       1650.7736      1884.569       3013.7365     -4337.1104      0              446.63662      15014.57      -14371.628     -114.11648      47752.575      36.27986       36.27986       36.27986       1.7396348      653.71219     -1058.0404     -1585.2667    
     34000   34000          492.10069     -861.51239      5482.2519      6075.6201      4428.4464      1647.1737      1805.9252      3104.7477     -4319.7642      0              403.198        15034.612     -14381.545     -115.38739      47226.614      36.146168      36.146168      36.146168      1.7590091     -1174.324      -273.50953     -1136.7036    
     35000   35000          503.58626      408.83793      6525.4883      6246.0096      4531.8058      1714.2038      1846.3633      3039.1369     -4322.3168      0              514.12173      15021.812     -14384.913     -116.25818      46872.878      36.055695      36.055695      36.055695      1.7722838      822.89261      666.15102     -262.52984    
     36000   36000          496.71042      1443.9069      7137.1192      6150.2444      4469.9296      1680.3147      1830.7151      3061.5887     -4343.2059      0              498.70506      15018.198     -14385.687     -116.27816      46864.826      36.053631      36.053631      36.053631      1.7725883      2157.0544      2539.4197     -364.75351    
     37000   37000          496.56522      838.36399      6764.1813      6190.2361      4468.6229      1721.6131      1810.0962      3064.7161     -4327.9603      0              547.36567      15000.958     -14373.563     -116.0869       46942.036      36.073419      36.073419      36.073419      1.7696728     -984.85413      919.04285      2580.9032    
     38000   38000          485.40478      779.62978      6546.7619      6010.6807      4368.1895      1642.4912      1798.9469      3102.25       -4338.3771      0              448.20476      15009.774     -14378.307     -115.57897      47148.333      36.126186      36.126186      36.126186      1.7619296     -1038.278       39.653683      3337.5136    
     39000   39000          493.73023      1235.8468      6943.6701      6098.7243      4443.1107      1655.6136      1794.0328      3049.1463     -4321.3743      0              498.74557      15013.629     -14378.566     -116.24033      46880.075      36.05754       36.05754       36.05754       1.7720117      2667.4427     -501.91362      1542.0114    
     40000   40000          499.71141      622.90538      6645.1877      6215.7004      4496.9357      1718.7647      1844.4635      3085.9355     -4339.9171      0              513.88686      14982.652     -14368.257     -115.26375      47277.273      36.159088      36.159088      36.159088      1.7571243      2215.9068      770.54088     -1117.7315    
     41000   41000          488.14368     -982.75847      5334.5078      6003.5619      4392.8369      1610.725       1856.0818      3048.294      -4354.9048      0              443.21476      15000.723     -14382.683     -116.73648      46680.829      36.006385      36.006385      36.006385      1.7795751     -1002.7066     -1383.5162     -562.05265    
     42000   42000          498.33975      183.04348      6298.5321      6173.6459      4484.5921      1689.0539      1824.6922      3049.9362     -4346.3371      0              538.95432      14996.524     -14374.716     -116.48263      46782.562      36.032523      36.032523      36.032523      1.7757053      355.53591      147.49905      46.09548     
     43000   43000          495.51665     -762.33722      5544.8725      6071.2328      4459.1868      1612.046       1823.1199      3060.6072     -4353.7651      0              466.52229      14986.061     -14370.499     -115.10259      47343.468      36.175957      36.175957      36.175957      1.7546675      1348.0618     -666.91658     -2968.1569    
     44000   44000          497.50468      1552.1234      7227.7565      6142.2461      4477.0773      1665.1689      1827.7444      3060.223      -4354.0378      0              510.33606      14982.428     -14361.525     -113.63531      47954.772      36.330994      36.330994      36.330994      1.7322998      204.3975       2530.2804      1921.6922    
     45000   45000          503.38853      1220.9648      7006.4619      6146.2604      4530.0264      1616.234       1795.0257      3049.6128     -4360.6873      0              518.46595      14968.242     -14354.425     -112.80386      48308.238      36.420038      36.420038      36.420038      1.7196248      1186.0201      2158.6564      318.21785    
     46000   46000          500.4646       417.95788      6359.5663      6071.1052      4503.7138      1567.3915      1775.2132      3036.2953     -4351.3783      0              481.8033       14997.509     -14372.051     -115.15063      47323.714      36.170924      36.170924      36.170924      1.7553999      36.337704      1220.9252     -3.3892365    
     47000   47000          510.27836     -136.42376      6224.4705      6318.524       4592.0284      1726.4956      1847.2965      3138.8219     -4320.5354      0              424.68988      15021.651     -14385.428     -115.27523      47272.563      36.157888      36.157888      36.157888      1.7572993      60.630013     -1112.6341      642.73277    
     48000   48000          498.86071     -903.16608      5435.6051      6058.0655      4489.2802      1568.7853      1848.6655      2983.8599     -4340.8306      0              450.21185      15007.815     -14380.936     -115.31265      47257.224      36.153976      36.153976      36.153976      1.7578697     -1093.6987     -584.09144     -1031.7081    
     49000   49000          497.38789     -522.03517      5817.5879      6178.2963      4476.0262      1702.27        1856.6689      3035.2903     -4321.0255      0              508.72138      14997.227     -14374.612     -115.01768      47378.416      36.184856      36.184856      36.184856      1.7533732     -189.7544      -221.81959     -1154.5315    
     50000   50000          472.90726     -1351.1347      5032.7437      5976.9183      4255.7235      1721.1949      1912.7439      3060.5057     -4340.8276      0              467.82369      14982.682     -14361.732     -113.72799      47915.695      36.321123      36.321123      36.321123      1.7337126     -53.18809      -1380.9613     -2619.2545    
     51000   51000          493.66839     -178.04691      5983.3581      6106.6681      4442.5542      1664.1139      1802.6417      3067.0372     -4337.7401      0              515.97837      14984.326     -14368.129     -114.75118      47488.448      36.212846      36.212846      36.212846      1.7493105      1981.3863     -1800.3325     -715.1945     
     52000   52000          493.2417      -134.54442      6084.5838      6177.4684      4438.7144      1738.754       1884.1737      3071.7769     -4344.3334      0              495.13277      15006.11      -14374.106     -115.11793      47337.157      36.174349      36.174349      36.174349      1.7549014      644.92645      927.43007     -1975.9898    
     53000   53000          492.38934     -310.09937      5752.9371      5964.3585      4431.0439      1533.3146      1846.3816      2892.4229     -4338.245       0              527.34188      14983.773     -14378.36      -116.56632      46748.973      36.023897      36.023897      36.023897      1.7769811      352.72656     -710.85203     -572.17264    
     54000   54000          481.70207     -17.510762      6103.1054      6115.1369      4334.8685      1780.2684      1862.3903      3165.1438     -4352.1282      0              482.38193      14994.929     -14372.448     -115.66652      47112.646      36.117069      36.117069      36.117069      1.7632642      280.65233      1271.0011     -1604.1857    
     55000   55000          486.37216      580.30028      6360.8241      5965.8078      4376.895       1588.9128      1806.2072      3046.8409     -4342.8006      0              459.55607      15005.667     -14386.558     -116.75053      46675.213      36.004941      36.004941      36.004941      1.7797893      2707.4817     -3009.9779      2043.397     
     56000   56000          495.56355     -31.291271      6130.5413      6152.1278      4459.6089      1692.5189      1857.2449      3101.1792     -4344.7497      0              452.38028      14990.08      -14363.616     -115.20277      47302.298      36.165467      36.165467      36.165467      1.7561947      395.17407     -16.842018     -472.20586    
     57000   57000          497.87962      1747.2077      7212.0887      6027.8769      4480.4513      1547.4256      1776.5117      2949.7835     -4306.1873      0              502.78913      15011.945     -14387.416     -117.25631      46473.881      35.953097      35.953097      35.953097      1.7874996      3230.3231      654.26127      1357.0387    
     58000   58000          485.96632      167.76411      6123.2827      6006.8724      4373.2428      1633.6296      1774.3135      3070.4472     -4328.0217      0              486.27241      15004.827     -14374.209     -114.53252      47579.112      36.235877      36.235877      36.235877      1.7459772      628.64754      811.67873     -937.03394    
     59000   59000          500.95188      1278.4718      7027.7854      6148.623       4508.0988      1640.5242      1869.0828      3015.383      -4317.013       0              438.84357      15016.205     -14381.977     -115.56947      47152.209      36.127176      36.127176      36.127176      1.7617848      244.93454      1591.9225      1998.5584    
     60000   60000          488.49325      149.03658      5915.73        5814.3325      4395.9828      1418.3497      1741.9491      2969.7393     -4345.7901      0              435.0009       14994.274     -14376.823     -116.8118       46650.73       35.998644      35.998644      35.998644      1.7807233     -1621.9278      2521.4633     -452.42576    
     61000   61000          504.38422      1368.2219      7025.2579      6103.1673      4538.9867      1564.1807      1809.4408      2997.6392     -4335.175       0              466.61937      15023.736     -14398.08      -117.92448      46210.554      35.885064      35.885064      35.885064      1.7976855      1567.9591      1000.4032      1536.3035    
     62000   62000          498.7773      -509.09229      5883.1218      6232.9026      4488.5296      1744.373       1881.9029      3088.4594     -4325.2244      0              471.91104      14997.437     -14370.113     -115.6702       47111.146      36.116686      36.116686      36.116686      1.7633204      1329.9736     -411.51134     -2445.7392    
     63000   63000          491.6588       2143.6779      7478.6697      6034.2436      4424.4698      1609.7738      1758.2426      3041.0662     -4333.8475      0              521.57179      15019.612     -14396.871     -117.94655      46201.909      35.882826      35.882826      35.882826      1.7980219      1956.7315      3677.9993      796.30269    
     64000   64000          500.51674     -283.81469      5958.6499      6152.1268      4504.1829      1647.9439      1860.0899      3034.3612     -4338.3771      0              470.15392      15001.602     -14379.886     -116.5807       46743.206      36.022415      36.022415      36.022415      1.7772004     -34.359332      91.601061     -908.68581    
     65000   65000          487.75763     -490.73111      5610.3277      5946.6819      4389.3629      1557.319       1836.0622      2985.0274     -4334.5818      0              455.82213      14995.356     -14380.367     -115.9492       46997.786      36.087694      36.087694      36.087694      1.7675735     -178.57063      329.91371     -1623.5364    
     66000   66000          500.80062      736.46889      6602.7044      6099.4597      4506.7376      1592.722       1820.4486      3006.9511     -4347.4151      0              479.53669      15011.555     -14378.354     -116.30443      46854.24       36.050916      36.050916      36.050916      1.7729888      2027.3924     -801.59577      983.61003    
     67000   67000          488.40326     -1813.2978      4711.8128      5946.3056      4395.1729      1551.1327      1793.6597      3015.4056     -4338.8868      0              457.12648      15002.981     -14379.153     -116.73514      46681.365      36.006523      36.006523      36.006523      1.7795547     -1837.0448     -2268.0959     -1334.7528    
     68000   68000          490.74299      2757.5518      8002.8751      6119.1914      4416.2283      1702.9631      1767.1354      3133.934      -4327.6988      0              508.64792      15004.714     -14383.769     -116.34206      46839.087      36.047029      36.047029      36.047029      1.7735624      4831.0447      635.03876      2806.5719    
     69000   69000          482.8598       198.55747      6033.0273      5894.9894      4345.2869      1549.7025      1804.879       3006.6782     -4350.0863      0              479.76506      14973.273     -14364.807     -114.31651      47669.018      36.258687      36.258687      36.258687      1.7426842     -867.75388      809.35602      654.07027    
     70000   70000          495.34529      592.62892      6404.0947      5995.2475      4457.6447      1537.6027      1799.8697      3001.7065     -4344.1622      0              441.13563      15017.218     -14378.165     -115.19745      47304.482      36.166024      36.166024      36.166024      1.7561136      1027.9293     -286.69825      1036.6557    
     71000   71000          499.63955     -1766.3312      4873.3937      6114.8136      4496.2891      1618.5245      1841.263       3070.6694     -4342.1237      0              422.93821      14977.123     -14351.346     -113.07705      48191.527      36.390685      36.390685      36.390685      1.7237894     -4480.4815     -947.83167      129.31963    
     72000   72000          486.69024     -489.00755      5619.1681      5954.8809      4379.7573      1575.1236      1781.3886      3026.9565     -4336.888       0              499.68946      14966.507     -14362.53      -115.76271      47073.496      36.107062      36.107062      36.107062      1.7647307      344.17065      103.68021     -1914.8735    
     73000   73000          495.79723     -754.0982       5656.3256      6176.1477      4461.7118      1714.4359      1866.0414      3075.6605     -4330.1777      0              474.52445      15013.533     -14385.146     -115.29069      47266.223      36.156271      36.156271      36.156271      1.757535      -1931.7523      561.40626     -891.94852    
     74000   74000          501.42333      33.547386      6067.4487      6044.4357      4512.3414      1532.0943      1821.0099      2928.9718     -4324.8588      0              497.21121      14993.356     -14383.596     -115.85292      47036.845      36.097689      36.097689      36.097689      1.7661058     -564.26255     -714.80059      1379.7053    
     75000   75000          492.25121      740.12789      6430.1915      5923.6646      4429.8009      1493.8636      1785.8499      2976.6674     -4347.149       0              475.66359      14982.003     -14379.171     -116.12488      46926.686      36.069487      36.069487      36.069487      1.7702516     -670.52234      1526.1767      1364.7293    
     76000   76000          485.22739     -1914.2357      4693.3567      6011.4499      4366.5931      1644.8568      1897.4957      3025.4006     -4345.8168      0              462.88947      14978.515     -14373.627     -115.41714      47214.439      36.143062      36.143062      36.143062      1.7594627     -1140.0532     -1303.9608     -3298.6929    
     77000   77000          492.7528       198.37159      6179.9216      6043.7437      4434.3147      1609.429       1787.8835      3037.4888     -4325.504       0              503.7381       14982.568     -14376.745     -115.76946      47070.753      36.106361      36.106361      36.106361      1.7648335     -2076.8993      1251.9627      1420.0515    
     78000   78000          494.0902       974.1545       6744.7323      6064.7267      4446.3501      1618.3766      1856.7615      2953.4982     -4348.8427      0              523.43642      14998.961     -14365.438     -113.85088      47863.974      36.308049      36.308049      36.308049      1.735586       1073.9402      695.98483      1152.5385    
     79000   79000          489.56361      1336.8744      6891.6938      5960.3103      4405.615       1554.6952      1805.104       2969.3687     -4334.2263      0              490.77744      14992.091     -14368.42      -114.07306      47770.751      36.284462      36.284462      36.284462      1.7389729      1854.0797      2485.2425     -328.69909    
     80000   80000          488.51738      425.49666      6313.4058      6017.8016      4396.1999      1621.6017      1803.5393      3031.2584     -4338.6892      0              520.12033      14973.191     -14367.818     -114.3949       47636.351      36.250402      36.250402      36.250402      1.7438792      581.38527      926.19963     -231.09491    
     81000   81000          484.17272      443.98305      6393.4572      6074.3939      4357.1021      1717.2918      1887.9358      3052.6534     -4338.2335      0              487.56757      14973.44      -14346.071     -110.58865      49275.905      36.66161       36.66161       36.66161       1.6858553      1429.3059      129.53026     -226.88697    
     82000   82000          486.78308     -669.01699      5397.1487      5859.5237      4380.5928      1478.9309      1877.8005      2885.9296     -4348.396       0              440.07169      14990.074     -14366.549     -114.99099      47389.415      36.187656      36.187656      36.187656      1.7529662     -1154.7703     -68.959895     -783.32076    
     83000   83000          502.62908      1167.6421      6868.622       6068.5057      4523.192       1545.3137      1798.9221      2984.683      -4336.945       0              471.58826      15015.559     -14388.494     -115.97855      46985.892      36.084649      36.084649      36.084649      1.768021       1925.9159      364.84175      1212.1686    
     84000   84000          487.71994      272.03889      6080.5321      5898.1112      4389.0237      1509.0875      1836.2947      3006.6307     -4359.8496      0              398.8646       15034.753     -14407.606     -118.51613      45979.866      35.82525       35.82525       35.82525       1.8067048      330.13317      1257.9832     -771.99967    
     85000   85000          491.17124      1792.6707      7266.0046      6041.4403      4420.0822      1621.3581      1845.6238      3055.3419     -4366.6153      0              456.07815      15018.317     -14387.387     -116.34292      46838.74       36.04694       36.04694       36.04694       1.7735755      620.75747      2533.6882      2223.5663    
     86000   86000          514.3229       119.96196      6246.6748      6163.7758      4628.4255      1535.3504      1787.1616      2927.8611     -4341.1899      0              535.66447      14998.659     -14372.806     -115.00466      47383.779      36.186221      36.186221      36.186221      1.7531747      184.08475      933.65724     -757.85613    
     87000   87000          481.27892     -722.86236      5453.8558      5958.7907      4331.0605      1627.7302      1851.9781      3017.3226     -4345.7517      0              467.64739      15003.698     -14367.165     -113.77353      47896.515      36.316276      36.316276      36.316276      1.7344068     -1603.4094      1471.4813     -2036.659     
     88000   88000          498.39252     -1224.4211      5423.2339      6284.6542      4485.0669      1799.5872      1950.5889      3086.529      -4336.2029      0              473.52699      14983.77      -14358.624     -112.96314      48240.122      36.402913      36.402913      36.402913      1.7220529     -519.97736     -1102.8758     -2050.4102    
     89000   89000          488.29634      2397.7158      7637.4043      5976.8696      4394.2107      1582.6589      1775.1351      3015.6496     -4320.2637      0              483.65458      15010.855     -14382.372     -114.75478      47486.96       36.212468      36.212468      36.212468      1.7493654      3540.8817      1638.8991      2013.3665    
     90000   90000          490.51799      61.676317      6036.513       5993.6794      4414.2036      1579.4758      1792.6933      2963.0329     -4332.995       0              543.02019      14979.979     -14366.254     -114.43382      47620.151      36.246292      36.246292      36.246292      1.7444725     -828.77561      1361.8657     -348.06116    
     91000   91000          494.27219      491.60626      6258.9762      5921.0912      4447.9878      1473.1034      1783.7553      2874.4236     -4323.6187      0              511.94795      15009.449     -14382.854     -115.62973      47127.634      36.120899      36.120899      36.120899      1.7627035      1369.0766      690.54961     -584.80742    
     92000   92000          496.83937      56.263103      6198.144       6159.2054      4471.09        1688.1154      1862.9386      3073.1968     -4339.5619      0              477.33168      14978.692     -14364.481     -114.83243      47454.849      36.204304      36.204304      36.204304      1.7505491     -1789.8384      607.17345      1351.4543    
     93000   93000          479.03391      1144.7532      6708.5862      5924.5631      4310.8575      1613.7055      1804.195       3016.883      -4335.2968      0              504.21467      15004.699     -14380.989     -116.03901      46961.413      36.078382      36.078382      36.078382      1.7689426      741.74708      1424.9727      1267.5397    
     94000   94000          490.52206      252.17026      6143.5556      5969.2943      4414.2402      1555.0541      1892.9208      2912.855      -4344.0717      0              478.83423      14983.414     -14368.899     -115.00427      47383.943      36.186263      36.186263      36.186263      1.7531687      899.78356     -1270.1663      1126.8936    
     95000   95000          498.98615      743.98509      6519.5197      6009.7351      4490.4091      1519.3261      1756.4974      3010.5037     -4339.3595      0              478.62571      14992.253     -14379.194     -115.98413      46983.633      36.084071      36.084071      36.084071      1.768106       213.90223      1799.4151      218.63789    
     96000   96000          494.13933     -1.4030182      5927.9195      5928.9031      4446.7922      1482.1109      1818.086       2906.4103     -4342.4976      0              485.84679      14969.082     -14354.817     -113.35628      48072.816      36.36078       36.36078       36.36078       1.7280461      303.36733     -386.11635      78.539971    
     97000   97000          494.23843     -574.10457      5722.6278      6123.1821      4447.684       1675.4981      1860.9837      3091.7986     -4340.8142      0              453.00258      14973.978     -14363.451     -113.90706      47840.366      36.302079      36.302079      36.302079      1.7364425      312.96245     -1129.4883     -905.78789    
     98000   98000          497.89534     -580.60125      5647.2867      6043.6375      4480.5928      1563.0447      1844.0743      3044.9811     -4328.062       0              390.9285       14992.826     -14381.704     -116.41778      46808.622      36.039212      36.039212      36.039212      1.7747167     -233.95993     -791.30752     -716.53631    
     99000   99000          481.95505     -513.52204      5599.4517      5954.9886      4337.145       1617.8435      1855.8571      3037.8237     -4353.4846      0              454.83202      14977.91      -14355.094     -114.78774      47473.326      36.209002      36.209002      36.209002      1.7498678     -884.71091     -797.24282      141.38762    
    100000   100000         488.21035      541.54146      6321.9621      5951.145       4393.4369      1557.7081      1764.9057      3016.2833     -4362.8828      0              531.643        14980.986     -14373.227     -116.06279      46951.788      36.075917      36.075917      36.075917      1.7693052      1218.8495      224.38021      181.3947     
    101000   101000         500.19977     -1753.1179      4774.3374      5958.1412      4501.3305      1456.8107      1828.8492      2928.6569     -4344.3956      0              436.62821      15000.586     -14393.514     -117.69349      46301.249      35.908525      35.908525      35.908525      1.7941642     -2970.7904     -1376.1767     -912.38662    
    102000   102000         486.38171      2230.2438      7425.5912      5921.1047      4376.9808      1544.1238      1740.9437      2968.0016     -4338.8318      0              516.58153      15044.233     -14386.804     -117.81079      46255.15       35.896604      35.896604      35.896604      1.7959523      3111.6498      2436.4445      1142.6371    
    103000   103000         489.93316     -244.52156      5736.975       5903.8727      4408.9406      1494.9321      1811.4637      2927.7325     -4324.3972      0              453.72075      15013.014     -14386.602     -116.43615      46801.235      36.037316      36.037316      36.037316      1.7749968      498.07479     -87.21302      -1144.4264    
    104000   104000         485.23321      439.51572      6311.9211      6015.947       4366.6454      1649.3016      1853.4391      3023.9973     -4340.967       0              481.10423      15024.199     -14392.471     -118.01622      46174.634      35.875764      35.875764      35.875764      1.7990839     -1155.0483     -215.72076      2689.3162    
    105000   105000         488.1737      -120.60373      5916.4246      5998.9924      4393.1071      1605.8853      1818.4119      3049.9662     -4341.4583      0              453.19492      15010.306     -14384.536     -116.08373      46943.32       36.073748      36.073748      36.073748      1.7696244     -658.8733       1163.2137     -866.15158    
    106000   106000         492.35101      2639.0551      7685.3522      5904.2802      4430.699       1473.5813      1770.8739      2963.0757     -4368.5633      0              491.66864      15009.389     -14392.863     -117.75735      46276.138      35.902033      35.902033      35.902033      1.7951378      2441.1376      3394.3132      2081.7144    
    107000   107000         489.39217     -726.64863      5433.3571      5933.9243      4404.0722      1529.8521      1790.372       3054.1416     -4356.3455      0              428.03968      14987.96      -14374.316     -115.3674       47234.798      36.148256      36.148256      36.148256      1.7587043     -1638.0629     -346.41742     -195.46553    
    108000   108000         490.08451     -523.50588      5568.6774      5927.9785      4410.3026      1517.6759      1800.0806      3033.0988     -4327.9948      0              408.51997      14974.787     -14370.815     -115.79348      47060.989      36.103864      36.103864      36.103864      1.7651997     -229.40513     -933.63674     -407.47577    
    109000   109000         501.16334     -1540.1327      4880.8879      5932.8112      4510.0017      1422.8094      1817.6221      2898.6734     -4347.7255      0              447.66015      14984.176     -14377.596     -116.35769      46832.792      36.045414      36.045414      36.045414      1.7738008     -1078.7193     -1602.2092     -1939.4695    
    110000   110000         489.00362     -1762.042       4865.8405      6072.103       4400.5756      1671.5273      1950.3821      2998.6668     -4345.9208      0              445.1051       15006.392     -14383.097     -116.09018      46940.709      36.073079      36.073079      36.073079      1.7697228     -2023.8608     -2405.1948     -857.07048    
    111000   111000         479.83784      696.62175      6318.616       5842.9039      4318.0922      1524.8117      1774.4278      2993.9812     -4320.051       0              450.50563      15015.339     -14389.39      -116.3788       46824.296      36.043234      36.043234      36.043234      1.7741226     -266.15035      1586.7699      769.24567    
    112000   112000         490.40819     -660.7248       5499.2595      5960.4084      4413.2154      1547.193       1875.0783      2985.9383     -4353.3061      0              418.41538      14988.348     -14367.281     -113.86767      47856.916      36.306265      36.306265      36.306265      1.735842      -855.66075     -663.86345     -462.65019    
    113000   113000         506.0786      -670.11111      5648.7555      6117.0857      4554.2345      1562.8512      1834.965       3022.9614     -4349.8199      0              436.31866      14982.712     -14364.286     -113.71445      47921.399      36.322564      36.322564      36.322564      1.7335062     -2185.3395      116.48293      58.523205    
    114000   114000         492.49934     -705.88136      5443.3435      5922.8649      4432.0338      1490.8311      1806.0826      2967.5021     -4325.4209      0              433.60815      14998.33      -14389.271     -116.98891      46580.105      35.980469      35.980469      35.980469      1.7834233     -779.94109     -623.87109     -713.83189    
    115000   115000         485.46433     -751.63657      5396.5105      5912.8139      4368.7253      1544.0886      1838.0608      2976.1213     -4355.845       0              472.08764      14980.84      -14367.176     -115.6975       47100.031      36.113845      36.113845      36.113845      1.7637365      330.45528     -2548.9342     -36.430813    
    116000   116000         498.54394     -1038.6515      5301.6313      6023.9007      4486.4296      1537.4711      1856.4319      2944.9236     -4347.9396      0              479.2259       14969.057     -14364.227     -114.28563      47681.895      36.261951      36.261951      36.261951      1.7422135     -508.81012      132.97539     -2740.1198    
    117000   117000         480.76406      910.06796      6459.5228      5827.422       4326.4273      1500.9947      1755.1743      3016.1036     -4359.4211      0              466.90766      14994.185     -14371.955     -114.42173      47625.181      36.247569      36.247569      36.247569      1.7442882      232.41379      2085.3777      412.41236    
    118000   118000         494.32023     -798.83736      5327.2691      5875.3353      4448.4202      1426.9151      1847.4197      2909.9411     -4358.0303      0              417.1355       14991.614     -14381.165     -115.83675      47043.408      36.099368      36.099368      36.099368      1.7658594     -699.00488     -1208.0827     -489.42452    
    119000   119000         499.35598     -215.42303      5857.5955      6006.5694      4493.7372      1512.8322      1812.9435      2969.984      -4340.3818      0              464.46176      14975.934     -14370.109     -114.92197      47417.876      36.194899      36.194899      36.194899      1.751914      -1805.6856     -51.942885      1211.3593    
    120000   120000         491.39621     -250.32801      5816.7608      5986.9202      4422.1067      1564.8135      1808.4032      3090.6024     -4364.0351      0              405.45508      15006.739     -14382.351     -116.91619      46609.076      35.987927      35.987927      35.987927      1.7823147      966.38475      141.78578     -1859.1546    
    121000   121000         487.15538      762.27681      6323.6         5807.2796      4383.9432      1423.3364      1795.6121      2951.8199     -4351.795       0              423.3506       14997.418     -14393.069     -117.33145      46444.116      35.94542       35.94542       35.94542       1.7886451      463.33129      1805.0662      18.432929    
    122000   122000         486.78812      2970.9915      7916.1701      5887.5222      4380.6382      1506.884       1770.1483      3018.3861     -4375.0672      0              472.43228      15003.435     -14382.45      -116.39003      46819.78       36.042075      36.042075      36.042075      1.7742937      3764.7567      3298.3797      1849.8381    
    123000   123000         480.71788     -1586.7423      4828.2079      5921.4017      4326.0117      1595.39        1892.7359      2991.2627     -4359.0972      0              460.80317      14982.638     -14372.953     -115.35338      47240.536      36.14972       36.14972       36.14972       1.7584907     -2557.5326     -587.50552     -1615.1889    
    124000   124000         483.07583     -1156.7243      5016.1626      5806.6996      4347.231       1459.4686      1807.152       2955.5485     -4348.1711      0              424.74872      15008.317     -14388.127     -116.28634      46861.528      36.052785      36.052785      36.052785      1.7727131     -417.04547     -1983.2432     -1069.8843    
    125000   125000         479.62735     -1052.2658      5170.4773      5881.0833      4316.198       1564.8853      1877.5758      3021.7853     -4354.2826      0              423.06694      14995.14      -14398.4       -117.68405      46304.962      35.909485      35.909485      35.909485      1.7940203     -66.452068      538.7906      -3629.1358    
    126000   126000         484.53417      441.19485      6273.3198      5966.4926      4360.3547      1606.1378      1802.7644      3098.1039     -4358.872       0              458.0972       14974.272     -14368.228     -114.27668      47685.631      36.262898      36.262898      36.262898      1.742077       1107.8705      713.26346     -497.54936    
    127000   127000         479.83696     -657.10494      5380.4587      5836.5262      4318.0842      1518.442       1932.4964      2889.3453     -4364.0383      0              459.27359      14968.221     -14366.856     -114.50557      47590.31       36.23872       36.23872       36.23872       1.7455663      2151.7112     -753.73782     -3369.2882    
    128000   128000         484.2956      -231.22569      5714.7704      5875.1363      4358.2078      1516.9285      1806.9916      2979.5857     -4352.6903      0              464.30473      14987.557     -14368.82      -114.58958      47555.422      36.229862      36.229862      36.229862      1.7468469      283.89196      929.39357     -1906.9626    
    129000   129000         488.65959      1163.6308      6723.9703      5932.8762      4397.4796      1535.3965      1778.0148      3000.619      -4355.404       0              497.3243       14996.158     -14381.315     -116.89828      46616.218      35.989765      35.989765      35.989765      1.7820417      2303.2805      444.48626      743.12573    
    130000   130000         482.24402      1364.9016      6815.3153      5888.6151      4339.7455      1548.8696      1779.2014      3010.8543     -4352.6308      0              491.07538      14997.079     -14376.71      -117.05316      46554.538      35.973885      35.973885      35.973885      1.7844027     -2235.5091      3132.7882      3197.4255    
    131000   131000         482.70693      255.65076      6009.3045      5834.0135      4343.9113      1490.1022      1801.2479      2953.1218     -4363.6447      0              482.44513      15000.563     -14383.63      -115.9067       47015.017      36.092104      36.092104      36.092104      1.7669257     -780.61686      1484.7764      62.792725    
    132000   132000         487.71433      35.326406      5907.7641      5883.4664      4388.9732      1494.4932      1819.0238      3026.1785     -4367.7981      0              403.49195      14994.774     -14381.177     -115.54634      47161.647      36.129586      36.129586      36.129586      1.7614322     -719.72287     -240.07841      1065.7805    
    133000   133000         482.74721     -231.90655      5722.9264      5883.5436      4344.2738      1539.2698      1881.0674      2926.4851     -4343.0072      0              455.57266      14991.56      -14372.409     -114.74721      47490.092      36.213264      36.213264      36.213264      1.74925        617.12503     -1533.6744      220.82978    
    134000   134000         477.87624     -876.31644      5145.1956      5744.8613      4300.4396      1444.4217      1908.3784      2868.4054     -4347.908       0              410.77436      14981.578     -14376.806     -116.1376       46921.546      36.06817       36.06817       36.06817       1.7704455     -1469.8454      447.61764     -1606.7215    
    135000   135000         499.15638      1755.1741      7196.355       5993.7509      4491.941       1501.8099      1786.0426      3010.3947     -4356.4233      0              451.88279      14988.127     -14378.214     -115.98947      46981.47       36.083518      36.083518      36.083518      1.7681874      5079.8316     -505.46514      691.15575    
    136000   136000         488.45864      975.50572      6684.0092      6017.4685      4395.6713      1621.7973      1880.0281      3042.7118     -4351.544       0              405.52938      15028.779     -14383.707     -116.31192      46851.224      36.050142      36.050142      36.050142      1.773103       887.95982      117.98725      1920.5701    
    137000   137000         493.57452     -1954.4811      4512.3819      5859.2415      4441.7094      1417.5321      1840.4361      2927.2885     -4345.9212      0              383.79936      14980.949     -14369.019     -115.32679      47251.429      36.152498      36.152498      36.152498      1.7580853     -693.71359     -3518.7073     -1651.0224    
    138000   138000         491.99677      294.71574      6299.1057      6094.098       4427.5112      1666.5868      1821.8406      3032.4317     -4331.3095      0              543.45128      14964.49      -14364.317     -114.24948      47696.983      36.265776      36.265776      36.265776      1.7416624     -570.71869      1080.0493      374.81658    
    139000   139000         487.00789      1762.4184      7182.6256      5956.248       4382.6159      1573.632       1774.517       2973.6837     -4330.549       0              534.50024      14992.391     -14370.911     -114.21045      47713.284      36.269907      36.269907      36.269907      1.7410674      1193.3717      1817.0786      2276.8051    
    140000   140000         477.30633      1106.8466      6642.5261      5871.2237      4295.3109      1575.9127      1858.7016      2938.3633     -4342.314       0              489.83479      14994.635     -14363.308     -114.04698      47781.675      36.287228      36.287228      36.287228      1.7385753      563.03548      1055.6136      1701.8907    
    141000   141000         483.03404     -215.76681      5770.4285      5917.5312      4346.855       1570.6762      1834.6635      2999.6921     -4340.5182      0              451.79945      15005.845     -14380.805     -116.56956      46747.673      36.023563      36.023563      36.023563      1.7770306      182.92551     -852.68503      22.459081    
    142000   142000         490.13618      873.70197      6494.3184      5896.0202      4410.7676      1485.2526      1776.6441      2987.6579     -4347.5148      0              427.02202      15028.627     -14387.184     -116.05574      46954.64       36.076647      36.076647      36.076647      1.7691977      1986.6061     -1244.4097      1878.9095    
    143000   143000         483.21944     -822.94667      5256.8134      5817.6147      4348.5234      1469.0913      1816.1446      2938.4018     -4337.9082      0              425.6894       15009.61      -14382.846     -116.62287      46726.305      36.018073      36.018073      36.018073      1.7778432     -146.60237      56.039305     -2378.2769    
    144000   144000         482.39966      247.96248      6031.7359      5863.0094      4341.1462      1521.8632      1813.0851      2961.2642     -4351.7054      0              482.30685      15000.902     -14383.989     -116.79487      46657.492      36.000384      36.000384      36.000384      1.7804652     -1134.646      -449.18994      2327.7234    
    145000   145000         483.8508      -1278.5137      5053.6175      5937.9146      4354.205       1583.7095      1838.0429      3023.0101     -4337.3237      0              454.60015      14980.697     -14375.316     -114.90218      47426.043      36.196977      36.196977      36.196977      1.7516124     -417.34716     -516.87245     -2901.3216    
    146000   146000         481.04497      57.556449      5789.3115      5750.6017      4328.9552      1421.6465      1780.5551      2956.2765     -4352.0494      0              414.23412      15015.814     -14393.184     -118.16661      46115.865      35.860537      35.860537      35.860537      1.8013767     -134.05212      1824.9112     -1518.1898    
    147000   147000         486.52998     -426.23223      5675.9857      5970.0131      4378.3152      1591.698       1775.6548      3090.9214     -4330.6102      0              442.70282      14986.936     -14373.907     -115.20716      47300.493      36.165007      36.165007      36.165007      1.7562617      76.890439     -1705.3887      349.80154    
    148000   148000         471.49759     -1032.9386      5031.3292      5739.9683      4243.0377      1496.9306      1805.5657      2945.8564     -4349.5367      0              493.92957      14974.576     -14373.46      -115.84317      47040.803      36.098701      36.098701      36.098701      1.7659572     -2372.7414      83.172445     -809.24691    
    149000   149000         489.53559      146.58106      6058.3436      5955.7362      4405.3629      1550.3733      1863.4725      2930.7253     -4346.1691      0              481.34054      14981.039     -14360.035     -113.53252      47998.191      36.341955      36.341955      36.341955      1.7307328      416.62205      58.41945      -35.298302    
    150000   150000         473.43475      1414.0457      6903.4478      5911.9312      4260.4703      1651.4609      1836.5492      3008.814      -4338.846       0              522.97977      14982.91      -14360.946     -113.34034      48079.577      36.362484      36.362484      36.362484      1.7278031      13.53601       2808.6262      1419.975     
    151000   151000         486.86924      679.11234      6347.3428      5879.1997      4381.3682      1497.8315      1790.4324      2953.1531     -4350.0437      0              477.95824      15000.993     -14374.661     -115.28797      47267.338      36.156555      36.156555      36.156555      1.7574936      954.69858      528.47465      554.16379    
    152000   152000         500.07715      882.31888      6589.9267      5989.4826      4500.2271      1489.2555      1743.6253      3005.4168     -4344.4536      0              456.42306      15011.942     -14383.698     -116.7815       46662.832      36.001757      36.001757      36.001757      1.7802615     -895.82654      814.01987      2728.7633    
    153000   153000         476.24386     -302.18876      5589.3305      5798.9819      4285.7497      1513.2322      1835.0354      2926.0791     -4333.2668      0              462.22311      14996.232     -14373.07      -114.5517       47571.147      36.233855      36.233855      36.233855      1.7462695     -291.90612      630.12069     -1244.7808    
    154000   154000         492.682       -138.04398      5769.1193      5862.5997      4433.6776      1428.9222      1755.0516      2960.0529     -4351.4596      0              461.42847      14990.364     -14386.515     -117.35941      46433.053      35.942566      35.942566      35.942566      1.7890713     -755.29415      692.55446     -351.39225    
    155000   155000         482.67468     -1327.6372      4992.5256      5903.0525      4343.6211      1559.4315      1872.8342      3001.0219     -4348.8187      0              411.77658      15005.208     -14382.591     -115.87978      47025.938      36.094898      36.094898      36.094898      1.7665154     -1752.5186     -1044.9871     -1185.4059    
    156000   156000         487.3716      -192.98932      5680.4786      5812.8558      4385.8889      1426.9668      1740.7765      2920.3378     -4336.5832      0              473.41473      15006.865     -14377.844     -115.86205      47033.135      36.09674       36.09674       36.09674       1.7662451      5.6989792      768.73589     -1353.4028    
    157000   157000         482.84546     -1123.9389      5007.7888      5776.4633      4345.1579      1431.3053      1765.4683      2972.7617     -4333.1456      0              415.84176      14985.485     -14375.106     -116.20406      46894.708      36.061292      36.061292      36.061292      1.7714588     -3857.5599      1334.5092     -848.76597    
    158000   158000         482.88174     -1624.274       4835.0483      5972.9171      4345.4844      1627.4327      1854.2597      2994.75       -4337.4483      0              481.67714      14990.907     -14356.713     -113.44573      48034.913      36.351221      36.351221      36.351221      1.7294097     -2009.5736      242.38409     -3105.6326    
    159000   159000         485.58576     -256.18562      5741.1392      5915.3362      4369.8181      1545.5182      1811.6648      3012.9389     -4344.0951      0              447.63621      15010.053     -14392.679     -116.87862      46624.058      35.991783      35.991783      35.991783      1.781742       1166.5971     -2192.2974      257.14343    
    160000   160000         486.86485     -1138.4807      5166.4672      5955.399       4381.3287      1574.0703      1775.1059      2999.0697     -4339.5413      0              527.49938      14980.975     -14369.038     -114.68517      47515.783      36.219793      36.219793      36.219793      1.7483042      172.7683      -2373.7819     -1214.4285    
    161000   161000         480.22695     -471.85124      5442.7339      5765.3803      4321.5938      1443.7866      1791.1151      2973.9581     -4361.8914      0              421.15774      15001.261     -14381.813     -116.22492      46886.292      36.059134      36.059134      36.059134      1.7717768     -1536.1663     -576.29321      696.90575    
    162000   162000         481.69321      1689.0728      6949.7783      5784.7257      4334.7888      1449.9369      1786.0756      2897.4024     -4337.03        0              485.68244      15009.009     -14391.202     -115.21894      47295.657      36.163775      36.163775      36.163775      1.7564412      2527.3291      1873.4269      666.46248    
    163000   163000         482.09034     -223.66814      5568.4073      5722.5158      4338.3625      1384.1532      1803.7611      2860.2565     -4359.5189      0              455.97781      15002.714     -14379.037     -115.34493      47243.997      36.150603      36.150603      36.150603      1.7583619     -498.23514     -848.75566      675.98637    
    164000   164000         496.48802      343.08257      6276.2004      6040.1881      4467.9282      1572.2598      1851.4972      2974.0156     -4346.6275      0              467.54458      15004.57      -14378.74      -115.52738      47169.387      36.131563      36.131563      36.131563      1.7611432      1006.441      -325.16059      347.96735    
    165000   165000         488.47218     -1800.3631      4606.2017      5842.882       4395.7931      1447.0888      1828.7494      2923.9057     -4354.0396      0              434.58221      14996.534     -14382.643     -115.69743      47100.058      36.113852      36.113852      36.113852      1.7637355     -2716.2433     -2924.7816      239.93556    
    166000   166000         483.86496     -486.13783      5504.6284      5842.4127      4354.3325      1488.0803      1852.1871      2902.0672     -4353.0854      0              464.73093      14989.235     -14367.054     -114.37761      47643.554      36.252229      36.252229      36.252229      1.7436156      21.154697     -44.465083     -1435.1031    
    167000   167000         489.26848      727.7387       6437.3448      5939.9538      4402.9591      1536.9947      1827.5925      3001.9021     -4344.8382      0              409.39563      15028.26      -14385.317     -116.27826      46864.783      36.053619      36.053619      36.053619      1.7725899      899.51892      770.99147      512.7057     
    168000   168000         484.75887     -638.90184      5437.9587      5870.7554      4362.3768      1508.3786      1851.2619      2893.6801     -4334.348       0              490.34964      14997.667     -14390.232     -117.31977      46448.741      35.946614      35.946614      35.946614      1.788467      -792.31749     -276.66763     -847.7204     
    169000   169000         482.05347     -547.73904      5441.5944      5818.8477      4338.0308      1480.8169      1817.9921      2943.2943     -4347.545       0              441.91116      14996.839     -14371.675     -115.38828      47226.249      36.146075      36.146075      36.146075      1.7590227     -1229.5395     -1351.6556      937.97793    
    170000   170000         481.46848      379.39621      6217.4034      5954.6283      4332.7664      1621.8619      1876.2317      3007.8195     -4349.4439      0              475.82597      14988.459     -14377.03      -114.74393      47491.449      36.213609      36.213609      36.213609      1.7492         800.86164      774.67219     -437.3452     
    171000   171000         473.75543      881.42901      6342.8127      5731.942       4263.3562      1468.5858      1755.6912      2960.7238     -4343.0888      0              474.79929      14988.926     -14368.465     -114.67245      47521.052      36.221132      36.221132      36.221132      1.7481104     -730.48313      1434.5277      1940.2424    
    172000   172000         489.86305     -625.69555      5467.7805      5902.2098      4408.3097      1493.9001      1801.0152      2954.4412     -4340.2048      0              456.20545      14990.899     -14368.456     -114.46297      47608.022      36.243215      36.243215      36.243215      1.7449169      466.11589     -1259.1277     -1084.0748    
    173000   173000         497.01592     -1264.2156      5049.2872      5914.2915      4472.6788      1441.6127      1789.4927      2974.0433     -4359.1646      0              417.86067      14991.173     -14371.793     -116.15125      46916.03       36.066756      36.066756      36.066756      1.7706537     -2056.1746     -1681.3791     -55.092967    
    174000   174000         481.9869      -1451.6008      4724.7641      5724.5123      4337.4317      1387.0806      1787.1344      2906.3933     -4348.1871      0              418.38528      14989.566     -14366.212     -115.3925       47224.522      36.145635      36.145635      36.145635      1.759087      -2255.9624     -1302.097      -796.74289    
    175000   175000         486.25703      2738.5815      7752.8068      5853.7848      4375.8589      1477.9259      1756.8995      2964.7308     -4344.8514      0              487.30202      14991.653     -14377.808     -114.60847      47547.582      36.227871      36.227871      36.227871      1.747135       5532.4708      2025.7519      657.52196    
    176000   176000         482.51139     -1277.6514      4947.3832      5828.4086      4342.1517      1486.2569      1857.5143      2975.4065     -4358.3236      0              397.38882      14989.642     -14375.371     -115.25108      47282.468      36.160413      36.160413      36.160413      1.7569312     -801.25158     -42.548722     -2989.1538    
    177000   177000         474.36211     -1594.6771      4777.6209      5874.5366      4268.8157      1605.7209      1807.5165      3025.0853     -4329.506       0              501.7716       14969.639     -14368.786     -115.53685      47165.52       36.130575      36.130575      36.130575      1.7612875     -1337.8317     -115.45835     -3330.7412    
    178000   178000         480.48709     -203.40606      5673.6588      5812.0515      4323.9349      1488.1166      1829.5455      2980.8865     -4351.1059      0              430.46616      14978.912     -14380.587     -116.80777      46652.34       35.999059      35.999059      35.999059      1.7806619     -1891.3817      191.65432      1089.5093    
    179000   179000         483.11185      1158.5756      6790.5153      5987.5777      4347.5552      1640.0225      1814.4253      3110.3252     -4356.4411      0              443.71548      14998.399     -14370.401     -114.67364      47520.561      36.221007      36.221007      36.221007      1.7481284      2219.3422      586.29091      670.09381    
    180000   180000         484.7912      -617.15745      5391.981       5820.4602      4362.6678      1457.7924      1823.0409      2965.6843     -4351.1315      0              399.02133      14983.435     -14362.258     -114.46886      47605.573      36.242593      36.242593      36.242593      1.7450067     -2253.3714     -132.2782       534.1773     
    181000   181000         470.90406     -915.61445      5193.0164      5816.3562      4237.6965      1578.6597      1773.8703      3107.2833     -4363.4087      0              449.49859      14984.638     -14373.222     -116.73708      46680.59       36.006324      36.006324      36.006324      1.7795842     -1720.2251     -2156.0685      1129.4502    
    182000   182000         481.24043      586.43452      6292.5891      5890.4841      4330.7141      1559.77        1795.8972      3007.9398     -4331.7838      0              476.15752      14985.455     -14373.896     -115.90471      47015.824      36.09231       36.09231       36.09231       1.7668954      547.8965       731.07669      480.33037    
    183000   183000         478.99367     -1496.8738      4739.5158      5762.9577      4310.4954      1452.4623      1850.8353      2933.537      -4352.5685      0              405.52956      14995.568     -14380.44      -116.23663      46881.568      36.057923      36.057923      36.057923      1.7719553     -885.97528     -1833.7645     -1770.8816    
    184000   184000         472.63449     -1136.9417      4922.3319      5704.2661      4253.2688      1450.9974      1838.6377      2910.614      -4357.0521      0              458.69423      14964.846     -14364.743     -115.55507      47158.083      36.128676      36.128676      36.128676      1.7615653     -1619.4505     -1235.3516     -556.02297    
    185000   185000         477.61523     -1140.1886      4892.7906      5670.66        4298.0907      1372.5693      1747.5252      2948.6472     -4362.3259      0              447.32873      14963.065     -14371.671     -116.49065      46779.341      36.031696      36.031696      36.031696      1.7758276     -617.07599     -2382.5761     -420.91366    
    186000   186000         479.89054     -1439.5477      4833.4226      5812.3411      4318.5664      1493.7746      1847.3715      2980.1022     -4346.4402      0              391.28607      15009.825     -14388.37      -116.86934      46627.761      35.992735      35.992735      35.992735      1.7816005     -767.23281     -1366.6088     -2184.8014    
    187000   187000         489.51884      471.02405      6219.3248      5895.8675      4405.2122      1490.6554      1796.5345      2995.1793     -4353.5205      0              433.82069      14997.154     -14378.513     -115.73032      47086.674      36.110431      36.110431      36.110431      1.7642368      706.13373     -892.62219      1599.5606    
    188000   188000         485.26658      509.52006      6236.8046      5885.3671      4366.9458      1518.4213      1771.8043      2976.2782     -4339.78        0              507.26684      14979.465     -14376.613     -115.22169      47294.529      36.163487      36.163487      36.163487      1.7564831     -1002.1419     -112.09152      2642.7936    
    189000   189000         484.03642     -97.152192      5683.0903      5749.2781      4355.8755      1393.4026      1761.4531      2959.7167     -4373.395       0              430.40062      15001.92      -14386.693     -116.65295      46714.254      36.014977      36.014977      36.014977      1.7783018     -110.52379      363.77897     -544.71175    
    190000   190000         479.84158     -1245.9106      4969.8972      5829.0515      4318.1258      1510.9257      1833.6516      2972.6471     -4356.769       0              441.45208      14990.961     -14371.017     -115.24889      47283.366      36.160642      36.160642      36.160642      1.7568978     -948.70522     -2014.1398     -774.8869     
    191000   191000         487.16875     -506.7074       5445.69        5797.3063      4384.0635      1413.2427      1742.0998      2951.5258     -4365.6654      0              460.44836      14992.521     -14367.687     -114.52738      47581.248      36.236419      36.236419      36.236419      1.7458988     -2174.4504      615.8162       38.512017    
    192000   192000         460.18075      16.45803       5624.5692      5613.3447      4141.1967      1472.148       1806.9581      2901.7994     -4358.0051      0              495.30319      15008.456     -14382.364     -116.52856      46764.12       36.027787      36.027787      36.027787      1.7764055      2.1521092     -535.06676      582.28874    
    193000   193000         482.98466      1375.1969      6790.2157      5834.5317      4346.4106      1488.1211      1733.2687      3009.057      -4358.9235      0              474.85574      14996.694     -14366.831     -114.35934      47651.165      36.25416       36.25416       36.25416       1.7433371      728.87476      979.25259      2417.4635    
    194000   194000         483.92073     -1184.4759      5031.429       5843.3697      4354.8344      1488.5353      1727.3108      3031.7663     -4356.6579      0              469.47922      14990.52      -14373.883     -115.93724      47002.634      36.088935      36.088935      36.088935      1.7673912     -1497.2581      8.710965      -2064.8806    
    195000   195000         476.09824     -97.151254      5666.7921      5732.143       4284.4393      1447.7037      1837.556       2886.4853     -4343.9177      0              468.80676      14985.213     -14386.44      -118.14576      46124.005      35.862647      35.862647      35.862647      1.8010588      596.31759      850.11826     -1737.8896    
    196000   196000         478.86156     -743.17291      5259.6807      5767.1779      4309.3066      1457.8713      1779.6351      2997.1792     -4356.7311      0              417.08927      14996.156     -14375.457     -116.3797       46823.935      36.043141      36.043141      36.043141      1.7741363     -1446.342      -523.12276     -260.05398    
    197000   197000         488.09817     -175.6771       5867.512       5987.7179      4392.4274      1595.2904      1887.4579      3008.85       -4358.6047      0              446.93315      14992.346     -14381.692     -116.14764      46917.488      36.06713       36.06713       36.06713       1.7705987     -125.56069     -481.08746      79.616862    
    198000   198000         487.89124      412.49665      6152.3585      5865.8178      4390.5652      1475.2525      1775.2726      3002.8384     -4355.9416      0              447.58685      14977.146     -14371.649     -114.40765      47631.044      36.249056      36.249056      36.249056      1.7440735      1344.4538      172.49821     -279.46204    
    199000   199000         475.77644      364.61076      6098.1485      5844.7272      4281.5434      1563.1838      1793.3307      2999.647      -4341.0477      0              498.07922      14990.174     -14376.999     -114.34243      47658.213      36.255947      36.255947      36.255947      1.7430793      2064.3438     -86.893978     -883.61755    
    200000   200000         479.14993     -327.09694      5611.1193      5837.5249      4311.9017      1525.6232      1803.1025      2990.3418     -4342.48        0              463.99026      14984.436     -14373.768     -114.81813      47460.76       36.205807      36.205807      36.205807      1.7503311     -923.76209      2531.7037     -2589.2324    
    201000   201000         487.50861     -552.52001      5462.3674      5845.1286      4387.1219      1458.0067      1782.6735      2929.5043     -4342.7027      0              490.82673      14961.68      -14363.976     -114.72053      47501.136      36.216071      36.216071      36.216071      1.7488433     -1300.6758      937.96597     -1294.8502    
    202000   202000         481.36444      74.447007      5826.4066      5774.9585      4331.8302      1443.1283      1715.0573      2989.2048     -4353.593       0              497.77129      14956.734     -14362.046     -115.00028      47385.584      36.18668       36.18668       36.18668       1.7531079      882.40442      747.29115     -1406.3545    
    203000   203000         493.3584      -136.02299      5874.0488      5968.5729      4439.7646      1528.8084      1753.8635      2999.2943     -4338.7391      0              502.12285      14976.606     -14364.339     -114.36433      47649.083      36.253632      36.253632      36.253632      1.7434132     -533.43852      397.72082     -272.35127    
    204000   204000         468.29324      935.90606      6358.5607      5712.595       4214.2016      1498.3934      1771.7892      2954.8118     -4359.1928      0              517.90582      14990.262     -14377.182     -115.14467      47326.166      36.171549      36.171549      36.171549      1.755309       2258.9695      1730.062      -1181.3133    
    205000   205000         477.03571     -2284.9645      4303.9979      5878.5279      4292.8756      1585.6523      1851.8002      2983.6016     -4332.5982      0              445.44974      15019.159     -14381.76      -115.33193      47249.323      36.151961      36.151961      36.151961      1.7581637     -2468.5411     -3573.9279     -812.42463    
    206000   206000         489.61704      440.54235      6098.4828      5799.204       4406.0958      1393.1082      1728.1751      2937.3501     -4338.1858      0              452.12323      14993.271     -14379.625     -116.98572      46581.376      35.980796      35.980796      35.980796      1.7833746     -341.83445      1730.1224     -66.660918    
    207000   207000         473.1894       188.70015      5876.0734      5746.4206      4258.2625      1488.1581      1766.7065      2938.4187     -4354.7921      0              523.72073      14988.407     -14374.303     -115.66742      47112.276      36.116974      36.116974      36.116974      1.7632781      1005.2318      142.97245     -582.10376    
    208000   208000         475.85156     -778.06904      5153.9397      5698.6865      4282.2193      1416.4672      1749.0314      2959.8494     -4359.2889      0              450.78818      14978.263     -14362.176     -113.51271      48006.569      36.34407       36.34407       36.34407       1.7304307     -1689.3222      39.983852     -684.86877    
    209000   209000         489.22533     -209.83549      5682.8085      5827.931       4402.5708      1425.3602      1774.1274      2951.6875     -4358.5825      0              430.0116       15003.763     -14375.647     -114.91198      47421.998      36.195947      36.195947      36.195947      1.7517618      1966.824      -216.90078     -2379.4297    
    210000   210000         479.66844      262.32034      6007.4064      5823.8575      4316.5678      1507.2897      1788.0254      2991.5012     -4370.8459      0              476.82339      14987.109     -14365.323     -113.57983      47978.199      36.336909      36.336909      36.336909      1.731454       665.97471      683.80427     -562.81796    
    211000   211000         492.21306     -1575.8479      4832.9842      5909.2227      4429.4576      1479.7651      1891.0701      2911.5036     -4337.2339      0              408.25122      14982.597     -14376.423     -116.36619      46829.371      36.044536      36.044536      36.044536      1.7739304     -1433.1229     -2011.8902     -1282.5304    
    212000   212000         471.24516      964.63356      6355.6342      5698.7451      4240.7661      1457.979       1783.835       2967.8754     -4357.6905      0              450.40162      15003.176     -14389.619     -116.70551      46693.217      36.00957       36.00957       36.00957       1.779103      -104.37116      2221.4501      776.82177    
    213000   213000         486.18469      984.54521      6565.8288      5883.7441      4375.2079      1508.5362      1836.5394      2957.538      -4366.4747      0              456.62928      14999.538     -14375.234     -114.71453      47503.623      36.216703      36.216703      36.216703      1.7487517     -40.031855      1486.8257      1506.8418    
    214000   214000         469.09656      1610.3282      6880.8954      5757.7594      4221.4307      1536.3287      1817.2923      2918.9324     -4334.2911      0              538.35145      14962.554     -14366.51      -113.94705      47823.576      36.297832      36.297832      36.297832      1.7370521      1363.2673      552.01415      2915.7031    
    215000   215000         486.34135      548.81882      6238.2977      5859.8639      4376.6177      1483.2462      1768.8199      2928.1011     -4347.2992      0              533.43661      14972.104     -14371.917     -115.25509      47280.826      36.159994      36.159994      36.159994      1.7569922     -1003.8696      2032.0111      618.31499    
    216000   216000         466.0758      -2021.5468      4186.3869      5596.5184      4194.2467      1402.2717      1860.7333      2848.846      -4368.4207      0              445.49023      14989.148     -14373.525     -113.93187      47829.949      36.299444      36.299444      36.299444      1.7368207     -616.49079     -4189.7615     -1258.388     
    217000   217000         490.10184     -2682.3194      3915.5309      5766.5213      4410.4586      1356.0627      1778.2618      2938.4848     -4351.4401      0              375.41713      14991.256     -14375.917     -115.16682      47317.062      36.169229      36.169229      36.169229      1.7556467     -2572.7952     -550.34994     -4923.8131    
    218000   218000         477.96291     -321.3624       5619.5471      5840.0671      4301.2195      1538.8475      1862.8564      2978.9146     -4342.6205      0              432.61147      14999.799     -14392.714     -115.81593      47051.865      36.101531      36.101531      36.101531      1.765542       1965.3694     -244.67558     -2684.781     
    219000   219000         488.30639      179.17587      5972.288       5847.5613      4394.3012      1453.2601      1811.3378      2945.5611     -4367.8473      0              444.26603      14997.402     -14377.46      -114.16712      47731.391      36.274494      36.274494      36.274494      1.7404069      1062.0747     -633.767        109.21993    
    220000   220000         475.74163      1660.6296      6824.0805      5676.8448      4281.2301      1395.6147      1731.9842      2875.3299     -4354.0015      0              535.91918      14985.128     -14378.745     -115.03795      47370.067      36.18273       36.18273       36.18273       1.7536822      1407.0677      2450.9622      1123.8589    
    221000   221000         468.92366     -1774.4612      4376.8126      5597.0039      4219.8747      1377.1291      1716.3509      2965.4124     -4342.8186      0              433.18995      14986.69      -14381.696     -115.57387      47150.414      36.126717      36.126717      36.126717      1.7618518     -2039.5617     -2151.5231     -1132.299     
    222000   222000         482.31393      697.97723      6275.2852      5792.4908      4340.3747      1452.1161      1727.693       2994.3635     -4344.887       0              453.24692      14985.22      -14363.52      -114.89472      47429.123      36.19776       36.19776       36.19776       1.7514986      1262.3161      1267.1607     -435.54508    
    223000   223000         481.9146       782.48622      6302.2534      5767.6062      4336.7811      1430.825       1752.0845      2933.4646     -4336.8136      0              483.00901      14976.09      -14377.01      -116.31358      46850.554      36.04997       36.04997       36.04997       1.7731283      2435.1293      62.791115     -150.46171    
    224000   224000         473.35477      167.81279      5843.1704      5728.4594      4259.7506      1468.7088      1811.8769      2977.186      -4361.2856      0              446.64426      14969.025     -14374.738     -116.26283      46871.006      36.055215      36.055215      36.055215      1.7723546     -1514.5443      608.97817      1409.0045    
    225000   225000         466.25998     -633.20367      5189.1903      5617.6437      4195.9041      1421.7396      1799.0658      2945.5462     -4340.8737      0              406.60486      15003.099     -14391.703     -117.45213      46396.398      35.933106      35.933106      35.933106      1.7904847      591.68081     -1654.3065     -836.9853     
    226000   226000         486.66767     -877.9929       5176.5635      5781.188       4379.5543      1401.6337      1756.8395      2986.06       -4358.7623      0              394.70096      15003.862     -14381.066     -115.40544      47219.228      36.144284      36.144284      36.144284      1.7592842     -2312.9223     -1317.3059      996.24945    
    227000   227000         475.14442     -1377.0823      4716.611       5669.3208      4275.8557      1393.4651      1809.2815      2896.4853     -4362.3704      0              432.06931      14991.272     -14373.272     -114.87362      47437.835      36.199976      36.199976      36.199976      1.7511769     -120.03626     -1743.7532     -2267.4576    
    228000   228000         466.99957      488.58913      5997.5689      5661.6474      4202.5597      1459.0877      1762.8171      3006.0014     -4370.9695      0              435.31552      14998.362     -14372.439     -115.59182      47143.091      36.124847      36.124847      36.124847      1.7621255      2927.8242      209.14422     -1671.201     
    229000   229000         484.52651      176.94446      6078.7775      5955.3949      4360.2858      1595.1091      1799.3907      3056.5593     -4346.9839      0              467.62406      14988.712     -14370.193     -113.97359      47812.442      36.295014      36.295014      36.295014      1.7374566      918.14131     -213.31472     -173.99322    
    230000   230000         473.98817     -163.94789      5581.0327      5692.8611      4265.4506      1427.4105      1686.0645      3074.8586     -4359.4795      0              408.93397      14999.796     -14382.763     -116.51304      46770.351      36.029387      36.029387      36.029387      1.7761689     -927.08084      1786.6844     -1351.4472    
    231000   231000         484.53877     -520.46709      5515.1951      5875.0177      4360.3962      1514.6215      1822.7295      3006.3435     -4358.4849      0              429.3312       14983.21      -14368.508     -114.95447      47404.468      36.191487      36.191487      36.191487      1.7524096     -1411.7538     -223.99565      74.348188    
    232000   232000         487.47961     -458.56099      5500.5729      5815.3323      4386.861       1428.4713      1774.4338      2996.9067     -4373.1086      0              421.87199      14979.496     -14371.129     -115.78158      47065.825      36.1051        36.1051        36.1051        1.7650183     -2670.0389     -491.2261       1785.582     
    233000   233000         465.5427       1891.9635      6983.3161      5669.51        4189.4493      1480.0607      1738.2553      3012.9071     -4361.1388      0              476.60191      14985.375     -14371.939     -114.4465       47614.873      36.244953      36.244953      36.244953      1.7446658      2226.1898      3190.0976      259.60303    
    234000   234000         479.11381     -228.52078      5662.6068      5819.3004      4311.5766      1507.7238      1855.2159      2984.0061     -4366.5142      0              416.58635      14999.771     -14381.342     -115.90322      47016.431      36.092466      36.092466      36.092466      1.7668726     -1119.7129     -1029.7909      1463.9415    
    235000   235000         467.40918      140.50964      5721.5102      5623.2021      4206.2458      1416.9563      1743.5812      2962.865      -4360.0374      0              453.29759      14986.518     -14369.268     -113.58936      47974.172      36.335892      36.335892      36.335892      1.7315993      90.362031      722.27366     -391.10678    
    236000   236000         468.66705     -974.33067      5162.824       5845.0451      4217.5655      1627.4796      1841.1595      3049.809      -4332.1398      0              455.3561       14978.27      -14364.975     -113.50166      48011.241      36.345249      36.345249      36.345249      1.7302624     -183.35229     -559.1017      -2180.538     
    237000   237000         482.08667      502.49871      6181.9046      5839.8554      4338.3295      1501.5259      1795.2067      2966.2469     -4334.2466      0              461.91279      14999.442     -14387.036     -116.75281      46674.298      36.004706      36.004706      36.004706      1.7798241      250.17159      715.26402      542.06053    
    238000   238000         486.73619      1482.1146      6745.7685      5731.4625      4380.1709      1351.2917      1710.399       2897.7228     -4361.8824      0              487.21275      14999.812     -14381.972     -116.12717      46925.758      36.069249      36.069249      36.069249      1.7702866      1179.9847      1038.0725      2228.2867    
    239000   239000         460.93085      2.977309       5502.7247      5500.6592      4147.9469      1352.7123      1762.724       2872.4316     -4353.422       0              450.43354      15004.118     -14383.573     -114.55524      47569.676      36.233481      36.233481      36.233481      1.7463235     -1675.0334      899.69711      784.26824    
    240000   240000         475.13276     -439.50223      5516.3253      5819.805       4275.7509      1544.0542      1862.7385      2991.4986     -4348.3318      0              408.09268      15013.431     -14383.375     -115.09393      47347.03       36.176864      36.176864      36.176864      1.7545355     -2052.6488     -265.6033       999.74544    
    241000   241000         469.87713     -2547.4605      3907.5185      5663.7356      4228.4551      1435.2805      1863.4968      2908.4798     -4350.6188      0              389.65763      15009.64      -14385.374     -115.27902      47271.007      36.157491      36.157491      36.157491      1.7573572     -3854.5677     -1982.8822     -1804.9316    
    242000   242000         491.04419      1225.4312      6592.1504      5732.0755      4418.9389      1313.1366      1705.5891      2901.6787     -4364.1181      0              447.37939      14989.394     -14366.786     -113.23318      48125.077      36.373951      36.373951      36.373951      1.7261696     -225.71424      1491.7238      2410.2842    
    243000   243000         480.52166     -869.06222      5197.2972      5794.4345      4324.2459      1470.1887      1789.1442      3045.7608     -4371.8664      0              398.5826       14978.062     -14369.494     -115.66385      47113.731      36.117346      36.117346      36.117346      1.7632236      593.54189     -613.07824     -2587.6503    
    244000   244000         468.43977      223.40837      5727.5866      5573.3772      4215.5202      1357.857       1808.0175      2891.5063     -4351.6794      0              400.39069      14985.028     -14375.406     -115.1356       47329.893      36.172499      36.172499      36.172499      1.7551707      304.1432       69.116337      296.96557    
    245000   245000         478.18726     -948.01519      5105.9147      5759.6493      4303.2385      1456.4107      1769.1004      3000.3507     -4360.7959      0              438.97797      14988.878     -14380.101     -115.2484       47283.567      36.160693      36.160693      36.160693      1.7568903      15.867916     -1887.7168     -972.19664    
    246000   246000         485.52197     -263.6644       5476.6237      5659.9597      4369.244       1290.7157      1754.8846      2853.2535     -4361.3238      0              429.91512      14981.522     -14367.536     -114.29435      47678.261      36.26103       36.26103       36.26103       1.7423463     -39.350466     -1109.5269      357.88413    
    247000   247000         486.23807     -807.98393      5398.2429      5961.4369      4375.6883      1585.7486      1898.7401      2977.9993     -4333.2925      0              411.22781      15009.216     -14378.142     -114.01599      47794.661      36.290515      36.290515      36.290515      1.738103      -132.47653      630.9537      -2922.429     
    248000   248000         482.49636      1854.2754      6923.6191      5641.9256      4342.0164      1299.9092      1692.9353      2872.9381     -4360.0536      0              487.40444      14988.401     -14381.716     -114.97703      47395.167      36.18912       36.18912       36.18912       1.7527535     -205.24345      2111.7889      3656.2808    
    249000   249000         481.25911      7.5286919      5698.6112      5693.4983      4330.8823      1362.616       1720.8133      2989.726      -4360.3566      0              405.44434      14999.6       -14392.611     -117.02274      46566.637      35.977001      35.977001      35.977001      1.7839391      1399.0713     -132.66704     -1243.8182    
    250000   250000         469.19477      97.747087      5760.7987      5694.0409      4222.3145      1471.7264      1798.0551      2931.8658     -4365.0233      0              509.95064      14978.886     -14382.008     -116.36521      46829.768      36.044638      36.044638      36.044638      1.7739153     -88.69315       568.76292     -186.82851    
Loop time of 518.988 on 1 procs for 250000 steps with 3020 atoms

Performance: 41.619 ns/day, 0.577 hours/ns, 481.706 timesteps/s, 1.455 Matom-step/s
100.0% CPU use with 1 MPI tasks x 1 OpenMP threads

MPI task timing breakdown:
Section |  min time  |  avg time  |  max time  |%varavg| %total
---------------------------------------------------------------
Pair    | 135.86     | 135.86     | 135.86     |   0.0 | 26.18
Bond    | 34.859     | 34.859     | 34.859     |   0.0 |  6.72
Kspace  | 230.8      | 230.8      | 230.8      |   0.0 | 44.47
Neigh   | 14.432     | 14.432     | 14.432     |   0.0 |  2.78
Comm    | 3.2625     | 3.2625     | 3.2625     |   0.0 |  0.63
Output  | 1.4557     | 1.4557     | 1.4557     |   0.0 |  0.28
Modify  | 66.802     | 66.802     | 66.802     |   0.0 | 12.87
Other   |            | 31.52      |            |       |  6.07

Nlocal:           3020 ave        3020 max        3020 min
Histogram: 1 0 0 0 0 0 0 0 0 0
Nghost:          10102 ave       10102 max       10102 min
Histogram: 1 0 0 0 0 0 0 0 0 0
Neighs:              0 ave           0 max           0 min
Histogram: 1 0 0 0 0 0 0 0 0 0
FullNghs:  1.23461e+06 ave 1.23461e+06 max 1.23461e+06 min
Histogram: 1 0 0 0 0 0 0 0 0 0

Total # of neighbors = 1234606
Ave neighs/atom = 408.80993
Ave special neighs/atom = 11.86755
Neighbor list builds = 3179
Dangerous builds = 0

# --- Cleanup ---
unfix npt_fix

undump dump_npt

# --- Write Output ---
write_dump all custom cool_block_09_last.dump id type mol x y z xu yu zu vx vy vz modify sort id
write_data /home/arz2/PolyJarvis_v2/data/PTFE_AI/attempts/cooling/attempt-0001/work/cool_block_09/cool_block_09_out.data
System init for write_data ...
PPPM Kokkos initialization ...
  using 12-bit tables for long-range coulomb
  G vector (1/distance) = 0.3275935
  grid = 36 36 36
  stencil order = 5
  estimated absolute RMS force accuracy = 0.00039803261
  estimated relative force accuracy = 1.1986634e-06
  using double precision cuFFT
  3d grid and FFT values/proc = 79507 46656
Generated 3 of 3 mixed pair_coeff terms from geometric mixing rule
write_restart /home/arz2/PolyJarvis_v2/data/PTFE_AI/attempts/cooling/attempt-0001/work/cool_block_09/cool_block_09_out.restart
System init for write_restart ...
PPPM Kokkos initialization ...
  using 12-bit tables for long-range coulomb
  G vector (1/distance) = 0.3275935
  grid = 36 36 36
  stencil order = 5
  estimated absolute RMS force accuracy = 0.00039803261
  estimated relative force accuracy = 1.1986634e-06
  using double precision cuFFT
  3d grid and FFT values/proc = 79507 46656
Generated 3 of 3 mixed pair_coeff terms from geometric mixing rule

print "STAGE COMPLETE: NPT T=500.0->475.0K P=1.0->1.0atm steps=250000"
STAGE COMPLETE: NPT T=500.0->475.0K P=1.0->1.0atm steps=250000
quit
