units real
atom_style full
boundary p p p

# --- Force Field Styles ---
pair_style lj/cut 14.0
dielectric 1.000000
bond_style harmonic
angle_style harmonic
dihedral_style multi/harmonic
improper_style none
special_bonds lj 0 0 0
pair_modify mix arithmetic tail yes
neighbor 2.0 bin
neigh_modify delay 0 every 1 check yes
neigh_modify one 4000
package gpu 1 neigh yes

read_data /home/alexzhao/PolyJarvis/data/PE_2/attempts/build/attempt-0001/work/cell/cell.data
Reading data file ...
  orthogonal box = (0 0 0) to (50.534742 50.534742 50.534742)
  1 by 1 by 1 MPI processor grid
  reading atoms ...
  3600 atoms
  scanning bonds ...
  2 = max bonds/atom
  scanning angles ...
  1 = max angles/atom
  scanning dihedrals ...
  2 = max dihedrals/atom
  orthogonal box = (0 0 0) to (50.534742 50.534742 50.534742)
  1 by 1 by 1 MPI processor grid
  reading bonds ...
  3590 bonds
  reading angles ...
  3580 angles
  reading dihedrals ...
  3570 dihedrals
Finding 1-2 1-3 1-4 neighbors ...
  special bond factors lj:    0        0        0       
  special bond factors coul:  0        0        0       
     2 = max # of 1-2 neighbors
     2 = max # of 1-3 neighbors
     4 = max # of 1-4 neighbors
     6 = max # of special neighbors
  special bonds CPU = 0.001 seconds
  read_data CPU = 0.029 seconds
include /home/alexzhao/PolyJarvis/data/PE_2/attempts/build/attempt-0001/work/cell/emc_build.params
# LAMMPS parameters created by EMC v9.4.4, build Jul 21 2026 07:58:38

# Variables

variable	seed		index	783028
variable	ntotal		index	3600
variable	fshape		index	1
variable	output		index	emc_build
variable	field		index	trappe/2014/trappe-ua
variable	location1	index	~/emc/field/
variable	nav		index	0.6022141179
variable	temperature	index	300
variable	radius		index	5
variable	nrelax		index	100
variable	weight_nonbond	index	0.0001
variable	weight_bond	index	0.0001
variable	weight_focus	index	1
variable	cutoff		index	14
variable	charge_cutoff	index	14
variable	kappa		index	4
variable	density1	index	0.65
variable	lprevious	index	0
variable	lphase		index	50.5347416859
variable	f_poly		index	10
variable	chem_repeat	index	*CC*
variable	chem_cap	index	*C
variable	lg_repeat	index	2
variable	lg_cap		index	1
variable	norm_poly	index	100
variable	l_poly		index	360
variable	mg_repeat	index	28.0536
variable	mg_cap		index	15.0347
variable	m_poly		index	5051.6638
variable	n_poly		index	10
variable	mtotal		index	50516.638
variable	nphase1		index	3600
variable	mphase1		index	50516.638
variable	vphase1		index	129053.607854
variable	lbox		index	50.5347416859
variable	lphase1		index	50.5347416859
variable	lxx		index	50.5347416859
variable	lyy		index	50.5347416859
variable	lzz		index	50.5347416859
variable	lzy		index	0
variable	lzx		index	0
variable	lyx		index	0
variable	vtotal		index	129053.607854
variable	nl_poly		index	10

# Types

variable	type_c4h2	index	1
variable	type_c4h3	index	2

variable	type_bond_c4h2_c4h2 index	1
variable	type_bond_c4h2_c4h3 index	2

variable	type_angle_c4h2_c4h2_c4h2 index	1
variable	type_angle_c4h2_c4h2_c4h3 index	2

# Clusters

variable	n0_poly		index	1
variable	n1_poly		index	10
variable	nl_poly		index	10

# Flags

variable	flag_charged	index	0

# Masses

mass		1    14.02680  # c4h2
mass		2    15.03470  # c4h3

# Potentials

pair_modify	mix arithmetic tail yes
special_bonds	lj 0 0 0 coul 0 0 0.5
Finding 1-2 1-3 1-4 neighbors ...
  special bond factors lj:    0        0        0       
  special bond factors coul:  0        0        0.5     
     2 = max # of 1-2 neighbors
     2 = max # of 1-3 neighbors
     4 = max # of 1-4 neighbors
     6 = max # of special neighbors
  special bonds CPU = 0.001 seconds

# Pair Coeffs

pair_coeff	1 1    0.09141    3.95000  # c4h2,c4h2
pair_coeff	2 2    0.19475    3.75000  # c4h3,c4h3

# Bond Coeffs

bond_coeff	1  260.00013    1.54000  # c4h2,c4h2
bond_coeff	2  260.00013    1.54000  # c4h2,c4h3

# Angle Coeffs

angle_coeff	1   62.10020  114.00000  # c4h2,c4h2,c4h2
angle_coeff	2   62.10020  114.00000  # c4h2,c4h2,c4h3

# Dihedral Coeffs

dihedral_coeff	1    2.00702   -4.01203    0.27102    6.29006    0.00000  # c4h2,c4h2,c4h2,c4h2
dihedral_coeff	2    2.00702   -4.01203    0.27102    6.29006    0.00000  # c4h2,c4h2,c4h2,c4h3


# --- Thermo Output ---
thermo_style custom step time temp press etotal pe ebond eangle edihed eimp evdwl ecoul elong vol lx ly lz density
thermo_modify flush yes
thermo 500

# --- Trajectory ---
dump dump_min all custom 1000 minimize.dump id type mol x y z ix iy iz

# --- Minimization ---
min_style cg
minimize 1e-06 1e-06 50000 100000

CITE-CITE-CITE-CITE-CITE-CITE-CITE-CITE-CITE-CITE-CITE-CITE-CITE

Your simulation uses code contributions which should be cited:

- GPU package (short-range, long-range and three-body potentials): doi:10.1016/j.cpc.2010.12.021, doi:10.1016/j.cpc.2011.10.012, doi:10.1016/j.cpc.2013.08.002, doi:10.1016/j.commatsci.2014.10.068, doi:10.1016/j.cpc.2016.10.020, doi:10.3233/APC200086

@Article{Brown11,
 author = {W. M. Brown and P. Wang and S. J. Plimpton and A. N. Tharrington},
 title = {Implementing Molecular Dynamics on Hybrid High Performance Computers---Short Range Forces},
 journal = {Comput.\ Phys.\ Commun.},
 year =    2011,
 volume =  182,
 pages =   {898--911},
 doi =     {10.1016/j.cpc.2010.12.021}
}

@Article{Brown12,
 author = {W. M. Brown and A. Kohlmeyer and S. J. Plimpton and A. N. Tharrington},
 title = {Implementing Molecular Dynamics on Hybrid High Performance Computers - Particle-Particle Particle-Mesh},
 journal = {Comput.\ Phys.\ Commun.},
 year =    2012,
 volume =  183,
 doi =     {10.1016/j.cpc.2011.10.012},
 pages =   {449--459}
}

@Article{Brown13,
 author = {W. M. Brown and Y. Masako},
 title = {Implementing Molecular Dynamics on Hybrid High Performance Computers---Three-Body Potentials},
 journal = {Comput.\ Phys.\ Commun.},
 year =    2013,
 volume =  184,
 pages =   {2785--2793},
 doi =     {10.1016/j.cpc.2013.08.002},
}

@Article{Trung15,
 author = {T. D. Nguyen and S. J. Plimpton},
 title = {Accelerating Dissipative Particle Dynamics Simulations for Soft Matter Systems},
 journal = {Comput.\ Mater.\ Sci.},
 year =    2015,
 doi =     {10.1016/j.commatsci.2014.10.068},
 volume =  100,
 pages =   {173--180}
}

@Article{Trung17,
 author = {T. D. Nguyen},
 title = {{GPU}-Accelerated {T}ersoff Potentials for Massively Parallel
    Molecular Dynamics Simulations},
 journal = {Comput.\ Phys.\ Commun.},
 year =    2017,
 doi =     {10.1016/j.cpc.2016.10.020},
 volume =  212,
 pages =   {113--122}
}

@inproceedings{Nikolskiy19,
 author = {V. Nikolskiy and V. Stegailov},
 title = {{GPU} Acceleration of Four-Site Water Models in {LAMMPS}},
 booktitle = {Proceedings of the International Conference on Parallel
    Computing (ParCo 2019), Prague, Czech Republic},
 doi =     {10.3233/APC200086},
 year =    2019
}

CITE-CITE-CITE-CITE-CITE-CITE-CITE-CITE-CITE-CITE-CITE-CITE-CITE

Generated 1 of 1 mixed pair_coeff terms from arithmetic mixing rule
Per MPI rank memory allocation (min/avg/max) = 9.006 | 9.006 | 9.006 Mbytes
   Step          Time           Temp          Press          TotEng         PotEng         E_bond        E_angle        E_dihed        E_impro         E_vdwl         E_coul         E_long         Volume           Lx             Ly             Lz          Density    
         0   0              0              9034.6424      6502.7998      6502.7998      1343.7515      2024.3546      3616.0532      0             -481.35955      0              0              129053.61      50.534742      50.534742      50.534742      0.64999999   
       500   500            0             -754.24694     -1817.9558     -1817.9558      5.894744       115.71327      1538.6389      0             -3478.2027      0              0              129053.61      50.534742      50.534742      50.534742      0.64999999   
      1000   1000           0             -779.70835     -1937.1362     -1937.1362      5.6145527      116.28835      1519.4966      0             -3578.5358      0              0              129053.61      50.534742      50.534742      50.534742      0.64999999   
      1500   1500           0             -745.06144     -1991.141      -1991.141       5.6578165      116.21718      1510.1147      0             -3623.1307      0              0              129053.61      50.534742      50.534742      50.534742      0.64999999   
      2000   2000           0             -720.42803     -2019.3971     -2019.3971      5.5849964      114.81479      1499.1412      0             -3638.9381      0              0              129053.61      50.534742      50.534742      50.534742      0.64999999   
      2500   2500           0             -712.25175     -2057.2271     -2057.2271      5.5164686      109.45372      1493.3138      0             -3665.5111      0              0              129053.61      50.534742      50.534742      50.534742      0.64999999   
      3000   3000           0             -716.69856     -2091.6637     -2091.6637      5.6595742      109.44939      1476.2722      0             -3683.0449      0              0              129053.61      50.534742      50.534742      50.534742      0.64999999   
      3500   3500           0             -684.73293     -2105.7153     -2105.7153      5.6562402      112.22973      1476.0153      0             -3699.6166      0              0              129053.61      50.534742      50.534742      50.534742      0.64999999   
      3947   3947           0             -666.5323      -2119.6864     -2119.6864      5.7865306      113.52752      1466.7766      0             -3705.777       0              0              129053.61      50.534742      50.534742      50.534742      0.64999999   
Loop time of 3.41344 on 1 procs for 3947 steps with 3600 atoms

99.6% CPU use with 1 MPI tasks x 1 OpenMP threads

Minimization stats:
  Stopping criterion = energy tolerance
  Energy initial, next-to-last, final = 
      6502.79978647043  -2119.68521435934  -2119.68636948294
  Force two-norm initial, final = 1758.559 1.8292218
  Force max component initial, final = 72.81858 0.41730611
  Final line search alpha, max atom move = 0.054420766 0.022710118
  Iterations, force evaluations = 3947 7868

MPI task timing breakdown:
Section |  min time  |  avg time  |  max time  |%varavg| %total
---------------------------------------------------------------
Pair    | 0.35684    | 0.35684    | 0.35684    |   0.0 | 10.45
Bond    | 2.5396     | 2.5396     | 2.5396     |   0.0 | 74.40
Neigh   | 0.02585    | 0.02585    | 0.02585    |   0.0 |  0.76
Comm    | 0.2246     | 0.2246     | 0.2246     |   0.0 |  6.58
Output  | 0.0085606  | 0.0085606  | 0.0085606  |   0.0 |  0.25
Modify  | 0.00053338 | 0.00053338 | 0.00053338 |   0.0 |  0.02
Other   |            | 0.2574     |            |       |  7.54

Nlocal:           3600 ave        3600 max        3600 min
Histogram: 1 0 0 0 0 0 0 0 0 0
Nghost:          11753 ave       11753 max       11753 min
Histogram: 1 0 0 0 0 0 0 0 0 0
Neighs:              0 ave           0 max           0 min
Histogram: 1 0 0 0 0 0 0 0 0 0

Total # of neighbors = 0
Ave neighs/atom = 0
Ave special neighs/atom = 5.9666667
Neighbor list builds = 79
Dangerous builds = 0

undump dump_min
reset_timestep 0

# --- Write Output ---
write_dump all custom minimize_last.dump id type mol x y z xu yu zu vx vy vz modify sort id
write_data /home/alexzhao/PolyJarvis/data/PE_2/attempts/equilibration/attempt-0001/work/minimize/minimize_out.data
System init for write_data ...
Generated 1 of 1 mixed pair_coeff terms from arithmetic mixing rule
write_restart /home/alexzhao/PolyJarvis/data/PE_2/attempts/equilibration/attempt-0001/work/minimize/minimize_out.restart
System init for write_restart ...
Generated 1 of 1 mixed pair_coeff terms from arithmetic mixing rule

print "STAGE COMPLETE: minimization"
STAGE COMPLETE: minimization
quit
