units real
atom_style full
boundary p p p

# --- Force Field Styles ---
pair_style lj/class2/coul/long 9.5 9.5
kspace_style pppm 1e-6
dielectric 1.000000
bond_style class2
angle_style class2
dihedral_style class2
improper_style class2
special_bonds lj/coul 0 0 1
pair_modify mix sixthpower tail yes
neighbor 2.0 bin
neigh_modify delay 0 every 1 check yes
neigh_modify one 4000
# KOKKOS: package loaded via -pk kokkos on the command line

read_data /home/alexzhao/PolyJarvis/data/PEEK_3/attempts/cooling/attempt-0001/work/cool_block_12/cool_block_12_out.data
Reading data file ...
  orthogonal box = (4.3575697 4.3575697 4.3575697) to (46.380411 46.380411 46.380411)
  1 by 1 by 1 MPI processor grid
  reading atoms ...
  6140 atoms
  reading velocities ...
  6140 velocities
  scanning bonds ...
  3 = max bonds/atom
  scanning angles ...
  9 = max angles/atom
  scanning dihedrals ...
  18 = max dihedrals/atom
  scanning impropers ...
  4 = max impropers/atom
  orthogonal box = (4.3575697 4.3575697 4.3575697) to (46.380411 46.380411 46.380411)
  1 by 1 by 1 MPI processor grid
  reading bonds ...
  6670 bonds
  reading angles ...
  10620 angles
  reading dihedrals ...
  15820 dihedrals
  reading impropers ...
  3420 impropers
Finding 1-2 1-3 1-4 neighbors ...
  special bond factors lj:    0        0        1       
  special bond factors coul:  0        0        1       
     3 = max # of 1-2 neighbors
     6 = max # of 1-3 neighbors
     9 = max # of special neighbors
  special bonds CPU = 0.003 seconds
  read_data CPU = 0.190 seconds


# --- Thermo Output ---
thermo_style custom step time temp press enthalpy etotal ke pe ebond eangle edihed eimp evdwl ecoul elong etail vol lx ly lz density pxx pyy pzz
thermo_modify flush yes
thermo 1000

# --- Trajectory ---
dump dump_npt all custom 1000 cool_block_13.dump id type mol x y z ix iy iz vx vy vz


# --- Restart Checkpointing ---
restart 10000 npt_1.rst npt_2.rst

# --- Initial Velocities (optional) ---
# Velocities read from data file

# --- SHAKE Constraints ---
# SHAKE disabled

# --- NPT Thermostat + Barostat (Nose-Hoover) ---
# T_damp = 100.0 fs  (heat bath coupling)
# P_damp = 1000.0 fs  (pressure bath coupling, ~10x T_damp typical)
# Ramp: T=470.0->445.0K  P=1.0->1.0atm
timestep 1.0
fix npt_fix all npt temp 470.0 445.0 100.0 iso 1.0 1.0 1000.0

run 250000
PPPM Kokkos initialization ...
  using 12-bit tables for long-range coulomb
  G vector (1/distance) = 0.30625996
  grid = 32 32 32
  stencil order = 5
  estimated absolute RMS force accuracy = 0.00039342735
  estimated relative force accuracy = 1.1847948e-06
  using double precision cuFFT
  3d grid and FFT values/proc = 59319 32768
Generated 21 of 21 mixed pair_coeff terms from sixthpower/sixthpower mixing rule
Neighbor list info ...
  update: every = 1 steps, delay = 0 steps, check = yes
  max neighbors/atom: 4000, page size: 100000
  master list distance cutoff = 11.5
  ghost atom cutoff = 11.5
  binsize = 11.5, bins = 4 4 4
  1 neighbor lists, perpetual/occasional/extra = 1 0 0
  (1) pair lj/class2/coul/long/kk, perpetual
      attributes: full, newton off, kokkos_device
      pair build: full/bin/kk/device
      stencil: full/bin/3d
      bin: kk/device
Per MPI rank memory allocation (min/avg/max) = 28.61 | 28.61 | 28.61 Mbytes
   Step          Time           Temp          Press         Enthalpy        TotEng         KinEng         PotEng         E_bond        E_angle        E_dihed        E_impro         E_vdwl         E_coul         E_long         E_tail         Volume           Lx             Ly             Lz          Density          Pxx            Pyy            Pzz      
         0   0              474.38871      229.34569      25684.663      25436.451      8680.9305      16755.52       3788.8792      4795.4216      4638.5397      512.09186     -683.84266      11099.401     -7394.9709     -535.80003      74208.939      42.022841      42.022841      42.022841      1.1616819      1514.7468     -175.66608     -651.0436     
      1000   1000           467.78341     -2000.5994      23127.447      25298.755      8560.0588      16738.696      3801.94        4814.4451      4626.3719      492.4827      -691.64119      11093.146     -7398.0491     -534.28593      74419.239      42.062499      42.062499      42.062499      1.1583992     -3561.5424     -1597.7115     -842.54434    
      2000   2000           467.01716     -1354.7233      24017.349      25485.178      8546.0371      16939.141      3936.61        4857.5058      4627.4531      488.8486      -647.48116      11079.296     -7403.0905     -535.19221      74293.219      42.038743      42.038743      42.038743      1.1603641     -2290.6359     -237.84004     -1535.694     
      3000   3000           475.46161     -1175.8783      24406.289      25671.726      8700.5637      16971.163      3963.1852      4807.3607      4653.2666      470.19117     -605.67553      11082.867     -7400.0326     -538.83585      73790.844      41.943773      41.943773      41.943773      1.1682639      1615.2376     -3398.4094     -1744.4629    
      4000   4000           469.29941     -109.98881      25399.916      25518.076      8587.8004      16930.276      3936.8577      4852.6596      4643.2482      471.99663     -666.14046      11087.038     -7395.3839     -539.77539      73662.402      41.919423      41.919423      41.919423      1.170301       573.51168     -1094.3175      190.83935    
      5000   5000           465.22289      750.00865      26124.42       25311.823      8513.2035      16798.619      3912.6363      4804.983       4553.9023      472.40893     -631.70681      11089.021     -7402.6258     -535.21166      74290.519      42.038234      42.038234      42.038234      1.1604063      1562.8612      379.53086      307.6339     
      6000   6000           473.73143      403.20172      26154.596      25718.099      8668.9028      17049.196      4058.034       4864.7913      4607.4363      494.77823     -651.57959      11073.181     -7397.4449     -535.64358      74230.615      42.026932      42.026932      42.026932      1.1613427      2334.4785     -2077.2298      952.35643    
      7000   7000           469.1088       492.2338       25898.571      25371.449      8584.3125      16787.137      3856.3707      4856.1371      4572.7605      497.6555      -686.60073      11090.484     -7399.6701     -541.49619      73428.313      41.874971      41.874971      41.874971      1.1740319      445.87664      1127.5659     -96.74119     
      8000   8000           468.42333      568.1986       26190.877      25576.652      8571.7689      17004.883      4074.6799      4887.377       4536.3872      455.11797     -612.70985      11065.274     -7401.2432     -536.42343      74122.698      42.006556      42.006556      42.006556      1.1630335      1927.9522     -1054.0851      830.72866    
      9000   9000           460.48538     -278.9979       24843.578      25145.484      8426.5108      16718.973      3824.1667      4771.916       4670.4037      460.8809      -689.16875      11078.828     -7398.0536     -535.8758       74198.447      42.02086       42.02086       42.02086       1.1618462     -129.45665     -148.29539     -559.24166    
     10000   10000          466.93552     -1288.3357      24130.489      25531.791      8544.5431      16987.248      3966.284       4803.1848      4675.9949      504.77608     -637.3035       11072.624     -7398.3122     -533.12878      74580.765      42.092909      42.092909      42.092909      1.1558903     -118.34714     -1438.9156     -2307.7444    
     11000   11000          468.19786      903.63438      26422.236      25446.412      8567.6429      16878.769      3949.9742      4774.5524      4589.6874      490.85614     -609.09467      11077.181     -7394.3873     -536.97738      74046.233      41.992106      41.992106      41.992106      1.1642346      1588.0686      744.4473       378.38728    
     12000   12000          467.81707     -679.26568      24642.641      25377.842      8560.6747      16817.167      3883.9165      4839.9636      4588.0703      485.39047     -681.88273      11099.876     -7398.167      -535.75769      74214.804      42.023948      42.023948      42.023948      1.1615901     -1483.4718     -1076.3087      521.98346    
     13000   13000          473.70017     -231.89459      25357.396      25607.099      8668.3307      16938.769      3944.0043      4787.9409      4708.9471      486.22826     -690.08027      11097.838     -7396.1095     -538.51826      73834.362      41.952017      41.952017      41.952017      1.1675754     -1060.5248      884.24992     -519.4089     
     14000   14000          469.41836      102.07964      25688.821      25577.961      8589.9771      16987.984      3925.784       4936.8866      4602.005       484.66835     -668.10698      11101.067     -7394.3194     -533.9489       74466.212      42.071347      42.071347      42.071347      1.1576684      1150.1432     -38.437132     -805.46718    
     15000   15000          465.0432       305.29924      25640.044      25311.893      8509.9153      16801.978      3934.5836      4891.6781      4532.2716      476.51647     -725.97064      11091.183     -7398.2846     -539.49424      73700.791      41.926703      41.926703      41.926703      1.1696914      446.55884     -74.267184      543.60607    
     16000   16000          459.96421     -649.0382       24782.719      25483.063      8416.9738      17066.089      4035.6151      4861.2783      4685.7502      503.77254     -690.43969      11070.477     -7400.3646     -537.39543      73988.63       41.981214      41.981214      41.981214      1.165141      -978.28995     -1839.5095      870.68485    
     17000   17000          472.66827     -2079.1439      23244.147      25483.591      8649.4479      16834.143      3912.4647      4797.5396      4654.9177      495.6417      -703.82251      11076.679     -7399.2771     -538.368        73854.969      41.955919      41.955919      41.955919      1.1672496     -543.73986     -1724.8191     -3968.8727    
     18000   18000          475.22872     -296.76337      25136.628      25457.327      8696.302       16761.025      3912.9352      4845.6776      4557.5848      448.78182     -675.10696      11072.217     -7401.0644     -536.59481      74099.024      42.002083      42.002083      42.002083      1.1634051     -386.73244      516.56192     -1020.1196    
     19000   19000          461.74894      24.278742      25134.204      25107.991      8449.6329      16658.358      3913.6265      4818.28        4513.559       455.44395     -729.68038      11084.576     -7397.4478     -537.08064      74031.996      41.989415      41.989415      41.989415      1.1644584      327.14866     -2200.0355      1945.7231    
     20000   20000          469.64401      401.34126      25908.73       25476.144      8594.1063      16882.037      4051.9691      4866.8897      4488.6967      453.37694     -669.39272      11088.896     -7398.3989     -537.99234      73906.539      41.965682      41.965682      41.965682      1.1664351      1572.065      -820.09763      452.0564     
     21000   21000          460.57213      1632.6793      26929.064      25179.523      8428.0982      16751.424      3930.4843      4852.613       4473.4401      463.11429     -646.85077      11076.157     -7397.5331     -541.14237      73476.324      41.884095      41.884095      41.884095      1.1732648      5167.1233     -607.77345      338.6881     
     22000   22000          464.03132      780.4232       26132.739      25294.793      8491.3986      16803.395      4027.9489      4828.9238      4456.4063      453.86078     -670.68925      11104.002     -7397.0582     -540.06885      73622.377      41.911829      41.911829      41.911829      1.1709372     -18.586434      803.98453      1555.8715    
     23000   23000          469.7829       418.40634      25916.929      25466.945      8596.6479      16870.297      3988.6313      4759.9165      4629.4675      479.70219     -698.75829      11107.735     -7396.3972     -539.18316      73743.312      41.934765      41.934765      41.934765      1.169017       2008.2125      662.12525     -1415.1187    
     24000   24000          472.93596     -1477.9437      23899.584      25495.385      8654.3463      16841.038      3883.6964      4900.849       4640.3509      472.47585     -725.62661      11070.221     -7400.9285     -537.04917      74036.335      41.990235      41.990235      41.990235      1.1643902     -857.28427     -4053.477       476.93013    
     25000   25000          467.90035     -492.5549       24905.271      25433.96       8562.1987      16871.761      3935.139       4821.707       4645.9554      482.25396     -696.09824      11081.004     -7398.1997     -540.24307      73598.635      41.907323      41.907323      41.907323      1.171315      -1230.2463      203.33515     -450.75354    
     26000   26000          466.34778     -1187.4332      24007.011      25291.287      8533.7879      16757.499      3887.0157      4854.2132      4486.7259      451.64397     -623.46632      11096.779     -7395.4125     -536.14924      74160.605      42.013715      42.013715      42.013715      1.162439      -2155.2338     -281.08972     -1125.9761    
     27000   27000          467.0518      -1803.8449      23408.331      25362.564      8546.6709      16815.894      3968.5768      4851.7762      4514.5419      458.30612     -644.94902      11071.14      -7403.4989     -535.25112      74285.042      42.037201      42.037201      42.037201      1.1604918     -3193.2708     -637.27804     -1580.9859    
     28000   28000          466.1966      -2040.2642      23186.647      25415.221      8531.0214      16884.199      3840.8924      4817.0358      4635.5755      484.36646     -570.23153      11073.617     -7397.0566     -530.87737      74897.056      42.15233       42.15233       42.15233       1.151009      -2340.8031     -1233.1767     -2546.8127    
     29000   29000          461.94892      1473.6157      26931.349      25344.203      8453.2925      16890.91       3995.1386      4799.1448      4566.4008      466.96593     -625.83665      11086.82      -7397.7228     -538.3962       73851.101      41.955187      41.955187      41.955187      1.1673107     -4.357809       3369.7734      1055.4314    
     30000   30000          461.53344     -1311.1966      23843.087      25264.141      8445.6895      16818.452      4007.2665      4814.1442      4464.2365      475.5486      -622.45261      11077.665     -7397.9563     -535.04719      74313.356      42.042541      42.042541      42.042541      1.1600497     -2262.0489     -1012.0855     -659.4556     
     31000   31000          469.63617     -347.48242      24991.847      25369.026      8593.9629      16775.063      3927.2895      4786.4496      4605.8697      468.79198     -699.72841      11082.905     -7396.5136     -534.22029      74428.383      42.064222      42.064222      42.064222      1.1582568      604.4194      -1259.1014     -387.76527    
     32000   32000          465.19609     -411.33764      25136.975      25580.957      8512.713       17068.244      4035.5923      4908.1893      4607.1087      488.32631     -665.30482      11090.42      -7396.0884     -537.23994      74010.045      41.985264      41.985264      41.985264      1.1648038     -1705.3513      779.3824      -308.04399    
     33000   33000          460.70533      163.43217      25524.794      25348.95       8430.5358      16918.414      3918.5684      4965.3775      4569.627       493.98727     -709.51304      11078.386     -7398.0186     -538.94487      73775.917      41.940944      41.940944      41.940944      1.1685003      191.60971     -1910.9896      2209.6764    
     34000   34000          475.51374     -424.86161      25009.252      25463.88       8701.5176      16762.363      3915.1883      4759.3208      4660.0352      486.47219     -738.57439      11078.998     -7399.0774     -541.90847      73372.45       41.864349      41.864349      41.864349      1.1749258     -242.15692     -131.20308     -901.22482    
     35000   35000          464.33347      954.23549      26180.388      25151.154      8496.9277      16654.226      3919.5786      4746.7177      4501.266       470.521       -636.09817      11054.038     -7401.7967     -537.6212       73957.56       41.975337      41.975337      41.975337      1.1656304      776.09934      1627.0867      459.52041    
     36000   36000          458.36466      132.47409      25445.525      25303.315      8387.7034      16915.612      4006.4574      4826.1875      4628.4534      476.25272     -712.02499      11091.433     -7401.1476     -540.1796       73607.282      41.908964      41.908964      41.908964      1.1711774      150.49004      1395.247      -1148.3148    
     37000   37000          464.99297      347.22186      25769.337      25398.57       8508.996       16889.574      4000.1867      4831.9617      4571.8264      473.0678      -662.45036      11073.199     -7398.2175     -543.05108      73218.07       41.834966      41.834966      41.834966      1.1774031      1017.6782      298.181       -274.19358    
     38000   38000          466.90495      323.81718      25708.658      25359.396      8543.9838      16815.412      4023.5492      4794.526       4543.9412      453.74441     -687.63147      11083.503     -7396.2203     -537.63069      73956.254      41.97509       41.97509       41.97509       1.165651      -411.00093      1225.9103      156.54215    
     39000   39000          459.61934      697.80295      25965.791      25208.735      8410.663       16798.072      3925.0058      4878.0585      4440.0368      457.58971     -589.89599      11087.156     -7399.8782     -534.49014      74390.805      42.057142      42.057142      42.057142      1.1588419      820.98227      94.982405      1177.4442    
     40000   40000          466.36702      652.12431      26160.327      25462.963      8534.14        16928.823      3993.3141      4914.0994      4507.8349      474.97986     -646.37741      11082.207     -7397.2349     -542.25771      73325.195      41.855359      41.855359      41.855359      1.175683      -250.89225      283.53049      1923.7347    
     41000   41000          462.86259     -18.98021       25319.294      25339.691      8470.0119      16869.68       3875.9483      4821.2831      4700.8933      464.42192     -687.15942      11091.12      -7396.8279     -539.59332      73687.258      41.924137      41.924137      41.924137      1.1699062     -416.91579     -981.28753      1341.2627    
     42000   42000          463.79545     -158.87715      24945.182      25115.423      8487.0824      16628.341      3924.3825      4700.44        4573.6762      467.20533     -712.72234      11072.959     -7397.5996     -541.16566      73473.161      41.883494      41.883494      41.883494      1.1733153     -1127.4754      469.43094      181.41305    
     43000   43000          463.71608     -329.8719       25024.022      25381.315      8485.6299      16895.685      3938.8531      4829.4106      4577.1568      478.84704     -608.02254      11082.575     -7403.1353     -535.37315      74268.109      42.034007      42.034007      42.034007      1.1607564      86.810834      279.80887     -1356.2354    
     44000   44000          467.59816     -852.00263      24287.97       25203.36       8556.6689      16646.691      3777.5103      4859.6781      4596.0231      464.71012     -754.2181       11102.665     -7399.6767     -539.72112      73669.809      41.920828      41.920828      41.920828      1.1701833     -275.53962     -1026.2387     -1254.2296    
     45000   45000          461.80822     -376.42604      24795.731      25201.325      8450.7177      16750.607      3953.1327      4904.1424      4460.263       446.54857     -697.66813      11080.911     -7396.7223     -538.17433      73881.547      41.960951      41.960951      41.960951      1.1668297     -658.19721     -548.6831       77.602195    
     46000   46000          465.33617     -1280.4642      23883.792      25265.72       8515.2764      16750.443      3866.1216      4804.891       4614.7064      473.02182     -692.81554      11081.315     -7396.7973     -537.30017      74001.749      41.983695      41.983695      41.983695      1.1649344     -117.93055     -1363.3355     -2360.1265    
     47000   47000          462.90198     -441.81603      24832.468      25308.866      8470.7326      16838.133      3858.6691      4778.477       4658.7622      482.91122     -604.87506      11067.511     -7403.3226     -537.78279      73935.338      41.971132      41.971132      41.971132      1.1659808     -1699.6638     -159.56411      533.77979    
     48000   48000          469.39301      6.4368705      25457.971      25451.004      8589.5132      16861.49       3877.8826      4840.0393      4603.3476      488.57547     -644.19201      11097.125     -7401.2874     -535.76338      74214.016      42.023799      42.023799      42.023799      1.1616025      136.82908     -204.12589      86.607429    
     49000   49000          468.60509     -1038.0896      24323.678      25441.39       8575.0949      16866.295      3893.4978      4836.5533      4723.1258      472.83758     -736.37038      11077.664     -7401.0131     -538.56706      73827.672      41.95075       41.95075       41.95075       1.1676812     -882.3052      -2767.3038      535.34018    
     50000   50000          463.00077     -645.66404      24607.853      25304.34       8472.5404      16831.8        3891.4889      4866.9226      4610.5165      446.05309     -666.83911      11077.289     -7393.6315     -537.56149      73965.774      41.976891      41.976891      41.976891      1.165501      -919.22696      14.548893     -1032.314     
     51000   51000          473.42399     -2229.0203      23068.209      25476.702      8663.2769      16813.425      3951.2364      4731.7474      4704.616       443.44747     -683.41077      11068.103     -7402.315      -536.66525      74089.299      42.000246      42.000246      42.000246      1.1635578     -2748.2083     -3332.8137     -606.03882    
     52000   52000          473.58617     -1048.5432      24295.477      25431.06       8666.2446      16764.816      3930.7045      4738.4553      4596.3936      466.90504     -638.15489      11068.312     -7397.7999     -535.42915      74260.342      42.032541      42.032541      42.032541      1.1608778     -262.60233     -1918.2056     -964.82171    
     53000   53000          455.57619     -352.03344      24685.708      25066.116      8336.6766      16729.439      3900.7451      4717.5203      4561.6018      486.34147     -615.4788       11077.426     -7398.716      -536.62225      74095.235      42.001367      42.001367      42.001367      1.1634646     -681.14433      374.8671      -749.8231     
     54000   54000          464.69937     -1631.9039      23531.592      25295.581      8503.6235      16791.957      3834.4206      4791.3906      4607.8265      488.13064     -619.59073      11088.146     -7398.3663     -536.45554      74118.261      42.005717      42.005717      42.005717      1.1631032     -439.1354      -2377.7502     -2078.826     
     55000   55000          454.34919     -83.494128      25027.693      25117.901      8314.2234      16803.678      3926.8068      4867.4624      4503.8893      479.29377     -644.35473      11070.891     -7400.311      -536.71703      74082.15       41.998895      41.998895      41.998895      1.1636701     -256.48216      233.12378     -227.12401    
     56000   56000          463.87389     -642.99169      24574.726      25266.098      8488.5178      16777.58       3918.7397      4784.3039      4603.6482      463.81942     -667.1949       11074.739     -7400.475      -539.2977       73727.65       41.931796      41.931796      41.931796      1.1692653     -2126.2659      1251.1578     -1053.867     
     57000   57000          470.26551      13.178136      25500.128      25485.888      8605.4792      16880.409      3961.9317      4869.979       4598.6354      461.96945     -688.94235      11078.424     -7401.588      -536.65086      74091.286      42.000621      42.000621      42.000621      1.1635266     -1522.0069      834.29746      727.2439     
     58000   58000          462.07836     -949.21342      24217.224      25237.73       8455.6611      16782.069      3836.3714      4890.5227      4571.7865      451.25193     -643.43027      11074.526     -7398.9595     -539.3658       73718.341      41.930031      41.930031      41.930031      1.169413      -50.635325     -990.99355     -1806.0114    
     59000   59000          463.94781      1311.3325      26764.898      25353.167      8489.8704      16863.297      3984.717       4901.1547      4529.2662      471.06166     -679.67702      11060.898     -7404.1242     -538.63663      73818.136      41.948943      41.948943      41.948943      1.167832       1373.8616      323.04757      2237.0884    
     60000   60000          467.86211      320.84437      25775.034      25428.801      8561.4991      16867.302      3964.6082      4833.9559      4526.9274      477.01767     -608.08624      11074.492     -7401.6132     -537.35527      73994.16       41.98226       41.98226       41.98226       1.1650539      582.54246      1838.7295     -1458.7389    
     61000   61000          454.23565     -1632.6743      23452.244      25211.463      8312.1458      16899.318      3962.6683      4762.3938      4685.6161      487.93649     -672.02666      11074.69      -7401.9603     -538.16361      73883.019      41.96123       41.96123       41.96123       1.1668064      312.72652     -2214.6766     -2996.0729    
     62000   62000          469.5338      -2328.4504      23062.128      25585.992      8592.0895      16993.902      3874.7235      4915.2746      4723.9919      474.65304     -687.49321      11089.626     -7396.8737     -534.97811      74322.951      42.04435       42.04435       42.04435       1.1598999     -2408.6386     -2355.1938     -2221.5187    
     63000   63000          464.30948      562.85978      25759.656      25153.077      8496.4887      16656.588      3898.981       4799.9572      4504.028       468.99388     -677.4582       11064.503     -7402.4168     -538.08118      73894.336      41.963373      41.963373      41.963373      1.1666277     -326.49844      1133.0718      882.00599    
     64000   64000          465.96476     -652.30018      24683.116      25387.741      8526.7791      16860.962      4017.174       4889.2786      4496.4699      458.51481     -668.83499      11069.385     -7401.0255     -536.81429      74068.728      41.996358      41.996358      41.996358      1.163881      -1412.4844     -7.8585781     -536.55752    
     65000   65000          462.02191     -176.93324      24912.819      25104.866      8454.6281      16650.238      3810.1424      4761.3241      4560.9613      463.04795     -621.9795       11074.545     -7397.8031     -534.24005      74425.629      42.063703      42.063703      42.063703      1.1582997     -1999.6967      56.201481      1412.6955    
     66000   66000          463.54538     -498.6368       24631.112      25169.8        8482.5063      16687.294      3946.0049      4772.5         4521.1981      456.88132     -684.30651      11069.523     -7394.5076     -536.76223      74075.913      41.997716      41.997716      41.997716      1.1637681      185.33732     -1757.5593      76.311623    
     67000   67000          469.24394      573.97435      25913.491      25295.225      8586.7854      16708.439      3913.5512      4774.7077      4536.0679      465.53005     -653.43524      11069.845     -7397.8278     -538.33385      73859.655      41.956806      41.956806      41.956806      1.1671755      458.4291       1945.3565     -681.86253    
     68000   68000          469.22266      1271.547       26537.256      25167.98       8586.3959      16581.584      3914.8699      4793.2867      4437.0113      428.55181     -683.13406      11086.776     -7395.7777     -538.48845      73838.45       41.952791      41.952791      41.952791      1.1675107      1199.0264      1728.437       887.17749    
     69000   69000          457.43061      1178.8844      26269.745      24996.376      8370.611       16625.766      3866.4786      4759.84        4442.1835      463.19756     -614.23129      11105.612     -7397.3144     -536.84888      74063.956      41.995456      41.995456      41.995456      1.163956       1786.441       104.87272      1645.3396    
     70000   70000          460.52749     -1420.1673      23608.415      25131.022      8427.2814      16703.74       3885.5066      4801.4487      4563.6071      468.01479     -690.5747       11074.168     -7398.4302     -540.86208      73514.402      41.891329      41.891329      41.891329      1.1726571     -1306.6228     -844.76554     -2109.1135    
     71000   71000          468.17885     -645.39883      24702.447      25397.04       8567.2951      16829.745      3962.577       4861.7018      4549.6143      453.48053     -678.93488      11079.897     -7398.5906     -538.80623      73794.9        41.944541      41.944541      41.944541      1.1681997     -407.93766     -237.34529     -1290.9135    
     72000   72000          468.69224     -95.301547      25255.556      25358.386      8576.6897      16781.697      3977.8398      4785.7824      4508.0723      449.74998     -633.34677      11091.633     -7398.0343     -537.42084      73985.132      41.980553      41.980553      41.980553      1.165196      -1072.0479      1254.7755     -468.63224    
     73000   73000          464.19105     -2474.8955      22577.287      25272.227      8494.3216      16777.905      3991.8587      4809.9972      4526.6435      449.30763     -672.23038      11072.162     -7399.8338     -532.52829      74664.864      42.108725      42.108725      42.108725      1.1545884     -3901.4133     -816.39376     -2706.8796    
     74000   74000          469.67962     -289.31934      25207.379      25521.269      8594.7579      16926.511      3974.9164      4911.0258      4510.0623      476.37013     -635.32458      11086.984     -7397.5221     -534.48422      74391.629      42.057297      42.057297      42.057297      1.1588291     -269.16856      72.163516     -670.95296    
     75000   75000          458.33223     -889.12563      24105.144      25064.125      8387.1099      16677.015      3915.2752      4722.0065      4548.3824      471.64491     -666.97483      11085.135     -7398.4551     -537.63554      73955.587      41.974964      41.974964      41.974964      1.1656615     -2186.2733     -278.93374     -202.16988    
     76000   76000          465.48321      1421.4507      26846.159      25306.846      8517.967       16788.879      4112.7188      4838.0978      4307.3249      464.0514      -597.30228      11064.769     -7400.7803     -535.47556      74253.906      42.031327      42.031327      42.031327      1.1609784      364.57977      2127.4477      1772.3246    
     77000   77000          467.49242     -257.12872      24909.52       25188.701      8554.734       16633.967      3840.0992      4847.0131      4456.0651      469.21454     -663.7376       11078.203     -7392.8907     -534.07292      74448.92       42.068091      42.068091      42.068091      1.1579373     -1661.9965     -123.04516      1013.6554    
     78000   78000          464.08179     -1091.2099      24056.385      25237.592      8492.3222      16745.27       3901.7727      4836.2609      4558.9646      442.07197     -670.53015      11072.301     -7395.5706     -535.69414      74223.608      42.02561       42.02561       42.02561       1.1614523     -1394.0982     -2259.8501      380.31876    
     79000   79000          455.77103      190.57927      25259.038      25054.494      8340.2421      16714.251      3805.0767      4821.7084      4644.1078      472.5229      -720.40646      11089.488     -7398.2455     -540.2853       73592.881      41.906231      41.906231      41.906231      1.1714066      3578.0695     -1164.7847     -1841.5469    
     80000   80000          468.69309      315.30653      25733.782      25394.712      8576.7053      16818.007      3997.7125      4862.7874      4468.3704      446.83785     -649.55081      11086.651     -7394.8014     -539.2351       73736.209      41.933418      41.933418      41.933418      1.1691296      1136.6956     -816.66538      625.88942    
     81000   81000          464.47595     -348.92898      24885.162      25261.848      8499.5351      16762.312      3976.3851      4869.5261      4453.7354      453.03231     -655.96716      11061.991     -7396.3899     -537.1472       74022.823      41.98768       41.98768       41.98768       1.1646028     -213.09623     -391.8821      -441.8086     
     82000   82000          457.26575      93.050735      25268.115      25167.102      8367.5942      16799.508      3940.9291      4874.6003      4520.0944      442.51481     -678.64195      11093.506     -7393.4943     -534.1662       74435.92       42.065642      42.065642      42.065642      1.1581396     -466.82427      378.06523      367.91124    
     83000   83000          461.21217     -445.5707       24781.898      25267.929      8439.8105      16828.118      3952.7264      4755.6179      4541.313       484.1738      -588.56447      11079.396     -7396.5445     -531.60298      74794.825      42.133142      42.133142      42.133142      1.1525822      825.29137     -2324.3348      162.33129    
     84000   84000          462.13455      1065.3302      26410.869      25258.35       8456.6894      16801.66       4008.1475      4855.4966      4429.3574      459.6518      -631.69111      11079.824     -7399.1261     -536.00749      74180.217      42.017419      42.017419      42.017419      1.1621317      942.5311       2053.9725      199.48698    
     85000   85000          464.9649      -1409.0264      23893.647      25414.134      8508.4824      16905.651      4027.7144      4843.8318      4601.3038      463.34416     -722.40529      11084.68      -7392.8172     -537.36745      73992.483      41.981943      41.981943      41.981943      1.1650803      477.11454     -1438.6621     -3265.5316    
     86000   86000          463.02666     -306.47839      24849.376      25181.048      8473.0142      16708.033      3881.3728      4829.7083      4504.8014      469.16075     -665.19397      11087.525     -7399.3413     -535.82854      74204.992      42.022096      42.022096      42.022096      1.1617437     -1164.531      -251.12465      496.22048    
     87000   87000          456.36215      1305.0931      26620.106      25212.806      8351.059       16861.747      3933.6681      4816.4037      4511.1836      482.73422     -572.94338      11088.506     -7397.8061     -537.76118      73938.308      41.971694      41.971694      41.971694      1.1659339      1283.9726      3011.5274     -380.22071    
     88000   88000          454.17788      756.57254      25914.618      25099.809      8311.0886      16788.72       4039.966       4795.4352      4542.5659      474.6587      -749.25034      11085.652     -7400.3075     -538.43015      73846.444      41.954305      41.954305      41.954305      1.1673844     -168.50773      2390.1771      48.048249    
     89000   89000          464.20504      192.64688      25287.783      25080.372      8494.5776      16585.794      3853.5276      4843.2414      4458.9717      469.66226     -715.61759      11073.553     -7397.544      -538.5969       73823.581      41.949975      41.949975      41.949975      1.1677459     -538.45346      2808.3345     -1691.9404    
     90000   90000          469.87784      983.19603      26428.683      25363.331      8598.3853      16764.946      3859.0749      4807.8363      4499.9639      487.16955     -574.532        11084.054     -7398.6202     -535.15801      74297.967      42.039639      42.039639      42.039639      1.1602899      497.38518      1301.9734      1150.2295    
     91000   91000          460.81664      648.85053      25771.192      25067.353      8432.5726      16634.78       3942.5362      4747.7189      4431.4701      458.70014     -642.73977      11093.157     -7396.0619     -534.57154      74379.478      42.055007      42.055007      42.055007      1.1590184      144.17034      2147.8668     -345.4855     
     92000   92000          458.36189     -242.29885      24786.571      25048.702      8387.6527      16661.049      3819.805       4838.5533      4504.9058      444.52424     -617.52652      11069.818     -7399.0311     -536.00336      74180.789      42.017526      42.017526      42.017526      1.1621228     -2117.9954      1427.6742     -36.57532     
     93000   93000          460.87851      696.82483      25930.42       25181.004      8433.7048      16747.299      3862.9956      4837.009       4506.1058      477.54834     -613.36616      11075.704     -7398.6972     -539.1818       73743.497      41.9348        41.9348        41.9348        1.169014       405.92106      1647.2907      37.262686    
     94000   94000          465.59974      282.52837      25500.691      25196.543      8520.0994      16676.443      3815.407       4812.3852      4564.3319      463.66713     -669.821        11086.892     -7396.4189     -538.65574      73815.517      41.948447      41.948447      41.948447      1.1678735      577.85344      528.86713     -259.13546    
     95000   95000          462.53534     -1489.0007      23531.256      25140.481      8464.0234      16676.458      3923.0623      4711.9877      4573.3888      447.37583     -648.17555      11065.31      -7396.4914     -536.55336      74104.749      42.003165      42.003165      42.003165      1.1633152     -730.04501     -2340.5479     -1396.4093    
     96000   96000          458.48541      594.42138      25734.875      25093.944      8389.913       16704.031      3897.8443      4854.5398      4457.6389      437.44307     -622.55004      11074.545     -7395.4303     -537.7969       73933.397      41.970765      41.970765      41.970765      1.1660114      2324.4726      582.46903     -1123.6775    
     97000   97000          469.44755     -488.52986      24899.271      25428.714      8590.5113      16838.203      3961.9588      4823.136       4540.7695      469.09926     -651.77986      11086.969     -7391.9504     -535.06555      74310.805      42.04206       42.04206       42.04206       1.1600895     -1388.5162      1483.4621     -1560.5354    
     98000   98000          459.52905      964.41211      26168.305      25117.846      8409.0106      16708.835      3922.1336      4752.0796      4460.4185      467.04156     -592.21981      11095.259     -7395.8772     -532.37565      74686.271      42.112749      42.112749      42.112749      1.1542574      352.08504      1341.0509      1200.1004    
     99000   99000          457.31642     -1108.0083      23729.575      24921.15       8368.5214      16552.629      3836.8034      4766.3549      4532.5259      440.34354     -695.0551       11071.675     -7400.0195     -539.20835      73739.866      41.934112      41.934112      41.934112      1.1690716     -2626.2323      771.67165     -1469.4643    
    100000   100000         460.57176     -622.15425      24475.276      25146.469      8428.0915      16718.378      3902.2234      4866.4873      4481.8737      452.49966     -659.38282      11077.023     -7402.346      -537.50835      73973.087      41.978274      41.978274      41.978274      1.1653858     -863.12456     -1008.3957      5.0574817    
    101000   101000         459.78185      304.601        25608.755      25280.123      8413.6368      16866.486      4076.824       4697.2557      4591.8349      487.61713     -667.27914      11083.199     -7402.9655     -537.47208      73978.079      41.979219      41.979219      41.979219      1.1653071      631.65765      803.97917     -521.83382    
    102000   102000         461.69379      541.93512      25765.674      25182.399      8448.6238      16733.776      3889.8351      4964.3935      4458.2501      457.09685     -720.47926      11081.519     -7396.84       -538.77673      73798.94       41.945307      41.945307      41.945307      1.1681358      2586.9883     -2018.4376      1057.2547    
    103000   103000         447.40633      1257.922       26341.954      24986.131      8187.1747      16798.957      4042.1078      4776.446       4491.3542      475.53442     -646.98178      11062.681     -7402.1854     -538.0042       73904.911      41.965374      41.965374      41.965374      1.1664608      2049.5636      736.9471       987.25525    
    104000   104000         459.99374      807.93048      25992.557      25120.152      8417.5142      16702.638      3894.4424      4788.5809      4438.7942      465.48771     -564.03078      11079.065     -7399.7015     -537.01989      74040.371      41.990998      41.990998      41.990998      1.1643267     -97.704566      2236.4866      285.00944    
    105000   105000         458.27134      60.556751      25141.743      25077.023      8385.9957      16691.027      3988.2538      4796.0798      4416.9032      448.62333     -646.4228       11088.338     -7400.7484     -542.5707       73282.895      41.847309      41.847309      41.847309      1.1763616      2240.4218     -1335.6421     -723.1095     
    106000   106000         464.39972      2046.323       27319.251      25130.313      8498.1401      16632.173      3908.7646      4780.7102      4507.0158      458.79312     -730.80235      11103.433     -7395.7413     -542.09534      73347.157      41.859538      41.859538      41.859538      1.1753309      3649.9791      846.73784      1642.2521    
    107000   107000         466.2395      -166.41949      25042.76       25221.953      8531.8065      16690.147      3863.8704      4759.6449      4573.0603      450.70072     -615.4724       11061.491     -7403.1487     -538.5391       73831.504      41.951475      41.951475      41.951475      1.1676206     -782.5598       1047.3304     -764.02906    
    108000   108000         457.73552      526.09912      25502.662      24936.198      8376.1906      16560.007      3815.9444      4768.5568      4536.9221      452.07539     -700.64563      11086.547     -7399.393      -538.55475      73829.358      41.951069      41.951069      41.951069      1.1676545     -1103.9888      1438.5063      1243.7798    
    109000   109000         460.42953      1553.1081      26914.939      25229.042      8425.4888      16803.553      3926.2233      4776.4833      4483.907       504.08282     -587.6023       11099.373     -7398.9137     -534.20217      74430.907      42.064698      42.064698      42.064698      1.1582176      583.32332      2257.8732      1818.1278    
    110000   110000         452.04318      637.89579      25592.505      24902.011      8272.0253      16629.985      3854.6993      4743.322       4552.8661      492.8377      -706.1743       11092.951     -7400.5164     -535.70327      74222.343      42.025371      42.025371      42.025371      1.1614721      1723.927      -366.16065      555.921      
    111000   111000         460.08931      1592.3012      26792.248      25090.673      8419.263       16671.41       3850.0215      4895.4155      4477.218       457.16809     -668.49672      11060.675     -7400.5906     -542.63653      73274.005      41.845617      41.845617      41.845617      1.1765043      1196.2164      2210.8014      1369.8859    
    112000   112000         452.25881      352.76218      25255.412      24875.466      8275.9713      16599.495      3850.4439      4844.2899      4423.0403      480.43004     -684.57811      11083.383     -7397.5145     -538.38737      73852.311      41.955416      41.955416      41.955416      1.1672916     -650.97588     -697.13155      2406.394     
    113000   113000         459.61447     -2363.4903      22415.007      24951.702      8410.5738      16541.129      3790.7247      4765.8234      4584.992       472.12621     -760.96421      11084.498     -7396.0712     -540.28189      73593.346      41.906319      41.906319      41.906319      1.1713992     -3384.8309     -2643.9166     -1061.7235    
    114000   114000         468.30407     -240.35284      25019.031      25277.382      8569.5865      16707.796      3958.9607      4801.6719      4510.6354      472.72156     -723.03223      11083.93      -7397.0916     -539.47797      73703.014      41.927125      41.927125      41.927125      1.1696561     -328.06712     -3.28374       -389.70767    
    115000   115000         454.70953      457.70399      25575.056      25078.736      8320.8174      16757.919      3936.4654      4780.8241      4509.0211      468.82843     -630.75296      11092.496     -7398.9635     -534.75842      74353.484      42.050107      42.050107      42.050107      1.1594236      197.42577      2048.0115     -872.32534    
    116000   116000         458.38202      1500.2198      26664.157      25053.313      8388.021       16665.292      4015.5629      4718.3482      4432.4584      467.39293     -656.49048      11086.298     -7398.278      -540.05259      73624.592      41.912249      41.912249      41.912249      1.170902      -482.31329      4292.9884      689.98425    
    117000   117000         445.58275      488.32629      25228.99       24704.106      8153.8048      16550.301      3940.2032      4707.742       4459.1902      456.71079     -690.14307      11074.413     -7397.8146     -539.48767      73701.689      41.926874      41.926874      41.926874      1.1696772      254.37945     -837.56245      2048.1619    
    118000   118000         458.86977     -283.16884      24902.174      25208.896      8396.9465      16811.949      3842.7407      4873.4456      4584.0525      466.9963      -641.83906      11082.356     -7395.8024     -535.34818      74271.574      42.03466       42.03466       42.03466       1.1607022     -1019.2154     -445.26528      614.9741     
    119000   119000         457.39213     -1389.2195      23613.528      25122.295      8369.9069      16752.388      3903.6099      4874.3352      4518.0086      465.0386      -698.07672      11084.713     -7395.2403     -533.92904      74468.982      42.071869      42.071869      42.071869      1.1576254     -1043.6669     -1920.8354     -1203.1561    
    120000   120000         466.67177      1094.3432      26311.138      25131.837      8539.7167      16592.12       3849.4944      4846.1048      4413.7397      471.09554     -688.82741      11097.392     -7396.8787     -538.10063      73891.666      41.962867      41.962867      41.962867      1.1666699      2281.9879     -108.91317      1109.9549    
    121000   121000         452.34911      1675.201       26795.255      24992.146      8277.6236      16714.523      3892.245       4813.6718      4435.458       475.31107     -580.91545      11079.44      -7400.6878     -538.74072      73803.873      41.946241      41.946241      41.946241      1.1680577      3463.3632      2.5731533      1559.6665    
    122000   122000         454.94076     -1054.6626      23800.226      24935.734      8325.0488      16610.685      3833.2072      4777.1408      4505.8477      442.05223     -629.01278      11078.312     -7396.8616     -538.58974      73824.563      41.950161      41.950161      41.950161      1.1677304      490.31252     -2337.2325     -1317.0679    
    123000   123000         457.90675      512.98093      25613.395      25054.961      8379.3239      16675.637      3952.2341      4845.7866      4420.8043      452.63632     -662.46163      11072.697     -7406.0589     -532.67741      74643.961      42.104795      42.104795      42.104795      1.1549117      830.40272     -13.24886       721.78894    
    124000   124000         465.96974      543.41516      25747.134      25160.345      8526.8702      16633.474      3857.0932      4837.8116      4408.2192      455.93368     -612.83237      11085.975     -7398.7259     -537.01231      74041.417      41.991196      41.991196      41.991196      1.1643103      440.31756     -1017.9572      2207.8851    
    125000   125000         453.83247      1102.3952      26155.919      24969.725      8304.7679      16664.957      3899.8285      4858.8763      4475.4216      477.30416     -726.55         11079.599     -7399.523      -538.91024      73780.657      41.941843      41.941843      41.941843      1.1684253      874.39135      1764.5993      668.19487    
    126000   126000         455.43365     -252.89859      24797.779      25070.35       8334.0683      16736.282      3890.2133      4790.2898      4556.3785      466.73867     -638.89534      11075.432     -7403.8753     -538.02436      73902.141      41.96485       41.96485       41.96485       1.1665045     -1274.5252     -83.52552       599.35498    
    127000   127000         456.60343     -740.03208      24232.661      25032.516      8355.4742      16677.042      3812.9707      4873.5519      4469.8199      466.22712     -618.07935      11074.634     -7402.0822     -536.50535      74111.38       42.004417      42.004417      42.004417      1.1632111      257.14588      90.490291     -2567.7324    
    128000   128000         448.96464      2520.3256      27566.41       24860.859      8215.6905      16645.169      3964.7187      4864.0932      4278.9133      454.84547     -606.12215      11086.54      -7397.8198     -540.17671      73607.676      41.909039      41.909039      41.909039      1.1711711      3447.5714      2582.2687      1531.1368    
    129000   129000         471.62887     -39.947263      25116.059      25159.383      8630.4276      16528.955      3806.3933      4760.3494      4448.4047      448.61437     -614.56865      11076.773     -7397.0108     -534.6835       74363.903      42.052071      42.052071      42.052071      1.1592611      74.079472      868.86039     -1062.7817    
    130000   130000         448.44774     -1278.4359      23543.35       24928.831      8206.2316      16722.599      3899.2677      4813.8115      4493.3845      444.17147     -618.18034      11085.374     -7395.2295     -535.07329      74309.731      42.041857      42.041857      42.041857      1.1601063     -1655.1435     -2345.5484      165.38416    
    131000   131000         454.01838     -41.709905      24967.171      25011.982      8308.1698      16703.812      3850.7882      4846.0554      4523.9177      446.15436     -657.44355      11092.977     -7398.6371     -539.74528      73666.512      41.920202      41.920202      41.920202      1.1702357      330.68184      242.71711     -698.52867    
    132000   132000         462.86274     -1036.6655      24103.767      25215.247      8470.0146      16745.232      3886.2709      4761.8276      4605.1078      482.90949     -669.7309       11078.994     -7400.1466     -540.8436       73516.913      41.891806      41.891806      41.891806      1.172617      -2166.5295     -74.279984     -869.18694    
    133000   133000         456.78842      21.560629      25007.081      24983.722      8358.8594      16624.862      3837.0355      4736.5056      4482.2662      478.903       -593.56834      11085.117     -7401.397      -535.22208      74289.072      42.037961      42.037961      42.037961      1.1604289      607.45671     -350.89082     -191.884      
    134000   134000         456.49856     -119.7886       24981.913      25111.52       8353.5551      16757.965      3915.949       4841.902       4465.0017      451.15403     -597.50311      11083.218     -7401.7575     -535.94742      74188.532      42.018988      42.018988      42.018988      1.1620015      1056.1313     -835.68376     -579.81333    
    135000   135000         458.30312      718.2953       25657.758      24883.801      8386.5773      16497.224      3842.7629      4806.5751      4450.7853      439.93715     -718.07795      11073.789     -7398.5478     -538.17225      73881.832      41.961005      41.961005      41.961005      1.1668252     -1202.0192      1063.1181      2293.7869    
    136000   136000         457.85657      415.11854      25566.479      25118.1        8378.4058      16739.694      3908.5382      4861.7071      4471.396       470.94971     -656.08508      11083.013     -7399.825      -536.86044      74062.361      41.995155      41.995155      41.995155      1.163981      -630.24719      1509.4518      366.151      
    137000   137000         454.54921      412.83987      25262.066      24818.731      8317.8836      16500.847      3778.8366      4738.8216      4554.5616      469.70312     -723.25897      11082.901     -7400.7176     -539.98805      73633.392      41.913919      41.913919      41.913919      1.1707621      290.28415     -206.1824       1154.4179    
    138000   138000         457.00116     -1956.0799      22912.409      25034.114      8362.7523      16671.362      3930.1406      4692.5468      4599.3762      459.85229     -683.75755      11071.765     -7398.5619     -534.60922      74374.236      42.054019      42.054019      42.054019      1.1591001     -1591.8401     -379.45226     -3896.9475    
    139000   139000         444.35019     -349.56514      24269.186      24646.648      8131.2498      16515.398      3840.3799      4730.1219      4462.9979      470.6513      -676.5858       11088.673     -7400.8402     -537.02034      74040.31       41.990986      41.990986      41.990986      1.1643277     -1262.0204      69.081798      144.24319    
    140000   140000         460.30614     -1401.9352      23490.314      25010.319      8423.2309      16587.088      3833.1417      4804.4096      4460.0151      466.52014     -651.82491      11073.044     -7398.2174     -534.8326       74343.172      42.048163      42.048163      42.048163      1.1595844     -3680.1124      1195.1725     -1720.8657    
    141000   141000         452.98241     -173.49569      24592.563      24778.448      8289.2125      16489.235      3788.0637      4801.4842      4436.1448      456.26897     -694.01228      11105.382     -7404.0965     -541.22795      73464.705      41.881888      41.881888      41.881888      1.1734503      823.26633     -1936.7268      592.97344    
    142000   142000         448.86104     -744.94546      24052.113      24853.422      8213.7947      16639.628      3959.5636      4747.1216      4440.2585      477.46593     -680.88942      11092.867     -7396.7601     -539.08738      73756.414      41.937248      41.937248      41.937248      1.1688093      151.59064     -216.96536     -2169.4616    
    143000   143000         459.09669     -1991.7741      22829.658      24985.625      8401.0989      16584.527      3862.0483      4780.4471      4451.6229      448.45667     -650.83094      11091.058     -7398.276      -535.71357      74220.916      42.025101      42.025101      42.025101      1.1614945     -4151.3223     -53.156199     -1770.8437    
    144000   144000         452.37102     -1517.4198      23332.276      24959.862      8278.0245      16681.838      3952.853       4789.7484      4520.5819      469.09115     -741.49515      11089.408     -7398.35       -540.62562      73546.555      41.897436      41.897436      41.897436      1.1721444     -1065.9917     -2625.7674     -860.50028    
    145000   145000         450.00015     -589.47333      24333.847      24970.368      8234.6396      16735.729      3928.5244      4775.3299      4551.7112      482.17257     -693.96337      11088.199     -7396.2457     -537.01475      74041.08       41.991132      41.991132      41.991132      1.1643156     -449.82099     -324.04191     -994.5571     
    146000   146000         457.99563      397.82784      25472.072      25043.752      8380.9503      16662.802      3917.1384      4843.3947      4404.3221      459.63484     -655.38159      11095.489     -7401.7958     -538.59482      73823.867      41.950029      41.950029      41.950029      1.1677414      1602.649       891.70118     -1300.8667    
    147000   147000         465.7251      -616.88719      24393.833      25055.453      8522.3934      16533.06       3897.606       4744.9641      4385.0214      467.71584     -655.0419       11092.287     -7399.4924     -540.66927      73540.618      41.896308      41.896308      41.896308      1.172239      -1231.8956     -220.26322     -398.50272    
    148000   148000         448.14033     -841.7156       23978.667      24887.928      8200.6063      16687.321      3889.8664      4827.2777      4493.2707      451.92111     -660.89073      11085.906     -7400.0293     -536.79904      74070.832      41.996756      41.996756      41.996756      1.1638479     -1159.7476     -775.14047     -590.25874    
    149000   149000         459.03837      357.0054       25522.498      25140.855      8400.0317      16740.824      3879.9934      4874.5971      4514.8788      475.22733     -678.34156      11071.908     -7397.4389     -542.44158      73300.34       41.85063       41.85063       41.85063       1.1760816      1467.3088     -1197.9889      801.6963     
    150000   150000         451.72244      58.513818      24942.738      24879.979      8266.1561      16613.823      3940.4833      4771.5369      4483.5503      465.16323     -721.43569      11074.838     -7400.3126     -540.65119      73543.077      41.896775      41.896775      41.896775      1.1721998     -1797.1929      2234.7597     -262.02542    
    151000   151000         459.70758     -543.46222      24416.567      25000.428      8412.2776      16588.151      3860.2789      4759.7873      4484.9664      465.17044     -682.9099       11100.193     -7399.3353     -539.7522       73665.568      41.920023      41.920023      41.920023      1.1702507     -801.25119      567.78959     -1396.9251    
    152000   152000         453.2147       609.55022      25524.28       24866.052      8293.4633      16572.589      3810.3799      4862.6323      4416.1087      434.49458     -628.91361      11075.137     -7397.2498     -536.99232      74044.172      41.991716      41.991716      41.991716      1.164267       2101.4317     -5.7079125     -267.07311    
    153000   153000         455.79667     -1801.3912      23011.134      24962.281      8340.7113      16621.57       3871.4864      4932.6782      4465.3106      423.53234     -751.75688      11079.533     -7399.2145     -535.36871      74268.726      42.034123      42.034123      42.034123      1.1607468     -2018.9071     -3341.2231     -44.043302    
    154000   154000         451.19681     -374.29818      24562.24       24964.691      8256.5374      16708.154      3916.5901      4745.9524      4581.1764      465.09006     -672.02679      11073.545     -7402.1736     -539.31063      73725.882      41.931461      41.931461      41.931461      1.1692933     -1317.5727     -487.44215      682.12031    
    155000   155000         451.86892      214.24682      25052.682      24822.878      8268.8365      16554.041      3897.3935      4816.4679      4409.4055      448.5956      -709.03283      11090.105     -7398.8938     -540.61922      73547.426      41.897601      41.897601      41.897601      1.1721305      61.349451      744.35549     -162.96446    
    156000   156000         447.37519     -142.43007      24548.335      24701.845      8186.6049      16515.24       3913.6674      4772.5929      4438.9137      438.63105     -734.28544      11083.868     -7398.1477     -538.02242      73902.407      41.9649        41.9649        41.9649        1.1665003      463.01168      308.36101     -1198.6629    
    157000   157000         457.32872     -245.24824      24739.979      25002.897      8368.7464      16634.15       3965.419       4708.6432      4461.7118      473.28769     -655.63135      11078.643     -7397.9236     -540.90611      73508.417      41.890192      41.890192      41.890192      1.1727525     -1274.6849     -414.18273      953.12292    
    158000   158000         448.8045      -1277.9604      23317.382      24689.006      8212.76        16476.246      3789.3253      4795.2581      4469.9056      469.74034     -744.66218      11093.691     -7397.0126     -540.27789      73593.89       41.906422      41.906422      41.906422      1.1713905     -1963.5711     -777.54456     -1092.7657    
    159000   159000         455.45876      271.29133      25285.9        24993.814      8334.5277      16659.286      3865.8603      4712.472       4561.2492      469.07371     -613.64422      11069.129     -7404.8539     -538.5924       73824.199      41.950092      41.950092      41.950092      1.1677361      199.01093      1273.5611     -658.69803    
    160000   160000         449.10975      199.34188      25020.385      24806.257      8218.3459      16587.912      3821.1878      4724.4047      4488.649       468.40612     -598.1628       11081.749     -7398.3217     -539.83545      73654.208      41.917868      41.917868      41.917868      1.1704312     -326.78083     -497.51514      1422.3216    
    161000   161000         461.71707     -81.099155      24959.325      25047.383      8449.0497      16598.333      3914.4908      4619.9509      4588.9642      472.17656     -675.594        11080.27      -7401.9255     -534.05311      74451.682      42.068611      42.068611      42.068611      1.1578944      381.08469     -1710.9569      1086.5748    
    162000   162000         451.29593      3054.5212      28152.025      24860.261      8258.3513      16601.91       3940.3328      4708.8308      4388.8452      453.27041     -586.28173      11093.323     -7396.4109     -538.08293      73894.096      41.963327      41.963327      41.963327      1.1666315      4193.8575      3252.442       1717.264     
    163000   163000         451.55853      293.05053      25265.293      24952.304      8263.1566      16689.147      3899.4406      4819.266       4499.7824      451.27168     -662.43365      11078.019     -7396.1986     -542.93585      73233.609      41.837926      41.837926      41.837926      1.1771533     -1429.6597      1635.8734      672.93787    
    164000   164000         458.84019      439.93043      25373.571      24897.854      8396.4051      16501.449      3799.495       4767.6845      4445.3221      455.42171     -628.92219      11061.478     -7399.0301     -536.254        74146.118      42.010979      42.010979      42.010979      1.1626662     -628.21471      2167.5466     -219.54063    
    165000   165000         450.39287      806.90187      25699.821      24836.695      8241.826       16594.869      3911.3364      4734.5731      4472.6444      461.02421     -671.11562      11085.937     -7399.5305     -542.1026       73346.174      41.859351      41.859351      41.859351      1.1753467      338.33513      2131.0851     -48.714603    
    166000   166000         450.83218      687.60525      25560.656      24820.463      8249.865       16570.598      3946.6421      4803.4776      4380.9051      452.10399     -703.9339       11091.818     -7400.4147     -538.67784      73812.489      41.947874      41.947874      41.947874      1.1679214      2884.1883     -1059.0589      237.6863     
    167000   167000         452.32824      267.75751      25251.108      24961.847      8277.2417      16684.605      3878.0406      4721.9783      4621.9512      461.42181     -662.46256      11070.039     -7406.3628     -536.76809      74075.104      41.997563      41.997563      41.997563      1.1637808     -157.85941     -724.95481      1686.0867    
    168000   168000         451.6651      -1091.877       23590.322      24769.172      8265.1067      16504.065      3777.0846      4780.6         4505.2776      459.4382      -690.90402      11071.98      -7399.4106     -537.09351      74030.223      41.989079      41.989079      41.989079      1.1644863     -350.57543     -1197.213      -1727.8424    
    169000   169000         453.18817      275.62317      25284.129      24988.651      8292.9778      16695.673      3889.8496      4810.9581      4538.5222      483.7462      -700.61291      11073.794     -7400.5843     -540.90974      73507.924      41.890099      41.890099      41.890099      1.1727604      1540.9433     -766.00145      51.927657    
    170000   170000         453.50374     -379.62327      24401.123      24814.066      8298.7523      16515.314      3792.3761      4766.8419      4495.395       462.0349      -682.65933      11083.055     -7401.7301     -533.08697      74586.615      42.09401       42.09401       42.09401       1.1557996      823.19047     -161.26658     -1800.7937    
    171000   171000         459.33993      1498.0978      26791.99       25173.065      8405.5499      16767.515      3863.0332      4944.7723      4431.2888      466.64002     -642.24099      11099.267     -7395.2455     -536.59697      74098.726      42.002027      42.002027      42.002027      1.1634098      2442.0903      679.10221      1373.1009    
    172000   172000         453.34057      135.38131      24977.795      24831.402      8295.7665      16535.636      3819.837       4884.9107      4339.2872      450.37463     -638.70673      11080.542     -7400.6092     -536.25979      74145.317      42.010828      42.010828      42.010828      1.1626787      935.43242     -140.52528     -388.76322    
    173000   173000         459.58702      100.39667      25123.072      25015.202      8410.0715      16605.13       3860.4192      4750.6609      4540.3162      454.89566     -691.25992      11090.91      -7400.812      -539.69967      73672.738      41.921383      41.921383      41.921383      1.1701368      1167.1276     -1749.4205      883.48299    
    174000   174000         462.43665     -731.06163      24139.977      24930.226      8462.2175      16468.008      3664.0314      4788.7931      4523.3066      468.61951     -653.36898      11079.359     -7402.7325     -536.44452      74119.784      42.006005      42.006005      42.006005      1.1630793     -1774.8378     -797.17859      378.83153    
    175000   175000         450.06405     -175.6921       24599.248      24787.482      8235.809       16551.673      3819.0006      4842.4966      4425.5379      448.52085     -668.35279      11084.552     -7400.0821     -541.23784      73463.364      41.881633      41.881633      41.881633      1.1734718     -1448.5707     -234.82855      1156.3229    
    176000   176000         450.26089     -541.93427      24387.874      24976.023      8239.4109      16736.612      3999.2558      4850.8679      4448.8631      435.37134     -671.08027      11070.154     -7396.8199     -534.31165      74415.656      42.061824      42.061824      42.061824      1.1584549      584.92297     -1036.2846     -1174.4412    
    177000   177000         445.34096     -107.09929      24536.935      24653.15       8149.3801      16503.77       3839.1172      4818.1045      4422.996       447.12127     -687.95411      11067.686     -7403.3006     -534.38851      74404.953      42.059808      42.059808      42.059808      1.1586216     -1367.7248     -293.12731      1339.5542    
    178000   178000         452.45636      1053.6109      25975.217      24841.963      8279.5862      16562.377      3924.2366      4672.2653      4473.1357      463.55362     -647.63802      11078.755     -7401.931      -539.12321      73751.512      41.936319      41.936319      41.936319      1.168887       3084.5908     -1131.7965      1208.0384    
    179000   179000         449.15702      1857.5238      26863.539      24861.308      8219.2109      16642.097      3951.8297      4881.5482      4283.5409      464.90638     -615.61124      11076.977     -7401.0935     -537.96641      73910.102      41.966357      41.966357      41.966357      1.1663789      3301.8943      1672.7394      597.93775    
    180000   180000         452.16668      2103.2342      27142.282      24878.451      8274.2854      16604.166      3908.751       4855.3927      4367.3038      451.6619      -650.73227      11075.953     -7404.1636     -538.73925      73804.074      41.946279      41.946279      41.946279      1.1680545      2818.9488      1719.6435      1771.1103    
    181000   181000         453.65308      295.72369      25156.012      24837.135      8301.4852      16535.65       3807.5397      4836.6453      4472.7595      463.32836     -714.03854      11071.584     -7402.1678     -537.7722       73936.793      41.971408      41.971408      41.971408      1.1659578     -2720.6242      1833.4217      1774.3736    
    182000   182000         446.75497     -276.59429      24328.089      24625.873      8175.2555      16450.618      3802.5127      4748.9472      4466.4378      446.34923     -681.3578       11069.481     -7401.7516     -538.61231      73821.469      41.949575      41.949575      41.949575      1.1677793     -1399.9015      481.73174      88.386868    
    183000   183000         443.73653     -224.94206      24405.024      24647.858      8120.0204      16527.838      3802.6434      4759.7535      4445.2318      452.16579     -603.24704      11072.689     -7401.399      -537.15113      74022.281      41.987578      41.987578      41.987578      1.1646113     -860.64233     -1700.8122      1886.6283    
    184000   184000         447.44879      870.77771      25685.05       24745.383      8187.9518      16557.431      3847.2994      4762.9566      4444.9891      472.03927     -677.38836      11106.896     -7399.3605     -537.36337      73993.045      41.982049      41.982049      41.982049      1.1650714      1443.5773     -313.87732      1482.6332    
    185000   185000         456.56186      116.56513      24964.584      24839.578      8354.7136      16484.865      3853.064       4741.1789      4441.9338      436.00377     -661.23045      11079.844     -7405.929      -540.72352      73533.24       41.894907      41.894907      41.894907      1.1723567      1339.8821     -370.89517     -619.29156    
    186000   186000         459.43853      1156.6737      26106.66       24860.729      8407.3543      16453.375      3824.8803      4718.7318      4422.8717      468.4882      -636.94785      11057.75      -7402.3989     -538.33393      73859.643      41.956804      41.956804      41.956804      1.1671757     -566.10921      1963.4104      2072.7199    
    187000   187000         454.22175     -541.19517      24256.137      24839.212      8311.8914      16527.321      3847.7932      4672.318       4507.1618      462.98222     -627.48969      11064.203     -7399.648      -538.22543      73874.532      41.959623      41.959623      41.959623      1.1669405     -1308.3207     -817.74895      502.48415    
    188000   188000         448.50735     -474.41283      24352.116      24861.215      8207.3225      16653.892      3930.8116      4769.1747      4494.1633      458.22471     -682.08417      11080.282     -7396.6799     -540.36734      73581.708      41.90411       41.90411       41.90411       1.1715844     -17.264258     -881.0739      -524.90034    
    189000   189000         453.18071      1038.069       26026.017      24893.47       8292.8411      16600.629      3867.5645      4728.8543      4456.4935      454.80636     -594.62065      11092.576     -7405.0451     -531.50179      74809.065      42.135816      42.135816      42.135816      1.1523628      806.16388     -351.43993      2659.4831    
    190000   190000         447.47077     -1002.7626      23673.864      24755.042      8188.354       16566.688      3784.1963      4820.4788      4551.7644      472.70643     -750.1501       11087.832     -7400.1406     -537.81891      73930.372      41.970193      41.970193      41.970193      1.1660591      538.26774     -1393.7593     -2152.7963    
    191000   191000         451.41425      201.84085      25013.077      24795.825      8260.5164      16535.309      3850.4601      4741.5836      4460.7242      465.88564     -643.53678      11061.675     -7401.4836     -538.74171      73803.738      41.946216      41.946216      41.946216      1.1680599      765.6032       86.966724     -247.04737    
    192000   192000         455.27448     -494.84169      24375.364      24911.819      8331.1555      16580.663      3812.059       4860.2948      4411.5781      447.45034     -654.20874      11098.954     -7395.4645     -534.89421      74334.609      42.046549      42.046549      42.046549      1.159718       2291.564      -2138.3811     -1637.7079    
    193000   193000         453.98094     -514.37662      24247.754      24800.33       8307.4848      16492.845      3838.6583      4753.2105      4435.49        451.63547     -667.07593      11082.245     -7401.318      -539.78902      73660.543      41.91907       41.91907       41.91907       1.1703305      225.21604      147.89445     -1916.2404    
    194000   194000         451.51852      273.7536       25171.124      24875.854      8262.4246      16613.429      3857.0473      4867.2218      4427.3092      437.98619     -663.193        11089.145     -7402.0879     -537.61974      73957.761      41.975375      41.975375      41.975375      1.1656273      853.39302     -445.99181      413.85959    
    195000   195000         443.76272     -702.13755      23990.881      24751.405      8120.4997      16630.905      3777.8503      4827.4873      4613.5433      456.80469     -702.34058      11061.957     -7404.3968     -535.3576       74270.268      42.034414      42.034414      42.034414      1.1607227     -86.98296      -2220.627       201.1973     
    196000   196000         449.37199     -3141.195       21378.755      24757.545      8223.1448      16534.4        3867.7612      4781.017       4560.7518      442.71154     -803.11387      11084.5       -7399.2276     -539.09897      73754.829      41.936948      41.936948      41.936948      1.1688344     -3691.9324     -2569.2156     -3162.4371    
    197000   197000         451.46395      822.4772       25785.03       24900.484      8261.426       16639.058      3850.591       4816.5116      4455.6844      456.80629     -628.80324      11088.841     -7400.5726     -539.18544      73743          41.934706      41.934706      41.934706      1.1690219      1374.3173     -483.97588      1577.0902    
    198000   198000         446.2825       1578.0554      26375.823      24674.317      8166.6095      16507.707      3802.4901      4802.7704      4384.3959      450.99476     -618.06549      11089.105     -7403.9834     -537.80323      73932.528      41.970601      41.970601      41.970601      1.1660251      1075.8983      2256.7531      1401.5147    
    199000   199000         454.20168      63.369085      25001.855      24933.337      8311.5242      16621.812      3878.9336      4828.6362      4422.3706      457.21552     -647.28383      11081.845     -7399.905      -536.29975      74139.792      42.009785      42.009785      42.009785      1.1627654      2637.2058     -107.31316     -2339.7854    
    200000   200000         453.68371     -813.6862       23950.684      24823.634      8302.0457      16521.588      3846.2453      4762.7087      4470.3335      454.53726     -702.15031      11090.904     -7400.99       -540.50848      73562.495      41.900462      41.900462      41.900462      1.1718904     -1092.9742      858.40685     -2206.4913    
    201000   201000         460.00499     -814.6522       24069.508      24948.405      8417.72        16530.685      3887.042       4780.7032      4404.7281      448.53041     -662.26287      11072.19      -7400.246      -537.4885       73975.819      41.978791      41.978791      41.978791      1.1653427      2056.4183     -903.23125     -3597.1437    
    202000   202000         444.50711      712.88636      25444.105      24673.723      8134.1213      16539.602      3810.862       4764.3543      4419.1767      448.5315      -579.3043       11076.466     -7400.4839     -536.59847      74098.519      42.001988      42.001988      42.001988      1.163413      -227.09408      811.60664      1554.1465    
    203000   203000         453.80728     -90.008268      24847.077      24943.88       8304.3069      16639.573      3825.8644      4846.3285      4494.9995      459.47123     -648.23332      11066.435     -7405.2928     -539.17465      73744.476      41.934986      41.934986      41.934986      1.1689985     -443.3323       2091.0979     -1917.7904    
    204000   204000         447.73454      99.279391      24937.451      24829.661      8193.1807      16636.48       3795.8638      4860.8072      4525.1099      473.32716     -701.1089       11082.458     -7399.9768     -534.08806      74446.809      42.067693      42.067693      42.067693      1.1579702     -591.99405     -489.9306       1379.7628    
    205000   205000         451.20447     -147.9855       24556.089      24716.265      8256.6776      16459.587      3878.7777      4816.281       4375.3496      429.72117     -713.08654      11075.676     -7403.1314     -535.74203      74216.973      42.024357      42.024357      42.024357      1.1615562      327.1234      -806.14536      35.065465    
    206000   206000         444.59676      2310.8582      27182.465      24710.329      8135.7618      16574.567      3859.9799      4751.5715      4472.7132      450.19403     -637.18541      11076.407     -7399.1136     -542.04548      73353.904      41.860821      41.860821      41.860821      1.1752228      3901.2669      1117.7468      1913.561     
    207000   207000         447.73551      85.697846      24654.899      24562.652      8193.1985      16369.454      3801.0605      4756.4172      4412.8493      426.72169     -708.98545      11078.212     -7396.8215     -538.70913      73808.202      41.947061      41.947061      41.947061      1.1679892      1185.9864      37.910917     -966.80377    
    208000   208000         450.49022      290.46955      24988.242      24674.083      8243.6074      16430.476      3707.5079      4772.7433      4416.1731      444.73464     -590.52176      11078.238     -7398.399      -536.15054      74160.425      42.013681      42.013681      42.013681      1.1624419     -1024.0848      3325.0527     -1429.5593    
    209000   209000         447.66387      1658.9218      26483.906      24692.786      8191.8875      16500.898      3875.2177      4862.693       4284.148       466.61663     -651.2484       11064.367     -7400.8959     -537.07623      74032.604      41.989529      41.989529      41.989529      1.1644489      2032.9062      4091.3613     -1147.5022    
    210000   210000         448.4425       916.87965      25732.142      24746.478      8206.1358      16540.342      3810.6925      4795.1208      4432.3586      458.10966     -634.13082      11079.819     -7401.6279     -539.40917      73712.414      41.928907      41.928907      41.928907      1.169507       1009.838       1312.7763      428.02465    
    211000   211000         452.41152     -929.07313      23622.522      24617.819      8278.7657      16339.054      3746.0408      4721.6668      4445.3245      471.95448     -721.6574       11076.624     -7400.9002     -541.29258      73455.934      41.880221      41.880221      41.880221      1.1735905      530.45365     -1339.5047     -1978.1684    
    212000   212000         446.26566     -742.19959      23743.598      24545.507      8166.3013      16379.205      3877.7528      4744.1137      4368.3796      438.85838     -720.20141      11068.876     -7398.5739     -536.69872      74084.678      41.999372      41.999372      41.999372      1.1636304     -1750.9881     -758.84176      283.23112    
    213000   213000         450.96597      8.8897846      24742.865      24733.351      8252.3132      16481.038      3775.4053      4758.865       4518.7917      459.72723     -702.31501      11070.12      -7399.5562     -541.80542      73386.406      41.867003      41.867003      41.867003      1.1747023      1292.7524      21.340499     -1287.4235    
    214000   214000         437.22305      1708.4205      26364.196      24521.784      8000.8289      16520.955      3899.2263      4855.135       4324.2444      454.62045     -698.28702      11085.586     -7399.5706     -537.70332      73946.264      41.9732        41.9732        41.9732        1.1658085      2536.9172      199.0577       2389.2866    
    215000   215000         448.35519      4211.6608      29265.558      24709.995      8204.5381      16505.457      3890.2059      4757.4619      4330.5838      455.7978      -611.96986      11085.795     -7402.4177     -536.10044      74167.356      42.01499       42.01499       42.01499       1.1623332      5912.6068      2939.5004      3782.8751    
    216000   216000         454.91456     -821.55402      24098.466      24986.29       8324.5694      16661.721      3858.6816      4836.0798      4445.4502      463.81154     -628.17162      11089.005     -7403.1359     -536.5919       74099.427      42.002159      42.002159      42.002159      1.1633988     -299.38627     -429.92216     -1735.3536    
    217000   217000         446.17945      1475.4156      26174.118      24602.271      8164.7238      16437.547      3776.016       4686.5607      4457.6172      468.17502     -626.70669      11076.063     -7400.1777     -544.30088      73049.95       41.802922      41.802922      41.802922      1.1801128      4565.9948      1029.8343     -1169.5824    
    218000   218000         448.63048      562.059        25265.836      24659.747      8209.5757      16450.171      3768.6517      4727.0114      4492.3329      453.11853     -672.39965      11085.042     -7403.5855     -537.74985      73939.866      41.971989      41.971989      41.971989      1.1659094     -1749.3039      998.02362      2437.4573    
    219000   219000         449.93263     -486.73579      24167.691      24692.57       8233.404       16459.166      3902.3468      4641.0577      4470.0151      450.13353     -681.14861      11075.704     -7398.9418     -537.73579      73941.8        41.972355      41.972355      41.972355      1.1658789     -731.01316     -1623.6116      894.41738    
    220000   220000         456.09644     -698.27368      24005.441      24754.371      8346.1967      16408.174      3767.575       4728.7965      4481.4271      458.74216     -717.27339      11081.524     -7392.6167     -540.65392      73542.705      41.896705      41.896705      41.896705      1.1722058     -1049.8316      1166.4878     -2211.4773    
    221000   221000         440.83599     -717.90522      23715.383      24484.451      8066.9428      16417.509      3792.9111      4796.8242      4482.6166      451.04099     -783.56736      11077.042     -7399.3595     -541.29907      73455.054      41.880053      41.880053      41.880053      1.1736045     -1040.3179      724.43906     -1837.8369    
    222000   222000         443.93213      2165.683       26886.197      24541.051      8123.5997      16417.451      3824.6689      4728.5497      4366.8625      445.81119     -655.89832      11100.421     -7392.9638     -535.50053      74250.444      42.030674      42.030674      42.030674      1.1610326      1599.7412      1920.1163      2977.1916    
    223000   223000         455.56236     -500.16643      24158.251      24694.836      8336.4235      16358.412      3710.4313      4751.3869      4452.1793      456.90847     -688.98727      11071.669     -7395.175      -540.51906      73561.054      41.900189      41.900189      41.900189      1.1719134     -2018.7062      172.63378      345.5731     
    224000   224000         446.12687     -1762.8169      22724.941      24615.942      8163.7616      16452.18       3742.9257      4673.8133      4614.2031      454.46891     -730.00914      11092.355     -7395.5767     -540.5681       73554.381      41.898922      41.898922      41.898922      1.1720197     -670.76959     -3330.9022     -1286.779     
    225000   225000         447.84962     -104.8499       24662.588      24775.118      8195.2866      16579.831      3860.4487      4716.8254      4600.5388      479.19092     -737.00917      11061.741     -7401.9043     -540.29835      73591.104      41.905894      41.905894      41.905894      1.1714348      1492.3321     -1356.9291     -449.95269    
    226000   226000         449.36658     -961.53369      23659.862      24702.498      8223.0458      16479.452      3863.298       4796.023       4381.1216      462.58034     -673.48771      11052.417     -7402.4997     -534.76958      74351.933      42.049815      42.049815      42.049815      1.1594478     -232.55503     -404.46695     -2247.5791    
    227000   227000         446.44715      385.33315      24856.055      24444.168      8169.6225      16274.545      3794.8974      4666.4763      4406.5991      440.86177     -723.9038       11088.867     -7399.252      -542.49174      73293.562      41.84934       41.84934       41.84934       1.1761904      28.032794      663.67094      464.29573    
    228000   228000         449.08799      1329.8287      26060.58       24633.677      8217.9478      16415.73       3835.429       4676.1338      4425.5242      457.32447     -639.49547      11064.245     -7403.4316     -540.42619      73573.696      41.902589      41.902589      41.902589      1.171712       1736.2804      2036.1821      217.02354    
    229000   229000         446.49171      789.32535      25394.726      24548.096      8170.4378      16377.658      3845.5881      4755.3098      4382.0627      443.14949     -724.27869      11077.035     -7401.2082     -540.62629      73546.464      41.897419      41.897419      41.897419      1.1721459      284.3993       2034.9342      48.642566    
    230000   230000         448.80859     -1774.3003      22960.437      24873.279      8212.835       16660.444      3856.0009      4823.1604      4568.9958      457.32702     -735.41601      11089.97      -7399.5932     -537.87675      73922.422      41.968688      41.968688      41.968688      1.1661845     -1765.7894     -1890.2189     -1666.8925    
    231000   231000         446.15765      827.92912      25441.966      24552.902      8164.3249      16388.577      3743.3676      4816.1273      4401.8262      442.26763     -702.58583      11090.24      -7402.6659     -540.00174      73631.526      41.913565      41.913565      41.913565      1.1707918     -116.12435      927.30889      1672.6028    
    232000   232000         445.86756     -1480.7196      23264.716      24853.935      8159.0164      16694.918      3894.2055      4859.2045      4529.5442      447.48944     -698.10286      11065.273     -7402.695      -540.28633      73592.741      41.906204      41.906204      41.906204      1.1714088     -362.96063     -3266.6456     -812.55266    
    233000   233000         445.81517      179.69259      24728.469      24536.643      8158.0579      16378.585      3894.1812      4763.9705      4305.3218      451.61726     -715.48934      11082.196     -7403.2124     -543.19778      73198.297      41.8312        41.8312        41.8312        1.1777212     -389.31139      527.85477      400.5344     
    234000   234000         440.27164     -2057.8449      22267.607      24486.989      8056.6156      16430.374      3769.9841      4808.3293      4509.8336      439.90178     -768.40025      11072.265     -7401.54       -537.66954      73950.911      41.974079      41.974079      41.974079      1.1657352     -1731.5117     -1989.9769     -2452.0461    
    235000   235000         446.7202       695.1026       25357.623      24609.64       8174.6192      16435.021      3853.2075      4721.771       4386.6328      437.48937     -639.76924      11075.718     -7400.029      -538.8799       73784.812      41.94263       41.94263       41.94263       1.1683595      14.643279      1522.379       548.2855     
    236000   236000         444.43953      867.24179      25425.327      24493.353      8132.8846      16360.469      3731.4567      4786.1864      4445.8998      465.37778     -755.85582      11085.072     -7397.6687     -539.59929      73686.443      41.923982      41.923982      41.923982      1.1699192      1086.7882      646.36648      868.5707     
    237000   237000         444.06042      1597.8935      26386.317      24675.569      8125.9474      16549.621      3841.6726      4844.9519      4342.9775      477.70559     -618.15285      11063.273     -7402.8067     -541.62223      73411.225      41.871722      41.871722      41.871722      1.1743052     -386.28451      3217.2892      1962.6758    
    238000   238000         450.00052      908.0814       25751.927      24769          8234.6463      16534.354      3855.913       4731.437       4535.4981      446.92066     -681.39311      11052.623     -7406.6453     -535.72083      74219.91       42.024912      42.024912      42.024912      1.1615102      1453.061      -316.56018      1587.7434    
    239000   239000         441.51284     -1454.6635      22915.227      24474.218      8079.3286      16394.889      3761.2414      4653.9417      4605.4375      451.52893     -755.57003      11079.781     -7401.4717     -541.07063      73486.066      41.885946      41.885946      41.885946      1.1731092     -1176.2643     -935.83597     -2251.8901    
    240000   240000         444.39755      2581.7743      27253.878      24500.389      8132.1165      16368.272      3826.856       4735.5769      4407.3096      431.44068     -701.12255      11071.712     -7403.5008     -543.71298      73128.936      41.817983      41.817983      41.817983      1.1788382      5233.3492      1304.973       1207.0006    
    241000   241000         445.66133      614.01592      25278.975      24622.694      8155.2427      16467.452      3887.9961      4767.3011      4414.8474      446.4205      -724.15405      11074.8       -7399.7591     -542.53164      73288.172      41.848314      41.848314      41.848314      1.1762769     -300.6996       1600.3764      542.37097    
    242000   242000         450.27542      1214.3283      25904.667      24603.224      8239.6767      16363.548      3729.1764      4821.1664      4406.0387      449.19306     -720.18825      11083.941     -7405.7791     -541.06079      73487.402      41.8862        41.8862        41.8862        1.1730879      373.64179      2666.4874      602.85571    
    243000   243000         442.08908     -2061.5625      22486.043      24705.494      8089.8733      16615.621      3861.7903      4763.6811      4607.0999      434.38612     -730.83916      11076.056     -7396.5539     -538.62409      73819.855      41.949269      41.949269      41.949269      1.1678048     -2600.6422     -1810.667      -1773.3781    
    244000   244000         441.36401     -1473.7361      22835.871      24417.412      8076.6052      16340.807      3720.7526      4775.4461      4474.7589      454.7896      -758.57087      11073.753     -7400.1224     -540.34879      73584.234      41.904589      41.904589      41.904589      1.1715442     -576.20342     -1670.149      -2174.8559    
    245000   245000         439.36433     -825.79214      23666.43       24557.984      8040.0125      16517.972      3774.6872      4694.1028      4633.5041      450.78493     -705.65294      11068.528     -7397.9827     -537.10319      74028.888      41.988827      41.988827      41.988827      1.1645073     -1054.5155     -415.46548     -1007.3955    
    246000   246000         439.83218      510.91184      24950.846      24402.51       8048.5739      16353.936      3706.2982      4820.5521      4425.2767      442.30302     -708.35497      11068.036     -7400.1748     -540.29932      73590.972      41.905869      41.905869      41.905869      1.1714369      117.03066      1724.9009     -309.19608    
    247000   247000         443.36851      867.83849      25471.707      24542.289      8113.2859      16429.003      3853.7962      4788.9566      4380.7846      446.71068     -710.46408      11072.848     -7403.6289     -541.4555       73433.832      41.87602       41.87602       41.87602       1.1739437      1269.0286     -304.71123      1639.1981    
    248000   248000         442.99753      514.86222      24963.828      24413.802      8106.4973      16307.305      3730.9035      4716.0279      4456.7638      456.90548     -720.97633      11071.327     -7403.6461     -542.80374      73251.433      41.84132       41.84132       41.84132       1.1768668      994.1         -1957.4104      2507.8971    
    249000   249000         438.55122     -868.21225      23515.574      24450.251      8025.1334      16425.117      3759.4014      4875.8934      4405.2876      433.41089     -730.63649      11076.47      -7394.7092     -538.64088      73817.554      41.948833      41.948833      41.948833      1.1678412     -482.93379     -1702.0549     -419.64809    
    250000   250000         445.26643     -91.86277       24462.177      24560.863      8148.0164      16412.847      3720.2925      4832.9951      4442.4711      451.8709      -714.92122      11076.658     -7396.5196     -539.78368      73661.27       41.919208      41.919208      41.919208      1.170319       1358.7066     -1173.6427     -460.65221    
Loop time of 499.228 on 1 procs for 250000 steps with 6140 atoms

Performance: 43.267 ns/day, 0.555 hours/ns, 500.773 timesteps/s, 3.075 Matom-step/s
100.0% CPU use with 1 MPI tasks x 1 OpenMP threads

MPI task timing breakdown:
Section |  min time  |  avg time  |  max time  |%varavg| %total
---------------------------------------------------------------
Pair    | 50.58      | 50.58      | 50.58      |   0.0 | 10.13
Bond    | 66.003     | 66.003     | 66.003     |   0.0 | 13.22
Kspace  | 236.98     | 236.98     | 236.98     |   0.0 | 47.47
Neigh   | 47.622     | 47.622     | 47.622     |   0.0 |  9.54
Comm    | 8.6243     | 8.6243     | 8.6243     |   0.0 |  1.73
Output  | 2.1166     | 2.1166     | 2.1166     |   0.0 |  0.42
Modify  | 77.469     | 77.469     | 77.469     |   0.0 | 15.52
Other   |            | 9.829      |            |       |  1.97

Nlocal:           6140 ave        6140 max        6140 min
Histogram: 1 0 0 0 0 0 0 0 0 0
Nghost:          16535 ave       16535 max       16535 min
Histogram: 1 0 0 0 0 0 0 0 0 0
Neighs:              0 ave           0 max           0 min
Histogram: 1 0 0 0 0 0 0 0 0 0
FullNghs:    3.257e+06 ave   3.257e+06 max   3.257e+06 min
Histogram: 1 0 0 0 0 0 0 0 0 0

Total # of neighbors = 3256996
Ave neighs/atom = 530.45537
Ave special neighs/atom = 5.6319218
Neighbor list builds = 11208
Dangerous builds = 0

# --- Cleanup ---
unfix npt_fix

undump dump_npt

# --- Write Output ---
write_dump all custom cool_block_13_last.dump id type mol x y z xu yu zu vx vy vz modify sort id
write_data /home/alexzhao/PolyJarvis/data/PEEK_3/attempts/cooling/attempt-0001/work/cool_block_13/cool_block_13_out.data
System init for write_data ...
PPPM Kokkos initialization ...
  using 12-bit tables for long-range coulomb
  G vector (1/distance) = 0.30644659
  grid = 32 32 32
  stencil order = 5
  estimated absolute RMS force accuracy = 0.00039061199
  estimated relative force accuracy = 1.1763164e-06
  using double precision cuFFT
  3d grid and FFT values/proc = 59319 32768
Generated 21 of 21 mixed pair_coeff terms from sixthpower/sixthpower mixing rule
write_restart /home/alexzhao/PolyJarvis/data/PEEK_3/attempts/cooling/attempt-0001/work/cool_block_13/cool_block_13_out.restart
System init for write_restart ...
PPPM Kokkos initialization ...
  using 12-bit tables for long-range coulomb
  G vector (1/distance) = 0.30644659
  grid = 32 32 32
  stencil order = 5
  estimated absolute RMS force accuracy = 0.00039061199
  estimated relative force accuracy = 1.1763164e-06
  using double precision cuFFT
  3d grid and FFT values/proc = 59319 32768
Generated 21 of 21 mixed pair_coeff terms from sixthpower/sixthpower mixing rule

print "STAGE COMPLETE: NPT T=470.0->445.0K P=1.0->1.0atm steps=250000"
STAGE COMPLETE: NPT T=470.0->445.0K P=1.0->1.0atm steps=250000
quit
