units real
atom_style full
boundary p p p

# --- Force Field Styles ---
pair_style lj/class2/coul/long 9.5 9.5
kspace_style pppm 1e-6
dielectric 1.000000
bond_style class2
angle_style class2
dihedral_style class2
improper_style class2
special_bonds lj/coul 0 0 1
pair_modify mix sixthpower tail yes
neighbor 2.0 bin
neigh_modify delay 0 every 1 check yes
neigh_modify one 4000
# KOKKOS: package loaded via -pk kokkos on the command line

read_data /home/alexzhao/PolyJarvis/data/PSU_3/attempts/equilibration/attempt-0001/work/minimize/minimize_out.data
Reading data file ...
  orthogonal box = (0 0 0) to (52.20571 52.20571 52.20571)
  1 by 1 by 1 MPI processor grid
  reading atoms ...
  6500 atoms
  reading velocities ...
  6500 velocities
  scanning bonds ...
  4 = max bonds/atom
  scanning angles ...
  16 = max angles/atom
  scanning dihedrals ...
  38 = max dihedrals/atom
  scanning impropers ...
  12 = max impropers/atom
  orthogonal box = (0 0 0) to (52.20571 52.20571 52.20571)
  1 by 1 by 1 MPI processor grid
  reading bonds ...
  6970 bonds
  reading angles ...
  11760 angles
  reading dihedrals ...
  17500 dihedrals
  reading impropers ...
  4800 impropers
Finding 1-2 1-3 1-4 neighbors ...
  special bond factors lj:    0        0        1       
  special bond factors coul:  0        0        1       
     4 = max # of 1-2 neighbors
    10 = max # of 1-3 neighbors
    14 = max # of special neighbors
  special bonds CPU = 0.003 seconds
  read_data CPU = 0.241 seconds
include /home/alexzhao/PolyJarvis/data/PSU_3/attempts/build/attempt-0001/work/cell/emc_build.params
# LAMMPS parameters created by EMC v9.4.4, build Jul 21 2026 07:58:38

# Variables

variable	seed		index	675306
variable	ntotal		index	6500
variable	fshape		index	1
variable	output		index	emc_build
variable	field		index	pcff/pcff
variable	location1	index	~/emc/field/
variable	nav		index	0.6022141179
variable	temperature	index	300
variable	radius		index	5
variable	nrelax		index	100
variable	weight_nonbond	index	0.0001
variable	weight_bond	index	0.0001
variable	weight_focus	index	1
variable	cutoff		index	9.5
variable	charge_cutoff	index	9.5
variable	kappa		index	4
variable	density1	index	0.62
variable	lprevious	index	0
variable	lphase		index	52.2057099023
variable	f_poly		index	10
variable	chem_repeat	index	*Oc1ccc(C(C)(C)c2ccc(Oc3ccc(S(=O)(=O)c4ccc(*)cc4)cc3)cc2)cc1
variable	chem_cap	index	*[H]
variable	lg_repeat	index	54
variable	lg_cap		index	1
variable	norm_poly	index	100
variable	l_poly		index	650
variable	mg_repeat	index	414.52744
variable	mg_cap		index	0
variable	m_poly		index	4974.32928
variable	n_poly		index	10
variable	mtotal		index	53124.7182
variable	nphase1		index	6500
variable	mphase1		index	53124.7182
variable	vphase1		index	142283.328816
variable	lbox		index	52.2057099023
variable	lphase1		index	52.2057099023
variable	lxx		index	52.2057099023
variable	lyy		index	52.2057099023
variable	lzz		index	52.2057099023
variable	lzy		index	0
variable	lzx		index	0
variable	lyx		index	0
variable	vtotal		index	142283.328816
variable	nl_poly		index	10

# Types

variable	type_c		index	1
variable	type_cp		index	2
variable	type_hc		index	3
variable	type_ho		index	4
variable	type_oe		index	5
variable	type_oc		index	6
variable	type_oh		index	7
variable	type_sf		index	8

variable	type_bond_c_c	index	1
variable	type_bond_c_cp	index	2
variable	type_bond_c_hc	index	3
variable	type_bond_cp_cp	index	4
variable	type_bond_cp_hc	index	5
variable	type_bond_cp_oc	index	6
variable	type_bond_cp_oh	index	7
variable	type_bond_cp_sf	index	8
variable	type_bond_ho_oh	index	9
variable	type_bond_oe_sf	index	10

variable	type_angle_c_c_c index	1
variable	type_angle_c_c_cp index	2
variable	type_angle_c_c_hc index	3
variable	type_angle_c_cp_cp index	4
variable	type_angle_cp_c_cp index	5
variable	type_angle_cp_cp_cp index	6
variable	type_angle_cp_cp_hc index	7
variable	type_angle_cp_cp_oc index	8
variable	type_angle_cp_cp_oh index	9
variable	type_angle_cp_cp_sf index	10
variable	type_angle_cp_oc_cp index	11
variable	type_angle_cp_oh_ho index	12
variable	type_angle_cp_sf_cp index	13
variable	type_angle_cp_sf_oe index	14
variable	type_angle_hc_c_hc index	15
variable	type_angle_oe_sf_oe index	16

# Clusters

variable	n0_poly		index	1
variable	n1_poly		index	10
variable	nl_poly		index	10

# Flags

variable	flag_charged	index	1

# Masses

mass		1    12.01115  # c
mass		2    12.01115  # cp
mass		3     1.00797  # hc
mass		4     1.00797  # ho
mass		5    15.99940  # o=
mass		6    15.99940  # oc
mass		7    15.99940  # oh
mass		8    32.06400  # sf

# Potentials

pair_modify	mix sixthpower tail yes
special_bonds	lj/coul 0 0 1

# Pair Coeffs

pair_coeff	 1  1    0.05400    4.01000  # c,c
pair_coeff	 2  2    0.06400    4.01000  # cp,cp
pair_coeff	 3  3    0.02000    2.99500  # hc,hc
pair_coeff	 4  4    0.01300    1.09800  # ho,ho
pair_coeff	 5  5    0.06000    3.53500  # o=,o=
pair_coeff	 6  6    0.24000    3.53500  # oc,oc
pair_coeff	 7  7    0.24000    3.53500  # oh,oh
pair_coeff	 8  8    0.25000    4.02700  # sf,sf

# Bond Coeffs

bond_coeff	 1    1.53000  299.67000 -501.77000  679.81000  # c,c
bond_coeff	 2    1.50100  321.90210 -521.82080  572.16280  # c,cp
bond_coeff	 3    1.10100  345.00000 -691.89000  844.60000  # c,hc
bond_coeff	 4    1.41700  470.83610 -627.61790 1327.63450  # cp,cp
bond_coeff	 5    1.09820  372.82510 -803.45260  894.31730  # cp,hc
bond_coeff	 6    1.37680  428.87980 -738.23510 1114.96550  # cp,oc
bond_coeff	 7    1.37680  428.87980 -738.23510 1114.96550  # cp,oh
bond_coeff	 8    1.72000  239.80240    0.00000    0.00000  # cp,sf
bond_coeff	 9    0.96500  532.50620 -1282.90500 2004.76580  # ho,oh
bond_coeff	10    1.43080  743.76000    0.00000    0.00000  # o=,sf

# Angle Coeffs

angle_coeff	 1  112.67000   39.51600   -7.44300   -9.55830  # c,c,c
angle_coeff	 2  108.40000   43.95940   -8.39240   -9.33790  # c,c,cp
angle_coeff	 3  110.77000   41.45300  -10.60400    5.12900  # c,c,hc
angle_coeff	 4  120.05000   44.71480  -22.73520    0.00000  # c,cp,cp
angle_coeff	 5  111.00000   44.32340   -9.44540    0.00000  # cp,c,cp
angle_coeff	 6  118.90000   61.02260  -34.99310    0.00000  # cp,cp,cp
angle_coeff	 7  117.94000   35.15580  -12.46820    0.00000  # cp,cp,hc
angle_coeff	 8  123.42000   73.67810  -21.67870    0.00000  # cp,cp,oc
angle_coeff	 9  123.42000   73.67810  -21.67870    0.00000  # cp,cp,oh
angle_coeff	10  120.00000   60.00000    0.00000    0.00000  # cp,cp,sf
angle_coeff	11  109.50000   60.00000    0.00000    0.00000  # cp,oc,cp
angle_coeff	12  108.19000   53.12500   -8.50160    0.00000  # cp,oh,ho
angle_coeff	13  102.00000   58.00000    0.00000    0.00000  # cp,sf,cp
angle_coeff	14  113.10000   42.30000    0.00000    0.00000  # cp,sf,o=
angle_coeff	15  107.66000   39.64100  -12.92100   -2.43180  # hc,c,hc
angle_coeff	16  119.32900  135.00000    0.00000    0.00000  # o=,sf,o=

# BondBond Coeffs

angle_coeff	 1 bb    0.00000    1.53000    1.53000  # c,c,c
angle_coeff	 2 bb    0.00000    1.53000    1.50100  # c,c,cp
angle_coeff	 3 bb    3.38720    1.53000    1.10100  # c,c,hc
angle_coeff	 4 bb   12.06760    1.50100    1.41700  # c,cp,cp
angle_coeff	 5 bb    0.00000    1.50100    1.50100  # cp,c,cp
angle_coeff	 6 bb   68.28560    1.41700    1.41700  # cp,cp,cp
angle_coeff	 7 bb    1.07950    1.41700    1.09820  # cp,cp,hc
angle_coeff	 8 bb   48.47540    1.41700    1.37680  # cp,cp,oc
angle_coeff	 9 bb   48.47540    1.41700    1.37680  # cp,cp,oh
angle_coeff	10 bb    0.00000    1.41700    1.72000  # cp,cp,sf
angle_coeff	11 bb    0.00000    1.37680    1.37680  # cp,oc,cp
angle_coeff	12 bb   20.65770    1.37680    0.96500  # cp,oh,ho
angle_coeff	13 bb    0.00000    1.72000    1.72000  # cp,sf,cp
angle_coeff	14 bb    0.00000    1.72000    1.43080  # cp,sf,o=
angle_coeff	15 bb    5.33160    1.10100    1.10100  # hc,c,hc
angle_coeff	16 bb   40.00000    1.43080    1.43080  # o=,sf,o=

# BondAngle Coeffs

angle_coeff	 1 ba    8.01600    8.01600    1.53000    1.53000  # c,c,c
angle_coeff	 2 ba    0.00000    0.00000    1.53000    1.50100  # c,c,cp
angle_coeff	 3 ba   20.75400   11.42100    1.53000    1.10100  # c,c,hc
angle_coeff	 4 ba   47.05790   31.07710    1.50100    1.41700  # c,cp,cp
angle_coeff	 5 ba    0.00000    0.00000    1.50100    1.50100  # cp,c,cp
angle_coeff	 6 ba   28.87080   28.87080    1.41700    1.41700  # cp,cp,cp
angle_coeff	 7 ba   20.00330   24.21830    1.41700    1.09820  # cp,cp,hc
angle_coeff	 8 ba   58.47900  107.68060    1.41700    1.37680  # cp,cp,oc
angle_coeff	 9 ba   58.47900  107.68060    1.41700    1.37680  # cp,cp,oh
angle_coeff	10 ba    0.00000    0.00000    1.41700    1.72000  # cp,cp,sf
angle_coeff	11 ba    0.00000    0.00000    1.37680    1.37680  # cp,oc,cp
angle_coeff	12 ba   53.86140   23.92240    1.37680    0.96500  # cp,oh,ho
angle_coeff	13 ba    0.00000    0.00000    1.72000    1.72000  # cp,sf,cp
angle_coeff	14 ba    0.00000    0.00000    1.72000    1.43080  # cp,sf,o=
angle_coeff	15 ba   18.10300   18.10300    1.10100    1.10100  # hc,c,hc
angle_coeff	16 ba    0.00000    0.00000    1.43080    1.43080  # o=,sf,o=

# Dihedral Coeffs

dihedral_coeff	 1    0.00000    0.00000    0.03160    0.00000   -0.16810    0.00000  # c,c,c,hc
dihedral_coeff	 2   -0.28020    0.00000   -0.06780    0.00000   -0.01220    0.00000  # c,c,cp,cp
dihedral_coeff	 3    0.00000    0.00000    4.40720    0.00000    0.00000    0.00000  # c,cp,cp,cp
dihedral_coeff	 4    0.00000    0.00000    1.55900    0.00000    0.00000    0.00000  # c,cp,cp,hc
dihedral_coeff	 5   -0.02280    0.00000    0.02800    0.00000   -0.18630    0.00000  # cp,c,c,hc
dihedral_coeff	 6   -0.28020    0.00000   -0.06780    0.00000   -0.01220    0.00000  # cp,c,cp,cp
dihedral_coeff	 7    8.36670    0.00000    1.19320    0.00000    0.00000    0.00000  # cp,cp,cp,cp
dihedral_coeff	 8    0.00000    0.00000    3.96610    0.00000    0.00000    0.00000  # cp,cp,cp,hc
dihedral_coeff	 9    0.00000    0.00000    4.84980    0.00000    0.00000    0.00000  # cp,cp,cp,oc
dihedral_coeff	10    0.00000    0.00000    4.84980    0.00000    0.00000    0.00000  # cp,cp,cp,oh
dihedral_coeff	11    0.00000    0.00000    3.00000    0.00000    0.00000    0.00000  # cp,cp,cp,sf
dihedral_coeff	12    0.00000    0.00000    1.80000    0.00000    0.00000    0.00000  # cp,cp,oc,cp
dihedral_coeff	13   -0.69000    0.00000    0.50970    0.00000    0.00950    0.00000  # cp,cp,oh,ho
dihedral_coeff	14    0.00000    0.00000    1.50000    0.00000    0.00000    0.00000  # cp,cp,sf,cp
dihedral_coeff	15    0.00000    0.00000    1.50000    0.00000    0.00000    0.00000  # cp,cp,sf,o=
dihedral_coeff	16    0.00000    0.00000    1.87690    0.00000    0.00000    0.00000  # hc,cp,cp,hc
dihedral_coeff	17    0.00000    0.00000    1.72340    0.00000    0.00000    0.00000  # hc,cp,cp,oc
dihedral_coeff	18    0.00000    0.00000    1.72340    0.00000    0.00000    0.00000  # hc,cp,cp,oh
dihedral_coeff	19    0.00000    0.00000    3.00000    0.00000    0.00000    0.00000  # hc,cp,cp,sf

# MiddleBondTorsion Coeffs

dihedral_coeff	 1 mbt  -14.87900   -3.65810   -0.31380    1.53000  # c,c,c,hc
dihedral_coeff	 2 mbt    0.00000    0.00000    0.00000    1.50100  # c,c,cp,cp
dihedral_coeff	 3 mbt    0.00000    9.17920    0.00000    1.41700  # c,cp,cp,cp
dihedral_coeff	 4 mbt    0.00000    3.94210    0.00000    1.41700  # c,cp,cp,hc
dihedral_coeff	 5 mbt    0.00000    0.00000    0.00000    1.53000  # cp,c,c,hc
dihedral_coeff	 6 mbt    0.00000    0.00000    0.00000    1.50100  # cp,c,cp,cp
dihedral_coeff	 7 mbt   27.59890   -2.31200    0.00000    1.41700  # cp,cp,cp,cp
dihedral_coeff	 8 mbt    0.00000   -1.15210    0.00000    1.41700  # cp,cp,cp,hc
dihedral_coeff	 9 mbt    0.00000    4.82550    0.00000    1.41700  # cp,cp,cp,oc
dihedral_coeff	10 mbt    0.00000    4.82550    0.00000    1.41700  # cp,cp,cp,oh
dihedral_coeff	11 mbt    0.00000    0.00000    0.00000    1.41700  # cp,cp,cp,sf
dihedral_coeff	12 mbt    0.00000    0.00000    0.00000    1.37680  # cp,cp,oc,cp
dihedral_coeff	13 mbt    1.15800    3.26970    3.51320    1.37680  # cp,cp,oh,ho
dihedral_coeff	14 mbt    0.00000    0.00000    0.00000    1.72000  # cp,cp,sf,cp
dihedral_coeff	15 mbt    0.00000    0.00000    0.00000    1.72000  # cp,cp,sf,o=
dihedral_coeff	16 mbt    0.00000    4.82280    0.00000    1.41700  # hc,cp,cp,hc
dihedral_coeff	17 mbt    0.00000    5.54320    0.00000    1.41700  # hc,cp,cp,oc
dihedral_coeff	18 mbt    0.00000    5.54320    0.00000    1.41700  # hc,cp,cp,oh
dihedral_coeff	19 mbt    0.00000    0.00000    0.00000    1.41700  # hc,cp,cp,sf

# EndBondTorsion Coeffs

dihedral_coeff	 1 ebt    0.24860    0.24220   -0.09250    0.08140    0.05910    0.22190    1.53000    1.10100  # c,c,c,hc
dihedral_coeff	 2 ebt    0.00000    0.00000    0.00000    0.00000    0.00000    0.00000    1.53000    1.41700  # c,c,cp,cp
dihedral_coeff	 3 ebt    0.00000    0.24210    0.00000    0.00000   -0.69180    0.00000    1.50100    1.41700  # c,cp,cp,cp
dihedral_coeff	 4 ebt    0.00000   -1.79700    0.00000    0.00000   -0.48790    0.00000    1.50100    1.09820  # c,cp,cp,hc
dihedral_coeff	 5 ebt    0.00000    0.00000    0.00000    0.00000    0.00000    0.00000    1.50100    1.10100  # cp,c,c,hc
dihedral_coeff	 6 ebt    0.00000    0.00000    0.00000    0.00000    0.00000    0.00000    1.50100    1.41700  # cp,c,cp,cp
dihedral_coeff	 7 ebt   -0.11850    6.32040    0.00000   -0.11850    6.32040    0.00000    1.41700    1.41700  # cp,cp,cp,cp
dihedral_coeff	 8 ebt    0.00000   -6.89580    0.00000    0.00000   -0.46690    0.00000    1.41700    1.09820  # cp,cp,cp,hc
dihedral_coeff	 9 ebt    0.00000    0.26550    0.00000    0.00000    4.89050    0.00000    1.41700    1.37680  # cp,cp,cp,oc
dihedral_coeff	10 ebt    0.00000    0.26550    0.00000    0.00000    4.89050    0.00000    1.41700    1.37680  # cp,cp,cp,oh
dihedral_coeff	11 ebt    0.00000    0.00000    0.00000    0.00000    0.00000    0.00000    1.41700    1.72000  # cp,cp,cp,sf
dihedral_coeff	12 ebt    0.00000    0.00000    0.00000    0.00000    0.00000    0.00000    1.41700    1.37680  # cp,cp,oc,cp
dihedral_coeff	13 ebt    0.90000   -1.34560    1.19000    3.41320    0.58730   -0.13230    1.41700    0.96500  # cp,cp,oh,ho
dihedral_coeff	14 ebt    0.00000    0.00000    0.00000    0.00000    0.00000    0.00000    1.41700    1.72000  # cp,cp,sf,cp
dihedral_coeff	15 ebt    0.00000    0.00000    0.00000    0.00000    0.00000    0.00000    1.41700    1.43080  # cp,cp,sf,o=
dihedral_coeff	16 ebt    0.00000   -0.68900    0.00000    0.00000   -0.68900    0.00000    1.09820    1.09820  # hc,cp,cp,hc
dihedral_coeff	17 ebt    0.00000   -1.58670    0.00000    0.00000    4.26410    0.00000    1.09820    1.37680  # hc,cp,cp,oc
dihedral_coeff	18 ebt    0.00000   -1.58670    0.00000    0.00000    4.26410    0.00000    1.09820    1.37680  # hc,cp,cp,oh
dihedral_coeff	19 ebt    0.00000    0.00000    0.00000    0.00000    0.00000    0.00000    1.09820    1.72000  # hc,cp,cp,sf

# AngleTorsion Coeffs

dihedral_coeff	 1 at   -0.24540    0.00000   -0.11360    0.31130    0.45160   -0.19880  112.67000  110.77000  # c,c,c,hc
dihedral_coeff	 2 at    0.00000    0.00000    0.00000    0.00000    0.00000    0.00000  108.40000  120.05000  # c,c,cp,cp
dihedral_coeff	 3 at    0.00000   -4.46830    0.00000    0.00000    3.89870    0.00000  120.05000  118.90000  # c,cp,cp,cp
dihedral_coeff	 4 at    0.00000   -0.12420    0.00000    0.00000    3.46010    0.00000  120.05000  117.94000  # c,cp,cp,hc
dihedral_coeff	 5 at    0.00000    0.00000    0.00000    0.00000    0.00000    0.00000  108.40000  110.77000  # cp,c,c,hc
dihedral_coeff	 6 at    0.00000    0.00000    0.00000    0.00000    0.00000    0.00000  111.00000  120.05000  # cp,c,cp,cp
dihedral_coeff	 7 at    1.97670    1.02390    0.00000    1.97670    1.02390    0.00000  118.90000  118.90000  # cp,cp,cp,cp
dihedral_coeff	 8 at    0.00000    2.50140    0.00000    0.00000    2.71470    0.00000  118.90000  117.94000  # cp,cp,cp,hc
dihedral_coeff	 9 at    0.00000   10.01550    0.00000    0.00000    1.74040    0.00000  118.90000  123.42000  # cp,cp,cp,oc
dihedral_coeff	10 at    0.00000   10.01550    0.00000    0.00000    1.74040    0.00000  118.90000  123.42000  # cp,cp,cp,oh
dihedral_coeff	11 at    0.00000    0.00000    0.00000    0.00000    0.00000    0.00000  118.90000  120.00000  # cp,cp,cp,sf
dihedral_coeff	12 at    0.00000    0.00000    0.00000    0.00000    0.00000    0.00000  123.42000  109.50000  # cp,cp,oc,cp
dihedral_coeff	13 at   -5.13600   -1.01220    0.00000    4.68520    0.02300   -0.59800  123.42000  108.19000  # cp,cp,oh,ho
dihedral_coeff	14 at    0.00000    0.00000    0.00000    0.00000    0.00000    0.00000  120.00000  102.00000  # cp,cp,sf,cp
dihedral_coeff	15 at    0.00000    0.00000    0.00000    0.00000    0.00000    0.00000  120.00000  113.10000  # cp,cp,sf,o=
dihedral_coeff	16 at    0.00000    2.45010    0.00000    0.00000    2.45010    0.00000  117.94000  117.94000  # hc,cp,cp,hc
dihedral_coeff	17 at    0.00000    1.87290    0.00000    0.00000    2.57060    0.00000  117.94000  123.42000  # hc,cp,cp,oc
dihedral_coeff	18 at    0.00000    1.87290    0.00000    0.00000    2.57060    0.00000  117.94000  123.42000  # hc,cp,cp,oh
dihedral_coeff	19 at    0.00000    0.00000    0.00000    0.00000    0.00000    0.00000  117.94000  120.00000  # hc,cp,cp,sf

# AngleAngleTorsion Coeffs

dihedral_coeff	 1 aat  -16.16400  112.67000  110.77000  # c,c,c,hc
dihedral_coeff	 2 aat    0.00000  108.40000  120.05000  # c,c,cp,cp
dihedral_coeff	 3 aat  -14.40970  120.05000  118.90000  # c,cp,cp,cp
dihedral_coeff	 4 aat    4.44440  120.05000  117.94000  # c,cp,cp,hc
dihedral_coeff	 5 aat    0.00000  108.40000  110.77000  # cp,c,c,hc
dihedral_coeff	 6 aat    0.00000  111.00000  120.05000  # cp,c,cp,cp
dihedral_coeff	 7 aat    0.00000  118.90000  118.90000  # cp,cp,cp,cp
dihedral_coeff	 8 aat   -4.81410  118.90000  117.94000  # cp,cp,cp,hc
dihedral_coeff	 9 aat  -21.02470  118.90000  123.42000  # cp,cp,cp,oc
dihedral_coeff	10 aat  -21.02470  118.90000  123.42000  # cp,cp,cp,oh
dihedral_coeff	11 aat    0.00000  118.90000  120.00000  # cp,cp,cp,sf
dihedral_coeff	12 aat    0.00000  123.42000  109.50000  # cp,cp,oc,cp
dihedral_coeff	13 aat   -4.60720  123.42000  108.19000  # cp,cp,oh,ho
dihedral_coeff	14 aat    0.00000  120.00000  102.00000  # cp,cp,sf,cp
dihedral_coeff	15 aat    0.00000  120.00000  113.10000  # cp,cp,sf,o=
dihedral_coeff	16 aat    0.35980  117.94000  117.94000  # hc,cp,cp,hc
dihedral_coeff	17 aat    4.22960  117.94000  123.42000  # hc,cp,cp,oc
dihedral_coeff	18 aat    4.22960  117.94000  123.42000  # hc,cp,cp,oh
dihedral_coeff	19 aat    0.00000  117.94000  120.00000  # hc,cp,cp,sf

# BondBond13 Coeffs

dihedral_coeff	 1 bb13    0.00000    1.53000    1.10100  # c,c,c,hc
dihedral_coeff	 2 bb13    0.00000    1.53000    1.41700  # c,c,cp,cp
dihedral_coeff	 3 bb13    2.50850    1.50100    1.41700  # c,cp,cp,cp
dihedral_coeff	 4 bb13    0.87430    1.50100    1.09820  # c,cp,cp,hc
dihedral_coeff	 5 bb13    0.00000    1.50100    1.10100  # cp,c,c,hc
dihedral_coeff	 6 bb13    0.00000    1.50100    1.41700  # cp,c,cp,cp
dihedral_coeff	 7 bb13   53.00000    1.41700    1.41700  # cp,cp,cp,cp
dihedral_coeff	 8 bb13   -6.27410    1.41700    1.09820  # cp,cp,cp,hc
dihedral_coeff	 9 bb13   -2.24360    1.41700    1.37680  # cp,cp,cp,oc
dihedral_coeff	10 bb13   -2.24360    1.41700    1.37680  # cp,cp,cp,oh
dihedral_coeff	11 bb13    0.00000    1.41700    1.72000  # cp,cp,cp,sf
dihedral_coeff	12 bb13    0.00000    1.41700    1.37680  # cp,cp,oc,cp
dihedral_coeff	13 bb13    1.15900    1.41700    0.96500  # cp,cp,oh,ho
dihedral_coeff	14 bb13    0.00000    1.41700    1.72000  # cp,cp,sf,cp
dihedral_coeff	15 bb13    0.00000    1.41700    1.43080  # cp,cp,sf,o=
dihedral_coeff	16 bb13   -1.70770    1.09820    1.09820  # hc,cp,cp,hc
dihedral_coeff	17 bb13    2.05170    1.09820    1.37680  # hc,cp,cp,oc
dihedral_coeff	18 bb13    2.05170    1.09820    1.37680  # hc,cp,cp,oh
dihedral_coeff	19 bb13    0.00000    1.09820    1.72000  # hc,cp,cp,sf

# Improper Coeffs

improper_coeff	 1    0.00000    0.00000  # c,c,c,cp
improper_coeff	 2    0.00000    0.00000  # c,c,cp,cp
improper_coeff	 3    0.00000    0.00000  # c,c,hc,hc
improper_coeff	 4    0.00000    0.00000  # c,hc,hc,hc
improper_coeff	 5    7.81530    0.00000  # cp,c,cp,cp
improper_coeff	 6    4.89120    0.00000  # cp,cp,cp,hc
improper_coeff	 7   13.04210    0.00000  # cp,cp,cp,oc
improper_coeff	 8   13.04210    0.00000  # cp,cp,cp,oh
improper_coeff	 9    0.00000    0.00000  # cp,cp,cp,sf
improper_coeff	10    0.00000    0.00000  # sf,cp,cp,o=
improper_coeff	11    0.00000    0.00000  # sf,cp,o=,o=

# AngleAngle Coeffs

improper_coeff	 1 aa    0.00000    0.00000    0.00000  112.67000  108.40000  108.40000  # c,c,c,cp
improper_coeff	 2 aa    0.00000    0.00000    0.00000  108.40000  108.40000  111.00000  # c,c,cp,cp
improper_coeff	 3 aa    0.27380   -0.48250    0.27380  110.77000  110.77000  107.66000  # c,c,hc,hc
improper_coeff	 4 aa   -0.31570   -0.31570   -0.31570  107.66000  107.66000  107.66000  # c,hc,hc,hc
improper_coeff	 5 aa    0.00000    0.00000    0.00000  120.05000  120.05000  118.90000  # cp,c,cp,cp
improper_coeff	 6 aa    0.00000    0.00000    0.00000  118.90000  117.94000  117.94000  # cp,cp,cp,hc
improper_coeff	 7 aa    0.00000    0.00000    0.00000  118.90000  123.42000  123.42000  # cp,cp,cp,oc
improper_coeff	 8 aa    0.00000    0.00000    0.00000  118.90000  123.42000  123.42000  # cp,cp,cp,oh
improper_coeff	 9 aa    0.00000    0.00000    0.00000  118.90000  120.00000  120.00000  # cp,cp,cp,sf
improper_coeff	10 aa    0.00000    0.00000    0.00000  102.00000  113.10000  113.10000  # sf,cp,cp,o=
improper_coeff	11 aa    0.00000    0.00000    0.00000  113.10000  113.10000  119.32900  # sf,cp,o=,o=


# --- Thermo Output ---
thermo_style custom step time temp press enthalpy etotal ke pe ebond eangle edihed eimp evdwl ecoul elong etail vol lx ly lz density pxx pyy pzz
thermo_modify flush yes
thermo 1000

# --- Trajectory ---
dump dump_nvt all custom 1000 nvt_warmup.dump id type mol x y z ix iy iz vx vy vz


# --- Restart Checkpointing ---
restart 10000 nvt_1.rst nvt_2.rst

# --- Initial Velocities (optional) ---
velocity all create 300.0 454398 mom yes rot yes dist gaussian

# --- SHAKE Constraints ---
# Constrains H-X bonds to allow 2fs timestep
# SHAKE disabled

# --- NVT Thermostat (Nose-Hoover) ---
# T_damp = 100.0 fs  (coupling timescale for heat exchange)
# Ramp: 300.0 K -> 300.0 K over 100000 steps
timestep 0.5
fix nvt_fix all nvt temp 300.0 300.0 100.0

run 100000
PPPM Kokkos initialization ...
  using 12-bit tables for long-range coulomb
  G vector (1/distance) = 0.29817335
  grid = 36 36 36
  stencil order = 5
  estimated absolute RMS force accuracy = 0.00026267297
  estimated relative force accuracy = 7.9103185e-07
  using double precision cuFFT
  3d grid and FFT values/proc = 79507 46656
Generated 28 of 28 mixed pair_coeff terms from sixthpower/sixthpower mixing rule
Neighbor list info ...
  update: every = 1 steps, delay = 0 steps, check = yes
  max neighbors/atom: 4000, page size: 100000
  master list distance cutoff = 11.5
  ghost atom cutoff = 11.5
  binsize = 11.5, bins = 5 5 5
  1 neighbor lists, perpetual/occasional/extra = 1 0 0
  (1) pair lj/class2/coul/long/kk, perpetual
      attributes: full, newton off, kokkos_device
      pair build: full/bin/kk/device
      stencil: full/bin/3d
      bin: kk/device
Per MPI rank memory allocation (min/avg/max) = 39.89 | 39.89 | 39.89 Mbytes
   Step          Time           Temp          Press         Enthalpy        TotEng         KinEng         PotEng         E_bond        E_angle        E_dihed        E_impro         E_vdwl         E_coul         E_long         E_tail         Volume           Lx             Ly             Lz          Density          Pxx            Pyy            Pzz      
         0   0              300            1161.1571      12412.929      10003.462      5811.6854      4191.7768      856.53217      1331.7858      892.94752      15.093669      575.49094      4844.5211     -4324.5944     -276.80237      142283.33      52.20571       52.20571       52.20571       0.61999999     1219.2293      1115.3644      1148.8777    
      1000   500            234.27333     -915.52293      11609.496      13509.258      4538.4096      8970.8483      2480.4061      2607.7905      2188.1358      200.06827      949.77243      4863.0816     -4318.4064     -276.80237      142283.33      52.20571       52.20571       52.20571       0.61999999    -1122.3374     -672.35012     -951.88125    
      2000   1000           315.34173     -140.45012      16039.903      16331.345      6108.8896      10222.456      3001.7665      2936.5296      2324.7671      233.04997      1169.0231      4873.0672     -4315.7478     -276.80237      142283.33      52.20571       52.20571       52.20571       0.61999999     451.72686     -507.58566     -365.49156    
      3000   1500           303.26829      8.9536197      16132.392      16113.813      5874.9995      10238.814      3005.8284      2982.7562      2245.9801      234.27181      1207.7809      4880.7061     -4318.5099     -276.80237      142283.33      52.20571       52.20571       52.20571       0.61999999     397.98391     -254.95488     -116.16817    
      4000   2000           297.70881     -530.30007      14776.906      15877.309      5767.2998      10110.009      2880.1613      3048.4866      2228.3501      219.4973       1180.7331      4870.0905     -4317.31       -276.80237      142283.33      52.20571       52.20571       52.20571       0.61999999    -648.35647     -265.09118     -677.45257    
      5000   2500           293.40931     -97.507515      15599.866      15802.2        5684.0086      10118.191      2969.9394      2955.7528      2188.202       223.04764      1227.0198      4872.3943     -4318.1648     -276.80237      142283.33      52.20571       52.20571       52.20571       0.61999999    -175.03953      414.47167     -531.95469    
      6000   3000           299.73161      151.1279       16275.476      15961.877      5806.4861      10155.391      2934.8426      3050.3104      2181.5286      229.50027      1196.3755      4881.6981     -4318.8645     -276.80237      142283.33      52.20571       52.20571       52.20571       0.61999999     741.37322     -147.39103     -140.59848    
      7000   3500           301.67588     -1580.4125      12830.663      16110.108      5844.1509      10265.957      2980.4171      3045.0222      2315.4099      235.58339      1114.1253      4889.3562     -4313.9568     -276.80237      142283.33      52.20571       52.20571       52.20571       0.61999999    -1447.5257     -1980.1968     -1313.5151    
      8000   4000           299.7633      -720.35195      14546.18       16040.951      5807.1         10233.851      2945.2477      2963.9489      2327.1653      226.09952      1206.026       4882.5395     -4317.1759     -276.80237      142283.33      52.20571       52.20571       52.20571       0.61999999    -1021.1434     -304.31925     -835.59323    
      9000   4500           294.93856     -1238.0292      13254.052      15823.033      5713.6337      10109.399      2851.9779      3068.9579      2247.9471      220.09283      1161.6387      4873.3427     -4314.5579     -276.80237      142283.33      52.20571       52.20571       52.20571       0.61999999    -842.60047     -1263.703      -1607.784     
     10000   5000           295.82985     -1201.5667      13367.169      15860.487      5730.9         10129.587      2899.658       3029.316       2314.666       227.30351      1096.0659      4878.7956     -4316.2177     -276.80237      142283.33      52.20571       52.20571       52.20571       0.61999999    -1363.7732     -1409.2418     -831.68504    
     11000   5500           296.6072      -642.68004      14575.453      15909.051      5745.9591      10163.092      2949.0115      3029.6956      2243.113       226.28606      1167.4146      4866.2877     -4318.7168     -276.80237      142283.33      52.20571       52.20571       52.20571       0.61999999     543.87443     -1655.7085     -816.206      
     12000   6000           301.56587     -427.15405      15157.637      16044.005      5842.0199      10201.985      2903.0093      3080.072       2259.3504      222.37216      1177.0147      4877.7639     -4317.597      -276.80237      142283.33      52.20571       52.20571       52.20571       0.61999999     241.29868     -1261.2621     -261.49871    
     13000   6500           300.60712     -585.79032      14778.4        15993.948      5823.4467      10170.501      2878.5355      3036.9923      2303.4119      223.07283      1184.5891      4863.7941     -4319.8944     -276.80237      142283.33      52.20571       52.20571       52.20571       0.61999999    -680.1725      -167.28572     -909.91273    
     14000   7000           299.38633      397.38168      16680.266      15855.677      5799.7972      10055.88       2884.1641      3018.0869      2198.9277      224.90004      1181.188       4865.7152     -4317.102      -276.80237      142283.33      52.20571       52.20571       52.20571       0.61999999     284.32992      683.55514      224.25998    
     15000   7500           299.72533     -483.5198       14811.502      15814.833      5806.3644      10008.468      2853.6184      2967.4679      2290.7822      216.84984      1124.6399      4871.5743     -4316.4643     -276.80237      142283.33      52.20571       52.20571       52.20571       0.61999999    -64.448268     -417.12377     -968.98738    
     16000   8000           302.51259     -814.39904      14210.805      15900.729      5860.36        10040.369      2897.9348      2964.0801      2266.0977      229.51505      1129.3201      4868.574      -4315.1525     -276.80237      142283.33      52.20571       52.20571       52.20571       0.61999999    -677.47421     -778.98022     -986.74268    
     17000   8500           300.64749     -932.61555      13954.376      15889.606      5824.2287      10065.377      2925.1127      2991.099       2285.3114      235.77655      1077.5205      4870.0211     -4319.464      -276.80237      142283.33      52.20571       52.20571       52.20571       0.61999999    -1186.258      -897.82124     -713.7674     
     18000   9000           301.15911     -420.10611      15051.365      15923.109      5834.14        10088.969      2975.532       2999.3135      2239.4332      227.00815      1091.7147      4872.1427     -4316.1749     -276.80237      142283.33      52.20571       52.20571       52.20571       0.61999999     200.47694     -910.51012     -550.28515    
     19000   9500           302.35975      2.7964858      15918.453      15912.65       5857.399       10055.251      2928.0094      2965.8596      2268.8224      233.60395      1115.0046      4861.7957     -4317.8443     -276.80237      142283.33      52.20571       52.20571       52.20571       0.61999999     143.61993      585.34683     -720.57731    
     20000   10000          303.62861     -539.92496      14823.535      15943.909      5881.9799      10061.929      2881.9085      3041.5548      2235.5491      218.98841      1127.1181      4873.8507     -4317.0402     -276.80237      142283.33      52.20571       52.20571       52.20571       0.61999999    -313.23093     -236.79874     -1069.7452    
     21000   10500          300.74944     -810.56084      14184.699      15866.658      5826.2037      10040.454      2892.865       2912.9535      2307.3766      239.83343      1135.7962      4870.51       -4318.8805     -276.80237      142283.33      52.20571       52.20571       52.20571       0.61999999    -797.96302     -859.23575     -774.48376    
     22000   11000          295.00331     -826.2045       14023.814      15738.235      5714.888       10023.347      2849.0425      3023.3401      2316.1586      221.16366      1075.542       4863.3914     -4325.291      -276.80237      142283.33      52.20571       52.20571       52.20571       0.61999999    -935.10862     -755.95211     -787.55278    
     23000   11500          301.56354      117.59081      16009.403      15765.395      5841.9746      9923.4206      2881.9364      2956.1518      2258.64        227.71016      1058.9725      4865.307      -4325.2973     -276.80237      142283.33      52.20571       52.20571       52.20571       0.61999999     273.12506     -196.73204      276.37943    
     24000   12000          299.62896     -716.34337      14367.709      15854.162      5804.4974      10049.665      2909.5545      2983.9126      2306.8619      225.599        1070.7767      4877.7105     -4324.7505     -276.80237      142283.33      52.20571       52.20571       52.20571       0.61999999    -1171.962      -1081.8854      104.81724    
     25000   12500          301.907       -1096.5657      13635.574      15911.009      5848.6283      10062.381      2877.0231      2986.0947      2372.8732      235.95101      1045.4003      4870.6802     -4325.6415     -276.80237      142283.33      52.20571       52.20571       52.20571       0.61999999    -1866.4406     -619.44363     -803.81281    
     26000   13000          303.10438     -754.9178       14412.028      15978.525      5871.8243      10106.7        2992.2749      3052.5362      2231.5788      216.20141      1069.2121      4868.4829     -4323.5858     -276.80237      142283.33      52.20571       52.20571       52.20571       0.61999999    -1524.8556     -112.35525     -627.54255    
     27000   13500          296.2658      -1401.6552      12776.682      15685.196      5739.3454      9945.8504      2858.4465      2940.8538      2293.6106      234.25989      1061.6169      4877.8315     -4320.7687     -276.80237      142283.33      52.20571       52.20571       52.20571       0.61999999    -1548.6533     -1354.6487     -1301.6637    
     28000   14000          295.36958     -915.30973      13817.612      15716.931      5721.9835      9994.9474      2940.0073      2940.5048      2278.0541      227.54955      1056.9814      4874.2591     -4322.4088     -276.80237      142283.33      52.20571       52.20571       52.20571       0.61999999    -1404.7252     -845.36427     -495.83972    
     29000   14500          301.8053      -275.66764      15253.099      15825.124      5846.6581      9978.4663      2865.2631      2987.0142      2297.1993      236.92561      1031.2385      4882.776      -4321.9504     -276.80237      142283.33      52.20571       52.20571       52.20571       0.61999999    -156.20923      225.47891     -896.27261    
     30000   15000          297.76529      259.71867      16354.816      15815.885      5768.3938      10047.492      2960.4731      3031.3085      2182.458       219.30753      1117.3379      4859.9379     -4323.3313     -276.80237      142283.33      52.20571       52.20571       52.20571       0.61999999     481.08415     -614.50548      912.57734    
     31000   15500          299.91182      308.31196      16316.685      15676.92       5809.9771      9866.9433      2938.5416      2947.5929      2199.6815      220.46955      1014.9579      4866.0549     -4320.3551     -276.80237      142283.33      52.20571       52.20571       52.20571       0.61999999     1337.9824      366.13363     -779.18014    
     32000   16000          295.51029     -358.23639      14979.761      15723.122      5724.7095      9998.412       2907.453       3000.6756      2292.355       232.28633      1031.3084      4856.7849     -4322.4511     -276.80237      142283.33      52.20571       52.20571       52.20571       0.61999999     325.86985      135.71333     -1536.2924    
     33000   16500          306.55824     -664.38948      14484.095      15862.741      5938.7334      9924.0073      2846.6032      2988.3436      2295.7329      226.68362      1025.2422      4865.673      -4324.2712     -276.80237      142283.33      52.20571       52.20571       52.20571       0.61999999    -805.02115      125.13125     -1313.2785    
     34000   17000          301.4802      -157.6775       15500.477      15827.667      5840.3603      9987.3065      2901.3175      3018.081       2260.5334      211.39789      1051.8405      4868.56       -4324.4238     -276.80237      142283.33      52.20571       52.20571       52.20571       0.61999999    -853.07357      159.12304      220.91804    
     35000   17500          295.94321     -266.96702      15125.943      15679.914      5733.0961      9946.8184      2900.1975      3052.0492      2230.887       215.94105      994.757        4876.394      -4323.4073     -276.80237      142283.33      52.20571       52.20571       52.20571       0.61999999    -246.32004      151.28502     -705.86604    
     36000   18000          295.72057     -434.54198      14791.118      15692.817      5728.7831      9964.0339      2934.0546      3029.8865      2254.2504      229.3551       979.07713      4862.2266     -4324.8166     -276.80237      142283.33      52.20571       52.20571       52.20571       0.61999999     324.56582     -871.05143     -757.14034    
     37000   18500          304.57195     -541.92048      14743.565      15868.081      5900.2545      9967.8264      2886.9372      3010.4464      2300.3145      219.52992      1025.589       4853.6628     -4328.6536     -276.80237      142283.33      52.20571       52.20571       52.20571       0.61999999    -482.89772     -264.78896     -878.07476    
     38000   19000          301.19176     -300.68864      15253.716      15877.661      5834.7725      10042.889      2988.3631      3041.686       2236.2956      231.16357      1009.441       4860.5858     -4324.6461     -276.80237      142283.33      52.20571       52.20571       52.20571       0.61999999    -737.32676     -471.89493      307.15578    
     39000   19500          300.9113      -246.87919      15240.031      15752.32       5829.3393      9922.9803      2861.0222      3051.3936      2266.1633      221.11202      984.56216      4865.8391     -4327.1121     -276.80237      142283.33      52.20571       52.20571       52.20571       0.61999999    -183.96666     -90.572081     -466.09882    
     40000   20000          301.65094     -679.3516       14255.446      15665.139      5843.6678      9821.4712      2842.3601      2992.4348      2276.897       214.96186      959.72898      4861.8309     -4326.7424     -276.80237      142283.33      52.20571       52.20571       52.20571       0.61999999    -1314.1921      91.55745      -815.42015    
     41000   20500          301.00051     -135.01169      15451.746      15731.903      5831.0675      9900.8352      2875.5067      2952.7939      2349.5604      234.09991      963.28968      4853.8097     -4328.225      -276.80237      142283.33      52.20571       52.20571       52.20571       0.61999999     182.45035      248.02348     -835.5089     
     42000   21000          296.88253     -348.41815      14970.602      15693.59       5751.2929      9942.2968      2961.9145      2962.0999      2286.9385      233.0578       962.10817      4861.6061     -4325.4283     -276.80237      142283.33      52.20571       52.20571       52.20571       0.61999999    -96.887925     -96.554209     -851.81231    
     43000   21500          291.5433      -840.51735      13788.657      15532.778      5647.8598      9884.9182      2767.1044      2990.7628      2380.6507      235.07803      957.00115      4876.7835     -4322.4625     -276.80237      142283.33      52.20571       52.20571       52.20571       0.61999999    -1304.208      -180.56833     -1036.7757    
     44000   22000          298.16771     -290.44805      14993.32       15596.016      5776.1896      9819.8268      2875.2031      2974.4932      2247.5878      213.50397      962.0673       4871.3037     -4324.3323     -276.80237      142283.33      52.20571       52.20571       52.20571       0.61999999     160.35788     -162.14645     -869.55558    
     45000   22500          298.63052     -0.8516202      15630.325      15632.092      5785.1553      9846.9369      2874.5429      2948.7987      2264.1448      219.49696      1004.9165      4862.5949     -4327.5579     -276.80237      142283.33      52.20571       52.20571       52.20571       0.61999999    -568.69567     -194.38336      760.52417    
     46000   23000          300.60685     -1372.8997      12830.252      15679.096      5823.4414      9855.6546      2857.5711      3013.0053      2312.7699      230.55953      888.07422      4876.5267     -4322.8522     -276.80237      142283.33      52.20571       52.20571       52.20571       0.61999999    -1031.6205     -1470.6474     -1616.4313    
     47000   23500          299.9819      -993.17461      13616.799      15677.693      5811.3347      9866.3581      2888.2821      3001.753       2279.3719      226.33721      929.12733      4863.5653     -4322.0787     -276.80237      142283.33      52.20571       52.20571       52.20571       0.61999999    -1141.5049     -581.48269     -1256.5362    
     48000   24000          300.37384     -120.60907      15411.493      15661.764      5818.9274      9842.8363      2897.5531      2995.8646      2225.7426      224.43557      959.73293      4864.8259     -4325.3185     -276.80237      142283.33      52.20571       52.20571       52.20571       0.61999999    -170.34078     -2.6012094     -188.88521    
     49000   24500          299.74284     -347.48331      15033.571      15754.619      5806.7035      9947.9153      2918.2915      3070.6036      2258.7317      225.38811      938.65381      4861.4375     -4325.191      -276.80237      142283.33      52.20571       52.20571       52.20571       0.61999999    -870.73308      428.19417     -599.91101    
     50000   25000          296.65374     -1165.2685      13332.399      15750.397      5746.8607      10003.537      2920.2253      3039.4391      2330.6644      232.48018      954.35287      4855.013      -4328.6382     -276.80237      142283.33      52.20571       52.20571       52.20571       0.61999999    -541.29015     -1759.8378     -1194.6777    
     51000   25500          304.25155     -761.06173      14148.669      15727.915      5894.0475      9833.8678      2887.7037      2997.4587      2235.3146      231.92279      948.18489      4860.9541     -4327.6709     -276.80237      142283.33      52.20571       52.20571       52.20571       0.61999999    -1401.0401     -410.33685     -471.80823    
     52000   26000          299.75352     -919.07132      13725.897      15633.022      5806.9106      9826.1111      2891.9295      2986.758       2299.4837      218.37814      895.26801      4862.6683     -4328.3746     -276.80237      142283.33      52.20571       52.20571       52.20571       0.61999999    -1251.0665     -438.94286     -1067.2046    
     53000   26500          301.66884      182.94804      16088.998      15709.37       5844.0145      9865.3557      2853.5238      3036.8444      2238.2876      235.32971      972.12834      4854.8247     -4325.5829     -276.80237      142283.33      52.20571       52.20571       52.20571       0.61999999    -228.96091      975.42345     -197.61841    
     54000   27000          298.20017     -1416.3409      12754.74       15693.728      5776.8186      9916.9092      2889.5882      3057.83        2273.8483      228.93786      934.14747      4858.4649     -4325.9075     -276.80237      142283.33      52.20571       52.20571       52.20571       0.61999999    -1661.9611     -1179.4431     -1407.6187    
     55000   27500          296.93197     -629.33343      14264.763      15570.666      5752.2507      9818.4151      2891.1024      2881.6536      2287.6287      235.834        973.59989      4875.5405     -4326.9439     -276.80237      142283.33      52.20571       52.20571       52.20571       0.61999999    -639.44465     -177.87543     -1070.6802    
     56000   28000          296.38361      333.7074       16206.247      15513.785      5741.6277      9772.1575      2913.5295      2963.2789      2168.0029      218.75907      974.3646       4864.2739     -4330.0514     -276.80237      142283.33      52.20571       52.20571       52.20571       0.61999999    -333.9118       1064.3216      270.71242    
     57000   28500          304.09874      143.13128      15992.379      15695.374      5891.0873      9804.2867      2947.0412      2989.8644      2191.3086      219.07269      923.69506      4861.075      -4327.7702     -276.80237      142283.33      52.20571       52.20571       52.20571       0.61999999     119.56097      380.61902     -70.786158    
     58000   29000          300.30025     -252.99471      15241.37       15766.348      5817.5018      9948.8463      2923.3079      2974.6768      2372.402       230.61305      919.11378      4857.108      -4328.3753     -276.80237      142283.33      52.20571       52.20571       52.20571       0.61999999     52.46726       91.726323     -903.17771    
     59000   29500          299.40737     -10.143691      15634.955      15656.003      5800.2048      9855.7984      2893.4459      2973.8291      2270.8849      234.54238      948.17662      4861.9053     -4326.9857     -276.80237      142283.33      52.20571       52.20571       52.20571       0.61999999     133.10176      431.08218     -594.61501    
     60000   30000          296.82359      165.09356      15736.245      15393.666      5750.1509      9643.5154      2812.9824      3009.911       2107.2759      225.11383      941.426        4873.6167     -4326.8105     -276.80237      142283.33      52.20571       52.20571       52.20571       0.61999999     232.55435     -128.73831      391.46464    
     61000   30500          301.26287     -159.39808      15361.297      15692.057      5836.15        9855.9068      2909.9426      2984.7118      2282.4903      222.21274      921.43467      4861.3211     -4326.2064     -276.80237      142283.33      52.20571       52.20571       52.20571       0.61999999    -654.49138      6.242603       170.05453    
     62000   31000          299.20125     -166.07947      15301.848      15646.472      5796.2118      9850.2602      2919.563       2997.8892      2276.3175      227.28208      891.23689      4863.52       -4325.5485     -276.80237      142283.33      52.20571       52.20571       52.20571       0.61999999     737.99593     -1092.7855     -143.44878    
     63000   31500          299.46765     -782.39495      14008.506      15632.02       5801.3725      9830.6475      2907.3939      2982.9457      2287.1105      232.0202       885.16815      4863.9208     -4327.9117     -276.80237      142283.33      52.20571       52.20571       52.20571       0.61999999    -300.66771     -1223.1624     -823.35479    
     64000   32000          298.17456     -1622.7876      12263.281      15630.657      5776.3224      9854.3342      2881.902       3000.3069      2325.7204      210.35893      901.09797      4863.3011     -4328.3531     -276.80237      142283.33      52.20571       52.20571       52.20571       0.61999999    -1685.8139     -832.84839     -2349.7006    
     65000   32500          298.59117     -684.85256      14049.674      15470.782      5784.3931      9686.3887      2901.9034      2928.1033      2200.7118      217.10795      895.66133      4870.3145     -4327.4135     -276.80237      142283.33      52.20571       52.20571       52.20571       0.61999999    -803.99331     -364.8984      -885.66597    
     66000   33000          300.05557      478.47524      16527.773      15534.91       5812.7618      9722.1485      2930.3038      2892.7265      2246.4141      227.94152      882.64631      4870.7595     -4328.6432     -276.80237      142283.33      52.20571       52.20571       52.20571       0.61999999     1343.9608     -507.992        599.45687    
     67000   33500          300.27134     -408.57882      14748.744      15596.568      5816.9419      9779.6257      2893.6351      3051.6496      2242.8636      218.23398      828.89345      4874.3979     -4330.0478     -276.80237      142283.33      52.20571       52.20571       52.20571       0.61999999    -1109.9284      65.8115       -181.61957    
     68000   34000          303.32223     -640.45105      14327.909      15656.881      5876.0445      9780.8363      2878.4065      2994.0115      2274.9525      226.05826      882.43191      4852.9941     -4328.0184     -276.80237      142283.33      52.20571       52.20571       52.20571       0.61999999    -729.1385      -376.18506     -816.0296     
     69000   34500          301.38537     -238.00112      15286.687      15780.552      5838.5231      9942.0292      2934.6045      3059.954       2298.099       228.30943      873.48311      4868.6921     -4321.1128     -276.80237      142283.33      52.20571       52.20571       52.20571       0.61999999    -98.312049     -189.09881     -426.59251    
     70000   35000          299.36651     -405.5672       14711.39       15552.965      5799.4133      9753.5518      2914.3472      2955.0733      2297.9454      221.13749      828.60189      4862.9307     -4326.4841     -276.80237      142283.33      52.20571       52.20571       52.20571       0.61999999     93.624221     -707.31267     -603.01315    
     71000   35500          297.56373     -960.8791       13578.56       15572.438      5764.4891      9807.9489      2870.6306      2980.0882      2333.6523      231.03713      856.63192      4860.2887     -4324.38       -276.80237      142283.33      52.20571       52.20571       52.20571       0.61999999    -1420.1012     -1141.3447     -321.19145    
     72000   36000          297.48218      192.5914       16041.25       15641.612      5762.9094      9878.7022      2886.7863      3078.9743      2236.8759      230.89901      912.50552      4858.3717     -4325.7106     -276.80237      142283.33      52.20571       52.20571       52.20571       0.61999999     274.36833      598.37842     -294.97256    
     73000   36500          302.61326     -492.76075      14759.857      15782.364      5862.3103      9920.0535      2950.2137      3035.6821      2260.7252      231.20603      905.86043      4859.6134     -4323.2474     -276.80237      142283.33      52.20571       52.20571       52.20571       0.61999999     145.75326     -477.46837     -1146.5671    
     74000   37000          298.69291      172.46225      15936.951      15579.082      5786.3641      9792.7179      2911.4498      2975.9954      2228.7418      225.57662      908.81698      4866.0078     -4323.8706     -276.80237      142283.33      52.20571       52.20571       52.20571       0.61999999     207.93774      184.83717      124.61185    
     75000   37500          297.55706     -310.40547      14856.464      15500.573      5764.3601      9736.2128      2803.0829      2967.5518      2301.7956      235.13382      883.49745      4868.3351     -4323.1839     -276.80237      142283.33      52.20571       52.20571       52.20571       0.61999999    -222.57884     -497.87409     -210.76347    
     76000   38000          303.89005     -653.9026       14311.035      15667.92       5887.0445      9780.8752      2907.2954      2989.9167      2284.2952      226.49608      836.6818       4859.6707     -4323.4807     -276.80237      142283.33      52.20571       52.20571       52.20571       0.61999999    -7.1325679     -887.04585     -1067.5294    
     77000   38500          295.72969     -97.891526      15375.319      15578.45       5728.9597      9849.4898      2925.342       2998.8687      2308.3157      225.36528      862.8332       4852.8037     -4324.0387     -276.80237      142283.33      52.20571       52.20571       52.20571       0.61999999    -223.35765      512.55582     -582.87274    
     78000   39000          297.17733     -1231.0723      12950.221      15504.765      5757.0037      9747.7616      2846.6291      3017.173       2314.7997      223.96856      810.37721      4860.4704     -4325.6563     -276.80237      142283.33      52.20571       52.20571       52.20571       0.61999999    -1343.1639     -1236.7404     -1113.3127    
     79000   39500          301.81555     -279.02869      14990.015      15569.015      5846.8566      9722.1583      2910.9456      2987.5693      2210.9958      219.58589      841.73686      4878.1495     -4326.8246     -276.80237      142283.33      52.20571       52.20571       52.20571       0.61999999     108.61307     -1359.5596      413.86049    
     80000   40000          305.12394     -804.88521      14109.834      15780.016      5910.9478      9869.0686      2937.3536      3002.1418      2305.6531      225.54877      854.92506      4869.9617     -4326.5155     -276.80237      142283.33      52.20571       52.20571       52.20571       0.61999999    -588.31733     -651.81116     -1174.5271    
     81000   40500          297.92411     -1279.4686      12869.329      15524.299      5771.4706      9752.8284      2959.6368      3014.6904      2246.6617      214.86351      785.92726      4859.6785     -4328.6298     -276.80237      142283.33      52.20571       52.20571       52.20571       0.61999999    -1426.0226     -303.89955     -2108.4838    
     82000   41000          295.44618     -415.40068      14558.106      15420.086      5723.4675      9696.6188      2846.7742      3004.7769      2231.8762      230.02113      841.89208      4869.5887     -4328.3105     -276.80237      142283.33      52.20571       52.20571       52.20571       0.61999999    -380.68406     -482.01737     -383.5006     
     83000   41500          298.10756     -471.56038      14555.015      15533.529      5775.0245      9758.5044      2913.3858      3023.8414      2219.578       225.89165      825.50522      4874.8688     -4324.5664     -276.80237      142283.33      52.20571       52.20571       52.20571       0.61999999    -33.690424     -20.658341     -1360.3324    
     84000   42000          300.97942     -1066.5538      13435.827      15648.986      5830.6589      9818.3274      2903.6013      3007.1962      2299.6479      232.07321      830.589        4869.6841     -4324.4643     -276.80237      142283.33      52.20571       52.20571       52.20571       0.61999999    -1678.7305     -575.01176     -945.91899    
     85000   42500          297.78087     -938.0331       13659.258      15605.73       5768.6957      9837.0343      2884.7931      2997.1926      2304.5638      230.96009      882.09659      4863.4514     -4326.0233     -276.80237      142283.33      52.20571       52.20571       52.20571       0.61999999    -230.83054     -851.47599     -1731.7928    
     86000   43000          301.84879      371.45542      16265.739      15494.948      5847.5007      9647.447       2897.1901      2908.2709      2187.7676      223.06496      890.30945      4867.4052     -4326.5613     -276.80237      142283.33      52.20571       52.20571       52.20571       0.61999999     429.52126      884.91168     -200.06669    
     87000   43500          301.3366      -351.71679      14769.969      15499.802      5837.5783      9662.2233      2849.9451      2973.2484      2268.8815      230.28653      790.26641      4878.6346     -4329.0393     -276.80237      142283.33      52.20571       52.20571       52.20571       0.61999999    -1080.58        130.89844     -105.46885    
     88000   44000          299.57329     -521.81084      14444.66       15527.447      5803.4191      9724.0283      2845.9992      2931.9786      2354.8476      240.32868      804.24474      4873.0079     -4326.3783     -276.80237      142283.33      52.20571       52.20571       52.20571       0.61999999    -288.20806     -1085.3332     -191.89124    
     89000   44500          301.99669     -678.8446       14196.945      15605.585      5850.3657      9755.2197      2857.6964      2972.0083      2329.416       226.53261      846.82597      4855.4153     -4332.6749     -276.80237      142283.33      52.20571       52.20571       52.20571       0.61999999    -490.40987     -479.59307     -1066.5308    
     90000   45000          301.99463     -412.2485       14724.674      15580.113      5850.3259      9729.7867      2875.7804      2982.2936      2267.4116      223.90307      830.76721      4873.7038     -4324.073      -276.80237      142283.33      52.20571       52.20571       52.20571       0.61999999    -333.1557      -291.27369     -612.3161     
     91000   45500          295.88221      250.86164      16025.534      15504.982      5731.9143      9773.0679      2957.5835      2923.2253      2251.1326      229.94436      870.10947      4868.4347     -4327.362      -276.80237      142283.33      52.20571       52.20571       52.20571       0.61999999     115.88674      648.96811     -12.269913    
     92000   46000          299.75095     -1258.999       12934.793      15547.287      5806.8607      9740.4267      2873.406       3027.5207      2320.1152      221.42602      751.2723       4874.0757     -4327.3894     -276.80237      142283.33      52.20571       52.20571       52.20571       0.61999999    -1003.7126     -800.35615     -1972.9283    
     93000   46500          299.88268     -246.56833      14970.346      15481.99       5809.4126      9672.5771      2825.3375      3028.2679      2247.0226      236.16587      807.38051      4859.5957     -4331.193      -276.80237      142283.33      52.20571       52.20571       52.20571       0.61999999    -847.10924      182.03258     -74.628324    
     94000   47000          303.19822     -1077.0629      13502.277      15737.243      5873.6421      9863.6007      2920.4926      3063.9156      2278.8044      229.02153      830.95582      4866.5996     -4326.1888     -276.80237      142283.33      52.20571       52.20571       52.20571       0.61999999    -1126.9319     -779.7748      -1324.4819    
     95000   47500          300.39711     -752.03902      14063.937      15624.461      5819.3783      9805.0824      2935.3201      3073.7966      2200.7376      225.97718      823.00516      4875.2302     -4328.9845     -276.80237      142283.33      52.20571       52.20571       52.20571       0.61999999    -722.24282     -946.97197     -586.90226    
     96000   48000          299.34481     -1046.1857      13406.099      15576.993      5798.9929      9778.0005      2785.7493      2997.5303      2369.6862      232.07276      836.20945      4882.7879     -4326.0354     -276.80237      142283.33      52.20571       52.20571       52.20571       0.61999999    -613.55924     -1385.7589     -1139.239     
     97000   48500          292.09346      75.845037      15669.438      15512.055      5658.5177      9853.5377      2931.7858      3015.7589      2223.2759      231.08135      908.63453      4872.32       -4329.3188     -276.80237      142283.33      52.20571       52.20571       52.20571       0.61999999    -353.99258      340.77323      240.75445    
     98000   49000          300.49289     -443.77088      14590.108      15510.958      5821.2338      9689.7242      2850.6963      3031.2677      2186.7388      230.9714       855.6668       4865.449      -4331.0658     -276.80237      142283.33      52.20571       52.20571       52.20571       0.61999999    -66.527423      479.21004     -1743.9953    
     99000   49500          296.89045     -1163.8159      13081.889      15496.872      5751.4462      9745.4262      2832.2963      3088.3881      2267.3191      224.40436      796.66431      4864.5074     -4328.1534     -276.80237      142283.33      52.20571       52.20571       52.20571       0.61999999    -653.67922     -1061.4022     -1776.3663    
    100000   50000          302.50226     -468.013        14600.162      15571.316      5860.1598      9711.1559      2912.0839      2972.3928      2196.6532      213.68803      871.32616      4871.2378     -4326.2258     -276.80237      142283.33      52.20571       52.20571       52.20571       0.61999999    -590.26855     -364.88991     -448.88052    
Loop time of 146.946 on 1 procs for 100000 steps with 6500 atoms

Performance: 29.398 ns/day, 0.816 hours/ns, 680.521 timesteps/s, 4.423 Matom-step/s
99.9% CPU use with 1 MPI tasks x 1 OpenMP threads

MPI task timing breakdown:
Section |  min time  |  avg time  |  max time  |%varavg| %total
---------------------------------------------------------------
Pair    | 1.3283     | 1.3283     | 1.3283     |   0.0 |  0.90
Bond    | 26.181     | 26.181     | 26.181     |   0.0 | 17.82
Kspace  | 94.094     | 94.094     | 94.094     |   0.0 | 64.03
Neigh   | 5.9961     | 5.9961     | 5.9961     |   0.0 |  4.08
Comm    | 1.5138     | 1.5138     | 1.5138     |   0.0 |  1.03
Output  | 0.89807    | 0.89807    | 0.89807    |   0.0 |  0.61
Modify  | 13.684     | 13.684     | 13.684     |   0.0 |  9.31
Other   |            | 3.251      |            |       |  2.21

Nlocal:           6500 ave        6500 max        6500 min
Histogram: 1 0 0 0 0 0 0 0 0 0
Nghost:          12776 ave       12776 max       12776 min
Histogram: 1 0 0 0 0 0 0 0 0 0
Neighs:              0 ave           0 max           0 min
Histogram: 1 0 0 0 0 0 0 0 0 0
FullNghs:  2.57542e+06 ave 2.57542e+06 max 2.57542e+06 min
Histogram: 1 0 0 0 0 0 0 0 0 0

Total # of neighbors = 2575418
Ave neighs/atom = 396.21815
Ave special neighs/atom = 5.7630769
Neighbor list builds = 1624
Dangerous builds = 0

# --- Cleanup ---
unfix nvt_fix

undump dump_nvt

# --- Write Output ---
write_dump all custom nvt_warmup_last.dump id type mol x y z xu yu zu vx vy vz modify sort id
write_data /home/alexzhao/PolyJarvis/data/PSU_3/attempts/equilibration/attempt-0001/work/nvt_warmup/nvt_warmup_out.data
System init for write_data ...
PPPM Kokkos initialization ...
  using 12-bit tables for long-range coulomb
  G vector (1/distance) = 0.29817335
  grid = 36 36 36
  stencil order = 5
  estimated absolute RMS force accuracy = 0.00026267297
  estimated relative force accuracy = 7.9103185e-07
  using double precision cuFFT
  3d grid and FFT values/proc = 79507 46656
Generated 28 of 28 mixed pair_coeff terms from sixthpower/sixthpower mixing rule
write_restart /home/alexzhao/PolyJarvis/data/PSU_3/attempts/equilibration/attempt-0001/work/nvt_warmup/nvt_warmup_out.restart
System init for write_restart ...
PPPM Kokkos initialization ...
  using 12-bit tables for long-range coulomb
  G vector (1/distance) = 0.29817335
  grid = 36 36 36
  stencil order = 5
  estimated absolute RMS force accuracy = 0.00026267297
  estimated relative force accuracy = 7.9103185e-07
  using double precision cuFFT
  3d grid and FFT values/proc = 79507 46656
Generated 28 of 28 mixed pair_coeff terms from sixthpower/sixthpower mixing rule

print "STAGE COMPLETE: NVT T=300.0->300.0K steps=100000"
STAGE COMPLETE: NVT T=300.0->300.0K steps=100000
quit
