units real
atom_style full
boundary p p p

# --- Force Field Styles ---
pair_style lj/class2/coul/long 9.5 9.5
kspace_style pppm 1e-6
dielectric 1.000000
bond_style class2
angle_style class2
dihedral_style class2
improper_style class2
special_bonds lj/coul 0 0 1
pair_modify mix sixthpower tail yes
neighbor 2.0 bin
neigh_modify delay 0 every 1 check yes
neigh_modify one 4000
# KOKKOS: package loaded via -pk kokkos on the command line

read_data /home/alexzhao/PolyJarvis/data/PEEK_2/attempts/cooling/attempt-0001/work/cool_block_08/cool_block_08_out.data
Reading data file ...
  orthogonal box = (4.0998161 4.0998161 4.0998161) to (46.638164 46.638164 46.638164)
  1 by 1 by 1 MPI processor grid
  reading atoms ...
  6140 atoms
  reading velocities ...
  6140 velocities
  scanning bonds ...
  3 = max bonds/atom
  scanning angles ...
  9 = max angles/atom
  scanning dihedrals ...
  18 = max dihedrals/atom
  scanning impropers ...
  4 = max impropers/atom
  orthogonal box = (4.0998161 4.0998161 4.0998161) to (46.638164 46.638164 46.638164)
  1 by 1 by 1 MPI processor grid
  reading bonds ...
  6670 bonds
  reading angles ...
  10620 angles
  reading dihedrals ...
  15820 dihedrals
  reading impropers ...
  3420 impropers
Finding 1-2 1-3 1-4 neighbors ...
  special bond factors lj:    0        0        1       
  special bond factors coul:  0        0        1       
     3 = max # of 1-2 neighbors
     6 = max # of 1-3 neighbors
     9 = max # of special neighbors
  special bonds CPU = 0.003 seconds
  read_data CPU = 0.187 seconds


# --- Thermo Output ---
thermo_style custom step time temp press enthalpy etotal ke pe ebond eangle edihed eimp evdwl ecoul elong etail vol lx ly lz density pxx pyy pzz
thermo_modify flush yes
thermo 1000

# --- Trajectory ---
dump dump_npt all custom 1000 cool_block_09.dump id type mol x y z ix iy iz vx vy vz


# --- Restart Checkpointing ---
restart 10000 npt_1.rst npt_2.rst

# --- Initial Velocities (optional) ---
# Velocities read from data file

# --- SHAKE Constraints ---
# SHAKE disabled

# --- NPT Thermostat + Barostat (Nose-Hoover) ---
# T_damp = 100.0 fs  (heat bath coupling)
# P_damp = 1000.0 fs  (pressure bath coupling, ~10x T_damp typical)
# Ramp: T=570.0->545.0K  P=1.0->1.0atm
timestep 1.0
fix npt_fix all npt temp 570.0 545.0 100.0 iso 1.0 1.0 1000.0

run 250000
PPPM Kokkos initialization ...
  using 12-bit tables for long-range coulomb
  G vector (1/distance) = 0.31481367
  grid = 36 36 36
  stencil order = 5
  estimated absolute RMS force accuracy = 0.00023975814
  estimated relative force accuracy = 7.2202452e-07
  using double precision cuFFT
  3d grid and FFT values/proc = 79507 46656
Generated 21 of 21 mixed pair_coeff terms from sixthpower/sixthpower mixing rule
Neighbor list info ...
  update: every = 1 steps, delay = 0 steps, check = yes
  max neighbors/atom: 4000, page size: 100000
  master list distance cutoff = 11.5
  ghost atom cutoff = 11.5
  binsize = 11.5, bins = 4 4 4
  1 neighbor lists, perpetual/occasional/extra = 1 0 0
  (1) pair lj/class2/coul/long/kk, perpetual
      attributes: full, newton off, kokkos_device
      pair build: full/bin/kk/device
      stencil: full/bin/3d
      bin: kk/device
Per MPI rank memory allocation (min/avg/max) = 30.34 | 30.34 | 30.34 Mbytes
   Step          Time           Temp          Press         Enthalpy        TotEng         KinEng         PotEng         E_bond        E_angle        E_dihed        E_impro         E_vdwl         E_coul         E_long         E_tail         Volume           Lx             Ly             Lz          Density          Pxx            Pyy            Pzz      
         0   0              574.26012     -580.48012      28844.93       29496.566      10508.497      18988.069      4513.4559      5413.7847      5190.778       601.49738     -415.40015      11274.985     -7591.0324     -516.55563      76973.611      42.538348      42.538348      42.538348      1.1199576     -1661.5075      458.42713     -538.35999    
      1000   1000           565.20626      448.69894      29938.101      29434.359      10342.818      19091.541      4706.9456      5196.8214      5170.6744      571.79247     -247.4128       11280.955     -7588.2351     -516.51398      76979.818      42.539491      42.539491      42.539491      1.1198673      1758.5697     -187.38673     -225.0861     
      2000   2000           577.20149     -660.92185      29006.135      29745.449      10562.321      19183.128      4736.8885      5374.7118      5144.292       594.6783      -365.16737      11282.254     -7584.5296     -518.38912      76701.363      42.488138      42.488138      42.488138      1.1239329      745.08481     -1914.2008     -813.64953    
      3000   3000           570.03182     -1044.9204      28244.552      29425.356      10431.122      18994.233      4559.6785      5225.935       5144.8148      579.30089     -201.12717      11271.512     -7585.8803     -513.1452       77485.188      42.632379      42.632379      42.632379      1.1125634      848.3638      -3053.258      -929.86697    
      4000   4000           566.15301     -618.63166      28948.47       29641.181      10360.143      19281.038      4746.0233      5394.8887      5194.7964      598.21112     -350.55109      11282.803     -7585.1341     -517.8633       76779.242      42.502513      42.502513      42.502513      1.1227928     -503.71638      21.259301     -1373.4379    
      5000   5000           574.80444     -712.90957      28761.882      29560.871      10518.457      19042.414      4660.0088      5344.5334      5175.6274      576.55511     -418.07707      11286.558     -7582.7919     -517.40238      76847.641      42.51513       42.51513       42.51513       1.1217935      180.40838     -1959.5636     -359.57354    
      6000   6000           578.17185      2058.061       31910.437      29607.025      10580.078      19026.946      4581.098       5260.2021      5124.955       567.46558     -208.04372      11285.012     -7583.7423     -518.10936      76742.779      42.495784      42.495784      42.495784      1.1233263      3368.9076      1741.9714      1063.3041    
      7000   7000           572.23002     -1318.4715      27988.631      29443.612      10471.347      18972.264      4706.4831      5289.2865      5120.3454      572.0812      -386.23148      11261.421     -7591.1213     -525.47048      75667.718      42.296414      42.296414      42.296414      1.1392862     -100.57728     -2506.2451     -1348.5922    
      8000   8000           558.58524     -1904.0318      27125.329      29268.962      10221.659      19047.303      4658.7318      5334.3485      5113.7473      560.37516     -330.2947       11300.024     -7589.6289     -515.06091      77196.99       42.579457      42.579457      42.579457      1.1167169     -2594.3004     -1635.6778     -1482.1171    
      9000   9000           576.71528     -761.62337      28788.724      29634.797      10553.424      19081.373      4696.9186      5306.7823      5163.0133      578.10397     -378.51015      11301.649     -7586.5845     -521.99598      76171.376      42.39005       42.39005       42.39005       1.131753       134.49544     -749.46446     -1669.9011    
     10000   10000          573.82045      1087.6419      30642.487      29428.669      10500.451      18928.218      4718.5774      5193.794       5080.2249      570.82614     -337.18531      11290.912     -7588.931      -519.59749      76522.986      42.455175      42.455175      42.455175      1.1265528      2260.3184     -950.76899      1953.3764    
     11000   11000          573.63197     -1792.7564      27206.706      29193.063      10497.002      18696.06       4461.4724      5233.0436      5241.4273      559.51787     -503.18132      11291.711     -7587.9301     -523.35808      75973.131      42.353243      42.353243      42.353243      1.1347062     -2050.7609     -1342.3364     -1985.1718    
     12000   12000          561.59405      1594.2801      31105.303      29337.857      10276.718      19061.139      4793.4519      5410.7368      4980.4742      582.8177      -394.07646      11276.339     -7588.6047     -523.06198      76016.139      42.361234      42.361234      42.361234      1.1340642      2963.6577     -301.32869      2120.5113    
     13000   13000          574.81931      1908.6367      31553.788      29426.655      10518.729      18907.926      4809.9973      5256.9666      4986.2391      563.77034     -404.55918      11286.826     -7591.3142     -520.3117       76417.946      42.435741      42.435741      42.435741      1.1281013      99.943398      2239.1439      3386.8227    
     14000   14000          569.53077     -783.6909       28436.983      29302.561      10421.953      18880.608      4600.8188      5273.4451      5224.0166      563.63059     -474.52728      11283.08      -7589.8565     -525.01683      75733.1        42.308593      42.308593      42.308593      1.1383026     -850.78958     -1349.182      -151.10109    
     15000   15000          563.03788     -677.8242       28539.076      29293.327      10303.139      18990.188      4707.3381      5354.4752      5045.1657      562.91005     -378.55936      11290.896     -7592.038      -521.11827      76299.669      42.413836      42.413836      42.413836      1.12985        356.27693     -1358.0737     -1031.6759    
     16000   16000          560.10925      1724.8773      31189.924      29265.25       10249.547      19015.702      4791.1698      5276.4924      5013.7698      564.72864     -355.74367      11307.677     -7582.3918     -519.67983      76510.862      42.452933      42.452933      42.452933      1.1267313      1631.2992      2359.0713      1184.2615    
     17000   17000          572.67203      1646.1238      31202.801      29387.257      10479.436      18907.821      4768.3087      5253.1793      5044.7626      565.9669      -440.87118      11302.097     -7585.6226     -525.76352      75625.544      42.288554      42.288554      42.288554      1.1399215      2471.4244      770.67251      1696.2744    
     18000   18000          573.55247      2473.403       32162.553      29386.293      10495.547      18890.746      4660.6796      5283.5262      4954.7556      578.25864     -286.20326      11282.97      -7583.2406     -516.6181       76964.303      42.536633      42.536633      42.536633      1.1200931      872.6028       3122.1474      3425.459     
     19000   19000          570.84933     -681.65888      28718.649      29477.961      10446.082      19031.879      4553.8263      5304.8634      5179.7982      598.27207     -302.42082      11284.573     -7587.0332     -520.57312      76379.572      42.428636      42.428636      42.428636      1.1286681     -1061.1277      703.26665     -1687.1156    
     20000   20000          568.41285      1517.3518      31005.404      29308.726      10401.496      18907.229      4532.7442      5352.8742      5075.5778      572.81531     -325.29098      11282.226     -7583.7175     -518.58717      76672.071      42.482728      42.482728      42.482728      1.1243623      3371.5896      1556.5874     -376.12163    
     21000   21000          570.54671     -1016.6465      28181.317      29308.329      10440.544      18867.784      4571.7965      5288.0269      5207.4818      558.23364     -451.50748      11280.268     -7586.5148     -523.08972      76012.108      42.360485      42.360485      42.360485      1.1341244     -1184.708      -772.11392     -1093.1176    
     22000   22000          569.47273      12.883798      29621.965      29607.47       10420.891      19186.578      4665.217       5378.1531      5176.9952      569.56885     -295.13615      11277.608     -7585.828      -515.41164      77144.459      42.569797      42.569797      42.569797      1.1174773     -1936.9598      103.91248      1871.6987    
     23000   23000          567.30514      1395.3021      30903.42       29353.916      10381.226      18972.69       4649.2749      5396.0905      5004.8268      562.62468     -355.48627      11305.586     -7590.2269     -522.16804      76146.277      42.385394      42.385394      42.385394      1.132126       2392.1759      1384.8635      408.86696    
     24000   24000          569.96404      403.195        29846.75       29396.252      10429.882      18966.37       4671.0917      5314.8666      4961.1892      605.65125     -272.28386      11273.194     -7587.3385     -518.98728      76612.96       42.471808      42.471808      42.471808      1.1252298      2851.8204     -1053.2684     -588.96698    
     25000   25000          564.00424      432.75521      29662.724      29179.26       10320.822      18858.438      4496.6688      5287.765       5109.7043      553.34942     -292.58251      11292.818     -7589.2853     -519.05456      76603.03       42.469973      42.469973      42.469973      1.1253756      220.15798      1881.3479     -803.2403     
     26000   26000          574.8815       949.55509      30475.369      29407.053      10519.867      18887.186      4698.8552      5317.9033      4956.1099      559.15708     -349.74463      11288.778     -7583.8735     -515.41284      77144.279      42.569764      42.569764      42.569764      1.1174799      219.1322       434.13295      2195.4001    
     27000   27000          575.20326     -1219.2889      28113.634      29472.208      10525.755      18946.452      4627.9866      5349.0573      5065.4842      551.36321     -339.97746      11284.115     -7591.577      -520.42525      76401.274      42.432654      42.432654      42.432654      1.1283475     -78.94511      -1348.3301     -2230.5914    
     28000   28000          559.36185     -1051.3565      27743.531      28918.964      10235.87       18683.093      4489.6655      5189.1923      5092.1687      565.41213     -343.53519      11274.758     -7584.5681     -518.66523      76660.531      42.480597      42.480597      42.480597      1.1245315      194.71222     -2015.3075     -1333.4743    
     29000   29000          566.90128     -883.65327      28434.572      29422.963      10373.836      19049.127      4657.7563      5283.8863      5155.2387      572.55582     -309.20807      11275.748     -7586.8504     -518.42747      76695.689      42.48709       42.48709       42.48709       1.124016       127.81903     -3005.7168      226.9379     
     30000   30000          559.15881      639.02221      29933.283      29217.008      10232.155      18984.853      4588.5941      5241.7139      5206.2958      573.45208     -327.7961       11284.63      -7582.0368     -517.33423      76857.763      42.516997      42.516997      42.516997      1.1216457      2754.2053     -747.92698     -89.211704    
     31000   31000          558.97844      1447.2018      30847.532      29243.03       10228.854      19014.175      4606.0355      5305.7436      5094.3743      597.54381     -301.73755      11301.708     -7589.4924     -523.02651      76021.294      42.362192      42.362192      42.362192      1.1339873      2339.7639      3021.2061     -1019.3646    
     32000   32000          562.23941      1162.0071      30443.976      29155.532      10288.527      18867.005      4614.7378      5338.4881      5064.5259      571.75477     -421.68471      11287.811     -7588.6278     -522.97155      76029.282      42.363675      42.363675      42.363675      1.1338682      2852.3031      1687.5655     -1053.8473    
     33000   33000          563.88265      2698.9451      32343.899      29322.615      10318.597      19004.017      4710.4847      5375.4689      4911.4685      577.60455     -289.52637      11303.141     -7584.6235     -518.00902      76757.644      42.498527      42.498527      42.498527      1.1231088      2865.3479      368.35992      4863.1275    
     34000   34000          569.65125     -662.25302      28537.696      29276.831      10424.158      18852.673      4561.1959      5281.4765      5083.5778      564.63291     -309.39068      11265.018     -7593.8369     -519.55902      76528.653      42.456223      42.456223      42.456223      1.1264694     -1176.783      -606.6556      -203.32045    
     35000   35000          566.26701     -2088.651       27101.183      29435.46       10362.229      19073.231      4702.0683      5356.2999      5175.7848      581.44344     -429.45121      11278.373     -7591.2872     -518.85786      76632.07       42.475339      42.475339      42.475339      1.1249492     -3144.7519     -2375.1415     -746.05945    
     36000   36000          573.27471     -2000.5572      27201.173      29446.926      10490.464      18956.462      4590.146       5252.1339      5132.0551      589.65109     -295.12062      11275.316     -7587.7193     -516.56362      76972.421      42.538129      42.538129      42.538129      1.119975      -413.71795     -1935.7453     -3652.2084    
     37000   37000          579.0906      -941.74939      28478.359      29529.324      10596.891      18932.433      4656.1961      5316.0349      5029.9391      591.69236     -372.44826      11293.719     -7582.6998     -519.61545      76520.342      42.454686      42.454686      42.454686      1.1265917     -1911.0512     -413.41722     -500.77969    
     38000   38000          562.21018      1118.0664      30445.534      29202.673      10287.993      18914.681      4574.9741      5281.8193      5108.2358      564.62379     -315.14055      11289.048     -7588.8799     -521.65087      76221.769      42.399396      42.399396      42.399396      1.1310048      2318.7492     -527.48638      1562.9365    
     39000   39000          563.88053      862.37641      30381.054      29413.601      10318.559      19095.042      4605.6542      5426.786       5062.848       573.82914     -267.02225      11284.362     -7591.4148     -516.8941       76923.207      42.529061      42.529061      42.529061      1.1206915      948.11722      110.28053      1528.7315    
     40000   40000          578.29655      1116.3153      30786.988      29542.078      10582.36       18959.718      4762.8441      5319.6195      4923.5407      555.15879     -301.14532      11290.001     -7590.3007     -519.97637      76467.228      42.444861      42.444861      42.444861      1.1273742     -577.89574      2015.8342      1911.0075    
     41000   41000          559.08897      602.13777      29920.001      29248.398      10230.877      19017.521      4667.194       5457.2444      5079.1695      540.24333     -447.94746      11303.157     -7581.5402     -519.89753      76478.825      42.447007      42.447007      42.447007      1.1272033     -895.16146      1462.3125      1239.2623    
     42000   42000          562.32563     -766.45928      28339.102      29201.169      10290.105      18911.064      4617.0846      5345.3537      5033.1407      568.88272     -351.05154      11280.537     -7582.8835     -515.56424      77121.625      42.565596      42.565596      42.565596      1.1178082     -1498.6992      1297.5797     -2098.2584    
     43000   43000          570.34871     -203.87511      29167.003      29394.053      10436.921      18957.132      4582.507       5259.8022      5217.4965      579.12211     -380.99112      11290.725     -7591.5299     -520.68841      76362.66       42.425505      42.425505      42.425505      1.128918       656.70822      111.6344      -1379.968     
     44000   44000          561.00376     -35.74801       29080.107      29120.164      10265.916      18854.248      4605.7385      5313.1528      5072.5747      570.53952     -412.04211      11287.936     -7583.6517     -517.49157      76834.395      42.512687      42.512687      42.512687      1.1219869      474.03622     -884.26537      302.98512    
     45000   45000          565.95133     -869.65797      28117.821      29083.669      10356.453      18727.216      4440.9946      5324.9612      5077.4791      578.40254     -373.21188      11266.01      -7587.4198     -522.12513      76152.534      42.386555      42.386555      42.386555      1.132033       385.88744     -604.23599     -2390.6254    
     46000   46000          562.5012      -454.53664      28735.807      29246.493      10293.318      18953.175      4638.2226      5250.0371      5193.6194      585.86485     -419.33317      11289.33      -7584.5653     -516.11897      77038.735      42.550341      42.550341      42.550341      1.1190109     -3252.5474      355.80297      1533.1345    
     47000   47000          562.7439      -2424.786       26454.504      29149.529      10297.759      18851.77       4554.064       5230.509       5198.5388      583.46445     -411.9908       11284.476     -7587.2916     -521.72947      76210.286      42.397267      42.397267      42.397267      1.1311752     -3751.3751     -1314.3242     -2208.6588    
     48000   48000          556.51504      324.3773       29323.406      28960.633      10183.776      18776.857      4544.4585      5268.0894      5037.0781      573.85457     -337.90183      11281.498     -7590.22       -518.50207      76684.655      42.485052      42.485052      42.485052      1.1241778     -429.77238      1174.4257      228.47854    
     49000   49000          565.90954      603.82503      30072.71       29395.789      10355.688      19040.102      4745.2303      5231.7463      5052.0956      572.45282     -261.77757      11285.385     -7585.0305     -517.25944      76868.876      42.519046      42.519046      42.519046      1.1214836      1978.1442     -1128.5026      961.83349    
     50000   50000          563.40915     -111.96563      28837.725      28962.041      10309.933      18652.108      4416.3676      5351.0154      5102.0692      563.98398     -463.32842      11272.775     -7590.7746     -522.27006      76131.402      42.382634      42.382634      42.382634      1.1323472      287.93789      952.40187     -1576.2366    
     51000   51000          570.6771      -1879.5294      27313.526      29387.27       10442.93       18944.339      4790.065       5169.5585      5155.2736      554.12589     -444.01055      11300.78      -7581.453      -525.56797      75653.681      42.293798      42.293798      42.293798      1.1394975     -2430.6029     -2376.2424     -831.74301    
     52000   52000          562.76447     -1461.1843      27399.923      29009.852      10298.136      18711.717      4550.7999      5165.7408      5160.0722      556.386       -412.43626      11270.574     -7579.4195     -526.29972      75548.495      42.274188      42.274188      42.274188      1.1410841     -2143.5163     -845.01107     -1395.0255    
     53000   53000          553.3314       368.29666      29451.599      29044.141      10125.518      18918.623      4714.1569      5325.0523      5010.6076      571.42081     -400.81457      11285.516     -7587.3163     -524.14221      75859.474      42.332113      42.332113      42.332113      1.1364063     -239.12373      2092.718      -748.70431    
     54000   54000          562.35783     -1142.3223      27968.085      29244.803      10290.694      18954.108      4615.0589      5299.5969      5105.7564      570.66824     -333.62928      11280.425     -7583.7681     -518.83441      76635.534      42.475979      42.475979      42.475979      1.1248983     -1348.8223     -742.01211     -1336.1325    
     55000   55000          570.15919      2404.1075      32071.601      29401.198      10433.453      18967.745      4719.2405      5298.9545      5057.825       582.04626     -378.9789       11279.352     -7590.6945     -522.04987      76163.513      42.388592      42.388592      42.388592      1.1318698      2445.4797      2695.969       2070.8737    
     56000   56000          563.16778     -1698.7259      27128.089      29018.53       10305.516      18713.014      4509.0994      5215.7833      5225.797       543.04316     -487.33126      11295.51      -7588.8872     -521.06887      76306.904      42.415176      42.415176      42.415176      1.1297429     -56.746355     -2840.1405     -2199.2907    
     57000   57000          567.55937      1148.7427      30519.434      29239.285      10385.878      18853.406      4642.5084      5150.8177      5098.9379      562.59114     -300.70864      11285.576     -7586.3167     -520.35146      76412.108      42.43466       42.43466       42.43466       1.1281875      210.74486      3070.1088      165.37449    
     58000   58000          565.6665      -552.76216      28632.102      29251.692      10351.24       18900.452      4616.9437      5256.2391      5109.543       557.99746     -366.1837       11309.755     -7583.8422     -517.331        76858.244      42.517085      42.517085      42.517085      1.1216387      321.77182      349.25242     -2329.3107    
     59000   59000          577.70998      21.879989      29407.722      29383.348      10571.626      18811.722      4547.3119      5283.8556      5074.9098      554.27846     -345.61098      11284.155     -7587.1777     -520.54779      76383.289      42.429325      42.429325      42.429325      1.1286131     -1354.2978     -301.03005      1720.9678    
     60000   60000          570.67012     -672.82699      28761.971      29514.835      10442.803      19072.032      4701.5155      5331.988       5165.1904      607.58291     -426.50813      11277.655     -7585.392      -518.22898      76725.064      42.492513      42.492513      42.492513      1.1235857      403.28016     -976.28519     -1445.4759    
     61000   61000          557.54669      325.93993      29467.002      29106.391      10202.654      18903.737      4488.4862      5283.5719      5183.1096      590.28583     -342.53795      11283.739     -7582.9177     -524.1235       75862.181      42.332616      42.332616      42.332616      1.1363657     -288.69973     -913.60636      2180.1259    
     62000   62000          568.97572      490.06961      29917.283      29365.308      10411.796      18953.511      4636.6633      5275.0879      5119.6846      558.61759     -339.45136      11293.274     -7590.3644     -514.84097      77229.969      42.58552       42.58552       42.58552       1.11624        2715.0885      1281.4723     -2526.3519    
     63000   63000          554.46354      462.24087      29545.197      29028.044      10146.235      18881.809      4666.1889      5295.8397      5011.3455      543.86439     -350.44072      11297.561     -7582.5496     -518.30393      76713.97       42.490465      42.490465      42.490465      1.1237482      1035.9004      1702.8866     -1352.0643    
     64000   64000          560.1139      -609.94248      28556.261      29238.841      10249.632      18989.209      4663.937       5336.8704      5034.0412      550.37795     -299.54624      11286.854     -7583.3255     -518.16718      76734.216      42.494203      42.494203      42.494203      1.1234517     -376.9382      -570.44034     -882.4489     
     65000   65000          562.28019      1833.9097      31324.308      29282.303      10289.274      18993.029      4588.0374      5353.6873      5035.5779      556.89788     -261.04655      11303.796     -7583.9209     -520.78192      76348.949      42.422965      42.422965      42.422965      1.1291208      4004.884      -1880.8914      3377.7364    
     66000   66000          558.20032      734.95961      29772.446      28943.891      10214.615      18729.276      4541.9773      5228.9759      5024.3756      568.29477     -322.67002      11275.05      -7586.7278     -514.37131      77300.485      42.598477      42.598477      42.598477      1.1152218     -921.16198      2039.3733      1086.6675    
     67000   67000          568.59362      1383.1889      30878.794      29323.118      10404.804      18918.313      4608.2286      5223.3444      5139.4696      561.19474     -305.86753      11282.872     -7590.929      -515.58128      77119.076      42.565128      42.565128      42.565128      1.1178451      1548.7925      1949.5323      651.24191    
     68000   68000          570.37801     -669.82728      28517.287      29258.94       10437.457      18821.482      4646.7469      5180.4504      5122.7597      582.33875     -404.85619      11278.804     -7584.7616     -523.71767      75920.968      42.343548      42.343548      42.343548      1.1354858     -468.49432     -1652.8142      111.82666    
     69000   69000          564.08534     -1275.0027      27497.404      28912.323      10322.306      18590.016      4471.3369      5282.5439      4991.4248      560.49991     -398.01035      11273.11      -7590.8886     -522.53369      76092.993      42.375505      42.375505      42.375505      1.1329188     -75.274591     -1448.8729     -2300.8605    
     70000   70000          573.77681     -1585.3592      27451.027      29219.456      10499.653      18719.803      4458.5033      5129.6925      5216.9961      609.20258     -380.46859      11275.457     -7589.5799     -519.84639      76486.348      42.448398      42.448398      42.448398      1.1270924     -2254.3721     -547.98866     -1953.717     
     71000   71000          570.37092     -468.11082      28889.382      29407.758      10437.327      18970.43       4702.3851      5291.6787      5097.3993      565.81734     -392.50175      11287.458     -7581.8061     -523.64694      75931.221      42.345454      42.345454      42.345454      1.1353325      1823.8715     -537.10092     -2691.103     
     72000   72000          567.34371     -2063.9654      26794.127      29089.745      10381.932      18707.813      4557.9825      5137.269       5114.0828      570.87492     -367.79531      11284.463     -7589.0633     -521.35978      76264.325      42.407286      42.407286      42.407286      1.1303736     -888.46772     -1330.7578     -3972.6706    
     73000   73000          563.70841     -1352.345       27724.439      29211.067      10315.409      18895.658      4494.5329      5295.7844      5304.9871      581.69479     -486.60635      11290.033     -7584.7675     -527.49702      75377.017      42.242179      42.242179      42.242179      1.14368       -2952.9128      901.81218     -2005.9342    
     74000   74000          553.69578     -577.03334      28102.477      28742.628      10132.186      18610.442      4443.0617      5061.6294      5244.1198      571.23788     -396.64258      11278.747     -7591.7107     -522.70054      76068.703      42.370996      42.370996      42.370996      1.1332806     -686.0643       783.26311     -1828.2988    
     75000   75000          555.20858      1159.3904      30423.6        29116.988      10159.869      18957.119      4614.4682      5251.9257      5118.0718      588.27638     -308.858        11285.73      -7592.4947     -514.53857      77275.358      42.593861      42.593861      42.593861      1.1155844      3442.5601      1671.2084     -1635.5974    
     76000   76000          569.26574      1150.6243      30796.217      29522.49       10417.104      19105.387      4663.1993      5329.1462      5223.4101      593.43924     -421.88114      11305.48      -7587.4067     -523.83219      75904.369      42.340462      42.340462      42.340462      1.1357341      487.8184       622.52585      2341.5285    
     77000   77000          577.41056     -720.35266      28507.813      29308.915      10566.147      18742.767      4511.346       5395.8459      5014.1931      561.54981     -438.65455      11286.136     -7587.6491     -521.42581      76254.668      42.405496      42.405496      42.405496      1.1305168     -1702.5082      1080.4195     -1538.9692    
     78000   78000          562.70665     -1097.9293      27798.305      29019.736      10297.077      18722.659      4498.7503      5246.8648      5180.9776      562.00659     -435.699        11259.781     -7590.0228     -521.24319      76281.384      42.410447      42.410447      42.410447      1.1301209     -2419.6813     -444.51022     -429.59649    
     79000   79000          565.71222     -73.454678      29198.504      29279.737      10352.077      18927.66       4727.7919      5329.6024      5031.2959      580.56859     -407.39042      11261.203     -7595.411      -524.34787      75829.72       42.326577      42.326577      42.326577      1.1368522     -796.10186     -867.40412      1443.1419    
     80000   80000          560.51939     -1165.2976      27680.838      28971.613      10257.052      18714.56       4488.528       5289.3622      5139.2018      557.58091     -450.45582      11279.076     -7588.7326     -523.50547      75951.742      42.349268      42.349268      42.349268      1.1350258     -381.91681     -224.72238     -2889.2535    
     81000   81000          552.50966     -693.77271      28160.482      28925.471      10110.481      18814.991      4685.3381      5260.3997      5074.72        542.36408     -433.89188      11271.716     -7585.6559     -525.89226      75607.03       42.285103      42.285103      42.285103      1.1402006     -2120.0331      260.93849     -222.22347    
     82000   82000          569.40936     -381.28964      28950.338      29374.463      10419.732      18954.731      4684.8411      5142.1509      5288.0612      589.2567      -468.21342      11301.77      -7583.1354     -521.31018      76271.581      42.408631      42.408631      42.408631      1.1302661     -447.61951      258.49298     -954.74238    
     83000   83000          555.17684     -404.39274      28581.111      29035.303      10159.288      18876.015      4384.5042      5405.6419      5128.7443      574.23608     -321.21038      11290.756     -7586.6575     -516.29658      77012.232      42.545461      42.545461      42.545461      1.119396       637.81403     -138.38652     -1712.6057    
     84000   84000          564.71223      836.09862      30127.653      29205.866      10333.778      18872.088      4648.5556      5323.6038      5008.0128      552.98179     -352.50684      11274.244     -7582.803      -525.9712       75595.682      42.282987      42.282987      42.282987      1.1403718     -1027.9256      1076.0046      2460.2169    
     85000   85000          562.06658     -517.4442       28531.241      29097.622      10285.365      18812.257      4549.9954      5255.1869      5210.376       593.71632     -486.65227      11280.038     -7590.4035     -529.77267      75053.234      42.181608      42.181608      42.181608      1.1486138      293.89875     -3278.5309      1432.2995    
     86000   86000          552.22919     -77.151149      28907.04       28992.391      10105.348      18887.043      4595.7174      5288.3555      5141.2196      575.65792     -398.98778      11275.987     -7590.9074     -524.16376      75856.354      42.331532      42.331532      42.331532      1.136453       1225.877      -1921.6268      464.2963     
     87000   87000          554.79607     -279.41343      28761.667      29069.098      10152.32       18916.778      4552.5482      5387.6364      5118.415       597.66674     -424.52806      11270.425     -7585.3856     -527.02869      75443.999      42.254688      42.254688      42.254688      1.1426645      696.0766      -1199.2458     -335.07111    
     88000   88000          560.74024     -1368.543       27783.938      29293.74       10261.094      19032.646      4631.6931      5374.7466      5168.4914      572.99455     -422.42449      11283.863     -7576.718      -525.62175      75645.942      42.292356      42.292356      42.292356      1.1396141      69.478261     -2126.4633     -2048.6439    
     89000   89000          563.01114      2498.2764      31834.171      29074.992      10302.649      18772.342      4631.1229      5171.3068      5081.3917      580.4485      -386.48241      11283.995     -7589.4403     -525.04367      75729.229      42.307872      42.307872      42.307872      1.1383608      2660.7793      2852.5406      1981.5094    
     90000   90000          554.74274      1630.6765      30693.801      28889.016      10151.344      18737.672      4550.5317      5280.9756      5065.5654      554.36478     -416.0972       11290.908     -7588.5762     -523.93471      75889.517      42.3377        42.3377        42.3377        1.1359564      3222.4106      3005.6552     -1336.0363    
     91000   91000          565.25437     -696.98655      28464.078      29236.976      10343.699      18893.277      4651.9528      5214.6219      5153.3823      566.686       -380.99564      11274.688     -7587.0581     -522.92238      76036.432      42.365003      42.365003      42.365003      1.1337615      909.01396     -832.18488     -2167.7887    
     92000   92000          549.33479      2940.6814      32249.766      29006.511      10052.383      18954.127      4711.809       5196.8836      5136.8237      568.40805     -371.66859      11297.837     -7585.965      -525.77706      75623.596      42.288191      42.288191      42.288191      1.1399509      4462.2844      2321.0432      2038.7165    
     93000   93000          558.54471      2903.292       32039.721      28817.914      10220.917      18596.997      4502.6468      5377.59        4865.9964      564.44702     -405.9258       11281.602     -7589.3595     -522.54784      76090.932      42.375123      42.375123      42.375123      1.1329495      648.79565      3568.1911      4492.8894    
     94000   94000          555.95357      430.77967      29613.748      29134.879      10173.502      18961.377      4673.7645      5309.3293      5090.8432      603.86179     -428.21538      11295.305     -7583.5108     -521.64317      76222.895      42.399605      42.399605      42.399605      1.1309881      1727.7341      398.06963     -833.46473    
     95000   95000          558.18603      784.49395      29808.724      28945.785      10214.354      18731.431      4563.8294      5275.9589      4991.4976      559.55371     -341.78374      11271.413     -7589.0384     -527.16196      75424.927      42.251127      42.251127      42.251127      1.1429535      1953.9341     -1937.8224      2337.3702    
     96000   96000          556.47472      158.64949      29400.638      29225.234      10183.038      19042.196      4666.191       5278.2507      5208.081       574.61525     -376.71135      11281.034     -7589.2646     -524.4862       75809.72       42.322856      42.322856      42.322856      1.1371521     -975.17943      2197.5688     -746.44094    
     97000   97000          563.78295      567.03094      29788.646      29160.273      10316.773      18843.5        4618.7636      5277.4338      5073.404       549.68951     -363.1977       11279.433     -7592.0261     -523.26783      75986.234      42.355678      42.355678      42.355678      1.1345105     -452.36835      1155.5486      997.91259    
     98000   98000          563.43594     -1026.2336      28100.39       29257.257      10310.423      18946.835      4708.0288      5279.0903      5198.6482      560.96184     -497.06776      11276.203     -7579.0303     -514.39602      77296.772      42.597795      42.597795      42.597795      1.1152753     -1922.1858      116.76686     -1273.2817    
     99000   99000          551.8916      -1810.5209      26954.364      28966.166      10099.171      18866.995      4623.5177      5328.346       5051.5075      568.11622     -384.85111      11268.914     -7588.5554     -521.85898      76191.373      42.39376       42.39376       42.39376       1.131456      -2537.5512     -686.89146     -2207.1202    
    100000   100000         569.05954     -1438.9916      27531.908      29128.754      10413.33       18715.424      4511.6247      5200.1128      5232.4849      570.44149     -457.25052      11247.678     -7589.6674     -522.55258      76090.241      42.374994      42.374994      42.374994      1.1329598     -1990.2925     -700.89674     -1625.7857    
    101000   101000         556.13184      462.70085      29367.815      28855.902      10176.764      18679.138      4499.0866      5261.0101      5080.6409      557.62472     -421.12168      11295.691     -7593.7938     -524.12999      75861.242      42.332441      42.332441      42.332441      1.1363798      2043.9016     -106.08054     -549.71852    
    102000   102000         558.26951     -617.39398      28345.113      29030.279      10215.881      18814.398      4562.2556      5211.8703      5147.6795      554.06244     -351.98052      11278.603     -7588.0922     -522.51817      76095.253      42.375925      42.375925      42.375925      1.1328852     -612.64984      1331.3346     -2570.8667    
    103000   103000         553.3355       518.69807      29575.455      29001.335      10125.593      18875.742      4643.1133      5258.0314      5057.1793      545.85803     -334.1977       11293.597     -7587.8392     -523.89761      75894.89       42.338699      42.338699      42.338699      1.135876       330.72837      1569.6962     -344.33038    
    104000   104000         566.54039     -788.31479      28308.74       29185.526      10367.232      18818.295      4548.1571      5231.5667      5156.2734      590.01879     -399.76953      11276.581     -7584.5328     -521.36379      76263.738      42.407177      42.407177      42.407177      1.1303823     -2195.7475      56.957696     -226.15454    
    105000   105000         557.57176     -1150.9511      27780.916      29062.407      10203.113      18859.294      4582.9915      5265.3869      5166.3811      538.21139     -409.61815      11293.741     -7577.8002     -520.806        76345.418      42.422311      42.422311      42.422311      1.129173      -2586.1924      449.73994     -1316.4007    
    106000   106000         557.83334      384.64415      29538.128      29109.995      10207.9        18902.095      4607.6718      5411.7441      4956.749       545.44705     -311.90995      11280.986     -7588.5938     -520.97257      76321.009      42.41779       42.41779       42.41779       1.1295341     -361.36093      538.03934      977.25405    
    107000   107000         557.81177     -1.9196255      28923.8        28925.914      10207.505      18718.409      4437.8108      5390.5944      5016.5001      553.6832      -382.6311       11287.775     -7585.3236     -526.58203      75507.993      42.266632      42.266632      42.266632      1.1416961     -8.2850486     -154.20921      156.73538    
    108000   108000         561.98219      390.1249       29571.013      29135.108      10283.821      18851.287      4584.0674      5337.0486      4992.7737      552.45568     -321.01937      11295.707     -7589.7456     -518.97532      76614.725      42.472134      42.472134      42.472134      1.1252038      1449.3055     -265.09025     -13.84056     
    109000   109000         561.16305     -2146.7555      26582.582      28959.535      10268.831      18690.704      4596.0299      5264.7199      5067.0876      556.45582     -469.56068      11263.184     -7587.2126     -523.7171       75921.049      42.343563      42.343563      42.343563      1.1354846     -4314.2763      389.6453      -2515.6355    
    110000   110000         554.49497     -617.41206      28359.555      29048.189      10146.81       18901.379      4591.0394      5349.1638      5118.8215      553.641       -417.61306      11286.134     -7579.8077     -519.90138      76478.258      42.446902      42.446902      42.446902      1.1272116     -756.66123     -387.73412     -707.84083    
    111000   111000         553.16133      1423.0871      30536.018      28952.938      10122.406      18830.532      4477.3397      5400.836       4990.5025      582.45885     -303.14378      11270.533     -7587.9939     -521.27104      76277.309      42.409692      42.409692      42.409692      1.1301812      2142.4492      1559.4432      567.36892    
    112000   112000         560.98479      627.99267      29764.044      29075.636      10265.569      18810.067      4670.0521      5192.5203      5041.6442      552.92825     -363.82631      11302.17      -7585.4218     -528.98522      75164.958      42.202529      42.202529      42.202529      1.1469066      1398.2162      377.51684      108.24493    
    113000   113000         564.0866       1445.6892      30779.646      29177.896      10322.33       18855.566      4609.2395      5236.0325      5034.2917      565.56676     -315.81967      11313.634     -7587.3792     -523.37728      75970.344      42.352726      42.352726      42.352726      1.1347478      175.61672      1941.5589      2219.892     
    114000   114000         557.51336      441.35912      29383.466      28894.985      10202.044      18692.94       4550.8342      5337.1611      4960.3468      529.97213     -406.87841      11303.223     -7581.7191     -523.93684      75889.208      42.337643      42.337643      42.337643      1.135961       749.90563      393.1798       180.99195    
    115000   115000         561.48752     -964.16716      28057.269      29114.54       10274.768      18839.771      4577.563       5348.1125      5092.3005      562.48274     -468.96178      11313.885     -7585.6106     -528.81169      75189.624      42.207145      42.207145      42.207145      1.1465303      619.92643     -1520.5147     -1991.9132    
    116000   116000         567.79973      2187.0186      31492.628      29078.681      10390.277      18688.404      4629.864       5244.1508      4970.1611      557.36419     -428.19546      11298.315     -7583.2554     -525.36315      75683.177      42.299294      42.299294      42.299294      1.1390534      2332.3718      2510.3494      1718.3346    
    117000   117000         554.68752      1239.4327      30333.852      28947.195      10150.334      18796.861      4572.2647      5228.7808      5006.8254      579.86732     -309.13248      11295.783     -7577.5285     -518.30866      76713.269      42.490336      42.490336      42.490336      1.1237584      2242.4674      935.76831      540.06247    
    118000   118000         557.91618      1440.3834      30857.494      29248.051      10209.416      19038.635      4860.0801      5341.6275      4926.3585      587.31311     -383.58207      11288.389     -7581.5515     -518.96395      76616.404      42.472444      42.472444      42.472444      1.1251792      751.69145      878.71411      2690.7446    
    119000   119000         562.26503      3172.8593      32601.461      29070.009      10288.996      18781.012      4681.569       5277.1599      4926.0951      585.09682     -407.97071      11300.759     -7581.6963     -520.99354      76317.936      42.41722       42.41722       42.41722       1.1295796      3963.355       2883.4299      2671.7931    
    120000   120000         553.14307      1454.7297      30408.079      28789.547      10122.072      18667.475      4464.1875      5215.3894      5062.7098      569.20981     -370.34956      11308.618     -7582.29       -521.18987      76289.188      42.411894      42.411894      42.411894      1.1300052      3083.0842      627.05324      654.05152    
    121000   121000         560.20994     -2070.9189      26762.445      29052.366      10251.39       18800.976      4593.4862      5213.3682      5175.8919      551.49419     -441.71522      11288.276     -7579.8253     -524.41776      75819.614      42.324697      42.324697      42.324697      1.1370037     -1151.4184     -4642.3904     -418.94783    
    122000   122000         568.81292      491.0546       29761.752      29217.776      10408.817      18808.959      4653.583       5255.6136      5068.1247      563.14408     -463.33302      11308.498     -7576.672      -523.46187      75958.067      42.350444      42.350444      42.350444      1.1349312      1599.0066     -27.047511     -98.795234    
    123000   123000         566.37839      1854.9416      31103.904      29047.487      10364.267      18683.219      4578.7752      5220.958       5019.7904      565.89583     -379.55608      11266.283     -7588.9273     -523.06291      76016.003      42.361209      42.361209      42.361209      1.1340662      1540.9001      3326.3501      697.57459    
    124000   124000         565.30546     -1057.9742      28086.009      29261.579      10344.634      18916.945      4552.5073      5266.5504      5183.7312      594.86603     -386.32032      11288.085     -7582.4745     -521.86925      76189.873      42.393481      42.393481      42.393481      1.1314782      439.87084     -3453.4442     -160.34929    
    125000   125000         552.6801       380.80096      29244.742      28821.519      10113.6        18707.919      4689.1785      5119.0267      4992.5638      546.33289     -343.97584      11290.799     -7586.0054     -521.75121      76207.111      42.396678      42.396678      42.396678      1.1312223      762.93763      2357.0577     -1977.5925    
    126000   126000         557.41338      278.15875      29231.616      28924.383      10200.215      18724.168      4531.472       5266.0565      5034.088       577.91873     -386.53334      11280.845     -7579.6784     -525.00053      75735.451      42.30903       42.30903       42.30903       1.1382672     -310.59954      630.94545      514.13036    
    127000   127000         549.98272     -98.656918      28709.312      28819.78       10064.24       18755.54       4544.6592      5223.4455      5128.5233      564.78711     -432.36203      11306.669     -7580.1817     -517.87338      76777.749      42.502237      42.502237      42.502237      1.1228147     -936.88967      541.36034      99.558581    
    128000   128000         576.95792      66.508969      29272.51       29198.088      10557.864      18640.224      4484.7032      5223.0935      5093.4914      555.562       -422.44685      11287.986     -7582.1648     -518.22499      76725.656      42.492623      42.492623      42.492623      1.123577      -732.716        363.46287      568.78004    
    129000   129000         563.61377     -580.82796      28176.844      28820.757      10313.677      18507.08       4433.0731      5171.6815      4995.1928      564.23675     -340.42911      11273.05      -7589.7248     -523.06413      76015.825      42.361176      42.361176      42.361176      1.1340689     -807.12106     -602.87586     -332.48695    
    130000   130000         558.6938      -1186.6016      27752.524      29071.35       10223.646      18847.705      4621.076       5161.662       5235.6226      565.64635     -405.86581      11260.025     -7590.4618     -521.73759      76209.1        42.397047      42.397047      42.397047      1.1311928     -1249.3466     -3248.2164      937.75822    
    131000   131000         564.0273       139.26491      28973.454      28819.264      10321.244      18498.019      4551.2302      5169.2618      4989.7693      562.72708     -471.48617      11284.603     -7588.0861     -523.74338      75917.241      42.342855      42.342855      42.342855      1.1355416      1344.4684      1103.7968     -2030.4704    
    132000   132000         563.33185      1543.7949      30869.42       29165.023      10308.518      18856.505      4711.6343      5129.8395      5055.4063      592.67147     -324.79826      11280.315     -7588.563      -525.23513      75701.624      42.30273       42.30273       42.30273       1.1387759      2237.4107      69.800425      2324.1736    
    133000   133000         558.21397      952.25597      29855.783      28800.107      10214.865      18585.242      4520.6367      5203.7996      4985.807       571.03871     -417.26621      11303.267     -7582.0409     -523.06755      76015.329      42.361083      42.361083      42.361083      1.1340763      56.859023      1675.2191      1124.6898    
    134000   134000         566.75575     -93.345966      29307.726      29412.025      10371.173      19040.853      4639.9806      5298.3733      5177.0036      571.00161     -361.86583      11298.834     -7582.4748     -518.9751       76614.759      42.47214       42.47214       42.47214       1.1252033      106.53142      1416.7642     -1803.3335    
    135000   135000         559.04661     -1736.2242      26984.781      28922.995      10230.102      18692.894      4506.0501      5220.9291      5130.1217      565.231       -415.32264      11275.664     -7589.7796     -519.44404      76545.593      42.459356      42.459356      42.459356      1.1262201      353.21064     -2739.9124     -2821.9708    
    136000   136000         556.15871      897.49147      29658.572      28667.194      10177.256      18489.938      4497.0453      5141.7439      5031.2305      575.05258     -441.14095      11277.449     -7591.4423     -524.95932      75741.397      42.310137      42.310137      42.310137      1.1381779      1331.0781      2003.9838     -642.5875     
    137000   137000         555.97701     -876.34289      28059.171      29036.704      10173.931      18862.773      4454.6959      5242.0842      5208.0832      594.52282     -334.5454       11285.15      -7587.2177     -519.84974      76485.856      42.448307      42.448307      42.448307      1.1270997     -1088.2176     -704.30493     -836.50614    
    138000   138000         560.05616      1267.986       30306.543      28895.423      10248.576      18646.847      4530.9689      5281.0575      5003.8636      554.86508     -407.36755      11272.548     -7589.089      -521.05693      76308.652      42.4155        42.4155        42.4155        1.129717       10.131423      2192.6275      1601.199     
    139000   139000         561.59956      104.64734      29187.296      29071.749      10276.819      18794.93       4615.5969      5325.8704      4986.7833      574.32343     -383.19825      11266.808     -7591.2542     -525.17304      75710.573      42.304397      42.304397      42.304397      1.1386413     -351.64846     -1487.6556      2153.2461    
    140000   140000         551.69485      903.53931      29869.986      28874.266      10095.571      18778.696      4525.6118      5329.8462      5052.968       566.25624     -399.74968      11284.306     -7580.5426     -526.19232      75563.916      42.277064      42.277064      42.277064      1.1408512      1982.9102      2033.8935     -1306.1858    
    141000   141000         549.6661      -110.40051      28679.217      28801.774      10058.446      18743.328      4530.7651      5280.3974      5089.2788      559.44051     -399.7713       11271.155     -7587.9378     -522.35687      76118.75       42.380286      42.380286      42.380286      1.1325355     -886.03274      236.46133      318.36988    
    142000   142000         553.68259     -1087.9091      27627.692      28821.09       10131.945      18689.145      4519.3947      5284.3725      5013.6909      566.4078      -395.68406      11285.202     -7584.2383     -528.61825      75217.138      42.212292      42.212292      42.212292      1.1461109     -1219.7954     -1544.3086     -499.62346    
    143000   143000         550.87832     -111.82511      28679.615      28804.33       10080.629      18723.702      4627.2636      5339.4792      4908.6291      565.3833      -399.08714      11265.605     -7583.5715     -519.93913      76472.705      42.445874      42.445874      42.445874      1.1272935      665.75221     -1349.415       348.18741    
    144000   144000         558.57691     -609.38571      28251.832      28927.221      10221.507      18705.714      4518.7741      5292.8028      5092.5208      565.55536     -457.75095      11281.067     -7587.2552     -523.20643      75995.152      42.357335      42.357335      42.357335      1.1343774      550.05859     -3055.6377      677.42202    
    145000   145000         552.62382      2357.2511      31218.871      28629.611      10112.57       18517.041      4463.6014      5130.4776      5027.3394      548.39454     -358.2284       11289.771     -7584.3151     -527.91611      75317.179      42.230998      42.230998      42.230998      1.1445886      6025.6606      2390.4424     -1344.3497    
    146000   146000         561.13836      873.2058       29977.001      29012.99       10268.379      18744.61       4711.0493      5218.4814      4917.8201      579.51448     -370.75112      11280.137     -7591.6403     -525.25391      75698.916      42.302226      42.302226      42.302226      1.1388166      196.12979     -346.11142      2769.599     
    147000   147000         556.94171      1589.0589      30487.266      28729.474      10191.584      18537.891      4640.0537      5256.9455      4772.6504      539.32126     -369.10169      11280.93      -7582.9085     -524.21272      75849.269      42.330214      42.330214      42.330214      1.1365592      3012.7019     -97.631595      1852.1064    
    148000   148000         559.80093     -476.91498      28205.411      28737.241      10243.905      18493.336      4453.6915      5173.5005      5043.3494      552.84937     -426.8812       11281.609     -7584.7826     -519.99928      76463.86       42.444238      42.444238      42.444238      1.1274239      182.8842      -367.16517     -1246.464     
    149000   149000         544.61351      192.43881      28776.579      28564.571      9965.9876      18598.583      4495.0174      5188.2203      5080.2736      553.58678     -406.30715      11278.953     -7591.1611     -526.34923      75541.39       42.272862      42.272862      42.272862      1.1411914     -2352.9838      1216.6348      1713.6655    
    150000   150000         547.32684     -553.32434      28092.886      28701.013      10015.639      18685.374      4550.8546      5352.3263      4974.9534      551.82951     -420.37568      11262.776     -7586.9899     -527.61856      75359.653      42.238935      42.238935      42.238935      1.1439435      956.3656       269.23377     -2885.5724    
    151000   151000         560.59716      187.6226       29181.139      28973.644      10258.475      18715.169      4525.5671      5294.4238      5084.3267      575.10567     -463.3232       11287.268     -7588.1996     -524.3399       75830.872      42.326792      42.326792      42.326792      1.1368349      1266.3911     -173.4643      -530.05899    
    152000   152000         556.82063      862.89545      29754.21       28794.107      10189.368      18604.739      4481.0813      5238.137       5010.0765      541.30908     -364.57569      11283.203     -7584.4919     -521.16517      76292.804      42.412564      42.412564      42.412564      1.1299517      126.28466      583.786        1878.6157    
    153000   153000         561.68965      751.36926      29789.306      28964.377      10278.467      18685.91       4545.3132      5338.0234      4997.4705      564.22757     -457.78502      11283.657     -7584.9964     -528.1676       75281.317      42.224295      42.224295      42.224295      1.1451338      1464.6364      1644.3582     -854.88686    
    154000   154000         557.68081      689.97853      29565.396      28806.352      10205.109      18601.243      4534.7237      5316.4304      4862.207       544.13507     -371.98981      11300.853     -7585.1165     -527.1124       75432.018      42.252451      42.252451      42.252451      1.142846       496.98115      2165.0899     -592.13543    
    155000   155000         553.38261     -186.51951      28729.418      28935.767      10126.455      18809.312      4624.1926      5199.8422      5138.179       592.00549     -438.59113      11283.318     -7589.6337     -524.15155      75858.122      42.331861      42.331861      42.331861      1.1364265      793.36289     -1841.6649      488.74344    
    156000   156000         554.26487      11.741511      28794.428      28781.478      10142.6        18638.878      4578.4372      5258.722       4961.9001      573.4725      -437.66261      11292.247     -7588.2385     -525.74148      75628.714      42.289145      42.289145      42.289145      1.1398737      226.03172     -141.428       -49.379186    
    157000   157000         564.4972       1430.4387      30589.444      29018.976      10329.843      18689.133      4493.6827      5352.5264      4960.1625      566.60031     -373.582        11275.759     -7586.0165     -528.17139      75280.776      42.224193      42.224193      42.224193      1.1451421     -140.57149      962.28908      3469.5986    
    158000   158000         546.25741      300.79634      29070.281      28736.909      9996.0698      18740.839      4524.282       5303.9209      5003.3887      555.32352     -355.95494      11294.76      -7584.8815     -523.21244      75994.279      42.357173      42.357173      42.357173      1.1343904      369.07519      101.69303      431.62081    
    159000   159000         544.27885     -710.49323      27974.806      28755.589      9959.8636      18795.726      4601.6406      5273.2541      5121.9847      552.44977     -449.47716      11281.845     -7585.9713     -527.67228      75351.982      42.237502      42.237502      42.237502      1.1440599     -2184.9228      1382.0704     -1328.6273    
    160000   160000         559.98541      719.08603      29802.879      29000.218      10247.281      18752.937      4553.16        5262.3829      5059.0223      578.94314     -406.83548      11290.124     -7583.8604     -519.49727      76537.75       42.457905      42.457905      42.457905      1.1263355     -136.81582      609.37635      1684.6976    
    161000   161000         544.26703     -784.29861      27866.393      28732.927      9959.6473      18773.28       4605.6646      5368.676       4979.7183      563.87686     -429.89533      11278.117     -7592.8774     -524.84416      75758.016      42.313232      42.313232      42.313232      1.1379282      185.74438      373.03664     -2911.6769    
    162000   162000         561.58918     -480.63091      28578.242      29107.423      10276.629      18830.794      4538.5294      5151.418       5262.9043      586.26181     -413.12263      11295.306     -7590.5025     -526.67508      75494.652      42.264143      42.264143      42.264143      1.1418979      901.1966      -1636.8295     -706.25985    
    163000   163000         550.35351     -1871.5532      26800.843      28882.466      10071.025      18811.441      4586.8291      5340.8129      5109.5318      582.67308     -523.18032      11298.852     -7584.078      -521.35673      76264.771      42.407368      42.407368      42.407368      1.130367      -1743.2688     -1037.1097     -2834.2813    
    164000   164000         550.19766      608.90235      29387.78       28716.262      10068.173      18648.089      4361.528       5272.2562      5097.5199      573.59257     -368.32433      11297.076     -7585.5601     -525.80486      75619.598      42.287446      42.287446      42.287446      1.1400111      396.85363      1715.8621     -286.00874    
    165000   165000         554.61657      684.20239      29515.163      28758.294      10149.036      18609.258      4576.5345      5162.9043      4925.7686      569.37046     -358.00414      11314.251     -7581.5663     -524.20185      75850.842      42.330507      42.330507      42.330507      1.1365356      266.86283      1971.3282     -185.5839     
    166000   166000         552.54044      542.57657      29214.928      28612.269      10111.044      18501.225      4454.0598      5149.6791      5050.5368      560.07882     -418.4233       11287.521     -7582.2275     -522.06477      76161.34       42.388189      42.388189      42.388189      1.1319021      2001.8606      406.80127     -780.93213    
    167000   167000         551.17778      649.08825      29455.337      28737.987      10086.109      18651.878      4642.0047      5235.2218      4923.6113      568.55981     -429.46732      11291.966     -7580.0187     -524.69551      75779.478      42.317227      42.317227      42.317227      1.1376059      1659.3457     -195.14312      483.06218    
    168000   168000         555.00688      35.09668       29051.914      29012.997      10156.178      18856.82       4703.6504      5259.993       4940.325       557.79727     -310.53441      11288.241     -7582.6529     -522.95585      76031.565      42.364099      42.364099      42.364099      1.1338341     -411.67914      497.59236      19.376822    
    169000   169000         550.38618     -55.769317      28655.185      28716.885      10071.623      18645.263      4611.5825      5279.5925      4965.7719      517.41551     -422.72946      11280.967     -7587.3376     -524.13523      75860.483      42.3323        42.3323        42.3323        1.1363912      277.69241     -1098.0599      653.05956    
    170000   170000         548.6881       519.87739      29476.501      28900.164      10040.549      18859.615      4597.6042      5386.981       5017.8764      546.3905      -389.1764       11285.281     -7585.3422     -523.06895      76015.126      42.361046      42.361046      42.361046      1.1340793      1294.6785      2001.2962     -1736.3425    
    171000   171000         554.43075     -593.31995      28040.4        28692.616      10145.635      18546.981      4589.808       5289.2483      4913.4394      547.84197     -482.86392      11279.317     -7589.8097     -527.5118       75374.905      42.241785      42.241785      42.241785      1.143712      -967.9981       368.56895     -1180.5307    
    172000   172000         560.89037     -1101.4031      27987.535      29199.764      10263.841      18935.923      4670.8421      5335.4826      5091.5417      585.20385     -435.67897      11271.978     -7583.4458     -526.86146      75467.946      42.259158      42.259158      42.259158      1.142302       219.17415     -1890.3118     -1633.0716    
    173000   173000         549.08782      708.61384      29419.226      28635.85       10047.864      18587.986      4508.9381      5242.1636      4967.2388      545.11843     -378.45743      11289.931     -7586.9463     -524.5344       75802.753      42.321559      42.321559      42.321559      1.1372566     -507.51336      225.72179      2407.6331    
    174000   174000         553.15176     -410.25569      28119.36       28576.584      10122.231      18454.353      4448.2753      5166.4355      5036.9321      548.31657     -458.50515      11295.081     -7582.1828     -520.30888      76418.362      42.435818      42.435818      42.435818      1.1280951     -487.94149     -180.98621     -561.83936    
    175000   175000         559.86381      541.2641       29300.793      28704.851      10245.056      18459.795      4451.1667      5170.0578      5036.345       546.55709     -452.71833      11294.12      -7585.7332     -526.67189      75495.109      42.264228      42.264228      42.264228      1.141891       1045.702       335.38281      242.70747    
    176000   176000         547.11143     -542.39444      28294.41       28895.916      10011.698      18884.218      4627.5014      5378.1906      5008.586       565.85092     -414.25556      11297.988     -7579.6439     -522.88994      76041.149      42.365879      42.365879      42.365879      1.1336912     -625.65199     -131.56617     -869.96517    
    177000   177000         552.14824     -436.41642      28203.299      28686.189      10103.867      18582.322      4570.5137      5189.232       4972.3382      566.60826     -399.74186      11267.648     -7584.2759     -524.06768      75870.261      42.334119      42.334119      42.334119      1.1362447     -1754.4322      211.44936      233.73364    
    178000   178000         555.40016      2094.301       31038.197      28705.063      10163.375      18541.688      4422.7917      5312.8932      4880.0157      543.32415     -326.74356      11294.533     -7585.1261     -520.51631      76387.908      42.43018       42.43018       42.43018       1.1285449      2903.8111      2762.8779      616.21394    
    179000   179000         552.93919      2458.7272      31417.166      28721.194      10118.341      18602.853      4447.8709      5288.7585      5009.4799      541.98829     -371.19938      11272.674     -7586.7194     -528.84678      75184.635      42.206211      42.206211      42.206211      1.1466064      1643.4265      3295.7986      2436.9564    
    180000   180000         541.81442      813.67453      29617.963      28717.762      9914.7666      18802.995      4621.1007      5224.0215      5083.58        578.27186     -391.12241      11275.891     -7588.747      -524.13862      75859.992      42.332209      42.332209      42.332209      1.1363985      2201.4253      290.13645     -50.538164    
    181000   181000         545.79783      1830.8483      30479.704      28472.708      9987.6598      18485.048      4446.5322      5313.6972      4833.8788      552.50754     -353.49763      11280.293     -7588.3633     -528.98176      75165.45       42.202621      42.202621      42.202621      1.1468991      2676.3654     -495.82106      3312.0005    
    182000   182000         547.22034      1452.2242      30341.717      28720.181      10013.691      18706.491      4549.4561      5261.2658      5023.4168      533.43418     -369.11736      11290.588     -7582.5528     -519.32824      76562.661      42.462511      42.462511      42.462511      1.125969       726.68081     -73.80577       3703.7976    
    183000   183000         551.63982     -226.16823      28576.921      28827.08       10094.563      18732.516      4492.3369      5372.8593      5076.3268      544.62631     -463.23582      11291.93      -7582.3276     -524.26596      75841.568      42.328782      42.328782      42.328782      1.1366746     -1950.692       1955.6312     -683.44378    
    184000   184000         546.07803     -129.87637      28597.479      28741.983      9992.7873      18749.196      4449.8431      5318.361       5098.3723      570.92475     -363.57716      11265.512     -7590.2403     -521.17593      76291.228      42.412272      42.412272      42.412272      1.129975       2087.8346     -480.59214     -1996.8715    
    185000   185000         547.64584     -1063.4131      27529.996      28712.206      10021.477      18690.73       4514.8072      5271.3782      5140.0709      565.28004     -476.99569      11264.878     -7588.6893     -521.60555      76228.391      42.400624      42.400624      42.400624      1.1309065     -1792.2429     -119.73039     -1278.2662    
    186000   186000         538.38802      604.92523      29185.487      28513.666      9852.0662      18661.6        4505.3972      5240.7811      5033.831       574.06549     -391.08425      11283.439     -7584.8299     -522.1348       76151.124      42.386293      42.386293      42.386293      1.132054      -271.87005      1229.9866      856.65913    
    187000   187000         553.63542     -653.82711      28030.184      28751.001      10131.081      18619.92       4526.9052      5285.9498      5002.7625      568.56476     -469.3712       11278.02      -7572.9111     -525.98437      75593.79       42.282635      42.282635      42.282635      1.1404003      74.941822     -2081.3762      44.953046    
    188000   188000         552.71405      454.86279      29307.34       28800.395      10114.221      18686.174      4496.8139      5174.6955      5117.9364      557.79687     -359.37694      11280.095     -7581.7867     -520.29993      76419.676      42.436061      42.436061      42.436061      1.1280757      1125.9144     -1426.7184      1665.3924    
    189000   189000         543.84441      133.72115      28644.55       28497.417      9951.9137      18545.503      4545.1545      5308.6696      4903.7981      557.49811     -468.01517      11278.007     -7579.6095     -527.01627      75445.777      42.25502       42.25502       42.25502       1.1426376     -4.0068354      75.749569      329.42071    
    190000   190000         548.96173      1860.5359      30423.639      28367.865      10045.557      18322.308      4443.5814      5117.5322      4952.7229      542.40293     -421.31685      11274.495     -7587.1098     -524.80429      75763.77       42.314303      42.314303      42.314303      1.1378418      2738.5376      902.97289      1940.0972    
    191000   191000         555.61682      230.92904      28915.607      28662.059      10167.339      18494.72       4489.7132      5132.3784      5070.014       535.76039     -424.81555      11278.444     -7586.7745     -528.14495      75284.544      42.224898      42.224898      42.224898      1.1450847      637.16845     -84.557614      140.17627    
    192000   192000         541.34173      647.65502      29242.236      28527.744      9906.1167      18621.627      4439.7347      5382.978       5001.0301      545.90959     -461.37107      11293.631     -7580.2858     -525.63078      75644.642      42.292114      42.292114      42.292114      1.1396337      272.89966      2332.3024     -662.23697    
    193000   193000         550.3552       926.66037      29796.129      28772.534      10071.056      18701.478      4548.1         5294.8211      4991.4472      560.83888     -417.12484      11301.754     -7578.3583     -524.96112      75741.137      42.310089      42.310089      42.310089      1.1381818      2234.4146      1738.9288     -1193.3623    
    194000   194000         554.07512     -399.86833      28304.443      28747.415      10139.127      18608.288      4486.6835      5281.9101      4986.4345      542.37864     -375.71191      11270.994     -7584.4007     -523.45048      75959.72       42.350751      42.350751      42.350751      1.1349065     -1618.86        311.64571      107.60932    
    195000   195000         546.98856     -1565.9509      26747.913      28480.16       10009.449      18470.711      4507.7047      5300.8177      4867.5903      538.52073     -448.58561      11283.65      -7578.9866     -524.20745      75850.033      42.330356      42.330356      42.330356      1.1365477     -1564.1523     -1719.4399     -1414.2604    
    196000   196000         565.57412      1056.1916      30137.113      28973.354      10349.55       18623.804      4629.0909      5289.8536      4906.0992      578.08187     -449.4002       11253.992     -7583.9133     -526.27691      75551.769      42.274799      42.274799      42.274799      1.1410346      1227.8766      1442.1402      498.55812    
    197000   197000         551.73495      1140.192       29963.59       28705.341      10096.304      18609.037      4511.0188      5345.5659      4931.1247      565.8933      -456.49369      11295.954     -7584.0254     -525.46795      75668.082      42.296482      42.296482      42.296482      1.1392807      2125.4889     -307.10467      1602.1918    
    198000   198000         548.1049      -1236.3253      26991.272      28358.231      10029.877      18328.354      4477.0579      5133.8812      4944.459       529.65516     -460.28503      11284.442     -7580.8559     -524.45943      75813.589      42.323576      42.323576      42.323576      1.1370941     -1862.0685     -1265.106      -581.8014     
    199000   199000         549.14563     -2527.8418      25782.448      28607.251      10048.922      18558.33       4471.2721      5303.4754      4944.119       562.31678     -425.3124       11282.391     -7579.932      -518.91541      76623.572      42.473769      42.473769      42.473769      1.1250739     -2716.4183     -1722.1328     -3144.9743    
    200000   200000         553.22475      2093.9328      30902.98       28608.621      10123.566      18485.054      4476.0043      5317.1711      4871.5741      571.03507     -440.93895      11275.563     -7585.355      -529.2198       75131.64       42.196292      42.196292      42.196292      1.1474152      2878.1757     -597.76112      4001.3839    
    201000   201000         558.11191      1388.1199      30081.528      28558.795      10212.997      18345.798      4530.6786      5107.9976      4921.9569      546.45055     -455.2695       11281.358     -7587.3746     -528.61345      75217.821      42.21242       42.21242       42.21242       1.1461005      1825.8281      1356.7262      981.80548    
    202000   202000         542.08135     -3.9892345      28422.054      28426.465      9919.6512      18506.814      4464.1964      5190.0238      5034.8713      556.63635     -444.69045      11293.475     -7587.6984     -524.40874      75820.918      42.324939      42.324939      42.324939      1.1369842     -826.15465      1066.6172     -252.43024    
    203000   203000         552.51133     -1141.2482      27425.24       28692.671      10110.511      18582.16       4551.058       5267.5158      5026.8667      548.37912     -521.99001      11294.746     -7584.4159     -522.14423      76149.749      42.386038      42.386038      42.386038      1.1320744     -1861.3722     -790.50357     -771.86874    
    204000   204000         558.72026      1910.7432      30641.429      28554.618      10224.13       18330.488      4510.326       5147.6279      4917.7929      566.0458      -497.9111       11278.039     -7591.4316     -530.95053      74886.736      42.150394      42.150394      42.150394      1.1511676      1167.215       2079.213       2485.8016    
    205000   205000         550.42064     -452.24437      28300.053      28802.911      10072.254      18730.657      4616.5986      5282.7139      5029.4396      560.987       -467.15669      11292.141     -7584.0657     -521.51009      76242.345      42.403211      42.403211      42.403211      1.1306995     -1699.8723     -923.57795      1266.7172    
    206000   206000         550.30858      457.16979      29216.737      28711.421      10070.203      18641.218      4614.9583      5211.7537      4925.8472      544.80678     -348.23962      11274.966     -7582.8743     -524.62546      75789.597      42.319111      42.319111      42.319111      1.137454       1891.9119     -1842.9636      1322.5611    
    207000   207000         544.11469      411.0172       28858.999      28404.361      9956.8597      18447.501      4508.5153      5229.1995      4899.7061      557.11621     -441.75801      11280.798     -7586.0757     -524.23841      75845.553      42.329523      42.329523      42.329523      1.1366149     -106.10365      147.67261      1191.4826    
    208000   208000         547.1438       542.18448      29284.819      28684.685      10012.29       18672.395      4478.9126      5314.43        5034.7764      560.64422     -427.40232      11290.889     -7579.8549     -523.88195      75897.16       42.339121      42.339121      42.339121      1.135842       2505.9069     -3.3947913     -875.95867    
    209000   209000         549.89298     -2416.6858      25966.089      28623.689      10062.598      18561.092      4347.288       5295.7281      5207.0514      571.02363     -525.05017      11251.085     -7586.0341     -527.30917      75403.869      42.247195      42.247195      42.247195      1.1432727     -2927.9668     -1876.785      -2445.3055    
    210000   210000         550.05012      1479.6747      29984.727      28369.009      10065.473      18303.535      4420.3827      5189.1489      4913.9423      537.42566     -440.79831      11271.478     -7588.0435     -531.04999      74872.71       42.147762      42.147762      42.147762      1.1513832      2875.9327     -407.71882      1970.8102    
    211000   211000         547.92978      910.28501      29716.399      28710.277      10026.673      18683.604      4535.756       5309.6693      4982.9049      545.22183     -396.3871       11290.357     -7583.918      -524.63997      75787.501      42.31872       42.31872       42.31872       1.1374855      551.50939      1268.6239      910.72169    
    212000   212000         543.49332      433.68898      28878.016      28400.123      9945.4891      18454.634      4439.3932      5237.4093      4983.1381      566.22832     -461.98547      11277.971     -7587.5213     -526.23814      75557.335      42.275837      42.275837      42.275837      1.1409505     -1801.0881      591.49798      2510.657     
    213000   213000         548.01934     -1235.8896      27227.742      28589.846      10028.312      18561.535      4472.9048      5269.3589      4960.3876      562.37308     -406.31605      11284.476     -7581.6501     -526.14338      75570.944      42.278375      42.278375      42.278375      1.1407451     -1501.2294      387.39909     -2593.8384    
    214000   214000         551.90372      360.17693      29068.265      28671.121      10099.393      18571.728      4569.0299      5249.4327      4893.3166      567.94362     -389.28554      11268.009     -7586.7178     -525.89962      75605.972      42.284906      42.284906      42.284906      1.1402166      1710.9106      58.233771     -688.61356    
    215000   215000         549.83011      709.15024      29381.64       28596.475      10061.447      18535.028      4535.4069      5159.0267      4987.654       579.15329     -404.56942      11266.447     -7588.0904     -523.73582      75918.336      42.343059      42.343059      42.343059      1.1355252      1318.7802      436.28906      372.38143    
    216000   216000         553.48295      1083.2346      29827.585      28647.684      10128.291      18519.393      4604.4046      5275.8124      4893.973       562.24782     -511.06025      11279.658     -7585.643      -532.36782      74687.369      42.112955      42.112955      42.112955      1.1542405      1159.6534      1502.4359      587.61444    
    217000   217000         546.98489      701.58167      29452.894      28674.42       10009.382      18665.037      4581.8007      5287.505       5024.4126      564.59889     -481.81747      11279.386     -7590.8483     -522.59921      76083.452      42.373734      42.373734      42.373734      1.1330609      1311.4572     -1336.8264      2130.1142    
    218000   218000         546.65065      1328.2648      29981.066      28520.566      10003.266      18517.3        4463.4118      5153.5982      5073.7611      582.84438     -476.58401      11301.998     -7581.7298     -527.37279      75394.773      42.245496      42.245496      42.245496      1.1434106      1186.0696      699.02917      2099.6956    
    219000   219000         538.93752     -1316.5907      27193.689      28650.8        9862.1216      18788.679      4439.3599      5384.9233      5139.0888      555.26262     -436.96958      11287.801     -7580.7873     -523.95366      75886.772      42.33719       42.33719       42.33719       1.1359975     -477.63361     -3379.2003     -92.938153    
    220000   220000         545.78353     -272.65781      28114.507      28413.356      9987.3981      18425.958      4404.9451      5270.2613      4976.5805      547.48553     -456.57161      11272.833     -7589.5762     -529.05635      75154.852      42.200637      42.200637      42.200637      1.1470608      1000.3902     -984.44604     -833.91761    
    221000   221000         545.57542      1268.3012      30142.979      28746.367      9983.5899      18762.777      4621.9579      5303.2362      4990.0774      564.36638     -409.53244      11274.468     -7581.7963     -526.60075      75505.308      42.266131      42.266131      42.266131      1.1417367      193.78827      1550.4044      2060.711     
    222000   222000         541.31932     -650.85764      27762.643      28481.391      9905.7066      18575.684      4432.4432      5268.0769      5001.0494      565.58606     -393.95238      11284.385     -7581.904      -525.10262      75720.727      42.306288      42.306288      42.306288      1.1384886     -724.27732     -408.88911     -819.40648    
    223000   223000         552.01784     -1305.4862      27266.621      28717.534      10101.481      18616.053      4544.3658      5183.4284      5061.1997      541.88278     -389.44724      11260.383     -7585.7594     -521.75379      76206.733      42.396608      42.396608      42.396608      1.1312279     -148.2607      -1202.1167     -2566.0812    
    224000   224000         551.70688     -752.35964      27694.38       28520.861      10095.791      18425.07       4394.3972      5190.9791      5050.8455      547.33502     -456.63463      11279.992     -7581.844      -527.87049      75323.687      42.232215      42.232215      42.232215      1.1444897      296.38111     -271.53844     -2281.9216    
    225000   225000         542.39713     -1147.8992      27310.156      28569.458      9925.4298      18644.028      4512.0563      5127.6302      5222.052       548.78529     -459.87409      11278.26      -7584.8808     -528.57742      75222.948      42.213379      42.213379      42.213379      1.1460224     -174.69827     -706.35008     -2562.6491    
    226000   226000         547.31625     -582.37429      27998.616      28642.941      10015.446      18627.495      4462.5837      5197.7358      5100.3635      541.06776     -375.81289      11279.894     -7578.3362     -524.12155      75862.463      42.332669      42.332669      42.332669      1.1363615     -431.35243     -1364.3387      48.568237    
    227000   227000         549.96876     -646.28803      27841.309      28551.272      10063.984      18487.287      4436.0613      5104.0653      5133.2521      576.35001     -450.30287      11272.585     -7584.7235     -527.86781      75324.07       42.232286      42.232286      42.232286      1.1444839      526.87389     -1981.9872     -483.75078    
    228000   228000         550.53492      443.46259      28898.728      28406.041      10074.345      18331.696      4375.4383      5181.0103      4949.1002      542.21299     -398.52506      11264.862     -7582.4022     -521.94076      76179.435      42.391545      42.391545      42.391545      1.1316333      969.67804     -667.65684      1028.3666    
    229000   229000         559.53611     -705.7197       28068.654      28849.472      10239.059      18610.413      4592.2533      5227.5452      4933.7204      561.78735     -405.07197      11278.25      -7578.0718     -524.10394      75865.013      42.333143      42.333143      42.333143      1.1363233     -126.74759      1405.9083     -3396.3198    
    230000   230000         542.91563      367.10226      28871.642      28462.354      9934.9178      18527.437      4561.2768      5164.919       4934.2037      567.50278     -401.51502      11281.9       -7580.8504     -520.10721      76447.992      42.441302      42.441302      42.441302      1.1276579      1441.0046      611.84013     -951.53795    
    231000   231000         541.43056     -2291.6606      25964.066      28490.443      9907.7423      18582.701      4476.7679      5107.3985      5178.93        591.4812      -462.39461      11275.285     -7584.7672     -526.00147      75591.332      42.282176      42.282176      42.282176      1.1404374     -2158.0818     -1477.6229     -3239.2772    
    232000   232000         544.38952     -409.57388      28201.053      28654.447      9961.8888      18692.558      4578.3401      5190.3175      5119.9974      562.30563     -452.79241      11278.964     -7584.5739     -523.83174      75904.434      42.340474      42.340474      42.340474      1.1357332     -1056.193       365.2449      -537.77353    
    233000   233000         538.07741      445.6618       28736.053      28245.595      9846.3822      18399.213      4439.229       5150.5719      5044.9387      532.83087     -453.84672      11275.556     -7590.067      -526.91235      75460.656      42.257798      42.257798      42.257798      1.1424123     -1586.9165      629.98344      2293.9185    
    234000   234000         539.15907      632.09094      29175.916      28483.905      9866.1759      18617.729      4494.4337      5312.722       5016.5567      547.91502     -465.07564      11290.083     -7578.9049     -529.66528      75068.45       42.184459      42.184459      42.184459      1.148381       813.75452      682.86178      399.65654    
    235000   235000         548.65704     -689.60956      27965.443      28722.325      10039.981      18682.344      4616.7893      5245.3523      5075.9423      550.8899      -515.49768      11291.809     -7582.9415     -528.3359       75257.336      42.219811      42.219811      42.219811      1.1454987     -1055.1826      737.02789     -1750.674     
    236000   236000         539.0161       486.37222      29046.922      28513.761      9863.5596      18650.201      4504.0332      5311.1595      5038.9629      559.63545     -462.94346      11280.891     -7581.5378     -528.9866       75164.762      42.202492      42.202492      42.202492      1.1469096      621.71761      919.90809     -82.509022    
    237000   237000         554.72631      782.76384      29450.165      28582.447      10151.044      18431.403      4465.5926      5317.0815      4903.2077      530.36947     -480.52852      11279.074     -7583.3939     -523.10258      76010.239      42.360138      42.360138      42.360138      1.1341522     -810.87398      3359.842      -200.67647    
    238000   238000         548.88007      625.64839      29144.215      28451.532      10044.062      18407.47       4483.0856      5145.9951      4943.59        534.7528      -407.5235       11291.202     -7583.6326     -523.7582       75915.091      42.342456      42.342456      42.342456      1.1355737     -1016.6896      1725.3006      1168.3342    
    239000   239000         548.48769     -131.69889      28411.561      28555.911      10036.882      18519.03       4361.0912      5265.3672      5112.4905      559.39627     -501.3175       11302.823     -7580.8217     -529.05346      75155.263      42.200714      42.200714      42.200714      1.1470545      575.60412      572.95438     -1543.6552    
    240000   240000         549.06319      750.0905       29146.994      28312.856      10047.413      18265.443      4422.9411      5166.8577      4862.7884      538.17372     -441.06683      11293.983     -7578.2338     -521.44798      76251.426      42.404895      42.404895      42.404895      1.1305649     -97.127204      1889.9482      457.45047    
    241000   241000         546.14355     -411.849        28156.587      28614.935      9993.9862      18620.949      4549.8342      5167.0795      5125.8209      560.13567     -472.38824      11271.335     -7580.8682     -521.04768      76310.007      42.415751      42.415751      42.415751      1.129697      -929.7284      -686.38688      380.56828    
    242000   242000         551.04458      214.41793      28807.643      28569.894      10083.671      18486.223      4479.3307      5254.7652      4871.2035      558.27553     -409.72899      11315.176     -7582.7997     -522.96866      76029.703      42.363753      42.363753      42.363753      1.1338619      1613.6013      214.21981     -1184.5673    
    243000   243000         543.86323      770.61076      29273.39       28424.263      9952.2581      18472.004      4495.3207      5160.4196      4961.7978      568.41756     -413.2009       11284.443     -7585.1935     -526.25611      75554.756      42.275356      42.275356      42.275356      1.1409895      764.12468      2231.9915     -684.2839     
    244000   244000         540.80379     -312.67741      28160.212      28502.485      9896.2728      18606.212      4498.9392      5361.9198      4975.4415      564.31793     -484.84894      11274.223     -7583.7807     -529.7351       75058.556      42.182606      42.182606      42.182606      1.1485324     -360.14971      475.64454     -1053.5271    
    245000   245000         554.50837      270.10748      29088.532      28788.868      10147.056      18641.813      4526.2504      5251.0034      5080.2114      550.35673     -462.73732      11283.829     -7587.1014     -522.68172      76071.441      42.371504      42.371504      42.371504      1.1332398     -574.434        726.86153      657.89493    
    246000   246000         546.17358     -560.41505      27937.551      28556.396      9994.5357      18561.86       4426.0984      5250.1106      5145.3665      538.21344     -497.60504      11286.038     -7586.3615     -525.12527      75717.461      42.30568       42.30568       42.30568       1.1385377      425.08624     -240.74406     -1865.5873    
    247000   247000         559.98261      1926.9951      31080.568      28956.331      10247.23       18709.101      4523.19        5218.2669      5024.5494      558.13189     -342.89711      11310.551     -7582.6905     -526.03243      75586.884      42.281347      42.281347      42.281347      1.1405045     -1057.4912      3136.7312      3701.7452    
    248000   248000         534.74037      886.30759      29531.376      28547.443      9785.3171      18762.126      4566.198       5332.6218      4998.805       551.85678     -410.28256      11299.257     -7576.3303     -522.34071      76121.105      42.380723      42.380723      42.380723      1.1325004      1501.2411      1995.0207     -837.33899    
    249000   249000         535.71419     -847.02063      27437.427      28373.602      9803.1373      18570.465      4546.0923      5305.4849      4973.8024      559.16269     -504.42737      11275.964     -7585.6139     -524.65227      75785.724      42.31839       42.31839       42.31839       1.1375122     -1257.8074     -698.32723     -584.92732    
    250000   250000         554.85182     -2677.2642      25812.425      28770.442      10153.34       18617.101      4590.6676      5237.3907      5037.9997      571.06469     -500.6386       11271.945     -7591.3275     -524.83825      75758.869      42.313391      42.313391      42.313391      1.1379154     -1898.012      -2297.8745     -3835.906     
Loop time of 515.505 on 1 procs for 250000 steps with 6140 atoms

Performance: 41.901 ns/day, 0.573 hours/ns, 484.962 timesteps/s, 2.978 Matom-step/s
100.0% CPU use with 1 MPI tasks x 1 OpenMP threads

MPI task timing breakdown:
Section |  min time  |  avg time  |  max time  |%varavg| %total
---------------------------------------------------------------
Pair    | 50.493     | 50.493     | 50.493     |   0.0 |  9.79
Bond    | 65.055     | 65.055     | 65.055     |   0.0 | 12.62
Kspace  | 237.33     | 237.33     | 237.33     |   0.0 | 46.04
Neigh   | 61.983     | 61.983     | 61.983     |   0.0 | 12.02
Comm    | 11.049     | 11.049     | 11.049     |   0.0 |  2.14
Output  | 2.1329     | 2.1329     | 2.1329     |   0.0 |  0.41
Modify  | 77.192     | 77.192     | 77.192     |   0.0 | 14.97
Other   |            | 10.27      |            |       |  1.99

Nlocal:           6140 ave        6140 max        6140 min
Histogram: 1 0 0 0 0 0 0 0 0 0
Nghost:          16509 ave       16509 max       16509 min
Histogram: 1 0 0 0 0 0 0 0 0 0
Neighs:              0 ave           0 max           0 min
Histogram: 1 0 0 0 0 0 0 0 0 0
FullNghs:  3.16438e+06 ave 3.16438e+06 max 3.16438e+06 min
Histogram: 1 0 0 0 0 0 0 0 0 0

Total # of neighbors = 3164376
Ave neighs/atom = 515.37068
Ave special neighs/atom = 5.6319218
Neighbor list builds = 14875
Dangerous builds = 0

# --- Cleanup ---
unfix npt_fix

undump dump_npt

# --- Write Output ---
write_dump all custom cool_block_09_last.dump id type mol x y z xu yu zu vx vy vz modify sort id
write_data /home/alexzhao/PolyJarvis/data/PEEK_2/attempts/cooling/attempt-0001/work/cool_block_09/cool_block_09_out.data
System init for write_data ...
PPPM Kokkos initialization ...
  using 12-bit tables for long-range coulomb
  G vector (1/distance) = 0.30573513
  grid = 32 32 32
  stencil order = 5
  estimated absolute RMS force accuracy = 0.00040141793
  estimated relative force accuracy = 1.2088582e-06
  using double precision cuFFT
  3d grid and FFT values/proc = 59319 32768
Generated 21 of 21 mixed pair_coeff terms from sixthpower/sixthpower mixing rule
write_restart /home/alexzhao/PolyJarvis/data/PEEK_2/attempts/cooling/attempt-0001/work/cool_block_09/cool_block_09_out.restart
System init for write_restart ...
PPPM Kokkos initialization ...
  using 12-bit tables for long-range coulomb
  G vector (1/distance) = 0.30573513
  grid = 32 32 32
  stencil order = 5
  estimated absolute RMS force accuracy = 0.00040141793
  estimated relative force accuracy = 1.2088582e-06
  using double precision cuFFT
  3d grid and FFT values/proc = 59319 32768
Generated 21 of 21 mixed pair_coeff terms from sixthpower/sixthpower mixing rule

print "STAGE COMPLETE: NPT T=570.0->545.0K P=1.0->1.0atm steps=250000"
STAGE COMPLETE: NPT T=570.0->545.0K P=1.0->1.0atm steps=250000
quit
