units real
atom_style full
boundary p p p

# --- Force Field Styles ---
pair_style lj/class2/coul/long 9.5 9.5
kspace_style pppm 1e-6
dielectric 1.000000
bond_style class2
angle_style class2
dihedral_style class2
improper_style class2
special_bonds lj/coul 0 0 1
pair_modify mix sixthpower tail yes
neighbor 2.0 bin
neigh_modify delay 0 every 1 check yes
neigh_modify one 4000
# KOKKOS: package loaded via -pk kokkos on the command line

read_data /home/arz2/PolyJarvis_v2/data/aPS_1/attempts/cooling/attempt-0001/work/cool_block_01/cool_block_01_out.data
Reading data file ...
  orthogonal box = (4.3383002 4.3383002 4.3383002) to (49.94557 49.94557 49.94557)
  1 by 1 by 1 MPI processor grid
  reading atoms ...
  7860 atoms
  reading velocities ...
  7860 velocities
  scanning bonds ...
  4 = max bonds/atom
  scanning angles ...
  14 = max angles/atom
  scanning dihedrals ...
  34 = max dihedrals/atom
  scanning impropers ...
  11 = max impropers/atom
  orthogonal box = (4.3383002 4.3383002 4.3383002) to (49.94557 49.94557 49.94557)
  1 by 1 by 1 MPI processor grid
  reading bonds ...
  8340 bonds
  reading angles ...
  14700 angles
  reading dihedrals ...
  23430 dihedrals
  reading impropers ...
  6860 impropers
Finding 1-2 1-3 1-4 neighbors ...
  special bond factors lj:    0        0        1       
  special bond factors coul:  0        0        1       
     4 = max # of 1-2 neighbors
     8 = max # of 1-3 neighbors
    12 = max # of special neighbors
  special bonds CPU = 0.004 seconds
  read_data CPU = 0.306 seconds


# --- Thermo Output ---
thermo_style custom step time temp press enthalpy etotal ke pe ebond eangle edihed eimp evdwl ecoul elong etail vol lx ly lz density pxx pyy pzz
thermo_modify flush yes
thermo 1000

# --- Trajectory ---
dump dump_npt all custom 1000 cool_block_02.dump id type mol x y z ix iy iz vx vy vz


# --- Restart Checkpointing ---
restart 10000 npt_1.rst npt_2.rst

# --- Initial Velocities (optional) ---
# Velocities read from data file

# --- SHAKE Constraints ---
# SHAKE disabled

# --- NPT Thermostat + Barostat (Nose-Hoover) ---
# T_damp = 100.0 fs  (heat bath coupling)
# P_damp = 1000.0 fs  (pressure bath coupling, ~10x T_damp typical)
# Ramp: T=548.0->523.0K  P=1.0->1.0atm
timestep 1.0
fix npt_fix all npt temp 548.0 523.0 100.0 iso 1.0 1.0 1000.0

run 250000
PPPM Kokkos initialization ...
  using 12-bit tables for long-range coulomb
  G vector (1/distance) = 0.29965955
  grid = 32 32 32
  stencil order = 5
  estimated absolute RMS force accuracy = 0.0003036913
  estimated relative force accuracy = 9.1455733e-07
  using double precision cuFFT
  3d grid and FFT values/proc = 59319 32768
Generated 6 of 6 mixed pair_coeff terms from sixthpower/sixthpower mixing rule
Neighbor list info ...
  update: every = 1 steps, delay = 0 steps, check = yes
  max neighbors/atom: 4000, page size: 100000
  master list distance cutoff = 11.5
  ghost atom cutoff = 11.5
  binsize = 11.5, bins = 4 4 4
  1 neighbor lists, perpetual/occasional/extra = 1 0 0
  (1) pair lj/class2/coul/long/kk, perpetual
      attributes: full, newton off, kokkos_device
      pair build: full/bin/kk/device
      stencil: full/bin/3d
      bin: kk/device
Per MPI rank memory allocation (min/avg/max) = 46.86 | 46.86 | 46.86 Mbytes
   Step          Time           Temp          Press         Enthalpy        TotEng         KinEng         PotEng         E_bond        E_angle        E_dihed        E_impro         E_vdwl         E_coul         E_long         E_tail         Volume           Lx             Ly             Lz          Density          Pxx            Pyy            Pzz      
         0   0              551.03049     -547.42331      23296.401      24053.759      12908.543      11145.216      5905.0748      5113.3493     -1291.9772      461.22889      1039.0941      4696.9247     -4778.4783     -454.77981      94864.173      45.60727       45.60727       45.60727       0.89368825    -882.73087      1368.9495     -2128.4886    
      1000   1000           551.68515      1143.8249      25170.57       23615.504      12923.879      10691.626      5729.7854      4979.0277     -1330.8593      428.73214      979.71465      4690.3438     -4785.1189     -462.79674      93220.862      45.342386      45.342386      45.342386      0.90944232     689.47504      1802.7131      939.28673    
      2000   2000           552.86608     -233.52191      23591.542      23913.297      12951.544      10961.753      5718.43        5119.8471     -1229.1958      451.55136      997.95815      4677.7634     -4774.6009     -456.64834      94476.004      45.544979      45.544979      45.544979      0.8973601     -782.63367      1217.003      -1134.935     
      3000   3000           545.70023     -423.71981      23156.379      23734.417      12783.675      10950.742      5793.6848      5104.5729     -1276.3835      448.65768      982.5268       4678.7239     -4781.0404     -461.21267      93541.035      45.394237      45.394237      45.394237      0.90632947    -1060.8651      431.42642     -641.72072    
      4000   4000           552.19581      1096.3522      25450.03       23931.843      12935.842      10996.001      5703.0919      5033.438      -1230.149       459.06348      1112.1588      4689.7502     -4771.3522     -454.36421      94950.946      45.621171      45.621171      45.621171      0.89287154     475.26466      2010.377       803.41478    
      5000   5000           539.00016     -1569.5942      21242.985      23396.46       12626.718      10769.742      5728.588       5010.2765     -1237.1699      447.10408      919.95209      4683.0831     -4782.0917     -458.59242      94075.501      45.48053       45.48053       45.48053       0.9011804     -1785.1005     -1073.3713     -1850.3109    
      6000   6000           555.19136      1447.5867      25846.701      23877.3        13006.016      10871.284      5709.6214      5089.9643     -1269.6144      460.14489      990.15447      4670.5515     -4779.5386     -462.4764       93285.433      45.352853      45.352853      45.352853      0.90881282     1253.0451      1480.1431      1609.5719    
      7000   7000           549.94589     -243.58955      23433.227      23766.558      12883.135      10883.424      5815.4129      5127.6605     -1388.1048      447.70172      988.26065      4667.4131     -4774.9205     -459.79218      93830.023      45.440937      45.440937      45.440937      0.90353806    -291.12674     -1302.0838      862.44187    
      8000   8000           542.72946     -2523.1995      20176.077      23655.215      12714.081      10941.134      5716.4366      5183.4394     -1225.432       436.51622      934.1752       4672.245      -4776.2467     -456.30912      94546.238      45.556262      45.556262      45.556262      0.8966935     -2911.0325     -3297.9168     -1360.649     
      9000   9000           549.83693     -393.82486      23389.709      23930.029      12880.582      11049.447      5878.834       5062.7602     -1259.368       476.68935      979.28543      4685.3615     -4774.1158     -458.59754      94074.449      45.48036       45.48036       45.48036       0.90119047     166.38069      1156.7341     -2504.5894    
     10000   10000          543.46943      833.58117      24699.095      23554.371      12731.416      10822.955      5709.5763      5067.1139     -1280.7025      447.83589      991.20977      4668.5539     -4780.6324     -458.16966      94162.304      45.494514      45.494514      45.494514      0.90034964     1879.5623     -327.25521      948.43642    
     11000   11000          550.11149     -1055.4142      22455.484      23902.675      12887.014      11015.661      5842.689       5088.4492     -1268.9006      458.64799      972.54821      4693.9254     -4771.6984     -458.85589      94021.482      45.471823      45.471823      45.471823      0.90169816    -1439.0585     -599.28995     -1127.8941    
     12000   12000          549.82242      66.060471      23869.731      23778.919      12880.242      10898.677      5689.7309      5094.8404     -1257.1478      463.21461      1008.5547      4676.4696     -4776.9857     -457.6961       94259.73       45.510199      45.510199      45.510199      0.89941905    -1813.0269      695.12046      1316.0878    
     13000   13000          545.97551      1084.5675      24998.381      23505.828      12790.124      10715.704      5593.2839      5106.563      -1351.6819      449.79341      1007.9969      4688.2398     -4778.4908     -457.19989      94362.033      45.526657      45.526657      45.526657      0.89844394     708.00183      638.41022      1907.2904    
     14000   14000          544.15759      527.3043       24449.389      23724.536      12747.537      10976.999      5801.0254      5174.6664     -1385.9239      444.96969      1051.2358      4668.8093     -4777.7833     -457.71034      94256.798      45.509727      45.509727      45.509727      0.89944703     1071.8995     -60.955599      570.96901    
     15000   15000          540.64178     -1051.0819      22231.049      23670.23       12665.175      11005.055      5839.8367      5155.623      -1303.447       447.4287       966.69344      4679.4914     -4780.5716     -459.5159       93886.438      45.450042      45.450042      45.450042      0.90299514    -1049.5187     -726.76672     -1376.9604    
     16000   16000          562.8388       950.67466      25504.967      24197.265      13185.167      11012.099      5730.5188      5134.1349     -1282.4393      450.88139      1076.1332      4680.0751     -4777.2054     -457.40673      94319.363      45.519794      45.519794      45.519794      0.8988504      707.14115      1835.0562      309.82658    
     17000   17000          545.86214     -859.01894      22490.219      23670.423      12787.468      10882.955      5755.7058      5140.5817     -1304.8509      427.9939       957.86908      4684.2633     -4778.6084     -457.95733      94205.963      45.501544      45.501544      45.501544      0.89993239    -727.86433     -705.88115     -1143.3113    
     18000   18000          546.83604      907.44193      25049.009      23796.494      12810.283      10986.211      5791.2743      5130.7608     -1321.8682      452.07869      1050.6539      4663.1643     -4779.8525     -455.84285      94642.948      45.57179       45.57179       45.57179       0.89577722     1126.5602      1499.4965      96.269013    
     19000   19000          543.70089      1531.9191      25833.077      23734.246      12736.838      10997.408      5773.2641      5094.6939     -1334.8471      448.17323      1129.507       4667.3631     -4780.7461     -459.23793      93943.266      45.45921       45.45921       45.45921       0.9024489      571.82852      1924.7946      2099.1342    
     20000   20000          553.46983      305.57576      24185.857      23762.091      12965.687      10796.404      5775.0746      5071.2357     -1417.8296      443.67778      1017.8537      4680.2058     -4773.814      -453.70394      95089.125      45.643291      45.643291      45.643291      0.89157406     345.21455      709.11568     -137.60295    
     21000   21000          550.05202      1113.2675      25399.663      23881.329      12885.621      10995.708      5780.3247      5125.9672     -1304.0298      459.60675      1023.0381      4689.917      -4779.1155     -461.32988      93517.271      45.390393      45.390393      45.390393      0.90655979     863.93707      1228.8647      1247.0006    
     22000   22000          551.16888      34.213874      24081.791      24034.293      12911.785      11122.509      5820.7803      5173.4735     -1297.5505      452.28198      1071.4513      4672.0683     -4769.9961     -453.22416      95189.785      45.659391      45.659391      45.659391      0.89063124    -69.688422      479.15596     -306.82592    
     23000   23000          546.37436     -592.43417      22942.006      23748.513      12799.467      10949.045      5787.1027      5128.7289     -1313.253       451.50298      989.23605      4685.5596     -4779.8317     -462.18039      93345.178      45.362533      45.362533      45.362533      0.90823113    -310.62609      1099.8256     -2566.5021    
     24000   24000          539.73061     -869.47843      22214.633      23419.316      12643.83       10775.486      5733.4475      5089.2918     -1332.3276      452.94817      940.04647      4671.2954     -4779.2159     -454.11462      95003.132      45.629528      45.629528      45.629528      0.89238108    -1744.3973     -544.17261     -319.86539    
     25000   25000          542.31426     -121.37758      23354.36       23519.627      12704.355      10815.273      5713.6933      5069.7097     -1317.5566      442.43237      1002.8262      4687.5275     -4783.3599     -462.09488      93362.452      45.365331      45.365331      45.365331      0.90806309     13.288405      629.47139     -1006.8925    
     26000   26000          547.43397      860.3631       25018.61       23832.334      12824.29       11008.044      5914.2522      5127.1928     -1355.6759      442.4364       980.48882      4682.9764     -4783.6263     -456.32616      94542.709      45.555695      45.555695      45.555695      0.89672697     849.31007     -1024.6585      2756.4377    
     27000   27000          549.87693      982.3394       25323.547      23982.443      12881.519      11100.924      5768.8226      5310.988      -1350.1248      440.65579      1021.8459      4687.4758     -4778.7393     -460.87003      93610.58       45.405484      45.405484      45.405484      0.90565614     562.24357      2027.2914      357.48323    
     28000   28000          547.97538     -603.46642      22819.723      23649.701      12836.973      10812.727      5733.457       5105.272      -1304.971       428.20647      952.94923      4676.4867     -4778.673      -457.47365      94305.566      45.517574      45.517574      45.517574      0.8989819     -344.21466     -119.93711     -1346.2475    
     29000   29000          537.02519     -1244.1497      21815.791      23503.255      12580.452      10922.803      5619.5971      5253.6516     -1235.7958      465.27876      911.2125       4686.0425     -4777.1837     -463.89242      93000.681      45.30666       45.30666       45.30666       0.91159544    -1907.6485     -2807.5918      982.79134    
     30000   30000          549.22197     -175.93719      23403.39       23641.95       12866.176      10775.774      5692.0924      5210.3941     -1394.7238      431.77822      948.11694      4670.9697     -4782.854      -464.02307      92974.496      45.302407      45.302407      45.302407      0.91185218     775.18103     -1140.7203     -162.27231    
     31000   31000          556.60307      718.80686      24940.964      23963.676      13039.087      10924.589      5830.8187      5029.5286     -1306.0657      449.66733      1044.88        4656.8861     -4781.1263     -462.77379      93225.485      45.343136      45.343136      45.343136      0.90939722    -556.0249       1845.1951      867.25036    
     32000   32000          551.2083      -1967.9767      21016.493      23669.631      12912.708      10756.923      5684.6479      5102.0772     -1264.9185      460.96033      886.42183      4673.4836     -4785.7493     -466.70157      92440.896      45.215574      45.215574      45.215574      0.9171157     -2599.5757     -1336.4585     -1967.8957    
     33000   33000          540.60925      1058.9083      24914.374      23462.689      12664.413      10798.276      5652.246       5140.2717     -1372.8457      447.57537      1046.1155      4672.5318     -4787.6187     -458.94992      94002.22       45.468717      45.468717      45.468717      0.90188293     353.10691      2793.2947      30.323337    
     34000   34000          541.1412       1122.4577      24881.232      23361.344      12676.874      10684.47       5628.9694      5093.0167     -1377.8049      442.7352       995.91173      4688.5663     -4786.9245     -464.66259      92846.534      45.281614      45.281614      45.281614      0.9131089      1120.2615      685.19389      1561.9178    
     35000   35000          546.50629     -1443.2834      21674.296      23634.574      12802.558      10832.016      5617.5542      5151.9994     -1205.9016      429.42431      952.76193      4677.1469     -4790.9688     -463.24763      93130.128      45.327671      45.327671      45.327671      0.91032836    -812.71428     -1264.6445     -2252.4916    
     36000   36000          539.64115      448.0359       24074.756      23459.735      12641.734      10818.001      5668.3641      5191.0125     -1367.7279      431.72209      994.39542      4680.4742     -4780.2397     -458.35527      94124.173      45.488372      45.488372      45.488372      0.90071439     219.2006       1464.0191     -339.11199    
     37000   37000          549.96304      66.685395      23742.901      23652.64       12883.537      10769.104      5835.0674      5117.6923     -1428.6294      452.9841       888.90969      4689.8397     -4786.7601     -464.84755      92809.592      45.275608      45.275608      45.275608      0.91347236     2057.0725     -563.91833     -1293.098     
     38000   38000          535.53876      935.40318      24735.579      23443.974      12545.631      10898.343      5690.7074      5106.4329     -1306.3178      460.38772      1042.9385      4685.8412     -4781.6471     -455.66761      94679.345      45.577631      45.577631      45.577631      0.89543287    -642.62431      3050.1785      398.65537    
     39000   39000          535.78816     -271.79774      23177.309      23547.009      12551.473      10995.536      5704.3619      5233.4956     -1279.6129      433.71001      981.83454      4698.3379     -4776.5907     -462.56802      93266.956      45.349858      45.349858      45.349858      0.90899285    -279.75395      839.65694     -1375.2962    
     40000   40000          551.76719     -26.741482      23695.357      23731.771      12925.801      10805.971      5709.4112      5118.5544     -1315.5612      430.57731      962.0051       4683.0591     -4782.0753     -462.05234      93371.047      45.366723      45.366723      45.366723      0.9079795      1726.4118     -1545.0207     -261.61553    
     41000   41000          542.94777     -70.365991      23300.04       23395.631      12719.196      10676.435      5753.4751      4964.2687     -1357.1167      457.35511      944.36252      4694.5345     -4780.4439     -463.15358      93149.04       45.330739      45.330739      45.330739      0.91014354    -1137.2321      1425.6865     -499.55233    
     42000   42000          552.16612      176.59024      24338.762      24097.048      12935.146      11161.902      5837.9728      5121.6897     -1181.9354      471.0117       1007.9103      4684.1844     -4778.9316     -459.66758      93855.458      45.445042      45.445042      45.445042      0.9032932     -2321.8508      2117.7816      733.8399     
     43000   43000          546.81607      1227.6643      25240.702      23578.563      12809.815      10768.748      5603.8087      5091.7997     -1281.6025      455.85254      1002.2601      4678.9449     -4782.3153     -464.72017      92835.031      45.279744      45.279744      45.279744      0.91322205     1179.1498      1213.4659      1290.3772    
     44000   44000          541.48585     -261.6944       23213.108      23570.127      12684.948      10885.179      5716.6087      5172.4292     -1258.718       450.09067      917.45618      4678.9087     -4791.5965     -461.19236      93545.155      45.394904      45.394904      45.394904      0.90628955    -1480.3662     -758.76308      1454.0461    
     45000   45000          537.90485     -481.7847       22649.922      23305.821      12601.059      10704.762      5680.076       5085.0071     -1351.9752      430.3228       963.19137      4678.5214     -4780.3817     -462.16332      93348.625      45.363091      45.363091      45.363091      0.90819759     118.76695      402.33613     -1966.4572    
     46000   46000          548.67581     -1307.8871      21916.745      23685.469      12853.382      10832.088      5687.6408      5065.5438     -1167.6672      450.82012      891.58877      4692.3035     -4788.1418     -465.25307      92728.697      45.262449      45.262449      45.262449      0.91426925     275.12603     -3174.7053     -1024.082     
     47000   47000          533.68126     -753.92478      22200.662      23234.973      12502.117      10732.856      5660.6452      5116.9607     -1349.8386      436.9233       962.32117      4685.1134     -4779.2688     -458.62356      94069.112      45.4795        45.4795        45.4795        0.9012416     -631.33856      1463.3242     -3093.76      
     48000   48000          537.64589     -1254.875       21826.836      23511.93       12594.993      10916.938      5745.1766      5106.0709     -1243.9887      456.91425      956.68911      4689.4732     -4793.3978     -468.54942      92076.329      45.156056      45.156056      45.156056      0.92074693    -1395.2132      1204.4128     -3573.8247    
     49000   49000          546.10918      1191.5548      25206.007      23565.145      12793.255      10771.89       5796.9351      5008.4665     -1383.7086      464.37714      988.71806      4680.5765     -4783.4746     -456.90037      94423.891      45.536603      45.536603      45.536603      0.89785536     256.14301      1835.6129      1482.9085    
     50000   50000          543.49126      1351.708       25213.738      23377.85       12731.927      10645.923      5647.9318      5016.9904     -1356.955       462.63312      974.64516      4686.0695     -4785.3924     -463.2507       93129.511      45.32757       45.32757       45.32757       0.91033439     1585.7426      1686.6169      782.76434    
     51000   51000          543.15795      234.40164      23917.002      23596.2        12724.119      10872.081      5738.7944      5122.6388     -1331.6118      474.21975      983.99315      4671.7095     -4787.663      -459.72978      93842.758      45.442992      45.442992      45.442992      0.90341544     1356.4165     -391.82004     -261.39153    
     52000   52000          544.15902     -933.43622      22514.315      23781.623      12747.571      11034.053      5904.3598      5096.2122     -1281.7782      451.72114      981.17463      4671.2893     -4788.9263     -463.42745      93093.992      45.321807      45.321807      45.321807      0.91068172     462.5342      -1475.2998     -1787.5431    
     53000   53000          540.00066     -527.2406       22846.04       23565.903      12650.156      10915.747      5810.4874      5183.2455     -1375.5989      438.08339      955.82013      4685.7893     -4782.0795     -460.82683      93619.356      45.406903      45.406903      45.406903      0.90557125    -50.556176     -422.89734     -1108.2683    
     54000   54000          531.01305     -66.811083      23240.71       23331.432      12439.611      10891.821      5854.9615      5146.5365     -1387.3497      455.11894      927.70215      4678.8383     -4783.9868     -463.35663      93108.22       45.324116      45.324116      45.324116      0.91054256     597.54932     -1731.1273      933.14478    
     55000   55000          547.33509      709.75531      24527.819      23561.542      12821.974      10739.568      5700.2156      4979.1521     -1261.112       449.62385      991.77969      4664.0973     -4784.1881     -462.15345      93350.619      45.363414      45.363414      45.363414      0.9081782      569.3454       1248.6885      311.232      
     56000   56000          538.04039      1172.9177      25011.295      23417.478      12604.234      10813.244      5599.3801      5276.5734     -1371.5083      437.90354      954.64834      4695.1861     -4778.9392     -463.02943      93174.015      45.33479       45.33479       45.33479       0.90989957     402.77153      2350.0616      765.92005    
     57000   57000          545.67226      749.20233      24479.618      23459.8        12783.02       10676.78       5686.2052      5055.5036     -1340.0644      444.47975      940.10521      4676.1884     -4785.6379     -462.22759      93335.646      45.360989      45.360989      45.360989      0.90832388     438.6887       1609.7922      199.12604    
     58000   58000          546.8857       145.66372      23851.014      23650.637      12811.446      10839.191      5770.6032      5121.2483     -1337.597       444.82167      920.37316      4696.8982     -4777.1562     -457.38711      94323.409      45.520445      45.520445      45.520445      0.89881184     827.71485     -315.04658     -75.677108    
     59000   59000          533.88507      685.9929       24298.356      23364.786      12506.891      10857.895      5677.0789      5210.0931     -1421.5333      460.82015      1041.621       4674.9829     -4785.1682     -462.32964      93315.044      45.357651      45.357651      45.357651      0.90852443     822.75109     -305.9326       1541.1602    
     60000   60000          544.99652      163.36588      23615.71       23394.972      12767.19       10627.782      5611.9892      5092.9288     -1336.3649      444.66143      920.42589      4678.7575     -4784.6158     -465.65412      92648.833      45.249451      45.249451      45.249451      0.91505736    -972.57294      3500.7885     -2038.1179    
     61000   61000          548.33534      511.69216      24207.675      23514.652      12845.406      10669.246      5647.0496      4973.9969     -1310.0172      456.2469       988.31935      4694.082      -4780.4317     -464.55815      92867.408      45.285007      45.285007      45.285007      0.91290366    -344.11537      1164.2123      714.97952    
     62000   62000          540.2796      -923.02017      22189.405      23440.139      12656.691      10783.448      5732.0798      5172.3687     -1316.8216      452.22835      850.26603      4679.8168     -4786.4897     -464.32882      92913.274      45.292461      45.292461      45.292461      0.91245301    -1036.635      -575.86681     -1156.5587    
     63000   63000          538.35559      430.4368       23880.902      23304.832      12611.618      10693.214      5677.4516      5117.2549     -1302.2035      436.88463      865.62224      4685.0782     -4786.8742     -470.12496      91767.752      45.105555      45.105555      45.105555      0.92384301    -902.78396      845.17626      1348.9181    
     64000   64000          543.52817     -85.745396      23244.704      23362.175      12732.792      10629.383      5634.4269      5070.1808     -1347.1027      453.19165      914.40966      4679.0426     -4774.7655     -459.25915      93938.926      45.45851       45.45851       45.45851       0.90249059     34.117674     -65.84587      -225.50799    
     65000   65000          542.00928     -237.66448      23227.941      23550.854      12697.21       10853.644      5777.8466      5082.2925     -1317.17        452.63579      948.08252      4685.5131     -4775.557      -463.08282      93163.273      45.333047      45.333047      45.333047      0.91000449     1009.1482      243.32922     -1965.4708    
     66000   66000          531.1039       377.89138      23750.396      23237.254      12441.739      10795.515      5797.6136      5075.8692     -1309.9377      462.77355      888.34908      4668.0616     -4787.2145     -463.3495       93109.654      45.324348      45.324348      45.324348      0.91052854    -1916.7424      2394.251       656.16555    
     67000   67000          538.6985       432.49095      23974.176      23384.436      12619.651      10764.785      5725.5274      5033.0702     -1265.5577      461.38154      910.47601      4678.0863     -4778.1992     -461.41948      93499.11       45.387454      45.387454      45.387454      0.90673587     893.56599     -1822.7961      2226.7029    
     68000   68000          550.3226      -688.23781      22735.362      23676.247      12891.96       10784.288      5723.3759      5075.8645     -1287.0477      451.93571      908.63902      4690.1863     -4778.6661     -460.23634      93739.471      45.426314      45.426314      45.426314      0.90441088    -572.1841      -1684.9868      192.45749    
     69000   69000          544.51934      2126.1344      26386.763      23508.35       12756.012      10752.338      5733.9537      5112.2703     -1446.9764      437.66951      1000.8954      4697.7026     -4783.1771     -464.74731      92829.609      45.278862      45.278862      45.278862      0.91327538     311.2063       2923.5236      3143.6734    
     70000   70000          539.70104      760.89718      24233.388      23203.077      12643.137      10559.94       5603.9731      5055.5209     -1354.1916      443.91943      898.00637      4689.6076     -4776.8958     -464.66172      92846.707      45.281642      45.281642      45.281642      0.9131072      372.73578     -291.95901      2201.9148    
     71000   71000          545.66224      564.48439      24406.516      23635.066      12782.785      10852.28       5731.0145      5024.7646     -1324.3979      473.40658      1024.4811      4701.837      -4778.8254     -460.38694      93708.807      45.42136       45.42136       45.42136       0.90470682     124.47384      937.4867       631.49261    
     72000   72000          536.10543      42.203055      23216.033      23158.626      12558.906      10599.72       5679.7351      5034.7574     -1397.3418      448.05821      930.66654      4688.6415     -4784.7968     -462.54562      93271.473      45.35059       45.35059       45.35059       0.90894884    -9.6149192     -1380.246       1516.4701    
     73000   73000          529.90177     -793.39493      22246.163      23322.062      12413.577      10908.485      5826.6232      5166.4348     -1358.9012      445.35334      931.1161       4683.8378     -4785.9792     -463.97759      92983.609      45.303887      45.303887      45.303887      0.91176282    -1087.7929     -464.09599     -828.29589    
     74000   74000          538.75324      1775.4933      25866.388      23450.871      12620.934      10829.937      5676.1932      5236.1856     -1426.6267      456.52361      1003.901       4672.6922     -4788.9316     -462.47492      93285.731      45.352901      45.352901      45.352901      0.90880991     720.43617      1675.4192      2930.6245    
     75000   75000          537.5891      -1141.8346      21841.955      23393.737      12593.662      10800.074      5667.2388      5110.772      -1280.0535      457.55695      951.16543      4676.2435     -4782.8488     -462.96889      93186.199      45.336765      45.336765      45.336765      0.90978061    -2200.8461      108.0087      -1332.6663    
     76000   76000          544.73427     -2374.0197      20103.742      23322.286      12761.047      10561.239      5688.324       4965.4296     -1275.8771      433.59317      857.37626      4677.8348     -4785.4415     -464.09206      92960.676      45.300162      45.300162      45.300162      0.91198775    -2118.7684     -1565.3802     -3437.9105    
     77000   77000          539.94009      1123.6509      24684.735      23158.858      12648.737      10510.121      5729.89        4951.3718     -1453.0723      423.19864      962.53918      4680.725      -4784.5311     -463.33105      93113.361      45.32495       45.32495       45.32495       0.91049228     1742.7721      109.17333      1519.0073    
     78000   78000          538.52641      511.57546      23910.108      23217.78       12615.62       10602.16       5658.6088      5034.2807     -1382.2957      444.79926      951.91907      4681.7553     -4786.9075     -464.91883      92795.362      45.273294      45.273294      45.273294      0.91361243     1213.0266     -173.58404      495.28382    
     79000   79000          542.46448      201.05325      23713.107      23441.771      12707.874      10733.897      5653.5763      5086.417      -1283.043       437.97909      929.61451      4694.6505     -4785.297      -466.21175      92538.018      45.231404      45.231404      45.231404      0.91615315     1790.7139     -80.555391     -1106.9987    
     80000   80000          544.16155      140.67589      23684.147      23491.096      12747.63       10743.467      5634.2532      5150.0351     -1370.038       440.95655      1007.0283      4667.8226     -4786.5912     -458.48755      94097.017      45.483997      45.483997      45.483997      0.90097433    -130.64743     -566.90167      1119.5768    
     81000   81000          538.26432     -646.2518       22257.006      23137.536      12609.48       10528.056      5557.4761      5005.9466     -1286.2108      436.0581       933.41392      4670.5457     -4789.1734     -461.78196      93425.717      45.375576      45.375576      45.375576      0.90744818    -246.33049     -820.44429     -871.98063    
     82000   82000          542.78518      551.1564       24313.382      23555.873      12715.387      10840.487      5624.0598      5199.2841     -1296.8113      458.16838      973.23695      4672.839      -4790.2903     -457.79048      94240.298      45.507071      45.507071      45.507071      0.89960451     2210.8624      428.75246     -986.1457     
     83000   83000          541.74786      714.07788      24199.459      23231.908      12691.086      10540.822      5475.4463      5034.7984     -1340.4056      459.88059      1022.8086      4681.0591     -4792.7656     -464.35608      92907.819      45.291575      45.291575      45.291575      0.91250658     786.32957      117.7646       1238.1395    
     84000   84000          551.10801     -1480.1808      21527.353      23562.108      12910.359      10651.749      5623.7583      5047.9831     -1291.2819      452.971        904.8955       4693.6129     -4780.1899     -457.7012       94258.68       45.51003       45.51003       45.51003       0.89942907    -1217.5436     -2126.6703     -1096.3286    
     85000   85000          535.05792      15.940619      23190.381      23168.637      12534.366      10634.27       5644.3758      5021.8086     -1344.6662      432.92792      977.50003      4680.2578     -4777.9337     -461.25933      93531.573      45.392707      45.392707      45.392707      0.90642116    -1701.9955      203.26587      1546.5515    
     86000   86000          542.6316      -128.37032      23162.617      23336.439      12711.789      10624.65       5714.6837      4978.6396     -1328.8288      441.90964      919.96206      4684.4873     -4786.2033     -464.66455      92846.142      45.28155       45.28155       45.28155       0.91311276    -2213.7321      512.08615      1316.535     
     87000   87000          534.22395     -511.27601      22489.067      23187.263      12514.83       10672.434      5697.7761      5015.9377     -1350.5587      431.4142       977.40248      4675.801      -4775.3389     -460.74121      93636.753      45.409716      45.409716      45.409716      0.90540299    -1957.716       769.74117     -345.85316    
     88000   88000          546.74601     -244.98235      23058.14       23391.839      12808.174      10583.666      5604.5454      5096.6621     -1370.338       429.25548      928.41244      4670.0256     -4774.8975     -461.91121      93399.576      45.371343      45.371343      45.371343      0.90770216    -763.86769      1184.7799     -1155.8593    
     89000   89000          543.81298     -1497.4448      21572.358      23627.946      12739.464      10888.482      5734.0875      5124.8318     -1275.2322      446.65549      961.60401      4673.3345     -4776.7995     -458.34672      94125.929      45.488655      45.488655      45.488655      0.90069759    -2009.9443     -1918.8676     -563.52256    
     90000   90000          543.62628     -1285.8312      21696.807      23434.331      12735.091      10699.241      5666.6487      5042.01       -1261.1572      442.00986      909.45889      4689.8913     -4789.6208     -465.62073      92655.477      45.250533      45.250533      45.250533      0.91499175    -1014.6725     -575.45232     -2267.3687    
     91000   91000          547.40277     -149.2187       23509.736      23714.779      12823.559      10891.22       5778.0772      5125.6041     -1308.3451      447.63204      966.13537      4665.0602     -4782.9437     -457.88598      94220.642      45.503907      45.503907      45.503907      0.89979218    -1854.8782      1438.1415     -30.919377    
     92000   92000          541.65806     -450.00457      22759.585      23381.378      12688.982      10692.395      5631.8447      5047.7482     -1312.7001      434.15953      1001.8723      4670.5217     -4781.0513     -455.35532      94744.277      45.588048      45.588048      45.588048      0.89481919    -601.69552     -1940.5805      1192.2623    
     93000   93000          537.92774      364.55836      23801.744      23304.424      12601.595      10702.829      5600.3483      5145.5882     -1294.6883      451.99527      901.97208      4683.8744     -4786.261      -461.22316      93538.908      45.393893      45.393893      45.393893      0.90635008     972.30027      1876.807      -1755.4322    
     94000   94000          536.55137      219.12159      23616.287      23314.015      12569.352      10744.662      5645.4375      5112.5287     -1380.822       432.34745      1026.2378      4687.2719     -4778.3389     -456.1065       94588.241      45.563007      45.563007      45.563007      0.89629531     196.27022     -241.89778      702.99234    
     95000   95000          540.51373     -412.41256      23043.099      23604.407      12662.175      10942.231      5664.7115      5228.9981     -1270.8293      464.46477      959.36813      4683.5552     -4788.0372     -462.28573      93323.908      45.359087      45.359087      45.359087      0.90843813     709.34441     -1157.4605     -789.12163    
     96000   96000          542.53125      362.70418      23653.925      23163.449      12709.438      10454.011      5425.0833      4982.8641     -1194.2799      466.17387      889.64533      4676.3269     -4791.8028     -465.27958      92723.414      45.26159       45.26159       45.26159       0.91432135     261.73807      428.93583      397.43865    
     97000   97000          538.32148     -585.85308      22666.16       23462.733      12610.819      10851.914      5717.7783      5184.0512     -1334.2887      451.0282       934.59826      4678.3207     -4779.5743     -462.74584      93231.116      45.344049      45.344049      45.344049      0.90934229    -954.4408       4.2577632     -807.3762     
     98000   98000          535.5488      -161.81634      22951.248      23171.341      12545.866      10625.476      5506.8026      5227.4735     -1395.3508      465.15832      919.40424      4690.3705     -4788.3829     -462.58828      93262.871      45.349196      45.349196      45.349196      0.90903267    -300.34712      296.77331     -481.8752     
     99000   99000          544.65759     -575.78095      22619.499      23398.496      12759.25       10639.246      5544.5216      5128.9092     -1336.68        455.0637       949.01667      4681.7724     -4783.3578     -465.05171      92768.847      45.268981      45.268981      45.268981      0.91387356    -1071.3931     -1731.3834      1075.4336    
    100000   100000         548.3977      -737.68758      22655.996      23667.498      12846.867      10820.632      5699.3646      5150.0958     -1375.5871      443.60027      1015.4747      4669.1334     -4781.45       -458.8648       94019.658      45.471529      45.471529      45.471529      0.90171565    -422.2017      -1011.4508     -779.41021    
    101000   101000         543.89399      1191.8257      24991.163      23372.101      12741.362      10630.739      5653.1441      5093.7608     -1408.671       451.82599      958.76545      4674.3322     -4792.4179     -463.15744      93148.264      45.330613      45.330613      45.330613      0.91015112     1373.3379      598.24965      1603.8897    
    102000   102000         540.9636      -138.90561      23148.95       23338.011      12672.714      10665.297      5667.6         5113.4496     -1392.461       446.71446      938.50997      4675.7353     -4784.2509     -462.26965      93327.154      45.359613      45.359613      45.359613      0.90840654     38.156038      633.2812      -1088.1541    
    103000   103000         539.18291     -264.72587      22818.258      23177.012      12630.999      10546.013      5504.7071      5109.7396     -1362.1283      430.24488      972.90661      4677.2067     -4786.6637     -464.27878      92923.289      45.294088      45.294088      45.294088      0.91235468    -163.61179      678.17947     -1308.7453    
    104000   104000         536.76393     -1513.6189      21220.436      23282.209      12574.332      10707.877      5718.3963      5193.0456     -1401.502       426.71637      880.32327      4675.4028     -4784.5051     -461.90734      93400.358      45.37147       45.37147       45.37147       0.90769456     165.73546     -1875.3363     -2831.2559    
    105000   105000         537.04374     -704.9621       22288.712      23257.695      12580.887      10676.808      5686.8481      5185.1218     -1453.9341      428.27936      944.16109      4667.2989     -4780.967      -457.75043      94248.542      45.508398      45.508398      45.508398      0.89952582    -1704.2192      127.11689     -537.78399    
    106000   106000         539.77849     -390.67495      22748.746      23279.168      12644.951      10634.216      5731.776       5155.7275     -1460.1224      431.13407      866.0486       4692.4294     -4782.7768     -463.41849      93095.791      45.322099      45.322099      45.322099      0.91066413     431.77373      717.12955     -2320.9281    
    107000   107000         540.17966     -587.62966      22441.841      23236.546      12654.349      10582.197      5586.0194      5083.5118     -1401.4564      449.26156      968.69134      4685.0194     -4788.85       -465.23971      92731.36       45.262883      45.262883      45.262883      0.91424301    -1610.8827     -1360.9095      1208.9032    
    108000   108000         535.60868      262.3356       23460.018      23102.904      12547.269      10555.635      5600.2125      5092.8132     -1444.9165      425.31337      990.74583      4677.3567     -4785.8901     -462.19894      93341.432      45.361926      45.361926      45.361926      0.90826759     222.93103      1617.0253     -1052.9495    
    109000   109000         536.42206     -545.20497      22636.416      23377.668      12566.323      10811.345      5772.9285      5119.1296     -1312.7941      431.41179      896.91326      4689.1426     -4785.3864     -462.77824      93224.589      45.34299       45.34299       45.34299       0.90940596     1204.5218     -496.38828     -2343.7485    
    110000   110000         544.93688      191.06156      23438.779      23180.422      12765.793      10414.629      5630.6576      4903.3136     -1395.973       424.97587      955.21434      4685.9863     -4789.5455     -465.29961      92719.422      45.26094       45.26094       45.26094       0.91436072     331.98022      2127.893      -1886.6885    
    111000   111000         537.60724     -1573.8236      21289.528      23434.818      12594.087      10840.731      5690.3898      5189.1543     -1313.5351      429.51019      949.13188      4679.8707     -4783.7911     -461.58251      93466.088      45.38211       45.38211       45.38211       0.90705623    -2140.4809     -1614.4505     -966.53919    
    112000   112000         542.44038     -662.92218      22396.442      23307.911      12707.309      10600.602      5666.8326      5068.9264     -1430.6506      440.08859      981.57913      4664.7774     -4790.9516     -457.61467      94276.503      45.512898      45.512898      45.512898      0.89925904    -1063.8285     -1588.1194      663.18141    
    113000   113000         538.30897      1557.1596      25177.913      23047.738      12610.526      10437.212      5487.8299      5078.676      -1466.5124      428.07995      1009.145       4685.9637     -4785.9701     -459.93579      93800.725      45.436207      45.436207      45.436207      0.90382027     2077.3554      701.58591      1892.5377    
    114000   114000         538.9104      -547.29427      22562          23313.96       12624.615      10689.344      5595.1411      5057.257      -1293.8889      447.00358      1005.3722      4661.3353     -4782.8759     -457.93671      94210.205      45.502227      45.502227      45.502227      0.89989186    -458.05277     -1354.9431      171.11305    
    115000   115000         538.59487     -33.081228      23386.641      23431.723      12617.224      10814.499      5769.3391      5125.0172     -1366.7952      431.7655       958.3401       4679.8534     -4783.0213     -461.70211      93441.875      45.378191      45.378191      45.378191      0.90729127    -974.67688     -471.12304      1346.5562    
    116000   116000         540.2191      -376.57873      22530.719      23047.826      12655.273      10392.553      5640.2919      4962.961      -1426.7863      425.33516      875.98314      4696.9678     -4782.2002     -458.19965      94156.141      45.493521      45.493521      45.493521      0.90040858     802.45508     -1039.8052     -892.38612    
    117000   117000         532.96713      654.88752      24247.397      23347.221      12485.387      10861.834      5635.1744      5173.1341     -1348.4744      434.47785      1071.9235      4674.6518     -4779.0537     -457.73954      94250.785      45.508759      45.508759      45.508759      0.89950441     370.33037      1683.9229     -89.590701    
    118000   118000         540.90978     -1373.2823      21386.462      23267.175      12671.453      10595.722      5603.8139      5005.2574     -1306.5534      440.12936      963.53632      4669.988      -4780.4496     -459.42697      93904.612      45.452974      45.452974      45.452974      0.90282038    -2383.9123     -195.62946     -1540.3051    
    119000   119000         542.25878      371.4771       23875.716      23366.674      12703.055      10663.619      5522.7781      5159.788      -1354.6924      458.57139      984.66528      4679.213      -4786.704      -459.15338      93960.565      45.462         45.462         45.462         0.90228275    -210.81267      476.90905      848.33493    
    120000   120000         540.45957      936.1698       24429.314      23147.872      12660.907      10486.965      5604.5545      4973.1655     -1412.0593      433.46035      979.92995      4688.8969     -4780.9829     -459.65786      93857.443      45.445363      45.445363      45.445363      0.9032741      1754.0434      1292.262      -237.796      
    121000   121000         537.48857     -929.55038      22086.944      23353.772      12591.307      10762.464      5670.8254      5072.9366     -1260.746       443.48088      929.53545      4686.9358     -4780.5039     -461.6732       93447.726      45.379138      45.379138      45.379138      0.90723446    -1445.3273      305.25499     -1648.5788    
    122000   122000         533.09015      1876.3904      25683.435      23109.841      12488.269      10621.572      5708.7691      5061.5815     -1448.26        428.2665       971.11847      4683.7271     -4783.6304     -458.7356       94046.136      45.475797      45.475797      45.475797      0.90146178     652.63825      1106.2472      3870.2859    
    123000   123000         535.68766     -179.93912      22904.465      23149.596      12549.119      10600.477      5443.2096      5069.7211     -1296.8853      454.79849      1025.9484      4688.4431     -4784.7587     -461.85753      93410.431      45.373101      45.373101      45.373101      0.90759668    -1006.2221      1121.7844     -655.37975    
    124000   124000         531.13467     -556.99174      22130.653      22898.937      12442.46       10456.478      5514.7021      4990.3793     -1380.834       443.40623      972.78995      4691.9988     -4775.9649     -456.14875      94579.48       45.561601      45.561601      45.561601      0.89637834     302.66608     -1954.2031     -19.438152    
    125000   125000         535.14424      290.95187      23677.532      23277.488      12536.389      10741.099      5699.332       5071.9563     -1305.2026      454.11634      917.99485      4677.3029     -4774.4004     -457.60747      94277.986      45.513137      45.513137      45.513137      0.89924488     1397.0345     -1584.0588      1059.8798    
    126000   126000         526.08088      5.895787       22982.85       22974.801      12324.069      10650.732      5652.8421      5027.0877     -1342.3147      457.93581      954.43916      4679.8097     -4779.0678     -460.82255      93620.226      45.407044      45.407044      45.407044      0.90556283     546.27136     -414.09292     -114.49108    
    127000   127000         533.38636     -1556.2336      21009.658      23141.239      12495.208      10646.031      5601.2736      5037.0165     -1222.9174      441.06863      890.48922      4678.2396     -4779.1388     -459.35899      93918.509      45.455216      45.455216      45.455216      0.90268679    -2795.3576     -785.17051     -1088.1726    
    128000   128000         534.47292      723.48665      24189.6        23202.442      12520.662      10681.78       5654.4006      5142.5251     -1465.4957      438.30899      1024.9263      4671.9782     -4784.8631     -461.12999      93557.807      45.39695       45.39695       45.39695       0.90616699     867.89801      119.3421       1183.2199    
    129000   129000         532.13319     -2592.3569      19654.326      23222.675      12465.851      10756.824      5491.0831      5169.3006     -1155.2305      452.22154      892.86221      4687.5104     -4780.9235     -457.09526      94383.633      45.530131      45.530131      45.530131      0.89823833    -3445.3417     -2931.4408     -1400.2881    
    130000   130000         533.43864      206.91893      23231.633      22949.343      12496.433      10452.91       5563.018       4859.9131     -1343.3603      451.07592      1020.4504      4684.9766     -4783.1633     -461.19533      93544.554      45.394807      45.394807      45.394807      0.90629538     855.66742     -894.03812      659.12749    
    131000   131000         535.8357      -1863.5625      20780.017      23348.527      12552.587      10795.941      5639.3319      5126.706      -1326.0669      436.50095      1017.6748      4680.1172     -4778.3234     -456.50122      94506.452      45.549871      45.549871      45.549871      0.89707099    -1871.5115     -1941.7105     -1777.4656    
    132000   132000         530.56619      39.217636      23105.522      23051.836      12429.142      10622.694      5604.9939      5090.5298     -1356.2949      450.74716      939.95688      4677.4032     -4784.6422     -459.61952      93865.271      45.446626      45.446626      45.446626      0.90319877     1869.1584     -199.67756     -1551.8279    
    133000   133000         529.82488      1677.2274      25196.275      22957.2        12411.776      10545.424      5617.0613      5157.4114     -1466.2979      421.93197      915.59414      4686.8508     -4787.1276     -471.30575      91537.841      45.067855      45.067855      45.067855      0.92616339     2888.6594      1092.0806      1050.9423    
    134000   134000         532.38941     -1229.8872      21381.109      23081.254      12471.853      10609.4        5639.6056      5013.325      -1384.8545      427.09383      995.53794      4690.9944     -4772.302      -455.15441      94786.099      45.594755      45.594755      45.594755      0.89442437    -2179.3305     -327.2584      -1183.0726    
    135000   135000         536.20168     -1162.8924      21653.763      23244.053      12561.16       10682.893      5682.3971      5092.7967     -1335.3088      441.95566      912.83328      4675.3259     -4787.1069     -460.08958      93769.372      45.431144      45.431144      45.431144      0.90412248    -1938.1276     -357.79914     -1192.7505    
    136000   136000         531.92894      384.25508      23602.107      23073.531      12461.066      10612.464      5663.4795      4948.0203     -1377.0056      443.0055       1022.9208      4687.401      -4775.3572     -457.3949       94321.802      45.520186      45.520186      45.520186      0.89882716     760.59624     -349.35575      741.52476    
    137000   137000         524.29745     -42.235587      22764.27       22821.922      12282.29       10539.633      5614.6096      5021.826      -1422.3628      435.88699      994.31859      4674.1928     -4778.8386     -460.93773      93596.832      45.403261      45.403261      45.403261      0.90578918     1114.4744      208.41875     -1449.5999    
    138000   138000         540.9214      -1065.6663      21781.027      23226.399      12671.725      10554.674      5517.9537      5058.2678     -1245.4786      452.46023      881.32143      4677.5956     -4787.4465     -463.89612      92999.939      45.306539      45.306539      45.306539      0.91160272    -1783.2739     -790.46767     -623.25741    
    139000   139000         526.94681      34.932699      22967.142      22919.293      12344.354      10574.938      5660.0746      4971.0776     -1360.0636      441.31507      968.0011       4676.4413     -4781.9076     -459.34367      93921.64       45.455722      45.455722      45.455722      0.90265669    -539.94329      148.09619      496.6452     
    140000   140000         540.42714     -46.637404      23437.046      23500.605      12660.147      10840.458      5812.0294      5130.6571     -1406.2951      441.81906      974.38856      4672.7828     -4784.9237     -461.67822      93446.71       45.378974      45.378974      45.378974      0.90724432    -804.66227      20.99086       643.7592     
    141000   141000         530.29693     -701.04545      22213.065      23174.99       12422.835      10752.155      5710.1456      5058.0092     -1366.7611      447.12365      1023.258       4668.8491     -4788.4691     -458.54754      94084.707      45.482013      45.482013      45.482013      0.90109222     810.02906     -2460.219      -452.94646    
    142000   142000         528.97735      368.11394      23427.156      22927.526      12391.922      10535.605      5691.8278      4905.5768     -1356.5401      417.82733      1011.6016      4658.0886     -4792.7774     -463.5684       93065.686      45.317213      45.317213      45.317213      0.9109587     -1.9403703      1220.6308     -114.34857    
    143000   143000         540.04652      1013.7036      24629.349      23241.794      12651.23       10590.564      5565.9216      5082.4438     -1417.0811      426.10761      1035.7283      4677.0683     -4779.6249     -459.66361      93856.268      45.445173      45.445173      45.445173      0.9032854      820.74369      177.64104      2042.726     
    144000   144000         530.86251      1027.4973      24223.588      22832.413      12436.084      10396.329      5631.8445      4928.6034     -1347.2699      431.19602      862.31239      4674.5443     -4784.9019     -464.70572      92837.916      45.280213      45.280213      45.280213      0.91319366     2935.4441      477.77185     -330.72406    
    145000   145000         527.75815      467.82139      23646.196      23009.995      12363.361      10646.634      5699.3696      5080.9563     -1430.0516      429.26824      978.49097      4670.8726     -4782.2724     -462.66273      93247.863      45.346763      45.346763      45.346763      0.90917898    -97.296914      1788.9949     -288.23377    
    146000   146000         531.88267     -523.78467      22420.029      23133.681      12459.982      10673.699      5681.1718      5075.3417     -1320.0613      449.50582      878.98573      4694.1057     -4785.3503     -461.79084      93423.921      45.375285      45.375285      45.375285      0.90746563    -1612.624       35.842712      5.427278     
    147000   147000         528.36035      1501.7409      24879.127      22841.777      12377.468      10464.309      5491.9612      5012.0655     -1367.0124      452.0556       981.05887      4677.0326     -4782.8522     -463.77648      93023.929      45.310435      45.310435      45.310435      0.91136762     963.63353      1381.59        2159.9993    
    148000   148000         527.74384     -1295.3758      21153.897      22930.037      12363.026      10567.012      5601.5643      5025.7833     -1347.8598      435.96517      954.37729      4677.5707     -4780.3893     -458.87855      94016.839      45.471074      45.471074      45.471074      0.90174269    -673.02665     -3513.3267      300.22599    
    149000   149000         533.47717     -1495.5365      21092.752      23121.616      12497.336      10624.281      5745.6239      5002.9161     -1381.9377      427.72117      932.38213      4680.0375     -4782.4623     -463.79204      93020.81       45.309928      45.309928      45.309928      0.91139818    -2391.3172     -2155.4887      60.196386    
    150000   150000         522.29184      995.28415      24144.328      22794.562      12235.306      10559.256      5647.6101      5008.8801     -1374.8174      451.75801      959.29924      4653.9706     -4787.4446     -463.94656      92989.829      45.304897      45.304897      45.304897      0.91170183     354.96315      2581.7231      49.166209    
    151000   151000         529.17465     -264.28495      22645.999      23011.086      12396.544      10614.542      5698.0279      5003.8409     -1404.3356      435.03659      999.55557      4665.9482     -4783.5316     -455.46539      94721.381      45.584375      45.584375      45.584375      0.89503548    -428.26076      1495.4944     -1860.0885    
    152000   152000         535.92188      2485.6603      26420.529      23082.549      12554.606      10527.943      5458.5827      5085.3858     -1341.2898      447.89155      988.55533      4679.4799     -4790.6621     -468.52994      92080.159      45.156682      45.156682      45.156682      0.92070863     2782.2248      2796.6142      1878.1418    
    153000   153000         531.45756     -1123.5672      21440.977      22971.545      12450.024      10521.521      5589.5038      5059.5419     -1374.1756      445.7567       922.71049      4662.8327     -4784.6491     -461.87652      93406.592      45.372479      45.372479      45.372479      0.90763398    -2474.8809     -2299.7659      1403.945     
    154000   154000         542.42285     -355.45117      22842.084      23323.3        12706.899      10616.401      5598.1034      5038.7316     -1312.5374      458.78788      954.91127      4667.9524     -4789.5479     -464.74937      92829.198      45.278796      45.278796      45.278796      0.91327943    -1164.2861     -34.821099      132.75364    
    155000   155000         532.72434      503.96983      23522.356      22839.766      12479.7        10360.067      5581.9315      4918.0325     -1389.0487      433.45888      923.70585      4678.2416     -4786.2549     -464.54121      92870.793      45.285557      45.285557      45.285557      0.91287039    -238.33007      264.13692      1486.1027    
    156000   156000         535.57418      1001.2451      24419.102      23071.422      12546.46       10524.961      5732.7068      4992.5449     -1434.3173      436.59733      909.02461      4674.7512     -4786.3461     -467.44747      92293.389      45.191511      45.191511      45.191511      0.91858147     533.18848      65.218184      2405.3285    
    157000   157000         534.92467     -676.17507      22028.609      22939.999      12531.245      10408.754      5458.8276      5000.4581     -1239.2785      449.94585      866.07177      4661.6766     -4788.9478     -466.8036       92420.69       45.212279      45.212279      45.212279      0.91731621     1491.5743     -2118.151      -1401.9485    
    158000   158000         527.51947      81.257147      22802.087      22691.753      12357.769      10333.983      5510.4015      4966.4902     -1386.2879      428.29836      928.47705      4676.0865     -4789.4825     -463.3726       93105.011      45.323595      45.323595      45.323595      0.91057394     1150.8052     -131.57239     -775.46139    
    159000   159000         534.46288      293.70868      23500.911      23101.067      12520.427      10580.64       5643.9942      4959.842      -1313.0772      439.49004      984.86124      4651.2119     -4785.6821     -462.1739       93346.489      45.362745      45.362745      45.362745      0.90821838     176.51895     -1252.0894      1956.6965    
    160000   160000         533.33748     -241.70536      22580.839      22910.967      12494.063      10416.904      5643.1932      4980.5606     -1452.2552      431.51553      924.75157      4676.3892     -4787.2506     -460.66218      93652.818      45.412312      45.412312      45.412312      0.90524769    -1399.3123      710.22675     -36.030531    
    161000   161000         529.44126     -789.35984      21833.692      22899.872      12402.79       10497.082      5536.2423      5050.3991     -1293.8858      428.77342      889.56951      4673.4906     -4787.5068     -465.82628      92614.592      45.243876      45.243876      45.243876      0.91539568    -414.9328      -994.19958     -958.94715    
    162000   162000         529.9632      -2307.5969      19831.283      22993.966      12415.017      10578.95       5533.0226      5108.499      -1275.3522      444.80393      848.41151      4700.4104     -4780.8455     -459.07492      93976.623      45.46459       45.46459       45.46459       0.90212857    -325.94056     -2174.3683     -4422.4818    
    163000   163000         536.52376      180.26947      23326.003      23082.749      12568.706      10514.044      5583.0706      5105.6573     -1414.7125      421.11404      916.96137      4681.0311     -4779.0782     -466.27574      92525.318      45.229334      45.229334      45.229334      0.91627891     502.50985     -523.03585      561.3344     
    164000   164000         530.90351      639.22114      23747.456      22871.463      12437.044      10434.419      5582.6931      4946.4261     -1431.084       443.626        986.57641      4690.2578     -4784.0767     -459.12414      93966.55       45.462965      45.462965      45.462965      0.90222528     1073.4157      710.6056       133.6421     
    165000   165000         529.98178     -1223.7924      21240.393      22917.785      12415.452      10502.333      5583.4938      4915.1708     -1277.8076      453.13271      939.99687      4669.5623     -4781.2164     -459.04228      93983.305      45.465668      45.465668      45.465668      0.90206443    -1832.0725      727.28527     -2566.5901    
    166000   166000         538.04572      789.94431      24144.188      23087.395      12604.359      10483.036      5582.289       4976.7054     -1328.4463      452.04486      906.00744      4683.4653     -4789.0297     -470.31184      91731.288      45.09958       45.09958       45.09958       0.92421026     255.95488      1932.4843      181.39375    
    167000   167000         525.33313      1076.9218      24177.532      22706.868      12306.552      10400.316      5555.7963      5040.6711     -1518.3038      440.65629      983.02108      4684.3127     -4785.8373     -460.73366      93638.288      45.409964      45.409964      45.409964      0.90538815     1385.9342      1731.6431      113.18818    
    168000   168000         536.18232     -505.54904      22331.021      23018.724      12560.707      10458.017      5541.1282      4885.2612     -1323.0053      443.86247      1014.3593      4680.9754     -4784.5638     -462.53187      93274.245      45.35104       45.35104       45.35104       0.90892182    -1262.9108     -960.49575      706.75942    
    169000   169000         531.27148      1882.4663      25498.45       22934.102      12445.665      10488.438      5624.587       4964.1992     -1416.1284      425.77688      1001.12        4674.9991     -4786.1158     -461.88042      93405.801      45.372351      45.372351      45.372351      0.90764167     1231.5141      1111.9127      3303.972     
    170000   170000         528.43181     -802.804        21848.952      22935.059      12379.142      10555.917      5628.2224      4966.9864     -1279.7668      452.57849      893.37751      4679.254      -4784.7346     -465.06758      92765.681      45.268466      45.268466      45.268466      0.91390476    -969.56624     -821.94508     -616.90068    
    171000   171000         529.96992      582.64192      23715.06       22912.243      12415.174      10497.069      5481.845       5076.2604     -1402.9485      431.42424      996.47066      4691.5135     -4777.496      -456.62997      94479.806      45.54559       45.54559       45.54559       0.89732399     654.38328      1236.3144     -142.77188    
    172000   172000         530.30012      510.66054      23495.976      22803.517      12422.909      10380.608      5472.0205      4983.5189     -1356.8117      450.96419      945.63781      4674.4285     -4789.1505     -463.99932      92979.255      45.30318       45.30318       45.30318       0.91180551     1654.3602      212.00605     -334.38462    
    173000   173000         525.18631     -835.45234      21683.2        22833.57       12303.112      10530.458      5488.1557      5021.2527     -1347.6354      441.67075      1052.3974      4654.1101     -4779.4935     -456.94455      94414.763      45.535136      45.535136      45.535136      0.89794217     340.27359      186.12584     -3032.7564    
    174000   174000         533.80079     -1196.6295      21688.066      23334.638      12504.917      10829.722      5685.3512      5112.4244     -1331.5838      443.17214      1005.8144      4691.0428     -4776.4995     -457.25465      94350.733      45.52484       45.52484       45.52484       0.89855155    -1351.8413     -599.16211     -1638.8851    
    175000   175000         523.82177     -862.5496       21680.71       22852.771      12271.146      10581.624      5527.0765      5130.8809     -1315.327       418.99028      909.79986      4695.1599     -4784.956      -463.03448      93172.998      45.334625      45.334625      45.334625      0.90990951    -400.84153     -1297.7567     -889.0506     
    176000   176000         532.34324     -336.93783      22856.817      23321.921      12470.772      10851.149      5556.6516      5157.0756     -1255.1587      450.50106      1054.4927      4671.0035     -4783.417      -455.80514      94650.779      45.573047      45.573047      45.573047      0.89570311     299.99519     -1465.2099      154.40127    
    177000   177000         530.7633       196.21544      23352.619      23084.622      12433.76       10650.862      5516.3085      5130.4467     -1298.9285      451.25704      967.34964      4665.8424     -4781.4141     -460.66182      93652.89       45.412324      45.412324      45.412324      0.90524699     1509.7882      622.04101     -1543.1829    
    178000   178000         529.54029      1558.2623      24902.913      22778.223      12405.109      10373.113      5552.238       5005.218      -1507.5349      427.90717      985.641        4689.0065     -4779.3625     -461.44958      93493.013      45.386468      45.386468      45.386468      0.90679501     3422.6524     -941.21171      2193.3463    
    179000   179000         530.67508     -148.08632      22773.479      22977.442      12431.693      10545.748      5533.4291      5070.5082     -1365.089       415.96867      996.23989      4671.3339     -4776.6423     -456.8187       94440.773      45.539317      45.539317      45.539317      0.89769486    -1702.3954     -200.007        1458.1435    
    180000   180000         533.71685      1737.941       25237.82       22892.158      12502.95       10389.208      5623.2215      4886.6999     -1441.9857      428.67443      999.82369      4682.1884     -4789.4143     -466.17485      92545.343      45.232597      45.232597      45.232597      0.91608064     35.976273      2147.5531      3030.2936    
    181000   181000         534.8903       465.0404       23605.944      22977.432      12530.44       10446.993      5582.9572      5022.2675     -1390.474       439.2559       876.13173      4694.7657     -4777.9115     -465.5399       92671.564      45.253152      45.253152      45.253152      0.91483291     223.58697      702.55613      468.97812    
    182000   182000         530.30682      463.96995      23613.816      22975.977      12423.066      10552.911      5620.9279      5010.6811     -1442.8223      431.57764      1027.9475      4681.5983     -4776.9989     -457.67644      94263.779      45.51085       45.51085       45.51085       0.89938042     1355.4613     -870.09637      906.54489    
    183000   183000         530.60143      1131.7495      24346.64       22817.019      12429.968      10387.051      5600.0679      4895.3978     -1420.1001      429.719        967.91994      4692.7898     -4778.7438     -465.52798      92673.937      45.253538      45.253538      45.253538      0.91480949     464.22498      1351.3133      1579.7103    
    184000   184000         528.50976      773.08244      24003.486      22947.499      12380.968      10566.53       5635.2791      4985.1611     -1386.4532      439.67132      993.1763       4680.5527     -4780.8569     -460.62384      93660.612      45.413572      45.413572      45.413572      0.90517236    -1284.2552      1651.8159      1951.6866    
    185000   185000         523.79876      938.70756      24260.862      22979.783      12270.607      10709.176      5767.5009      5006.0585     -1404.9625      428.2962       1006.0307      4687.7359     -4781.4834     -461.03489      93577.107      45.400072      45.400072      45.400072      0.9059801      1384.0399      1666.247      -234.1642     
    186000   186000         528.43451      467.21065      23547.367      22909.802      12379.205      10530.597      5516.7196      5102.2654     -1421.6225      446.0946       990.81241      4675.6052     -4779.2776     -461.07076      93569.827      45.398894      45.398894      45.398894      0.90605059     1303.1675      418.39139     -319.92692    
    187000   187000         536.38512      778.28221      23997.797      22949.642      12565.458      10384.184      5506.5454      4984.2383     -1392.0161      438.99574      947.40815      4680.6566     -4781.6441     -467.18711      92344.823      45.199905      45.199905      45.199905      0.91806984     1603.9994      1792.5707     -1061.7235    
    188000   188000         525.26681     -277.2055       22667.807      23046.08       12304.998      10741.082      5556.0404      5108.6742     -1285.5233      444.55977      1006.7014      4688.4347     -4777.8056     -461.07973      93568.006      45.3986        45.3986        45.3986        0.90606822    -1640.9505     -1505.3702      2314.7042    
    189000   189000         534.5106       215.43705      23303.858      23011.728      12521.545      10490.183      5616.8381      4910.2014     -1312.1676      447.67192      929.96897      4674.7795     -4777.1093     -464.00517      92978.083      45.30299       45.30299       45.30299       0.911817       2029.5673     -970.79995     -412.4562     
    190000   190000         533.07772     -1149.6788      21260.631      22839.175      12487.978      10351.197      5455.1808      5001.895      -1327.0675      426.12202      890.05604      4679.2275     -4774.2169     -458.24654      94146.506      45.491969      45.491969      45.491969      0.90050073    -2405.429      -2165.3049      1121.6976    
    191000   191000         531.64215     -1000.1216      21245.898      22589.903      12454.348      10135.555      5290.4248      4953.6528     -1306.5885      424.68885      867.83491      4693.3797     -4787.8375     -468.19997      92145.053      45.167287      45.167287      45.167287      0.92006021    -774.99925     -170.37393     -2054.9917    
    192000   192000         526.07629      1522.3218      24828.355      22779.36       12323.961      10455.399      5411.6149      5110.475      -1418.8869      451.1883       1002.6421      4678.765      -4780.3992     -467.46048      92290.821      45.191092      45.191092      45.191092      0.91860703     1239.2495      2163.3051      1164.4109    
    193000   193000         533.62066     -651.3591       22270.436      23159.738      12500.697      10659.041      5696.3254      5022.5306     -1358.4187      431.37554      947.28628      4693.3961     -4773.4539     -460.84033      93616.613      45.40646       45.40646       45.40646       0.90559778     175.15558     -943.96309     -1185.2698    
    194000   194000         531.1528       155.61254      22984.183      22771.901      12442.884      10329.016      5396.7013      5061.7567     -1431.5905      425.27694      975.05001      4677.8897     -4776.0678     -461.22172      93539.201      45.393941      45.393941      45.393941      0.90634724    -346.52793     -665.11319      1478.4787    
    195000   195000         537.6753      -1215.5561      21531.963      23189.644      12595.682      10593.963      5484.0508      5167.1878     -1359.8407      428.36979      965.44345      4686.9893     -4778.2378     -461.37411      93508.304      45.388942      45.388942      45.388942      0.90664672    -1867.9652     -1217.1524     -561.55082    
    196000   196000         533.40504      1054.3129      24413.781      22956.703      12495.646      10461.057      5664.8312      4936.1261     -1511.0646      434.36716      1025.8332      4685.2616     -4774.2975     -455.26669      94762.723      45.591006      45.591006      45.591006      0.894645       1904.3433     -237.38445      1495.9799    
    197000   197000         522.81125     -435.79458      21848.251      22444.275      12247.474      10196.801      5457.1758      4996.3197     -1478.718       425.63492      891.15546      4681.6885     -4776.4552     -460.04165      93779.142      45.432721      45.432721      45.432721      0.90402828    -55.728437     -1342.7508      91.095502    
    198000   198000         534.63625      1450.6968      24833.509      22862.33       12524.488      10337.842      5557.3288      4859.3897     -1373.3777      438.94816      949.12538      4685.7137     -4779.2863     -463.05211      93169.451      45.334049      45.334049      45.334049      0.90994415     2259.2362      531.12131      1561.7328    
    199000   199000         530.6036      -164.08585      22815.532      23039.782      12430.019      10609.763      5630.901       5094.567      -1414.4318      443.48908      943.40352      4689.0595     -4777.2252     -460.38122      93709.971      45.421548      45.421548      45.421548      0.90469558     1021.7419     -2061.4091      547.40967    
    200000   200000         529.14559      483.48345      23484.214      22828.466      12395.863      10432.603      5459.4613      5121.9181     -1449.8186      441.04394      950.52572      4685.3352     -4775.8631     -463.89905      92999.353      45.306444      45.306444      45.306444      0.91160846    -956.96784      845.6022       1561.816     
    201000   201000         522.50081     -551.06878      21756.295      22510.098      12240.201      10269.897      5360.6357      4926.469      -1347.3434      442.32622      986.66456      4676.1943     -4775.0496     -459.96761      93794.236      45.435159      45.435159      45.435159      0.9038828     -575.06503      506.36636     -1584.5077    
    202000   202000         529.6399      -1181.4879      21111.146      22722.017      12407.443      10314.574      5437.8844      4978.1867     -1318.1676      440.37919      873.95971      4680.5529     -4778.2216     -461.47484      93487.894      45.385639      45.385639      45.385639      0.90684466    -505.93309     -1330.3669     -1708.1638    
    203000   203000         534.72711     -1087.6761      21415.532      22881.347      12526.617      10354.731      5714.2256      4863.5843     -1366.1503      436.57251      827.17233      4664.4469     -4785.1207     -466.874        92406.755      45.210007      45.210007      45.210007      0.91745454     332.67546     -1642.3837     -1953.3201    
    204000   204000         520.17436      1272.2937      24402.079      22652.288      12185.701      10466.587      5744.1058      4854.5856     -1449.1602      446.45065      956.81077      4682.3987     -4768.6047     -457.48891      94302.419      45.517068      45.517068      45.517068      0.8990119      1876.8145      477.74967      1462.3169    
    205000   205000         533.39242     -2162.0766      20041.533      23000.6        12495.35       10505.25       5654.139       4967.7376     -1337.8061      446.69118      877.50756      4673.0699     -4776.0892     -459.72225      93844.295      45.44324       45.44324       45.44324       0.90340064    -1856.2271     -3005.3012     -1624.7014    
    206000   206000         530.90842     -513.25654      22119.145      22817.026      12437.16       10379.867      5508.1183      5002.6081     -1396.4761      444.60101      924.4102       4673.4499     -4776.8447     -462.735        93233.301      45.344403      45.344403      45.344403      0.90932099     371.88897      72.448808     -1984.1074    
    207000   207000         528.27087      485.26107      23402.344      22734.951      12375.372      10359.579      5471.8361      4993.8886     -1426.0864      436.58008      982.91481      4673.0496     -4772.6033     -457.48085      94304.082      45.517335      45.517335      45.517335      0.89899605     1340.3562     -249.59556      365.02262    
    208000   208000         520.74721      1200.7214      24072.299      22427.063      12199.121      10227.942      5561.1053      4823.0128     -1482.3961      422.06775      1015.722       4666.2694     -4777.8391     -459.19101      93952.866      45.460759      45.460759      45.460759      0.90235669     1227.2646      907.89419      1467.0054    
    209000   209000         525.92933      510.78497      23549.802      22851.92       12320.518      10531.402      5609.6851      4956.7398     -1363.0828      436.7855       970.17438      4699.0555     -4777.9558     -460.50619      93684.542      45.417439      45.417439      45.417439      0.90494115     593.57631      837.23993      101.53867    
    210000   210000         524.82243     -954.1383       21310.371      22626.768      12294.588      10332.18       5466.5977      4965.3827     -1334.1044      418.53603      907.62936      4683.3987     -4775.2596     -456.04082      94601.864      45.565195      45.565195      45.565195      0.89616625    -2042.9572      354.9981      -1174.4557    
    211000   211000         532.61725      1311.3114      24564.94       22791.153      12477.191      10313.962      5593.9833      4919.2376     -1453.2261      425.05575      925.0287       4691.039      -4787.1562     -465.1399       92751.257      45.26612       45.26612       45.26612       0.91404687    -79.679918      1249.0853      2764.5288    
    212000   212000         525.28531     -580.11775      21924.996      22711.822      12305.431      10406.391      5494.5393      5056.1514     -1394.3452      428.50786      919.5097       4686.2817     -4784.2538     -463.89169      93000.828      45.306683      45.306683      45.306683      0.911594      -1438.3285     -992.59584      690.57105    
    213000   213000         535.64553      825.14313      24088.216      22961.535      12548.132      10413.403      5588.8813      4982.092      -1444.2685      429.36138      968.20141      4673.8722     -4784.7365     -460.79511      93625.801      45.407945      45.407945      45.407945      0.90550891     1644.814      -366.51055      1197.1259    
    214000   214000         523.94354      27.701553      22854.391      22816.443      12273.999      10542.444      5636.2063      5004.3953     -1425.4338      435.58558      989.77124      4675.1976     -4773.2781     -459.30405      93929.743      45.457029      45.457029      45.457029      0.90257882     226.59911     -79.026051     -64.468402    
    215000   215000         526.60177      1218.2492      24176.371      22531.679      12336.271      10195.408      5517.5297      4898.3343     -1462.7034      421.84616      916.21418      4681.6624     -4777.4753     -466.04821      92570.49       45.236694      45.236694      45.236694      0.91583178     1952.2834      633.59434      1068.8698    
    216000   216000         524.96261     -709.65662      21753.961      22721.446      12297.872      10423.574      5647.5855      5007.8741     -1447.6403      435.66241      888.08989      4669.7231     -4777.7206     -461.51256      93480.254      45.384403      45.384403      45.384403      0.90691877    -329.50053     -202.14007     -1597.3293    
    217000   217000         529.54442     -354.72374      22431.003      22913.584      12405.206      10508.377      5599.6188      5053.1287     -1346.8981      422.45502      896.83945      4666.52       -4783.2866     -462.48734      93283.225      45.352495      45.352495      45.352495      0.90883432     358.28196     -2199.1132      776.66007    
    218000   218000         528.26634     -1235.7114      20974.568      22658.402      12375.266      10283.137      5647.6703      4867.6135     -1404.269       420.5623       862.9593       4670.6116     -4782.0113     -461.73941      93434.327      45.376969      45.376969      45.376969      0.90736456    -2595.5502     -153.99301     -957.5911     
    219000   219000         523.21559     -576.59192      21883.611      22669.103      12256.946      10412.158      5605.3092      4989.2113     -1440.8216      442.68026      921.92536      4676.8728     -4783.0196     -461.85494      93410.955      45.373185      45.373185      45.373185      0.90759159    -882.77769     -1904.3168      1057.3187    
    220000   220000         520.81499     -862.4954       21363.857      22556.737      12200.709      10356.028      5681.782       4943.3773     -1508.6549      428.46143      911.32489      4679.5146     -4779.777      -454.92456      94833.99       45.602432      45.602432      45.602432      0.89397268    -1439.0157      114.00956     -1262.4801    
    221000   221000         540.6056       803.97294      24212.605      23114.083      12664.327      10449.756      5618.0035      4949.3019     -1459.1402      439.02603      1011.5931      4670.8923     -4779.9208     -460.48142      93689.58       45.418254      45.418254      45.418254      0.90489249     1849.222      -164.09706      726.79388    
    222000   222000         525.37094     -1430.4875      20754.305      22722.365      12307.437      10414.927      5531.5379      4865.6852     -1316.204       452.15453      970.4412       4683.568      -4772.2556     -457.32526      94336.164      45.522496      45.522496      45.522496      0.89869031    -2464.8324     -1241.5286     -585.10162    
    223000   223000         523.33764      70.674062      22658.798      22562.444      12259.805      10302.639      5412.4136      4975.2193     -1364.1863      431.55142      951.12937      4675.5229     -4779.0112     -461.49819      93483.164      45.384874      45.384874      45.384874      0.90689054    -525.9543      -1482.6387      2220.6152    
    224000   224000         527.12896     -235.48889      22539.597      22859.234      12348.621      10510.613      5525.5698      5038.0821     -1330.037       452.45905      916.79156      4686.8514     -4779.1044     -463.54589      93070.205      45.317947      45.317947      45.317947      0.91091448    -653.93026     -261.47926      208.94287    
    225000   225000         525.98033      346.11317      23166.133      22695.861      12321.713      10374.148      5590.3595      4954.455      -1451.2314      423.63074      956.42499      4682.2157     -4781.7068     -463.0711       93165.631      45.33343       45.33343       45.33343       0.90998146    -522.80423      655.22806      905.91568    
    226000   226000         522.58184     -1011.3175      21036.965      22413.534      12242.1        10171.434      5447.7029      4843.8954     -1302.7631      432.46246      860.81206      4671.884      -4782.5592     -462.24126      93332.886      45.360542      45.360542      45.360542      0.90835075    -410.04596     -2782.4125      158.50588    
    227000   227000         523.4346       245.70277      22806.597      22474.854      12262.076      10212.778      5428.6845      4866.7632     -1306.9958      442.42271      885.51132      4680.9645     -4784.5724     -466.00248      92579.575      45.238173      45.238173      45.238173      0.91574191     783.96014      577.24824     -624.10006    
    228000   228000         532.37838     -654.40927      21993.816      22887.82       12471.595      10416.225      5662.5377      4896.4855     -1363.1346      434.54537      885.39793      4681.0709     -4780.6774     -460.56292      93673.002      45.415575      45.415575      45.415575      0.90505263    -1719.6428     -1058.2286      814.64357    
    229000   229000         521.32564     -861.32603      21359.4        22524.466      12212.672      10311.795      5565.4229      4956.6417     -1426.9007      424.04921      881.04375      4694.7788     -4783.2412     -465.15336      92748.574      45.265683      45.265683      45.265683      0.91407332    -167.54072     -883.45126     -1532.9861    
    230000   230000         527.1122       426.06959      23323.404      22740.497      12348.228      10392.268      5534.4034      5079.3195     -1490.3706      434.85035      929.50117      4689.8233     -4785.2589     -459.89652      93808.736      45.4375        45.4375        45.4375        0.90374309     42.410169      549.15359      686.645      
    231000   231000         515.88417      622.67149      23097.93       22258.587      12085.199      10173.388      5452.2271      4920.7815     -1456.1175      429.79151      930.49908      4677.1514     -4780.945      -466.76557      92428.22       45.213507      45.213507      45.213507      0.91724147     940.15623      2484.2872     -1556.429     
    232000   232000         527.08436      569.38786      23487.122      22705.606      12347.576      10358.03       5594.5619      4890.3865     -1459.9197      425.38311      992.15966      4691.754      -4776.2959     -458.40515      94113.932      45.486722      45.486722      45.486722      0.9008124      501.51956      1060.4981      146.14595    
    233000   233000         531.41057     -313.15805      22525.145      22954.262      12448.923      10505.339      5651.689       4968.4414     -1408.0891      426.18333      950.11976      4694.526      -4777.5315     -459.16359      93958.476      45.461663      45.461663      45.461663      0.90230281    -1177.135      -337.89734      575.55814    
    234000   234000         521.85523      999.11224      23824.19       22479.526      12225.078      10254.449      5510.6518      5015.2942     -1529.8332      419.306        931.49752      4690.2392     -4782.7068     -467.49827      92283.359      45.189874      45.189874      45.189874      0.9186813      1060.3095      1146.1899      790.83732    
    235000   235000         525.82392     -1974.9449      20100.263      22810.324      12318.049      10492.275      5582.2873      4960.5929     -1311.5387      442.71647      909.50595      4685.3623     -4776.6514     -458.51683      94091.008      45.483028      45.483028      45.483028      0.90103187    -1187.9914     -1598.3671     -3138.4761    
    236000   236000         520.27566      1515.3164      24528.589      22491.046      12188.074      10302.971      5539.9821      4934.0679     -1473.4605      430.10822      966.04456      4681.4463     -4775.2173     -467.92453      92199.294      45.176148      45.176148      45.176148      0.91951894     2561.1777      981.83701      1002.9345    
    237000   237000         525.58218      1165.7556      24440.25       22845.975      12312.386      10533.589      5559.1447      5081.6378     -1448.1476      433.77426      999.85511      4683.6488     -4776.3243     -460.06955      93773.455      45.431803      45.431803      45.431803      0.90408312     1791.1744      14.398288      1691.6942    
    238000   238000         520.27523      877.07054      23633.207      22456.098      12188.064      10268.033      5535.3761      4929.486      -1419.5129      442.09213      892.04378      4676.4044     -4787.8563     -468.81011      92025.129      45.147684      45.147684      45.147684      0.92125921    -348.67434      2036.2916      943.59435    
    239000   239000         520.74848      111.9129       22769.353      22616.113      12199.151      10416.962      5612.856       4835.578      -1347.4919      432.6912       970.72664      4684.8792     -4772.2767     -459.50179      93889.321      45.450507      45.450507      45.450507      0.90296741    -1212.7747      1571.2007     -22.687327    
    240000   240000         524.65367     -614.06286      21811.654      22647.412      12290.635      10356.777      5595.088       4936.7066     -1428.9907      419.0271       924.50087      4691.7335     -4781.2882     -462.28683      93323.687      45.359051      45.359051      45.359051      0.90844029     364.63295     -3380.6879      1173.8664    
    241000   241000         521.87687     -802.46027      21475.246      22562.571      12225.585      10336.987      5510.6092      4994.627      -1411.1463      420.85781      897.23456      4703.9439     -4779.1396     -464.34758      92909.521      45.291851      45.291851      45.291851      0.91248987    -1197.0114      21.220754     -1231.5902    
    242000   242000         520.36598     -700.74936      21688.292      22641.277      12190.19       10451.087      5467.308       5081.3859     -1343.7178      449.64246      882.65401      4696.3894     -4782.5751     -462.6533       93249.763      45.347072      45.347072      45.347072      0.90916045    -32.593387     -2801.8912      732.23646    
    243000   243000         515.19158     -1427.4003      20410.034      22343.681      12068.974      10274.707      5493.5123      4933.3685     -1376.7169      422.60565      877.46874      4699.8175     -4775.349      -464.4597       92887.091      45.288206      45.288206      45.288206      0.91271021    -1528.7908     -755.22856     -1998.1816    
    244000   244000         528.06555     -718.45133      21706.468      22691.623      12370.562      10321.061      5555.1194      4967.909      -1446.0248      432.44538      896.47565      4692.1437     -4777.0074     -458.85157      94022.368      45.471966      45.471966      45.471966      0.90168966     153.04587     -1749.9089     -558.49101    
    245000   245000         524.34716      277.82593      22879.524      22502.597      12283.454      10219.143      5470.6402      5014.7849     -1497.0651      419.34368      908.30256      4677.0581     -4773.9212     -463.76242      93026.751      45.310893      45.310893      45.310893      0.91133998    -100.55742      613.57082      320.46438    
    246000   246000         526.37765     -871.95948      21771.37       22972.229      12331.021      10641.208      5579.1302      5110.509      -1361.3985      438.94471      974.62823      4674.6794     -4775.2848     -456.86025      94432.183      45.537936      45.537936      45.537936      0.89777652     157.6344      -455.37117     -2318.1417    
    247000   247000         522.05842      386.14513      22947.03       22419.874      12229.838      10190.037      5261.9354      5050.0045     -1443.632       432.65388      1006.7874      4666.0189     -4783.7316     -460.88322      93607.902      45.405051      45.405051      45.405051      0.90568206    -444.96891      1149.3644      454.03994    
    248000   248000         524.04036      1224.2996      24419.427      22742.432      12276.267      10466.165      5565.2956      5042.3085     -1472.2311      435.89003      974.29877      4693.0357     -4772.4327     -459.34108      93922.169      45.455807      45.455807      45.455807      0.9026516      1591.266       2119.8746     -38.241837    
    249000   249000         521.31362      693.91811      23398.559      22446.985      12212.39       10234.595      5526.0606      4923.6025     -1530.9729      436.70761      957.20356      4693.7957     -4771.8024     -458.82243      94028.338      45.472928      45.472928      45.472928      0.90163241     280.95009      716.6141       1084.1901    
    250000   250000         521.82398     -643.56461      21573.666      22442.905      12224.346      10218.559      5487.9969      4939.1145     -1419.0104      422.39675      873.63496      4694.6496     -4780.2228     -465.83479      92612.901      45.243601      45.243601      45.243601      0.91541239    -32.007528     -1565.987      -332.69934    
Loop time of 1183.43 on 1 procs for 250000 steps with 7860 atoms

Performance: 18.252 ns/day, 1.315 hours/ns, 211.250 timesteps/s, 1.660 Matom-step/s
99.9% CPU use with 1 MPI tasks x 1 OpenMP threads

MPI task timing breakdown:
Section |  min time  |  avg time  |  max time  |%varavg| %total
---------------------------------------------------------------
Pair    | 481.04     | 481.04     | 481.04     |   0.0 | 40.65
Bond    | 178.94     | 178.94     | 178.94     |   0.0 | 15.12
Kspace  | 223.01     | 223.01     | 223.01     |   0.0 | 18.84
Neigh   | 189.75     | 189.75     | 189.75     |   0.0 | 16.03
Comm    | 13.667     | 13.667     | 13.667     |   0.0 |  1.15
Output  | 4.0578     | 4.0578     | 4.0578     |   0.0 |  0.34
Modify  | 68.095     | 68.095     | 68.095     |   0.0 |  5.75
Other   |            | 24.87      |            |       |  2.10

Nlocal:           7860 ave        7860 max        7860 min
Histogram: 1 0 0 0 0 0 0 0 0 0
Nghost:          19062 ave       19062 max       19062 min
Histogram: 1 0 0 0 0 0 0 0 0 0
Neighs:              0 ave           0 max           0 min
Histogram: 1 0 0 0 0 0 0 0 0 0
FullNghs:  4.24265e+06 ave 4.24265e+06 max 4.24265e+06 min
Histogram: 1 0 0 0 0 0 0 0 0 0

Total # of neighbors = 4242650
Ave neighs/atom = 539.77735
Ave special neighs/atom = 5.8625954
Neighbor list builds = 15089
Dangerous builds = 0

# --- Cleanup ---
unfix npt_fix

undump dump_npt

# --- Write Output ---
write_dump all custom cool_block_02_last.dump id type mol x y z xu yu zu vx vy vz modify sort id
write_data /home/arz2/PolyJarvis_v2/data/aPS_1/attempts/cooling/attempt-0001/work/cool_block_02/cool_block_02_out.data
System init for write_data ...
PPPM Kokkos initialization ...
  using 12-bit tables for long-range coulomb
  G vector (1/distance) = 0.29477113
  grid = 30 30 30
  stencil order = 5
  estimated absolute RMS force accuracy = 0.00039753312
  estimated relative force accuracy = 1.1971592e-06
  using double precision cuFFT
  3d grid and FFT values/proc = 50653 27000
Generated 6 of 6 mixed pair_coeff terms from sixthpower/sixthpower mixing rule
write_restart /home/arz2/PolyJarvis_v2/data/aPS_1/attempts/cooling/attempt-0001/work/cool_block_02/cool_block_02_out.restart
System init for write_restart ...
PPPM Kokkos initialization ...
  using 12-bit tables for long-range coulomb
  G vector (1/distance) = 0.29477113
  grid = 30 30 30
  stencil order = 5
  estimated absolute RMS force accuracy = 0.00039753312
  estimated relative force accuracy = 1.1971592e-06
  using double precision cuFFT
  3d grid and FFT values/proc = 50653 27000
Generated 6 of 6 mixed pair_coeff terms from sixthpower/sixthpower mixing rule

print "STAGE COMPLETE: NPT T=548.0->523.0K P=1.0->1.0atm steps=250000"
STAGE COMPLETE: NPT T=548.0->523.0K P=1.0->1.0atm steps=250000
quit
