{"event": "resume", "at": "2026-09-11T23:08:05.041265+00:00", "at_node": "execute", "node": "entry_resolve"}
{"event": "cost_admitted", "at": "2026-09-11T23:08:05.041817+00:00", "gpu_hours": 6.0361, "ceiling": 40.0, "unpriced": ["equil"], "note": "total_gpu_hours is a LOWER bound; unpriced stages are excluded", "node": "cost_guard_post"}
{"event": "stage_progress", "stage": "build", "status": "running", "attempts": 1, "at": "2026-09-11T23:08:25.029376+00:00"}
{"event": "stage_progress", "stage": "cooling", "status": "pending", "attempts": 0, "at": "2026-09-11T23:08:25.029422+00:00"}
{"event": "stage_progress", "stage": "equilibration", "status": "pending", "attempts": 0, "at": "2026-09-11T23:08:25.029434+00:00"}
{"event": "stage_progress", "stage": "mechanical", "status": "pending", "attempts": 0, "at": "2026-09-11T23:08:25.029444+00:00"}
{"event": "stage_progress", "stage": "summary", "status": "pending", "attempts": 0, "at": "2026-09-11T23:08:25.029453+00:00"}
{"event": "stage_progress", "stage": "thermal", "status": "pending", "attempts": 0, "at": "2026-09-11T23:08:25.029463+00:00"}
{"event": "stage_progress", "stage": "build", "status": "accepted", "attempts": 1, "at": "2026-09-11T23:10:45.031089+00:00"}
{"event": "stage_progress", "stage": "equilibration", "status": "running", "attempts": 1, "at": "2026-09-11T23:10:45.031137+00:00"}
{"event": "stage_progress", "stage": "cooling", "status": "running", "attempts": 1, "at": "2026-09-12T05:26:45.318372+00:00"}
{"event": "stage_progress", "stage": "equilibration", "status": "accepted", "attempts": 1, "at": "2026-09-12T05:26:45.318428+00:00"}
{"event": "stage_progress", "stage": "cooling", "status": "accepted", "attempts": 1, "at": "2026-09-12T08:03:05.431288+00:00"}
{"event": "stage_progress", "stage": "thermal", "status": "running", "attempts": 1, "at": "2026-09-12T08:03:05.431350+00:00"}
{"event": "stage_progress", "stage": "mechanical", "status": "running", "attempts": 1, "at": "2026-09-12T10:58:05.569048+00:00"}
{"event": "stage_progress", "stage": "thermal", "status": "accepted", "attempts": 1, "at": "2026-09-12T10:58:05.569113+00:00"}
{"event": "stage_progress", "stage": "mechanical", "status": "accepted", "attempts": 1, "at": "2026-09-12T12:38:05.654836+00:00"}
{"event": "stage_progress", "stage": "summary", "status": "accepted", "attempts": 1, "at": "2026-09-12T12:38:05.654900+00:00"}
{"event": "execute", "at": "2026-09-12T12:38:06.763029+00:00", "status": "complete", "stage": null, "finding": null, "resumed": false, "node": "execute"}
{"event": "done", "status": "failed", "exit_code": 3, "run_name": "PEG_1", "polymer_class": "POXI", "class_source": "radonpy_polyinfo", "plan_path": "/home/alexzhao/PolyJarvis/data/PEG_1/raw/run_plan.json", "confidence": "medium", "plan_mode": "reasoned", "gpu_hours": 6.0361, "unpriced": ["equil"], "critic_verdict": "disagrees", "stage": null, "finding": null, "detail": "", "resumable": false}
