units real
atom_style full
boundary p p p

# --- Force Field Styles ---
pair_style lj/class2/coul/long 9.5 9.5
kspace_style pppm 1e-6
dielectric 1.000000
bond_style class2
angle_style class2
dihedral_style class2
improper_style class2
special_bonds lj/coul 0 0 1
pair_modify mix sixthpower tail yes
neighbor 2.0 bin
neigh_modify delay 0 every 1 check yes
neigh_modify one 4000
# KOKKOS: package loaded via -pk kokkos on the command line

read_data /home/alexzhao/PolyJarvis/data/PEG_3/attempts/cooling/attempt-0001/work/cool_block_07/cool_block_07_out.data
Reading data file ...
  orthogonal box = (4.194836 4.194836 4.194836) to (47.327221 47.327221 47.327221)
  1 by 1 by 1 MPI processor grid
  reading atoms ...
  8000 atoms
  reading velocities ...
  8000 velocities
  scanning bonds ...
  4 = max bonds/atom
  scanning angles ...
  10 = max angles/atom
  scanning dihedrals ...
  16 = max dihedrals/atom
  scanning impropers ...
  7 = max impropers/atom
  orthogonal box = (4.194836 4.194836 4.194836) to (47.327221 47.327221 47.327221)
  1 by 1 by 1 MPI processor grid
  reading bonds ...
  7990 bonds
  reading angles ...
  14820 angles
  reading dihedrals ...
  17070 dihedrals
  reading impropers ...
  9120 impropers
Finding 1-2 1-3 1-4 neighbors ...
  special bond factors lj:    0        0        1       
  special bond factors coul:  0        0        1       
     4 = max # of 1-2 neighbors
     6 = max # of 1-3 neighbors
     8 = max # of special neighbors
  special bonds CPU = 0.003 seconds
  read_data CPU = 0.198 seconds


# --- Thermo Output ---
thermo_style custom step time temp press enthalpy etotal ke pe ebond eangle edihed eimp evdwl ecoul elong etail vol lx ly lz density pxx pyy pzz
thermo_modify flush yes
thermo 1000

# --- Trajectory ---
dump dump_npt all custom 1000 cool_block_08.dump id type mol x y z ix iy iz vx vy vz


# --- Restart Checkpointing ---
restart 10000 npt_1.rst npt_2.rst

# --- Initial Velocities (optional) ---
# Velocities read from data file

# --- SHAKE Constraints ---
# SHAKE disabled

# --- NPT Thermostat + Barostat (Nose-Hoover) ---
# T_damp = 100.0 fs  (heat bath coupling)
# P_damp = 1000.0 fs  (pressure bath coupling, ~10x T_damp typical)
# Ramp: T=325.0->300.0K  P=1.0->1.0atm
timestep 1.0
fix npt_fix all npt temp 325.0 300.0 100.0 iso 1.0 1.0 1000.0

run 250000
PPPM Kokkos initialization ...
  using 12-bit tables for long-range coulomb
  G vector (1/distance) = 0.29868746
  grid = 30 30 30
  stencil order = 5
  estimated absolute RMS force accuracy = 0.00037792053
  estimated relative force accuracy = 1.1380965e-06
  using double precision cuFFT
  3d grid and FFT values/proc = 50653 27000
Generated 10 of 10 mixed pair_coeff terms from sixthpower/sixthpower mixing rule
Neighbor list info ...
  update: every = 1 steps, delay = 0 steps, check = yes
  max neighbors/atom: 4000, page size: 100000
  master list distance cutoff = 11.5
  ghost atom cutoff = 11.5
  binsize = 11.5, bins = 4 4 4
  1 neighbor lists, perpetual/occasional/extra = 1 0 0
  (1) pair lj/class2/coul/long/kk, perpetual
      attributes: full, newton off, kokkos_device
      pair build: full/bin/kk/device
      stencil: full/bin/3d
      bin: kk/device
Per MPI rank memory allocation (min/avg/max) = 34.72 | 34.72 | 34.72 Mbytes
   Step          Time           Temp          Press         Enthalpy        TotEng         KinEng         PotEng         E_bond        E_angle        E_dihed        E_impro         E_vdwl         E_coul         E_long         E_tail         Volume           Lx             Ly             Lz          Density          Pxx            Pyy            Pzz      
         0   0              328.26102     -1021.6581      4961.239       6156.8555      7826.8915     -1670.0359      2912.1541      5912.1509     -9574.4273     -65.499062     -3232.5334      7833.3693     -5455.2504     -519.8496       80243.604      43.132385      43.132385      43.132385      1.0396783     -1036.161      -1509.7252     -519.08806    
      1000   1000           328.8712      -390.38839      5757.5053      6213.0297      7841.4404     -1628.4107      2938.6043      5979.3588     -9607.8526     -66.793448     -3267.3094      7847.7726     -5452.191      -521.37395      80008.995      43.090309      43.090309      43.090309      1.0427269     -645.63947     -580.34042      54.814732    
      2000   2000           325.86421     -1326.7055      4554.4567      6114.942       7769.7432     -1654.8012      2904.2948      5992.4869     -9667.987      -66.289943     -3202.1222      7837.6662     -5452.85       -517.22428      80650.904      43.205239      43.205239      43.205239      1.0344278     -477.84154     -795.95689     -2706.3182    
      3000   3000           326.95387      354.06236      6718.3313      6303.5173      7795.7246     -1492.2072      2927.6077      6015.6874     -9547.0781     -59.147398     -3215.3956      7840.027      -5453.9082     -519.26664      80333.691      43.14852       43.14852       43.14852       1.0385124      743.52989      865.87697     -547.21978    
      4000   4000           322.26021      429.8239       6555.7632      6054.0126      7683.8113     -1629.7987      2865.7632      6042.1945     -9682.5819     -70.418288     -3162.4389      7829.6993     -5452.0165     -521.15467      80042.659      43.096351      43.096351      43.096351      1.0422884     -479.59999      1678.9079      90.16383     
      5000   5000           325.57514      121.89461      6325.7172      6183.3796      7762.8507     -1579.4712      2883.7458      6045.4869     -9558.9436     -64.142793     -3261.836       7831.8283     -5455.6098     -520.98933      80068.062      43.10091       43.10091       43.10091       1.0419577      1115.3738      38.497588     -788.18757    
      6000   6000           324.54619     -108.72945      5884.338       6012.0432      7738.317      -1726.2737      2779.1495      6044.3866     -9688.2279     -68.493723     -3203.3757      7860.3455     -5450.0579     -517.96752      80535.177      43.184564      43.184564      43.184564      1.0359142      416.33857     -45.647454     -696.87948    
      7000   7000           326.26886     -63.5642        5979.7967      6053.9236      7779.3915     -1725.4679      2860.3747      5946.6996     -9659.3627     -63.794465     -3210.5708      7848.9753     -5447.7896     -521.67631      79962.622      43.081982      43.081982      43.081982      1.0433317     -254.94271      549.00377     -484.75366    
      8000   8000           319.72446     -120.91542      5736.9319      5878.5345      7623.35       -1744.8155      2818.1372      6032.9403     -9643.026      -67.521703     -3269.6878      7835.3896     -5451.0472     -519.48685      80299.638      43.142423      43.142423      43.142423      1.0389528     -90.807749      37.941434     -309.87995    
      9000   9000           322.71056     -249.29992      5784.8707      6075.3136      7694.5492     -1619.2355      2917.3137      5964.7044     -9559.8045     -66.256836     -3255.4697      7833.1506     -5452.8731     -522.18614      79884.552      43.067957      43.067957      43.067957      1.0443513     -960.4062       746.55979     -534.05334    
     10000   10000          322.1015       923.24274      7132.4539      6052.3187      7680.0271     -1627.7083      2882.9365      5916.0594     -9593.9399     -64.656423     -3153.7367      7836.8858     -5451.2569     -519.99817      80220.679      43.128277      43.128277      43.128277      1.0399754      755.94343      2030.9005     -17.115663    
     11000   11000          325.92646      419.36898      6663.9942      6177.3213      7771.2275     -1593.9062      2914.0878      6019.7345     -9616.1252     -61.618639     -3236.2334      7838.4377     -5452.189      -524.23151      79572.871      43.011872      43.011872      43.011872      1.0484419      437.68288      713.61597      106.80809    
     12000   12000          319.97487     -160.5656       5697.1649      5884.8454      7629.3208     -1744.4754      2858.2023      5868.6873     -9536.5771     -61.170866     -3255.052       7833.3173     -5451.8824     -520.47218      80147.619      43.11518       43.11518       43.11518       1.0409234      110.14838     -1045.0895      453.24433    
     13000   13000          325.26239     -478.91877      5595.4595      6153.5855      7755.3938     -1601.8083      2891.2838      6051.8198     -9553.2149     -61.194323     -3301.0243      7827.1105     -5456.589      -522.02787      79908.771      43.072309      43.072309      43.072309      1.0440348     -945.21355     -748.62052      257.07775    
     14000   14000          323.56322     -333.76162      5649.8275      6044.114       7714.8795     -1670.7655      2847.7273      6009.5339     -9572.1819     -62.212775     -3250.7844      7815.7299     -5458.5776     -514.97781      81002.725      43.267972      43.267972      43.267972      1.0299349     -520.74105      1041.7089     -1522.2527    
     15000   15000          321.78089      506.20839      6434.7076      5841.8983      7672.3825     -1830.4842      2850.2653      5856.8145     -9612.9818     -59.993544     -3229.6265      7820.6227     -5455.5849     -519.49139      80298.936      43.142297      43.142297      43.142297      1.0389619      1411.1285     -135.65293      243.14958    
     16000   16000          321.82631      792.43223      6946.0828      6015.0398      7673.4656     -1658.4258      2850.7488      6005.5987     -9627.4376     -64.110197     -3195.8826      7827.0684     -5454.4113     -517.79327      80562.278      43.189408      43.189408      43.189408      1.0355657      1998.5778     -422.4094       801.12834    
     17000   17000          322.99982      1234.0059      7642.5209      6203.5222      7701.446      -1497.9237      2935.0575      6052.3104     -9584.491      -65.111324     -3223.6787      7839.2347     -5451.2454     -521.70002      79958.988      43.081329      43.081329      43.081329      1.0433791      1050.9907      759.52179      1891.5051    
     18000   18000          320.70632     -722.93934      5095.1351      5942.2642      7646.761      -1704.4968      2849.1373      6001.4939     -9605.2099     -64.588321     -3262.858       7831.3442     -5453.8159     -519.17798      80347.409      43.150976      43.150976      43.150976      1.0383351     -857.25939     -1508.0289      196.47028    
     19000   19000          326.21673      865.25033      7099.1844      6088.9371      7778.1486     -1689.2115      2888.2672      5968.834      -9591.5068     -65.573129     -3256.6612      7826.9395     -5459.5111     -521.04846      80058.976      43.099279      43.099279      43.099279      1.042076       1857.3877      589.78702      148.57623    
     20000   20000          322.25606     -1966.5529      3566.7823      5869.0601      7683.7122     -1814.6521      2833.8896      5898.9891     -9585.9674     -64.18317      -3249.8119      7813.4061     -5460.9744     -519.65122      80274.239      43.137873      43.137873      43.137873      1.0392816     -3263.2852     -909.18818     -1727.1853    
     21000   21000          321.62894      144.34091      6250.1938      6082.17        7668.7595     -1586.5895      2861.2379      6035.5466     -9511.2689     -66.781952     -3245.6239      7800.92       -5460.6192     -522.61596      79818.852      43.056147      43.056147      43.056147      1.0452109     -1114.3643      487.75975      1059.6273    
     22000   22000          320.79472     -240.42258      5553.3412      5833.6327      7648.8689     -1815.2362      2838.3732      6010.2876     -9656.8516     -67.304444     -3301.1398      7818.0081     -5456.6092     -521.83041      79939.009      43.077741      43.077741      43.077741      1.0436399      156.97206     -1741.8237      863.58388    
     23000   23000          320.10398     -969.06495      4753.4274      5880.23        7632.3991     -1752.1691      2897.466       5957.145      -9517.9694     -68.081254     -3367.7043      7810.1897     -5463.215      -523.20159      79729.508      43.040076      43.040076      43.040076      1.0463822     -178.96353     -1149.1159     -1579.1154    
     24000   24000          325.2149      -1558.6312      4351.5102      6168.9216      7754.2614     -1585.3399      2889.2556      6076.775      -9508.9097     -67.06746      -3322.8239      7811.5329     -5464.1022     -521.74003      79952.857      43.080228      43.080228      43.080228      1.0434591     -2354.6928     -228.87878     -2092.322     
     25000   25000          323.17575     -483.99295      5330.7509      5895.6993      7705.6409     -1809.9415      2852.2594      5880.9043     -9591.7035     -64.377588     -3244.7027      7817.4599     -5459.7814     -521.18785      80037.563      43.095437      43.095437      43.095437      1.0423548     -928.32718     -379.52108     -144.13058    
     26000   26000          322.6901      -457.22         5410.6352      5941.7008      7694.0612     -1752.3605      2887.8408      5935.1729     -9571.4929     -65.973054     -3295.3037      7816.0121     -5458.6167     -523.77061      79642.891      43.024484      43.024484      43.024484      1.0475202      827.79225     -1484.2232     -715.22909    
     27000   27000          323.6268      -245.65458      5543.2075      5828.4142      7716.3956     -1887.9814      2804.6687      5924.7946     -9619.9849     -66.198133     -3280.597       7807.8069     -5458.4714     -523.99749      79608.408      43.018274      43.018274      43.018274      1.0479739     -406.30943      5.227098      -335.8814     
     28000   28000          320.55124     -549.58524      5325.7256      5968.0643      7643.0633     -1674.999       2866.9575      5984.7228     -9600.6175     -66.100245     -3210.3761      7811.406      -5460.9915     -520.51712      80140.699      43.11394       43.11394       43.11394       1.0410133     -1437.8764     -299.77855      88.899251    
     29000   29000          315.63554      151.18895      5895.8218      5719.5246      7525.8558     -1806.3312      2844.0286      5878.8996     -9611.1533     -58.615098     -3218.4677      7819.2073     -5460.2306     -521.72157      79955.685      43.080736      43.080736      43.080736      1.0434222     -52.150222     -1100.8294      1606.5465    
     30000   30000          324.17549      52.097802      5941.2214      5880.6144      7729.4782     -1848.8639      2887.7638      5832.2975     -9619.7554     -64.765101     -3245.9571      7819.5516     -5457.9991     -522.95049      79767.792      43.046964      43.046964      43.046964      1.04588        658.80378     -33.143028     -469.36735    
     31000   31000          321.34557      563.59265      6748.8414      6093.4772      7662.003      -1568.5258      2956.1512      6076.4096     -9641.0345     -63.731878     -3257.2504      7820.0405     -5459.1104     -523.17458      79733.626      43.040817      43.040817      43.040817      1.0463281      1526.8384      103.28749      60.652052    
     32000   32000          321.63282     -1013.9564      4815.7809      5990.6578      7668.852      -1678.1942      2872.0619      6000.413      -9571.7521     -66.470157     -3282.0133      7824.8267     -5455.2602     -525.03826      79450.602      42.98983       42.98983       42.98983       1.0500554     -712.61862     -1758.0353     -571.21544    
     33000   33000          328.23773     -1334.9053      4549.669       6110.7538      7826.3361     -1715.5823      2908.634       6034.8171     -9649.6739     -63.953031     -3295.7293      7809.5465     -5459.2238     -520.22113      80186.296      43.122115      43.122115      43.122115      1.0404214     -646.98245     -1535.3999     -1822.3335    
     34000   34000          323.83412     -808.3957       5029.4626      5969.4811      7721.3387     -1751.8576      2915.4098      5833.3867     -9544.9523     -61.778628     -3254.9314      7818.0279     -5457.0197     -523.18057      79732.712      43.040652      43.040652      43.040652      1.0463401     -2419.2901      600.08223     -605.97921    
     35000   35000          323.06456      882.011        6968.5151      5938.7546      7702.9896     -1764.235       2845.2589      6056.3429     -9678.5388     -63.210726     -3277.3433      7811.664      -5458.4079     -521.07688      80054.609      43.098496      43.098496      43.098496      1.0421328      485.33338      1637.0433      523.65636    
     36000   36000          320.10872     -1392.0249      4240.5942      5860.7913      7632.5122     -1771.7209      2900.3315      5953.7362     -9622.8306     -66.869238     -3283.878       7809.272      -5461.4827     -522.68883      79807.724      43.054146      43.054146      43.054146      1.0453567     -2108.9209     -1202.9107     -864.24321    
     37000   37000          322.65997     -449.39647      5359.6701      5885.1894      7693.3428     -1808.1534      2849.985       5902.6846     -9605.3012     -63.370948     -3256.4233      7825.3747     -5461.1022     -520.24148      80183.16       43.121553      43.121553      43.121553      1.0404621      3.8964083     -1482.8335      130.74769    
     38000   38000          320.44082     -661.26751      5139.1897      5909.6478      7640.4306     -1730.7828      2855.691       5974.3355     -9578.605      -67.834595     -3255.8087      7805.6907     -5464.2516     -522.14625      79890.655      43.069053      43.069053      43.069053      1.0442715     -330.48114      742.1662      -2395.4876    
     39000   39000          317.00962      22.900299      5792.2058      5765.3794      7558.6187     -1793.2393      2805.8463      6018.9709     -9638.3601     -64.890741     -3264.1557      7809.2185     -5459.8685     -519.32908      80324.032      43.146791      43.146791      43.146791      1.0386373     -480.8279       911.77044     -362.24165    
     40000   40000          320.74326      1386.406       7432.4994      5813.8951      7647.6417     -1833.7466      2830.5385      5962.4997     -9673.0052     -65.544012     -3260.4626      7829.8593     -5457.6323     -521.09123      80052.405      43.0981        43.0981        43.0981        1.0421615      2119.5139      1296.9421      742.76185    
     41000   41000          320.7847       1313.6942      7416.8149      5890.6528      7648.6299     -1757.9771      2879.0511      5823.032      -9546.8991     -64.217251     -3204.4933      7813.7556     -5458.2061     -523.66998      79658.196      43.02724       43.02724       43.02724       1.0473189      2501.5628      1166.2073      273.31257    
     42000   42000          315.90051     -362.38753      5423.5694      5847.3829      7532.1736     -1684.7907      2921.193       5996.3805     -9625.7692     -68.811674     -3283.1626      7830.8738     -5455.4944     -520.19056      80191.009      43.12296       43.12296       43.12296       1.0403602      539.38212     -1146.5367     -480.00797    
     43000   43000          323.20592     -1351.9992      4365.6455      5940.903       7706.3601     -1765.4571      2869.2068      6012.8614     -9658.0623     -70.994248     -3283.5325      7818.3526     -5453.2888     -522.14235      79891.252      43.069161      43.069161      43.069161      1.0442637     -731.06738     -1433.1848     -1891.7455    
     44000   44000          319.25561     -100.98895      5688.7926      5806.3931      7612.1711     -1805.778       2877.4482      6004.4793     -9646.9856     -64.924303     -3334.6807      7817.1983     -5458.3131     -522.43046      79847.193      43.061242      43.061242      43.061242      1.0448399      828.53357      1133.2009     -2264.7014    
     45000   45000          317.36786      86.784242      5808.535       5707.6398      7567.1604     -1859.5207      2861.8456      5862.6421     -9640.211      -66.801489     -3253.2797      7830.6175     -5454.3337     -523.28006      79717.552      43.037924      43.037924      43.037924      1.0465391      679.66347     -218.70532     -200.60542    
     46000   46000          322.80796      738.84918      6801.0171      5941.6423      7696.8714     -1755.2291      2841.7582      5968.1951     -9618.1639     -65.957877     -3228.1664      7803.8539     -5456.7481     -523.0428       79753.714      43.044431      43.044431      43.044431      1.0460646      24.839552      617.79367      1573.9143    
     47000   47000          323.44866     -569.80132      5259.6373      5923.6998      7712.148      -1788.4482      2929.2174      5810.3597     -9595.736      -63.347706     -3241.0475      7826.6131     -5454.5072     -522.00962      79911.566      43.072811      43.072811      43.072811      1.0439983     -77.108546     -1596.8981     -35.39726     
     48000   48000          319.37017      999.84113      6937.8497      5774.174       7614.9026     -1840.7286      2809.6913      5925.3174     -9670.1183     -65.926137     -3215.1436      7825.2178     -5449.767      -522.71269      79804.081      43.053491      43.053491      43.053491      1.0454044      1843.617       545.00727      610.89915    
     49000   49000          315.58377      736.72617      6514.4045      5656.1573      7524.6215     -1868.4642      2815.6115      5890.2365     -9656.0345     -65.338043     -3220.1744      7821.4811     -5454.2464     -522.2251       79878.592      43.066886      43.066886      43.066886      1.0444292     -406.99688      1950.1106      667.06478    
     50000   50000          323.91111      52.863972      5953.3802      5891.7864      7723.1744     -1831.388       2825.9922      5871.4319     -9562.406      -64.753022     -3275.5642      7827.655      -5453.7439     -522.13991      79891.625      43.069228      43.069228      43.069228      1.0442588      400.28023      13.186407     -254.87472    
     51000   51000          320.47244     -48.754424      5726.8471      5783.6555      7641.1846     -1857.5291      2823.3433      5904.0809     -9626.6811     -62.989298     -3261.6551      7820.9645     -5454.5923     -522.1145       79895.512      43.069926      43.069926      43.069926      1.044208      -1103.8413      1475.8372     -518.25916    
     52000   52000          317.25191     -149.28248      5698.9785      5873.381       7564.3959     -1691.0149      2863.0828      6050.3487     -9666.8809     -67.017902     -3241.5358      7824.1259     -5453.1376     -520.7391       80106.536      43.107812      43.107812      43.107812      1.0414573      320.4771      -1437.8531      669.52853    
     53000   53000          322.41923      276.06391      6247.6886      5926.6265      7687.6027     -1760.9763      2872.0013      5974.1408     -9666.1912     -59.018027     -3241.945       7816.3917     -5456.3558     -523.09981      79745.022      43.042867      43.042867      43.042867      1.0461786      1789.2929     -54.798346     -906.30279    
     54000   54000          319.68808      494.51733      6399.5645      5823.8181      7622.4825     -1798.6645      2879.1542      5875.1642     -9618.303      -63.284434     -3243.7625      7825.9943     -5453.6273     -522.53366      79831.423      43.058407      43.058407      43.058407      1.0450463      1052.9164      1411.8212     -981.18571    
     55000   55000          324.7298       624.45926      6546.9325      5823.6612      7742.695      -1919.0337      2851.6997      5770.0918     -9617.7343     -62.016746     -3235.2631      7828.8125     -5454.6236     -525.25102      79418.42       42.984025      42.984025      42.984025      1.0504809      238.8165       90.819859      1543.7414    
     56000   56000          321.6229      -213.80434      5518.9911      5768.4534      7668.6155     -1900.162       2801.9589      5965.9415     -9682.2441     -66.746502     -3278.3247      7815.9384     -5456.6855     -521.40538      80004.172      43.089443      43.089443      43.089443      1.0427898     -627.77003     -134.06066      120.41769    
     57000   57000          319.55862      848.81205      6691.2486      5701.7966      7619.3959     -1917.5993      2782.2168      5854.7776     -9621.9468     -64.972135     -3235.7636      7824.9634     -5456.8745     -521.89223      79929.539      43.07604       43.07604       43.07604       1.0437635      56.901848      944.93727      1544.597     
     58000   58000          319.34922     -335.87727      5509.5991      5900.4229      7614.4031     -1713.9802      2890.0526      5917.8322     -9603.876      -64.896351     -3226.9897      7827.1111     -5453.2141     -522.83377      79785.6        43.050167      43.050167      43.050167      1.0456465     -386.27723     -126.61216     -494.74241    
     59000   59000          317.33062     -1014.5293      4544.6848      5724.1341      7566.2724     -1842.1383      2873.0075      5914.7317     -9666.622      -60.890088     -3264.3624      7815.1611     -5453.1641     -523.29834      79714.768      43.037423      43.037423      43.037423      1.0465757     -1088.6969     -1016.5829     -938.3081     
     60000   60000          313.70761     -544.31538      4960.2028      5588.834       7479.8873     -1891.0533      2906.2284      5883.0935     -9643.6505     -64.225071     -3339.4191      7824.0754     -5457.1559     -526.76718      79189.835      42.942746      42.942746      42.942746      1.0535132     -941.87018     -92.532531     -598.54343    
     61000   61000          323.18628      650.74884      6580.0899      5822.0444      7705.8919     -1883.8475      2797.6655      5910.1671     -9639.967      -63.993982     -3267.4574      7834.1522     -5454.414      -522.25441      79874.11       43.06608       43.06608       43.06608       1.0444878      475.27103      469.77943      1007.1961    
     62000   62000          316.57313     -540.26445      4992.5482      5622.273       7548.2112     -1925.9383      2808.5644      5921.3741     -9674.4094     -65.723386     -3277.492       7816.9817     -5455.2337     -521.93889      79922.395      43.074756      43.074756      43.074756      1.0438568     -247.53502     -1050.1072     -323.15114    
     63000   63000          318.49089      710.863        6620.1612      5795.7183      7593.9374     -1798.2191      2844.1847      5907.9215     -9571.4445     -65.947663     -3294.8773      7833.2158     -5451.2716     -524.55294      79524.111      43.003084      43.003084      43.003084      1.0490848      213.60578      2283.4485     -364.46525    
     64000   64000          315.79011     -624.5843       4876.5762      5601.982       7529.5414     -1927.5595      2879.9561      5727.029      -9603.0136     -66.084021     -3257.4176      7837.9949     -5446.0243     -523.81032      79636.853      43.023397      43.023397      43.023397      1.0475996     -609.54776      385.45033     -1649.6555    
     65000   65000          313.80283     -368.93944      5120.0848      5549.8207      7482.1576     -1932.3369      2822.6884      5919.36       -9709.6791     -66.531702     -3266.7603      7818.8416     -5450.2556     -522.29693      79867.606      43.064911      43.064911      43.064911      1.0445729     -1101.2162      306.73953     -312.34164    
     66000   66000          318.67396     -88.075464      5532.5813      5635.146       7598.3024     -1963.1564      2799.193       5862.2584     -9655.4171     -63.487384     -3285.7497      7831.6652     -5451.6188     -522.42165      79848.54       43.061484      43.061484      43.061484      1.0448223      302.22102     -1216.5588      650.11135    
     67000   67000          316.93172     -318.4349       5362.9747      5732.653       7556.7613     -1824.1084      2892.8288      5976.1998     -9673.5046     -65.792485     -3327.9735      7824.8378     -5450.7041     -524.03562      79602.615      43.01723       43.01723       43.01723       1.0480502     -738.15258     -376.15202      158.99991    
     68000   68000          319.50805     -710.86258      4925.943       5756.7497      7618.19       -1861.4404      2867.4921      5824.576      -9634.0458     -61.146097     -3229.9385      7826.1382     -5454.5162     -520.53474      80137.986      43.113453      43.113453      43.113453      1.0410486     -930.94477     -138.90941     -1062.7335    
     69000   69000          317.56365      1750.5961      7588.4067      5566.6591      7571.8288     -2005.1697      2846.2156      5796.2627     -9694.4477     -65.032748     -3280.9575      7846.2162     -5453.4263     -526.77246      79189.04       42.942602      42.942602      42.942602      1.0535238      1050.4101      3026.3764      1175.0018    
     70000   70000          314.74795      211.30699      5804.092       5559.1626      7504.6927     -1945.5301      2858.0169      5869.819      -9724.4048     -60.328614     -3270.9526      7833.3911     -5451.0711     -524.85225      79478.759      42.994908      42.994908      42.994908      1.0496834      7.0334836      1511.8614     -884.97391    
     71000   71000          316.79171     -1452.1065      3813.3981      5515.1448      7553.4231     -2038.2783      2784.0388      5868.18       -9718.8202     -61.427893     -3279.601       7824.9516     -5455.5996     -519.11979      80356.416      43.152589      43.152589      43.152589      1.0382187     -623.49895     -1760.8535     -1971.967     
     72000   72000          318.67711      2211.3442      8291.5408      5724.7665      7598.3775     -1873.611       2840.3244      5873.844      -9650.5953     -65.550886     -3247.6887      7830.3034     -5454.2479     -524.12236      79589.441      43.014857      43.014857      43.014857      1.0482237      2581.1572      1310.7966      2742.0786    
     73000   73000          317.51101     -1524.7663      3913.5135      5691.1618      7570.5735     -1879.4117      2870.5863      5950.6347     -9706.9176     -67.097178     -3274.0722      7804.6243     -5457.17       -521.82091      79940.464      43.078002      43.078002      43.078002      1.0436209     -2704.8503      599.8149      -2469.2636    
     74000   74000          316.07804     -371.80112      5171.6961      5607.517       7536.4066     -1928.8896      2806.0904      5882.9792     -9681.0464     -67.485918     -3240.8792      7824.5453     -5453.0931     -518.99922      80375.084      43.15593       43.15593       43.15593       1.0379776     -1258.1119      442.38051     -299.67195    
     75000   75000          320.30264     -953.40181      4540.5993      5648.6222      7637.1359     -1988.5138      2840.2822      5882.1665     -9650.7583     -63.146653     -3365.4796      7826.7204     -5458.2984     -523.46937      79688.724      43.032736      43.032736      43.032736      1.0469177     -1231.2861     -1107.6746     -521.24473    
     76000   76000          310.65579     -824.95655      4554.3433      5518.9733      7407.1212     -1888.1479      2839.8848      5930.1451     -9636.0156     -63.383504     -3313.7263      7813.6184     -5458.6707     -520.27666      80177.738      43.120581      43.120581      43.120581      1.0405324     -2352.1071      98.337533     -221.1001     
     77000   77000          316.91058     -261.61668      5257.5945      5561.7245      7556.2573     -1994.5328      2751.4236      5831.5352     -9587.0898     -62.113885     -3286.1772      7816.5268     -5458.6374     -523.32338      79710.953      43.036737      43.036737      43.036737      1.0466257      79.149014     -504.01961     -359.97944    
     78000   78000          314.17301      251.11182      5897.3246      5606.1595      7490.9841     -1884.8246      2870.7324      5846.183      -9648.9304     -63.602217     -3243.9159      7814.005      -5459.2965     -524.67684      79505.331      42.999699      42.999699      42.999699      1.0493326      687.16884      104.60783     -38.441204    
     79000   79000          317.80372      858.00049      6700.0122      5706.896       7577.5529     -1870.6569      2873.6393      5866.2433     -9631.2677     -62.363783     -3275.6542      7812.4043     -5453.6583     -525.59534      79366.391      42.974636      42.974636      42.974636      1.0511696      1434.3664      946.73822      192.89687    
     80000   80000          318.58127      553.21378      6274.6694      5630.7757      7596.0924     -1965.3167      2803.2285      5865.931      -9645.7614     -62.135295     -3313.7792      7842.3638     -5455.1641     -522.68833      79807.8        43.054159      43.054159      43.054159      1.0453557      665.45704     -259.43502      1253.6193    
     81000   81000          315.48894     -1027.6363      4314.4359      5515.1         7522.3603     -2007.2603      2797.3999      5878.8635     -9704.7721     -63.420693     -3286.16        7825.9359     -5455.1068     -520.69321      80113.596      43.109079      43.109079      43.109079      1.0413655     -1830.1697     -809.13659     -443.60249    
     82000   82000          319.10897      609.11119      6323.2977      5619.1542      7608.6747     -1989.5205      2841.4831      5905.949      -9638.2276     -64.952791     -3405.1247      7827.4813     -5456.1288     -526.2589       79266.319      42.956567      42.956567      42.956567      1.0524967     -330.57289      560.18897      1597.7175    
     83000   83000          317.0625       308.99273      6004.944       5648.1471      7559.8796     -1911.7325      2905.1107      5851.8506     -9665.0025     -66.338915     -3322.0267      7833.7567     -5449.0824     -526.85514      79176.613      42.940356      42.940356      42.940356      1.0536891      2233.3299     -1442.9338      136.58212    
     84000   84000          315.75065     -1236.6226      4141.5256      5567.0591      7528.6004     -1961.5413      2852.3668      5964.5364     -9681.0412     -63.440364     -3388.2719      7810.0399     -5455.7309     -527.7446       79043.169      42.916219      42.916219      42.916219      1.055468      -1435.5697     -382.66949     -1891.6287    
     85000   85000          322.66704     -463.64348      5210.3761      5749.9237      7693.5115     -1943.5878      2804.0638      5876.7078     -9667.6194     -64.408274     -3261.9056      7820.9256     -5451.3516     -522.77931      79793.91       43.051661      43.051661      43.051661      1.0455376     -393.49467     -266.74256     -730.69322    
     86000   86000          313.19324     -448.24884      4941.8051      5460.2944      7467.6228     -2007.3284      2751.3341      5839.911      -9555.4711     -63.041837     -3348.5505      7821.1137     -5452.6239     -525.94872      79313.066      42.96501       42.96501       42.96501       1.0518763     -396.44847     -624.7379      -323.56017    
     87000   87000          313.83343      370.86271      6074.4478      5643.0368      7482.8873     -1839.8505      2845.1405      5887.9174     -9609.684      -67.922427     -3278.7282      7837.5711     -5454.1449     -522.98103      79763.134      43.046126      43.046126      43.046126      1.045941      -32.351245      485.05748      659.8819     
     88000   88000          315.08802      870.61292      6551.045       5543.3919      7512.801      -1969.4092      2783.6824      5828.0498     -9618.7671     -64.459647     -3271.878       7828.8274     -5454.864      -525.62752      79361.532      42.973759      42.973759      42.973759      1.0512339      2317.8842     -324.27096      618.22557    
     89000   89000          314.14695      1028.7195      6764.6466      5570.0186      7490.3627     -1920.344       2822.4125      5846.9057     -9659.0184     -58.51867      -3244.8599      7823.6633     -5450.9285     -523.87577      79626.904      43.021605      43.021605      43.021605      1.0477305      1214.2455      2176.2459     -304.33303    
     90000   90000          319.22299     -136.65821      5413.5714      5572.3908      7611.3932     -2039.0024      2715.4012      5933.953      -9638.8996     -64.710427     -3342.6207      7813.9418     -5456.0676     -523.47515      79687.843      43.032577      43.032577      43.032577      1.0469293     -52.794631     -899.68259      542.50259    
     91000   91000          313.67351      48.503387      5546.0753      5489.5744      7479.0743     -1989.4999      2795.4645      5838.2043     -9664.8087     -64.757343     -3237.2135      7804.3024     -5460.6916     -522.25259      79874.388      43.06613       43.06613       43.06613       1.0444842     -336.86856      19.183135      463.19559    
     92000   92000          318.46026      1382.5124      7227.8066      5620.0908      7593.2071     -1973.1163      2854.3839      5716.8012     -9573.4524     -59.731867     -3250.2203      7798.6499     -5459.5468     -523.1471       79737.814      43.04157       43.04157       43.04157       1.0462732      495.31069      521.37538      3130.8513    
     93000   93000          317.32172      965.09526      6687.1075      5564.0534      7566.0602     -2002.0069      2824.8363      5807.7591     -9604.1967     -64.83953      -3308.5295      7801.5736     -5458.6102     -522.79753      79791.13       43.051161      43.051161      43.051161      1.0455741      477.10551      2280.3453      137.83495    
     94000   94000          317.81914      204.84341      5860.1165      5622.089       7577.9206     -1955.8316      2833.0155      5880.7698     -9687.9291     -61.872275     -3279.71        7812.082      -5452.1875     -523.55097      79676.303      43.0305        43.0305        43.0305        1.0470809     -516.1824       675.20362      455.50901    
     95000   95000          315.2808       579.32151      6135.46        5462.0947      7517.3977     -2055.3029      2804.8679      5787.8238     -9657.8155     -60.622608     -3294.1737      7818.2727     -5453.6556     -523.39912      79699.419      43.034661      43.034661      43.034661      1.0467772      823.17327      656.97308      257.81818    
     96000   96000          311.48668      575.93977      6061.3768      5393.1896      7426.9325     -2033.7429      2794.2021      5807.0448     -9619.4965     -62.948004     -3314.2216      7820.2703     -5458.594      -524.37613      79550.924      43.007917      43.007917      43.007917      1.0487312      1740.8915     -494.68439      481.61219    
     97000   97000          314.73449      793.98897      6441.4602      5513.0352      7504.3716     -1991.3365      2728.5047      5770.5381     -9610.363      -63.713716     -3191.9054      7828.2382     -5452.6353     -520.27347      80178.229      43.120669      43.120669      43.120669      1.040526       1810.2819     -171.66815      743.3532     
     98000   98000          318.34063     -397.2241       5205.9732      5668.11        7590.3547     -1922.2448      2855.632       5901.176      -9657.9027     -66.357324     -3316.0484      7817.7509     -5456.4953     -522.9126       79773.571      43.048003      43.048003      43.048003      1.0458042      33.306137     -98.570505     -1126.4079    
     99000   99000          316.1578       568.81151      6338.7009      5678.0462      7538.3084     -1860.2622      2818.8621      5943.3421     -9590.574      -64.092506     -3328.0659      7816.9487     -5456.6827     -523.7908       79639.821      43.023931      43.023931      43.023931      1.0475606      1608.192      -522.65838      620.90096    
    100000   100000         315.04549      1044.1929      6674.5497      5462.2989      7511.7871     -2049.4882      2786.549       5771.2847     -9626.6382     -64.352538     -3289.5512      7830.5486     -5457.3285     -524.02533      79604.179      43.017512      43.017512      43.017512      1.0480296     -345.47042      1557.1491      1920.9       
    101000   101000         314.71036      1034.1343      6908.4826      5703.3472      7503.7963     -1800.4491      2869.4547      5890.8509     -9610.9173     -62.621507     -3260.7591      7829.5028     -5455.9597     -522.04162      79906.667      43.071931      43.071931      43.071931      1.0440623      730.51399      899.69194      1472.1969    
    102000   102000         310.53217     -1056.5058      4145.9463      5386.9352      7404.1737     -2017.2385      2862.7755      5752.8603     -9650.8256     -64.331244     -3285.2511      7824.482      -5456.9483     -517.92636      80541.577      43.185708      43.185708      43.185708      1.0358319     -1148.6686     -102.27507     -1918.5737    
    103000   103000         315.36375     -600.01794      4886.4921      5586.4999      7519.3755     -1932.8755      2844.5862      5908.3316     -9770.5602     -63.844925     -3220.5219      7822.3504     -5453.2167     -521.46528      79994.982      43.087793      43.087793      43.087793      1.0429096     -1571.0014      208.52924     -437.5817     
    104000   104000         319.88442      949.43741      6712.8073      5611.4832      7627.164      -2015.6808      2805.0528      5867.1779     -9727.4811     -65.734447     -3253.1747      7815.6426     -5457.1639     -524.46345      79537.679      43.00553       43.00553       43.00553       1.0489058      847.28283      155.40417      1845.6252    
    105000   105000         313.29504      214.96108      5538.963       5291.7871      7470.05       -2178.2629      2822.8634      5765.0328     -9679.5465     -64.596613     -3370.5333      7805.3811     -5456.8638     -529.07563      78844.315      42.880199      42.880199      42.880199      1.05813        443.33329      766.11332     -564.56337    
    106000   106000         314.00885      492.44041      6104.6369      5531.684       7487.0698     -1955.3858      2887.3418      5867.6816     -9686.0932     -61.116983     -3313.1174      7807.0555     -5457.1371     -522.87613      79779.135      43.049004      43.049004      43.049004      1.0457313     -62.308424      540.70274      998.92691    
    107000   107000         314.60981     -468.65781      4897.9178      5441.8375      7501.3989     -2059.5613      2809.4691      5757.4377     -9627.9552     -59.144947     -3303.5906      7819.1974     -5454.9748     -524.18563      79579.834      43.013126      43.013126      43.013126      1.0483502     -1488.4744     -568.97086      651.47188    
    108000   108000         315.95883     -365.90064      5108.2711      5533.606       7533.5642     -1999.9582      2834.8608      5912.0281     -9736.6541     -64.392179     -3305.0077      7814.6536     -5455.4467     -523.35474      79706.177      43.035877      43.035877      43.035877      1.0466885     -201.32933     -681.49982     -214.87275    
    109000   109000         310.79105      405.40779      5804.2124      5330.8752      7410.3462     -2079.471       2817.2827      5835.1675     -9745.0201     -64.595829     -3272.1527      7806.554      -5456.7066     -521.05725      80057.625      43.099037      43.099037      43.099037      1.0420936      719.39939      788.69631     -291.87232    
    110000   110000         314.28624      296.44628      5922.7705      5577.5834      7493.6839     -1916.1005      2828.1853      5847.6816     -9619.5615     -65.216279     -3255.2569      7806.7117     -5458.6444     -522.46302      79842.217      43.060347      43.060347      43.060347      1.044905       694.3513      -64.031826      259.01936    
    111000   111000         315.79788      301.50872      5783.0604      5433.1283      7529.7266     -2096.5983      2723.4051      5860.6663     -9710.8989     -66.179302     -3257.6383      7812.2621     -5458.2153     -524.17965      79580.743      43.01329       43.01329       43.01329       1.0483382      1821.1859     -692.20666     -224.45306    
    112000   112000         313.74331      554.34333      6029.8378      5387.0096      7480.7385     -2093.729       2749.4522      5835.4425     -9660.3154     -62.098458     -3302.3879      7806.5034     -5460.3254     -524.62372      79513.38       43.00115       43.00115       43.00115       1.0492264      1543.5155     -76.850514      196.36503    
    113000   113000         317.22731     -18.980349      5441.7986      5463.9257      7563.8093     -2099.8835      2787.317       5728.7881     -9631.684      -63.117647     -3287.8552      7828.0064     -5461.3382     -521.84767      79936.365      43.077266      43.077266      43.077266      1.0436744      78.576942      668.00513     -803.52312    
    114000   114000         312.90674     -34.336869      5290.7521      5330.6901      7460.7918     -2130.1017      2702.6148      5808.5816     -9634.6488     -66.485179     -3283.041       7800.648      -5457.7712     -523.0438       79753.561      43.044404      43.044404      43.044404      1.0460666      21.182463     -296.30697      172.1139     
    115000   115000         314.2853       997.95505      6482.1477      5326.3624      7493.6614     -2167.299       2750.0941      5690.7108     -9663.6328     -62.819597     -3229.4915      7809.9151     -5462.0751     -525.28846      79412.758      42.983004      42.983004      42.983004      1.0505558     -65.854405      940.5842       2119.1354    
    116000   116000         311.39363     -350.64428      5056.8683      5463.9859      7424.7139     -1960.728       2848.9177      5851.3029     -9682.3747     -65.893866     -3277.5684      7820.6279     -5455.7395     -523.9754       79611.763      43.018878      43.018878      43.018878      1.0479298     -457.1742      -408.67462     -186.08402    
    117000   117000         312.91087     -136.40114      5398.8491      5558.4097      7460.8902     -1902.4806      2834.2282      5791.766      -9576.6497     -63.417447     -3242.1249      7809.9248     -5456.2075     -520.06355      80210.593      43.12647       43.12647       43.12647       1.0401062      12.024054      691.92475     -1113.1522    
    118000   118000         317.15205      71.078666      5528.6084      5445.8299      7562.0149     -2116.185       2741.8104      5793.8311     -9680.6022     -61.49359      -3275.2256      7819.3626     -5453.8677     -522.37875      79855.097      43.062663      43.062663      43.062663      1.0447365      230.84729     -1458.9643      1441.353     
    119000   119000         312.20345      656.22603      6228.1369      5460.8396      7444.0228     -1983.1832      2779.8294      5854.3173     -9650.5736     -65.521529     -3251.6838      7808.3389     -5457.8899     -520.29999      80174.143      43.119936      43.119936      43.119936      1.0405791      428.51079      1635.8425     -95.675233    
    120000   120000         309.78759      82.393871      5339.0531      5243.3432      7386.4202     -2143.077       2717.1267      5777.2732     -9684.0164     -64.420101     -3248.5598      7818.509      -5458.9896     -523.72375      79650.017      43.025767      43.025767      43.025767      1.0474265      204.31453     -144.4609       187.32798    
    121000   121000         313.19583     -640.22341      4686.5439      5430.1951      7467.6847     -2037.4896      2835.0135      5773.0004     -9656.5811     -61.528515     -3284.1449      7812.511      -5455.76       -523.75275      79645.607      43.024973      43.024973      43.024973      1.0474845     -618.89269     -1204.552      -97.225557    
    122000   122000         309.60401      728.91929      6282.011       5427.8155      7382.0432     -1954.2277      2762.5735      5910.4833     -9667.9377     -67.206673     -3258.0191      7820.3003     -5454.4214     -519.14201      80352.977      43.151973      43.151973      43.151973      1.0382632      1350.9657      35.185372      800.60675    
    123000   123000         316.58032      1266.5225      7088.7476      5612.7086      7548.3828     -1935.6742      2777.192       5901.7699     -9675.6292     -66.906562     -3237.5097      7819.2627     -5453.8533     -522.01038      79911.449      43.07279       43.07279       43.07279       1.0439998      1166.6119      1972.7745      660.18125    
    124000   124000         311.66725     -539.87671      4781.5792      5410.916       7431.2379     -2020.3219      2776.4163      5827.0927     -9618.0784     -69.658169     -3274.5472      7796.822      -5458.3692     -521.88581      79930.523      43.076217      43.076217      43.076217      1.0437507      1240.5955     -1781.4993     -1078.7263    
    125000   125000         311.98851     -269.37122      5095.9228      5409.1682      7438.8979     -2029.7297      2857.7638      5823.0206     -9663.1525     -60.85894      -3330.0592      7803.3776     -5459.8211     -523.15506      79736.6        43.041352      43.041352      43.041352      1.0462891      714.69516     -1162.2185     -360.59027    
    126000   126000         312.15162     -4.3703409      5269.8307      5274.9159      7442.787      -2167.8712      2724.0723      5685.9407     -9607.5599     -60.324075     -3268.1589      7818.1044     -5459.9458     -522.85011      79783.107      43.049718      43.049718      43.049718      1.0456792      1792.7156     -781.34799     -1024.4786    
    127000   127000         314.92851      404.45144      5925.2837      5454.9425      7508.9978     -2054.0553      2863.388       5723.3839     -9685.8335     -60.949582     -3247.8826      7814.1847     -5460.3463     -523.13928      79739.005      43.041785      43.041785      43.041785      1.0462575      866.67239      365.66167     -18.979744    
    128000   128000         310.6453      -133.03139      5056.6685      5211.3168      7406.871      -2195.5542      2733.4528      5732.8578     -9647.7054     -62.701335     -3282.7995      7796.7765     -5465.4351     -523.32678      79710.437      43.036644      43.036644      43.036644      1.0466325      76.047735     -752.89908      277.75716    
    129000   129000         305.85718     -669.60586      4535.6087      5312.7256      7292.7056     -1979.98        2856.6527      5807.5757     -9642.2922     -66.005676     -3271.9948      7798.0178     -5461.9335     -524.19994      79577.662      43.012735      43.012735      43.012735      1.0483788     -919.38655     -695.98341     -393.44762    
    130000   130000         313.82454      279.58283      5788.174       5465.5636      7482.6753     -2017.1116      2802.2019      5855.2        -9629.8015     -63.658728     -3323.5689      7799.8341     -5457.3186     -527.22526      79121.031      42.930306      42.930306      42.930306      1.0544293      220.7861       669.32191     -51.359535    
    131000   131000         313.34839     -497.62913      4799.7305      5380.0698      7471.3223     -2091.2525      2750.3106      5855.9741     -9675.0113     -66.132283     -3310.8417      7814.8691     -5460.421      -521.66039      79965.062      43.08242       43.08242       43.08242       1.0432998     -506.5218       346.86965     -1333.2352    
    132000   132000         310.48004      301.87216      5642.3083      5292.801       7402.9308     -2110.1298      2756.8471      5820.7365     -9683.0816     -59.580561     -3293.7202      7808.609      -5459.9401     -525.44927      79388.455      42.978618      42.978618      42.978618      1.0508774      501.80597      391.19718      12.613338    
    133000   133000         315.07693     -629.82823      4695.044       5425.5394      7512.5366     -2086.9972      2772.8455      5856.4131     -9680.5997     -64.246153     -3303.879       7793.5869     -5461.1178     -524.52795      79527.899      43.003767      43.003767      43.003767      1.0490348     -448.98391     -1045.7996     -394.70118    
    134000   134000         311.67762      38.801931      5235.8918      5190.9789      7431.4852     -2240.5063      2757.0531      5750.9337     -9713.9376     -62.259165     -3308.6153      7798.3646     -5462.0456     -525.58939      79367.291      42.974799      42.974799      42.974799      1.0511577      138.44096      6.1609581     -28.196128    
    135000   135000         310.49185     -209.87993      5110.0721      5354.3671      7403.2124     -2048.8453      2770.6397      5850.9143     -9648.8995     -66.772401     -3293.5256      7800.1387     -5461.3404     -522.66133      79811.922      43.054901      43.054901      43.054901      1.0453017     -134.44372      191.05789     -686.25397    
    136000   136000         317.00891     -929.0861       4308.1485      5390.7997      7558.6019     -2167.8021      2791.387       5695.0655     -9609.7172     -63.141701     -3322.2299      7801.3019     -5460.4678     -522.07321      79901.832      43.071062      43.071062      43.071062      1.0441254     -1327.7522      53.731756     -1513.2379    
    137000   137000         317.34247     -535.96002      4828.4753      5450.3673      7566.5551     -2116.1878      2782.4028      5737.6147     -9632.8706     -59.741866     -3292.0044      7809.3765     -5460.965      -524.30195      79562.179      43.009945      43.009945      43.009945      1.0485828     -856.24296      609.79216     -1361.4293    
    138000   138000         315.12902     -440.46948      4764.358       5273.3012      7513.7785     -2240.4774      2713.6971      5733.7296     -9612.2651     -61.679618     -3342.2348      7787.947      -5459.6716     -526.51483      79227.789      42.949606      42.949606      42.949606      1.0530085     -348.20428      55.563873     -1028.768     
    139000   139000         313.67959     -58.639485      5309.6152      5377.8076      7479.2191     -2101.4116      2760.2016      5830.4962     -9655.9066     -60.202294     -3344.1461      7822.5669     -5454.4214     -523.14095      79738.751      43.041739      43.041739      43.041739      1.0462609     -668.89957     -1146.0333      1639.0144    
    140000   140000         309.90978     -149.9261       5110.1446      5284.7529      7389.3336     -2104.5807      2784.1393      5771.6286     -9713.136      -66.145002     -3250.0298      7824.7005     -5455.7384     -522.36764      79856.795      43.062968      43.062968      43.062968      1.0447143     -1115.5097      463.21444      202.51693    
    141000   141000         309.46248     -226.34427      4998.6183      5262.184       7378.6685     -2116.4845      2770.5397      5738.0981     -9662.614      -64.191588     -3247.5881      7806.2884     -5457.017      -522.45005      79844.199      43.060704      43.060704      43.060704      1.0448791     -894.66583      76.872453      138.76057    
    142000   142000         312.21617      210.22941      5610.0788      5365.5458      7444.3261     -2078.7803      2771.2386      5768.3209     -9647.6221     -63.122126     -3267.9612      7818.1474     -5457.7817     -523.02209      79756.871      43.044999      43.044999      43.044999      1.0460232      1198.9808     -507.67989     -60.612656    
    143000   143000         310.76239      176.24785      5512.0496      5308.5141      7409.663      -2101.1489      2830.9497      5875.336      -9717.1121     -65.798021     -3364.2317      7798.4716     -5458.7645     -526.80229      79184.556      42.941792      42.941792      42.941792      1.0535834      356.41009      374.38045     -202.04699    
    144000   144000         308.9995      -867.57741      4246.7221      5251.4993      7367.6294     -2116.1302      2772.4857      5732.3762     -9612.675      -63.043796     -3301.2685      7811.8392     -5455.8441     -525.29409      79411.908      42.98285       42.98285       42.98285       1.0505671     -1321.5933     -680.10556     -601.03341    
    145000   145000         306.38209      100.54634      5175.6236      5059.2574      7305.2211     -2245.9637      2750.9344      5707.022      -9638.9852     -60.471167     -3339.6913      7795.8104     -5460.5828     -525.65837      79356.876      42.972919      42.972919      42.972919      1.0512956     -139.31029     -309.94166      750.89096    
    146000   146000         307.06213     -89.396511      5118.5646      5221.8304      7321.4357     -2099.6053      2785.0377      5806.1782     -9635.3638     -62.741179     -3318.8919      7787.9007     -5461.725      -526.65727      79206.361      42.945733      42.945733      42.945733      1.0532934      5.8527869     -115.71789     -158.32444    
    147000   147000         315.22138     -147.95458      5110.6496      5283.0742      7515.9808     -2232.9066      2780.9235      5725.4235     -9656.3547     -61.6857       -3349.5046      7791.1788     -5462.8874     -522.02733      79908.854      43.072324      43.072324      43.072324      1.0440337     -645.62447      1199.2079     -997.44717    
    148000   148000         312.65894     -693.29887      4495.8756      5297.8274      7454.8832     -2157.0558      2702.2593      5825.4463     -9634.3917     -68.017295     -3321.5665      7798.4962     -5459.2821     -525.94007      79314.37       42.965245      42.965245      42.965245      1.051859      -1222.8519     -466.14602     -390.89863    
    149000   149000         312.9424       195.31554      5612.6325      5385.1864      7461.6419     -2076.4555      2760.4735      5812.3832     -9654.816      -62.662155     -3259.1339      7788.5698     -5461.2699     -522.42305      79848.326      43.061446      43.061446      43.061446      1.0448251     -998.77699      565.16566      1019.5579    
    150000   150000         310.12295      54.661368      5313.2682      5249.83        7394.4165     -2144.5865      2770.5856      5793.1364     -9689.6337     -61.275697     -3293.3714      7795.944      -5459.9716     -524.19555      79578.329      43.012855      43.012855      43.012855      1.04837       -119.18597     -184.94993      468.12       
    151000   151000         308.12705      9.3729897      5065.3761      5054.5588      7346.8273     -2292.2685      2664.4425      5707.7332     -9578.5971     -61.540391     -3361.6134      7796.5516     -5459.2448     -527.13484      79134.601      42.93276       42.93276       42.93276       1.0542485     -1911.0242      1208.7477      730.39544    
    152000   152000         305.66823     -210.46073      4945.9286      5189.2919      7288.2003     -2098.9084      2774.6702      5786.0085     -9617.0003     -67.297017     -3296.798       7786.8938     -5465.3856     -526.11422      79288.116      42.960504      42.960504      42.960504      1.0522073     -718.57862     -607.41723      694.61366    
    153000   153000         306.03707     -99.756787      5053.6134      5169.0282      7296.9948     -2127.9666      2781.2717      5822.0948     -9665.9314     -62.821903     -3328.0417      7785.7099     -5460.2479     -525.82951      79331.048      42.968256      42.968256      42.968256      1.0516379     -610.8708       388.40484     -76.804395    
    154000   154000         309.74023      98.756234      5166.8992      5053.1213      7385.2911     -2332.1698      2691.5767      5773.8146     -9691.7914     -64.468441     -3361.2908      7783.8708     -5463.8814     -528.04481      78998.23       42.908084      42.908084      42.908084      1.0560684      959.01186      14.316354     -677.05951    
    155000   155000         311.41054      214.85584      5499.2691      5252.281       7425.1171     -2172.8361      2796.5794      5704.2605     -9612.2965     -56.122223     -3359.8098      7810.0736     -5455.5211     -529.21883      78822.98       42.876331      42.876331      42.876331      1.0584164     -538.05647      1088.5764      94.047551    
    156000   156000         310.44287      511.77126      5665.0714      5073.8656      7402.0445     -2328.1789      2701.6046      5661.4689     -9641.5917     -59.029906     -3320.2882      7787.9568     -5458.2994     -526.62478      79211.247      42.946616      42.946616      42.946616      1.0532284     -422.85136      1398.0634      560.10176    
    157000   157000         305.31432      101.44577      5127.7428      5010.2211      7279.7619     -2269.5408      2762.3573      5719.1274     -9702.0393     -61.351508     -3326.4276      7792.7645     -5453.9716     -525.14569      79434.349      42.986899      42.986899      42.986899      1.0502703     -668.93799      434.56772      538.70757    
    158000   158000         306.58004     -68.485652      5065.3722      5144.9672      7309.9411     -2164.9739      2729.1709      5787.9941     -9696.0924     -62.567784     -3290.6891      7815.5319     -5448.3215     -523.45355      79691.131      43.033169      43.033169      43.033169      1.0468861     -680.63552      662.47527     -187.29671    
    159000   159000         307.66757     -27.687529      5183.1763      5215.3929      7335.8716     -2120.4787      2830.8475      5685.0133     -9636.6545     -61.101747     -3288.4551      7806.6407     -5456.7688     -522.83992      79784.661      43.049998      43.049998      43.049998      1.0456588     -350.5354       534.37807     -266.90526    
    160000   160000         307.22658      417.77768      5642.5797      5155.8495      7325.3567     -2169.5073      2775.0959      5751.6458     -9681.726      -58.454333     -3307.9662      7806.3926     -5454.4951     -522.18085      79885.361      43.068102      43.068102      43.068102      1.0443407      1543.1789      564.0568      -853.90267    
    161000   161000         309.05465     -726.08448      4271.7797      5115.9229      7368.9445     -2253.0215      2749.9873      5766.2578     -9725.4936     -60.36051      -3319.8239      7794.6448     -5458.2334     -523.28107      79717.399      43.037897      43.037897      43.037897      1.0465411     -1726.916       42.262067     -493.5995     
    162000   162000         306.52468     -1363.8256      3483.4763      5055.557       7308.621      -2253.064       2720.6897      5730.9458     -9634.9208     -63.802324     -3347.7644      7796.1009     -5454.3128     -527.77406      79038.758      42.91542       42.91542       42.91542       1.0555269     -989.83465     -1666.0116     -1435.6305    
    163000   163000         313.03335      470.49867      5818.8997      5272.8521      7463.8106     -2190.9585      2734.7974      5788.724      -9702.6985     -62.18422      -3307.6316      7810.2025     -5452.1681     -524.1939       79578.579      43.0129        43.0129        43.0129        1.0483667     -15.618092      336.33415      1090.78      
    164000   164000         310.50068     -715.61431      4295.9258      5119.6817      7403.4229     -2283.7412      2764.1461      5705.3581     -9659.1548     -59.072209     -3400.5814      7817.0707     -5451.5078     -528.49939      78930.282      42.895778      42.895778      42.895778      1.0569775      300.53772     -1733.3541     -714.02651    
    165000   165000         305.31418      1997.0864      7343.8927      5050.9276      7279.7585     -2228.8309      2774.8896      5679.2538     -9703.3503     -64.328637     -3292.3974      7827.6403     -5450.5383     -529.86283      78727.179      42.858954      42.858954      42.858954      1.0597044      2697.5838      2001.1117      1292.5638    
    166000   166000         304.86545      105.15054      5190.8521      5069.9031      7269.0592     -2199.1561      2752.7742      5843.2514     -9731.4642     -66.199069     -3371.0919      7829.034      -5455.4605     -528.89944      78870.58       42.88496       42.88496       42.88496       1.0577776      338.46229      1146.2384     -1169.2491    
    167000   167000         312.00675     -239.14271      5048.9283      5325.4621      7439.3328     -2113.8707      2770.6823      5888.8474     -9705.7023     -65.498649     -3354.5908      7814.4862     -5462.0949     -526.10554      79289.425      42.96074       42.96074       42.96074       1.0521899     -79.957571      251.77917     -889.24974    
    168000   168000         305.77383      202.12635      5328.902       5094.6304      7290.7182     -2196.0878      2762.5611      5822.4462     -9760.9403     -69.211867     -3314.364       7823.0637     -5459.6427     -524.88885      79473.217      42.993909      42.993909      42.993909      1.0497566     -507.77796      571.94135      542.21567    
    169000   169000         307.3891      -352.26755      4749.3105      5157.2147      7329.2318     -2172.0172      2758.6819      5822.9129     -9735.1679     -64.071882     -3321.4475      7824.4995     -5457.4242     -525.38604      79398.01       42.980342      42.980342      42.980342      1.050751      -32.818152      528.2143      -1552.1988    
    170000   170000         309.61222      300.52242      5539.0383      5192.1329      7382.2389     -2190.106       2720.2256      5824.3891     -9721.5008     -60.946577     -3322.556       7825.3114     -5455.0287     -527.02344      79151.328      42.935785      42.935785      42.935785      1.0540257     -890.06197      671.61239      1120.0168    
    171000   171000         305.96342     -547.57631      4354.5857      4984.1517      7295.2387     -2311.087       2693.2829      5713.8653     -9692.769      -67.168514     -3324.3524      7824.1825     -5458.1279     -529.13612      78835.303      42.878565      42.878565      42.878565      1.058251      -1589.8801      432.86442     -485.71331    
    172000   172000         310.0533      -182.59459      4952.5069      5163.6808      7392.7556     -2229.0748      2752.3205      5681.9341     -9654.1828     -63.949186     -3312.6301      7825.1086     -5457.6759     -526.03156      79300.577      42.962754      42.962754      42.962754      1.052042      -163.81754     -427.75608      43.78984     
    173000   173000         302.98491     -588.15972      4185.8742      4867.3242      7224.2206     -2356.8963      2743.244       5641.5063     -9713.3093     -62.195521     -3323.3102      7813.0519     -5455.8836     -525.07978      79444.32       42.988697      42.988697      42.988697      1.0501385     -97.629946     -1656.0355     -10.813722    
    174000   174000         307.12987      861.24907      6082.5032      5087.0855      7323.0508     -2235.9653      2738.7312      5773.1352     -9720.3421     -62.011913     -3316.5323      7810.2138     -5459.1593     -526.36553      79250.261      42.953666      42.953666      42.953666      1.0527099      2191.1425      588.64863     -196.04396    
    175000   175000         310.85377     -262.73474      4882.8878      5187.2995      7411.8417     -2224.5423      2764.6644      5693.8784     -9686.0878     -63.807005     -3290.1099      7812.4527     -5455.5331     -525.07354      79445.263      42.988867      42.988867      42.988867      1.050126       420.31637      35.917764     -1244.4383    
    176000   176000         307.06148     -1008.4236      3785.5736      4955.0901      7321.4204     -2366.3303      2692.5955      5732.1409     -9638.1221     -64.637048     -3439.5275      7811.6261     -5460.4062     -524.56664      79522.033      43.00271       43.00271       43.00271       1.0491122     -655.70233     -2005.0609     -364.50745    
    177000   177000         306.8467      -627.60905      4383.4931      5115.5479      7316.2993     -2200.7514      2751.6331      5677.0546     -9644.3594     -63.777686     -3284.2845      7818.7682     -5455.7856     -521.56645      79979.466      43.085007      43.085007      43.085007      1.0431119     -657.83186     -1326.3864      101.39111    
    178000   178000         309.0288       2204.69        7573.5011      5028.9487      7368.3281     -2339.3794      2704.0002      5721.9556     -9709.2019     -64.197135     -3336.3448      7805.4029     -5460.9941     -527.10867      79138.53       42.93347       42.93347       42.93347       1.0541962      2145.5474      1946.044       2522.4786    
    179000   179000         304.97533     -729.12091      4268.053       5116.2138      7271.6791     -2155.4653      2730.0963      5807.3425     -9671.9945     -64.092589     -3288.8681      7792.1659     -5460.1148     -522.98041      79763.228      43.046143      43.046143      43.046143      1.0459398     -3235.5239     -1546.4569      2594.6181    
    180000   180000         306.60522     -408.83694      4578.4138      5053.6825      7310.5416     -2256.8591      2699.2355      5709.5355     -9675.2238     -60.681879     -3278.5372      7806.2095     -5457.3968     -523.32918      79710.07       43.036578      43.036578      43.036578      1.0466373     -154.62442     -792.42054     -279.46585    
    181000   181000         311.56774      591.84929      5948.301       5263.2109      7428.8653     -2165.6545      2744.4576      5732.977      -9673.5046     -62.155961     -3266.919       7816.4464     -5456.9559     -525.56625      79370.784      42.975429      42.975429      42.975429      1.0511114      893.06647     -285.20078      1167.6822    
    182000   182000         307.72008     -1002.5008      3870.5369      5033.4814      7337.1235     -2303.6422      2731.1671      5657.198      -9621.2894     -60.279142     -3362.8312      7808.2332     -5455.8407     -524.43275      79542.335      43.006369      43.006369      43.006369      1.0488444     -2665.9925     -237.3261      -104.18393    
    183000   183000         304.61156     -64.760979      5037.0662      5112.2624      7263.0057     -2150.7433      2839.5491      5711.2961     -9688.8986     -64.037397     -3307.2789      7812.0847     -5453.4584     -523.94003      79617.139      43.019846      43.019846      43.019846      1.047859      -631.47197     -637.64695      1074.836     
    184000   184000         305.2175       469.14867      5644.6016      5100.5328      7277.4533     -2176.9205      2819.9546      5645.1315     -9643.7597     -62.118819     -3263.0845      7791.086      -5464.1297     -524.59085      79518.363      43.002048      43.002048      43.002048      1.0491606     -825.30126     -49.069352      2281.8166    
    185000   185000         304.25863      554.81992      5645.59        5000.268       7254.5905     -2254.3224      2754.4518      5757.4722     -9770.5037     -64.665952     -3259.144       7790.0521     -5461.9849     -523.04572      79753.268      43.044351      43.044351      43.044351      1.0460704      1354.6312      788.00273     -478.17423    
    186000   186000         311.87025      690.17093      5934.0347      5135.8124      7436.0783     -2300.2659      2735.7609      5674.4375     -9654.589      -63.635284     -3317.8681      7785.1263     -5459.4982     -526.01343      79303.31       42.963248      42.963248      42.963248      1.0520057      164.8611       47.368895      1858.2828    
    187000   187000         307.76939     -530.18713      4313.6798      4925.5562      7338.2993     -2412.7431      2721.5254      5661.3574     -9696.6056     -65.399318     -3358.2185      7786.7853     -5462.1878     -527.14426      79133.188      42.932504      42.932504      42.932504      1.0542673     -753.45435     -1723.6647      886.55771    
    188000   188000         304.57287      1141.0828      6349.8851      5028.5736      7262.0831     -2233.5095      2744.1846      5655.916      -9640.4584     -62.060842     -3264.155       7794.9299     -5461.8658     -525.38294      79398.478      42.980427      42.980427      42.980427      1.0507448      2275.2398      1090.4727      57.536038    
    189000   189000         304.39472      675.57503      5723.97        4944.5969      7257.8353     -2313.2384      2722.4971      5722.5303     -9641.4569     -62.526213     -3384.9478      7792.3827     -5461.7176     -527.34184      79103.539      42.927142      42.927142      42.927142      1.0546625     -234.38388      587.25629      1673.8527    
    190000   190000         302.71736      1230.5889      6340.5333      4922.5052      7217.8414     -2295.3362      2734.1069      5629.7121     -9599.0077     -63.794689     -3342.993       7807.655      -5461.0149     -527.94926      79012.528      42.910672      42.910672      42.910672      1.0558773      7.6065287      1664.7989      2019.3613    
    191000   191000         307.7205      -1338.0855      3458.9063      5007.4067      7337.1336     -2329.7269      2727.122       5644.313      -9649.6563     -59.857447     -3349.7143      7816.5449     -5458.4786     -525.69829      79350.849      42.971831      42.971831      42.971831      1.0513755     -2380.5698     -359.9838      -1273.7027    
    192000   192000         301.6227      -529.49231      4234.2755      4847.5454      7191.7408     -2344.1954      2752.6391      5635.5342     -9690.3416     -62.294694     -3323.0087      7801.4764     -5458.2001     -525.25724      79417.479      42.983855      42.983855      42.983855      1.0504934     -669.59744     -223.32249     -695.557      
    193000   193000         302.69012     -682.86381      4042.0602      4836.8992      7217.1917     -2380.2925      2705.4927      5708.9558     -9714.344      -59.935983     -3368.9206      7809.1299     -5460.6704     -522.65964      79812.181      43.054947      43.054947      43.054947      1.0452983     -776.18991     -1063.9038     -208.49776    
    194000   194000         308.28531     -513.1169       4407.3258      5003.5987      7350.6007     -2347.002       2779.5956      5601.3693     -9711.6402     -62.792208     -3323.5983      7826.9736     -5456.9097     -523.52237      79680.656      43.031283      43.031283      43.031283      1.0470237     -409.40737     -1428.6327      298.68931    
    195000   195000         305.14403     -904.33325      3877.8858      4921.2033      7275.7016     -2354.4983      2785.0081      5666.5548     -9689.6004     -62.694665     -3405.4014      7808.3263     -5456.691      -527.32219      79106.486      42.927675      42.927675      42.927675      1.0546232     -1018.6595     -1923.2471      228.90679    
    196000   196000         303.09703      1325.5243      6401.8679      4868.5749      7226.8939     -2358.319       2696.8495      5672.8484     -9652.581      -62.42527      -3381.5896      7827.1606     -5458.5817     -525.92834      79316.14       42.965565      42.965565      42.965565      1.0518355      744.2182       2885.4243      346.93036    
    197000   197000         302.46865      492.1585       5506.7555      4939.7872      7211.9112     -2272.124       2789.2822      5696.8943     -9716.9066     -62.13463      -3336.2905      7817.4528     -5460.4216     -528.0928       78991.052      42.906784      42.906784      42.906784      1.0561644      1211.1424     -468.64423      733.97738    
    198000   198000         306.772       -229.02685      4825.8837      5090.7074      7314.5181     -2223.8107      2786.6825      5701.4439     -9701.507      -63.278337     -3305.1215      7816.6336     -5458.6639     -526.13063      79285.644      42.960057      42.960057      42.960057      1.0522401     -1134.2412      390.64026      56.520364    
    199000   199000         305.13188     -277.49396      4625.7874      4945.9168      7275.4118     -2329.4951      2683.1409      5741.3169     -9691.0907     -63.885558     -3364.2311      7825.2511     -5459.9965     -527.34163      79103.57       42.927147      42.927147      42.927147      1.0546621     -1502.2445      210.85223      458.91042    
    200000   200000         304.83617      744.56868      5828.6863      4971.5675      7268.3611     -2296.7936      2710.5879      5811.9659     -9731.2552     -62.739893     -3395.1154      7828.2565     -5458.4934     -528.47905      78933.319      42.896328      42.896328      42.896328      1.0569369      223.62148      1514.3119      495.77265    
    201000   201000         304.32128     -914.68518      3737.2176      4791.1752      7256.0843     -2464.9091      2662.7488      5630.842      -9687.5348     -61.783559     -3389.1666      7837.9728     -5457.9876     -527.97397      79008.83       42.910003      42.910003      42.910003      1.0559267     -986.88765     -1081.4788     -675.68907    
    202000   202000         306.54962      132.40482      5077.0968      4924.5518      7309.2158     -2384.664       2687.8667      5715.11       -9668.4708     -63.121672     -3426.2123      7828.1369     -5457.9726     -528.04354      78998.421      42.908118      42.908118      42.908118      1.0560659     -177.26129     -667.70114      1242.1769    
    203000   203000         304.7078       662.97297      5679.2891      4914.1444      7265.3004     -2351.1561      2629.077       5802.8594     -9752.1697     -61.59191      -3335.0382      7818.4872     -5452.7798     -527.12823      79135.594      42.932939      42.932939      42.932939      1.0542353      622.83314      1171.6403      194.44551    
    204000   204000         304.71666      596.6131       5713.0726      5024.5075      7265.5115     -2241.004       2715.3915      5793.6972     -9710.1158     -67.231095     -3346.0334      7832.7424     -5459.4548     -527.12283      79136.405      42.933086      42.933086      42.933086      1.0542245      60.908736      1141.9796      586.95094    
    205000   205000         304.53964      94.520012      5060.2214      4950.3693      7261.2909     -2310.9216      2655.347       5787.5387     -9723.2625     -63.859632     -3331.564       7823.6002     -5458.7215     -523.45485      79690.934      43.033134      43.033134      43.033134      1.0468887     -1692.7279      2122.2505     -145.96263    
    206000   206000         306.65508      383.63962      5341.1756      4898.9158      7311.7303     -2412.8144      2653.1278      5700.1528     -9712.8848     -62.69881      -3353.153       7819.2287     -5456.5871     -527.72783      79045.681      42.916673      42.916673      42.916673      1.0554345      115.75545      1029.9549      5.2085481    
    207000   207000         302.35415     -216.37066      4495.1044      4744.3513      7209.181      -2464.8297      2689.3015      5640.6444     -9729.6487     -60.737908     -3366.0776      7816.1066     -5454.418      -528.12016      78986.959      42.906043      42.906043      42.906043      1.0562191      630.98122     -899.59662     -380.49658    
    208000   208000         301.50396     -170.0956       4756.8416      4953.5201      7188.9096     -2235.3895      2675.3157      5811.1609     -9724.2127     -64.614726     -3310.2779      7829.3384     -5452.0992     -526.13883      79284.409      42.959834      42.959834      42.959834      1.0522565     -363.07637      91.862022     -239.07244    
    209000   209000         306.2951       1007.8261      6038.2322      4876.7249      7303.1471     -2426.4222      2663.1232      5667.3912     -9748.9185     -58.752624     -3339.3479      7843.8707     -5453.7883     -527.87092      79024.254      42.912795      42.912795      42.912795      1.0557206      290.49727      1520.4726      1212.5086    
    210000   210000         304.4317      -1582.9075      3058.32        4888.7821      7258.7172     -2369.9352      2698.8523      5596.1612     -9662.9185     -60.569198     -3324.8994      7837.6349     -5454.1965     -526.08851      79291.991      42.961204      42.961204      42.961204      1.0521559     -2103.5043     -1741.5996     -903.61851    
    211000   211000         306.17018      1265.3865      6332.008       4871.3941      7300.1686     -2428.7745      2638.7298      5601.8334     -9669.7033     -61.591738     -3326.8555      7840.6016     -5451.7888     -527.05         79147.341      42.935063      42.935063      42.935063      1.0540788      969.74251      1348.2752      1478.1418    
    212000   212000         303.0227       583.55941      5443.7406      4773.1694      7225.1217     -2451.9524      2690.9065      5652.6429     -9691.1063     -61.573246     -3405.6991      7822.0054     -5459.1286     -529.42468      78792.333      42.870774      42.870774      42.870774      1.0588281      1190.3184     -309.91371      870.27352    
    213000   213000         309.57563     -144.76993      4820.0537      4986.9352      7381.3664     -2394.4313      2676.6249      5659.5061     -9763.9093     -55.66998      -3269.246       7817.2568     -5458.9939     -527.75723      79041.278      42.915876      42.915876      42.915876      1.0554933     -127.51912     -1098.0332      791.24251    
    214000   214000         303.0835      -1295.9193      3390.32        4884.3445      7226.5714     -2342.2269      2793.7387      5701.3534     -9769.963      -61.99912      -3374.7081      7830.2396     -5460.8883     -527.69657      79050.364      42.917521      42.917521      42.917521      1.0553719     -1794.3181     -871.32248     -1222.1173    
    215000   215000         300.5288       16.874188      4823.1886      4803.7324      7165.6584     -2361.926       2715.4196      5757.4193     -9739.2493     -61.304216     -3381.5869      7811.429      -5464.0533     -527.62818      79060.609      42.919375      42.919375      42.919375      1.0552352      1168.6758     -61.400065     -1056.6532    
    216000   216000         306.27631      52.889689      4883.4639      4823.007       7302.6991     -2479.6921      2751.2133      5633.8041     -9695.2647     -65.359473     -3435.3305      7792.9507     -5461.7055     -532.21792      78378.808      42.795643      42.795643      42.795643      1.0644144     -604.98422     -233.25154      996.90483    
    217000   217000         306.1704      -366.32293      4406.3635      4827.5734      7300.1737     -2472.6003      2744.5237      5664.9355     -9740.2479     -59.414481     -3422.8155      7805.3689     -5464.9505     -529.09009      78842.161      42.879809      42.879809      42.879809      1.0581589      88.524328      575.72093     -1763.2141    
    218000   218000         301.69167     -298.79689      4454.5994      4798.2856      7193.3851     -2395.0995      2695.0616      5693.3686     -9749.8969     -65.16342      -3324.5308      7815.2143     -5459.1529     -528.90541      78869.689      42.884799      42.884799      42.884799      1.0577896     -1194.0952      169.95854      127.74597    
    219000   219000         302.04261      101.56168      4893.5176      4776.0531      7201.7527     -2425.6996      2787.1277      5534.8641     -9708.2982     -59.368558     -3341.731       7817.6072     -5455.9009     -526.00199      79305.033      42.963559      42.963559      42.963559      1.0519829      11.810398     -543.30266      836.17731    
    220000   220000         300.81008      20.019025      4759.5702      4736.3577      7172.3649     -2436.0072      2696.2781      5663.9337     -9748.5931     -61.041101     -3335.7773      7810.0511     -5460.8586     -524.66795      79506.678      42.999942      42.999942      42.999942      1.0493148     -522.12277     -840.88433      1423.0642    
    221000   221000         297.65924      348.58913      5028.3577      4625.4098      7097.2381     -2471.8283      2682.8795      5734.9434     -9768.1916     -61.917087     -3399.1753      7803.3327     -5463.6999     -526.29467      79260.931      42.955593      42.955593      42.955593      1.0525682      639.32913     -132.67042      539.1087     
    222000   222000         302.19675     -157.09959      4654.136       4834.9305      7205.428      -2370.4975      2744.4643      5691.9829     -9680.0207     -64.397867     -3410.7053      7809.4938     -5461.3145     -528.63262      78910.389      42.892174      42.892174      42.892174      1.057244      -813.50961      924.10566     -581.89483    
    223000   223000         299.18143     -667.64379      3936.3315      4710.1516      7133.5323     -2423.3806      2719.3223      5617.9868     -9692.4248     -61.919404     -3360.9319      7815.1235     -5460.537      -524.89059      79472.954      42.993861      42.993861      42.993861      1.0497601      204.04078     -1941.9656     -265.00649    
    224000   224000         300.49492     -840.72513      3763.3663      4737.6647      7164.8506     -2427.1859      2743.1323      5554.678      -9694.3969     -60.609301     -3318.973       7811.9919     -5463.0088     -524.95978      79462.479      42.991972      42.991972      42.991972      1.0498985     -811.57998      35.924273     -1746.5197    
    225000   225000         306.58296      944.33299      5960.0263      4871.0402      7310.0107     -2438.9705      2697.6252      5599.4408     -9702.1565     -60.66551      -3320.4707      7812.6488     -5465.3926     -527.55394      79071.736      42.921388      42.921388      42.921388      1.0550867      429.96237      2101.4922      301.5444     
    226000   226000         302.37487      533.14408      5376.6595      4762.8101      7209.6751     -2446.865       2695.3424      5598.0038     -9723.446      -58.464761     -3321.0357      7822.8112     -5460.076      -528.38058      78948.031      42.898993      42.898993      42.898993      1.0567399     -796.22502      707.35008      1688.3072    
    227000   227000         303.67937     -219.31437      4437.0756      4690.1222      7240.779      -2550.6568      2681.3492      5640.4092     -9790.8624     -63.091407     -3381.7877      7824.4051     -5461.0788     -527.26703      79114.763      42.929172      42.929172      42.929172      1.0545129     -907.96328      1594.9521     -1344.932     
    228000   228000         300.75794     -575.02871      4082.0114      4747.21        7171.1219     -2423.9119      2715.2587      5634.0216     -9676.2781     -59.115453     -3379.884       7806.5545     -5464.4691     -525.89886      79320.586      42.966367      42.966367      42.966367      1.0517766     -444.43125     -684.14189     -596.51299    
    229000   229000         297.29276      1010.7837      5849.5207      4685.3178      7088.4998     -2403.182       2729.4467      5645.9391     -9733.9338     -58.37615      -3340.1325      7814.3087     -5460.4341     -528.19417      78975.892      42.904039      42.904039      42.904039      1.0563671      545.41016      2121.9095      365.03158    
    230000   230000         305.85807     -483.99347      4438.5565      4997.7787      7292.7268     -2294.9481      2736.949       5676.7646     -9695.7113     -61.083426     -3304.4939      7813.6616     -5461.0346     -526.52511      79226.241      42.949326      42.949326      42.949326      1.0530291     -220.05122      127.28234     -1359.2115    
    231000   231000         301.11873     -97.065961      4517.8403      4630.3815      7179.7244     -2549.3429      2655.6757      5546.204      -9756.5526     -62.010131     -3296.9187      7822.0042     -5457.7454     -524.71017      79500.281      42.998789      42.998789      42.998789      1.0493992      35.799731      618.73097     -945.72858    
    232000   232000         300.43532     -398.24113      4327.3046      4785.0622      7163.4294     -2378.3673      2784.6699      5616.3429     -9702.0935     -60.223533     -3379.0097      7820.1555     -5458.2088     -529.26678      78815.839      42.875036      42.875036      42.875036      1.0585123     -1963.3492      947.46932     -178.84349    
    233000   233000         301.4891       347.49014      5230.9844      4832.0408      7188.5552     -2356.5144      2753.2232      5756.1787     -9817.1934     -64.145349     -3349.3444      7823.9932     -5459.2263     -529.90131      78721.461      42.857916      42.857916      42.857916      1.0597813     -216.20004     -1.8920831      1260.5626    
    234000   234000         299.49487      532.11059      5209.8758      4595.4525      7141.0058     -2545.5533      2641.2356      5663.454      -9772.6305     -61.80065      -3377.5813      7821.8539     -5460.0843     -526.86367      79175.332      42.940124      42.940124      42.940124      1.0537062     -664.41788      1576.5801      684.16956    
    235000   235000         299.97035      1302.4533      6141.3262      4645.0873      7152.3428     -2507.2556      2671.3129      5559.5779     -9704.3683     -62.917068     -3336.9736      7825.4417     -5459.3292     -529.5723       78770.37       42.86679       42.86679       42.86679       1.0591233      1937.8436      1473.9834      495.53297    
    236000   236000         302.18548     -718.88149      3892.5949      4721.5077      7205.1594     -2483.6517      2732.2185      5653.5247     -9792.0012     -61.346247     -3366.7268      7809.0313     -5458.3518     -527.60936      79063.431      42.919885      42.919885      42.919885      1.0551975     -897.49828     -1002.3836     -256.76261    
    237000   237000         308.8312      -484.29823      4355.7408      4915.2585      7363.6167     -2448.3581      2690.5789      5717.2231     -9768.0114     -62.515827     -3386.224       7817.9799     -5457.3888     -526.57847      79218.213      42.947875      42.947875      42.947875      1.0531358     -781.71791     -323.97896     -347.19783    
    238000   238000         301.41306      703.39967      5449.037       4636.7035      7186.7422     -2550.0387      2613.5855      5690.7865     -9790.1339     -61.732201     -3354.8004      7809.9232     -5457.6675     -526.7831       79187.441      42.942313      42.942313      42.942313      1.053545       1068.5019     -699.7509       1741.4481    
    239000   239000         308.92897     -1337.8145      3495.5717      5044.4186      7365.9478     -2321.5292      2746.1304      5751.6359     -9726.7448     -60.992028     -3381.3333      7809.7759     -5460.0013     -525.47424      79384.683      42.977938      42.977938      42.977938      1.0509274     -1309.7882     -712.49478     -1991.1604    
    240000   240000         299.51432      66.325574      4725.9703      4648.8325      7141.4696     -2492.6372      2686.6151      5648.8758     -9723.6556     -61.183611     -3398.2663      7815.7601     -5460.7826     -523.09109      79746.351      43.043106      43.043106      43.043106      1.0461612      602.13885      382.66272     -785.82485    
    241000   241000         303.64835      872.99307      5767.4012      4761.1421      7240.0394     -2478.8973      2686.9319      5644.5982     -9728.4407     -59.738486     -3390.5171      7822.1028     -5453.8339     -527.79465      79035.674      42.914862      42.914862      42.914862      1.0555681      828.76824      2005.067      -214.85606    
    242000   242000         295.69837     -74.530004      4539.1495      4624.9536      7050.4839     -2425.5304      2683.5249      5622.2191     -9702.5284     -61.11464      -3338.1706      7823.9328     -5453.3936     -528.42983      78940.671      42.89766       42.89766       42.89766       1.0568384      152.33695     -286.84889     -89.07807     
    243000   243000         300.13946      396.19467      5094.3491      4640.4823      7156.3752     -2515.8928      2709.1528      5576.3887     -9765.6829     -62.899001     -3342.0158      7827.9327     -5458.7693     -531.06081      78549.584      42.826702      42.826702      42.826702      1.0621003      391.9611       564.43364      232.18928    
    244000   244000         301.01574      799.016        5769.4594      4849.5972      7177.2688     -2327.6716      2773.5237      5703.3245     -9736.4598     -60.420377     -3367.5276      7817.1713     -5457.2833     -528.4413       78938.958      42.89735       42.89735       42.89735       1.0568614      1416.8914      85.042769      895.11386    
    245000   245000         298.72943      689.93437      5429.6377      4632.3603      7122.755      -2490.3947      2625.1658      5734.3561     -9835.9768     -66.453167     -3316.1234      7824.6603     -5456.0236     -526.45629      79236.599      42.951197      42.951197      42.951197      1.0528914      1219.5879     -977.87104      1828.0863    
    246000   246000         301.34407     -865.74029      3693.0066      4693.5033      7185.0972     -2491.5939      2617.6757      5637.4473     -9695.4993     -61.67004      -3358.3996      7822.6089     -5453.7569     -526.42437      79241.403      42.952065      42.952065      42.952065      1.0528276     -336.40414     -180.41336     -2080.4034    
    247000   247000         297.74969      31.927832      4713.9211      4677.1616      7099.3947     -2422.2331      2729.0991      5668.1226     -9758.9605     -59.021853     -3383.391       7834.2546     -5452.3361     -528.40149      78944.906      42.898427      42.898427      42.898427      1.0567817     -116.4783      -925.85735      1138.1191    
    248000   248000         300.20403      385.53929      5103.7741      4659.3112      7157.9147     -2498.6034      2705.9825      5532.2026     -9726.8577     -63.106545     -3317.663       7829.9829     -5459.1441     -527.71225      79048.015      42.917095      42.917095      42.917095      1.0554033      416.73798     -129.05236      868.93226    
    249000   249000         299.13091      904.1179       5702.0025      4662.7411      7132.3278     -2469.5867      2679.1726      5667.1859     -9745.6523     -59.315393     -3374.7092      7819.0079     -5455.2763     -529.25418      78817.716      42.875377      42.875377      42.875377      1.0584871      2145.28       -374.21912      941.29284    
    250000   250000         298.25109      704.18774      5374.0324      4565.1129      7111.3497     -2546.2368      2654.3054      5633.2943     -9753.7765     -56.132449     -3392.8077      7825.0547     -5456.1746     -529.599        78766.399      42.866069      42.866069      42.866069      1.0591767      40.298624      986.72739      1085.5372    
Loop time of 487.578 on 1 procs for 250000 steps with 8000 atoms

Performance: 44.301 ns/day, 0.542 hours/ns, 512.739 timesteps/s, 4.102 Matom-step/s
100.0% CPU use with 1 MPI tasks x 1 OpenMP threads

MPI task timing breakdown:
Section |  min time  |  avg time  |  max time  |%varavg| %total
---------------------------------------------------------------
Pair    | 66.362     | 66.362     | 66.362     |   0.0 | 13.61
Bond    | 54.436     | 54.436     | 54.436     |   0.0 | 11.16
Kspace  | 230.03     | 230.03     | 230.03     |   0.0 | 47.18
Neigh   | 41.197     | 41.197     | 41.197     |   0.0 |  8.45
Comm    | 6.5439     | 6.5439     | 6.5439     |   0.0 |  1.34
Output  | 2.7874     | 2.7874     | 2.7874     |   0.0 |  0.57
Modify  | 76.231     | 76.231     | 76.231     |   0.0 | 15.63
Other   |            | 9.987      |            |       |  2.05

Nlocal:           8000 ave        8000 max        8000 min
Histogram: 1 0 0 0 0 0 0 0 0 0
Nghost:          21086 ave       21086 max       21086 min
Histogram: 1 0 0 0 0 0 0 0 0 0
Neighs:              0 ave           0 max           0 min
Histogram: 1 0 0 0 0 0 0 0 0 0
FullNghs:     5.17e+06 ave    5.17e+06 max    5.17e+06 min
Histogram: 1 0 0 0 0 0 0 0 0 0

Total # of neighbors = 5170002
Ave neighs/atom = 646.25025
Ave special neighs/atom = 5.7025
Neighbor list builds = 7699
Dangerous builds = 0

# --- Cleanup ---
unfix npt_fix

undump dump_npt

# --- Write Output ---
write_dump all custom cool_block_08_last.dump id type mol x y z xu yu zu vx vy vz modify sort id
write_data /home/alexzhao/PolyJarvis/data/PEG_3/attempts/cooling/attempt-0001/work/cool_block_08/cool_block_08_out.data
System init for write_data ...
PPPM Kokkos initialization ...
  using 12-bit tables for long-range coulomb
  G vector (1/distance) = 0.29915885
  grid = 30 30 30
  stencil order = 5
  estimated absolute RMS force accuracy = 0.00037121356
  estimated relative force accuracy = 1.1178986e-06
  using double precision cuFFT
  3d grid and FFT values/proc = 50653 27000
Generated 10 of 10 mixed pair_coeff terms from sixthpower/sixthpower mixing rule
write_restart /home/alexzhao/PolyJarvis/data/PEG_3/attempts/cooling/attempt-0001/work/cool_block_08/cool_block_08_out.restart
System init for write_restart ...
PPPM Kokkos initialization ...
  using 12-bit tables for long-range coulomb
  G vector (1/distance) = 0.29915885
  grid = 30 30 30
  stencil order = 5
  estimated absolute RMS force accuracy = 0.00037121356
  estimated relative force accuracy = 1.1178986e-06
  using double precision cuFFT
  3d grid and FFT values/proc = 50653 27000
Generated 10 of 10 mixed pair_coeff terms from sixthpower/sixthpower mixing rule

print "STAGE COMPLETE: NPT T=325.0->300.0K P=1.0->1.0atm steps=250000"
STAGE COMPLETE: NPT T=325.0->300.0K P=1.0->1.0atm steps=250000
quit
