units real
atom_style full
boundary p p p

# --- Force Field Styles ---
pair_style lj/class2/coul/long 9.5 9.5
kspace_style pppm 1e-6
dielectric 1.000000
bond_style class2
angle_style class2
dihedral_style class2
improper_style class2
special_bonds lj/coul 0 0 1
pair_modify mix sixthpower tail yes
neighbor 2.0 bin
neigh_modify delay 0 every 1 check yes
neigh_modify one 4000
# KOKKOS: package loaded via -pk kokkos on the command line

read_data /home/alexzhao/PolyJarvis/data/PEEK_3/attempts/cooling/attempt-0001/work/cool_block_13/cool_block_13_out.data
Reading data file ...
  orthogonal box = (4.4093862 4.4093862 4.4093862) to (46.328594 46.328594 46.328594)
  1 by 1 by 1 MPI processor grid
  reading atoms ...
  6140 atoms
  reading velocities ...
  6140 velocities
  scanning bonds ...
  3 = max bonds/atom
  scanning angles ...
  9 = max angles/atom
  scanning dihedrals ...
  18 = max dihedrals/atom
  scanning impropers ...
  4 = max impropers/atom
  orthogonal box = (4.4093862 4.4093862 4.4093862) to (46.328594 46.328594 46.328594)
  1 by 1 by 1 MPI processor grid
  reading bonds ...
  6670 bonds
  reading angles ...
  10620 angles
  reading dihedrals ...
  15820 dihedrals
  reading impropers ...
  3420 impropers
Finding 1-2 1-3 1-4 neighbors ...
  special bond factors lj:    0        0        1       
  special bond factors coul:  0        0        1       
     3 = max # of 1-2 neighbors
     6 = max # of 1-3 neighbors
     9 = max # of special neighbors
  special bonds CPU = 0.003 seconds
  read_data CPU = 0.188 seconds


# --- Thermo Output ---
thermo_style custom step time temp press enthalpy etotal ke pe ebond eangle edihed eimp evdwl ecoul elong etail vol lx ly lz density pxx pyy pzz
thermo_modify flush yes
thermo 1000

# --- Trajectory ---
dump dump_npt all custom 1000 cool_block_14.dump id type mol x y z ix iy iz vx vy vz


# --- Restart Checkpointing ---
restart 10000 npt_1.rst npt_2.rst

# --- Initial Velocities (optional) ---
# Velocities read from data file

# --- SHAKE Constraints ---
# SHAKE disabled

# --- NPT Thermostat + Barostat (Nose-Hoover) ---
# T_damp = 100.0 fs  (heat bath coupling)
# P_damp = 1000.0 fs  (pressure bath coupling, ~10x T_damp typical)
# Ramp: T=445.0->420.0K  P=1.0->1.0atm
timestep 1.0
fix npt_fix all npt temp 445.0 420.0 100.0 iso 1.0 1.0 1000.0

run 250000
PPPM Kokkos initialization ...
  using 12-bit tables for long-range coulomb
  G vector (1/distance) = 0.30644659
  grid = 32 32 32
  stencil order = 5
  estimated absolute RMS force accuracy = 0.00039061199
  estimated relative force accuracy = 1.1763164e-06
  using double precision cuFFT
  3d grid and FFT values/proc = 59319 32768
Generated 21 of 21 mixed pair_coeff terms from sixthpower/sixthpower mixing rule
Neighbor list info ...
  update: every = 1 steps, delay = 0 steps, check = yes
  max neighbors/atom: 4000, page size: 100000
  master list distance cutoff = 11.5
  ghost atom cutoff = 11.5
  binsize = 11.5, bins = 4 4 4
  1 neighbor lists, perpetual/occasional/extra = 1 0 0
  (1) pair lj/class2/coul/long/kk, perpetual
      attributes: full, newton off, kokkos_device
      pair build: full/bin/kk/device
      stencil: full/bin/3d
      bin: kk/device
Per MPI rank memory allocation (min/avg/max) = 28.39 | 28.39 | 28.39 Mbytes
   Step          Time           Temp          Press         Enthalpy        TotEng         KinEng         PotEng         E_bond        E_angle        E_dihed        E_impro         E_vdwl         E_coul         E_long         E_tail         Volume           Lx             Ly             Lz          Density          Pxx            Pyy            Pzz      
         0   0              445.26643     -91.861616      24462.179      24560.863      8148.0164      16412.847      3720.2925      4832.9951      4442.4711      451.8709      -714.92122      11080.857     -7400.7183     -539.78368      73661.27       41.919208      41.919208      41.919208      1.170319       1358.7081     -1173.6417     -460.65124    
      1000   1000           444.8812       993.43965      25687.184      24622.175      8140.9668      16481.208      3855.4317      4822.5713      4377.083       449.96307     -708.43813      11087.273     -7402.6766     -540.90718      73508.272      41.890165      41.890165      41.890165      1.1727549      2102.7533      422.08605      455.47964    
      2000   2000           442.48747      2363.4033      27014.591      24472.902      8097.1636      16375.739      3873.8268      4718.4068      4325.4022      449.12202     -666.2382       11083.199     -7407.9795     -539.20062      73740.924      41.934312      41.934312      41.934312      1.1690548      3782.0905      1531.9007      1776.2188    
      3000   3000           437.07706      951.18404      25493.951      24470.176      7998.1574      16472.019      3880.0128      4690.9805      4446.3132      449.33573     -676.2374       11084.467     -7402.8532     -538.75945      73801.307      41.945755      41.945755      41.945755      1.1680983      1094.9172      271.74515      1486.8898    
      4000   4000           442.48901     -294.6546       24308.068      24624.026      8097.1918      16526.835      3822.5028      4724.6572      4458.3555      454.69138     -611.95714      11086.731     -7408.1462     -540.77644      73526.043      41.893541      41.893541      41.893541      1.1724714     -1057.4381      286.03878     -112.56451    
      5000   5000           439.63981      461.54669      24878.333      24386.886      8045.0537      16341.832      3796.9381      4634.4523      4531.0578      462.93404     -757.12748      11074.343     -7400.7655     -544.59485      73010.518      41.795399      41.795399      41.795399      1.1807502      1801.8813      313.93019     -731.17144    
      6000   6000           439.47724     -203.3569       24240.186      24458.397      8042.0787      16416.318      3812.4075      4763.9733      4426.3414      458.94246     -704.86397      11064.71      -7405.1921     -540.40313      73576.835      41.903185      41.903185      41.903185      1.171662      -326.64118      712.40817     -995.8377     
      7000   7000           444.04489     -839.07199      23830.429      24741.206      8125.6632      16615.542      3924.4624      4777.3503      4419.1606      466.59187     -619.74899      11054.245     -7406.5183     -534.22235      74428.095      42.064168      42.064168      42.064168      1.1582613     -508.60573     -120.19367     -1888.4166    
      8000   8000           441.72493     -1582.0022      22753.659      24452.026      8083.2097      16368.817      3805.9282      4686.1876      4505.9242      458.82656     -767.20365      11080.451     -7401.2973     -540.14481      73612.022      41.909864      41.909864      41.909864      1.171102      -124.34051     -2278.9672     -2342.6987    
      9000   9000           440.91645      441.59213      24818.945      24344.987      8068.4151      16276.572      3733.2945      4725.4203      4423.3187      436.33838     -719.75649      11083.235     -7405.2787     -540.27654      73594.075      41.906458      41.906458      41.906458      1.1713875     -1005.1261      275.20169      2054.7008    
     10000   10000          438.50473      749.82339      25330.99       24526.791      8024.2827      16502.508      3940.8803      4723.6013      4363.2297      450.76077     -667.76057      11092.594     -7400.7967     -540.66793      73540.8        41.896343      41.896343      41.896343      1.1722361      1723.3503     -841.45056      1367.5704    
     11000   11000          439.05057      1151.2425      25780.184      24550.724      8034.2711      16516.453      3916.0465      4692.5385      4533.5102      451.90638     -771.7635       11095.571     -7401.3558     -542.98463      73227.03       41.836673      41.836673      41.836673      1.177259       780.38429      251.47113      2421.8719    
     12000   12000          445.68428     -682.97415      23741.653      24472.435      8155.6627      16316.772      3721.4844      4722.6145      4476.712       460.95007     -727.61814      11070.41      -7407.7807     -541.9399       73368.194      41.863539      41.863539      41.863539      1.1749939     -56.895597     -245.85974     -1746.1671    
     13000   13000          447.82691      1690.081       26351.06       24544.665      8194.871       16349.794      3881.8216      4731.5764      4357.5381      446.70241     -734.74313      11072.657     -7405.7581     -542.5374       73287.394      41.848166      41.848166      41.848166      1.1762894      638.94289      1109.7158      3321.5844    
     14000   14000          445.86417      2203.8172      26995.734      24631.574      8158.9545      16472.62       3843.3852      4807.1369      4299.331       462.14466     -622.3248       11086.362     -7403.4146     -540.54732      73557.209      41.899459      41.899459      41.899459      1.1719746      3281.4952      2765.6228      564.33348    
     15000   15000          446.76061      55.06947       24507.716      24448.409      8175.3585      16273.05       3900.0377      4582.338       4411.8811      438.52544     -735.12906      11081.198     -7405.8007     -538.44081      73844.982      41.954028      41.954028      41.954028      1.1674075      22.498771     -1163.8924      1306.602     
     16000   16000          451.86591      668.34986      25317.48       24603.848      8268.7815      16335.066      3771.4356      4759.7128      4386.5894      456.84856     -695.39539      11063.572     -7407.6967     -543.0807       73214.077      41.834206      41.834206      41.834206      1.1774673      142.55648      630.8216       1231.6715    
     17000   17000          442.30037      174.07531      24717.806      24532.101      8093.7399      16438.361      3916.1019      4688.8119      4463.0367      449.23651     -746.24834      11071.906     -7404.4831     -543.5614       73149.33       41.82187       41.82187       41.82187       1.1785095      187.95177     -241.93185      576.206      
     18000   18000          438.56189     -143.26822      24129.342      24282.692      8025.3287      16257.363      3781.9252      4679.297       4411.6176      449.27303     -746.99976      11088.663     -7406.4125     -541.75275      73393.54       41.86836       41.86836       41.86836       1.1745882      267.33194     -1570.8588      873.72215    
     19000   19000          440.95544      242.70479      24679.315      24418.58       8069.1287      16349.451      3786.7926      4688.3588      4428.9522      480.71056     -702.19961      11075.963     -7409.1263     -539.77507      73662.446      41.919431      41.919431      41.919431      1.1703003      1089.0255      122.22372     -483.13486    
     20000   20000          433.00455     -870.26141      23347.524      24284.103      7923.6338      16360.469      3750.1063      4714.4397      4490.6109      464.9794      -739.52257      11084.71      -7404.8553     -538.81575      73793.597      41.944294      41.944294      41.944294      1.1682204     -568.80835     -2220.0129      178.03702    
     21000   21000          443.22871     -671.16873      23611.048      24327.814      8110.7277      16217.086      3717.6244      4618.4016      4412.1122      453.20859     -667.30841      11088.602     -7405.5536     -542.98614      73226.826      41.836634      41.836634      41.836634      1.1772623     -1826.9292     -335.40803      148.83106    
     22000   22000          445.08451     -275.18323      24270.03       24566.677      8144.6874      16421.99       3861.3391      4729.5184      4414.9727      447.27183     -691.68836      11068.032     -7407.4553     -537.91829      73916.713      41.967608      41.967608      41.967608      1.1662746     -53.477917     -778.42104      6.3492617    
     23000   23000          437.47291      1637.4991      26151.441      24403.729      8005.4012      16398.328      3869.0793      4832.4003      4330.86        449.04793     -760.194        11077.899     -7400.765      -543.30776      73183.479      41.828377      41.828377      41.828377      1.1779596      3639.9223      780.05664      492.51832    
     24000   24000          436.98093      765.13179      25040.83       24220.986      7996.3984      16224.588      3688.3636      4744.3229      4361.5547      440.1038      -676.44515      11069.983     -7403.2952     -541.17795      73471.492      41.883177      41.883177      41.883177      1.1733419      240.26262      727.84593      1327.2868    
     25000   25000          444.43046     -799.92361      23699.284      24558.556      8132.7188      16425.837      3805.1587      4816.0309      4419.8009      441.75904     -735.82066      11077.07      -7398.1622     -539.82442      73655.712      41.918153      41.918153      41.918153      1.1704073     -1456.1553      716.07923     -1659.6947    
     26000   26000          433.03155     -559.87531      23741.247      24342.042      7924.1278      16417.914      3860.5299      4724.9157      4442.1965      433.32451     -696.16814      11057.118     -7404.0023     -540.38131      73579.806      41.903749      41.903749      41.903749      1.1716147     -1678.3131     -1876.8744      1875.5615    
     27000   27000          445.88148     -869.53172      23456.218      24393.35       8159.2712      16234.079      3637.6175      4635.4232      4529.829       465.39922     -717.11227      11090.609     -7407.6866     -538.04607      73899.159      41.964285      41.964285      41.964285      1.1665516      838.08651     -124.01012     -3322.6716    
     28000   28000          449.60562      1320.2042      25834.396      24419.272      8227.4199      16191.852      3746.8068      4731.9963      4337.7503      430.85129     -732.90114      11077.154     -7399.806      -540.98019      73498.351      41.88828       41.88828       41.88828       1.1729132      2468.0035      428.96106      1063.648     
     29000   29000          440.39861      1067.8454      25516.355      24367.393      8058.9391      16308.454      3778.7343      4663.5725      4408.0361      452.37092     -667.7969       11078.481     -7404.9439     -538.93682      73777.019      41.941153      41.941153      41.941153      1.1684829      1544.731      -598.27834      2257.0836    
     30000   30000          440.97291      814.27647      25354.391      24485.488      8069.4484      16416.039      3798.4913      4780.4927      4409.06        465.8785      -698.46121      11065.992     -7405.4146     -543.41926      73168.464      41.825516      41.825516      41.825516      1.1782014     -364.37419      1982.1681      825.03544    
     31000   31000          433.69567      263.11361      24614.417      24331.366      7936.2807      16395.085      3752.0493      4734.4993      4448.9667      447.2348      -671.56644      11083.897     -7399.9954     -539.03176      73764.025      41.938691      41.938691      41.938691      1.1686887      1206.2183     -248.80084     -168.07663    
     32000   32000          446.44366      782.54168      25491.56       24652.638      8169.5586      16483.08       3731.4712      4791.5838      4554.4907      459.39609     -740.75052      11090.204     -7403.3152     -540.90469      73508.61       41.890229      41.890229      41.890229      1.1727495     -141.69436     -72.417701      2561.7371    
     33000   33000          436.00325     -2193.4426      22011.374      24371.157      7978.5075      16392.65       3709.0354      4831.1653      4453.331       447.98829     -737.82361      11090.775     -7401.8212     -539.00023      73768.34       41.939508      41.939508      41.939508      1.1686204     -2880.2021     -2896.3348     -803.79094    
     34000   34000          439.39377      112.07173      24621.579      24501.572      8040.5514      16461.021      3828.4682      4815.4194      4367.6825      449.83161     -679.29655      11078.677     -7399.7609     -541.53442      73423.13       41.873985      41.873985      41.873985      1.1741148      137.77162      494.18803     -295.74447    
     35000   35000          437.44844     -1403.4309      23038.946      24551.405      8004.9535      16546.451      3757.6631      4746.6216      4600.717       438.97666     -670.48814      11077.445     -7404.4844     -538.07452      73895.252      41.963546      41.963546      41.963546      1.1666133     -1579.5078     -1830.9393     -799.84573    
     36000   36000          439.69356      1308.0557      25759.954      24361.484      8046.0372      16315.447      3778.8505      4820.2841      4376.4356      422.50477     -762.38534      11086.625     -7406.8678     -542.38554      73307.913      41.852071      41.852071      41.852071      1.1759601      1685.4917      1282.8942      955.78119    
     37000   37000          446.77136      577.07926      25143.234      24522.323      8175.5553      16346.768      3831.7122      4689.7025      4351.6087      433.03909     -627.88272      11069.759     -7401.1705     -538.94104      73776.442      41.941044      41.941044      41.941044      1.168492       986.497        242.34403      502.39677    
     38000   38000          448.31675     -552.37928      24072.88       24669.255      8203.8346      16465.42       3820.9376      4774.3907      4451.8697      460.03625     -738.8184       11099.661     -7402.6567     -537.09681      74029.767      41.988993      41.988993      41.988993      1.1644935     -643.48378      720.8893      -1734.5433    
     39000   39000          438.3044      -2148.8261      21973.562      24268.766      8020.6167      16248.149      3707.8576      4639.7635      4566.3433      468.13398     -812.83948      11083.556     -7404.6657     -542.89379      73239.282      41.839006      41.839006      41.839006      1.1770621     -1386.3993     -2960.6513     -2099.4277    
     40000   40000          443.6695      -639.04971      23759.634      24446.264      8118.7938      16327.47       3793.2122      4747.6567      4402.9658      441.65784     -724.85164      11071.194     -7404.3648     -539.69299      73673.65       41.921556      41.921556      41.921556      1.1701223     -1314.7528     -802.97523      200.57889    
     41000   41000          440.88426     -478.10256      23842.764      24357.646      8067.8262      16289.82       3731.3418      4717.5823      4463.2434      475.28297     -779.09843      11083.635     -7402.1673     -538.45372      73843.212      41.953693      41.953693      41.953693      1.1674354     -910.28925     -675.06995      151.05152    
     42000   42000          444.64392      1.1098906      24419.249      24418.06       8136.6248      16281.435      3807.7062      4649.9768      4409.9515      438.93771     -704.31296      11082.418     -7403.2416     -541.38351      73443.596      41.877876      41.877876      41.877876      1.1737876     -2488.9902      1718.4993      773.82062    
     43000   43000          437.61589      1559.372       25982.453      24319.478      8008.0177      16311.46       3829.9498      4794.9965      4240.6298      452.04117     -680.00924      11079.864     -7406.0115     -543.74922      73124.063      41.817054      41.817054      41.817054      1.1789168      504.95382      53.145007      4120.0171    
     44000   44000          442.08145     -45.056162      24420.677      24469.251      8089.7337      16379.518      3782.7255      4785.3755      4337.4045      435.88528     -614.07064      11059.667     -7407.4692     -537.87453      73922.727      41.968746      41.968746      41.968746      1.1661797      232.15926     -683.09162      315.76388    
     45000   45000          441.37488      1644.303       26085.425      24335.844      8076.8041      16259.04       3720.6984      4710.8274      4395.9524      455.25442     -702.01086      11085.5       -7407.1814     -544.9827       72958.559      41.785482      41.785482      41.785482      1.1815911      1846.1026      1641.7739      1445.0325    
     46000   46000          440.56481      1193.0593      25778.983      24505.065      8061.9804      16443.085      3874.3205      4688.401       4511.8245      470.46917     -769.45957      11070.254     -7402.7254     -543.0697       73215.56       41.834488      41.834488      41.834488      1.1774435      1485.1926      267.66916      1826.3161    
     47000   47000          444.16099      0.58688297     24397.183      24396.555      8127.7877      16268.767      3763.7982      4645.3898      4480.2188      448.31369     -738.91465      11074.738     -7404.7771     -541.53575      73422.949      41.873951      41.873951      41.873951      1.1741177      1062.042      -936.09997     -124.18138    
     48000   48000          439.3452      -281.68171      23884.719      24184.507      8039.6626      16144.845      3739.3509      4716.8254      4311.3016      437.86409     -721.5086       11067.093     -7406.082      -544.85294      72975.933      41.788799      41.788799      41.788799      1.1813098     -294.44868     -989.23181      438.63535    
     49000   49000          449.14821      3731.2568      28434.201      24443.864      8219.0497      16224.814      3824.4963      4696.1524      4227.4548      450.32091     -671.22784      11095.752     -7398.134      -542.22611      73329.467      41.856172      41.856172      41.856172      1.1756145      2880.7133      3711.7329      4601.3243    
     50000   50000          443.02017      1337.4273      25979.076      24544.133      8106.9115      16437.221      3785.4643      4732.7718      4456.8359      468.49038     -683.15426      11076.554     -7399.7413     -540.46844      73567.944      41.901497      41.901497      41.901497      1.1718036     -1115.2589      1835.6833      3291.8574    
     51000   51000          442.87146     -1229.1656      23138.881      24458.94       8104.1903      16354.75       3778.8665      4714.1366      4485.0279      438.50605     -731.50525      11074.595     -7404.877      -539.94795      73638.861      41.914957      41.914957      41.914957      1.1706751     -1948.3915     -200.59151     -1538.5138    
     52000   52000          440.43308      2595.7896      27107.452      24332.509      8059.57        16272.939      3732.9158      4771.225       4282.5552      457.20666     -653.31706      11087.395     -7405.0414     -542.43823      73300.793      41.850716      41.850716      41.850716      1.1760744      3556.0898      2179.9235      2051.3556    
     53000   53000          439.70466      381.30182      24799.745      24391.454      8046.2403      16345.214      3776.4727      4721.361       4440.2927      453.09754     -711.12342      11074.004     -7408.891      -541.5441       73421.817      41.873736      41.873736      41.873736      1.1741358      900.3264       905.67649     -662.09742    
     54000   54000          441.52505     -38.255888      24385.059      24425.958      8079.552       16346.406      3769.1104      4780.9765      4335.8298      445.72491     -660.837        11077.953     -7402.3519     -542.40187      73305.706      41.851651      41.851651      41.851651      1.1759955     -492.6259       64.667173      313.19107    
     55000   55000          445.65055     -84.103454      24310.29       24399.555      8155.0454      16244.509      3728.5983      4779.3245      4402.3223      435.59289     -766.44426      11064.915     -7399.7993     -546.34609      72776.492      41.750695      41.750695      41.750695      1.1845471     -150.12324     -1048.0759      945.88878    
     56000   56000          433.95955      1370.4133      25549.663      24079.891      7941.1095      16138.781      3749.1241      4735.6629      4211.3328      443.08468     -673.48771      11076.557     -7403.4931     -540.67512      73539.821      41.896157      41.896157      41.896157      1.1722517      1105.7333      960.87815      2044.6284    
     57000   57000          443.59401     -1634.5028      22613.529      24367.219      8117.4124      16249.806      3679.8381      4739.42        4490.2542      448.38484     -770.35339      11067.899     -7405.6363     -540.46536      73568.363      41.901577      41.901577      41.901577      1.1717969     -1565.7638     -1022.3776     -2315.3669    
     58000   58000          435.36135     -164.50146      24036.873      24212.151      7966.7614      16245.39       3763.9023      4642.7141      4500.8973      442.29225     -763.24444      11064.841     -7406.0125     -544.22331      73060.361      41.804908      41.804908      41.804908      1.1799447      1924.8695     -1104.9501     -1313.4237    
     59000   59000          436.76705     -747.09752      23595.058      24394.639      7992.4845      16402.154      3901.355       4815.5923      4367.2964      430.34508     -775.31196      11069.08      -7406.2025     -541.81348      73385.314      41.866795      41.866795      41.866795      1.1747198      567.89669     -972.24927     -1836.94      
     60000   60000          440.78224     -899.82189      23402.662      24371.792      8065.9591      16305.833      3782.691       4753.0887      4405.229       432.43677     -709.21148      11047.898     -7406.2992     -538.40495      73849.9        41.954959      41.954959      41.954959      1.1673297      763.43398     -2992.1442     -470.75544    
     61000   61000          435.53635      543.03159      24818.979      24239.133      7969.9636      16269.17       3779.28        4704.0991      4309.5395      451.43938     -641.69945      11073.45      -7406.9393     -543.05984      73216.889      41.834742      41.834742      41.834742      1.1774221      934.27276      1155.741      -460.91905    
     62000   62000          431.82649     -1234.2639      22984.88       24305.534      7902.0762      16403.458      3784.3963      4741.1742      4438.4476      441.62094     -681.57714      11084.891     -7405.4959     -541.94342      73367.718      41.863449      41.863449      41.863449      1.1750016     -587.42249     -2381.0545     -734.31471    
     63000   63000          438.48848     -575.3961       23676.212      24290.435      8023.9853      16266.45       3770.0671      4676.0233      4419.3059      433.86908     -702.54787      11074.84      -7405.1074     -543.2195       73195.37       41.830643      41.830643      41.830643      1.1777683     -1664.4296      895.0285      -956.78724    
     64000   64000          434.1266      -299.03907      23958.031      24277.16       7944.1664      16332.994      3816.9917      4680.7016      4363.906       451.12571     -651.45285      11076.412     -7404.6907     -543.37146      73174.899      41.826743      41.826743      41.826743      1.1780977     -1893.7609      59.288295      937.35535    
     65000   65000          441.82637     -1386.6501      22912.135      24400.272      8085.066       16315.206      3749.8522      4761.2679      4416.3139      442.099       -733.12927      11079.762     -7400.9599     -540.32997      73586.798      41.905076      41.905076      41.905076      1.1715034     -1275.442      -419.39696     -2465.1112    
     66000   66000          445.76988     -644.9776       23731.575      24420.105      8157.2291      16262.876      3775.9605      4652.36        4477.9571      436.74611     -740.97621      11065.649     -7404.8209     -543.19585      73198.556      41.83125       41.83125       41.83125       1.177717      -2276.6714     -77.639834      419.37847    
     67000   67000          432.02809     -28.773076      24084.007      24114.848      7905.7653      16209.083      3792.695       4659.042       4353.1321      436.1696      -702.37049      11076.413     -7405.9985     -540.99882      73495.82       41.8878        41.8878        41.8878        1.1729535      665.26356      1216.5691     -1968.1519    
     68000   68000          433.68469     -945.30373      23242.161      24261.03       7936.0798      16324.95       3713.6185      4725.8748      4443.6453      463.49526     -704.08666      11086.318     -7403.9153     -538.00693      73904.535      41.965303      41.965303      41.965303      1.1664667     -3341.831      -689.10392      1195.0237    
     69000   69000          445.33349      671.06103      25154.669      24436.785      8149.2435      16287.542      3664.9884      4732.7899      4506.4229      443.65066     -723.28886      11073.222     -7410.2429     -542.05449      73352.685      41.860589      41.860589      41.860589      1.1752424     -104.38538      1364.887       752.68148    
     70000   70000          440.79701     -43.35356       24228.619      24275.217      8066.2295      16208.987      3744.8192      4628.0417      4463.6207      430.9634      -726.95682      11076.767     -7408.2673     -539.50503      73699.317      41.926424      41.926424      41.926424      1.1697148      316.19158      640.05824     -1086.3105    
     71000   71000          431.31389     -1188.8023      22895.607      24171.776      7892.6961      16279.08       3769.4124      4731.0593      4392.8858      443.03861     -738.29173      11082.122     -7401.1467     -540.17739      73607.583      41.909021      41.909021      41.909021      1.1711726     -1026.9369     -1136.0745     -1403.3956    
     72000   72000          435.33008     -170.67993      24107.862      24291.18       7966.1892      16324.991      3738.8337      4798.1753      4421.3283      430.76447     -733.74255      11075.606     -7405.9738     -539.89652      73645.875      41.916287      41.916287      41.916287      1.1705636     -1143.3531     -579.57378      1210.8871    
     73000   73000          431.08647     -222.74254      24010.572      24250.341      7888.5344      16361.807      3804.2668      4732.3045      4431.6473      449.52546     -721.34811      11075.594     -7410.1831     -538.69755      73809.787      41.947362      41.947362      41.947362      1.1679641     -1388.306       1066.2829     -346.20453    
     74000   74000          437.5386       385.67206      24562.574      24150.764      8006.6033      16144.161      3730.6337      4645.0665      4457.3607      431.40222     -772.92366      11062.707     -7410.0851     -543.0706       73215.438      41.834465      41.834465      41.834465      1.1774454     -519.2852       1396.4403      279.8611     
     75000   75000          438.69227      560.29738      24983.16       24382.153      8027.7144      16354.439      3813.2217      4773.2214      4360.8569      445.43083     -709.19698      11077.746     -7406.8407     -540.59754      73550.376      41.898161      41.898161      41.898161      1.1720835      943.29628      528.66416      208.93171    
     76000   76000          437.83967      344.2882       24788.114      24418.545      8012.1126      16406.433      3758.3966      4805.2352      4412.6428      467.58601     -704.85094      11073.853     -7406.43       -540.20803      73603.408      41.908229      41.908229      41.908229      1.171239      -1970.2509      653.30603      2349.8094    
     77000   77000          447.074       -501.44225      23946.138      24482.376      8181.0934      16301.283      3840.8951      4639.9736      4429.8386      447.60776     -729.67681      11079.771     -7407.1265     -542.24865      73326.419      41.855592      41.855592      41.855592      1.1756633     -582.35661     -202.23748     -719.73267    
     78000   78000          440.86637      617.34044      24913.567      24252.419      8067.4988      16184.92       3740.718       4679.6813      4346.9346      453.6735      -708.27802      11079.99      -7407.7996     -541.45317      73434.147      41.87608       41.87608       41.87608       1.1739386      1690.3102      30.35179       131.35938    
     79000   79000          437.93538     -345.9328       23913.843      24285.318      8013.864       16271.454      3872.3277      4695.4343      4329.115       447.80614     -751.90415      11081.056     -7402.3812     -540.00539      73631.028      41.91347       41.91347       41.91347       1.1707997     -24.433656      268.44616     -1281.8109    
     80000   80000          444.39002      1006.9134      25496.398      24419.042      8131.9787      16287.063      3646.8444      4692.819       4542.5551      465.47885     -721.71764      11066.957     -7405.8733     -541.96055      73365.399      41.863008      41.863008      41.863008      1.1750387      588.19752      1418.7955      1013.7472    
     81000   81000          429.33218     -1267.6356      22809.988      24164.453      7856.4324      16308.021      3768.6796      4691.2248      4515.482       460.36623     -793.69945      11070.827     -7404.8597     -542.7021       73265.152      41.843932      41.843932      41.843932      1.1766465     -769.78271     -2946.4602     -86.66398     
     82000   82000          438.95682     -825.02664      23410.72       24293.202      8032.5554      16260.647      3740.0572      4724.0789      4411.5441      450.19505     -747.01704      11086.25      -7404.4607     -542.12168      73343.593      41.85886       41.85886       41.85886       1.1753881      44.862999     -3376.1139      856.17095    
     83000   83000          439.40451     -1250.6955      22971.701      24320.529      8040.7479      16279.781      3667.796       4699.7977      4507.0639      442.22058     -734.81376      11101.661     -7403.9444     -537.68741      73948.453      41.973614      41.973614      41.973614      1.165774      -1489.12       -1811.4424     -451.52417    
     84000   84000          436.5464      -2144.1987      21960.822      24275.247      7988.4469      16286.8        3740.1718      4638.3556      4497.3196      459.33881     -715.62555      11073.614     -7406.3742     -537.22567      74012.011      41.985636      41.985636      41.985636      1.1647729     -1257.5665     -1769.7104     -3405.3192    
     85000   85000          442.12028     -972.05442      23376.14       24418.756      8090.4443      16328.312      3764.8928      4670.1532      4499.1101      457.72319     -740.28234      11083.169     -7406.4547     -540.63114      73545.805      41.897293      41.897293      41.897293      1.1721564     -972.26505     -765.85531     -1178.0429    
     86000   86000          431.68271      2013.5876      26259.512      24100.707      7899.4452      16201.262      3736.2123      4734.3184      4357.4437      447.01566     -755.90071      11090.475     -7408.3022     -540.869        73513.46       41.891151      41.891151      41.891151      1.1726721      158.66235      3240.0188      2642.0815    
     87000   87000          443.35609      150.384        24613.758      24451.785      8113.0586      16338.726      3726.4259      4771.9063      4417.1703      457.87201     -710.24314      11088.225     -7412.6303     -538.38472      73852.675      41.955485      41.955485      41.955485      1.1672859     -718.36772      948.7029       220.81682    
     88000   88000          441.88791      1030.3665      25341.503      24237.423      8086.192       16151.231      3745.0412      4651.5467      4314.2112      432.32272     -669.27009      11083.834     -7406.4546     -541.16035      73473.883      41.883632      41.883632      41.883632      1.1733038      1917.9649      7.6233562      1165.5112    
     89000   89000          435.48975      603.613        24815.386      24168.82       7969.1109      16199.709      3829.6352      4680.2759      4250.9589      424.90642     -657.68656      11075.751     -7404.1319     -541.35269      73447.777      41.87867       41.87867       41.87867       1.1737208     -30.517666     -176.25624      2017.6129    
     90000   90000          441.7381      -284.16239      24131.9        24433.842      8083.4507      16350.392      3788.2718      4741.6708      4494.0447      467.47138     -814.62847      11079.719     -7406.1574     -545.72944      72858.726      41.766414      41.766414      41.766414      1.1832101      163.06915     -1305.7092      290.15289    
     91000   91000          436.72095      238.82424      24422.734      24166.864      7991.6408      16175.223      3697.6838      4733.7213      4345.7505      441.76184     -707.88694      11070.156     -7405.964      -541.24411      73462.512      41.881471      41.881471      41.881471      1.1734854     -1066.7729      552.3522       1230.8934    
     92000   92000          430.19528     -974.74536      22898.33       23945.498      7872.2265      16073.272      3693.6737      4552.3029      4430.1404      442.72655     -709.38073      11068.492     -7404.6835     -539.77117      73662.978      41.919532      41.919532      41.919532      1.1702919     -1164.2066      283.86051     -2043.89      
     93000   93000          435.46739     -598.22168      23587.377      24226.793      7968.7018      16258.091      3667.1501      4727.1445      4459.3934      446.08873     -700.40128      11068.465     -7409.7494     -542.51696      73290.154      41.848691      41.848691      41.848691      1.1762451     -200.51317     -1947.51        353.35816    
     94000   94000          427.90383      864.57474      24820.47       23892.723      7830.2948      16062.429      3642.3868      4790.5179      4255.7711      423.67943     -716.76052      11069.666     -7402.8318     -540.39086      73578.506      41.903502      41.903502      41.903502      1.1716354      700.4352       730.74313      1162.5459    
     95000   95000          433.40973     -76.750082      24073.747      24155.772      7931.0482      16224.724      3764.9796      4721.0893      4317.0914      429.19381     -701.23431      11094.037     -7400.4325     -542.58118      73281.48       41.84704       41.84704       41.84704       1.1763843      525.64898     -1000.0908      244.19156    
     96000   96000          431.71576     -1123.9948      22846.366      24061.028      7900.05        16160.978      3693.5777      4727.5399      4334.5926      434.45771     -719.85855      11089.817     -7399.1485     -536.59155      74099.475      42.002168      42.002168      42.002168      1.163398      -1210.7565     -395.40962     -1765.8184    
     97000   97000          434.6693      -231.42872      24033.172      24281.129      7954.0974      16327.032      3786.9413      4738.8985      4387.6332      451.28937     -726.31213      11086.502     -7397.9204     -541.2219       73465.527      41.882044      41.882044      41.882044      1.1734372     -999.21909      34.782045      270.15087    
     98000   98000          433.63418     -870.52113      23155.277      24091.983      7935.1555      16156.827      3759.8411      4823.1002      4200.6206      421.17074     -719.29705      11071.241     -7399.8488     -538.90319      73781.623      41.942026      41.942026      41.942026      1.16841       -182.00631     -834.63365     -1594.9234    
     99000   99000          439.30079      963.59655      25486.886      24446.205      8038.8499      16407.355      3797.6763      4819.8581      4347.5188      441.1863      -681.4069       11085.564     -7403.0413     -536.9237       74053.636      41.993505      41.993505      41.993505      1.1641182      227.85232      1238.8283      1424.109     
    100000   100000         428.66288     -1283.7361      22691.495      24075.069      7844.1847      16230.884      3712.5649      4712.1534      4443.954       431.27085     -733.83692      11071.103     -7406.3249     -538.03231      73901.049      41.964643      41.964643      41.964643      1.1665218     -888.9993      -2684.1214     -278.08767    
    101000   101000         433.29012      1499.5377      25761.695      24164.292      7928.8595      16235.433      3674.091       4808.9415      4363.0375      434.82512     -711.40504      11073.429     -7407.4864     -544.34939      73043.44       41.80168       41.80168       41.80168       1.180218       1532.5648      2757.5107      208.53772    
    102000   102000         438.47461      986.18916      25112.44       24057.613      8023.7315      16033.881      3657.3637      4657.0674      4306.2867      437.50422     -693.70973      11075.854     -7406.4852     -542.14296      73340.714      41.858312      41.858312      41.858312      1.1754342     -196.03211      2514.1649      640.43469    
    103000   103000         442.91814     -799.94555      23499.908      24357.667      8105.0444      16252.622      3675.0566      4651.6909      4471.9389      454.49105     -662.56789      11069.894     -7407.8817     -540.79177      73523.959      41.893145      41.893145      41.893145      1.1725046     -1111.1186     -714.80323     -573.91483    
    104000   104000         437.41871      964.20096      25165.821      24129.164      8004.4094      16124.754      3689.3324      4719.4024      4270.4323      433.80451     -652.68408      11070.293     -7405.826      -539.34581      73721.074      41.930549      41.930549      41.930549      1.1693696      1219.9898      601.61219      1071.0009    
    105000   105000         438.24766      845.78808      25103.655      24201.51       8019.5784      16181.931      3587.0055      4701.8722      4439.2054      440.63516     -664.80267      11083.279     -7405.2631     -543.65041      73137.353      41.819588      41.819588      41.819588      1.1787025     -152.76177     -89.280595      2779.4066    
    106000   106000         433.25663      464.74383      24640.371      24141.686      7928.2466      16213.439      3776.0976      4697.941       4352.1929      439.02718     -726.25058      11076.898     -7402.4673     -540.40828      73576.134      41.903052      41.903052      41.903052      1.1716732      1053.5577     -979.94284      1320.6167    
    107000   107000         440.16075     -912.12246      23300.992      24283.776      8054.5865      16229.189      3676.6455      4681.3549      4552.4563      450.36887     -791.92377      11063.926     -7403.6384     -538.18277      73880.388      41.960732      41.960732      41.960732      1.166848       901.318       -2777.2317     -860.45365    
    108000   108000         439.04182      114.32913      24347.939      24225.255      8034.1109      16191.144      3705.8571      4771.0649      4312.617       446.79227     -737.83364      11097.984     -7405.3375     -540.38587      73579.185      41.903631      41.903631      41.903631      1.1716246     -600.99928      1627.7196     -683.73294    
    109000   109000         434.67803     -1886.7258      22029.794      24068.533      7954.2571      16114.276      3645.7411      4704.5677      4402.3327      415.41177     -737.82704      11085.674     -7401.6241     -536.63875      74092.957      42.000937      42.000937      42.000937      1.1635004     -2779.2989     -1678.2784     -1202.6002    
    110000   110000         429.35468      997.77825      25196.875      24128.818      7856.8441      16271.974      3730.3651      4781.5478      4402.6912      430.48562     -742.18619      11077.668     -7408.5976     -541.71939      73398.059      41.869219      41.869219      41.869219      1.1745158      1644.6253      1057.2033      291.50616    
    111000   111000         429.80593      375.59236      24453.478      24050.953      7865.1017      16185.852      3737.2133      4741.8148      4320.0453      439.29557     -749.41566      11099.54      -7402.641      -541.07665      73485.248      41.885791      41.885791      41.885791      1.1731223     -8.5372485      729.52974      405.78459    
    112000   112000         432.90661     -1449.2416      22539.163      24093.894      7921.8415      16172.052      3776.4443      4767.7836      4231.8506      434.91546     -721.023        11076.993     -7394.912      -540.53102      73559.426      41.89988       41.89988       41.89988       1.1719393     -1894.2573      11.435157     -2464.9028    
    113000   113000         427.86609      1268.4297      25314.954      23966.987      7829.6041      16137.383      3681.4899      4666.3882      4404.6374      438.9262      -730.32297      11080.535     -7404.2713     -545.65974      72868.034      41.768193      41.768193      41.768193      1.183059       2101.8643      896.92772      806.49706    
    114000   114000         430.59531     -143.0431       24053.892      24208.642      7879.5467      16329.096      3756.1182      4693.9713      4424.8586      430.50106     -642.72715      11071.476     -7405.1026     -536.00749      74180.218      42.017419      42.017419      42.017419      1.1621317      1118.6285     -545.95223     -1001.8056    
    115000   115000         428.12039      1317.9839      25509.825      24088.764      7834.2575      16254.507      3826.3057      4754.8387      4239.7213      419.22608     -644.15906      11063.552     -7404.9778     -537.81433      73931.001      41.970312      41.970312      41.970312      1.1660492      1780.0358      1498.8085      675.10741    
    116000   116000         433.96425      1492.3694      25691.997      24096.559      7941.1954      16155.364      3710.172       4613.6389      4381.3345      445.09553     -668.4665       11078.709     -7405.1195     -542.41451      73303.998      41.851326      41.851326      41.851326      1.1760229      2776.7202      1139.6545      560.7334     
    117000   117000         437.5979      -606.34968      23661.204      24313.146      8007.6884      16305.457      3733.554       4729.6739      4437.4709      458.07042     -722.92788      11072.61      -7402.9945     -539.32374      73724.09       41.931121      41.931121      41.931121      1.1693218     -164.22494     -1529.515      -125.30914    
    118000   118000         430.44775     -1253.7987      22703.081      24053.01       7876.8465      16176.164      3697.3142      4724.7201      4352.3976      415.43975     -684.6793       11075.689     -7404.7172     -538.58188      73825.64       41.950365      41.950365      41.950365      1.1677133     -1343.8179     -1794.4539     -623.12423    
    119000   119000         435.41719      340.04074      24733.671      24367.291      7967.7831      16399.508      3838.2363      4765.3418      4384.1224      431.23278     -714.10087      11096.141     -7401.4649     -538.18931      73879.491      41.960562      41.960562      41.960562      1.1668622      1466.3081      287.28149     -733.46739    
    120000   120000         435.72665      89.984066      24282.978      24186.531      7973.4461      16213.085      3735.5218      4613.7387      4475.5733      446.03547     -735.47571      11081.288     -7403.5966     -541.02154      73492.734      41.887213      41.887213      41.887213      1.1730028     -405.52953     -326.95854      1002.4403    
    121000   121000         429.50447     -3.2658132      23910.316      23913.821      7859.5852      16054.236      3651.1215      4636.0093      4368.7608      433.1733      -697.39936      11068.258     -7405.6874     -540.23666      73599.508      41.907489      41.907489      41.907489      1.1713011      263.09486     -442.77246      169.88016    
    122000   122000         427.60597      2188.6092      26369.626      24036.023      7824.8441      16211.179      3686.6829      4767.0345      4292.6042      438.79519     -648.6836       11075.066     -7400.3204     -543.84634      73111.004      41.814565      41.814565      41.814565      1.1791273      2690.5528      1444.9777      2430.297     
    123000   123000         435.9972      -1096.0194      22973.217      24151.922      7978.3969      16173.525      3743.347       4698.5777      4375.8686      432.56694     -739.19931      11066.102     -7403.7377     -539.19739      73741.366      41.934396      41.934396      41.934396      1.1690478      442.29049     -1512.8482     -2217.5005    
    124000   124000         431.13214     -811.79635      23194.811      24068.266      7889.3703      16178.895      3699.3161      4711.5773      4400.9058      440.70893     -756.97193      11084.132     -7400.7724     -538.94177      73776.341      41.941025      41.941025      41.941025      1.1684936     -397.34052     -461.83337     -1576.2152    
    125000   125000         432.97452      507.39487      24761.306      24215.084      7923.0843      16292          3790.5358      4697.2985      4371.3161      431.35732     -686.71902      11087.004     -7398.7929     -538.65649      73815.414      41.948428      41.948428      41.948428      1.1678751     -723.06594      2103.1271      142.12345    
    126000   126000         431.46984      1597.8433      25843.356      24117.785      7895.5499      16222.235      3788.4261      4735.9643      4299.0577      458.64378     -733.66467      11078.6       -7404.7923     -536.95283      74049.618      41.992746      41.992746      41.992746      1.1641813      87.458718      1929.0987      2776.9723    
    127000   127000         438.11551     -1268.1696      22784.177      24148.828      8017.1602      16131.668      3749.2725      4757.0992      4285.1104      422.51725     -742.74375      11065.834     -7405.4215     -538.87829      73785.032      41.942672      41.942672      41.942672      1.168356      -399.43637     -1263.1947     -2141.8779    
    128000   128000         432.67751     -437.57875      23761.608      24230.272      7917.6492      16312.623      3849.5599      4810.5898      4275.84        440.3899      -754.57068      11089.424     -7398.6098     -541.41381      73439.486      41.877095      41.877095      41.877095      1.1738533      48.768        -1050.9211     -310.58315    
    129000   129000         439.54962      660.82089      24720.574      24010.115      8043.4033      15966.712      3636.2418      4786.6645      4200.9444      417.03748     -732.20502      11063.995     -7405.9662     -539.36153      73718.924      41.930142      41.930142      41.930142      1.1694037      1853.2319     -197.35095      326.58173    
    130000   130000         435.68058     -1599.4685      22526.56       24246.076      7972.603       16273.473      3727.4796      4759.7321      4390.1977      439.11767     -728.04415      11087.176     -7402.1858     -539.39176      73714.794      41.929359      41.929359      41.929359      1.1694692     -3058.2883     -372.16628     -1367.9508    
    131000   131000         434.21889     -411.83335      23592.438      24035.57       7945.8552      16089.715      3606.8328      4759.9814      4362.1707      448.78085     -739.37302      11058.101     -7406.7786     -538.91841      73779.539      41.941631      41.941631      41.941631      1.168443       1121.7998     -1352.3032     -1004.9966    
    132000   132000         429.4052       407.62554      24460.153      24023.403      7857.7686      16165.634      3713.4324      4629.1391      4446.3362      458.82236     -751.61196      11074.624     -7405.1076     -541.20641      73467.63       41.882443      41.882443      41.882443      1.1734036     -853.24462      50.121402      2025.9998    
    133000   133000         430.71866     -377.20337      23669.515      24075.328      7881.8038      16193.524      3666.9064      4715.838       4425.8822      444.81862     -729.87958      11077.346     -7407.3869     -538.99499      73769.056      41.939644      41.939644      41.939644      1.168609       288.773       -753.23085     -667.15227    
    134000   134000         429.54906     -194.14743      23901.633      24109.677      7860.4012      16249.276      3706.2862      4763.9352      4335.5234      454.92332     -672.48867      11073.382     -7412.2856     -541.14074      73476.545      41.884137      41.884137      41.884137      1.1732613     -1080.2984     -628.7875       1126.6437    
    135000   135000         427.02464      1139.9574      25177.1        23961.936      7814.2062      16147.73       3715.2958      4681.8695      4367.1294      456.31021     -750.79031      11078.466     -7400.5507     -543.98707      73092.09       41.810959      41.810959      41.810959      1.1794325      1654.7425      1392.7158      372.41396    
    136000   136000         435.36041     -585.76141      23475.096      24101.809      7966.7441      16135.065      3679.2059      4730.9889      4351.7102      440.39317     -738.95538      11075.735     -7404.0125     -541.98483      73362.113      41.862383      41.862383      41.862383      1.1750913     -1041.0984      319.65048     -1035.8363    
    137000   137000         428.96968     -756.62899      23117.718      23924.386      7849.799       16074.587      3673.6032      4690.4169      4358.5986      435.48975     -750.1533       11066.53      -7399.8986     -543.90535      73103.072      41.813053      41.813053      41.813053      1.1792553      226.06453     -2127.775      -368.17655    
    138000   138000         424.77541     -1498.671       22470.826      24075.966      7773.0472      16302.919      3709.3102      4623.9088      4562.9813      432.15013     -729.7474       11102.968     -7398.6524     -541.41241      73439.677      41.877131      41.877131      41.877131      1.1738503     -1011.9455     -1801.3004     -1682.767     
    139000   139000         433.3697       416.75473      24508.701      24064.285      7930.3157      16133.969      3688.6775      4690.4538      4404.6274      438.24929     -776.4395       11089.656     -7401.2553     -543.78296      73119.526      41.816189      41.816189      41.816189      1.1789899     -359.4869       2783.7714     -1174.0203    
    140000   140000         430.61299     -320.91502      23589.112      23932.955      7879.8702      16053.085      3661.5027      4673.3626      4351.9364      438.22223     -740.70709      11075.691     -7406.9222     -541.20836      73467.364      41.882393      41.882393      41.882393      1.1734079     -855.77143     -908.86612      801.8925     
    141000   141000         425.58826      562.10265      24584.382      23980.444      7787.9217      16192.522      3700.9841      4634.3506      4339.4159      450.95026     -606.91951      11074.969     -7401.2285     -539.70697      73671.74       41.921194      41.921194      41.921194      1.1701527      1060.816      -911.07644      1536.5684    
    142000   142000         432.94321     -582.94702      23492.145      24120.94       7922.5112      16198.429      3718.635       4660.5202      4413.7045      452.67442     -702.50151      11063.064     -7407.6679     -537.59439      73961.248      41.976035      41.976035      41.976035      1.1655723     -485.07538     -33.580194     -1230.1855    
    143000   143000         429.98512      916.14947      24962.128      23982.912      7868.3806      16114.531      3805.0152      4722.0079      4200.5584      424.8101      -714.93181      11080.898     -7403.8269     -542.52822      73288.633      41.848402      41.848402      41.848402      1.1762695     -179.89762      1762.2741      1166.072     
    144000   144000         431.40741      2408.8999      26464.022      23875.485      7894.4073      15981.077      3745.6191      4615.2147      4207.897       411.45022     -683.13031      11086.81      -7402.783      -539.63377      73681.734      41.923089      41.923089      41.923089      1.169994       1106.5945      2868.3789      3251.7263    
    145000   145000         427.65585     -385.99327      23535.287      23949.273      7825.7568      16123.516      3758.4426      4723.4761      4252.632       425.04653     -708.62305      11075.729     -7403.1874     -540.66633      73541.017      41.896384      41.896384      41.896384      1.1722327     -708.64096      244.29531     -693.63415    
    146000   146000         422.83272     -2245.7361      21565.135      23972.021      7737.4975      16234.524      3781.9064      4619.5495      4507.6789      440.87948     -786.38765      11075.512     -7404.6153     -541.05076      73488.765      41.886459      41.886459      41.886459      1.1730662     -2504.276      -2587.3175     -1645.6148    
    147000   147000         435.47619      70.751871      24049.108      23973.336      7968.8628      16004.474      3638.5081      4641.3798      4343.514       437.94205     -717.36923      11066.433     -7405.9339     -541.45776      73433.525      41.875961      41.875961      41.875961      1.1739486      888.15488     -476.45254     -199.44673    
    148000   148000         429.87381     -351.22799      23620.511      23995.112      7866.3437      16128.768      3717.6723      4743.9736      4267.0969      436.26153     -711.70468      11078.931     -7403.4627     -543.69419      73131.464      41.818465      41.818465      41.818465      1.1787974     -810.5354      -338.70411      95.555538    
    149000   149000         434.41878     -278.08328      23657.089      23957.102      7949.513       16007.589      3684.2486      4607.3398      4316.0321      434.19731     -712.3797       11084.599     -7406.4474     -537.48782      73975.912      41.978809      41.978809      41.978809      1.1653413      252.72827     -331.03089     -755.94722    
    150000   150000         427.08587     -1738.8648      22134          24022.876      7815.3267      16207.55       3576.8833      4795.1029      4381.7263      440.55544     -660.83108      11078.679     -7404.5667     -533.82282      74483.799      42.074659      42.074659      42.074659      1.1573951     -2889.7318     -1816.9367     -509.92608    
    151000   151000         421.93903     -1166.5935      22532.824      23790.99       7721.1437      16069.846      3673.0394      4749.4674      4264.0864      421.87749     -718.19371      11082.933     -7403.3635     -537.67082      73950.734      41.974046      41.974046      41.974046      1.165738       429.63929     -1697.7402     -2231.6796    
    152000   152000         425.63879      2002.4508      26164.266      24010.394      7788.8463      16221.548      3741.9789      4734.1953      4259.859       425.63436     -617.68361      11083.621     -7406.0567     -539.1093       73753.415      41.93668       41.93668       41.93668       1.1688568      2808.1571      1588.5165      1610.6789    
    153000   153000         431.99704     -440.909        23560.646      24032.761      7905.1973      16127.563      3630.8528      4794.2854      4328.0465      437.22938     -738.66737      11082.015     -7406.1984     -541.54775      73421.322      41.873642      41.873642      41.873642      1.1741437      338.72297     -2227.3036      565.85361    
    154000   154000         426.5813      -79.987021      23812.645      23898.924      7806.0935      16092.831      3674.3602      4671.6322      4392.2912      412.8095      -748.25965      11097.437     -7407.4395     -537.58492      73962.551      41.976281      41.976281      41.976281      1.1655518      1438.5245     -1613.3806     -65.104935    
    155000   155000         426.49534      2260.9081      26373.563      23938.308      7804.5204      16133.788      3783.5276      4589.4277      4273.9818      425.11642     -622.49989      11085.666     -7401.4317     -538.36079      73855.958      41.956106      41.956106      41.956106      1.167234       561.38909      3679.5605      2541.7747    
    156000   156000         426.42501      676.2192       24639.841      23913.799      7803.2335      16110.566      3708.667       4635.9693      4330.7179      434.99729     -676.46083      11083.359     -7406.6842     -540.08347      73620.383      41.911451      41.911451      41.911451      1.1709689      107.57906      378.58505      1542.4935    
    157000   157000         427.03433     -827.62828      22986.427      23876.094      7814.3836      16061.711      3718.2593      4654.9935      4316.2108      426.75611     -740.68566      11088.676     -7402.499      -539.43908      73708.327      41.928132      41.928132      41.928132      1.1695718     -1262.4544     -1048.853      -171.57741    
    158000   158000         427.36426      147.98069      24152.032      23993.934      7820.421       16173.513      3786.1498      4570.8987      4407.0448      445.22385     -697.22881      11070.979     -7409.555      -542.76586      73256.545      41.842293      41.842293      41.842293      1.1767847     -1088.8028      779.73308      753.0118     
    159000   159000         426.82149      382.09349      24226.048      23820.065      7810.4888      16009.576      3735.2054      4641.3243      4293.2768      430.26983     -759.53117      11081.47      -7412.439      -545.75294      72855.589      41.765815      41.765815      41.765815      1.1832611      514.06613      240.41845      391.7959     
    160000   160000         430.00291      742.89985      24797.454      24001.438      7868.7062      16132.732      3745.1758      4627.9652      4397.9789      428.54653     -745.78063      11083.698     -7404.8514     -541.1821       73470.929      41.88307       41.88307       41.88307       1.1733509      555.1833       1476.5467      196.96954    
    161000   161000         426.19083     -2980.6249      20587.682      23787.595      7798.9482      15988.647      3638.133       4622.9942      4404.868       433.3413      -787.02451      11078.001     -7401.6664     -540.13717      73613.063      41.910061      41.910061      41.910061      1.1710854     -2558.1309     -2852.2941     -3531.4498    
    162000   162000         428.47802     -987.1411       22913.241      23976.036      7840.8019      16135.234      3678.062       4738.9692      4314.8711      417.10057     -673.6865       11067.706     -7407.788      -538.59775      73823.464      41.949953      41.949953      41.949953      1.1677477      540.84682     -1694.9315     -1807.3386    
    163000   163000         418.27695      527.96497      24432.099      23864.685      7654.1305      16210.554      3624.8135      4754.8724      4417.3903      436.46125     -700.01897      11081.868     -7404.8326     -539.5603       73691.767      41.924992      41.924992      41.924992      1.1698347     -766.16825      1345.8074      1004.2558    
    164000   164000         431.77848      1233.8037      25319.781      23999.042      7901.1976      16097.845      3742.6846      4692.7754      4314.6032      416.49637     -746.22734      11081.579     -7404.0671     -541.70626      73399.838      41.869557      41.869557      41.869557      1.1744874      1406.3105      474.07227      1821.0282    
    165000   165000         439.72751     -319.45817      23913.445      24256.442      8046.6585      16209.783      3828.0168      4659.5053      4351.9192      432.94704     -729.29794      11071.802     -7405.1093     -540.08066      73620.766      41.911523      41.911523      41.911523      1.1709629      86.333575     -254.39706     -790.31101    
    166000   166000         429.748       -1437.9737      22350.48       23898.802      7864.0415      16034.76       3719.6033      4589.8816      4381.1774      419.98966     -768.92392      11093         -7399.9681     -538.54814      73830.266      41.951241      41.951241      41.951241      1.1676402     -1962.5437     -886.33187     -1465.0454    
    167000   167000         424.03962      1356.5514      25260.63       23823.311      7759.5829      16063.728      3659.309       4667.2182      4317.2926      445.4107      -711.04642      11089.042     -7403.4984     -547.2906       72650.895      41.726663      41.726663      41.726663      1.1865949      1296.8549      1763.2832      1009.516     
    168000   168000         433.41335     -728.05083      23258.333      24039.555      7931.1145      16108.44       3611.7124      4748.6009      4354.8776      458.17548     -738.26087      11074.607     -7401.2723     -540.40827      73576.136      41.903052      41.903052      41.903052      1.1716732     -1645.2838     -573.10341      34.234751    
    169000   169000         426.07814      111.47101      23915.898      23796.256      7796.8861      15999.37       3653.4251      4687.6632      4273.9584      435.84031     -717.07628      11069.718     -7404.1593     -540.27345      73594.496      41.906537      41.906537      41.906537      1.1713808      975.81222     -1837.56        1196.1608    
    170000   170000         422.77312      1608.7124      25516.643      23795.432      7736.4069      16059.025      3716.257       4668.0544      4267.7248      438.80735     -708.41811      11081.202     -7404.602      -541.97495      73363.449      41.862637      41.862637      41.862637      1.1750699      2996.8774      789.8446       1039.4152    
    171000   171000         424.86724      1837.586       25728.612      23752.261      7774.7276      15977.534      3617.0709      4719.4748      4245.0131      430.48937     -713.22926      11082.713     -7403.9979     -539.16117      73746.319      41.935335      41.935335      41.935335      1.1689693      2375.1943      1707.946       1429.6178    
    172000   172000         429.02885      107.03538      24063.718      23948.58       7850.8816      16097.699      3634.6905      4642.4747      4423.7042      445.49851     -746.45346      11101.318     -7403.5333     -539.07013      73758.774      41.937696      41.937696      41.937696      1.1687719      762.56679      1164.309      -1605.7697    
    173000   173000         419.7772       929.22889      24798.143      23810.379      7681.584       16128.795      3697.7804      4628.9767      4426.5121      440.1488      -744.48085      11080.364     -7400.5067     -545.51199      72887.769      41.771963      41.771963      41.771963      1.1827387      1288.3284      1556.9564     -57.598121    
    174000   174000         427.76403      1594.4033      25566.364      23871.368      7827.7365      16043.631      3726.294       4770.6542      4199.2413      425.54031     -744.88136      11071.158     -7404.375      -545.46171      72894.488      41.773247      41.773247      41.773247      1.1826297      1397.4776      2162.1993      1223.5331    
    175000   175000         438.61082      343.47395      24421.781      24055.581      8026.2241      16029.357      3713.1179      4685.7835      4290.8852      419.91742     -752.81735      11079.621     -7407.1499     -543.88919      73105.245      41.813467      41.813467      41.813467      1.1792202      1557.0578     -663.90821      137.27227    
    176000   176000         423.82424      1030.2769      24871.093      23765.676      7755.6415      16010.035      3722.7642      4705.8926      4203.7053      427.21917     -737.8348       11093.547     -7405.2586     -540.45914      73569.21       41.901737      41.901737      41.901737      1.1717835      4.4773142      2430.2974      656.05604    
    177000   177000         424.27726     -793.54041      22779.687      23631.111      7763.9315      15867.18       3617.2232      4613.9181      4269.1056      421.59089     -734.37438      11081.266     -7401.5496     -540.45304      73570.04       41.901895      41.901895      41.901895      1.1717702     -2570.6626     -283.28897      473.33032    
    178000   178000         434.45605      1034.7221      25044.658      23932.403      7950.1951      15982.208      3592.6021      4770.0679      4270.1953      425.43168     -738.14548      11069.445     -7407.389      -539.45389      73706.303      41.927749      41.927749      41.927749      1.1696039      420.34255      1818.442       865.38168    
    179000   179000         425.64526     -323.20652      23477          23821.419      7788.9646      16032.454      3733.1338      4682.2615      4307.9765      404.64811     -784.67867      11087.631     -7398.5176     -544.16257      73068.517      41.806464      41.806464      41.806464      1.1798129      1583.9615     -844.52112     -1709.0599    
    180000   180000         434.98564     -2019.984       21943.898      24099.256      7959.8862      16139.37       3600.3133      4689.3657      4514.2553      432.48709     -772.10447      11077.884     -7402.8304     -543.45475      73163.685      41.824606      41.824606      41.824606      1.1782783     -1761.3539     -1447.7309     -2850.8673    
    181000   181000         427.43881      1289.7596      25138.988      23762.162      7821.7852      15940.377      3651.9278      4648.292       4348.4742      426.25445     -817.62976      11086.104     -7403.0464     -543.20613      73197.17       41.830986      41.830986      41.830986      1.1777393      2257.2843      277.9513       1334.0432    
    182000   182000         432.49401      1231.9603      25259.322      23932.158      7914.2913      16017.867      3608.6434      4556.3321      4372.2082      438.77677     -636.79774      11084.818     -7406.1134     -538.27843      73867.258      41.958246      41.958246      41.958246      1.1670554      2457.9656      289.17177      948.74353    
    183000   183000         422.5969       185.8262       23981.832      23782.663      7733.1823      16049.481      3693.9997      4741.8525      4250.2454      433.27017     -745.79927      11081.2       -7405.2877     -541.02852      73491.786      41.887033      41.887033      41.887033      1.1730179      960.27584     -77.840661     -324.95658    
    184000   184000         424.58127     -695.68093      23126.682      23871.013      7769.4945      16101.519      3699.8996      4719.4894      4349.004       432.59805     -775.83899      11082.728     -7406.3612     -541.97407      73363.569      41.86266       41.86266       41.86266       1.175068       179.30016     -1426.7057     -839.63728    
    185000   185000         436.12244     -324.96063      23493.65       23840.201      7980.6886      15859.513      3631.4031      4612.7207      4274.3226      421.45827     -768.08455      11088.304     -7400.6119     -543.74801      73124.225      41.817085      41.817085      41.817085      1.1789141     -143.58516      465.75827     -1297.055     
    186000   186000         426.98959     -126.65105      23880.078      24015.396      7813.5649      16201.831      3725.4518      4829.2248      4315.4953      427.1739      -763.40991      11079.382     -7411.4861     -542.73428      73260.809      41.843105      41.843105      41.843105      1.1767162     -1723.0606     -624.29284      1967.4003    
    187000   187000         423.13432     -1605.7257      22147.958      23878.209      7743.0165      16135.193      3775.4691      4638.5253      4333.5083      429.68229     -698.825        11061.71      -7404.8777     -538.14231      73885.942      41.961784      41.961784      41.961784      1.1667603     -1413.0533     -3012.0513     -392.07229    
    188000   188000         436.7361      -375.63921      23676.784      24078.491      7991.9181      16086.573      3743.1476      4688.8455      4265.421       426.02166     -712.57326      11080.026     -7404.3154     -542.24627      73326.742      41.855654      41.855654      41.855654      1.1756582      525.11473     -1490.0293     -162.00302    
    189000   189000         423.50753     -1304.0634      22354.635      23756.356      7749.8459      16006.51       3689.9754      4645.5326      4354.7127      441.60078     -799.78441      11077.912     -7403.4392     -539.47556      73703.342      41.927187      41.927187      41.927187      1.1696509     -1711.0717     -949.35476     -1251.7638    
    190000   190000         420.28645     -1727.7402      21808.626      23656.169      7690.9028      15965.267      3752.7499      4627.6318      4259.7239      423.01457     -775.44523      11081.76      -7404.1679     -542.27371      73323.031      41.854948      41.854948      41.854948      1.1757177     -3054.8791     -1094.1452     -1034.1963    
    191000   191000         431.40576     -2241.3956      21527.514      23922.627      7894.3772      16028.249      3621.2557      4716.6504      4367.5501      447.63773     -795.13225      11078.087     -7407.799      -542.65963      73270.886      41.845023      41.845023      41.845023      1.1765544     -2276.4616     -2543.0068     -1904.7184    
    192000   192000         418.26601      1194.7681      24949.357      23673.771      7653.9305      16019.841      3669.5395      4658.8806      4339.4097      421.91584     -750.55894      11083.888     -7403.2335     -543.13647      73206.559      41.832774      41.832774      41.832774      1.1775882      1375.7567      1398.1697      810.3778     
    193000   193000         427.83745     -784.17537      23103.644      23941.933      7829.0799      16112.853      3646.886       4672.5712      4415.1406      412.33589     -711.061        11081.487     -7404.5059     -542.44276      73300.18       41.850599      41.850599      41.850599      1.1760842     -1048.3354     -2493.927       1189.7362    
    194000   194000         425.31965      245.22701      24118.783      23856.154      7783.0064      16073.148      3684.4789      4726.8237      4299.7212      436.05753     -759.22155      11090.953     -7405.6653     -541.45292      73434.182      41.876086      41.876086      41.876086      1.1739381     -1006.4457      764.19607      977.93071    
    195000   195000         422.48996     -712.13286      22919.963      23688.445      7731.2252      15957.22       3664.2246      4536.5031      4362.1203      425.73151     -691.07864      11067.561     -7407.8425     -537.35603      73994.056      41.98224       41.98224       41.98224       1.1650555     -1532.6729     -1991.6921      1387.9665    
    196000   196000         418.13747     -2732.9099      20790.792      23732.63       7651.5783      16081.052      3619.2466      4660.398       4440.7796      435.00575     -746.61619      11076.5       -7404.2621     -538.69306      73810.403      41.947478      41.947478      41.947478      1.1679544     -1423.4128     -3897.2461     -2878.0708    
    197000   197000         423.45173     -1206.6614      22444.81       23740.469      7748.8249      15991.644      3643.8898      4562.656       4413.22        419.72539     -722.43039      11075.79      -7401.2069     -540.04455      73625.689      41.912457      41.912457      41.912457      1.1708846     -3773.2291      1235.4099     -1082.1649    
    198000   198000         425.13536     -283.29905      23496.485      23798.756      7779.634       16019.122      3691.1354      4700.8091      4316.7359      431.09972     -767.68666      11059.573     -7412.5444     -543.47895      73160.427      41.823985      41.823985      41.823985      1.1783308      210.60473      506.06423     -1566.5661    
    199000   199000         423.47425     -304.25169      23524.204      23849.452      7749.2371      16100.215      3742.8068      4675.9506      4388.9405      416.37786     -780.03854      11060.781     -7404.603      -542.44107      73300.408      41.850643      41.850643      41.850643      1.1760805     -1329.302       590.91307     -174.36611    
    200000   200000         424.01533     -999.68628      22532.604      23595.148      7759.1383      15836.01       3673.9814      4654.0203      4224.5541      407.24804     -795.34997      11073.026     -7401.4695     -545.5713       72879.845      41.770449      41.770449      41.770449      1.1828673     -2746.476      -522.23575      269.65287    
    201000   201000         420.08779     -1331.7435      22339.938      23771.585      7687.2675      16084.318      3758.6846      4643.1795      4342.8137      410.4173      -740.17715      11072.145     -7402.7451     -539.41028      73712.263      41.928879      41.928879      41.928879      1.1695094     -1374.6037     -1917.3938     -703.23289    
    202000   202000         432.09474     -1187.423       22524.632      23798.84       7906.985       15891.855      3670.273       4586.6151      4310.4687      437.17223     -769.54408      11063.766     -7406.8967     -540.38112      73579.832      41.903754      41.903754      41.903754      1.1716143     -1759.5175     -1380.0998     -422.65186    
    203000   203000         429.80037     -713.08635      23086.915      23852.395      7864.9999      15987.396      3678.5813      4636.0204      4314.6634      438.19041     -751.68629      11077.047     -7405.4209     -540.18512      73606.529      41.908821      41.908821      41.908821      1.1711893     -1429.2191     -973.91948      263.87956    
    204000   204000         431.65775      340.79871      24083.005      23720.449      7898.9884      15821.461      3642.1298      4599.9081      4291.6498      410.19912     -796.34066      11078.566     -7404.6519     -545.07639      72946.018      41.783088      41.783088      41.783088      1.1817942      1087.0186      2338.1197     -2402.7422    
    205000   205000         425.98695     -640.07636      23138.315      23821.974      7795.2174      16026.757      3627.25        4604.3399      4412.4379      440.21966     -748.96712      11094.438     -7402.9613     -542.90901      73237.229      41.838615      41.838615      41.838615      1.1770951     -2064.6853     -177.67747      322.13367    
    206000   206000         427.54487     -516.01789      23363.092      23918.843      7823.726       16095.117      3604.1121      4747.5544      4334.9816      462.03251     -730.6391       11079.817     -7402.7412     -538.41726      73848.212      41.95464       41.95464       41.95464       1.1673564     -157.54761     -100.04064     -1290.4654    
    207000   207000         426.25196     -1542.996       22127.963      23775.573      7800.0669      15975.506      3645.7674      4643.4354      4366.7788      444.22323     -800.74453      11080.806     -7404.7606     -543.05698      73217.274      41.834815      41.834815      41.834815      1.1774159     -1828.7844     -1391.2294     -1408.9741    
    208000   208000         423.90505      570.64119      24494.052      23882.95       7757.1203      16125.83       3723.299       4766.2923      4281.7219      443.34029     -761.828        11074.416     -7401.4117     -541.48178      73430.268      41.875342      41.875342      41.875342      1.1740007     -260.0277       1959.3429      12.608375    
    209000   209000         421.40408      182.26946      23939.729      23743.61       7711.3546      16032.255      3605.9064      4759.216       4250.5559      431.04845     -699.23386      11087.299     -7402.5361     -538.92569      73778.542      41.941442      41.941442      41.941442      1.1684588      112.79625     -1478.4451      1912.4573    
    210000   210000         422.38209     -1530.9445      22042.979      23679.144      7729.2514      15949.892      3672.854       4612.9747      4360.2433      428.08356     -818.09312      11096.742     -7402.9116     -542.58451      73281.03       41.846954      41.846954      41.846954      1.1763915     -1007.2284     -2252.1298     -1333.4752    
    211000   211000         438.99405     -600.36495      23302.335      23944.4        8033.2369      15911.163      3653.7409      4665.723       4240.4832      409.27395     -729.01579      11077.557     -7406.5996     -542.2147       73331.011      41.856466      41.856466      41.856466      1.1755897     -844.60452     -1337.5237      381.03336    
    212000   212000         423.66273      1225.4309      25109.445      23804.312      7752.6859      16051.626      3782.1512      4701.3996      4259.6726      426.35189     -773.43719      11059.196     -7403.7082     -544.46336      73028.15       41.798763      41.798763      41.798763      1.1804651      1001.5133      2224.2773      450.50207    
    213000   213000         422.57801     -50.183656      23678.191      23731.485      7732.8365      15998.649      3643.8994      4706.4894      4298.3263      423.78943     -732.96555      11063.182     -7404.0717     -546.03044      72818.563      41.758738      41.758738      41.758738      1.1838627     -645.12227     -957.40443      1451.9757    
    214000   214000         426.39058     -123.22008      23728.522      23860.609      7802.6035      16058.005      3639.7981      4695.0758      4362.042       414.37545     -736.83352      11083.492     -7399.9446     -540.94865      73502.637      41.889095      41.889095      41.889095      1.1728448      9.3618269     -923.74521      544.72315    
    215000   215000         413.96106      1003.4167      24806.396      23733.314      7575.1533      16158.161      3732.6052      4705.5359      4340.988       433.57246     -743.05753      11089.387     -7400.8702     -542.2301       73328.927      41.85607       41.85607       41.85607       1.1756231      156.10766      1406.9058      1447.2366    
    216000   216000         423.5875       905.8333       24652.94       23683.407      7751.3094      15932.097      3579.6206      4684.1454      4280.7642      432.79315     -727.6401       11086.32      -7403.9055     -541.77713      73390.237      41.867731      41.867731      41.867731      1.174641       235.81677      2056.0818      425.60132    
    217000   217000         425.37371      364.52077      24139.188      23748.69       7783.9956      15964.694      3657.9879      4737.4571      4284.8053      405.75476     -779.04997      11063.769     -7406.0293     -541.29989      73454.942      41.880032      41.880032      41.880032      1.1736063     -993.77593     -97.25529       2184.5935    
    218000   218000         422.82472     -288.27202      23327.813      23635.68       7737.351       15898.329      3558.8538      4626.9842      4319.8832      428.42473     -712.14674      11077.674     -7401.3443     -542.96839      73229.221      41.83709       41.83709       41.83709       1.1772238      222.6747       307.05773     -1394.5485    
    219000   219000         424.24415      1081.2369      24908.957      23753.447      7763.3256      15990.121      3738.4078      4722.7107      4184.0503      401.08236     -739.43584      11088.828     -7405.5216     -542.60277      73278.565      41.846485      41.846485      41.846485      1.1764311      601.52547      3466.5391     -824.3538     
    220000   220000         420.84533     -817.43795      22747.063      23622.835      7701.13        15921.705      3579.424       4599.8644      4279.8663      415.98407     -617.8589       11068.734     -7404.3081     -541.25053      73461.641      41.881305      41.881305      41.881305      1.1734993      22.596234     -963.60881     -1511.3013    
    221000   221000         429.81339      2192.5212      26268.591      23921.049      7865.2381      16055.811      3675.8039      4748.2169      4342.3766      417.49824     -796.70583      11077.626     -7409.0057     -541.58333      73416.499      41.872725      41.872725      41.872725      1.1742208      2196.5353      1968.399       2412.6292    
    222000   222000         424.34182      86.191146      23803.255      23710.932      7765.1128      15945.82       3660.8652      4604.4301      4338.0566      423.0404      -738.18233      11066.609     -7408.9988     -541.36737      73445.786      41.878292      41.878292      41.878292      1.1737526     -1538.5848      1855.2719     -58.11373     
    223000   223000         413.8446      -854.42129      22657.665      23578.153      7573.0221      16005.131      3636.761       4663.349       4360.1888      419.21827     -748.77515      11077.144     -7402.7545     -538.25587      73870.355      41.958832      41.958832      41.958832      1.1670065     -1125.3737     -1288.0118     -149.87841    
    224000   224000         426.46975     -801.83423      22992.404      23854.307      7804.0523      16050.254      3670.3007      4620.7699      4364.2329      423.55296     -706.64103      11086.223     -7408.184      -539.4625       73705.127      41.927526      41.927526      41.927526      1.1696226     -1866.7277      360.14827     -898.92326    
    225000   225000         425.55914     -109.67638      23732.949      23850.273      7787.3887      16062.884      3680.6484      4711.7524      4286.0129      427.42496     -721.47164      11080.207     -7401.6895     -542.07799      73349.504      41.859984      41.859984      41.859984      1.1752933     -1967.3928      1447.5548      190.80882    
    226000   226000         422.05633     -696.50743      22850.985      23602.552      7723.2903      15879.262      3599.0382      4683.0358      4201.3805      417.65412     -695.10415      11075.569     -7402.3118     -537.39356      73988.887      41.981263      41.981263      41.981263      1.1651369     -1374.1795     -76.932499     -638.41032    
    227000   227000         417.00922      1835.6959      25619.466      23657.065      7630.9322      16026.133      3689.1577      4717.3974      4232.9315      417.15868     -717.0766       11086.446     -7399.8819     -542.43524      73301.196      41.850793      41.850793      41.850793      1.1760679      1575.9431      1346.8602      2584.2845    
    228000   228000         420.43433     -802.78996      22846.275      23706.537      7693.609       16012.928      3608.4804      4695.1077      4336.8478      413.24829     -703.35467      11070.033     -7407.4342     -541.13574      73477.224      41.884266      41.884266      41.884266      1.1732504     -871.92911     -585.52875     -950.91202    
    229000   229000         425.3379      -1357.9466      22166.945      23619.818      7783.3403      15836.478      3511.0671      4535.9282      4480.961       409.8515      -787.94834      11091.011     -7404.3928     -541.98818      73361.658      41.862296      41.862296      41.862296      1.1750986     -1772.8691     -869.32171     -1431.649     
    230000   230000         412.13319     -1155.3414      22138.769      23373.697      7541.7047      15831.992      3620.0987      4574.1586      4298.7476      409.76821     -755.04297      11083.72      -7399.4579     -542.50484      73291.792      41.849003      41.849003      41.849003      1.1762188     -1251.669      -2342.3774      128.0221     
    231000   231000         423.28184      878.645        24629.741      23695.484      7745.7161      15949.768      3630.2049      4595.7007      4358.393       430.77266     -737.16212      11078.416     -7406.558      -545.35815      72908.33       41.775891      41.775891      41.775891      1.1824051      622.40125      748.2263       1265.3075    
    232000   232000         424.9465      -384.63312      23242.731      23652.788      7776.178       15876.61       3534.9463      4663.3998      4281.797       433.45426     -712.59098      11077.063     -7401.4594     -543.9236       73100.619      41.812585      41.812585      41.812585      1.1792948      859.29725     -768.79903     -1244.3976    
    233000   233000         427.40682      977.88348      24750.714      23704.089      7821.1998      15882.889      3672.2573      4575.8075      4317.4235      422.45579     -789.03689      11088.608     -7404.6266     -541.78986      73388.513      41.867404      41.867404      41.867404      1.1746686      1913.6533      54.995363      965.00175    
    234000   234000         420.19712     -2365.9685      21099.401      23640.963      7689.2682      15951.695      3620.7947      4555.1358      4406.8948      420.8018      -734.54354      11084.937     -7402.3257     -539.81276      73657.302      41.918455      41.918455      41.918455      1.170382      -1784.7377     -2766.5968     -2546.5711    
    235000   235000         420.21631     -882.06394      22614.475      23559.103      7689.6193      15869.484      3559.6258      4580.1175      4398.9636      426.37255     -749.96069      11061.083     -7406.7173     -541.46926      73431.965      41.875665      41.875665      41.875665      1.1739735     -133.01807      502.51449     -3015.6883    
    236000   236000         413.98322      228.67784      23808.282      23563.342      7575.5589      15987.783      3628.6884      4690.0984      4297.8917      448.38823     -732.70668      11057.002     -7401.5787     -541.37732      73444.435      41.878035      41.878035      41.878035      1.1737742     -157.20521     -208.02161      1051.2604    
    237000   237000         420.33856      1028.1738      24757.819      23650.358      7691.8565      15958.502      3570.113       4656.1122      4355.7923      431.77919     -715.71751      11067.29      -7406.8672     -538.36024      73856.033      41.956121      41.956121      41.956121      1.1672328     -1147.4907      2384.9021      1847.11      
    238000   238000         418.61631      1086.2434      24644.019      23482.104      7660.3406      15821.764      3532.445       4644.9349      4303.5848      429.64768     -761.84812      11079.009     -7406.0099     -542.11018      73345.149      41.859156      41.859156      41.859156      1.1753631      140.39053      1652.2892      1466.0503    
    239000   239000         427.20012      966.78058      24677.7        23653.14       7817.4174      15835.723      3633.7109      4564.114       4293.9991      420.63116     -756.45504      11085.878     -7406.1554     -547.174        72666.377      41.729627      41.729627      41.729627      1.1863421      43.27391       394.89547      2462.1724    
    240000   240000         415.98309     -293.13622      23102.504      23415.169      7612.1548      15803.015      3610.7991      4592.1946      4276.8657      418.03621     -765.63773      11074.248     -7403.4915     -543.65685      73136.487      41.819423      41.819423      41.819423      1.1787165     -32.472248     -981.91543      134.979      
    241000   241000         419.73173     -758.07375      22748.157      23554.395      7680.7519      15873.643      3589.7083      4522.8569      4475.1254      437.59941     -820.06808      11078.457     -7410.0353     -545.23434      72924.886      41.779052      41.779052      41.779052      1.1821367     -1144.7621     -420.5581      -708.90104    
    242000   242000         417.73878     -673.01821      22972.905      23690.607      7644.2825      16046.324      3703.322       4646.489       4339.8055      433.6853      -752.60478      11079.162     -7403.5351     -543.77337      73120.815      41.816435      41.816435      41.816435      1.1789691     -850.63842     -690.43598     -477.98023    
    243000   243000         415.91218     -438.01074      23026.387      23494.456      7610.8572      15883.599      3710.2317      4667.7189      4198.9762      437.38688     -801.88415      11076.688     -7405.5183     -542.63709      73273.93       41.845603      41.845603      41.845603      1.1765055      1175.5254     -1352.0935     -1137.4641    
    244000   244000         431.25997     -491.04336      23306.604      23832.315      7891.7095      15940.606      3646.9869      4695.3226      4302.1969      438.89233     -804.46584      11066.242     -7404.5692     -541.63544      73409.435      41.871382      41.871382      41.871382      1.1743338     -264.67481      84.755386     -1293.2106    
    245000   245000         414.5411      -428.40179      23018.812      23477.208      7585.7675      15891.441      3637.3749      4588.1536      4308.3071      428.98271     -733.4095       11066.081     -7404.0489     -541.93282      73369.154      41.863722      41.863722      41.863722      1.1749786     -532.32429     -362.96721     -389.91388    
    246000   246000         425.44653     -287.14312      23464.387      23770.055      7785.3281      15984.727      3702.0242      4639.7858      4287.0433      432.28869     -729.50413      11060.973     -7407.8841     -544.73274      72992.037      41.791872      41.791872      41.791872      1.1810492     -1588.326       422.63694      304.25974    
    247000   247000         424.25341     -48.383821      23593.371      23644.861      7763.4949      15881.366      3603.8958      4561.7557      4386.917       436.6672      -770.77008      11069.635     -7406.7351     -544.90063      72969.547      41.78758       41.78758       41.78758       1.1814132     -969.5017       760.57064      63.779592    
    248000   248000         416.10316     -906.1705       22456.736      23425.507      7614.352       15811.155      3640.1022      4533.2665      4379.3361      412.70729     -835.07816      11084.97      -7404.149      -542.40497      73305.287      41.851571      41.851571      41.851571      1.1760023     -76.017562     -230.00321     -2412.4907    
    249000   249000         421.76248      159.02076      23881.159      23711.685      7717.913       15993.772      3641.3736      4740.7997      4260.7165      426.7279      -748.23473      11073.368     -7400.9794     -544.10979      73075.605      41.807815      41.807815      41.807815      1.1796985      870.4564       1150.5214     -1543.9155    
    250000   250000         422.51648      1006.9631      24614.471      23540.955      7731.7105      15809.245      3595.4551      4566.132       4351.3793      427.9439      -816.38347      11088.127     -7403.4093     -543.92649      73100.231      41.812511      41.812511      41.812511      1.1793011      1529.4971      474.07523      1017.3169    
Loop time of 494.295 on 1 procs for 250000 steps with 6140 atoms

Performance: 43.699 ns/day, 0.549 hours/ns, 505.771 timesteps/s, 3.105 Matom-step/s
100.0% CPU use with 1 MPI tasks x 1 OpenMP threads

MPI task timing breakdown:
Section |  min time  |  avg time  |  max time  |%varavg| %total
---------------------------------------------------------------
Pair    | 51.047     | 51.047     | 51.047     |   0.0 | 10.33
Bond    | 65.928     | 65.928     | 65.928     |   0.0 | 13.34
Kspace  | 236.13     | 236.13     | 236.13     |   0.0 | 47.77
Neigh   | 43.734     | 43.734     | 43.734     |   0.0 |  8.85
Comm    | 8.0675     | 8.0675     | 8.0675     |   0.0 |  1.63
Output  | 2.1326     | 2.1326     | 2.1326     |   0.0 |  0.43
Modify  | 77.343     | 77.343     | 77.343     |   0.0 | 15.65
Other   |            | 9.911      |            |       |  2.01

Nlocal:           6140 ave        6140 max        6140 min
Histogram: 1 0 0 0 0 0 0 0 0 0
Nghost:          16755 ave       16755 max       16755 min
Histogram: 1 0 0 0 0 0 0 0 0 0
Neighs:              0 ave           0 max           0 min
Histogram: 1 0 0 0 0 0 0 0 0 0
FullNghs:  3.28278e+06 ave 3.28278e+06 max 3.28278e+06 min
Histogram: 1 0 0 0 0 0 0 0 0 0

Total # of neighbors = 3282784
Ave neighs/atom = 534.65537
Ave special neighs/atom = 5.6319218
Neighbor list builds = 10280
Dangerous builds = 0

# --- Cleanup ---
unfix npt_fix

undump dump_npt

# --- Write Output ---
write_dump all custom cool_block_14_last.dump id type mol x y z xu yu zu vx vy vz modify sort id
write_data /home/alexzhao/PolyJarvis/data/PEEK_3/attempts/cooling/attempt-0001/work/cool_block_14/cool_block_14_out.data
System init for write_data ...
PPPM Kokkos initialization ...
  using 12-bit tables for long-range coulomb
  G vector (1/distance) = 0.30663842
  grid = 32 32 32
  stencil order = 5
  estimated absolute RMS force accuracy = 0.00038773239
  estimated relative force accuracy = 1.1676446e-06
  using double precision cuFFT
  3d grid and FFT values/proc = 59319 32768
Generated 21 of 21 mixed pair_coeff terms from sixthpower/sixthpower mixing rule
write_restart /home/alexzhao/PolyJarvis/data/PEEK_3/attempts/cooling/attempt-0001/work/cool_block_14/cool_block_14_out.restart
System init for write_restart ...
PPPM Kokkos initialization ...
  using 12-bit tables for long-range coulomb
  G vector (1/distance) = 0.30663842
  grid = 32 32 32
  stencil order = 5
  estimated absolute RMS force accuracy = 0.00038773239
  estimated relative force accuracy = 1.1676446e-06
  using double precision cuFFT
  3d grid and FFT values/proc = 59319 32768
Generated 21 of 21 mixed pair_coeff terms from sixthpower/sixthpower mixing rule

print "STAGE COMPLETE: NPT T=445.0->420.0K P=1.0->1.0atm steps=250000"
STAGE COMPLETE: NPT T=445.0->420.0K P=1.0->1.0atm steps=250000
quit
