units real
atom_style full
boundary p p p

# --- Force Field Styles ---
pair_style lj/class2/coul/long 9.5 9.5
kspace_style pppm 1e-6
dielectric 1.000000
bond_style class2
angle_style class2
dihedral_style class2
improper_style class2
special_bonds lj/coul 0 0 1
pair_modify mix sixthpower tail yes
neighbor 2.0 bin
neigh_modify delay 0 every 1 check yes
neigh_modify one 4000
# KOKKOS: package loaded via -pk kokkos on the command line

read_data /home/alexzhao/PolyJarvis/data/PEEK_2/attempts/cooling/attempt-0001/work/cool_block_14/cool_block_14_out.data
Reading data file ...
  orthogonal box = (4.5127242 4.5127242 4.5127242) to (46.225256 46.225256 46.225256)
  1 by 1 by 1 MPI processor grid
  reading atoms ...
  6140 atoms
  reading velocities ...
  6140 velocities
  scanning bonds ...
  3 = max bonds/atom
  scanning angles ...
  9 = max angles/atom
  scanning dihedrals ...
  18 = max dihedrals/atom
  scanning impropers ...
  4 = max impropers/atom
  orthogonal box = (4.5127242 4.5127242 4.5127242) to (46.225256 46.225256 46.225256)
  1 by 1 by 1 MPI processor grid
  reading bonds ...
  6670 bonds
  reading angles ...
  10620 angles
  reading dihedrals ...
  15820 dihedrals
  reading impropers ...
  3420 impropers
Finding 1-2 1-3 1-4 neighbors ...
  special bond factors lj:    0        0        1       
  special bond factors coul:  0        0        1       
     3 = max # of 1-2 neighbors
     6 = max # of 1-3 neighbors
     9 = max # of special neighbors
  special bonds CPU = 0.003 seconds
  read_data CPU = 0.191 seconds


# --- Thermo Output ---
thermo_style custom step time temp press enthalpy etotal ke pe ebond eangle edihed eimp evdwl ecoul elong etail vol lx ly lz density pxx pyy pzz
thermo_modify flush yes
thermo 1000

# --- Trajectory ---
dump dump_npt all custom 1000 cool_block_15.dump id type mol x y z ix iy iz vx vy vz


# --- Restart Checkpointing ---
restart 10000 npt_1.rst npt_2.rst

# --- Initial Velocities (optional) ---
# Velocities read from data file

# --- SHAKE Constraints ---
# SHAKE disabled

# --- NPT Thermostat + Barostat (Nose-Hoover) ---
# T_damp = 100.0 fs  (heat bath coupling)
# P_damp = 1000.0 fs  (pressure bath coupling, ~10x T_damp typical)
# Ramp: T=420.0->395.0K  P=1.0->1.0atm
timestep 1.0
fix npt_fix all npt temp 420.0 395.0 100.0 iso 1.0 1.0 1000.0

run 250000
PPPM Kokkos initialization ...
  using 12-bit tables for long-range coulomb
  G vector (1/distance) = 0.30681788
  grid = 32 32 32
  stencil order = 5
  estimated absolute RMS force accuracy = 0.00038505157
  estimated relative force accuracy = 1.1595714e-06
  using double precision cuFFT
  3d grid and FFT values/proc = 59319 32768
Generated 21 of 21 mixed pair_coeff terms from sixthpower/sixthpower mixing rule
Neighbor list info ...
  update: every = 1 steps, delay = 0 steps, check = yes
  max neighbors/atom: 4000, page size: 100000
  master list distance cutoff = 11.5
  ghost atom cutoff = 11.5
  binsize = 11.5, bins = 4 4 4
  1 neighbor lists, perpetual/occasional/extra = 1 0 0
  (1) pair lj/class2/coul/long/kk, perpetual
      attributes: full, newton off, kokkos_device
      pair build: full/bin/kk/device
      stencil: full/bin/3d
      bin: kk/device
Per MPI rank memory allocation (min/avg/max) = 28.85 | 28.85 | 28.85 Mbytes
   Step          Time           Temp          Press         Enthalpy        TotEng         KinEng         PotEng         E_bond        E_angle        E_dihed        E_impro         E_vdwl         E_coul         E_long         E_tail         Volume           Lx             Ly             Lz          Density          Pxx            Pyy            Pzz      
         0   0              430.00882      1275.3166      25148.841      23798.966      7868.8144      15930.152      3695.0227      4638.4657      4210.1338      428.74606     -735.96053      11104.34      -7410.5963     -547.84702      72577.108      41.712532      41.712532      41.712532      1.1878013      1869.8679      838.26785      1117.814     
      1000   1000           412.18507     -1040.2476      22414.649      23527.718      7542.6541      15985.064      3634.5294      4611.6993      4388.0801      433.16984     -758.21141      11089.968     -7414.1713     -541.938        73368.452      41.863588      41.863588      41.863588      1.1749898     -1968.995      -554.70659     -597.04118    
      2000   2000           429.02844     -1442.4475      22306.501      23841.528      7850.8742      15990.653      3661.5788      4644.6049      4309.8171      439.08787     -719.79027      11071.372     -7416.0171     -544.90259      72969.284      41.787529      41.787529      41.787529      1.1814174     -3737.0396     -929.26193      338.95904    
      3000   3000           418.43385      838.24975      24426.677      23526.804      7657.0018      15869.802      3753.9433      4650.2385      4088.8765      400.02693     -701.41753      11090.549     -7412.4146     -540.1656       73609.189      41.909326      41.909326      41.909326      1.171147       1920.2539     -1572.0159      2166.5112    
      4000   4000           423.46465     -343.93021      23280.893      23650.537      7749.0613      15901.475      3550.7502      4668.8353      4345.3153      449.41304     -789.28181      11094.016     -7417.5729     -539.53702      73694.946      41.925595      41.925595      41.925595      1.1697842      1352.2893     -505.42444     -1878.6555    
      5000   5000           417.29592     -1030.7689      22319.771      23410.893      7636.1785      15774.715      3590.3961      4516.9789      4319.4893      413.45254     -740.52067      11091.206     -7416.2878     -547.80087      72583.222      41.713703      41.713703      41.713703      1.1877012     -1939.0919     -2884.8239      1731.6092    
      6000   6000           421.79635      764.89351      24468.948      23655.708      7718.5328      15937.176      3712.0612      4657.127       4158.5528      412.97193     -674.71655      11088.151     -7416.9713     -545.40265      72902.381      41.774754      41.774754      41.774754      1.1825016      952.73733     -369.6743       1711.6175    
      7000   7000           412.76866     -1103.5205      22328.204      23504.968      7553.3333      15951.635      3629.1706      4706.9972      4285.8344      425.85009     -764.54531      11083.151     -7414.823      -543.78354      73119.447      41.816174      41.816174      41.816174      1.1789912     -2957.3832     -459.90924      106.73091    
      8000   8000           420.26999     -1530.4416      22040.587      23669.538      7690.6015      15978.937      3604.6442      4667.6796      4349.6384      415.29477     -729.55501      11085.736     -7414.5009     -544.80797      72981.957      41.789948      41.789948      41.789948      1.1812123     -2025.0686     -1852.4566     -713.79972    
      9000   9000           422.8552       393.5302       24062.854      23646.426      7737.9089      15908.517      3531.2315      4763.3051      4279.1037      416.46118     -764.37771      11093.123     -7410.33       -547.98969      72558.211      41.708911      41.708911      41.708911      1.1881106      974.74806     -94.981197      300.82374    
     10000   10000          416.65701      696.44623      24258.833      23514.541      7624.487       15890.054      3583.4312      4727.3886      4249.058       422.89453     -789.36014      11104.928     -7408.286      -542.59881      73279.1        41.846587      41.846587      41.846587      1.1764225      494.27657      1554.5283      40.533779    
     11000   11000          422.65357     -2069.8847      21440.145      23655          7734.2193      15920.781      3519.4352      4643.9513      4374.2929      434.62388     -750.16675      11110.596     -7411.9517     -541.92076      73370.786      41.864032      41.864032      41.864032      1.1749524     -3613.9056     -1030.1742     -1565.5742    
     12000   12000          418.73725     -860.54346      22629.223      23540.635      7662.5537      15878.081      3686.6238      4615.1349      4213.949       447.56452     -774.63745      11103.69      -7414.2434     -547.51106      72621.642      41.721062      41.721062      41.721062      1.1870729     -630.86939     -2377.6468      426.88579    
     13000   13000          414.39732     -202.12196      23209.801      23426.16       7583.1365      15843.024      3626.1701      4658.7999      4185.6461      426.32859     -742.21901      11100.984     -7412.6862     -541.71831      73398.206      41.869247      41.869247      41.869247      1.1745135     -1587.9956     -13.181964      994.8117     
     14000   14000          426.77516      153.02829      24032.969      23868.594      7809.6411      16058.952      3639.68        4643.7326      4340.878       452.75308     -683.91969      11081.14      -7415.3115     -539.84472      73652.943      41.917628      41.917628      41.917628      1.1704513      1692.4322      123.49823     -1356.8456    
     15000   15000          415.43569     -708.76688      22695.319      23450.047      7602.1378      15847.909      3589.3933      4714.502       4250.5763      418.57785     -789.35298      11076.652     -7412.4394     -544.56303      73014.784      41.796213      41.796213      41.796213      1.1806812     -302.79504     -987.30288     -836.20273    
     16000   16000          422.53986     -451.56017      23136.624      23620.87       7732.1383      15888.732      3672.7714      4578.4135      4269.6805      433.39003     -744.68858      11095.426     -7416.2611     -540.73535      73531.63       41.894602      41.894602      41.894602      1.1723823     -1945.2899     -972.49627      1563.1057    
     17000   17000          418.23149     -676.19183      22715.769      23433.738      7653.2988      15780.439      3556.2807      4649.0013      4234.8921      421.0936      -756.37258      11087.981     -7412.437      -546.13338      72804.837      41.756114      41.756114      41.756114      1.1840859      1033.2891     -1430.8962     -1630.9684    
     18000   18000          426.53115      744.32716      24464.203      23672.47       7805.1758      15867.294      3651.9345      4639.8341      4224.0135      427.02839     -750.97365      11087.982     -7412.5248     -545.15473      72935.535      41.781086      41.781086      41.781086      1.1819641     -782.14934      2765.8103      249.32056    
     19000   19000          421.77822      1189.6649      24791.627      23527.687      7718.2009      15809.486      3679.1873      4663.0418      4120.2833      424.78314     -761.68622      11094.487     -7410.6105     -545.7993       72849.4        41.764632      41.764632      41.764632      1.1833616      1114.9682      692.17013      1761.8565    
     20000   20000          413.65443     -216.17839      23109.558      23339.635      7569.5422      15770.093      3584.7813      4630.8843      4218.2247      421.06798     -753.08199      11082.641     -7414.4239     -544.84447      72977.068      41.789015      41.789015      41.789015      1.1812914      1277.7806     -1614.0917     -312.22407    
     21000   21000          424.6181      -1219.4455      22167.849      23459.229      7770.1686      15689.061      3521.2909      4549.154       4287.5797      407.71306     -754.31918      11092.146     -7414.5034     -547.57449      72613.229      41.719451      41.719451      41.719451      1.1872104     -442.31495     -2218.9188     -997.10268    
     22000   22000          419.984       -868.56482      22542.902      23467.617      7685.3682      15782.248      3599.5611      4588.9981      4219.9759      416.8161      -723.90182      11093.873     -7413.0741     -544.6648       73001.141      41.79361       41.79361       41.79361       1.1809019     -1000.6878     -1273.7381     -331.26855    
     23000   23000          417.13815      364.99886      23802.12       23414.993      7633.2915      15781.702      3647.1273      4602.4437      4207.8282      411.25599     -761.98609      11089.408     -7414.3749     -546.73026      72725.355      41.740914      41.740914      41.740914      1.18538        154.0912      -1729.0579      2669.9633    
     24000   24000          417.57015     -1134.2798      22204.488      23418.417      7641.1968      15777.221      3612.3285      4623.9349      4243.1544      413.6095      -786.76485      11084.474     -7413.5163     -541.82832      73383.304      41.866413      41.866413      41.866413      1.174752      -1214.7913     -1466.8371     -721.21101    
     25000   25000          413.88        -2744.2853      20359.896      23285.749      7573.6699      15712.079      3541.5055      4595.5103      4312.8224      405.74241     -829.2753       11093.704     -7407.9298     -543.89055      73105.061      41.813432      41.813432      41.813432      1.1792232     -4282.7989     -1817.301      -2132.756     
     26000   26000          417.52664     -106.18477      23344.532      23457.184      7640.4005      15816.783      3546.6893      4647.6729      4312.3299      427.87635     -806.65303      11104.702     -7415.8344     -546.5839       72744.828      41.744639      41.744639      41.744639      1.1850627     -2378.3272      2720.969      -661.19612    
     27000   27000          417.03603      1593.0888      25143.51       23445.517      7631.4228      15814.094      3709.3633      4683.1757      4056.9474      421.59668     -751.26296      11106.039     -7411.765      -544.05024      73083.604      41.809341      41.809341      41.809341      1.1795694      1570.5141      1063.9538      2144.7985    
     28000   28000          409.45498     -1174.6091      22063.728      23319.108      7492.6957      15826.412      3591.6658      4670.9852      4235.9472      411.30049     -754.69745      11084.7       -7413.4897     -542.5668       73283.422      41.84741       41.84741       41.84741       1.1763531     -3968.8482      1427.749      -982.72823    
     29000   29000          425.03272     -821.95301      22670.254      23545.908      7777.7558      15768.153      3689.1319      4577.3274      4228.6429      410.40623     -801.43575      11078.314     -7414.2338     -544.31334      73048.278      41.802603      41.802603      41.802603      1.1801398     -1446.6301     -914.48538     -104.74361    
     30000   30000          415.63552      480.80932      23976.937      23466.335      7605.7946      15860.54       3684.8317      4666.2276      4170.5515      425.02284     -780.87885      11106.49      -7411.7043     -546.04137      72817.106      41.75846       41.75846       41.75846       1.1838864     -1190.9284      2092.7142      540.64209    
     31000   31000          410.78065      1577.3806      24915.287      23238.221      7516.9543      15721.267      3591.3406      4639.2772      4069.1909      421.79597     -666.46925      11076.463     -7410.3311     -545.40757      72901.724      41.774629      41.774629      41.774629      1.1825123      784.74288      1259.9984      2687.4006    
     32000   32000          411.64153     -110.97897      23249.443      23367.963      7532.7078      15835.255      3554.8652      4725.8588      4208.8683      420.05612     -753.80764      11092.833     -7413.4184     -542.97949      73227.723      41.836805      41.836805      41.836805      1.1772479      826.97952     -558.36394     -601.55249    
     33000   33000          417.24403     -1141.02        22301.033      23517.283      7635.229       15882.054      3609.7689      4674.218       4270.5574      399.29909     -751.91537      11094.036     -7413.9107     -544.00817      73089.256      41.810418      41.810418      41.810418      1.1794782     -1483.1249     -1198.0546     -741.88036    
     34000   34000          415.12871     -346.44406      23070.642      23440.553      7596.5203      15844.033      3594.059       4606.6433      4305.3303      412.67682     -757.93414      11099.165     -7415.9078     -543.08838      73213.042      41.834009      41.834009      41.834009      1.177484       614.98543     -223.17551     -1431.1421    
     35000   35000          417.4914      -844.26808      22500.512      23399.404      7639.7556      15759.648      3608.7776      4561.984       4292.125       416.22391     -792.01356      11084.973     -7412.4223     -544.63768      73004.777      41.794304      41.794304      41.794304      1.180843      -464.15006     -1606.3248     -462.32941    
     36000   36000          413.87873      662.98271      24323.944      23614.617      7573.6468      16040.971      3660.8956      4735.2308      4241.206       423.6685      -701.08171      11097.647     -7416.5954     -541.98944      73361.488      41.862264      41.862264      41.862264      1.1751013      1808.7833     -1081.4176      1261.5824    
     37000   37000          411.78489      97.734893      23449.793      23344.739      7535.3311      15809.408      3584.3451      4548.491       4228.144       420.85068     -652.14628      11092.214     -7412.4897     -539.47555      73703.344      41.927188      41.927188      41.927188      1.1696509      525.04044     -131.75114     -100.08462    
     38000   38000          417.01398      366.89011      23779.212      23388.364      7631.0193      15757.344      3601.2319      4605.9821      4187.6097      431.65363     -734.90119      11080.723     -7414.9548     -544.33096      73045.914      41.802152      41.802152      41.802152      1.180178      -425.89163      90.833952      1435.728     
     39000   39000          421.51427      1142.2454      24727.169      23507.47       7713.3709      15794.099      3688.8107      4592.4085      4134.7518      431.01496     -723.05053      11083.029     -7412.8654     -543.05227      73217.91       41.834936      41.834936      41.834936      1.1774057      544.60503      1772.2047      1109.9264    
     40000   40000          424.33891     -340.10072      23366.409      23731.397      7765.0596      15966.337      3767.3904      4669.6108      4144.7705      405.59958     -704.83018      11096.864     -7413.0685     -540.33612      73585.96       41.904917      41.904917      41.904917      1.1715167     -1150.1418      543.30739     -413.4678     
     41000   41000          412.34097     -164.91526      23163.15       23339.478      7545.5069      15793.971      3556.9464      4666.5123      4240.5793      419.13026     -754.3877       11078.725     -7413.535      -542.34357      73313.586      41.85315       41.85315       41.85315       1.1758691     -1341.9341      693.99249      153.19585    
     42000   42000          420.82344     -1373.3238      22040.781      23504.156      7700.7293      15803.426      3547.9294      4723.5269      4214.9826      444.46002     -807.40324      11091.269     -7411.3385     -544.19218      73064.542      41.805705      41.805705      41.805705      1.1798771     -2275.1084     -183.6133      -1661.2497    
     43000   43000          415.13607     -230.19919      23121.433      23367.318      7596.6551      15770.663      3628.7853      4532.008       4189.8123      413.99087     -675.08773      11096.045     -7414.8904     -542.88329      73240.7        41.839276      41.839276      41.839276      1.1770393     -840.49623     -250.95089      400.84957    
     44000   44000          418.62454      293.98227      23739.825      23426.402      7660.4912      15765.911      3562.3034      4618.3897      4221.0826      428.53917     -741.08491      11092.04      -7415.3591     -543.90768      73102.759      41.812993      41.812993      41.812993      1.1792603      271.6731      -445.81394      1056.0876    
     45000   45000          421.24953     -1722.0506      21799.258      23630.218      7708.5265      15921.692      3654.1426      4571.0393      4378.496       404.72568     -774.605        11101.086     -7413.1935     -545.3834       72904.954      41.775246      41.775246      41.775246      1.1824599     -2691.4064     -1958.6265     -516.11891    
     46000   46000          415.93425      553.81266      23984.796      23396.807      7611.2611      15785.546      3582.5967      4630.4765      4196.1081      422.50665     -735.555        11100.402     -7410.9888     -546.17069      72799.864      41.755164      41.755164      41.755164      1.1841668      606.6116       503.06376      551.7626     
     47000   47000          415.7141      -293.52334      23106.949      23422.436      7607.2325      15815.204      3659.7908      4527.0125      4258.1582      407.35689     -725.338        11101.865     -7413.6415     -539.50475      73699.355      41.926431      41.926431      41.926431      1.1697142     -1079.1298     -382.66861      581.22835    
     48000   48000          417.59429     -1220.3797      22112.874      23422.477      7641.6384      15780.839      3626.6448      4531.9847      4280.8872      409.81483     -747.97688      11093.058     -7413.5741     -540.36864      73581.532      41.904077      41.904077      41.904077      1.1715872     -2998.9005     -19.873025     -642.36562    
     49000   49000          417.32526     -1419.469       21897.929      23413.144      7636.7155      15776.429      3600.6187      4527.0016      4318.7489      424.60501     -755.68847      11075.961     -7414.8177     -543.23318      73193.526      41.830291      41.830291      41.830291      1.1777979     -2323.5446     -2145.6863      210.82392    
     50000   50000          419.56142      1400.6716      24978.342      23476.242      7677.6354      15798.607      3622.9314      4693.9777      4074.6926      417.77543     -705.37922      11100.539     -7405.9299     -540.71995      73533.725      41.895         41.895         41.895         1.1723489      1506.6263      464.02446      2231.3641    
     51000   51000          417.96607     -1336.1826      21941.964      23376.53       7648.4418      15728.089      3456.4091      4686.1722      4217.7819      427.16368     -727.50766      11081.79      -7413.721      -540.10727      73617.139      41.910835      41.910835      41.910835      1.1710206     -2820.2525     -738.72178     -449.57342    
     52000   52000          411.84161     -224.68224      23055.127      23294.668      7536.3691      15758.299      3640.119       4624.3003      4190.6524      411.04333     -815.90306      11118.382     -7410.2957     -543.90646      73102.922      41.813024      41.813024      41.813024      1.1792577     -870.41286     -1003.384       1199.7501    
     53000   53000          414.35733     -1211.0053      22224.175      23517.105      7582.4047      15934.7        3600.4808      4562.9273      4409.8302      418.98999     -747.02587      11102.205     -7412.7075     -543.13278      73207.056      41.832869      41.832869      41.832869      1.1775802     -685.5928      -279.57014     -2667.8531    
     54000   54000          410.8345       1175.7689      24488.691      23239.14       7517.9398      15721.2        3569.6041      4563.9007      4182.5832      415.38558     -702.4573       11102.684     -7410.5004     -545.63586      72871.223      41.768802      41.768802      41.768802      1.1830072      918.4973       898.71317      1710.0963    
     55000   55000          415.82527     -1422.0988      21996.881      23512.003      7609.2669      15902.736      3634.2648      4747.9425      4224.3642      398.05444     -776.3451       11088.678     -7414.2234     -544.27352      73053.622      41.803623      41.803623      41.803623      1.1800535     -2582.5845     -1850.3303      166.61843    
     56000   56000          412.53156     -926.64285      22340.596      23325.819      7548.9946      15776.824      3621.7968      4518.6519      4392.397       419.09007     -852.81524      11093.758     -7416.0541     -545.39711      72903.122      41.774896      41.774896      41.774896      1.1824896     -1014.5418     -37.407959     -1727.9788    
     57000   57000          414.31797     -409.90109      22952.698      23387.985      7581.6844      15806.3        3651.1811      4652.1296      4148.6407      433.68033     -773.01903      11104.906     -7411.218      -546.05824      72814.855      41.75803       41.75803       41.75803       1.183923       283.15417     -319.40821     -1193.4492    
     58000   58000          416.88476      103.71528      23434.314      23323.928      7628.6547      15695.273      3639.3555      4555.334       4185.1871      396.36588     -753.07622      11089.914     -7417.8078     -544.83261      72978.657      41.789319      41.789319      41.789319      1.1812657     -662.87884     -102.51992      1076.5446    
     59000   59000          411.77676      1275.5688      24628.568      23270.199      7535.1823      15735.017      3593.9839      4574.6487      4229.9067      422.69811     -761.24938      11090.125     -7415.0964     -544.5289       73019.36       41.797086      41.797086      41.797086      1.1806072      392.79698      171.10058      3262.8087    
     60000   60000          413.94997      2237.7091      25586.166      23218.148      7574.9504      15643.198      3560.0069      4564.0816      4165.9373      418.25619     -739.07727      11091.117     -7417.1244     -547.96585      72561.368      41.709516      41.709516      41.709516      1.1880589      2114.3108      916.76201      3682.0545    
     61000   61000          414.84414      1684.2204      25180.912      23391.133      7591.3129      15799.82       3661.1236      4627.2957      4141.3549      423.07214     -743.66157      11102.736     -7412.1        -545.67546      72865.934      41.767792      41.767792      41.767792      1.1830931      2225.6825      1592.8581      1234.1205    
     62000   62000          421.69817      555.28612      24026.105      23436.176      7716.7362      15719.44       3558.1491      4622.1048      4193.8653      422.37277     -757.69273      11092.341     -7411.7003     -545.82336      72846.19       41.764019      41.764019      41.764019      1.1834138      774.85827      400.3484       490.65168    
     63000   63000          416.13125      754.04664      24164.923      23363.631      7614.8661      15748.765      3625.6222      4604.1301      4177.8505      422.31187     -763.41051      11094.653     -7412.3922     -545.68551      72864.592      41.767535      41.767535      41.767535      1.1831149     -603.87339      2526.2204      339.79293    
     64000   64000          407.03264      1062.1418      24392.194      23259.871      7448.3689      15811.502      3663.7908      4610.7738      4122.1305      432.5141      -719.33331      11109.185     -7407.5589     -543.93522      73099.058      41.812287      41.812287      41.812287      1.17932        1364.7537      1326.3023      495.36954    
     65000   65000          411.42615     -175.89629      23042.918      23231.461      7528.7664      15702.695      3586.5385      4585.8805      4188.8998      411.7492      -759.05233      11100.235     -7411.5555     -540.98062      73498.293      41.888269      41.888269      41.888269      1.1729141      180.86453     -767.61994      59.066549    
     66000   66000          412.95917      685.76026      24277.642      23548.252      7556.8195      15991.432      3723.1433      4617.5699      4266.8891      434.94638     -720.89983      11087.003     -7417.2191     -545.18931      72930.909      41.780203      41.780203      41.780203      1.1820391      2145.6078     -813.7663       725.43929    
     67000   67000          415.78877     -362.55778      22825.417      23209.899      7608.599       15601.3        3510.2367      4640.2338      4145.0335      412.49001     -779.731        11086.112     -7413.0747     -546.8088       72714.909      41.738915      41.738915      41.738915      1.1855503     -451.41832     -545.47181     -90.783203    
     68000   68000          415.75209      315.21796      23791.599      23455.782      7607.9278      15847.854      3742.0864      4546.6663      4176.4346      430.02064     -726.25801      11088.051     -7409.1467     -544.30652      73049.193      41.802778      41.802778      41.802778      1.1801251      1132.0536     -4.824339      -181.57541    
     69000   69000          416.2158      -51.274198      23293.99       23348.851      7616.4132      15732.438      3561.2133      4641.4439      4201.1641      423.61408     -773.87838      11092.052     -7413.1716     -541.96681      73364.552      41.862847      41.862847      41.862847      1.1750523     -235.01359      510.23986     -429.04887    
     70000   70000          414.46698     -588.6494       22687.344      23315.082      7584.4113      15730.671      3673.5543      4520.4894      4237.5165      426.48403     -807.15878      11090.331     -7410.5461     -543.7672       73121.644      41.816593      41.816593      41.816593      1.1789558     -1396.8222     -1359.8304      990.70436    
     71000   71000          417.39041     -196.83088      23189.569      23398.692      7637.9077      15760.784      3644.6058      4507.8769      4286.7991      413.30197     -749.9137       11070.19      -7412.0758     -545.7913       72850.468      41.764836      41.764836      41.764836      1.1833443     -1904.6035      583.19724      730.91362    
     72000   72000          408.84271     -494.11359      22675.571      23202.075      7481.4916      15720.583      3631.8545      4580.246       4156.8808      411.2382      -730.84594      11087.773     -7416.5627     -544.20182      73063.247      41.805458      41.805458      41.805458      1.1798981      202.65027     -717.40967     -967.58138    
     73000   73000          411.55255      416.28149      23679.204      23238.018      7531.0795      15706.938      3579.3472      4607.4382      4192.7896      423.05736     -772.07802      11090.011     -7413.6271     -547.14203      72670.622      41.73044       41.73044       41.73044       1.1862728     -19.898644     -112.40225      1381.1454    
     74000   74000          416.25967      911.44151      24312.519      23347.267      7617.216       15730.051      3577.6083      4690.9315      4153.1147      413.71787     -786.43904      11089.344     -7408.2267     -547.54891      72616.622      41.720101      41.720101      41.720101      1.187155       296.05692      89.275836      2348.9918    
     75000   75000          410.01815     -767.04865      22422.385      23243.025      7503.0012      15740.023      3523.8251      4685.7787      4162.8113      431.59445     -736.80239      11086.173     -7413.3567     -542.00779      73359.004      41.861791      41.861791      41.861791      1.1751411     -1227.9933     -171.42582     -901.72685    
     76000   76000          421.59631      948.96197      24443.159      23430.044      7714.8722      15715.172      3653.1576      4546.3912      4160.9606      427.17496     -755.59427      11094.054     -7410.9718     -543.15646      73203.864      41.832261      41.832261      41.832261      1.1776316      76.986518      910.73101      1859.1684    
     77000   77000          418.93199      2260.0963      25831.42       23424.962      7666.1173      15758.845      3640.038       4709.2888      4076.9318      405.96006     -747.64249      11086.245     -7411.9761     -544.60741      73008.834      41.795078      41.795078      41.795078      1.1807774      768.67838      2013.8028      3997.8078    
     78000   78000          412.89169      247.8332       23441.531      23178.35       7555.5847      15622.766      3534.91        4605.3819      4172.7219      422.91425     -787.37002      11085.393     -7411.1856     -546.05986      72814.639      41.757988      41.757988      41.757988      1.1839265      2212.1509     -1852.3055      383.65427    
     79000   79000          415.21814      552.28926      23972.573      23385.13       7598.1569      15786.974      3589.1544      4619.013       4213.1529      409.49052     -740.72094      11107.841     -7410.9572     -545.17532      72932.781      41.78056       41.78056       41.78056       1.1820087      790.83443     -1287.5095      2153.5428    
     80000   80000          417.82473     -249.53436      23151.676      23417.375      7645.8554      15771.52       3696.0958      4536.0267      4185.8246      421.74545     -761.76358      11109.266     -7415.6748     -544.59599      73010.365      41.79537       41.79537       41.79537       1.1807527     -147.47841      753.06647     -1354.1912    
     81000   81000          411.51279      241.40392      23610.116      23352.791      7530.3519      15822.439      3700.9867      4581.6354      4181.6447      404.07046     -727.64813      11095.115     -7413.3643     -543.9976       73090.676      41.810689      41.810689      41.810689      1.1794553     -923.85664      536.74598      1111.3224    
     82000   82000          412.32129      1287.5544      24720.886      23346.531      7545.1468      15801.384      3608.0124      4734.6736      4122.2461      408.75563     -749.72517      11092.847     -7415.425      -543.25234      73190.945      41.8298        41.8298        41.8298        1.1778395     -434.25766      434.94933      3861.9715    
     83000   83000          403.55572      1227.7926      24346.628      23038.625      7384.744       15653.881      3477.5717      4625.1068      4200.4093      409.16324     -748.6923       11101.934     -7411.6115     -544.31637      73047.871      41.802526      41.802526      41.802526      1.1801464      1128.72        1418.5844      1136.0734    
     84000   84000          406.07838      980.3869       24343.132      23301.334      7430.9065      15870.428      3642.0065      4608.7329      4264.1619      426.07834     -760.29444      11101.465     -7411.7226     -545.69367      72863.503      41.767327      41.767327      41.767327      1.1831326      1190.542      -360.95752      2111.5762    
     85000   85000          415.21252     -114.30465      23349.867      23472.42       7598.0541      15874.366      3733.6002      4522.1769      4237.2318      406.83475     -697.44316      11086.407     -7414.4408     -540.84564      73516.636      41.891754      41.891754      41.891754      1.1726214     -640.72944      1052.1755     -754.35997    
     86000   86000          409.32393      281.98676      23484.738      23185.033      7490.2976      15694.735      3593.9336      4546.9621      4180.373       408.92548     -719.62775      11096.164     -7411.995      -545.59387      72876.83       41.769873      41.769873      41.769873      1.1829162     -975.33872      265.33611      1555.9629    
     87000   87000          410.41423      318.42403      23547.119      23208.232      7510.2492      15697.982      3561.4947      4654.0044      4188.4993      400.11481     -776.99221      11080.148     -7409.2867     -544.86064      72974.903      41.788602      41.788602      41.788602      1.1813265     -168.9452       1142.068      -17.850762    
     88000   88000          410.71094     -865.89101      22315.943      23241.506      7515.6787      15725.827      3529.0206      4613.1042      4233.3596      400.73103     -726.80738      11089.279     -7412.8593     -542.49037      73293.747      41.849375      41.849375      41.849375      1.1761874      379.42516     -1498.0404     -1479.0578    
     89000   89000          412.63135     -1321.4948      21798.985      23219.914      7550.8207      15669.094      3473.8962      4559.1207      4287.9595      427.6989      -776.58283      11109.226     -7412.225      -539.29686      73727.765      41.931818      41.931818      41.931818      1.1692635     -560.50907     -1178.8569     -2225.1185    
     90000   90000          419.09789     -1802.1962      21374.764      23305.167      7669.153       15636.014      3546.3172      4552.5154      4234.5607      414.2306      -788.88999      11092.569     -7415.289      -541.36335      73446.331      41.878396      41.878396      41.878396      1.1737439     -501.87562     -3490.8615     -1413.8515    
     91000   91000          420.15031      891.97974      24403.079      23447.371      7688.4115      15758.959      3658.7487      4543.5446      4178.5344      405.12905     -712.70813      11096.687     -7410.9763     -541.20853      73467.342      41.882389      41.882389      41.882389      1.1734082      2017.8886      380.39503      277.65563    
     92000   92000          410.7927      -65.378541      23122.425      23192.215      7517.1748      15675.04       3588.7966      4627.4262      4139.5317      405.75293     -756.69512      11081.382     -7411.1539     -543.21739      73195.654      41.830697      41.830697      41.830697      1.1777637     -1503.9615      165.01469      1142.8112    
     93000   93000          411.33045     -436.66908      22787.852      23253.902      7527.0152      15726.887      3548.7846      4613.612       4192.1247      421.63762     -718.69092      11083.796     -7414.3768     -543.31842      73182.043      41.828104      41.828104      41.828104      1.1779827     -938.42358     -1513.7455      1142.1618    
     94000   94000          415.14382     -905.78812      22284.985      23245.962      7596.7968      15649.165      3556.3274      4554.8746      4254.3568      391.47738     -785.26759      11086.797     -7409.4011     -546.57344      72746.221      41.744905      41.744905      41.744905      1.18504       -791.01587     -1540.3171     -386.03139    
     95000   95000          406.12473      1666.7235      24834.242      23051.901      7431.7548      15620.146      3545.2341      4601.4362      4099.8763      400.86707     -699.58244      11085.188     -7412.8735     -542.25977      73324.916      41.855306      41.855306      41.855306      1.1756874      1395.1184      2082.7719      1522.2801    
     96000   96000          411.16678     -999.63069      22167.463      23234.896      7524.0202      15710.876      3552.4429      4586.6561      4202.8848      403.04315     -718.04536      11094.719     -7410.8247     -543.04229      73219.255      41.835192      41.835192      41.835192      1.1773841     -74.451741     -2383.3632     -541.07714    
     97000   97000          410.37257     -2065.5637      21054.917      23265.779      7509.4868      15756.292      3585.6667      4568.4204      4255.204       406.86522     -732.4967       11083.136     -7410.5031     -541.76619      73391.72       41.868013      41.868013      41.868013      1.1746173     -1302.3172     -1518.4408     -3375.933     
     98000   98000          403.5084       1151.4802      24197.09       22969.72       7383.878       15585.842      3500.755       4610.3108      4137.9077      408.75198     -737.09886      11074.713     -7409.4977     -544.02095      73087.538      41.810091      41.810091      41.810091      1.1795059      2036.4372      1309.9569      108.04648    
     99000   99000          407.06276      2014.8899      25407.066      23258.835      7448.9199      15809.915      3574.4934      4607.1198      4169.0757      414.09936     -656.64366      11116.102     -7414.3311     -543.88281      73106.102      41.81363       41.81363       41.81363       1.1792064      3679.4994     -71.960524      2437.1309    
    100000   100000         406.49254      173.56856      23216.204      23031.708      7438.4854      15593.223      3497.684       4547.4247      4177.859       412.38829     -743.73827      11106.242     -7404.637      -545.53205      72885.089      41.771451      41.771451      41.771451      1.1827822     -130.53889     -541.71105      1192.9556    
    101000   101000         411.67177      1486.7866      24846.371      23259.212      7533.2611      15725.951      3470.8028      4658.875       4182.611       438.74171     -720.95616      11104.785     -7408.9086     -543.2042       73197.431      41.831035      41.831035      41.831035      1.1777351      1440.8609      945.6804       2073.8186    
    102000   102000         408.13823     -688.79616      22439.993      23171.518      7468.6001      15702.918      3485.3802      4627.961       4261.9704      412.40409     -754.61264      11082.675     -7412.8598     -546.0047       72821.996      41.759395      41.759395      41.759395      1.1838069     -874.97744      441.36101     -1632.7721    
    103000   103000         403.29956     -1190.0812      21795.868      23066.732      7380.0565      15686.676      3501.2376      4567.7132      4306.1174      415.7658      -790.16202      11098.879     -7412.8754     -543.01534      73222.89       41.835884      41.835884      41.835884      1.1773256     -871.11966     -986.29425     -1712.8296    
    104000   104000         408.85277     -658.50552      22534.197      23237.213      7481.6756      15755.537      3631.4905      4661.3194      4178.0553      414.59183     -818.22018      11098.981     -7410.6804     -543.16139      73203.2        41.832134      41.832134      41.832134      1.1776423     -524.77902     -2951.0049      1500.2674    
    105000   105000         408.15997      957.75571      24070.062      23046.745      7468.998       15577.747      3515.2215      4564.2638      4130.8447      394.6919      -715.35012      11099.562     -7411.4867     -542.72488      73262.076      41.843346      41.843346      41.843346      1.1766959      1265.7679      1826.9156     -219.41637    
    106000   106000         415.33928      36.164266      23287.848      23249.426      7600.3737      15649.052      3535.4705      4565.383       4258.609       410.73548     -802.63395      11099.6       -7418.1118     -545.80436      72848.726      41.764503      41.764503      41.764503      1.1833726     -1578.8137      2371.3427     -684.03627    
    107000   107000         407.23856      491.42319      23943.513      23419.043      7452.1369      15966.906      3713.7837      4619.6016      4219.0341      428.08629     -699.03492      11102.783     -7417.3479     -543.33824      73179.373      41.827595      41.827595      41.827595      1.1780257      2195.2414     -17.450168     -703.52166    
    108000   108000         403.54834      598.2703       23715.393      23082.086      7384.6089      15697.477      3572.9681      4480.9233      4311.8501      415.7079      -759.52845      11090.814     -7415.2578     -547.79526      72583.965      41.713846      41.713846      41.713846      1.1876891      817.65823     -633.35749      1610.5102    
    109000   109000         411.82974     -0.62187273     23162.159      23162.82       7536.1519      15626.669      3529.8725      4677.3172      4146.5643      380.76273     -778.14069      11085.101     -7414.8081     -545.34698      72909.823      41.776176      41.776176      41.776176      1.1823809     -1536.9662      1053.6573      481.44333    
    110000   110000         398.59907     -604.76237      22338.573      22981.928      7294.0413      15687.886      3609.2652      4510.2879      4223.192       423.42774     -751.94373      11086.968     -7413.3113     -545.09106      72944.054      41.782713      41.782713      41.782713      1.181826       1429.7742     -2956.0476     -288.01371    
    111000   111000         415.2058      -1863.1258      21251.993      23236.805      7597.931       15638.874      3469.9695      4550.8552      4230.7218      418.39002     -722.26403      11103.651     -7412.4494     -544.32417      73046.824      41.802326      41.802326      41.802326      1.1801633     -2323.3644     -1218.5327     -2047.4803    
    112000   112000         401.08772     -458.67914      22538.027      23028.258      7339.5816      15688.677      3510.0926      4618.9669      4159.7629      428.61031     -706.57855      11090.254     -7412.4312     -542.55335      73285.24       41.847756      41.847756      41.847756      1.176324       123.56941     -1007.0296     -492.57728    
    113000   113000         410.30444     -176.92598      23068.265      23256.833      7508.2402      15748.592      3549.3975      4626.0951      4286.4381      427.48894     -813.44713      11088.519     -7415.899      -544.07433      73080.367      41.808723      41.808723      41.808723      1.1796216     -102.95234     -1034.6152      606.78962    
    114000   114000         401.01335     -610.50182      22250.969      22901.132      7338.2206      15562.912      3569.53        4560.3325      4126.9205      406.89009     -762.87566      11077.173     -7415.0587     -544.50202      73022.965      41.797774      41.797774      41.797774      1.1805489     -1533.4514      349.21866     -647.27273    
    115000   115000         408.42164      75.205607      23275.961      23196.417      7473.7864      15722.63       3623.6648      4649.3184      4132.1173      413.46204     -769.4684       11090.051     -7416.5151     -548.24654      72524.219      41.702397      41.702397      41.702397      1.1886675     -243.04703      560.79713     -92.133271    
    116000   116000         409.63404     -1238.5394      21852.697      23172.193      7495.9724      15676.22       3528.8632      4557.4761      4296.8454      430.05721     -810.61351      11090.508     -7416.9166     -544.29811      73050.321      41.802993      41.802993      41.802993      1.1801068     -2401.5452     -286.04363     -1028.0295    
    117000   117000         414.75511     -1142.7808      21988.382      23205.574      7589.6838      15615.89       3504.9722      4615.8575      4206.5623      413.90863     -798.78796      11083.248     -7409.8706     -544.42585      73033.181      41.799723      41.799723      41.799723      1.1803838     -1879.4537     -2321.2166      772.32786    
    118000   118000         402.60632     -1439.2814      21598.794      23123.028      7367.3708      15755.657      3527.1191      4632.0416      4296.5402      414.45936     -785.84248      11083.246     -7411.9068     -547.55668      72615.591      41.719903      41.719903      41.719903      1.1871718     -1063.3462     -567.40744     -2687.0906    
    119000   119000         402.57222     -174.45513      22722.893      22908.867      7366.7468      15542.12       3465.3658      4582.2623      4173.2376      403.32899     -766.07524      11095.777     -7411.7762     -543.9589       73095.875      41.81168       41.81168       41.81168       1.1793714     -1279.1704      949.15833     -193.35334    
    120000   120000         406.03428     -1775.0277      21226.334      23102.655      7430.0997      15672.555      3546.6355      4659.47        4177.5556      407.52485     -806.36116      11097.081     -7409.3508     -548.57111      72481.309      41.694171      41.694171      41.694171      1.1893712     -1287.7603     -1695.0063     -2342.3165    
    121000   121000         407.87632     -1043.2362      21905.927      23017.397      7463.8075      15553.589      3428.5551      4531.5771      4267.8254      414.80403     -768.73235      11093.801     -7414.2408     -544.27658      73053.211      41.803544      41.803544      41.803544      1.1800601     -82.900328     -405.32578     -2641.4825    
    122000   122000         405.85283     -667.06346      22219.289      22922.82       7426.7793      15496.041      3450.8199      4532.762       4225.7124      417.50762     -797.23028      11078.795     -7412.3258     -549.81716      72317.044      41.66265       41.66265       41.66265       1.1920728      562.87575     -1675.489      -888.57716    
    123000   123000         404.25258     -1341.1414      21660.49       23087.666      7397.4959      15690.171      3463.0563      4624.2965      4313.9031      422.5843      -813.37059      11086.009     -7406.308      -544.91874      72967.122      41.787117      41.787117      41.787117      1.1814524     -1379.767      -1110.165      -1533.4921    
    124000   124000         408.60401     -1682.2241      21458.475      23255.97       7477.1237      15778.846      3526.6958      4610.7816      4336.8285      413.47722     -791.77376      11090.897     -7408.06       -542.68912      73266.905      41.844265      41.844265      41.844265      1.1766183     -963.66954     -3328.5193     -754.48334    
    125000   125000         414.50624      844.17161      24084.791      23187.213      7585.1296      15602.083      3551.6156      4515.2554      4171.2815      413.97739     -725.19977      11086.614     -7411.4612     -545.37262      72906.396      41.775521      41.775521      41.775521      1.1824365      2285.5909      1667.4477     -1420.5238    
    126000   126000         400.61467     -1666.5347      21256.166      23031.488      7330.925       15700.563      3569.7978      4564.7717      4249.5552      401.76085     -749.24993      11075.622     -7411.6941     -544.34216      73044.41       41.801865      41.801865      41.801865      1.1802023     -1714.7051     -2522.3679     -762.53107    
    127000   127000         414.22985     -977.56879      22232.356      23275.527      7580.0719      15695.455      3551.6641      4665.4945      4111.0563      413.4802      -731.02952      11097.94      -7413.1507     -543.40892      73169.855      41.825782      41.825782      41.825782      1.178179      -711.82058     -601.81682     -1619.069     
    128000   128000         405.03945      468.40888      23444.739      22946.105      7411.895       15534.21       3462.2203      4529.6856      4224.1984      401.76665     -745.59521      11076.325     -7414.3906     -544.7258       72992.966      41.79205       41.79205       41.79205       1.1810341     -38.24939       2044.7275     -601.25142    
    129000   129000         408.23223     -896.641        22127.259      23085.247      7470.3204      15614.926      3528.7699      4558.6746      4248.9169      414.14719     -815.51824      11091.831     -7411.8953     -542.74214      73259.748      41.842903      41.842903      41.842903      1.1767333     -880.24174     -859.54302     -950.13824    
    130000   130000         406.39815     -1797.2362      21346.122      23265.083      7436.7582      15828.325      3572.9479      4619.7406      4279.1442      421.29075     -739.32216      11086.328     -7411.8039     -543.09249      73212.488      41.833903      41.833903      41.833903      1.1774929      112.43041     -2064.9327     -3439.2063    
    131000   131000         405.58414      658.05347      23896.336      23197.935      7421.8623      15776.072      3684.2142      4549.3345      4255.9614      423.26118     -827.0106       11101.878     -7411.5666     -546.37492      72772.653      41.74996       41.74996       41.74996       1.1846096      153.81315      1445.217       375.13024    
    132000   132000         404.00815      285.44985      23248.51       22945.328      7393.0231      15552.304      3528.5106      4490.768       4264.6281      422.88218     -828.60405      11089.117     -7414.9972     -545.96052      72827.888      41.760521      41.760521      41.760521      1.1837111     -189.04239      982.64781      62.744115    
    133000   133000         404.8178      -120.26058      23006.696      23134.063      7407.839       15726.224      3630.5952      4546.1812      4201.9785      429.87634     -750.45263      11082.515     -7414.4693     -547.51954      72620.516      41.720846      41.720846      41.720846      1.1870913     -445.39207     -698.2019       782.81221    
    134000   134000         410.92837      323.45861      23469.444      23123.643      7519.6574      15603.985      3582.2614      4567.7507      4151.8921      401.96832     -766.65337      11080.765     -7413.9991     -542.40997      73304.611      41.851442      41.851442      41.851442      1.1760131     -289.42234      1382.6781     -122.87994    
    135000   135000         410.80112     -22.298511      23204.772      23228.439      7517.3289      15711.11       3529.2494      4560.2729      4249.4419      410.00367     -713.28613      11093.104     -7417.6756     -546.35444      72775.381      41.750482      41.750482      41.750482      1.1845652     -1477.9142     -122.90167      1533.9203    
    136000   136000         401.71125     -1619.7087      21255.145      22973.282      7350.9916      15622.291      3523.1358      4578.4202      4252.8459      380.34646     -789.21434      11088.271     -7411.5143     -546.65556      72735.293      41.742815      41.742815      41.742815      1.1852181     -2063.8774     -2182.713      -612.5356     
    137000   137000         403.78939      1115.4373      24239.202      23052.499      7389.02        15663.479      3547.4772      4499.0681      4314.7638      415.55864     -787.62799      11090.067     -7415.8275     -545.05212      72949.265      41.783708      41.783708      41.783708      1.1817416      1902.41        1731.1973     -287.29547    
    138000   138000         408.3102       1183.1818      24146.879      22899.713      7471.747       15427.966      3563.2585      4481.2571      4121.5761      404.97971     -821.49241      11092.963     -7414.5766     -550.12602      72276.444      41.654852      41.654852      41.654852      1.1927425      1457.3898      2359.3337     -267.17807    
    139000   139000         412.64795      792.34184      24022.781      23175.736      7551.1244      15624.611      3581.7447      4517.8216      4195.7578      408.27954     -759.87409      11095.822     -7414.9402     -542.42635      73302.398      41.851021      41.851021      41.851021      1.1760486     -83.322651      1946.237       514.11114    
    140000   140000         407.12595      1036.5564      24251.079      23151.586      7450.0763      15701.509      3508.7193      4653.2356      4175.7647      417.36142     -731.69668      11094.1       -7415.9745     -546.68265      72731.688      41.742125      41.742125      41.742125      1.1852768     -638.09138      599.02621      3148.7344    
    141000   141000         410.21421     -2609.4151      20302.567      23085.864      7506.5889      15579.276      3442.6535      4663.0377      4190.7601      409.75832     -793.82871      11084.065     -7417.1705     -543.64878      73137.573      41.819629      41.819629      41.819629      1.178699      -3262.5834     -2499.4756     -2066.1863    
    142000   142000         416.76147      1176.1148      24544.796      23294.921      7626.3986      15668.522      3549.9177      4603.3928      4213.2013      429.89205     -794.58028      11082.025     -7415.3265     -545.65449      72868.734      41.768326      41.768326      41.768326      1.1830476     -708.33925      1371.4075      2865.2761    
    143000   143000         398.59524      483.86253      23459.65       22944.093      7293.9713      15650.122      3570.6084      4579.1739      4134.4444      409.96014     -714.57463      11083.95      -7413.4408     -544.22771      73059.771      41.804795      41.804795      41.804795      1.1799542      221.53736      2029.553      -799.50282    
    144000   144000         411.05667     -819.55548      22258.273      23128.96       7522.0054      15606.955      3575.8619      4538.4117      4185.522       407.87372     -783.11732      11094.203     -7411.8006     -545.82211      72846.357      41.764051      41.764051      41.764051      1.183411      -1486.7278     -235.61949     -736.31919    
    145000   145000         401.06586      859.3201       23896.8        22978.999      7339.1815      15639.818      3649.5285      4548.3156      4085.7113      409.0264      -719.29503      11082.004     -7415.4733     -542.92726      73234.768      41.838146      41.838146      41.838146      1.1771347     -148.11281      824.24743      1901.8257    
    146000   146000         415.24208      386.86423      23547.594      23134.358      7598.595       15535.763      3524.1858      4615.6308      4056.1847      401.05563     -726.71258      11081.939     -7416.52       -542.8699       73242.506      41.83962       41.83962       41.83962       1.1770103      1060.7653      917.39937     -817.57201    
    147000   147000         403.78013      1070.3233      24049.679      22920.387      7388.8504      15531.537      3551.2802      4616.016       4125.3952      396.02454     -825.99281      11083.697     -7414.8833     -549.59597      72346.149      41.668238      41.668238      41.668238      1.1915933      1453.1351      755.85664      1001.9782    
    148000   148000         409.35867      1584.915       24648.186      22964.102      7490.9333      15473.169      3568.1926      4526.1935      4087.8908      403.12459     -784.13796      11085.9       -7413.9942     -545.72921      72858.758      41.76642       41.76642       41.76642       1.1832096      2172.6083      312.95509      2269.1815    
    149000   149000         405.79674     -215.73251      22873.408      23102.492      7425.7528      15676.739      3544.6143      4639.3377      4222.5894      399.74414     -795.49961      11079.345     -7413.3914     -546.07863      72812.137      41.75751       41.75751       41.75751       1.1839672     -1236.4319     -654.65869      1243.8931    
    150000   150000         406.7799      -863.84388      22186.461      23106.985      7443.7439      15663.241      3655.0737      4567.2718      4144.4693      391.53488     -762.47946      11081.017     -7413.6468     -544.1705       73067.452      41.80626       41.80626       41.80626       1.1798301     -1456.6116     -1348.1996      213.27957    
    151000   151000         401.55528      364.96449      23386.142      22997.896      7348.1376      15649.759      3500.3921      4655.8978      4154.7898      398.67008     -736.85952      11089.052     -7412.1836     -545.10418      72942.299      41.782378      41.782378      41.782378      1.1818545      1038.9712      54.424345      1.4979231    
    152000   152000         399.52199      220.00217      23123.721      22890.55       7310.93        15579.62       3523.9989      4583.0834      4141.8183      416.32961     -775.37204      11101.609     -7411.8471     -547.12695      72672.626      41.730823      41.730823      41.730823      1.1862401      1014.8059     -438.80993      84.01051     
    153000   153000         404.8766       1069.7569      24213.367      23074.59       7408.915       15665.675      3591.0969      4585.9889      4159.3527      410.3165      -763.05308      11097.892     -7415.9191     -544.72963      72992.454      41.791952      41.791952      41.791952      1.1810424     -245.74426      983.04441      2471.9706    
    154000   154000         415.89833      156.8477       23272.677      23106.997      7610.6038      15496.393      3566.8259      4582.27        4028.0983      408.07387     -770.85992      11088.579     -7406.5936     -548.9632       72429.54       41.684242      41.684242      41.684242      1.1902213      493.48611     -725.68234      702.73935    
    155000   155000         403.48566     -903.51123      22080.429      23037.993      7383.4619      15654.531      3626.7845      4538.5847      4189.6733      413.31332     -779.83887      11078.29      -7412.2763     -547.14251      72670.558      41.730427      41.730427      41.730427      1.1862738     -781.73614     -1525.3883     -403.40924    
    156000   156000         400.83995      1857.1304      24894.336      22911.71       7335.0476      15576.663      3587.3773      4703.2719      3955.6639      399.61366     -748.63442      11094.44      -7415.0695     -543.17085      73201.925      41.831891      41.831891      41.831891      1.1776628      2122.2672      3953.852      -504.72791    
    157000   157000         409.77034      634.1208       23859.59       23188.02       7498.4665      15689.554      3537.4928      4635.2916      4148.9015      424.89722     -731.70055      11086.455     -7411.7841     -547.54005      72617.797      41.720326      41.720326      41.720326      1.1871357      1675.1213     -6.814859       234.05592    
    158000   158000         402.19662      41.852897      22951.258      22906.878      7359.8735      15547.004      3574.3937      4538.324       4215.711       403.12526     -851.89646      11079.625     -7412.2783     -546.84875      72709.597      41.737898      41.737898      41.737898      1.1856369     -2332.6601     -1211.1191      3669.338     
    159000   159000         405.15185     -2950.1454      20021.763      23179.637      7413.9519      15765.685      3514.8497      4648.8615      4315.7938      410.09151     -792.55457      11079.306     -7410.663      -541.73081      73396.513      41.868925      41.868925      41.868925      1.1745406     -3878.9727     -2260.0572     -2711.4062    
    160000   160000         407.61478     -1457.7173      21509.238      23051.331      7459.0214      15592.31       3537.3953      4627.7463      4186.91        410.93689     -839.13853      11084.486     -7416.026      -548.14743      72537.332      41.70491       41.70491       41.70491       1.1884526     -1765.7495     -612.53086     -1994.8716    
    161000   161000         405.63644      412.65511      23363.85       22924.349      7422.8194      15501.53       3580.2779      4490.898       4172.0778      406.72337     -815.63292      11081.771     -7414.5849     -544.45629      73029.098      41.798944      41.798944      41.798944      1.1804498      1103.333       330.50405     -195.87174    
    162000   162000         409.04296      121.80682      23312.123      23182.592      7485.156       15697.436      3607.2877      4676.2535      4040.0127      394.54438     -699.5406       11093.705     -7414.8264     -545.29753      72916.435      41.777439      41.777439      41.777439      1.1822737      105.77235     -974.51044      1234.1585    
    163000   163000         401.4889       323.06078      23208.334      22865.641      7346.9229      15518.718      3453.8001      4516.6697      4255.2766      410.98126     -795.01542      11092.141     -7415.1354     -546.65504      72735.362      41.742828      41.742828      41.742828      1.1852169      1511.1329     -434.6616      -107.28898    
    164000   164000         407.80689      281.72441      23418.22       23119.417      7462.5369      15656.88       3477.849       4659.6582      4193.7418      415.0844      -778.84599      11099.097     -7409.7051     -546.73091      72725.269      41.740897      41.740897      41.740897      1.1853814     -665.19457      777.58567      732.78212    
    165000   165000         404.49743      1372.375       24409.803      22958.629      7401.9766      15556.653      3566.9391      4511.3475      4154.1304      404.63765     -748.0016       11083.117     -7415.5177     -548.3883       72505.471      41.698803      41.698803      41.698803      1.1889749      2690.6219      1678.7476     -252.24447    
    166000   166000         401.0722       44.180586      22808.722      22761.845      7339.2976      15422.547      3412.9527      4556.0264      4169.1783      401.31353     -794.7451       11091.396     -7413.5748     -546.52085      72753.221      41.746244      41.746244      41.746244      1.184926      -19.152229      84.275029      67.418959    
    167000   167000         401.64559     -262.82567      22706.662      22986.014      7349.7901      15636.223      3612.6208      4562.244       4168.932       399.22675     -791.42578      11097.171     -7412.545      -545.57105      72879.879      41.770456      41.770456      41.770456      1.1828667      1215.1413     -1255.2134     -748.40492    
    168000   168000         401.99126     -853.56428      21863.546      22769.356      7356.1156      15413.241      3492.823       4489.4105      4141.6516      389.53864     -770.77641      11086.323     -7415.7302     -546.4295       72765.383      41.74857       41.74857       41.74857       1.1847279      63.716744     -1476.2861     -1148.1235    
    169000   169000         408.56431      2072.1706      25382.147      23190.259      7476.3971      15713.862      3552.319       4641.0082      4152.9754      439.36221     -759.23244      11100.907     -7413.4775     -548.20371      72529.885      41.703483      41.703483      41.703483      1.1885746      738.68935      2607.184       2870.6384    
    170000   170000         394.90065      1058.7156      24017.997      22896.505      7226.3632      15670.142      3508.6072      4525.3649      4318.1974      419.0963      -782.2778       11094.161     -7413.0066     -547.41666      72634.165      41.72346       41.72346       41.72346       1.1868682      1475.5887     -359.90943      2060.4676    
    171000   171000         400.64803      648.64885      23448.873      22761.954      7331.5355      15430.419      3430.1583      4583.0399      4150.2663      415.07063     -832.50832      11096.877     -7412.4846     -547.56931      72613.916      41.719582      41.719582      41.719582      1.1871992     -1053.1451      1848.3089      1150.7828    
    172000   172000         405.14229      764.88633      23840.49       23028.48       7413.7768      15614.703      3543.5402      4524.002       4217.0023      407.87213     -759.61851      11094.637     -7412.7318     -546.22327      72792.857      41.753824      41.753824      41.753824      1.1842808      979.59427     -172.85739      1487.9221    
    173000   173000         407.34018      1110.7043      24314.758      23132.448      7453.9965      15678.452      3548.0985      4626.5449      4208.2081      411.66185     -793.46252      11092.328     -7414.9276     -544.75589      72988.934      41.79128       41.79128       41.79128       1.1810994      1913.7154      908.22365      510.17387    
    174000   174000         404.99526     -348.2002       22471.98       22841.667      7411.0863      15430.581      3466.2877      4552.8449      4144.0213      398.42844     -805.72264      11091.965     -7417.2441     -546.17166      72799.734      41.755139      41.755139      41.755139      1.1841689     -178.36249     -1252.8238      386.58571    
    175000   175000         392.02459     -1221.0504      21467.403      22762.827      7173.7337      15589.093      3525.7537      4496.328       4253.4216      402.13637     -761.6733       11087.93      -7414.8027     -546.58347      72744.885      41.74465       41.74465       41.74465       1.1850618     -1985.468      -2146.8024      469.11901    
    176000   176000         398.53413     -2111.8145      20802.855      23043.716      7292.8528      15750.864      3505.6586      4639.0397      4328.4758      412.68668     -815.74421      11094.298     -7413.5504     -546.48172      72758.43       41.74724       41.74724       41.74724       1.1848412     -1911.374      -1335.07       -3088.9994    
    177000   177000         403.27629      670.13774      23512.218      22798.484      7379.6306      15418.853      3476.2847      4611.2822      4040.5274      390.00285     -779.10729      11090.685     -7410.8218     -544.45553      73029.201      41.798964      41.798964      41.798964      1.1804481      680.9135       265.37479      1064.1249    
    178000   178000         401.33319      83.140343      22970.104      22881.587      7344.0734      15537.513      3530.757       4545.2584      4128.3406      401.24538     -766.66413      11108.505     -7409.929      -544.65313      73002.705      41.793908      41.793908      41.793908      1.1808766      1196.8642      75.954597     -1023.3977    
    179000   179000         410.7496       589.21867      23835.014      23205.47       7516.3862      15689.084      3542.1295      4579.7233      4251.7753      433.30314     -801.04872      11095.999     -7412.7984     -542.73116      73261.23       41.843185      41.843185      41.843185      1.1767095      1321.8851      2057.6154     -1611.8445    
    180000   180000         402.08771      552.93049      23364.721      22779.723      7357.8805      15421.843      3467.4611      4556.0733      4079.5475      394.31563     -741.0271       11078.028     -7412.5556     -548.08893      72545.074      41.706394      41.706394      41.706394      1.1883258      727.33598      124.35767      807.09783    
    181000   181000         405.78235     -213.489        22760.952      22987.083      7425.4894      15561.594      3579.1116      4561.6025      4074.8759      393.41673     -738.43835      11100.088     -7409.0623     -547.45545      72629.019      41.722475      41.722475      41.722475      1.1869523      37.370987     -783.52319      105.68519    
    182000   182000         402.92083      1536.8921      24612.408      22977.219      7373.126       15604.093      3641.5797      4605.2785      3967.787       413.18737     -696.17226      11087.083     -7414.6503     -545.01728      72953.929      41.784598      41.784598      41.784598      1.1816661      1799.3055      1896.8695      914.50135    
    183000   183000         401.79734      601.26639      23580.209      22942.651      7352.567       15590.084      3521.1962      4569.2069      4134.4135      398.39314     -704.67586      11086.632     -7415.0813     -546.86765      72707.083      41.737418      41.737418      41.737418      1.1856779      1388.8583      438.36047     -23.419554    
    184000   184000         401.50476     -388.39226      22359.32       22771.316      7347.213       15424.103      3460.9714      4505.7032      4210.1368      406.83216     -854.07193      11105.152     -7410.621      -546.65336      72735.585      41.742871      41.742871      41.742871      1.1852133     -674.22925      249.86165     -740.80918    
    185000   185000         400.44415      1172.5212      24035.155      22795.277      7327.8047      15467.472      3588.4652      4494.701       4134.6506      405.94896     -822.66033      11082.023     -7415.6564     -548.3737       72507.401      41.699173      41.699173      41.699173      1.1889432      3125.0904      560.72915     -168.25591    
    186000   186000         404.36879     -1762.1469      21007.527      22882.743      7399.6226      15483.121      3417.8934      4534.3105      4233.5421      413.05747     -799.7633       11100.503     -7416.4228     -544.91104      72968.152      41.787313      41.787313      41.787313      1.1814357     -1014.8574     -3119.3572     -1152.226     
    187000   187000         397.17512      257.34795      23071.375      22797.963      7267.9841      15529.979      3572.085       4485.1756      4236.0087      410.49479     -848.68729      11088.779     -7413.8765     -545.80657      72848.431      41.764447      41.764447      41.764447      1.1833773     -164.7366      -471.34196      1408.1224    
    188000   188000         406.00264     -353.36045      22527.815      22905.312      7429.5206      15475.791      3461.061       4582.5858      4140.1718      390.32968     -785.34823      11097.24      -7410.2489     -542.79955      73251.999      41.841428      41.841428      41.841428      1.1768578     -1034.0047     -1165.9792      1139.9025    
    189000   189000         393.44504      294.18015      23084.7        22770.855      7199.7267      15571.128      3548.1297      4557.9937      4140.5088      409.34619     -752.17356      11083.347     -7416.0239     -543.54181      73151.966      41.822373      41.822373      41.822373      1.1784671      145.34223      866.46951     -129.27129    
    190000   190000         402.76449      917.02929      23778.432      22807.452      7370.2651      15437.187      3541.3242      4460.0971      4129.6458      388.72472     -753.99438      11087.218     -7415.8293     -547.65557      72602.479      41.717392      41.717392      41.717392      1.1873862     -442.82418      1861.1795      1332.7325    
    191000   191000         406.96466     -1393.6382      21633.984      23114.984      7447.1248      15667.859      3578.0402      4648.8516      4144.9873      403.88055     -762.71673      11067.465     -7412.6488     -545.66981      72866.688      41.767936      41.767936      41.767936      1.1830808     -551.96328     -2627.9078     -1001.0434    
    192000   192000         399.62802      1315.1199      24157.176      22766.775      7312.8702      15453.905      3530.4524      4582.925       4031.0671      371.35031     -725.56651      11078.701     -7415.0243     -548.479        72493.481      41.696505      41.696505      41.696505      1.1891715      2150.7785      1855.0355     -60.454224    
    193000   193000         399.32201     -1079.0798      21649.571      22796.814      7307.2705      15489.544      3483.7742      4534.2579      4189.4077      407.01575     -800.451        11092.8       -7417.261      -545.42243      72899.738      41.774249      41.774249      41.774249      1.1825445     -1065.0596     -559.33184     -1612.848     
    194000   194000         406.1564       1147.9732      24191.88       22962.327      7432.3344      15529.993      3525.4423      4646.6091      4054.0298      392.95115     -770.48798      11094.77      -7413.3213     -541.40133      73441.179      41.877416      41.877416      41.877416      1.1738262      2315.0976     -189.97231      1318.7944    
    195000   195000         396.50157     -174.06443      22572.249      22756.943      7255.6588      15501.284      3465.3005      4600.5879      4135.2684      413.35642     -802.45761      11101.728     -7412.4991     -546.50333      72755.552      41.74669       41.74669       41.74669       1.184888      -14.065007      1030.0388     -1538.1671    
    196000   196000         403.3738      -502.26118      22438.645      22971.603      7381.415       15590.188      3454.5138      4642.7952      4188.5182      406.34556     -763.07857      11073.14      -7412.047      -546.47718      72759.034      41.747356      41.747356      41.747356      1.1848313     -643.63752     -687.39799     -175.74802    
    197000   197000         401.09813     -1775.6201      20926.64       22820.543      7339.772       15480.771      3414.4082      4523.4991      4316.7156      399.70676     -834.32406      11076.97      -7416.2052     -543.65977      73136.094      41.819348      41.819348      41.819348      1.1787228     -2083.8705     -3119.647      -123.34263    
    198000   198000         402.47807      287.93797      23190.461      22883.639      7365.0238      15518.615      3466.9673      4547.5016      4166.5675      390.97549     -734.50363      11089.284     -7408.177      -544.18607      73065.362      41.805862      41.805862      41.805862      1.1798639     -1056.0622      1538.3906      381.48555    
    199000   199000         399.29883      1100.464       23856.065      22686.623      7306.8463      15379.777      3442.6124      4554.5372      4108.8001      407.91812     -796.1116       11076.737     -7414.7162     -545.67246      72866.335      41.767868      41.767868      41.767868      1.1830866     -452.83046      2188.9848      1565.2376    
    200000   200000         403.13867      1235.1358      24118.881      22812.559      7377.1122      15435.447      3520.7069      4558.6892      4068.1741      411.96435     -781.35888      11072.312     -7415.0413     -548.27597      72520.325      41.701651      41.701651      41.701651      1.1887313      2183.0905      684.39659      837.92041    
    201000   201000         401.81873      378.35132      23131.053      22731.397      7352.9584      15378.438      3420.7329      4509.6496      4166.0288      402.76918     -787.01948      11082.443     -7416.1657     -548.96397      72429.439      41.684223      41.684223      41.684223      1.190223       397.14141      193.60825      544.30432    
    202000   202000         403.6211       161.0518       23161.613      22991.077      7385.9403      15605.137      3520.3695      4593.5987      4162.5873      417.26547     -774.48661      11096.22      -7410.4175     -547.62714      72606.248      41.718114      41.718114      41.718114      1.1873246      52.928663     -724.18664      1154.4134    
    203000   203000         398.29489      839.26313      23642.537      22752.765      7288.4751      15464.29       3523.9684      4528.2349      4073.2875      405.79966     -723.60234      11072.874     -7416.2716     -546.95878      72694.969      41.735099      41.735099      41.735099      1.1858755      1674.7965      443.30621      399.68671    
    204000   204000         389.32509      779.43978      23395.906      22563.975      7124.335       15439.64       3470.1956      4596.8707      4085.072       387.74757     -779.43592      11091.47      -7412.2793     -543.28847      73186.077      41.828872      41.828872      41.828872      1.1779178      316.14049      1784.3791      237.79978    
    205000   205000         402.06273      163.40894      23043.573      22869.812      7357.4235      15512.389      3563.629       4599.3869      4088.8935      392.38187     -802.69687      11087.927     -7417.1324     -545.33095      72911.966      41.776585      41.776585      41.776585      1.1823462     -1124.3408      1341.1074      273.46018    
    206000   206000         398.62177      2063.7798      24759.734      22582.055      7294.4566      15287.599      3461.9465      4508.1116      4048.9559      385.29152     -800.9938       11097.171     -7412.8837     -549.54639      72352.676      41.669491      41.669491      41.669491      1.1914858      1782.2496      2487.9552      1921.1346    
    207000   207000         401.87936      927.78195      23834.753      22853.363      7354.0678      15499.295      3549.9586      4545.6108      4079.9381      406.98759     -751.72429      11080.199     -7411.6743     -548.20035      72530.33       41.703568      41.703568      41.703568      1.1885674      298.68447      570.33144      1914.33      
    208000   208000         396.9904      -520.17289      22276.557      22831.531      7264.604       15566.927      3547.7865      4652.2035      4126.6935      406.71374     -848.61563      11091.741     -7409.5955     -543.51335      73155.796      41.823103      41.823103      41.823103      1.1784054     -14.954661     -1942.4001      396.83607    
    209000   209000         398.29149      17.243198      22636.51       22618.168      7288.4128      15329.755      3425.6544      4531.7708      4080.7849      388.32392     -771.30654      11092.706     -7418.1786     -545.12855      72939.038      41.781755      41.781755      41.781755      1.1819073      1380.3254     -1698.9861      370.39029    
    210000   210000         396.47262     -1386.8503      21364.823      22837.584      7255.129       15582.455      3524.1723      4545.8417      4220.1898      413.16229     -786.1987       11079.467     -7414.1792     -546.04985      72815.974      41.758243      41.758243      41.758243      1.1839048     -2459.802      -2291.5483      590.79948    
    211000   211000         401.3418       136.36996      22920.406      22775.663      7344.231       15431.432      3467.9278      4652.0838      4048.4465      404.34795     -823.35301      11093.118     -7411.1383     -546.33157      72778.426      41.751065      41.751065      41.751065      1.1845156     -761.39561      340.20525      830.30024    
    212000   212000         401.13395     -649.62662      22098.773      22788.245      7340.4274      15447.817      3435.8185      4483.7753      4185.9719      406.63139     -735.46561      11084.358     -7413.2727     -546.36453      72774.036      41.750225      41.750225      41.750225      1.1845871     -54.428838     -1121.862      -772.58905    
    213000   213000         393.38361     -1203.9577      21380.518      22661.392      7198.6025      15462.789      3428.4756      4539.7859      4160.9642      398.79981     -745.13737      11091.568     -7411.6667     -545.0542       72948.987      41.783654      41.783654      41.783654      1.1817461     -1291.5544     -1555.2728     -765.04597    
    214000   214000         397.72031      442.68409      23160.58       22691.301      7277.9607      15413.34       3612.3245      4523.6437      3994.836       392.65253     -790.59997      11094.727     -7414.2429     -547.01359      72687.686      41.733706      41.733706      41.733706      1.1859943      233.2622       928.31402      166.47605    
    215000   215000         395.3704      -724.5934       22132.65       22904.612      7234.9592      15669.652      3623.2012      4508.721       4185.0101      413.67341     -735.45656      11090.75      -7416.2462     -544.29418      73050.849      41.803094      41.803094      41.803094      1.1800983     -339.55952      707.92641     -2542.1471    
    216000   216000         395.47895     -1274.3939      21384.505      22747.5        7236.9457      15510.555      3465.856       4526.7101      4187.3578      398.0175      -757.25382      11100.032     -7410.1653     -542.18079      73335.597      41.857339      41.857339      41.857339      1.1755162     -795.91814     -1231.8194     -1795.4442    
    217000   217000         408.86016     -41.939181      22839.575      22884.306      7481.811       15402.495      3480.4342      4547.1902      4046.4771      412.92317     -765.39125      11093.739     -7412.8777     -543.69041      73131.972      41.818562      41.818562      41.818562      1.1787893      777.66842     -1292.9812      389.49521    
    218000   218000         397.05472      228.3481       23040.001      22796.477      7265.781       15530.696      3464.9542      4611.6788      4137.3153      400.20942     -765.03603      11094.951     -7413.3773     -543.7378       73125.598      41.817347      41.817347      41.817347      1.178892      -1268.0528      1168.1961      784.90098    
    219000   219000         395.5444       791.48052      23510.919      22673.181      7238.1433      15435.038      3475.8826      4519.0874      4152.5645      405.78718     -796.10462      11093.501     -7415.6799     -547.85666      72575.83       41.712287      41.712287      41.712287      1.1878222      547.38364      1101.708       725.3499     
    220000   220000         402.74005      677.39649      23734.451      23014.173      7369.8178      15644.356      3576.4674      4640.8863      4116.6219      438.56661     -814.87681      11100.854     -7414.1639     -545.3533       72908.979      41.776014      41.776014      41.776014      1.1823946      336.04328      1889.3637     -193.21749    
    221000   221000         402.34777      550.07249      23413.264      22829.035      7362.6394      15466.396      3508.1021      4624.3648      4019.7705      401.14225     -767.41684      11092.776     -7412.3424     -545.97424      72826.059      41.760171      41.760171      41.760171      1.1837409     -272.62014      187.21791      1735.6197    
    222000   222000         393.85857      961.09122      23650.805      22634.613      7207.294       15427.319      3442.1052      4552.3826      4101.5918      388.05227     -730.20856      11088.954     -7415.5585     -548.43285      72499.581      41.697674      41.697674      41.697674      1.1890715      1491.4523      169.58315      1222.2382    
    223000   223000         398.29376     -610.84493      22124.464      22774.208      7288.4543      15485.754      3363.9598      4552.0263      4258.0266      401.63093     -768.98403      11096.774     -7417.6793     -545.1594       72934.91       41.780967      41.780967      41.780967      1.1819742     -1373.7972      1090.0399     -1548.7775    
    224000   224000         389.87421     -106.15387      22435.399      22548.452      7134.3833      15414.068      3442.5779      4528.0499      4131.8087      405.64605     -758.92855      11080.042     -7415.1278     -544.49083      73024.466      41.79806       41.79806       41.79806       1.1805247     -1048.7915     -2127.2146      2857.5445    
    225000   225000         392.33536      809.45789      23574.322      22707.7        7179.4205      15528.279      3395.762       4708.1083      4141.7493      403.3499      -796.73436      11087.674     -7411.6299     -541.62583      73410.738      41.87163       41.87163       41.87163       1.174313       363.88549      566.85365      1497.6346    
    226000   226000         401.18657     -1313.5701      21459.378      22856.077      7341.3904      15514.686      3484.9075      4620.0207      4116.0854      404.67982     -771.60946      11071.914     -7411.3119     -545.36257      72907.739      41.775778      41.775778      41.775778      1.1824147     -606.37794     -2172.1213     -1162.211     
    227000   227000         384.42896     -786.67379      21647.442      22482.491      7034.7397      15447.751      3454.8512      4576.1805      4196.7344      396.25121     -852.37841      11085.897     -7409.7848     -546.28292      72784.908      41.752304      41.752304      41.752304      1.1844101      1439.6483     -2763.6966     -1035.9731    
    228000   228000         396.97384     -238.35297      22407.444      22662.329      7264.3009      15398.028      3438.7195      4549.243       4117.9752      399.24287     -781.87264      11083.647     -7408.9264     -542.26433      73324.299      41.855189      41.855189      41.855189      1.1756973      111.86787     -415.88872     -411.03807    
    229000   229000         404.6919      -351.27243      22497.752      22872.636      7405.5351      15467.101      3403.5089      4454.6848      4278.7087      407.53282     -757.22079      11090.92      -7411.0333     -543.35262      73177.437      41.827226      41.827226      41.827226      1.1780569     -971.95901      1373.3487     -1455.207     
    230000   230000         397.91526      1841.0634      24621.786      22658.568      7281.5281      15377.04       3527.4388      4503.4284      4041.4516      397.09844     -784.80762      11104.91      -7412.4801     -543.79481      73117.932      41.815886      41.815886      41.815886      1.1790156      1574.8168      2990.6519      957.7214     
    231000   231000         402.03142     -686.8192       22075.092      22805.6        7356.8506      15448.75       3496.682       4501.1806      4170.2311      413.74739     -821.42603      11100.249     -7411.9137     -545.1949       72930.162      41.78006       41.78006       41.78006       1.1820512     -2645.1997      142.50339      442.2387     
    232000   232000         394.36512      1617.4004      24445.329      22719.698      7216.5634      15503.135      3524.0262      4485.9074      4112.9477      410.39891     -703.99664      11087.543     -7413.6915     -543.50619      73156.76       41.823286      41.823286      41.823286      1.1783898      2114.7848      2125.0633      612.35319    
    233000   233000         397.8361       1115.532       23884.623      22706.59       7280.0796      15426.51       3540.7576      4429.7555      4127.6701      399.63952     -744.93445      11085.951     -7412.3286     -549.11008      72410.166      41.680525      41.680525      41.680525      1.1905398      1668.3474      1533.707       144.54157    
    234000   234000         395.32466      636.28298      23561.439      22883.427      7234.1223      15649.305      3653.7652      4584.077       4124.8724      394.65136     -803.40092      11103.274     -7407.9337     -544.18632      73065.328      41.805855      41.805855      41.805855      1.1798645     -2862.7692      1974.2123      2797.4059    
    235000   235000         392.74031     -1313.6473      21199.914      22601.379      7186.8307      15414.549      3489.9928      4515.602       4108.8286      415.16883     -793.86566      11086.466     -7407.6436     -543.53952      73152.274      41.822431      41.822431      41.822431      1.1784621     -1656.9044     -1721.9295     -562.10812    
    236000   236000         389.17758      723.221        23220.285      22454.064      7121.6357      15332.428      3399.7016      4479.7775      4147.312       406.9502      -779.38402      11087.671     -7409.6001     -547.33292      72645.278      41.725588      41.725588      41.725588      1.1866867      760.27182      1013.3991      395.99204    
    237000   237000         399.08566      91.178391      22875.183      22777.862      7302.9454      15474.917      3540.9972      4544.0074      4105.4583      390.25592     -773.09048      11075.793     -7408.5044     -543.27982      73187.243      41.829094      41.829094      41.829094      1.177899      -126.7655      -34.197706      434.49838    
    238000   238000         387.19965      1614.6431      24230.466      22518.037      7085.4411      15432.596      3573.4971      4506.0297      4049.2168      387.68814     -764.392        11090.683     -7410.1274     -546.76254      72721.061      41.740092      41.740092      41.740092      1.18545        1879.6165      2886.8005      77.512429    
    239000   239000         405.34758      1722.6695      24569.322      22734.722      7417.5336      15317.188      3437.8717      4498.5753      3997.0358      403.06168     -718.84599      11107.374     -7407.8844     -544.49697      73023.643      41.797903      41.797903      41.797903      1.180538       938.54036      2038.3256      2191.1427    
    240000   240000         396.73266      1108.9318      23727.155      22553.964      7259.8875      15294.077      3500.3979      4513.3951      3999.5134      375.08255     -784.86056      11101.996     -7411.4472     -548.11412      72541.74       41.705755      41.705755      41.705755      1.1883804     -575.05865      1355.1814      2546.6726    
    241000   241000         395.30305     -1752.3924      20725.574      22584.176      7233.7267      15350.45       3388.9104      4513.9834      4152.8484      394.49042     -781.59109      11093.763     -7411.9552     -546.73859      72724.247      41.740702      41.740702      41.740702      1.1853981     -1955.6        -3218.3321     -83.245083    
    242000   242000         405.54261     -396.64616      22389.061      22810.064      7421.1025      15388.961      3391.8881      4562.9853      4173.1248      413.35289     -830.3612       11089.123     -7411.1511     -546.32694      72779.043      41.751183      41.751183      41.751183      1.1845056     -54.133566     -1231.5691      95.764178    
    243000   243000         395.2257      -314.67134      22237.835      22572.916      7232.3112      15340.605      3419.7259      4505.0011      4117.5196      401.08954     -774.50872      11087.156     -7415.3786     -544.55492      73015.871      41.79642       41.79642       41.79642       1.1806636     -1805.3787      663.85965      197.50501    
    244000   244000         397.53279     -11.481131      22702.636      22714.919      7274.5293      15440.39       3401.6389      4568.7846      4174.6666      403.24862     -773.75664      11080.271     -7414.4628     -542.01682      73357.782      41.861559      41.861559      41.861559      1.1751607     -870.30494     -506.52099      1342.3825    
    245000   245000         387.89513      267.74215      22849.584      22565.594      7098.1678      15467.426      3469.2217      4574.8539      4153.7821      399.75716     -794.34095      11079.638     -7415.4861     -546.69898      72729.516      41.74171       41.74171       41.74171       1.1853122     -1502.4558      2635.0579     -329.37561    
    246000   246000         398.57192      172.77032      22895.197      22712.136      7293.5445      15418.591      3466.2636      4431.8278      4175.1415      406.84904     -732.46992      11088.661     -7417.682      -547.27617      72652.811      41.72703       41.72703       41.72703       1.1865636     -781.32125      783.93202      515.70019    
    247000   247000         393.52628     -892.99063      21516.91       22467.276      7201.2133      15266.063      3416.8205      4423.3229      4127.4578      411.54939     -793.09694      11092.971     -7412.9619     -544.86721      72974.022      41.788434      41.788434      41.788434      1.1813407     -1359.4579     -510.27956     -809.23441    
    248000   248000         394.49028      71.729514      22684.812      22607.976      7218.8538      15389.122      3436.7608      4455.7881      4133.3084      389.8226      -701.01678      11084.961     -7410.5015     -541.33939      73449.582      41.879013      41.879013      41.879013      1.1736919      1090.212       499.37591     -1374.3993    
    249000   249000         397.44866      173.48245      22848.94       22664.627      7272.9896      15391.637      3464.4132      4577.3835      4056.2279      420.39097     -787.7404       11075.746     -7414.7841     -545.79953      72849.37       41.764626      41.764626      41.764626      1.1833621      362.02845     -1646.2233      1804.6422    
    250000   250000         392.50292      1458.0173      24123.579      22582.715      7182.4867      15400.229      3504.0775      4588.2461      3996.7325      381.09792     -764.64006      11104.284     -7409.5694     -548.69796      72464.552      41.690958      41.690958      41.690958      1.1896463      1402.5035      893.774        2077.7745    
Loop time of 484.847 on 1 procs for 250000 steps with 6140 atoms

Performance: 44.550 ns/day, 0.539 hours/ns, 515.626 timesteps/s, 3.166 Matom-step/s
100.0% CPU use with 1 MPI tasks x 1 OpenMP threads

MPI task timing breakdown:
Section |  min time  |  avg time  |  max time  |%varavg| %total
---------------------------------------------------------------
Pair    | 50.812     | 50.812     | 50.812     |   0.0 | 10.48
Bond    | 65.959     | 65.959     | 65.959     |   0.0 | 13.60
Kspace  | 233.63     | 233.63     | 233.63     |   0.0 | 48.19
Neigh   | 38.651     | 38.651     | 38.651     |   0.0 |  7.97
Comm    | 7.2797     | 7.2797     | 7.2797     |   0.0 |  1.50
Output  | 2.1298     | 2.1298     | 2.1298     |   0.0 |  0.44
Modify  | 76.546     | 76.546     | 76.546     |   0.0 | 15.79
Other   |            | 9.841      |            |       |  2.03

Nlocal:           6140 ave        6140 max        6140 min
Histogram: 1 0 0 0 0 0 0 0 0 0
Nghost:          16938 ave       16938 max       16938 min
Histogram: 1 0 0 0 0 0 0 0 0 0
Neighs:              0 ave           0 max           0 min
Histogram: 1 0 0 0 0 0 0 0 0 0
FullNghs:   3.3114e+06 ave  3.3114e+06 max  3.3114e+06 min
Histogram: 1 0 0 0 0 0 0 0 0 0

Total # of neighbors = 3311396
Ave neighs/atom = 539.31531
Ave special neighs/atom = 5.6319218
Neighbor list builds = 9126
Dangerous builds = 0

# --- Cleanup ---
unfix npt_fix

undump dump_npt

# --- Write Output ---
write_dump all custom cool_block_15_last.dump id type mol x y z xu yu zu vx vy vz modify sort id
write_data /home/alexzhao/PolyJarvis/data/PEEK_2/attempts/cooling/attempt-0001/work/cool_block_15/cool_block_15_out.data
System init for write_data ...
PPPM Kokkos initialization ...
  using 12-bit tables for long-range coulomb
  G vector (1/distance) = 0.30685656
  grid = 32 32 32
  stencil order = 5
  estimated absolute RMS force accuracy = 0.00038447529
  estimated relative force accuracy = 1.1578359e-06
  using double precision cuFFT
  3d grid and FFT values/proc = 59319 32768
Generated 21 of 21 mixed pair_coeff terms from sixthpower/sixthpower mixing rule
write_restart /home/alexzhao/PolyJarvis/data/PEEK_2/attempts/cooling/attempt-0001/work/cool_block_15/cool_block_15_out.restart
System init for write_restart ...
PPPM Kokkos initialization ...
  using 12-bit tables for long-range coulomb
  G vector (1/distance) = 0.30685656
  grid = 32 32 32
  stencil order = 5
  estimated absolute RMS force accuracy = 0.00038447529
  estimated relative force accuracy = 1.1578359e-06
  using double precision cuFFT
  3d grid and FFT values/proc = 59319 32768
Generated 21 of 21 mixed pair_coeff terms from sixthpower/sixthpower mixing rule

print "STAGE COMPLETE: NPT T=420.0->395.0K P=1.0->1.0atm steps=250000"
STAGE COMPLETE: NPT T=420.0->395.0K P=1.0->1.0atm steps=250000
quit
