units real
atom_style full
boundary p p p

# --- Force Field Styles ---
pair_style lj/class2/coul/long 9.5 9.5
kspace_style pppm 1e-6
dielectric 1.000000
bond_style class2
angle_style class2
dihedral_style class2
improper_style class2
special_bonds lj/coul 0 0 1
pair_modify mix sixthpower tail yes
neighbor 2.0 bin
neigh_modify delay 0 every 1 check yes
neigh_modify one 4000
# KOKKOS: package loaded via -pk kokkos on the command line

read_data /home/alexzhao/PolyJarvis/data/PEEK_3/attempts/cooling/attempt-0001/work/cool_block_10/cool_block_10_out.data
Reading data file ...
  orthogonal box = (4.2480001 4.2480001 4.2480001) to (46.48998 46.48998 46.48998)
  1 by 1 by 1 MPI processor grid
  reading atoms ...
  6140 atoms
  reading velocities ...
  6140 velocities
  scanning bonds ...
  3 = max bonds/atom
  scanning angles ...
  9 = max angles/atom
  scanning dihedrals ...
  18 = max dihedrals/atom
  scanning impropers ...
  4 = max impropers/atom
  orthogonal box = (4.2480001 4.2480001 4.2480001) to (46.48998 46.48998 46.48998)
  1 by 1 by 1 MPI processor grid
  reading bonds ...
  6670 bonds
  reading angles ...
  10620 angles
  reading dihedrals ...
  15820 dihedrals
  reading impropers ...
  3420 impropers
Finding 1-2 1-3 1-4 neighbors ...
  special bond factors lj:    0        0        1       
  special bond factors coul:  0        0        1       
     3 = max # of 1-2 neighbors
     6 = max # of 1-3 neighbors
     9 = max # of special neighbors
  special bonds CPU = 0.003 seconds
  read_data CPU = 0.190 seconds


# --- Thermo Output ---
thermo_style custom step time temp press enthalpy etotal ke pe ebond eangle edihed eimp evdwl ecoul elong etail vol lx ly lz density pxx pyy pzz
thermo_modify flush yes
thermo 1000

# --- Trajectory ---
dump dump_npt all custom 1000 cool_block_11.dump id type mol x y z ix iy iz vx vy vz


# --- Restart Checkpointing ---
restart 10000 npt_1.rst npt_2.rst

# --- Initial Velocities (optional) ---
# Velocities read from data file

# --- SHAKE Constraints ---
# SHAKE disabled

# --- NPT Thermostat + Barostat (Nose-Hoover) ---
# T_damp = 100.0 fs  (heat bath coupling)
# P_damp = 1000.0 fs  (pressure bath coupling, ~10x T_damp typical)
# Ramp: T=520.0->495.0K  P=1.0->1.0atm
timestep 1.0
fix npt_fix all npt temp 520.0 495.0 100.0 iso 1.0 1.0 1000.0

run 250000
PPPM Kokkos initialization ...
  using 12-bit tables for long-range coulomb
  G vector (1/distance) = 0.30586433
  grid = 32 32 32
  stencil order = 5
  estimated absolute RMS force accuracy = 0.0003994407
  estimated relative force accuracy = 1.2029038e-06
  using double precision cuFFT
  3d grid and FFT values/proc = 59319 32768
Generated 21 of 21 mixed pair_coeff terms from sixthpower/sixthpower mixing rule
Neighbor list info ...
  update: every = 1 steps, delay = 0 steps, check = yes
  max neighbors/atom: 4000, page size: 100000
  master list distance cutoff = 11.5
  ghost atom cutoff = 11.5
  binsize = 11.5, bins = 4 4 4
  1 neighbor lists, perpetual/occasional/extra = 1 0 0
  (1) pair lj/class2/coul/long/kk, perpetual
      attributes: full, newton off, kokkos_device
      pair build: full/bin/kk/device
      stencil: full/bin/3d
      bin: kk/device
Per MPI rank memory allocation (min/avg/max) = 28.39 | 28.39 | 28.39 Mbytes
   Step          Time           Temp          Press         Enthalpy        TotEng         KinEng         PotEng         E_bond        E_angle        E_dihed        E_impro         E_vdwl         E_coul         E_long         E_tail         Volume           Lx             Ly             Lz          Density          Pxx            Pyy            Pzz      
         0   0              524.18204     -1815.9854      25618.034      27614.313      9592.1082      18022.204      4301.2967      5053.9504      4996.6004      537.60698     -558.66758      11076.388     -7384.9709     -527.50449      75375.95       42.24198       42.24198       42.24198       1.1436961     -2429.2871     -1468.3117     -1550.3575    
      1000   1000           521.56116      1200.3371      28786.697      27474.364      9544.1483      17930.216      4355.6037      5068.2599      4687.664       516.35565     -402.29553      11090.467     -7385.839      -530.38857      74966.08       42.165275      42.165275      42.165275      1.1499492      2694.53        8.8397733      897.6414     
      2000   2000           528.5125       782.92951      28470.417      27616.185      9671.3521      17944.833      4326.6155      4991.3169      4913.9797      548.14518     -543.80191      11098.134     -7389.5565     -531.47333      74813.071      42.136568      42.136568      42.136568      1.1523011      915.17654      1711.528      -277.91602    
      3000   3000           512.76461     -354.64032      26801.534      27188.077      9383.1785      17804.899      4287.9967      5049.5061      4849.9843      526.47762     -613.99005      11091.199     -7386.2747     -532.0165       74736.689      42.122223      42.122223      42.122223      1.1534788     -1585.8053      1179.3688     -657.48452    
      4000   4000           520.44808     -278.42795      27096.667      27399.855      9523.7797      17876.075      4328.0143      5049.7385      4804.7331      514.03159     -510.06639      11081.093     -7391.469      -532.52002      74666.023      42.108943      42.108943      42.108943      1.1545704      573.19113     -1304.7628     -103.71217    
      5000   5000           515.00879     -518.97197      26681.734      27245.615      9424.2453      17821.37       4326.9038      4958.677       4863.8823      537.96195     -551.04765      11073.987     -7388.9947     -533.69252      74501.985      42.078083      42.078083      42.078083      1.1571126     -1600.8683      1180.9002     -1136.9479    
      6000   6000           515.10774     -754.96612      26566.162      27388.663      9426.056       17962.607      4257.906       5101.8501      4928.248       521.78189     -544.35598      11085.846     -7388.6687     -532.26235      74702.169      42.115737      42.115737      42.115737      1.1540118     -1356.8575      397.01986     -1305.0607    
      7000   7000           513.88203      2738.5834      30364.644      27373.457      9403.6263      17969.831      4367.5499      5211.8566      4698.4914      529.41758     -537.58205      11087.352     -7387.2545     -530.90567      74893.063      42.151581      42.151581      42.151581      1.1510703      2601.1758      4355.0799      1259.4945    
      8000   8000           516.00092     -146.84601      27148.853      27309.446      9442.4003      17867.046      4358.6376      5039.2595      4769.0488      508.39836     -519.54765      11097.602     -7386.3531     -530.2371       74987.495      42.169289      42.169289      42.169289      1.1496208     -1605.6235      474.2325       690.85294    
      9000   9000           519.69559      417.59564      27993.683      27541.908      9510.0099      18031.898      4424.3817      5152.8922      4849.9275      508.77563     -597.27626      11081.101     -7387.9036     -536.00492      74180.573      42.017486      42.017486      42.017486      1.1621261      873.02592     -751.57967      1131.3407    
     10000   10000          520.84224      573.61655      27909.96       27284.205      9530.9926      17753.213      4200.0873      5084.235       4792.5925      509.86142     -526.3751       11083.077     -7390.2653     -531.56003      74800.869      42.134277      42.134277      42.134277      1.1524891      140.98647      705.81816      874.04503    
     11000   11000          517.59452     -515.87497      27052.414      27619.873      9471.5619      18148.312      4384.3086      5119.5738      4882.5566      552.25258     -508.81197      11104.181     -7385.7489     -527.16217      75424.896      42.251121      42.251121      42.251121      1.1429539      274.04313     -2408.2977      586.6297     
     12000   12000          521.40794     -52.961315      27412.62       27470.269      9541.3446      17928.925      4384.4277      5101.8204      4840.0977      508.78628     -605.1166       11086.236     -7387.3265     -532.71972      74638.033      42.103681      42.103681      42.103681      1.1550034      1233.8477     -1232.9635     -159.76813    
     13000   13000          519.15858      189.56845      27477.061      27271.037      9500.183       17770.854      4315.5534      5194.5766      4614.4867      506.65831     -570.37995      11096.289     -7386.3304     -533.55917      74520.604      42.081588      42.081588      42.081588      1.1568235      222.01951     -741.63742      1088.3233    
     14000   14000          509.27999     -762.81768      26364.136      27192.561      9319.4128      17873.149      4438.7319      5073.9638      4734.5759      517.64869     -567.90009      11066.725     -7390.597      -533.95189      74465.795      42.071269      42.071269      42.071269      1.1576749     -1034.0462      331.47442     -1585.8813    
     15000   15000          529.24159     -881.26485      26829.926      27793.904      9684.694       18109.21       4298.4036      5154.8801      4939.8578      528.60787     -497.58988      11074.068     -7389.0182     -530.12011      75004.044      42.172391      42.172391      42.172391      1.1493671     -235.78209     -1089.8995     -1318.113     
     16000   16000          509.3648      -768.67611      26430.037      27267.643      9320.9647      17946.678      4403.56        5086.7876      4887.2235      516.73959     -622.28435      11072.453     -7397.8012     -532.15542      74717.18       42.118558      42.118558      42.118558      1.1537799     -1436.5202     -551.76538     -317.74273    
     17000   17000          520.05182      619.80807      28240.45       27562.641      9516.5286      18046.113      4515.4465      5076.8683      4714.7312      536.20411     -493.37112      11087.935     -7391.7011     -530.25553      74984.889      42.168801      42.168801      42.168801      1.1496607      487.65798      909.67343      462.09282    
     18000   18000          512.31533     -34.327397      27179.301      27216.355      9374.957       17841.398      4340.5522      5051.7459      4792.9629      534.31682     -549.12372      11067.504     -7396.56       -537.19766      74015.87       41.986366      41.986366      41.986366      1.1647122     -638.755        294.89734      240.87546    
     19000   19000          514.58111      952.6015       28507.686      27462.061      9416.419       18045.642      4384.7514      5004.3621      4915.148       523.32069     -461.44316      11070.758     -7391.255      -528.28724      75264.267      42.221107      42.221107      42.221107      1.1453932      244.40141      2252.9794      360.42372    
     20000   20000          516.40717      597.54963      27914.982      27265.614      9449.8344      17815.779      4337.9587      5022.9236      4763.0719      530.60232     -532.97813      11085.74      -7391.5388     -533.60224      74514.589      42.080456      42.080456      42.080456      1.1569168      167.57159     -247.56217      1872.6395    
     21000   21000          517.49676     -505.70527      26814.106      27367.165      9469.7731      17897.392      4168.425       5154.6631      4939.992       535.59167     -585.9067       11077.182     -7392.5547     -530.22571      74989.106      42.169591      42.169591      42.169591      1.1495961      1096.5161     -263.36755     -2350.2643    
     22000   22000          523.90975      921.923        28526.011      27525.452      9587.1256      17938.326      4292.5819      4984.7776      4923.5873      522.98568     -489.01602      11091.842     -7388.4325     -534.30212      74416.984      42.062074      42.062074      42.062074      1.1584343      2099.4863     -816.69012      1482.9728    
     23000   23000          526.67046     -1.7755583      27581.243      27583.185      9637.6442      17945.541      4365.4228      4990.1794      4837.1716      503.50052     -441.22362      11081.089     -7390.5994     -530.24104      74986.939      42.169185      42.169185      42.169185      1.1496293     -652.64603     -293.79898      941.11834    
     24000   24000          514.89994      523.07178      27818.827      27250.763      9422.2532      17828.509      4335.3219      5144.4902      4764.9698      510.42826     -620.00056      11081.746     -7388.4465     -533.94759      74466.395      42.071382      42.071382      42.071382      1.1576656      1315.1484     -1590.4533      1844.5202    
     25000   25000          520.40368      86.531561      27717.869      27623.472      9522.9674      18100.504      4352.445       5174.9445      4876.3729      527.31945     -500.06137      11067.206     -7397.7224     -531.55681      74801.321      42.134362      42.134362      42.134362      1.1524821      2145.8896     -1705.912      -180.38294    
     26000   26000          512.70032      1156.6309      28616.929      27359.389      9382.0021      17977.387      4393.8991      5153.958       4759.2113      511.25379     -534.12341      11077.283     -7384.0946     -533.34456      74550.59       42.087232      42.087232      42.087232      1.1563582      1011.3756      1635.8786      822.63845    
     27000   27000          509.61878     -740.57701      26198.208      27003.628      9325.6123      17678.016      4341.7924      5008.921       4721.7503      474.44937     -563.08685      11082.093     -7387.9033     -533.19035      74572.152      42.091289      42.091289      42.091289      1.1560238     -1429.0773      255.6632      -1048.3169    
     28000   28000          517.48564      2217.0911      29815.893      27391.751      9469.5696      17922.181      4338.2812      5146.887       4722.7607      513.41714     -490.4886       11084.287     -7392.9629     -530.34724      74971.923      42.16637       42.16637       42.16637       1.1498596      2801.4475      1161.7668      2688.0589    
     29000   29000          515.48853      260.29741      27501.619      27220.165      9433.024       17787.141      4323.9794      4949.6845      4914.8899      507.46994     -575.52594      11059.946     -7393.3029     -536.28679      74141.583      42.010123      42.010123      42.010123      1.1627373     -1816.5075      1265.8296      1331.5701    
     30000   30000          518.28026      1374.8155      28664.044      27170.814      9484.1105      17686.704      4165.7633      5115.3799      4786.2285      520.4083      -585.56168      11077.971     -7393.4853     -533.89111      74474.272      42.072865      42.072865      42.072865      1.1575431      2503.6842      1716.7147     -95.952438    
     31000   31000          515.57429     -1665.6627      25595.947      27406.961      9434.5934      17972.367      4303.7785      5075.7173      4908.1869      520.64143     -514.3331       11069.639     -7391.2627     -533.33502      74551.924      42.087483      42.087483      42.087483      1.1563375     -3437.2082     -3119.8801      1560.1002    
     32000   32000          515.85595     -617.95252      26585.872      27258.742      9439.7475      17818.995      4225.1872      5104.0551      4858.3671      510.83775     -568.46361      11076.194     -7387.1829     -532.54775      74662.134      42.108212      42.108212      42.108212      1.1546306     -1629.9181      107.13906     -331.07848    
     33000   33000          511.0707      -1945.9338      25049.31       27192.164      9352.1813      17839.983      4262.5226      5063.9997      4896.8392      497.65114     -565.92148      11077.402     -7392.5103     -526.58717      75507.256      42.266494      42.266494      42.266494      1.1417073     -2575.0025     -1091.9044     -2170.8946    
     34000   34000          514.42966     -376.38937      26850.924      27262.604      9413.6476      17848.956      4298.2246      5103.9382      4810.9621      504.32903     -562.48505      11082.559     -7388.5713     -530.16636      74997.501      42.171165      42.171165      42.171165      1.1494674     -498.15951      175.71271     -806.72131    
     35000   35000          522.46044      642.27404      28117.26       27414.681      9560.6044      17854.076      4320.9191      5047.3647      4767.3171      534.82465     -488.97084      11061.081     -7388.4593     -530.10217      75006.582      42.172867      42.172867      42.172867      1.1493282     -289.82096      776.06356      1440.5795    
     36000   36000          517.24602      192.26135      27534.27       27324.648      9465.1848      17859.464      4239.5199      5159.8654      4769.1205      520.00825     -531.51167      11090.545     -7388.0838     -531.8518       74759.834      42.126571      42.126571      42.126571      1.1531216     -291.58673      388.16068      480.2101     
     37000   37000          514.27128     -851.17441      26354.976      27285.31       9410.7494      17874.561      4234.5812      5034.4267      4908.289       523.13428     -500.28983      11067.244     -7392.8239     -530.53557      74945.309      42.16138       42.16138       42.16138       1.1502679     -870.78603     -1234.2764     -448.46084    
     38000   38000          512.76959      1293.7711      28659.953      27247.385      9383.2696      17864.115      4248.5832      5133.977       4709.3161      515.65038     -440.12259      11086.673     -7389.9623     -531.10815      74864.51       42.146223      42.146223      42.146223      1.1515093     -353.99474      3250.2333      985.07471    
     39000   39000          507.69617     -2769.238       24225.632      27258.514      9290.4301      17968.084      4304.6891      5051.6119      4913.4695      527.95079     -518.8951       11078.085     -7388.8267     -529.46789      75096.437      42.189701      42.189701      42.189701      1.147953      -3288.4041     -2624.8994     -2394.4105    
     40000   40000          529.85811      72.284431      27788.407      27710.205      9695.9758      18014.229      4420.1246      5113.3418      4768.6275      535.76403     -510.72394      11075.621     -7388.5258     -535.99145      74182.437      42.017838      42.017838      42.017838      1.1620969     -518.20793     -590.50331      1325.5645    
     41000   41000          515.1282      -1972.5177      24924.231      27080.607      9426.4303      17654.177      4225.512       4846.6399      4926.757       546.56329     -568.74797      11073.495     -7396.0426     -530.43402      74959.657      42.16407       42.16407       42.16407       1.1500477     -1452.2224     -1888.4957     -2576.8351    
     42000   42000          514.70501     -1006.8028      26083.653      27180.562      9418.6862      17761.876      4261.173       4972.086       4905.8491      521.72218     -584.28889      11078.185     -7392.8502     -532.24124      74705.131      42.116294      42.116294      42.116294      1.153966      -747.50065     -797.56721     -1475.3406    
     43000   43000          522.04385      691.81536      28117.584      27362.851      9552.981       17809.87       4213.2116      5040.4917      4838.2908      513.70875     -485.43013      11077.574     -7387.9766     -531.53443      74804.471      42.134954      42.134954      42.134954      1.1524336     -865.70831      2436.2134      504.94103    
     44000   44000          511.36384     -1671.941       25293.816      27108.123      9357.5456      17750.577      4154.5244      5043.095       4857.0642      529.39789     -519.75143      11078.504     -7392.257      -534.37352      74407.041      42.060201      42.060201      42.060201      1.1585891     -1228.9067     -3261.8385     -525.07774    
     45000   45000          521.6056      -12.623886      27255.066      27268.839      9544.9614      17723.878      4191.9597      5082.5919      4799.1343      502.08275     -519.21538      11062.173     -7394.8479     -531.46865      74813.73       42.136692      42.136692      42.136692      1.1522909      1736.589      -1196.7251     -577.73561    
     46000   46000          511.17723     -1696.0608      25192.797      27050.88       9354.1308      17696.749      4182.4928      5112.6297      4709.9678      504.12987     -487.74883      11069.007     -7393.7294     -529.31129      75118.654      42.193861      42.193861      42.193861      1.1476135     -118.52876     -3330.048      -1639.6056    
     47000   47000          512.03451     -1302.7859      25826.704      27247.053      9369.8182      17877.235      4309.803       5031.0848      4809.2477      533.68662     -483.18964      11070.699     -7394.0973     -531.87895      74756.018      42.125854      42.125854      42.125854      1.1531805     -3895.638       816.2057      -828.92527    
     48000   48000          518.61109      758.53681      28021.666      27201.547      9490.1644      17711.382      4290.3202      5040.6182      4776.9395      504.72186     -579.35814      11068.984     -7390.8432     -536.33265      74135.244      42.008925      42.008925      42.008925      1.1628367     -1290.8149      1909.7131      1656.7122    
     49000   49000          505.85738     -1185.9443      25867.316      27157.323      9256.7818      17900.541      4266.857       5208.342       4808.021       536.44256     -594.52809      11070.204     -7394.7978     -533.09817      74585.047      42.093715      42.093715      42.093715      1.1558239     -1878.2528     -505.42464     -1174.1555    
     50000   50000          516.51289      1273.2081      28639.372      27250.275      9451.7691      17798.506      4302.743       5136.296       4703.3251      515.85807     -517.41004      11053.498     -7395.8034     -531.49822      74809.568      42.13591       42.13591       42.13591       1.152355       1997.4548      687.77413      1134.3955    
     51000   51000          506.15763     -1356.2864      25504.093      26979.003      9262.2761      17716.727      4235.1984      5033.2674      4787.2664      518.0118      -547.78027      11084.176     -7393.413      -533.23758      74565.547      42.090046      42.090046      42.090046      1.1561262     -283.03835     -1013.8853     -2771.9355    
     52000   52000          511.1599       1901.7621      29407.478      27366.618      9353.8136      18012.805      4315.9844      5178.0831      4813.4338      541.63822     -509.71168      11069.036     -7395.6593     -540.35341      73583.606      41.90447       41.90447       41.90447       1.1715542      1423.6774      1527.9958      2753.6131    
     53000   53000          509.58119     -1441.0066      25645.288      27236.629      9324.9244      17911.705      4349.1552      5122.2725      4808.2944      513.06004     -563.42244      11076.09      -7393.7452     -525.09459      75721.884      42.306504      42.306504      42.306504      1.1384712     -1083.9594     -1777.1276     -1461.9327    
     54000   54000          509.02469     -1164.1769      25784.043      27049.594      9314.7409      17734.854      4100.2321      5068.3283      4877.8021      507.06879     -517.5686       11088.289     -7389.2984     -533.42601      74539.207      42.08509       42.08509       42.08509       1.1565347     -1209.0311     -1710.8467     -572.653      
     55000   55000          514.37572      687.30511      27971.735      27226.888      9412.6605      17814.228      4249.0789      5107.8905      4811.9322      513.04415     -546.45215      11068.724     -7389.9905     -535.07844      74309.015      42.041723      42.041723      42.041723      1.1601174     -1543.1575      1726.905       1878.1679    
     56000   56000          518.248        698.79056      27971.154      27209.848      9483.5202      17726.328      4200.8155      5178.9151      4696.6136      498.11508     -530.86412      11078.476     -7395.743      -532.2586       74702.696      42.115836      42.115836      42.115836      1.1540036     -376.94065      646.69793      1826.6144    
     57000   57000          508.8859       1192.3073      28453.251      27153.006      9312.2012      17840.805      4264.8035      5136.7515      4740.7153      508.69377     -492.37029      11072.112     -7389.9003     -531.73847      74775.767      42.129563      42.129563      42.129563      1.1528759      773.22537      424.89897      2378.7976    
     58000   58000          515.91386      82.739224      27513.975      27423.803      9440.8072      17982.996      4370.3755      5018.0854      4857.7388      539.30675     -502.37604      11085.288     -7385.4223     -532.08029      74727.73       42.12054       42.12054       42.12054       1.153617      -8.2674393     -244.72529      501.2104     
     59000   59000          514.88023      1116.753       28383.488      27164.961      9421.8926      17743.068      4306.8403      5090.9189      4576.8172      499.88908     -423.41895      11077.848     -7385.8267     -531.44303      74817.337      42.137369      42.137369      42.137369      1.1522354      1066.9097      2713.0992     -429.74989    
     60000   60000          511.32723     -408.26787      26782.712      27227.592      9356.8757      17870.717      4253.9004      5023.2714      4912.8046      532.35628     -543.85885      11081.222     -7388.9792     -532.15333      74717.472      42.118613      42.118613      42.118613      1.1537754      60.100505     -233.50596     -1051.3982    
     61000   61000          522.49811     -866.22693      26487.027      27436.69       9561.2937      17875.396      4235.4233      5028.8979      4906.1551      542.59632     -539.70476      11091.5       -7389.4723     -528.92876      75172.982      42.20403       42.20403       42.20403       1.1467841     -436.67172     -1294.4292     -867.57985    
     62000   62000          513.48978      414.22873      27671.158      27216.836      9396.4485      17820.388      4364.0937      5019.9797      4713.1701      533.22002     -504.64239      11081.617     -7387.0506     -528.70221      75205.194      42.210058      42.210058      42.210058      1.1462929      839.54715     -312.22028      715.3593     
     63000   63000          520.32662      2155.0351      29664.063      27302.14       9521.5573      17780.583      4252.6181      4968.6831      4809.7068      517.76059     -457.05304      11077.443     -7388.576      -529.08246      75151.144      42.199943      42.199943      42.199943      1.1471174      1625.6638      3201.3971      1638.0445    
     64000   64000          510.2227       2229.7056      29464.552      27032.769      9336.6635      17696.105      4203.4322      5063.7826      4716.9992      493.33494     -468.83761      11073.91      -7386.5164     -531.68871      74782.765      42.130878      42.130878      42.130878      1.1527681      4234.2204      2380.8264      74.069954    
     65000   65000          513.40091      1352.9136      28642.453      27168.927      9394.8223      17774.105      4272.3379      5060.3163      4751.6501      504.68864     -507.86624      11082.943     -7389.9646     -532.411        74681.311      42.111817      42.111817      42.111817      1.1543341      312.79051      595.77256      3150.1778    
     66000   66000          518.4226      -1966.9708      25206.507      27343.609      9486.7152      17856.894      4269.367       5079.2282      4971.6906      509.71941     -642.60399      11063.707     -7394.2145     -533.71257      74499.186      42.077556      42.077556      42.077556      1.157156      -1537.1294     -1239.6874     -3124.0957    
     67000   67000          521.79974     -1698.325       25409.956      27261.495      9548.514       17712.981      4178.5263      5001.8464      4941.6298      494.33322     -589.22726      11078.085     -7392.2127     -531.89138      74754.27       42.125526      42.125526      42.125526      1.1532075     -1235.4991     -3678.8153     -180.66068    
     68000   68000          507.89077      814.16687      27816.131      26934.507      9293.9912      17640.515      4260.5896      5038.4146      4727.7565      500.35403     -582.38235      11088.236     -7392.4526     -535.50656      74249.607      42.030516      42.030516      42.030516      1.1610456      1659.9085      1945.9283     -1163.3362    
     69000   69000          516.10144     -689.74146      26532.926      27288.858      9444.2398      17844.618      4306.2905      5067.7014      4829.8536      524.22606     -580.8976       11084.207     -7386.7631     -529.10076      75148.544      42.199457      42.199457      42.199457      1.1471571     -755.50041     -15.387808     -1298.3362    
     70000   70000          513.6781       1152.4406      28457.315      27200.091      9399.8947      17800.196      4230.8778      5173.9152      4800.8384      512.93026     -592.58741      11067.655     -7393.4335     -531.54602      74802.841      42.134647      42.134647      42.134647      1.1524587      748.56159      1560.1941      1148.5661    
     71000   71000          512.84683     -512.0278       26706.707      27266.718      9384.6831      17882.035      4220.0233      5129.5281      4891.9763      508.70229     -547.15492      11076.059     -7397.0992     -530.18979      74994.187      42.170544      42.170544      42.170544      1.1495182     -494.49        -881.88767     -159.70572    
     72000   72000          503.27436     -2375.8774      24571.347      27180.974      9209.5147      17971.459      4298.7168      5168.8066      4837.5464      539.3242      -561.47602      11078.571     -7390.0295     -527.93499      75314.486      42.230495      42.230495      42.230495      1.1446295     -3603.2748     -3094.4185     -429.93879    
     73000   73000          511.68309      463.24337      27515.341      27009.288      9363.3876      17645.9        4219.5289      5028.6978      4737.0777      495.70851     -511.547        11073.395     -7396.9603     -530.82119      74904.983      42.153817      42.153817      42.153817      1.1508872     -1132.3222      1549.3087      972.74366    
     74000   74000          512.18395      1075.5488      28376.547      27203.32       9372.5529      17830.767      4191.4501      5110.1514      4776.8838      547.84317     -465.76235      11067.284     -7397.0827     -531.5976       74795.582      42.133284      42.133284      42.133284      1.1525705      1618.5784      91.974021      1516.0939    
     75000   75000          506.85611     -631.17245      26483.284      27173.36       9275.0577      17898.302      4295.2937      5032.308       4897.2395      528.83685     -547.81621      11081.93      -7389.4901     -530.37856      74967.495      42.16554       42.16554       42.16554       1.1499275     -1591.3073      465.35489     -767.56494    
     76000   76000          512.64239      409.74509      27545.16       27097.838      9380.942       17716.896      4314.4538      5113.8385      4665.678       504.74202     -570.90443      11077.006     -7387.9181     -531.16333      74856.734      42.144764      42.144764      42.144764      1.151629      -1397.2495      398.24569      2228.239     
     77000   77000          511.48485     -702.82828      26437.162      27208.211      9359.76        17848.451      4319.0705      5031.6948      4844.7616      518.11377     -542.61186      11066.743     -7389.3207     -528.56978      75224.036      42.213582      42.213582      42.213582      1.1460058      1508.5132     -2107.1941     -1509.804     
     78000   78000          515.42613      64.381487      27340.11       27269.235      9431.8821      17837.353      4242.5798      5110.6082      4805.0141      516.10555     -506.96444      11059.141     -7389.1317     -526.74741      75484.286      42.262208      42.262208      42.262208      1.1420547      968.75195      860.94675     -1636.5542    
     79000   79000          508.92883     -937.08757      26083.466      27104.809      9312.9869      17791.822      4302.3143      5073.0982      4783.4568      494.42168     -552.22757      11082.154     -7391.395      -532.03905      74733.522      42.121628      42.121628      42.121628      1.1535276     -1878.9309     -1089.2173      156.88556    
     80000   80000          522.74917      1254.6559      28860.309      27491.218      9565.8878      17925.33       4411.0206      4984.1127      4814.6299      531.87476     -508.72419      11075.918     -7383.501      -531.40703      74822.405      42.13832       42.13832       42.13832       1.1521573      423.83841      731.90995      2608.2194    
     81000   81000          511.03104      1092.4332      28221.827      27039.559      9351.4556      17688.103      4262.9467      5066.1426      4687.4435      499.0831      -538.18159      11093.339     -7382.6697     -535.81352      74207.071      42.022488      42.022488      42.022488      1.1617112      2978.2135      882.05728     -582.97123    
     82000   82000          520.04185     -482.88907      26727.941      27256.637      9516.3461      17740.291      4257.8478      5016.0079      4795.7617      529.66334     -539.74029      11070.123     -7389.3722     -529.63424      75072.85       42.185283      42.185283      42.185283      1.1483137      86.491863     -438.53993     -1096.6191    
     83000   83000          509.22156     -702.81042      26311.416      27076.856      9318.3435      17758.512      4347.0671      5027.6481      4731.0975      509.75179     -549.09327      11080.497     -7388.4558     -532.4295       74678.717      42.111329      42.111329      42.111329      1.1543742     -3244.9417      796.2994       340.21108    
     84000   84000          506.98243      21.605527      26955.678      26932.162      9277.3692      17654.793      4235.2189      5035.294       4764.7395      516.2571      -565.31489      11057.619     -7389.0206     -532.78444      74628.966      42.101976      42.101976      42.101976      1.1551437     -1000.8311      1886.0349     -820.38727    
     85000   85000          508.37547     -629.25435      26489.785      27176.785      9302.8607      17873.925      4281.0828      5102.3134      4830.301       516.06437     -548.73542      11079.808     -7386.9097     -531.13435      74860.818      42.14553       42.14553       42.14553       1.1515661     -2133.7957      601.57764     -355.54493    
     86000   86000          512.76246     -1877.9517      24895.059      26961.596      9383.1392      17578.457      4104.9547      5001.9569      4852.8661      521.61746     -574.63587      11061.54      -7389.8425     -526.95802      75454.117      42.256577      42.256577      42.256577      1.1425113     -3112.5334     -2635.4515      114.12973    
     87000   87000          514.54803     -120.44309      27086.53       27217.541      9415.8136      17801.727      4282.1929      5055.2599      4857.0046      521.44792     -608.43692      11083.172     -7388.9129     -533.10089      74584.667      42.093643      42.093643      42.093643      1.1558298      275.93087     -184.84144     -452.4187     
     88000   88000          514.79971     -351.69632      26681.443      27066.07       9420.4192      17645.65       4234.8828      5000.1275      4784.2605      516.0909      -552.34971      11057.864     -7395.2255     -530.22914      74988.621      42.1695        42.1695        42.1695        1.1496035      1284.6722     -20.938522     -2318.8227    
     89000   89000          506.80034      889.19113      28235.821      27268.998      9274.0372      17994.961      4368.6895      5078.9979      4858.4795      537.16422     -538.26439      11078.171     -7388.2771     -533.31405      74554.855      42.088034      42.088034      42.088034      1.156292      -7.89885        1954.8579      720.6143     
     90000   90000          513.20539     -2254.862       24588.486      27057.006      9391.2445      17665.761      4156.6039      4994.9788      4964.4403      494.55557     -642.13295      11083.993     -7386.6774     -529.68578      75065.545      42.183915      42.183915      42.183915      1.1484255     -2833.0646     -944.41806     -2987.1034    
     91000   91000          509.21618     -799.43612      26328.641      27208.239      9318.2451      17889.994      4303.8525      5024.0228      4906.1852      531.30088     -572.44322      11088.561     -7391.4849     -527.02886      75443.974      42.254684      42.254684      42.254684      1.1426649      1237.0387     -2595.8934     -1039.4537    
     92000   92000          515.26538     -739.27691      26276.855      27076.547      9428.9405      17647.606      4069.9183      5121.1179      4835.0046      511.90641     -572.7224       11070.867     -7388.4855     -536.06748      74171.916      42.015851      42.015851      42.015851      1.1622618     -172.44422     -773.45156     -1271.9349    
     93000   93000          517.72068     -1436.8329      25589.237      27159.706      9473.8706      17685.836      4198.7991      5070.7475      4764.8805      515.68311     -551.26046      11076.166     -7389.1802     -530.53204      74945.808      42.161474      42.161474      42.161474      1.1502602     -1299.8338     -3288.915       278.25012    
     94000   94000          508.70726      411.66511      27130.75       26685.41       9308.9323      17376.478      4171.4011      4928.2332      4664.2325      471.62365     -568.28253      11091.657     -7382.3875     -536.02804      74177.373      42.016882      42.016882      42.016882      1.1621763      786.02908     -1447.3421      1896.3083    
     95000   95000          514.15284      1905.9601      29248.845      27179.279      9408.582       17770.697      4229.6256      5070.201       4792.5942      521.23182     -535.03546      11080.914     -7388.8339     -534.03475      74454.241      42.069093      42.069093      42.069093      1.1578546      1197.5593      4400.4413      119.87979    
     96000   96000          504.68009      2347.1543      29695.058      27139.207      9235.2383      17903.969      4395.8076      5073.2013      4790.5072      523.70591     -555.38338      11069.384     -7393.2539     -532.52629      74665.144      42.108778      42.108778      42.108778      1.154584       2657.5419      985.36538      3398.5557    
     97000   97000          503.16814      1485.8592      28365.495      26757.742      9207.5708      17550.172      4275.1961      4908.8055      4679.823       521.93215     -532.5786       11085.431     -7388.4372     -535.9116       74193.49       42.019924      42.019924      42.019924      1.1619238      2572.9419      470.5289       1414.1066    
     98000   98000          517.57105      1468.5473      28755.475      27166.541      9471.1325      17695.408      4273.4277      5046.2369      4694.2089      521.34668     -536.01128      11083.008     -7386.809      -535.94094      74189.429      42.019158      42.019158      42.019158      1.1619874      1471.8995      234.87784      2698.8645    
     99000   99000          506.95819      1298.6718      28420.304      27001.342      9276.9257      17724.416      4191.7187      5098.9872      4812.0288      518.84346     -598.5458       11094.561     -7393.1766     -530.71759      74919.605      42.156559      42.156559      42.156559      1.1506625      482.41423      2501.8714      911.72963    
    100000   100000         499.59718     -1188.4416      25714.143      27005.815      9142.2252      17863.59       4335.6631      5171.3944      4800.5467      517.99497     -656.85764      11084.783     -7389.9346     -533.53201      74524.398      42.082302      42.082302      42.082302      1.1567646     -2043.7333     -1430.5808     -91.010756    
    101000   101000         505.67288     -439.68643      26348.965      26827.35       9253.4055      17573.944      4154.4134      5151.8532      4655.1525      524.41493     -592.87021      11072.206     -7391.2256     -532.96736      74603.352      42.097158      42.097158      42.097158      1.1555403     -458.57298      945.55664     -1806.0429    
    102000   102000         512.81482      1891.9937      28986.315      26946.071      9384.0972      17561.973      4188.6767      5014.9762      4701.268       508.63773     -543.35327      11081.959     -7390.1906     -537.74002      73941.217      41.972245      41.972245      41.972245      1.1658881      2457.8398      2212.6474      1005.494     
    103000   103000         506.32951      2538.2604      29789.967      27022.629      9265.4214      17757.208      4323.7655      5064.609       4731.1756      509.56838     -566.47634      11084.859     -7390.2929     -531.87412      74756.697      42.125982      42.125982      42.125982      1.15317        3144.3961      3192.9444      1277.4408    
    104000   104000         513.20344      174.90431      27431.524      27242.856      9391.2087      17851.648      4349.0926      5055.4167      4796.9526      524.5003      -562.64537      11080.538     -7392.207      -537.57308      73964.18       41.976589      41.976589      41.976589      1.1655261     -739.92325      642.5098       622.12637    
    105000   105000         508.51147      555.12496      27584.156      26982.954      9305.3494      17677.605      4173.2185      5052.2539      4757.7251      514.47061     -512.70261      11077.861     -7385.2218     -535.43358      74259.728      42.032425      42.032425      42.032425      1.1608874      2250.8773     -1107.4669      521.96451    
    106000   106000         495.52039     -1136.4828      25631.862      26878.729      9067.6232      17811.106      4163.4462      5098.2767      4826.7991      521.8597      -518.02507      11102.431     -7383.6819     -528.53967      75228.321      42.214384      42.214384      42.214384      1.1459405     -623.61998     -1321.1529     -1464.6755    
    107000   107000         504.48217      1104.0539      28263.065      27068.487      9231.6166      17836.87       4266.7256      5113.2235      4811.3025      533.12921     -601.44698      11096.771     -7382.8347     -535.93315      74190.507      42.019361      42.019361      42.019361      1.1619705      820.40613      1630.6025      861.15302    
    108000   108000         502.99913      483.83029      27443.808      26921.082      9204.4782      17716.604      4249.5574      5091.5546      4773.9102      511.88378     -618.2697       11092.608     -7384.6403     -536.72747      74080.71       41.998622      41.998622      41.998622      1.1636927      369.87024      844.65496      236.96568    
    109000   109000         506.88804     -346.76715      26467.256      26846.119      9275.642       17570.477      4241.9143      4961.4974      4734.6444      487.16274     -559.52916      11088.051     -7383.2634     -530.75062      74914.941      42.155685      42.155685      42.155685      1.1507342     -400.79079      356.08689     -995.59755    
    110000   110000         513.84556      603.01576      27807.41       27155.526      9402.959       17752.567      4211.1269      4977.7985      4931.4163      527.14693     -582.31013      11076.284     -7388.8949     -536.40554      74125.17       42.007023      42.007023      42.007023      1.1629947      974.96842      180.98214      653.09672    
    111000   111000         504.92127      1571.5043      28648.954      26941.795      9239.6518      17702.144      4314.761       5031.6616      4680.1869      502.69447     -529.51013      11090.388     -7388.0379     -533.79748      74487.336      42.075325      42.075325      42.075325      1.1573401      762.29108      3503.1187      449.10308    
    112000   112000         516.74465     -1617.9852      25624.227      27386.56       9456.01        17930.55       4292.3633      5119.0599      4906.1323      537.06355     -617.26551      11079.197     -7386.0003     -532.37947      74685.735      42.112648      42.112648      42.112648      1.1542657     -3044.4003     -1226.9479     -582.6074     
    113000   113000         507.25145     -526.27345      26395.833      26971.426      9282.2921      17689.134      4143.2486      5016.652       4892.96        514.90307     -593.23828      11101.821     -7387.2121     -530.18905      74994.292      42.170563      42.170563      42.170563      1.1495166     -55.78211      -1167.8941     -355.14415    
    114000   114000         510.46654      379.72137      27534.14       27119.665      9341.1257      17778.539      4350.0766      5059.5909      4772.8602      488.90255     -574.63616      11073.432     -7391.6872     -531.2533       74844.056      42.142385      42.142385      42.142385      1.151824      -1027.7982      1203.3091      963.65321    
    115000   115000         514.22464     -801.25798      26355.631      27220.135      9409.8959      17810.239      4291.1961      5112.1524      4808.5655      528.49942     -606.24543      11067.676     -7391.6047     -537.45222      73980.813      41.979736      41.979736      41.979736      1.1652641     -2028.4597     -319.11965     -56.194574    
    116000   116000         507.46361      1339.2175      28400.639      26957.783      9286.1744      17671.608      4263.436       4984.7749      4816.6288      531.79504     -619.85932      11086.904     -7392.0713     -538.2238       73874.756      41.959666      41.959666      41.959666      1.166937       2191.1205     -1668.8634      3495.3955    
    117000   117000         502.45918      1399.3111      28415.37       26898.949      9194.5974      17704.351      4237.2586      5026.1241      4769.2097      529.9386      -558.68527      11088.507     -7388.0015     -535.09319      74306.968      42.041336      42.041336      42.041336      1.1601494     -1334.8057      2982.3652      2550.3738    
    118000   118000         508.23363      875.80254      27949.442      26995.072      9300.2652      17694.807      4326.2234      5045.4472      4691.5052      515.05957     -574.929        11075.532     -7384.0309     -532.13833      74719.579      42.119008      42.119008      42.119008      1.1537429      439.25527      2592.1779     -404.0256     
    119000   119000         516.87631     -825.92258      26267.998      27170.926      9458.4193      17712.507      4215.6896      5035.0265      4857.2154      519.30183     -618.31076      11089.879     -7386.2951     -530.42149      74961.427      42.164402      42.164402      42.164402      1.1500206     -2594.4617      1303.6809     -1186.987     
    120000   120000         507.58673      886.14702      27897.473      26925.747      9288.4276      17637.32       4208.9008      5114.8169      4661.3624      519.11174     -567.97743      11086.4       -7385.2949     -528.80645      75190.368      42.207284      42.207284      42.207284      1.146519       1721.8382      705.55954      231.04333    
    121000   121000         509.59265      427.04589      27617.87       27155.466      9325.1342      17830.332      4352.2505      5032.8651      4787.0562      546.22274     -565.66257      11068.268     -7390.6688     -535.53403      74245.8        42.029797      42.029797      42.029797      1.1611052     -928.35855      254.26373      1955.2325    
    122000   122000         506.35091     -1441.2718      25252.776      26834.931      9265.813       17569.118      4169.6801      5070.8821      4724.8982      495.74835     -574.79992      11068.9       -7386.1913     -528.24077      75270.889      42.222345      42.222345      42.222345      1.1452925     -3774.3258      339.21053     -888.70016    
    123000   123000         503.68256      1106.4097      28125.938      26911.753      9216.9843      17694.768      4243.2483      5024.4526      4754.0578      530.96371     -558.29068      11084.902     -7384.5658     -528.40376      75247.671      42.218003      42.218003      42.218003      1.1456459      2090.8575     -305.97546      1534.3469    
    124000   124000         511.84242      386.75655      27422.05       27002.502      9366.3031      17636.199      4317.6141      5118.7553      4593.6429      494.23744     -586.53931      11084.154     -7385.6654     -534.55282      74382.082      42.055498      42.055498      42.055498      1.1589778     -1453.7229      523.25755      2090.735     
    125000   125000         509.03321      528.06762      27556.09       26983.373      9314.8969      17668.476      4300.5633      5017.2872      4729.4844      505.82342     -577.09887      11081.876     -7389.4593     -534.66784      74366.081      42.052482      42.052482      42.052482      1.1592272      304.79376      36.73467       1242.6744    
    126000   126000         497.93578     -372.4828       26336.281      26738.138      9111.8228      17626.315      4221.9172      4996.6042      4793.6812      505.77911     -593.0324       11090.28      -7388.9142     -537.48883      73975.774      41.978783      41.978783      41.978783      1.1653434      177.85833     -953.8505      -341.45624    
    127000   127000         506.18942      875.70504      27816.366      26864.044      9262.8579      17601.186      4267.6411      5032.0314      4725.4919      501.31228     -592.17922      11059.616     -7392.7281     -533.22281      74567.613      42.090435      42.090435      42.090435      1.1560942      598.26963     -821.59423      2850.4397    
    128000   128000         516.08655     -259.74905      26797.311      27078.854      9443.9673      17634.887      4219.5764      5019.761       4739.3418      544.88259     -577.41172      11071.499     -7382.7616     -534.98663      74321.768      42.044128      42.044128      42.044128      1.1599184     -706.18656      679.97898     -753.03956    
    129000   129000         510.09397     -620.9733       26459.94       27136.742      9334.308       17802.434      4364.8947      4974.2112      4856.8582      520.75778     -588.71916      11059.64      -7385.2087     -532.04173      74733.145      42.121557      42.121557      42.121557      1.1535335     -2766.8876      788.78361      115.18407    
    130000   130000         508.66297      728.5881       27785.215      26993.345      9308.1218      17685.223      4304.0669      5090.0638      4684.6105      485.76851     -550.68496      11062.061     -7390.6626     -533.5349       74523.994      42.082226      42.082226      42.082226      1.1567708      29.710543     -106.10019      2262.1539    
    131000   131000         501.72519      1047.2821      27748.867      26621.61       9181.166       17440.444      4034.6055      4936.6872      4790.0304      490.22979     -479.18802      11061.007     -7392.9277     -538.73566      73804.567      41.946373      41.946373      41.946373      1.1680467      2758.4426      758.36942     -374.9659     
    132000   132000         508.55009      394.64843      27295.431      26869.302      9306.0562      17563.246      4246.2747      4960.4911      4732.4951      493.98247     -563.60187      11084.474     -7390.87       -537.03673      74038.05       41.990559      41.990559      41.990559      1.1643632     -555.92412      925.20971      814.6597     
    133000   133000         503.36995     -754.878        26024.449      26845.095      9211.2639      17633.831      4235.3679      5037.4279      4755.5155      519.36846     -604.99925      11077.608     -7386.4576     -533.40303      74542.418      42.085694      42.085694      42.085694      1.1564849     -240.75811     -1533.6571     -490.21874    
    134000   134000         505.72341      704.0167       27713.893      26946.91       9254.3303      17692.579      4289.709       5114.4468      4675.0797      511.383       -571.4317       11066.322     -7392.93       -532.27013      74701.077      42.115532      42.115532      42.115532      1.1540286      522.75458     -365.81222      1955.1077    
    135000   135000         507.07518     -1248.1478      25516.636      26868.956      9279.0664      17589.889      4226.8082      5042.0596      4844.9369      476.2899      -673.21059      11063.926     -7390.9213     -535.20653      74291.231      42.038368      42.038368      42.038368      1.1603951     -1570.2986     -306.51226     -1867.6326    
    136000   136000         507.21873      810.78573      27638.839      26760.308      9281.6933      17478.615      4167.6534      5055.5113      4725.0444      505.58472     -649.91977      11065.98      -7391.2396     -535.16003      74297.687      42.039586      42.039586      42.039586      1.1602943      2871.8471      2081.7722     -2521.262     
    137000   137000         503.72489     -1505.6991      25395.692      27038.098      9217.7589      17820.339      4282.5693      5142.1208      4820.3615      532.41765     -638.26659      11071.189     -7390.0526     -531.60923      74793.946      42.132977      42.132977      42.132977      1.1525957     -507.46564     -3381.9902     -627.64138    
    138000   138000         506.82126     -1134.9993      25666.226      26905.978      9274.4199      17631.558      4238.3756      4977.973       4774.6719      497.71239     -571.45164      11097.249     -7382.9723     -530.8791       74896.812      42.152284      42.152284      42.152284      1.1510127     -2159.3881     -184.83841     -1060.7714    
    139000   139000         505.88796      2319.2603      29363.868      26841.052      9257.3414      17583.71       4306.0665      5115.3205      4512.6332      500.42568     -544.23909      11078.95      -7385.447      -533.08771      74586.511      42.09399       42.09399       42.09399       1.1558013      2604.12        1934.101       2419.5599    
    140000   140000         503.53419      622.79976      27557.63       26878.755      9214.2692      17664.486      4209.5063      5080.5954      4785.9259      494.24788     -568.03957      11056.313     -7394.0631     -531.97774      74742.134      42.123246      42.123246      42.123246      1.1533947     -1383.2774      711.87858      2539.7981    
    141000   141000         508.50335      2058.7023      29256.405      27022.059      9305.2009      17716.858      4372.7073      4949.799       4730.4248      527.26988     -530.15441      11062.703     -7395.8916     -534.29113      74418.514      42.062363      42.062363      42.062363      1.1584104      86.099955      3413.665       2676.342     
    142000   142000         505.4352       2715.6303      29803.807      26850.252      9249.0561      17601.196      4270.0049      4974.6         4707.0846      517.51582     -549.75911      11069         -7387.2507     -533.16351      74575.906      42.091995      42.091995      42.091995      1.1559656      2844.4476     -1288.669       6591.1123    
    143000   143000         508.33223     -324.76914      26395.519      26747.004      9302.0695      17444.934      4147.1579      4999.0135      4751.4818      519.56543     -650.9776       11064.385     -7385.6919     -535.80076      74208.838      42.022822      42.022822      42.022822      1.1616835     -1442.7989      1026.8202     -558.32873    
    144000   144000         505.57523     -1141.2842      25745.986      26978.387      9251.6187      17726.768      4229.9951      5077.1254      4871.7924      521.71828     -654.18212      11069.819     -7389.4998     -537.00274      74042.736      41.991445      41.991445      41.991445      1.1642895     -1584.7716     -901.11304     -937.96786    
    145000   145000         512.18432      812.13475      27849.517      26958.936      9372.5596      17586.377      4267.4082      5072.0871      4639.2833      501.57265     -582.5935       11075.423     -7386.8039     -528.79803      75191.566      42.207508      42.207508      42.207508      1.1465007      3316.7794     -808.3921      -71.983109    
    146000   146000         509.86939      551.19542      27473.975      26873.977      9330.1984      17543.779      4297.7682      5006.5338      4682.9882      506.86178     -611.79148      11055.371     -7393.9531     -532.7094       74639.479      42.103952      42.103952      42.103952      1.154981      -139.33293      1074.9818      717.93738    
    147000   147000         500.5631       2499.2069      29476.461      26768.25       9159.9008      17608.349      4302.5126      4965.0604      4686.0232      508.55245     -541.54694      11077.086     -7389.3384     -535.1241       74302.674      42.040527      42.040527      42.040527      1.1602164      3284.4645      4175.3764      37.77996     
    148000   148000         514.71158     -340.72261      26702.796      27073.593      9418.8064      17654.787      4250.6739      4919.9143      4851.9281      516.08468     -565.93335      11072.869     -7390.7501     -532.84302      74620.761      42.100433      42.100433      42.100433      1.1552708     -667.79199      256.72874     -611.10458    
    149000   149000         503.49265      339.33923      27249.535      26879.112      9213.5091      17665.603      4248.8035      5078.7469      4709.4511      520.49985     -572.60953      11066.753     -7386.0416     -531.21594      74849.32       42.143372      42.143372      42.143372      1.151743      -1108.6168      1330.7001      795.93441    
    150000   150000         504.95289     -837.41718      25791.906      26694.77       9240.2303      17454.54       4068.1244      5033.9911      4823.9283      495.51695     -628.32564      11056.719     -7395.4148     -537.84175      73927.232      41.969599      41.969599      41.969599      1.1661086     -414.51808     -2719.5382      621.80471    
    151000   151000         497.76846      273.44464      26879.585      26583.858      9108.7611      17475.097      4075.6405      4964.6555      4798.405       514.69549     -554.44903      11063.724     -7387.5749     -536.18244      74156.013      42.012848      42.012848      42.012848      1.162511      -1147.8313      1318.0236      650.14164    
    152000   152000         507.65346     -424.15677      26448.414      26911.846      9289.6486      17622.198      4111.9133      4981.1491      4878.5941      554.76381     -585.89017      11072.05      -7390.3824     -530.73149      74917.643      42.156191      42.156191      42.156191      1.1506927     -1704.6367      755.70236     -323.53592    
    153000   153000         512.96311      2260.5429      29531.531      27083.925      9386.811       17697.114      4205.4468      5031.6445      4774.8843      528.2561      -522.9189       11069.601     -7389.7998     -535.55759      74242.533      42.029181      42.029181      42.029181      1.1611563      2340.5249      3446.8217      994.28205    
    154000   154000         505.65089      1115.9265      28065.089      26858.962      9253.0033      17605.959      4123.0026      5083.2228      4754.4851      501.04806     -557.53332      11089.376     -7387.6426     -536.50946      74110.812      42.00431       42.00431       42.00431       1.1632201      1404.7322      284.28937      1658.758     
    155000   155000         506.09057     -438.1469       26271.539      26745.933      9261.0491      17484.884      4236.5235      5029.1413      4679.2141      500.04605     -646.54956      11076.094     -7389.5859     -535.56872      74240.99       42.02889       42.02889       42.02889       1.1611804     -115.93466     -224.88296     -973.62308    
    156000   156000         507.27486      1739.2839      28798.35       26922.905      9282.7205      17640.184      4308.3929      4930.3038      4818.3921      542.64876     -633.65026      11062.05      -7387.9528     -537.77527      73936.371      41.971328      41.971328      41.971328      1.1659645      4101.4386      2829.6335     -1713.2204    
    157000   157000         510.89401     -815.70297      26142.17       27024.689      9348.948       17675.741      4232.625       4983.1831      4885.772       497.38149     -592.84266      11060.362     -7390.7402     -535.97262      74185.043      42.01833       42.01833       42.01833       1.1620561     -1459.793      -393.55734     -593.7586     
    158000   158000         509.37798     -762.88845      26116.502      26943.327      9321.206       17622.121      4153.6708      4942.0736      4924.0296      532.92678     -624.08892      11081.9       -7388.3899     -535.03487      74315.067      42.042864      42.042864      42.042864      1.1600229     -210.62301     -526.53138     -1551.5109    
    159000   159000         504.86458      69.564161      26920.141      26844.173      9238.6144      17605.558      4172.9387      5070.4501      4762.5382      521.85938     -607.66632      11077.025     -7391.5864     -530.99383      74880.63       42.149248      42.149248      42.149248      1.1512615      56.073438      1399.8689     -1247.2498    
    160000   160000         501.15675      396.43492      27338.051      26908.06       9170.764       17737.296      4263.1525      5014.7881      4832.153       513.86339     -572.02513      11072.176     -7386.8122     -534.62199      74372.459      42.053684      42.053684      42.053684      1.1591278      249.47873      143.73905      796.08698    
    161000   161000         508.94322     -569.97851      26120.938      26737.681      9313.2502      17424.431      4115.531       5060.8487      4686.4737      525.16586     -672.86326      11092.987     -7383.712      -535.90694      74194.136      42.020046      42.020046      42.020046      1.1619137     -136.95484     -660.48236     -912.49834    
    162000   162000         497.38616     -731.76807      26000.264      26800.52       9101.7652      17698.754      4230.7192      5121.4006      4719.0915      515.19999     -585.93744      11088.217     -7389.937      -530.24875      74985.848      42.168981      42.168981      42.168981      1.149646      -1526.7013     -711.29469      42.691777    
    163000   163000         511.22057     -2751.9626      23844.371      26821.739      9354.9238      17466.816      4132.658       5040.1783      4779.4928      484.89725     -663.65981      11085.671     -7392.4214     -535.97536      74184.665      42.018258      42.018258      42.018258      1.162062      -2203.3345     -3082.7605     -2969.7927    
    164000   164000         503.59243     -1102.9042      25611.546      26810.88       9215.335       17595.545      4175.4106      4948.1082      4886.5041      511.41666     -604.94045      11072.393     -7393.3469     -533.25172      74563.57       42.089674      42.089674      42.089674      1.1561569     -872.23775     -490.10959     -1946.3651    
    165000   165000         508.71838      256.23748      27312.385      27031.077      9309.1357      17721.941      4352.8382      5123.4636      4619.1454      486.21732     -555.01302      11080.657     -7385.3674     -528.19742      75277.066      42.2235        42.2235        42.2235        1.1451985      329.45603     -2569.3877      3008.6442    
    166000   166000         497.50968     -569.47401      26024.156      26640.808      9104.0256      17536.782      4180.546       5003.1144      4709.461       506.29067     -576.74958      11096.424     -7382.3038     -535.5112       74248.964      42.030394      42.030394      42.030394      1.1610557     -630.14005     -113.38676     -964.89521    
    167000   167000         505.94163      2289.9618      29286.657      26820.379      9258.3235      17562.056      4234.3695      4971.988       4741.9452      502.23919     -562.71338      11061.746     -7387.5189     -538.41981      73847.862      41.954573      41.954573      41.954573      1.1673619      2054.368       4180.5026      635.01471    
    168000   168000         493.43989     -195.31392      26439.42       26651.334      9029.5518      17621.782      4288.005       5117.0457      4613.9878      518.14146     -594.93538      11067.879     -7388.3422     -534.45399      74395.837      42.05809       42.05809       42.05809       1.1587635     -1122.4299      924.03332     -387.54514    
    169000   169000         491.60116      465.49139      27089.118      26584.721      8995.9045      17588.816      4115.0207      5030.6152      4839.3259      516.02777     -613.92486      11086.689     -7384.938      -535.14731      74299.452      42.039919      42.039919      42.039919      1.1602667      1112.2817      334.58608     -50.393627    
    170000   170000         507.06023      1772.0567      28654.576      26721.595      9278.793       17442.802      4205.5732      4963.6214      4621.7237      509.10458     -546.32905      11078.734     -7389.6266     -531.59969      74795.288      42.133229      42.133229      42.133229      1.1525751      1920.7457      734.55075      2660.8737    
    171000   171000         502.7333       808.8887       27783.016      26891.987      9199.6136      17692.373      4126.6818      5128.3475      4794.5717      501.06459     -550.25746      11079.854     -7387.8896     -526.41886      75531.397      42.270998      42.270998      42.270998      1.1413424      1356.5054     -410.74016      1480.9008    
    172000   172000         500.287       -364.70797      26182.338      26578.193      9154.8483      17423.345      4102.2386      5027.3545      4741.7003      484.16245     -636.26021      11088.627     -7384.478      -534.24935      74424.334      42.063459      42.063459      42.063459      1.1583199      488.04734     -473.11344     -1109.0578    
    173000   173000         506.0483      -2357.8782      24178.054      26744.11       9260.2754      17483.835      4094.2895      4906.5691      4911.7638      498.59761     -607.66509      11071.92      -7391.6408     -532.83171      74622.345      42.100731      42.100731      42.100731      1.1552462     -1210.7178     -1709.47       -4153.4468    
    174000   174000         508.63271     -792.70876      26031.604      26892.046      9307.5681      17584.477      4109.1356      5015.1406      4794.8348      518.90186     -554.43245      11080.651     -7379.7539     -534.22859      74427.226      42.064004      42.064004      42.064004      1.1582748     -1852.394       1098.0386     -1623.7708    
    175000   175000         499.22134     -484.80467      26226.059      26755.601      9135.3476      17620.254      4172.1484      5024.8467      4814.1563      517.13679     -607.66172      11086.374     -7386.7463     -530.88535      74895.93       42.152118      42.152118      42.152118      1.1510263     -1484.2208      895.59504     -865.78824    
    176000   176000         504.50437     -738.51345      26061.805      26860.448      9232.0227      17628.425      4174.9835      5117.827       4736.3182      504.57422     -609.93789      11087.871     -7383.2104     -536.21703      74151.23       42.011945      42.011945      42.011945      1.162586      -1693.8563      98.371486     -620.05552    
    177000   177000         503.94833      1682.4604      28513.407      26700.953      9221.8477      17479.106      4197.268       5068.8363      4554.6143      511.07189     -545.29268      11078.956     -7386.3483     -538.28575      73866.254      41.958056      41.958056      41.958056      1.1670713      1726.3959      3487.1558     -166.17047    
    178000   178000         506.87235     -574.53273      26269.136      26895.218      9275.3549      17619.863      4268.5609      5040.5233      4783.6728      498.52477     -650.54298      11066.733     -7387.6079     -532.13076      74720.642      42.119208      42.119208      42.119208      1.1537265     -183.77772     -491.71674     -1048.1037    
    179000   179000         501.40175      749.69358      27602.504      26784.425      9175.2474      17609.177      4166.4201      5086.2627      4710.6339      499.32071     -541.12295      11073.348     -7385.6851     -531.40178      74823.145      42.138459      42.138459      42.138459      1.1521459      2183.2159      214.66139     -148.79656    
    180000   180000         497.84664     -1628.5371      24694.335      26454.29       9110.1917      17344.098      4137.6992      4961.449       4748.4665      501.3449      -674.23359      11061.248     -7391.8759     -536.57559      74101.679      42.002585      42.002585      42.002585      1.1633634     -1149.0986     -1382.9161     -2353.5966    
    181000   181000         499.44237      116.50172      26830.556      26704.406      9139.3923      17565.014      4150.867       4991.2264      4844.947       522.851       -625.26865      11068.828     -7388.4371     -535.52342      74247.271      42.030075      42.030075      42.030075      1.1610822      1087.8195      29.383928     -767.69828    
    182000   182000         506.42907     -777.47856      25906.991      26743.442      9267.2433      17476.199      4218.5911      4942.4772      4809.2467      508.34181     -703.30136      11089.338     -7388.4944     -538.99255      73769.391      41.939708      41.939708      41.939708      1.1686037     -1331.7656     -271.76577     -728.9043     
    183000   183000         502.92105     -1509.3042      25023.308      26667.862      9203.0494      17464.813      4176.5974      4957.533       4769.6639      488.45327     -603.02945      11064.987     -7389.3923     -532.18608      74712.875      42.117749      42.117749      42.117749      1.1538464     -1482.9578     -2473.1137     -571.84103    
    184000   184000         510.18698      2203.3628      29171.022      26792.987      9336.01        17456.977      4107.2947      5058.3679      4738.6921      503.65925     -622.57331      11064.473     -7392.9365     -537.28241      74004.194      41.984158      41.984158      41.984158      1.1648959      2050.8667      2042.7807      2516.441     
    185000   185000         504.50139      1597.2442      28373.994      26651.852      9231.9683      17419.884      4302.1787      5017.8626      4512.2693      484.07618     -579.7191       11071.978     -7388.7613     -537.82047      73930.157      41.970152      41.970152      41.970152      1.1660625      799.27496      2340.3512      1652.1063    
    186000   186000         499.5022       1686.3653      28535.968      26708.974      9140.4872      17568.487      4304.9115      4954.511       4701.5991      513.15115     -578.25208      11062.505     -7389.939      -535.24084      74286.469      42.03747       42.03747       42.03747       1.1604695      1897.2143      1810.6335      1351.2482    
    187000   187000         500.75397     -1741.8161      24768.306      26654.163      9163.3935      17490.769      4215.1328      5014.6302      4719.18        487.42784     -624.75043      11065.746     -7386.5964     -535.58499      74238.735      42.028464      42.028464      42.028464      1.1612157     -4320.2233      751.80826     -1657.0332    
    188000   188000         505.74594      876.75826      27720.041      26766.017      9254.7426      17511.275      4248.6114      5056.028       4605.8507      506.51356     -581.66836      11065.224     -7389.2843     -532.91213      74611.085      42.098613      42.098613      42.098613      1.1554206      308.40238      870.72829      1451.1441    
    189000   189000         503.28132      738.44697      27708.356      26906.842      9209.6419      17697.201      4193.149       5065.2536      4796.695       524.54369     -567.34657      11070.689     -7385.7836     -534.24819      74424.495      42.06349       42.06349       42.06349       1.1583173      891.93076      734.78231      588.62784    
    190000   190000         497.14227     -1826.8109      24586.751      26571.331      9097.3024      17474.028      4062.6087      4947.9899      4906.5762      518.86399     -648.50526      11076.814     -7390.3196     -533.7772       74490.166      42.075858      42.075858      42.075858      1.1572962     -1615.7758     -2654.2367     -1210.4202    
    191000   191000         501.30546      162.67436      26795.798      26618.165      9173.4852      17444.68       4067.3154      5065.7536      4691.9626      526.50452     -567.25974      11054.092     -7393.6889     -531.04479      74873.444      42.1479        42.1479        42.1479        1.1513719      348.25442      608.50051     -468.73186    
    192000   192000         490.80273     -806.59507      25432.94       26306.542      8981.2938      17325.248      4124.5749      5000.4655      4657.6591      504.95405     -646.63401      11073.683     -7389.4545     -535.39794      74264.671      42.033358      42.033358      42.033358      1.1608101     -569.32813     -1166.1661     -684.29101    
    193000   193000         497.08523      121.26548      26766.469      26635.133      9096.2585      17538.874      4257.1607      5014.7235      4646.4638      488.63128     -547.90605      11061.643     -7381.8425     -535.40957      74263.058      42.033054      42.033054      42.033054      1.1608353     -1028.3656      688.23479      703.92724    
    194000   194000         498.50407     -57.173175      26509.476      26571.551      9122.222       17449.328      4266.5053      4904.2456      4696.1613      489.90713     -593.50182      11071.248     -7385.2375     -534.09248      74446.194      42.067577      42.067577      42.067577      1.1579797      926.73794     -881.58522     -216.67225    
    195000   195000         486.44043     -691.10257      25816.528      26566.22       8901.4673      17664.752      4223.0218      5091.1558      4770.5396      510.7408      -625.91309      11080.247     -7385.0395     -534.5578       74381.39       42.055367      42.055367      42.055367      1.1589886     -410.07065      979.53846     -2642.7755    
    196000   196000         501.03174     -176.36902      26524.302      26716.112      9168.4764      17547.636      4253.5781      4932.3164      4737.3394      507.78327     -562.09131      11067.974     -7389.2639     -533.19505      74571.494      42.091165      42.091165      42.091165      1.156034       1068.7207     -565.20442     -1032.6233    
    197000   197000         495.85459     -709.88021      25810.541      26574.221      9073.7388      17500.482      4162.3978      5042.5555      4698.3857      526.51063     -601.46452      11061.764     -7389.6667     -539.02455      73765.011      41.938878      41.938878      41.938878      1.1686731     -9.4140222     -1194.9532     -925.27343    
    198000   198000         496.63227      2276.3833      28930.807      26473.695      9087.9698      17385.725      4111.5515      5015.1369      4618.3797      501.51307     -562.71191      11087.252     -7385.3968     -537.2237       74012.281      41.985687      41.985687      41.985687      1.1647686      1252.6014      3323.2695      2253.2788    
    199000   199000         499.48931     -1932.7119      24575.826      26681.003      9140.2511      17540.752      4080.3455      5032.348       4836.6248      541.45055     -651.09442      11085.644     -7384.5666     -532.36952      74687.131      42.112911      42.112911      42.112911      1.1542441     -1922.8908     -1006.3723     -2868.8726    
    200000   200000         494.16881     -374.00123      26062.902      26468.189      9042.8903      17425.298      4092.378       5025.2747      4729.7965      493.15751     -612.62663      11081.189     -7383.8709     -535.11276      74304.25       42.040824      42.040824      42.040824      1.1601918      1507.3754      430.10915     -3059.4883    
    201000   201000         512.23367     -1013.4501      25648.733      26746.709      9373.4627      17373.247      4148.5423      4798.5291      4846.4134      519.7963      -622.32568      11073.163     -7390.8718     -535.23488      74287.296      42.037626      42.037626      42.037626      1.1604566     -1566.3688     -1058.2301     -415.75154    
    202000   202000         491.03169      153.1286       26603.912      26439.399      8985.4836      17453.915      4171.568       4933.7824      4898.2681      499.652       -745.08666      11081.546     -7385.8154     -539.74733      73666.232      41.920149      41.920149      41.920149      1.1702402     -36.329802      5.1684688      490.54712    
    203000   203000         502.84979     -2039.3623      24424.695      26641.18       9201.7454      17439.434      4055.1485      4973.2909      4787.4617      505.57781     -593.75007      11091.38      -7379.6751     -533.53696      74523.706      42.082172      42.082172      42.082172      1.1567753     -737.9341      -2335.1377     -3045.0151    
    204000   204000         504.29572     -518.82905      26221.283      26784.031      9228.2046      17555.826      4188.9691      4966.6187      4819.5946      507.7796      -627.79511      11083.543     -7382.883      -534.62033      74372.69       42.053727      42.053727      42.053727      1.1591242     -793.59505     -116.86992     -646.02217    
    205000   205000         490.93401     -527.4831       25780.483      26352.147      8983.6961      17368.451      4192.5929      5011.7386      4590.2981      481.76577     -598.98341      11072.768     -7381.7294     -535.06001      74311.575      42.042205      42.042205      42.042205      1.1600775      661.36393     -1028.8087     -1215.0045    
    206000   206000         501.52689     -377.71185      26273.238      26683.651      9177.5372      17506.113      4214.405       5011.2305      4666.3311      494.90998     -570.19306      11079.269     -7389.8389     -533.67258      74504.769      42.078607      42.078607      42.078607      1.1570693     -482.48234     -776.06486      125.41166    
    207000   207000         497.91484     -1662.914       24724.193      26528.349      9111.4397      17416.909      4196.2528      4989.7247      4668.2157      494.65288     -605.75061      11062.807     -7388.9934     -534.47895      74392.363      42.057435      42.057435      42.057435      1.1588176     -2164.2142     -2325.8427     -498.68495    
    208000   208000         487.39061     -2064.9518      24091.4        26325.252      8918.8548      17406.397      4051.7478      4985.9317      4773.8791      499.4006      -603.24005      11081.892     -7383.2144     -536.03164      74176.875      42.016787      42.016787      42.016787      1.1621841     -3217.898      -1965.2847     -1011.6728    
    209000   209000         499.06331     -647.12238      25965.792      26673.395      9132.4557      17540.939      4120.1277      5043.5318      4771.1062      521.63431     -589.45667      11062.867     -7388.8711     -530.31207      74976.894      42.167302      42.167302      42.167302      1.1497833     -1232.4403      152.88494     -861.81178    
    210000   210000         493.56799     -421.52501      26062.767      26519.332      9031.8958      17487.436      4089.3364      5066.0635      4698.2165      501.51967     -579.35942      11090.86      -7379.2003     -535.37213      74268.251      42.034034      42.034034      42.034034      1.1607542     -1307.2594     -729.37385      772.05826    
    211000   211000         502.26512     -870.3548       25939.729      26888.235      9191.0463      17697.188      4272.0771      4984.8825      4843.1963      512.11595     -612.33207      11078.496     -7381.2478     -532.09727      74725.345      42.120092      42.120092      42.120092      1.1536539     -1469.2551      225.35458     -1367.1639    
    212000   212000         494.78393      1830.907       28400.552      26428.771      9054.1466      17374.624      4152.0941      5026.9216      4554.9919      482.76304     -541.20886      11086.69      -7387.6275     -538.44639      73844.217      41.953883      41.953883      41.953883      1.1674196      1243.7005      2810.837       1438.1834    
    213000   213000         496.29628      3760.3501      30549.748      26466.769      9081.8213      17384.948      4199.1722      4972.0248      4546.0139      490.54041     -513.93543      11073.524     -7382.3921     -534.05501      74451.417      42.068561      42.068561      42.068561      1.1578985      4322.241       5007.5255      1951.2837    
    214000   214000         504.79769     -259.68866      26382.488      26661.915      9237.3904      17424.525      4242.1309      4926.2575      4717.2519      501.69112     -644.51349      11069.553     -7387.846      -538.91482      73780.031      41.941724      41.941724      41.941724      1.1684352     -764.24465      1545.0266     -1559.848     
    215000   215000         501.98852      1513.3251      28065.479      26427.696      9185.9848      17241.712      4129.3985      5003.3776      4558.721       498.00796     -635.66493      11073.788     -7385.9167     -535.80989      74207.574      42.022583      42.022583      42.022583      1.1617033      2560.233       1072.6684      907.07396    
    216000   216000         501.02661      19.184955      26796.386      26775.641      9168.3825      17607.259      4167.8741      4964.3522      4836.4178      520.1592      -581.77325      11085.375     -7385.1458     -536.27063      74143.817      42.010545      42.010545      42.010545      1.1627022     -650.27174     -281.70839      989.53499    
    217000   217000         496.08528     -324.49721      26175.762      26529.141      9077.9603      17451.181      4084.4084      5038.5711      4691.7783      517.87036     -592.40619      11092.762     -7381.8032     -532.48212      74671.337      42.109942      42.109942      42.109942      1.1544883      1158.9622     -645.15304     -1487.3008    
    218000   218000         495.92491      2185.9928      28814.45       26457.254      9075.0256      17382.229      4158.5669      4973.9161      4654.706       498.03425     -622.37173      11097.035     -7377.6582     -537.75933      73938.562      41.971743      41.971743      41.971743      1.1659299      1930.4958      2133.0575      2494.4252    
    219000   219000         503.62404      1118.1326      27925.715      26713.023      9215.9135      17497.11       4176.2456      5043.3777      4627.3702      514.24352     -555.07148      11077.196     -7386.2513     -534.66014      74367.152      42.052684      42.052684      42.052684      1.1592105      2217.3912      248.95497      888.05154    
    220000   220000         498.22159      1967.5176      28729.024      26612.334      9117.053       17495.281      4151.2788      4978.9333      4696.6754      513.57715     -542.39457      11082.443     -7385.2322     -539.00922      73767.109      41.939275      41.939275      41.939275      1.1686398      4453.3161      878.0728       571.16401    
    221000   221000         496.38706      204.29312      26850.21       26628.499      9083.4826      17545.016      4219.8885      5051.9215      4728.8166      508.6543      -682.28797      11102.525     -7384.5025     -534.31825      74414.737      42.061651      42.061651      42.061651      1.1584692     -1220.6333      957.83018      875.68253    
    222000   222000         492.23655      1373.1184      27932.143      26439.075      9007.5316      17431.543      4164.8789      5026.3358      4599.3368      478.16043     -558.92927      11102.312     -7380.5521     -533.28973      74558.255      42.088674      42.088674      42.088674      1.1562393      2571.5472      2564.0258     -1016.2178    
    223000   223000         506.26297      687.32585      27629.461      26877.673      9264.2037      17613.47       4185.9892      4891.4006      4844.4302      525.0182      -537.04812      11088.69      -7385.01       -530.1546       74999.165      42.171477      42.171477      42.171477      1.1494419      403.85879      1031.7638      626.35494    
    224000   224000         500.74453      612.54421      27169.188      26507.583      9163.2207      17344.362      4073.0221      4938.9636      4757.1907      514.49178     -652.81955      11093.914     -7380.4        -536.8757       74060.256      41.994757      41.994757      41.994757      1.1640141      2256.2038      1015.113      -1433.6842    
    225000   225000         507.91757      229.79356      27236.408      26986.715      9294.4816      17692.234      4261.6885      5039.3987      4734.438       508.96659     -545.50992      11079.423     -7386.1718     -533.66241      74506.189      42.078875      42.078875      42.078875      1.1570473      2277.7601     -1015.921      -572.45843    
    226000   226000         495.81748     -582.01163      25937.346      26568.802      9073.0597      17495.742      4085.2632      5057.924       4735.21        513.54466     -572.56191      11064.665     -7388.3028     -534.47039      74393.554      42.05766       42.05766       42.05766       1.1587991      147.32435     -946.82002     -946.53922    
    227000   227000         491.88599     -999.14427      25261.08       26350.044      9001.1166      17348.928      4016.9465      5007.7078      4746.0926      519.09527     -650.67955      11093.405     -7383.6401     -532.0462       74732.517      42.121439      42.121439      42.121439      1.1535431     -1339.24       -1613.0295     -45.163346    
    228000   228000         493.992       -880.08715      25611.058      26565.019      9039.6548      17525.364      4018.2423      5196.7009      4718.4666      524.79356     -612.05948      11061.945     -7382.7252     -534.97059      74323.996      42.044548      42.044548      42.044548      1.1598836     -1172.4478     -1488.5639      20.750254    
    229000   229000         487.99324      1188.6151      27639.859      26353.551      8929.8824      17423.668      4038.2068      5027.2415      4720.7272      509.40301     -563.5805       11076.175     -7384.5049     -535.83491      74204.108      42.021929      42.021929      42.021929      1.1617576      2086.9548      1524.5568     -45.66623     
    230000   230000         491.49297     -1535.1558      24915.875      26582.325      8993.9247      17588.4        4231.7839      4992.8727      4800.4102      497.83845     -644.19306      11093.745     -7384.057      -534.18889      74432.757      42.065046      42.065046      42.065046      1.1581888     -414.931       -3005.4535     -1185.0827    
    231000   231000         495.49323     -548.24571      25878.937      26470.769      9067.1262      17403.643      4014.745       5024.8238      4710.8424      506.23189     -541.15621      11072.038     -7383.8819     -537.17049      74019.613      41.987073      41.987073      41.987073      1.1646533      85.098074     -563.06422     -1166.771     
    232000   232000         499.84476     -667.43734      25891.069      26614.12       9146.7557      17467.364      4146.7178      4993.4247      4762.9111      486.73531     -596.72331      11058.181     -7383.8823     -535.27454      74281.791      42.036588      42.036588      42.036588      1.1605426      63.021275      89.073975     -2154.4073    
    233000   233000         501.28434     -1742.6204      24905.57       26802.016      9173.0989      17628.917      4131.1803      5061.2609      4871.2138      496.03979     -624.49815      11080.79      -7387.0694     -532.84059      74621.102      42.100497      42.100497      42.100497      1.1552655     -937.86451     -123.06229     -4166.9343    
    234000   234000         500.94436     -36.130162      26466.002      26505.23       9166.8775      17338.352      4101.1142      4935.2296      4681.9411      504.48061     -571.20616      11073.017     -7386.224      -534.084        74447.376      42.0678        42.0678        42.0678        1.1579613      690.06049     -960.54789      162.09692    
    235000   235000         487.76164      886.34575      27460.578      26499.942      8925.6444      17574.297      4334.9286      4962.7015      4666.1069      523.45638     -612.35945      11085.027     -7385.5635     -535.03099      74315.605      42.042965      42.042965      42.042965      1.1600145     -446.32645      650.44129      2454.9224    
    236000   236000         504.73243     -345.5182       26304.919      26677.64       9236.1961      17441.443      4176.8851      4930.8834      4745.7208      496.88102     -603.78678      11079.988     -7385.1285     -537.55489      73966.682      41.977063      41.977063      41.977063      1.1654867     -374.55378      554.64976     -1216.6506    
    237000   237000         492.26195      2101.1601      28768.786      26484.101      9007.9963      17476.105      4186.593       5000.0249      4692.6322      509.63816     -598.89197      11076.354     -7390.2456     -533.29519      74557.492      42.088531      42.088531      42.088531      1.1562511      2284.9354      3586.1923      432.35266    
    238000   238000         502.83902      567.79886      27250.742      26634.317      9201.5483      17432.768      4230.7669      4987.5894      4655.5504      489.87592     -614.91887      11067.818     -7383.9129     -534.13238      74440.632      42.06653       42.06653       42.06653       1.1580662      143.29508     -60.775282      1620.8768    
    239000   239000         490.36994     -180.74202      26018.416      26212.705      8973.3741      17239.331      4077.8493      4930.6788      4668.2043      486.08336     -611.71297      11075.039     -7386.811      -539.44321      73707.762      41.928025      41.928025      41.928025      1.1695808     -741.99496     -1084.6682      1284.437     
    240000   240000         494.21719      182.1886       26589.938      26392.826      9043.7757      17349.05       4160.3897      4912.2234      4718.4704      482.74944     -614.01288      11075.669     -7386.4395     -535.97343      74184.932      42.018309      42.018309      42.018309      1.1620579      1201.0426     -1615.2629      960.78616    
    241000   241000         498.02625     -1601.2368      24898.12       26646.971      9113.4784      17533.493      4158.637       4842.339       4846.2612      525.04339     -522.97049      11070.154     -7385.9716     -530.93051      74889.56       42.150923      42.150923      42.150923      1.1511242     -3225.6295     -876.67793     -701.403      
    242000   242000         493.28867     -330.40032      25977.992      26336.012      9026.7845      17309.228      4081.7804      4885.4349      4706.904       491.69234     -557.51488      11084.46      -7383.5292     -535.14076      74300.362      42.040091      42.040091      42.040091      1.1602525     -1308.7893     -178.44641      496.03472    
    243000   243000         495.28225     -641.80673      25741.661      26438.912      9063.2655      17375.646      4155.5693      5059.8503      4603.1966      496.22471     -619.2127       11067.53      -7387.5124     -533.76501      74491.867      42.076178      42.076178      42.076178      1.1572697      738.67642     -1063.9376     -1600.1591    
    244000   244000         501.94152      1489.4718      28203.56       26592.366      9185.1247      17407.241      4191.8634      4985.4879      4604.3937      496.51805     -575.9409       11087.808     -7382.8896     -536.06714      74171.962      42.01586       42.01586       42.01586       1.162261      -441.04553      2980.1687      1929.2923    
    245000   245000         501.66659      2279.459       29224.899      26753.371      9180.0936      17573.278      4191.1083      5099.7336      4658.8651      497.47727     -560.09101      11071.071     -7384.8866     -534.81211      74346.02       42.0487        42.0487        42.0487        1.15954        4035.7396      2101.7133      700.92418    
    246000   246000         491.47898      2305.6748      28854.772      26341.89       8993.6686      17348.222      4244.807       5005.6391      4486.4119      518.3464      -604.62489      11082.716     -7385.0731     -532.06042      74730.52       42.121064      42.121064      42.121064      1.153574       2573.9154      1881.3245      2461.7845    
    247000   247000         495.90246      1974.371       28697.169      26542.074      9074.6148      17467.459      4227.2408      4977.2673      4590.0049      486.32567     -534.75765      11100.799     -7379.421      -531.24784      74844.825      42.142529      42.142529      42.142529      1.1518122     -5.6748805      1765.2598      4163.5281    
    248000   248000         493.84798      1511.9213      28144.536      26505.441      9037.0194      17468.422      4156.6069      4984.5604      4677.0773      507.68014     -548.70792      11073.442     -7382.2371     -534.88446      74335.964      42.046804      42.046804      42.046804      1.1596969      243.42333      2733.5562      1558.7844    
    249000   249000         487.04783     -2177.5383      23864.183      26230.271      8912.5822      17317.689      4054.0236      5022.476       4677.3194      475.73102     -605.42156      11079.335     -7385.775      -533.66628      74505.648      42.078773      42.078773      42.078773      1.1570557     -2673.0425     -2702.0466     -1157.5259    
    250000   250000         492.81072     -2446.3927      23870.55       26538.427      9018.0384      17520.389      4215.1677      4990.655       4810.6031      493.78042     -699.63923      11091.802     -7381.9808     -531.73497      74776.259      42.129656      42.129656      42.129656      1.1528684     -5351.0844     -1211.821      -776.2725     
Loop time of 506.543 on 1 procs for 250000 steps with 6140 atoms

Performance: 42.642 ns/day, 0.563 hours/ns, 493.542 timesteps/s, 3.030 Matom-step/s
100.0% CPU use with 1 MPI tasks x 1 OpenMP threads

MPI task timing breakdown:
Section |  min time  |  avg time  |  max time  |%varavg| %total
---------------------------------------------------------------
Pair    | 50.427     | 50.427     | 50.427     |   0.0 |  9.96
Bond    | 65.635     | 65.635     | 65.635     |   0.0 | 12.96
Kspace  | 235.27     | 235.27     | 235.27     |   0.0 | 46.45
Neigh   | 56.095     | 56.095     | 56.095     |   0.0 | 11.07
Comm    | 9.9694     | 9.9694     | 9.9694     |   0.0 |  1.97
Output  | 2.1259     | 2.1259     | 2.1259     |   0.0 |  0.42
Modify  | 77.148     | 77.148     | 77.148     |   0.0 | 15.23
Other   |            | 9.87       |            |       |  1.95

Nlocal:           6140 ave        6140 max        6140 min
Histogram: 1 0 0 0 0 0 0 0 0 0
Nghost:          16443 ave       16443 max       16443 min
Histogram: 1 0 0 0 0 0 0 0 0 0
Neighs:              0 ave           0 max           0 min
Histogram: 1 0 0 0 0 0 0 0 0 0
FullNghs:  3.20697e+06 ave 3.20697e+06 max 3.20697e+06 min
Histogram: 1 0 0 0 0 0 0 0 0 0

Total # of neighbors = 3206972
Ave neighs/atom = 522.30814
Ave special neighs/atom = 5.6319218
Neighbor list builds = 13212
Dangerous builds = 0

# --- Cleanup ---
unfix npt_fix

undump dump_npt

# --- Write Output ---
write_dump all custom cool_block_11_last.dump id type mol x y z xu yu zu vx vy vz modify sort id
write_data /home/alexzhao/PolyJarvis/data/PEEK_3/attempts/cooling/attempt-0001/work/cool_block_11/cool_block_11_out.data
System init for write_data ...
PPPM Kokkos initialization ...
  using 12-bit tables for long-range coulomb
  G vector (1/distance) = 0.30606729
  grid = 32 32 32
  stencil order = 5
  estimated absolute RMS force accuracy = 0.00039634823
  estimated relative force accuracy = 1.1935909e-06
  using double precision cuFFT
  3d grid and FFT values/proc = 59319 32768
Generated 21 of 21 mixed pair_coeff terms from sixthpower/sixthpower mixing rule
write_restart /home/alexzhao/PolyJarvis/data/PEEK_3/attempts/cooling/attempt-0001/work/cool_block_11/cool_block_11_out.restart
System init for write_restart ...
PPPM Kokkos initialization ...
  using 12-bit tables for long-range coulomb
  G vector (1/distance) = 0.30606729
  grid = 32 32 32
  stencil order = 5
  estimated absolute RMS force accuracy = 0.00039634823
  estimated relative force accuracy = 1.1935909e-06
  using double precision cuFFT
  3d grid and FFT values/proc = 59319 32768
Generated 21 of 21 mixed pair_coeff terms from sixthpower/sixthpower mixing rule

print "STAGE COMPLETE: NPT T=520.0->495.0K P=1.0->1.0atm steps=250000"
STAGE COMPLETE: NPT T=520.0->495.0K P=1.0->1.0atm steps=250000
quit
