units real
atom_style full
boundary p p p

# --- Force Field Styles ---
pair_style lj/class2/coul/long 9.5 9.5
kspace_style pppm 1e-6
dielectric 1.000000
bond_style class2
angle_style class2
dihedral_style class2
improper_style class2
special_bonds lj/coul 0 0 1
pair_modify mix sixthpower tail yes
neighbor 2.0 bin
neigh_modify delay 0 every 1 check yes
neigh_modify one 4000
# KOKKOS: package loaded via -pk kokkos on the command line

read_data /home/alexzhao/PolyJarvis/data/PEEK_2/attempts/cooling/attempt-0001/work/cool_block_10/cool_block_10_out.data
Reading data file ...
  orthogonal box = (4.3257646 4.3257646 4.3257646) to (46.412216 46.412216 46.412216)
  1 by 1 by 1 MPI processor grid
  reading atoms ...
  6140 atoms
  reading velocities ...
  6140 velocities
  scanning bonds ...
  3 = max bonds/atom
  scanning angles ...
  9 = max angles/atom
  scanning dihedrals ...
  18 = max dihedrals/atom
  scanning impropers ...
  4 = max impropers/atom
  orthogonal box = (4.3257646 4.3257646 4.3257646) to (46.412216 46.412216 46.412216)
  1 by 1 by 1 MPI processor grid
  reading bonds ...
  6670 bonds
  reading angles ...
  10620 angles
  reading dihedrals ...
  15820 dihedrals
  reading impropers ...
  3420 impropers
Finding 1-2 1-3 1-4 neighbors ...
  special bond factors lj:    0        0        1       
  special bond factors coul:  0        0        1       
     3 = max # of 1-2 neighbors
     6 = max # of 1-3 neighbors
     9 = max # of special neighbors
  special bonds CPU = 0.003 seconds
  read_data CPU = 0.187 seconds


# --- Thermo Output ---
thermo_style custom step time temp press enthalpy etotal ke pe ebond eangle edihed eimp evdwl ecoul elong etail vol lx ly lz density pxx pyy pzz
thermo_modify flush yes
thermo 1000

# --- Trajectory ---
dump dump_npt all custom 1000 cool_block_11.dump id type mol x y z ix iy iz vx vy vz


# --- Restart Checkpointing ---
restart 10000 npt_1.rst npt_2.rst

# --- Initial Velocities (optional) ---
# Velocities read from data file

# --- SHAKE Constraints ---
# SHAKE disabled

# --- NPT Thermostat + Barostat (Nose-Hoover) ---
# T_damp = 100.0 fs  (heat bath coupling)
# P_damp = 1000.0 fs  (pressure bath coupling, ~10x T_damp typical)
# Ramp: T=520.0->495.0K  P=1.0->1.0atm
timestep 1.0
fix npt_fix all npt temp 520.0 495.0 100.0 iso 1.0 1.0 1000.0

run 250000
PPPM Kokkos initialization ...
  using 12-bit tables for long-range coulomb
  G vector (1/distance) = 0.30614526
  grid = 32 32 32
  stencil order = 5
  estimated absolute RMS force accuracy = 0.00039516445
  estimated relative force accuracy = 1.190026e-06
  using double precision cuFFT
  3d grid and FFT values/proc = 59319 32768
Generated 21 of 21 mixed pair_coeff terms from sixthpower/sixthpower mixing rule
Neighbor list info ...
  update: every = 1 steps, delay = 0 steps, check = yes
  max neighbors/atom: 4000, page size: 100000
  master list distance cutoff = 11.5
  ghost atom cutoff = 11.5
  binsize = 11.5, bins = 4 4 4
  1 neighbor lists, perpetual/occasional/extra = 1 0 0
  (1) pair lj/class2/coul/long/kk, perpetual
      attributes: full, newton off, kokkos_device
      pair build: full/bin/kk/device
      stencil: full/bin/3d
      bin: kk/device
Per MPI rank memory allocation (min/avg/max) = 28.62 | 28.62 | 28.62 Mbytes
   Step          Time           Temp          Press         Enthalpy        TotEng         KinEng         PotEng         E_bond        E_angle        E_dihed        E_impro         E_vdwl         E_coul         E_long         E_tail         Volume           Lx             Ly             Lz          Density          Pxx            Pyy            Pzz      
         0   0              518.71858     -726.0462       26689          27478.345      9492.1313      17986.214      4466.2787      5125.2444      4829.6139      515.13111     -659.99248      11099.038     -7389.0997     -533.37424      74546.442      42.086451      42.086451      42.086451      1.1564225     -621.69154     -1549.236      -7.2110689    
      1000   1000           514.2922       267.77353      27616.367      27321.346      9411.1321      17910.214      4370.0769      5132.4598      4668.4745      505.47719     -480.17759      11103.22      -7389.3173     -526.31928      75545.688      42.273664      42.273664      42.273664      1.1411265     -557.07733      502.17282      858.22512    
      2000   2000           522.0012      -602.13051      26983.039      27642.181      9552.2006      18089.98       4305.0522      5200.6137      4857.3263      532.17264     -516.61064      11104.345     -7392.9194     -529.72036      75060.646      42.182997      42.182997      42.182997      1.1485004     -858.86554     -966.63352      19.107543    
      3000   3000           516.81674     -164.84499      27308.937      27489.411      9457.3292      18032.082      4419.3074      5154.8126      4822.0172      537.22313     -584.25016      11076.261     -7393.2886     -529.65731      75069.58       42.184671      42.184671      42.184671      1.1483637     -784.39352     -805.75561      1095.6142    
      4000   4000           507.00148     -330.47808      26710.695      27072.085      9277.7179      17794.367      4234.0658      5149.6286      4744.3561      506.60981     -533.02506      11084.959     -7392.2272     -530.27531      74982.092      42.168277      42.168277      42.168277      1.1497036     -429.86593      533.79413     -1095.3624    
      5000   5000           521.67041     -166.21314      27253.799      27435.633      9546.1475      17889.486      4345.6297      5051.3648      4827.5128      513.99464     -524.92291      11071.434     -7395.5275     -530.05809      75012.82       42.174036      42.174036      42.174036      1.1492327     -995.88886      858.90128     -361.65182    
      6000   6000           512.84438      372.76941      27666.296      27257.555      9384.6383      17872.917      4348.8688      5063.5334      4710.1448      526.66413     -483.17062      11097.159     -7390.2824     -528.84406      75185.022      42.206283      42.206283      42.206283      1.1466005      1927.311       481.42473     -1290.4275    
      7000   7000           526.01661     -310.60818      27134.015      27473.825      9625.6795      17848.146      4322.1875      5034.8517      4788.3413      525.22112     -534.38564      11101.642     -7389.7124     -530.04419      75014.787      42.174405      42.174405      42.174405      1.1492025     -1784.1647      18.428428      833.91175    
      8000   8000           516.83518      0.29407815     27311.096      27310.774      9457.6667      17853.107      4358.0854      5048.6868      4831.2947      511.71785     -586.93882      11086.246     -7395.9847     -529.7757       75052.804      42.181528      42.181528      42.181528      1.1486204      709.317        778.25172     -1486.6865    
      9000   9000           517.24057      81.503951      27477.684      27388.05       9465.0849      17922.965      4310.5585      5209.7731      4730.7944      501.91787     -529.8875       11091.715     -7391.906      -527.27983      75408.066      42.247979      42.247979      42.247979      1.143209      -978.97877     -642.54228      1866.0329    
     10000   10000          527.7232       460.85998      28149.952      27650.884      9656.9086      17993.975      4375.4209      5111.3737      4868.3999      529.39115     -590.15396      11091.473     -7391.9287     -535.48108      74253.14       42.031182      42.031182      42.031182      1.1609904      844.33915      553.66426     -15.423454    
     11000   11000          513.64629      395.55429      27882.503      27451.497      9399.3126      18052.184      4404.9407      5150.5963      4772.3003      523.5526      -508.15328      11099.944     -7390.9963     -532.17946      74713.804      42.117923      42.117923      42.117923      1.1538321      462.1037       607.10374      117.45544    
     12000   12000          522.52459     -932.91975      26373.424      27387.384      9561.7782      17825.606      4301.455       5117.0126      4849.9235      524.35025     -650.24961      11080.052     -7396.9383     -533.52938      74524.766      42.082372      42.082372      42.082372      1.1567589     -2086.6428      1252.1772     -1964.2937    
     13000   13000          515.41414      519.50517      28024.579      27458.453      9431.6628      18026.79       4261.0254      5135.5431      4869.4965      528.90765     -486.73407      11110.212     -7391.6603     -532.12222      74721.841      42.119434      42.119434      42.119434      1.153708       705.07186     -430.1533       1283.597     
     14000   14000          514.02993     -112.46421      27083.257      27205.322      9406.3328      17798.99       4184.1713      4991.7523      4948.8642      529.57901     -551.87082      11090.266     -7393.7719     -534.26534      74422.106      42.06304       42.06304       42.06304       1.1583545     -352.75777      865.58617     -850.22104    
     15000   15000          522.6068       578.74058      28179.896      27552.175      9563.2826      17988.892      4329.5886      5127.7814      4845.5476      544.81349     -553.31078      11082.942     -7388.47       -534.62784      74371.646      42.053531      42.053531      42.053531      1.1591405      1564.8066      1804.7244     -1633.3093    
     16000   16000          521.60249     -746.19095      26551.444      27368.334      9544.9045      17823.43       4187.2779      5110.9116      4931.275       543.65394     -649.25622      11092.688     -7393.1206     -529.68928      75065.05       42.183822      42.183822      42.183822      1.148433       1669.0777     -487.85137     -3419.7992    
     17000   17000          519.30726      553.7905       28129.639      27522.953      9502.9037      18020.05       4318.5446      5091.5226      4861.0524      561.10611     -518.58681      11097.055     -7390.6443     -529.31821      75117.672      42.193677      42.193677      42.193677      1.1476285     -1004.869       278.5789       2387.6616    
     18000   18000          527.7852       996.11819      28621.495      27538.919      9658.0432      17880.876      4313.5445      5191.707       4680.3292      512.41151     -524.7899       11100.212     -7392.5386     -533.56532      74519.746      42.081427      42.081427      42.081427      1.1568368      394.1449       2295.0327      299.17695    
     19000   19000          518.43632     -156.23359      27194.465      27365.263      9486.9661      17878.296      4349.3796      5002.4184      4865.9508      499.62276     -534.85917      11090.952     -7395.1681     -530.42822      74960.476      42.164224      42.164224      42.164224      1.1500352     -128.34306     -224.09653     -116.26118    
     20000   20000          521.58836     -480.1413       27001.058      27522.062      9544.6461      17977.416      4247.007       5163.6268      4907.9734      528.63697     -568.46768      11089.477     -7390.8377     -534.39638      74403.857      42.059601      42.059601      42.059601      1.1586386      948.68352     -860.14404     -1528.9634    
     21000   21000          519.00286      327.53881      27562.285      27207.338      9497.3334      17710.004      4261.7017      5080.4146      4742.0819      499.40771     -571.58831      11091.579     -7393.5923     -535.09885      74306.18       42.041188      42.041188      42.041188      1.1601617     -601.20841      516.55176      1067.2731    
     22000   22000          514.77466      2489.5517      29987.021      27264.647      9419.9609      17844.686      4244.7958      5162.7868      4778.6479      497.20097     -531.62719      11087.303     -7394.421      -530.2836       74980.919      42.168057      42.168057      42.168057      1.1497216      1840.5222      2436.2329      3191.8998    
     23000   23000          524.04864      218.30445      27631.89       27394.085      9589.6672      17804.418      4273.7451      5232.0112      4716.9414      512.8253      -628.69942      11085.496     -7387.9019     -532.32432      74693.473      42.114103      42.114103      42.114103      1.1541461      1117.2105     -1071.5085      609.2113     
     24000   24000          508.48678     -306.29025      26802.67       27136.542      9304.8977      17831.644      4289.4844      5045.4887      4863.2353      526.22604     -585.16438      11084.071     -7391.6968     -531.97205      74742.934      42.123396      42.123396      42.123396      1.1533824     -929.82144     -1341.9246      1352.8753    
     25000   25000          515.71212      908.26883      28338.066      27341.687      9437.1156      17904.571      4321.152       5154.8812      4766.488       525.1178      -563.81412      11092.365     -7391.6188     -528.59671      75220.204      42.212866      42.212866      42.212866      1.1460642      1949.1957     -129.14661      904.75745    
     26000   26000          525.70231      833.76867      28443.955      27540.41       9619.9279      17920.482      4405.887       5028.0742      4820.229       514.45548     -543.88517      11090.971     -7395.2488     -535.0948       74306.743      42.041294      42.041294      42.041294      1.1601529      1634.4758      361.087        505.74318    
     27000   27000          519.93789     -2042.7755      25077.123      27297.558      9514.4437      17783.114      4300.8461      5054.4576      4786.4224      517.60315     -578.09299      11094.274     -7392.3957     -533.4792       74531.775      42.083691      42.083691      42.083691      1.1566501      202.68912     -4990.7466     -1340.269     
     28000   28000          516.97749     -1822.861       25413.832      27396.951      9460.2709      17936.681      4378.9811      5017.509       4860.4457      549.19811     -560.89612      11084.153     -7392.7107     -533.01515      74596.664      42.0959        42.0959        42.0959        1.1556439     -2644.877      -1122.6705     -1701.0356    
     29000   29000          518.13209     -2239.6124      24964.749      27397.963      9481.3991      17916.564      4311.8421      5065.1655      4899.1932      524.80834     -571.48282      11078.202     -7391.1646     -533.73722      74495.746      42.076909      42.076909      42.076909      1.1572095     -2083.8974     -2788.2372     -1846.7027    
     30000   30000          513.35893      1282.1774      28535.202      27145.719      9394.0541      17751.665      4353.3208      5036.6947      4722.1396      521.089       -585.984        11094.111     -7389.706      -535.09356      74306.916      42.041327      42.041327      42.041327      1.1601502      878.08068      3501.2307     -532.77928    
     31000   31000          524.19264     -268.91299      27231.247      27525.395      9592.3023      17933.093      4304.7666      5119.7879      4792.2574      521.12119     -522.48342      11104.164     -7386.5204     -530.12655      75003.133      42.17222       42.17222       42.17222       1.1493811     -110.02858     -474.5751      -222.1353     
     32000   32000          517.45661     -1116.9806      26176.03       27394.884      9469.0383      17925.846      4340.8965      5107.2224      4794.9153      508.74076     -536.32266      11096.175     -7385.7811     -531.40868      74822.172      42.138277      42.138277      42.138277      1.1521609     -900.79825     -1706.9046     -743.23912    
     33000   33000          513.01759      1111.5309      28313.866      27110.526      9387.8078      17722.719      4397.3018      5018.2787      4662.7564      505.71807     -566.7788       11096.634     -7391.1914     -535.63397      74231.946      42.027183      42.027183      42.027183      1.1613219      1396.0705      2177.5471     -239.02503    
     34000   34000          520.20012     -681.76163      26516.932      27263.4        9519.2423      17744.158      4292.8632      5088.6412      4749.6509      509.0448      -601.07158      11094.333     -7389.3041     -529.61016      75076.263      42.185922      42.185922      42.185922      1.1482615      503.72421     -2922.2997      373.29063    
     35000   35000          513.16797     -1126.05        26060.062      27294.358      9390.5597      17903.798      4319.088       5008.3348      4905.0997      543.26286     -583.91703      11100.113     -7388.1824     -529.0213       75159.832      42.201569      42.201569      42.201569      1.1469848      524.8637      -2839.6322     -1063.3816    
     36000   36000          525.18669      2352.0225      29931.02       27374.8        9610.4925      17764.308      4221.7149      5124.6152      4740.7745      512.94802     -545.53217      11103.558     -7393.7706     -533.55374      74521.363      42.081731      42.081731      42.081731      1.1568117      1905.6423      2302.9426      2847.4825    
     37000   37000          514.31419      555.61031      27649.336      27043.489      9411.5345      17631.955      4236.8688      5027.5118      4722.836       497.19865     -535.33516      11076.285     -7393.4106     -531.79313      74768.082      42.12812       42.12812       42.12812       1.1529944      496.84729      1870.6847     -700.70102    
     38000   38000          507.45286     -1713.8078      25294.871      27174.292      9285.9777      17888.315      4420.4645      4969.9398      4868.0434      515.1061      -592.01938      11098.988     -7392.2081     -528.77728      75194.516      42.20806       42.20806       42.20806       1.1464557     -447.22314     -3180.9474     -1513.2529    
     39000   39000          522.97848      601.74185      28082.993      27427.494      9570.0841      17857.41       4254.3121      5116.9759      4799.5644      531.24529     -535.15231      11086.908     -7396.4436     -532.32054      74694.002      42.114202      42.114202      42.114202      1.154138       416.85387     -370.90525      1759.2769    
     40000   40000          512.38915      709.40986      28007.749      27232.566      9376.3079      17856.258      4242.3519      5040.9243      4878.4948      525.87881     -510.90195      11077.418     -7397.9082     -530.67405      74925.751      42.157712      42.157712      42.157712      1.1505681      549.97841      1897.2393     -318.98811    
     41000   41000          516.13781      526.91626      27738.206      27169.381      9444.9054      17724.475      4257.5295      5086.2152      4754.4582      524.71949     -586.50385      11084.394     -7396.3378     -537.15222      74022.131      41.987549      41.987549      41.987549      1.1646136     -1482.448       1820.1501      1243.0467    
     42000   42000          499.80648      1269.0635      28176.585      26808.902      9146.0553      17662.847      4240.5394      4964.2432      4820.105       525.89096     -585.38223      11093.364     -7395.9128     -538.06278      73896.863      41.963851      41.963851      41.963851      1.1665878      3039.2021     -152.77722      920.76555    
     43000   43000          514.19104      1710.6161      29210.238      27367.369      9409.2811      17958.088      4357.8829      5112.9329      4816.9388      534.18022     -558.7593       11091.868     -7396.9557     -538.26115      73869.629      41.958695      41.958695      41.958695      1.1670179      2305.5538      2680.6914      145.60299    
     44000   44000          515.89655      682.68158      27858.332      27117.636      9440.4904      17677.145      4168.1532      5074.2035      4789.1558      533.58104     -599.4431       11103.691     -7392.1962     -534.45742      74395.36       42.058         42.058         42.058         1.158771       1261.4213      1248.8018     -462.1783     
     45000   45000          517.92565      167.48088      27367.185      27185.821      9477.6213      17708.2        4188.1736      5150.2281      4680.2816      537.94895     -555.83027      11095.282     -7387.8845     -535.48741      74252.264      42.031017      42.031017      42.031017      1.1610041     -1454.382       2125.0206     -168.19594    
     46000   46000          526.22767      1052.4252      28486.599      27357.297      9629.5416      17727.755      4256.1436      5047.9924      4774.7579      534.29271     -584.87702      11089.595     -7390.1495     -540.40062      73577.177      41.90325       41.90325       41.90325       1.1716566      1558.8822      274.45569      1323.9376    
     47000   47000          512.93279      1365.184       28679.352      27199.395      9386.256       17813.139      4278.9962      5159.4651      4707.0995      527.44639     -553.63748      11084.22      -7390.4508     -534.90531      74333.066      42.046258      42.046258      42.046258      1.1597421      142.22039      1435.2208      2518.1108    
     48000   48000          515.41271      1331.2985      28726.112      27273.33       9431.6366      17841.693      4293.6274      5169.8037      4710.9167      513.45296     -547.38283      11092.018     -7390.7428     -531.38575      74825.401      42.138883      42.138883      42.138883      1.1521112      1728.5443      930.25745      1335.0938    
     49000   49000          524.9583       561.25763      28085.114      27475.194      9606.3131      17868.881      4228.044       5180.1612      4796.6031      519.54358     -570.31049      11104.302     -7389.4619     -533.61056      74513.427      42.080237      42.080237      42.080237      1.1569349      465.61577      828.32384      389.83329    
     50000   50000          509.87436      768.88041      27943.76       27103.278      9330.2893      17772.988      4314.1379      5005.0495      4772.2419      519.59798     -528.86584      11081.802     -7390.9746     -530.47489      74953.881      42.162987      42.162987      42.162987      1.1501363      542.61541      1151.8501      612.17571    
     51000   51000          523.04426      966.33277      28550.473      27497.313      9571.2879      17926.026      4283.0246      5171.0647      4752.3652      532.59597     -515.7399       11096.238     -7393.5228     -532.06833      74729.409      42.120855      42.120855      42.120855      1.1535911      1875.2588      664.92665      358.81286    
     52000   52000          512.14901      181.29927      27443.448      27245.105      9371.9134      17873.192      4228.701       5108.522       4907.0935      526.93354     -589.75025      11083.655     -7391.963      -530.0466       75014.446      42.174341      42.174341      42.174341      1.1492077      1074.7711      940.72249     -1471.5958    
     53000   53000          515.56885     -107.62231      27085.989      27202.976      9434.4938      17768.482      4226.3617      5061.536       4841.0354      518.67032     -554.29332      11072.237     -7397.0645     -533.45503      74535.153      42.084327      42.084327      42.084327      1.1565977     -1195.505       1832.3675     -959.72939    
     54000   54000          505.77567     -305.05188      26709.975      27040.049      9255.2865      17784.763      4183.6156      5087.4524      4884.491       524.47542     -589.27613      11086.388     -7392.3832     -535.91582      74192.906      42.019814      42.019814      42.019814      1.161933      -85.382462      966.57051     -1796.3437    
     55000   55000          512.45286     -500.85954      26619.957      27162.319      9377.4738      17784.845      4087.8735      5058.1153      4932.4659      531.67014     -527.37144      11093.853     -7391.7608     -535.50177      74250.271      42.030641      42.030641      42.030641      1.1610353      744.35988     -734.75307     -1512.1854    
     56000   56000          522.73868     -115.88899      27242.884      27369.252      9565.6959      17803.556      4299.8095      4999.9786      4849.5803      525.74483     -572.99354      11090.087     -7388.6507     -531.79108      74768.369      42.128174      42.128174      42.128174      1.15299       -1247.0464     -230.08947      1129.4689    
     57000   57000          504.31481     -1015.5118      25640.645      26746.553      9228.554       17517.999      4219.8901      5041.9239      4639.1079      477.17555     -559.83166      11094.676     -7394.9429     -532.47716      74672.033      42.110073      42.110073      42.110073      1.1544775     -764.57031     -1311.0405     -970.92473    
     58000   58000          518.11669      1104.8413      28433.835      27230.348      9481.1172      17749.231      4294.0629      5016.1795      4827.6672      518.97376     -594.25375      11081.257     -7394.6561     -532.34506      74690.562      42.113556      42.113556      42.113556      1.1541911     -106.34135      2334.2351      1086.6301    
     59000   59000          508.63252     -207.16554      26678.278      26903.551      9307.5646      17595.986      4263.8225      4984.7907      4701.503       497.43095     -561.15441      11098.825     -7389.2319     -533.26553      74561.639      42.089311      42.089311      42.089311      1.1561868     -1282.2392     -1130.8403      1791.5829    
     60000   60000          517.32882      692.99533      27969.948      27215.886      9466.6999      17749.186      4231.2494      5000.7134      4808.8896      515.88451     -503.18874      11090.325     -7394.6876     -532.91482      74610.707      42.098542      42.098542      42.098542      1.1554264      2993.1667     -252.43202     -661.74868    
     61000   61000          520.93495     -1176.7115      25978.385      27259.572      9532.6891      17726.883      4271.3761      5025.7364      4801.5103      512.19113     -572.38552      11083.837     -7395.3824     -532.58909      74656.34       42.107123      42.107123      42.107123      1.1547202     -543.29608     -191.75152     -2795.087     
     62000   62000          509.34965      119.38222      27377.426      27247.056      9320.6875      17926.369      4315.0443      5094.6184      4829.4505      524.87538     -551.57461      11107.728     -7393.7738     -531.00289      74879.352      42.149008      42.149008      42.149008      1.1512811     -2829.4892      3472.4563     -284.82045    
     63000   63000          515.57741      210.0594       27437.314      27209.772      9434.6505      17775.121      4295.2367      5079.1252      4796.2835      498.2406      -588.69657      11088.266     -7393.3345     -535.32023      74275.452      42.035392      42.035392      42.035392      1.1606416      1264.7245     -195.92041     -438.62585    
     64000   64000          505.17568     -1134.445       25709.581      26945.02       9244.3073      17700.713      4329.6162      4963.8159      4744.0295      522.64405     -583.77019      11115.967     -7391.5891     -532.47216      74672.734      42.110204      42.110204      42.110204      1.1544667     -2260.3094     -363.60373     -779.42194    
     65000   65000          510.49488     -534.44337      26610.788      27189.479      9341.6442      17847.835      4331.0881      5093.0158      4804.6345      496.1402      -583.4936       11099.943     -7393.4938     -535.53787      74245.267      42.029697      42.029697      42.029697      1.1611135     -42.502168     -2152.5658      591.73791    
     66000   66000          515.98388      484.33362      27838.236      27313.404      9442.0886      17871.316      4264.652       5091.5844      4834.2201      520.45342     -533.02706      11090.497     -7397.0647     -535.13005      74301.849      42.040371      42.040371      42.040371      1.1602293      532.20007      1622.4597     -701.65889    
     67000   67000          511.14309      458.58499      27753.118      27253.804      9353.506       17900.298      4312.0581      5065.8321      4819.4764      547.38514     -546.46378      11097.024     -7395.014      -532.57435      74658.406      42.107511      42.107511      42.107511      1.1546882      268.0824      -98.617766      1206.2903    
     68000   68000          504.70783      1242.692       28179.106      26826.786      9235.7459      17591.041      4187.1764      5005.6188      4730.0275      521.51957     -551.39577      11086.457     -7388.3631     -532.86726      74617.368      42.099794      42.099794      42.099794      1.1553233      1976.9773      1588.2816      162.81705    
     69000   69000          519.07279      4181.275       31762.444      27260.063      9498.6131      17761.45       4274.67        5053.9217      4767.3552      516.97644     -546.20951      11088.217     -7393.4804     -538.51939      73834.206      41.951987      41.951987      41.951987      1.1675778      3876.549       5507.2081      3160.068     
     70000   70000          512.56623     -15.364357      26966.351      26983.046      9379.5483      17603.498      4058.2752      5167.7449      4770.9606      506.30031     -592.13536      11087.927     -7395.575      -533.66591      74505.7        42.078783      42.078783      42.078783      1.1570549     -733.49046     -221.78957      909.18695    
     71000   71000          517.00465     -634.28362      26495.46       27185.103      9460.7678      17724.335      4211.9351      5048.1638      4845.398       499.95981     -562.60788      11075.651     -7394.1652     -533.32774      74552.942      42.087674      42.087674      42.087674      1.1563217      218.23421     -2420.8716      299.78654    
     72000   72000          516.8648       1337.1053      28644.659      27198.188      9458.2087      17739.979      4203.9111      5134.3469      4734.951       498.81812     -519.58339      11084.146     -7396.6112     -536.03195      74176.833      42.01678       42.01678       42.01678       1.1621847      2100.1035      2966.8707     -1055.6582    
     73000   73000          517.90333     -256.10191      27218.263      27499.96       9477.213       18022.747      4354.1706      5168.8068      4777.1353      505.28163     -471.65024      11076.924     -7387.9218     -527.18844      75421.138      42.25042       42.25042       42.25042       1.1430109      1049.0021      1267.7482     -3085.0561    
     74000   74000          513.59197     -2143.0234      24793.112      27132.954      9398.3185      17734.636      4276.9045      4983.9128      4844.5989      508.70478     -579.20144      11092.318     -7392.6023     -531.09857      74865.862      42.146477      42.146477      42.146477      1.1514886     -2754.1343     -2574.8596     -1100.0762    
     75000   75000          516.67036      434.76188      27650.575      27176.629      9454.6505      17721.978      4194.2449      5065.4027      4743.4809      514.82236     -485.72445      11085.998     -7396.2457     -531.93355      74748.344      42.124413      42.124413      42.124413      1.1532989      1582.4116     -464.36948      186.24351    
     76000   76000          517.90551     -2012.1816      25147.552      27339.148      9477.2528      17861.895      4232.2934      5058.3066      4944.5318      520.57076     -584.41891      11086.248     -7395.6364     -532.40436      74682.244      42.111992      42.111992      42.111992      1.1543197     -3365.1475     -2854.106       182.70864    
     77000   77000          506.24606     -608.14097      26159.875      26823.246      9263.8943      17559.352      4261.8144      5021.078       4649.0692      486.85349     -538.05354      11072.98      -7394.3903     -531.59701      74795.666      42.1333        42.1333        42.1333        1.1525692     -3104.8246      1325.5501     -45.148418    
     78000   78000          516.24882      1173.2626      28381.388      27111.388      9446.9367      17664.452      4253.5615      5090.6489      4629.5597      520.12862     -545.17773      11105.214     -7389.483      -535.70614      74221.945      42.025296      42.025296      42.025296      1.1614784      2058.5237      158.75954      1302.5046    
     79000   79000          514.63533     -550.89509      26564.635      27166.373      9417.4112      17748.962      4353.7004      5098.1485      4699.2805      492.03032     -587.80132      11088.781     -7395.177      -530.87989      74896.7        42.152263      42.152263      42.152263      1.1510144     -1664.0688     -296.52671      307.91024    
     80000   80000          508.77686      664.84788      27810.407      27087.986      9310.2059      17777.78       4230.2424      5080.4536      4816.6073      520.77538     -588.60899      11106.571     -7388.2613     -533.6621       74506.231      42.078883      42.078883      42.078883      1.1570466     -30.289429      384.25452      1640.5785    
     81000   81000          517.14733     -1336.9012      25945.11       27408.11       9463.3787      17944.732      4231.723       5229.7601      4842.5834      529.04775     -583.16792      11091.908     -7397.123      -529.89508      75035.895      42.17836       42.17836       42.17836       1.1488792      377.3644      -3288.3843     -1099.6839    
     82000   82000          516.82273     -1548.4842      25548.684      27244.111      9457.4388      17786.672      4249.172       5168.7099      4724.6383      497.59841     -567.88385      11103.184     -7388.7465     -529.61795      75075.159      42.185716      42.185716      42.185716      1.1482784      326.55063     -2578.8861     -2393.1172    
     83000   83000          504.35773     -350.78362      26614.277      26996.074      9229.3395      17766.734      4218.9399      5038.3981      4830.8665      540.36652     -562.60157      11092.122     -7391.357      -532.773        74630.569      42.102277      42.102277      42.102277      1.1551189     -276.31119      93.941396     -869.98107    
     84000   84000          510.9668       565.05728      27693.328      27077.926      9350.28        17727.646      4241.3281      5044.7166      4702.036       516.05108     -482.01463      11097.523     -7391.9948     -532.43671      74677.706      42.111139      42.111139      42.111139      1.1543898      1310.0419      850.44962     -465.31967    
     85000   85000          510.34081      1440.5323      28737.625      27177.471      9338.8249      17838.646      4293.3346      4980.3501      4918.4433      534.26705     -577.81647      11082.271     -7392.2036     -535.41507      74262.295      42.03291       42.03291       42.03291       1.1608473      1525.8985      1032.4397      1763.2587    
     86000   86000          511.26594     -504.73715      26372.75       26921.481      9355.754       17565.727      4122.6856      5107.4245      4655.9184      504.37398     -522.53789      11089.432     -7391.5693     -533.38507      74544.928      42.086166      42.086166      42.086166      1.156446      -1147.3244      251.95073     -618.83774    
     87000   87000          516.85362     -457.48567      26599.472      27099.034      9458.0041      17641.03       4140.5401      4995.7788      4824.8971      521.39802     -532.41153      11079.955     -7389.1273     -531.03461      74874.879      42.148169      42.148169      42.148169      1.1513499     -566.9846       629.79246     -1435.2649    
     88000   88000          507.98006      52.008448      27209.248      27152.729      9295.625       17857.104      4218.8598      5083.4829      4834.8543      501.2715      -495.45559      11102.778     -7388.6877     -533.59074      74516.195      42.080758      42.080758      42.080758      1.1568919     -731.57925      1561.1172     -673.51258    
     89000   89000          508.68496     -1458.7746      25367.909      26970.926      9308.5243      17662.402      4090.3678      5068.7686      4873.7202      513.68219     -589.39823      11094.087     -7388.8258     -527.69704      75348.447      42.236842      42.236842      42.236842      1.1441136     -16.88787      -2677.2593     -1682.1768    
     90000   90000          513.39476      804.45856      27992.432      27122.443      9394.7098      17727.734      4276.1615      4989.7334      4873.6292      507.16647     -621.10299      11095.364     -7393.2179     -536.198        74153.861      42.012442      42.012442      42.012442      1.1625448      531.38608     -720.54604      2602.5356    
     91000   91000          512.34858      1876.1064      29175.104      27123.719      9375.5654      17748.153      4355.6888      4967.9985      4709.3665      509.97474     -487.10689      11081.233     -7389.0011     -530.32862      74974.555      42.166864      42.166864      42.166864      1.1498192     -503.73535      1637.1974      4494.8572    
     92000   92000          512.73693      674.75544      27767.699      27032.441      9382.672       17649.769      4226.9126      5098.0804      4657.4942      511.60956     -514.66898      11067.172     -7396.8304     -532.15912      74716.66       42.11846       42.11846       42.11846       1.153788       460.77398      1251.3915      312.10089    
     93000   93000          517.83339      253.25452      27578.25       27303.087      9475.9332      17827.154      4321.28        5008.8084      4797.1096      518.10572     -512.7135       11088.241     -7393.6774     -533.70612      74500.086      42.077726      42.077726      42.077726      1.1571421     -331.51142      1135.0952     -43.82023     
     94000   94000          505.64029     -2855.5168      23841.338      26960.691      9252.8093      17707.882      4208.9031      4938.5892      4915.0371      499.59356     -565.44178      11099.651     -7388.4504     -530.82952      74903.807      42.153596      42.153596      42.153596      1.1509052     -886.23836     -3975.2782     -3705.0338    
     95000   95000          507.73498     -391.77477      26399.557      26824.571      9291.1404      17533.431      4180.7101      5017.6         4782.0605      473.04428     -625.43299      11097.49      -7392.0408     -534.52499      74385.955      42.056228      42.056228      42.056228      1.1589175     -1030.1985     -248.34269      103.21689    
     96000   96000          512.41557      103.22242      27212.207      27099.629      9376.7913      17722.837      4343.8793      5052.5463      4675.2176      535.8539      -573.63042      11081.693     -7392.7227     -531.68328      74783.529      42.131021      42.131021      42.131021      1.1527563     -1235.913       531.07718      1014.503     
     97000   97000          518.73291      1327.5959      28705.963      27274.913      9492.3935      17782.519      4236.2243      5157.1895      4692.1413      507.90766     -507.8103       11089.261     -7392.3949     -537.95472      73911.708      41.966661      41.966661      41.966661      1.1663535      3040.1294      735.72327      206.93498    
     98000   98000          513.68695      1573.0244      28652.493      26961.17       9400.0566      17561.113      4192.0467      4939.4775      4784.6884      534.17018     -590.99002      11092.675     -7390.955      -539.31656      73725.072      41.931307      41.931307      41.931307      1.1693062      1244.8203      3076.8791      397.37365    
     99000   99000          505.22368      2048.4714      29232.518      27029.706      9245.1856      17784.521      4354.6555      5007.7528      4804.1518      505.89924     -607.24194      11111.594     -7392.2907     -539.2465       73734.651      41.933123      41.933123      41.933123      1.1691543      1774.9332      2562.1713      1808.3098    
    100000   100000         516.90824      1564.0153      28866.808      27173.308      9459.0036      17714.304      4363.319       5029.5621      4687.9931      504.25347     -588.28902      11108.448     -7390.9829     -535.53838      74245.195      42.029683      42.029683      42.029683      1.1611146      264.92982      1916.2707      2510.8454    
    101000   101000         512.65609      581.9032       27686.569      27054.505      9381.1927      17673.312      4221.9323      5092.2613      4729.5453      514.95645     -598.9951       11103.488     -7389.8759     -533.85655      74479.094      42.073773      42.073773      42.073773      1.1574682      2346.0311      631.12986     -1231.4514    
    102000   102000         517.34431      1497.7167      28762.049      27143.767      9466.9833      17676.784      4250.3864      5074.7963      4689.9915      520.90606     -567.72167      11097.776     -7389.351      -536.67373      74088.128      42.000024      42.000024      42.000024      1.1635762      2856.2498      446.28429      1190.6161    
    103000   103000         506.12881      894.84253      27869.813      26908.862      9261.7488      17647.113      4229.4838      5015.0619      4752.294       528.12085     -569.36676      11087.099     -7395.5795     -539.98316      73634.059      41.914046      41.914046      41.914046      1.1707515      3284.6915     -768.46855      168.30463    
    104000   104000         511.16054      21.559457      26921.469      26898.118      9353.8254      17544.293      4325.8407      4967.3113      4632.8289      501.52959     -586.25045      11093.812     -7390.7793     -535.37882      74267.324      42.033859      42.033859      42.033859      1.1607687      1741.5032     -1258.8985     -417.92633    
    105000   105000         509.52204      1839.2175      29042.446      27055.465      9323.8421      17731.623      4240.3301      5132.8178      4705.9342      524.25698     -583.12328      11101.581     -7390.1739     -536.75269      74077.23       41.997965      41.997965      41.997965      1.1637474      2697.6405      1236.3373      1583.6749    
    106000   106000         515.10543      240.49648      27154.693      26893.332      9426.0136      17467.318      4170.5733      5042.3978      4660.644       480.9861      -583.25832      11084.964     -7388.9889     -533.58297      74517.281      42.080963      42.080963      42.080963      1.156875       813.09304     -2741.6521      2650.0485    
    107000   107000         505.3095      -565.68838      26186.054      26800.704      9246.756       17553.948      4265.6571      4969.968       4692.6293      486.59111     -562.77566      11095.241     -7393.3624     -533.68376      74503.208      42.078313      42.078313      42.078313      1.1570936      1278.7469     -1691.762      -1284.0501    
    108000   108000         507.55608     -382.61286      26494.457      26907.457      9287.8667      17619.591      4256.3875      5070.3004      4705.8602      503.23963     -617.12198      11091.281     -7390.3559     -537.20917      74014.284      41.986066      41.986066      41.986066      1.1647371     -928.06688     -450.89963      231.12793    
    109000   109000         506.59642      387.78418      27453.132      27030.978      9270.3057      17760.672      4283.7433      5156.9772      4722.9352      507.50556     -612.82471      11092.269     -7389.9336     -532.66425      74645.806      42.105142      42.105142      42.105142      1.1548831     -267.9183       1245.1668      186.10406    
    110000   110000         507.83891      888.71421      27869.875      26909.196      9293.0421      17616.154      4163.6102      5126.8457      4678.9518      508.99996     -547.84122      11079.503     -7393.9159     -536.43713      74120.805      42.006198      42.006198      42.006198      1.1630632      1570.5657     -1213.3404      2308.9173    
    111000   111000         512.53121      189.85137      27181.502      26977.136      9378.9075      17598.228      4246.8664      5031.8698      4618.4707      504.88818     -511.94811      11098.172     -7390.0907     -538.68963      73810.873      41.947567      41.947567      41.947567      1.1679469     -1327.5731      883.60501      1013.5222    
    112000   112000         514.39286     -1277.9763      25833.307      27230.568      9412.9742      17817.594      4239.067       5104.8151      4815.8238      517.72808     -555.10759      11085.032     -7389.7647     -530.37152      74968.49       42.165727      42.165727      42.165727      1.1499122     -2678.5605     -3384.8407      2229.4723    
    113000   113000         510.61385     -2586.1827      24134.881      26968.683      9343.8214      17624.862      4206.8982      5001.6136      4792.4566      506.82185     -572.73096      11085.533     -7395.7306     -529.20575      75133.635      42.196666      42.196666      42.196666      1.1473847     -3621.1075     -1218.6321     -2918.8087    
    114000   114000         504.47536     -559.84521      26405.94       27015.162      9231.4918      17783.67       4258.3474      5061.4615      4795.8971      503.81822     -538.78066      11098.75      -7395.8234     -532.87809      74615.851      42.099509      42.099509      42.099509      1.1553468     -1154.3443     -923.90653      398.71522    
    115000   115000         518.13384     -2167.9549      24866.066      27223.536      9481.431       17742.105      4371.7635      4999.5769      4787.2923      521.61454     -642.13282      11093.399     -7389.4075     -533.25988      74562.429      42.08946       42.08946       42.08946       1.1561746     -1081.174      -1895.5438     -3527.1467    
    116000   116000         505.73124     -1488.3372      25290.451      26905.281      9254.4736      17650.807      4164.9177      4959.7314      4834.5598      519.23267     -528.40336      11091.901     -7391.1316     -534.45294      74395.983      42.058117      42.058117      42.058117      1.1587613     -939.6574      -2601.9432     -923.41103    
    117000   117000         508.36583      1.4262875      26840.711      26839.166      9302.6845      17536.481      4098.6464      5026.9639      4776.0721      506.30417     -557.68605      11078.521     -7392.3406     -535.40917      74263.114      42.033064      42.033064      42.033064      1.1608345     -468.62934      221.82211      251.08609    
    118000   118000         508.01355      84.759688      27000.659      26908.802      9296.2379      17612.564      4293.6203      5051.5857      4636.5172      505.335       -586.4725       11101.724     -7389.7454     -535.07338      74309.718      42.041855      42.041855      42.041855      1.1601064     -250.75123      1671.0424     -1166.0121    
    119000   119000         511.46994     -434.99194      26602.77       27074.407      9359.4871      17714.92       4267.7897      5095.6434      4777.7219      531.31686     -641.27022      11078.049     -7394.3306     -534.82069      74344.828      42.048475      42.048475      42.048475      1.1595586     -2467.0028      1550.1732     -388.14614    
    120000   120000         504.16356     -1923.3549      24740.733      26830.127      9225.7863      17604.34       4067.3629      4997.4119      4874.282       513.40102     -545.85848      11086.919     -7389.1782     -533.7945       74487.751      42.075403      42.075403      42.075403      1.1573337     -2002.0415     -1764.7479     -2003.2751    
    121000   121000         499.9755      -1122.9013      25586.156      26811.53       9149.1482      17662.382      4183.5311      5025.4704      4854.3397      494.55919     -582.95708      11078.937     -7391.4982     -531.38327      74825.75       42.138948      42.138948      42.138948      1.1521058     -1253.7355     -1695.1814     -419.78696    
    122000   122000         504.54172      657.9045       27451.249      26736.995      9232.7063      17504.289      4144.6357      4901.2039      4777.6726      508.26254     -526.60031      11092.782     -7393.6678     -534.12727      74441.344      42.066664      42.066664      42.066664      1.1580552      523.22915      1079.1846      371.29975    
    123000   123000         505.41472     -2340.224       24368.713      26952.588      9248.6815      17703.907      4185.0396      5067.0503      4721.3481      512.18389     -489.00441      11096.43      -7389.1409     -525.19505      75707.4        42.303806      42.303806      42.303806      1.138689      -2129.5554     -4026.5379     -864.57868    
    124000   124000         509.21325      280.38368      27235.608      26932.212      9318.1914      17614.02       4119.3849      5089.6356      4742.9303      521.03968     -544.57959      11081.323     -7395.7137     -535.89293      74196.075      42.020412      42.020412      42.020412      1.1618833      199.04899      686.77862     -44.676551    
    125000   125000         509.72534      174.39659      27187.43       26997.059      9327.5623      17669.497      4158.741       5106.1343      4773.7466      501.2257      -581.44338      11099.171     -7388.0782     -531.21761      74849.085      42.143328      42.143328      42.143328      1.1517466      890.13348      489.60097     -856.54467    
    126000   126000         497.83105      305.3704       26969.947      26635.336      9109.9064      17525.43       4246.8891      4933.4199      4690.807       511.46794     -558.79052      11092.607     -7390.971      -529.2024       75134.111      42.196755      42.196755      42.196755      1.1473774     -645.59692     -1035.0411      2596.7492    
    127000   127000         512.25228      1209.1237      28319.619      27012.54       9373.8033      17638.737      4215.2082      5022.449       4705.3507      514.24889     -516.32161      11091.022     -7393.2199     -536.41869      74123.353      42.006679      42.006679      42.006679      1.1630232      3815.2497      64.914816     -252.79355    
    128000   128000         502.96296     -2163.661       24570.602      26954.147      9203.8163      17750.331      4245.2259      5088.8517      4770.0055      500.75238     -537.92869      11076.358     -7392.9338     -526.38157      75536.749      42.271997      42.271997      42.271997      1.1412615     -2875.4999     -695.43947     -2920.0435    
    129000   129000         512.26094     -149.6166       26834.09       26996.896      9373.9618      17622.934      4193.5552      5077.1514      4716.1638      517.73716     -574.76782      11083.445     -7390.3511     -532.8983       74613.021      42.098977      42.098977      42.098977      1.1553906      567.33489     -967.94316     -48.241516    
    130000   130000         501.5854      -466.49483      26347.386      26856.808      9178.6079      17678.2        4169.7055      5064.7956      4793.2118      488.83856     -550.23506      11104.31      -7392.4262     -531.01177      74878.099      42.148773      42.148773      42.148773      1.1513004     -373.45317     -1391.6027      365.57133    
    131000   131000         503.15303     -436.65667      26434.083      26910.45       9207.2944      17703.155      4203.7653      5133.673       4700.7178      508.47429     -545.01109      11089.416     -7387.8797     -531.53734      74804.062      42.134877      42.134877      42.134877      1.1524399      91.171777     -532.37545     -868.76634    
    132000   132000         510.18061     -1092.7457      25749.275      26938.203      9335.8934      17602.31       4090.2019      5057.9147      4861.8922      522.33387     -624.6879       11087.894     -7393.2393     -532.96447      74603.757      42.097234      42.097234      42.097234      1.1555341      368.03315     -1296.1234     -2350.1467    
    133000   133000         512.89826      457.91369      27423.85       26928.283      9385.6243      17542.659      4127.3936      5010.164       4779.8665      511.89877     -566.52426      11070.44      -7390.5797     -535.81631      74206.685      42.022415      42.022415      42.022415      1.1617172     -280.15845      77.364264      1576.5353    
    134000   134000         504.05509     -6.8213543      26639.733      26647.199      9223.8013      17423.397      4136.8396      4947.541       4717.397       488.30877     -572.79257      11098.465     -7392.3619     -529.86523      75040.123      42.179152      42.179152      42.179152      1.1488145     -654.48476     -418.53078      1052.5515    
    135000   135000         503.02093     -1102.748       25778.746      26991.34       9204.877       17786.463      4173.5701      5046.2041      4833.7858      531.75897     -507.71448      11103.238     -7394.3794     -527.34618      75398.578      42.246206      42.246206      42.246206      1.1433529     -2166.2908     -1304.0878      162.13459    
    136000   136000         502.52725      2023.0913      29076.418      26888.694      9195.843       17692.851      4181.7916      5131.047       4608.6667      519.06904     -450.65701      11095.813     -7392.8791     -536.23835      74148.281      42.011388      42.011388      42.011388      1.1626323      560.85492      2686.8588      2821.5602    
    137000   137000         514.30745      1627.7029      28827.775      27057.081      9411.4113      17645.67       4234.0337      5082.4973      4693.3219      500.259       -568.65115      11093.314     -7389.1046     -533.04847      74592.001      42.095023      42.095023      42.095023      1.1557162      2349.5595      523.97813      2009.5711    
    138000   138000         500.0944       988.69226      27855.01       26775.825      9151.3238      17624.502      4226.65        5091.7731      4625.1088      497.49907     -529.13389      11103.094     -7390.4895     -531.25165      74844.289      42.142428      42.142428      42.142428      1.1518204      1761.2058      2098.5792     -893.70819    
    139000   139000         501.10887     -440.17484      26215.749      26696.072      9169.8879      17526.184      4150.1431      4968.7957      4692.3825      521.59317     -514.92647      11098.497     -7390.3008     -531.40564      74822.601      42.138357      42.138357      42.138357      1.1521543      352.84292     -958.02567     -715.34176    
    140000   140000         502.95859      669.38056      27537.228      26811.057      9203.7363      17607.321      4239.8998      4998.2222      4659.4825      507.63799     -500.20545      11096.93      -7394.6456     -534.52663      74385.728      42.056185      42.056185      42.056185      1.158921       326.82317     -1789.6435      3470.962     
    141000   141000         517.48403      439.71314      27553.321      27072.503      9469.54        17602.963      4156.893       5057.5158      4777.3618      505.90134     -586.02434      11081.98      -7390.6651     -530.30159      74978.376      42.16758       42.16758       42.16758       1.1497606      118.34959      557.27416      643.51566    
    142000   142000         503.02968     -1472.9792      25210.818      26811.117      9205.0371      17606.079      4052.5863      5114.2892      4764.349       529.90495     -573.85831      11106.383     -7387.5747     -533.74092      74495.229      42.076811      42.076811      42.076811      1.1572175     -2194.685      -280.60999     -1943.6425    
    143000   143000         511.60326      562.858        27625.342      27010.655      9361.9268      17648.729      4195.2667      5105.6376      4698.2777      514.90168     -570.93096      11095.9       -7390.3245     -530.98223      74882.265      42.149555      42.149555      42.149555      1.1512363      586.70131      197.61235      904.26035    
    144000   144000         505.15556      739.26755      27705.256      26896.265      9243.939       17652.326      4228.9302      4984.4382      4736.9496      492.80054     -487.9702       11091.365     -7394.1871     -529.89907      75035.33       42.178254      42.178254      42.178254      1.1488879      1783.3357      430.49856      3.9683364    
    145000   145000         499.49431      515.66824      27284.056      26723.7        9140.3427      17583.357      4162.0397      5113.1075      4673.3481      495.51262     -548.75776      11086.403     -7398.2966     -533.63093      74510.583      42.079702      42.079702      42.079702      1.156979      -338.23968      1601.5573      283.68712    
    146000   146000         503.39421      706.66792      27694.578      26922.149      9211.7077      17710.441      4231.2081      5082.3396      4693.1482      535.45761     -530.62513      11091.321     -7392.4082     -530.50774      74949.241      42.162117      42.162117      42.162117      1.1502076     -169.60413      1076.9938      1212.614     
    147000   147000         499.79301      694.17793      27496.153      26742.048      9145.8088      17596.239      4260.6673      4960.0534      4701.9674      524.09867     -537.75642      11082.871     -7395.6625     -533.79415      74487.8        42.075412      42.075412      42.075412      1.1573329      628.93309      877.98369      575.61702    
    148000   148000         500.99157     -483.65587      26312.36       26843.584      9167.7414      17675.842      4245.5644      5010.2781      4690.1022      510.6386      -494.05304      11097.538     -7384.2256     -527.95099      75312.202      42.230068      42.230068      42.230068      1.1446642     -1754.131       1429.9847     -1126.8214    
    149000   149000         515.99838     -340.4397       26829.018      27200.243      9442.3539      17757.889      4244.2912      5070.2793      4751.4053      509.81555     -521.01205      11093.033     -7389.9237     -531.78705      74768.936      42.128281      42.128281      42.128281      1.1529813     -700.64305      505.18121     -825.85728    
    150000   150000         505.81882      1280.2869      28248.322      26840.684      9256.0761      17584.608      4220.9405      4979.234       4643.887       527.65955     -483.41288      11092.192     -7395.8928     -527.41331      75388.981      42.244414      42.244414      42.244414      1.1434985     -673.90378      1708.3247      2806.4397    
    151000   151000         505.08604      52.914549      27135.797      27078.086      9242.6669      17835.42       4276.9552      5052.7186      4867.1936      520.92628     -586.91167      11096.325     -7391.7875     -531.68725      74782.971      42.130916      42.130916      42.130916      1.1527649      170.74334      513.47066     -525.47035    
    152000   152000         506.27817      2797.3387      29783.022      26741.913      9264.4818      17477.431      4253.0415      5023.6745      4513.3188      483.33463     -489.2886       11087.592     -7394.2425     -533.39365      74543.729      42.085941      42.085941      42.085941      1.1564646      2429.1071      2676.4374      3286.4715    
    153000   153000         511.76132     -542.73347      26458.214      27045.664      9364.8191      17680.845      4284.1964      4978.3566      4738.5869      492.04596     -516.56093      11094.413     -7390.1933     -535.73571      74217.848      42.024522      42.024522      42.024522      1.1615425     -3036.6325      1247.6647      160.76742    
    154000   154000         502.89172      906.24047      27887.829      26903.519      9202.5126      17701.006      4272.3341      5035.5315      4757.3379      501.0285      -573.05301      11097.491     -7389.6643     -533.88347      74475.338      42.073066      42.073066      42.073066      1.1575266     -31.078426      1194.7019      1555.0979    
    155000   155000         496.67957      189.35841      26912.649      26706.193      9088.8352      17617.357      4299.0795      5017.5743      4616.7737      515.13538     -521.0119       11082.427     -7392.6205     -531.85258      74759.723      42.12655       42.12655       42.12655       1.1531234      782.33692     -643.34003      429.07835    
    156000   156000         509.90365      846.92704      27828.757      26913.76       9330.8253      17582.935      4275.0072      5001.9565      4630.1476      492.70386     -524.9663       11097.963     -7389.8769     -536.73662      74079.447      41.998384      41.998384      41.998384      1.1637126      1475.1566      188.202        877.42248    
    157000   157000         502.32339     -633.74957      26201.361      26882.392      9192.1126      17690.279      4193.6993      5038.1847      4857.1679      501.74144     -590.53104      11081.102     -7391.0856     -539.61704      73684.018      41.923523      41.923523      41.923523      1.1699577     -400.84123     -877.78503     -622.62246    
    158000   158000         500.04085     -731.5786       25936.588      26732.969      9150.3439      17582.625      4239.773       5033.4437      4702.3545      466.89567     -540.8928       11074.993     -7393.9417     -532.69045      74642.134      42.104452      42.104452      42.104452      1.15494       -440.29232      110.77357     -1865.217     
    159000   159000         505.0427       963.3586       27924.902      26886.322      9241.8739      17644.448      4295.5678      5005.647       4650.6482      467.9783      -490.97674      11107.145     -7391.5611     -537.87721      73922.358      41.968676      41.968676      41.968676      1.1661855      1023.1421      2321.1801     -454.24644    
    160000   160000         513.89123     -266.35254      26719.302      27009.424      9403.7948      17605.629      4179.7571      5076.9101      4713.9161      483.98492     -542.16485      11086.412     -7393.1863     -532.36757      74687.405      42.112962      42.112962      42.112962      1.1542399     -1101.3088      821.40452     -519.15337    
    161000   161000         501.85654      170.303        26927.112      26744.269      9183.5696      17560.699      4303.4308      4917.0324      4802.1743      493.20693     -634.20006      11073.35      -7394.2956     -540.10413      73617.567      41.910916      41.910916      41.910916      1.1710137      1317.3489     -224.20163     -582.23825    
    162000   162000         503.76472     -1638.7225      24993.034      26771.585      9218.4878      17553.097      4134.6924      4967.2738      4819.4994      520.93437     -602.23334      11102.38      -7389.4496     -534.28622      74419.198      42.062492      42.062492      42.062492      1.1583998     -2152.7364     -1439.5628     -1323.8684    
    163000   163000         501.72455      2375.309       29169.942      26593.233      9181.1542      17412.079      4123.495       5043.9636      4630.8977      501.95818     -593.83353      11099.169     -7393.5709     -534.55163      74382.249      42.055529      42.055529      42.055529      1.1589752      2702.526       879.01865      3544.3823    
    164000   164000         500.79339      1773.791       28711.412      26800.348      9164.1148      17636.233      4175.6339      5048.8885      4733.3163      528.5067      -536.41239      11078.399     -7392.0991     -538.22273      73874.903      41.959694      41.959694      41.959694      1.1669346      1014.822       1678.8071      2627.7438    
    165000   165000         508.02324     -2128.494       24478.42       26784.136      9296.4152      17487.721      4171.7191      5089.1813      4703.264       506.84983     -661.37326      11076.384     -7398.3041     -535.30511      74277.55       42.035788      42.035788      42.035788      1.1606089     -3093.4003     -3473.9074      181.82566    
    166000   166000         496.00889     -227.51395      26304.084      26550.87       9076.5624      17474.308      4176.1605      5024.3493      4676.1177      517.52977     -630.6713       11102.726     -7391.9042     -534.592        74376.631      42.05447       42.05447       42.05447       1.1590628      798.25498     -932.91585     -547.88097    
    167000   167000         504.3934       358.12674      27084.182      26697.27       9229.9922      17467.278      4202.885       5026.7257      4657.5164      511.05112     -615.61566      11077.855     -7393.1393     -536.73415      74079.787      41.998448      41.998448      41.998448      1.1637072      581.82263      492.6715      -0.11391293   
    168000   168000         506.59113     -1409.9615      25473.775      27003.218      9270.2088      17733.009      4258.7643      5138.6521      4774.1461      520.5451      -661.63577      11091.744     -7389.2065     -534.57522      74378.966      42.05491       42.05491       42.05491       1.1590264     -1012.64       -653.47027     -2563.7743    
    169000   169000         500.22734      85.597225      26785.69       26692.682      9153.7567      17538.925      4171.794       5038.1752      4739.7224      489.03878     -602.22486      11097.322     -7394.9021     -533.67216      74504.827      42.078618      42.078618      42.078618      1.1570684      2163.2801     -1117.3718     -789.11664    
    170000   170000         501.87208     -1095.7537      25729.944      26923.145      9183.8539      17739.291      4227.5192      5096.948       4801.5603      492.9727      -581.93361      11094.475     -7392.2512     -532.51808      74666.295      42.108994      42.108994      42.108994      1.1545662      943.06548     -1958.1464     -2272.1801    
    171000   171000         490.69317     -1093.7493      25291.276      26478.409      8979.289       17499.12       4197.4652      4947.849       4771.3396      501.86864     -619.05542      11092.647     -7392.9939     -534.26051      74422.779      42.063166      42.063166      42.063166      1.1583441      215.41673     -2330.1366     -1166.5282    
    172000   172000         502.85376     -707.50917      26037.992      26802.325      9201.818       17600.507      4188.2157      5032.0679      4753.5087      535.25484     -616.03761      11098.106     -7390.6086     -536.76477      74075.562      41.99765       41.99765       41.99765       1.1637736     -186.86146     -394.19043     -1541.4756    
    173000   173000         504.07277     -547.43034      26065.786      26661.374      9224.1249      17437.25       4164.5018      4928.9019      4735.4826      497.69092     -608.49836      11107.186     -7388.0148     -532.98763      74600.515      42.096625      42.096625      42.096625      1.1555843     -1668.91       -848.2162       874.83522    
    174000   174000         502.79472     -169.27815      26579.969      26765.608      9200.7376      17564.87       4215.5802      5034.3248      4655.4928      486.54381     -539.99626      11103.105     -7390.1803     -528.77017      75195.527      42.208249      42.208249      42.208249      1.1464403      544.98024     -2611.1672      1558.3525    
    175000   175000         503.68856      435.6574       27297.197      26827.481      9217.094       17610.387      4206.4955      4912.7406      4870.4119      529.85493     -604.37992      11089.266     -7394.0025     -537.8295       73928.916      41.969917      41.969917      41.969917      1.1660821      845.82932      396.08094      65.061932    
    176000   176000         506.72265     -1117.6301      25490.046      26705.813      9272.6155      17433.197      4178.1838      4960.3313      4707.3746      498.57422     -593.65695      11076.734     -7394.3432     -533.06808      74589.257      42.094507      42.094507      42.094507      1.1557587      414.23475     -3170.2616     -596.86338    
    177000   177000         490.86568      761.53957      27225.176      26403.742      8982.4458      17421.296      4167.0837      5053.6488      4593.4213      504.63628     -579.07365      11079.224     -7397.6444     -537.59425      73961.267      41.976038      41.976038      41.976038      1.165572       99.550933      602.9412       1582.1266    
    178000   178000         507.11291      1234.7623      28283.953      26937.284      9279.757       17657.527      4201.6379      5096.6357      4704.3952      515.71175     -559.90419      11094.753     -7395.7028     -531.68844      74782.803      42.130885      42.130885      42.130885      1.1527675      1085.3979      993.12019      1625.7689    
    179000   179000         502.74587     -328.51869      26338.348      26692.867      9199.8436      17493.023      4087.7696      5020.2121      4788.2053      523.73609     -603.61829      11072.192     -7395.4739     -537.34722      73995.269      41.98247       41.98247       41.98247       1.1650364     -2092.4421      587.14068      519.74539    
    180000   180000         502.03479      748.34896      27542.87       26729.474      9186.8315      17542.642      4165.0809      5070.3281      4610.9193      499.96476     -515.92354      11108.318     -7396.0454     -533.50305      74528.443      42.083064      42.083064      42.083064      1.1567018      1475.4308     -54.524903      824.14095    
    181000   181000         502.22217     -6.4224095      26800.628      26807.607      9190.2603      17617.346      4298.9467      4973.1027      4738.5973      514.9445      -591.49854      11075.912     -7392.6582     -533.65124      74507.747      42.079168      42.079168      42.079168      1.1570231     -1617.8659      1074.7764      523.82232    
    182000   182000         508.81753      1454.6277      28548.536      26968.114      9310.9501      17657.164      4272.275       4964.0137      4679.5373      515.30658     -474.7011       11095.835     -7395.1026     -533.72041      74498.092      42.07735       42.07735       42.07735       1.157173       2790.2707      1956.5083     -382.89589    
    183000   183000         504.92245     -1503.9837      25059.914      26687.113      9239.6734      17447.439      4212.0939      4999.2268      4681.9377      504.70021     -656.42926      11094.29      -7388.3804     -535.9661       74185.946      42.0185        42.0185        42.0185        1.162042      -1530.9829     -1051.3361     -1929.6322    
    184000   184000         497.84307      1277.2868      28084.162      26686.587      9110.1263      17576.461      4223.0146      5145.257       4585.0084      502.44332     -569.985        11083.725     -7393.0021     -529.96642      75025.795      42.176467      42.176467      42.176467      1.1490339      640.38134      1807.7406      1383.7383    
    185000   185000         505.69238      363.14188      27319.345      26926.197      9253.7625      17672.434      4245.9763      5126.5243      4668.6587      514.08862     -547.57765      11061.118     -7396.3537     -535.61791      74234.172      42.027603      42.027603      42.027603      1.161287      -82.57948       987.94874      184.05639    
    186000   186000         500.48653     -209.75304      26393.346      26622.243      9158.4996      17463.743      4228.0199      4977.7084      4585.6457      504.09995     -512.6115       11073.091     -7392.2107     -531.37866      74826.4        42.13907       42.13907       42.13907       1.1520958     -1749.2695      1326.3951     -206.38471    
    187000   187000         499.2639       204.96054      26981.09       26760.459      9136.1264      17624.332      4182.427       5112.0253      4777.1897      506.60126     -647.35067      11084.523     -7391.0839     -538.68802      73811.094      41.947609      41.947609      41.947609      1.1679434     -1986.6487      2837.119      -235.58866    
    188000   188000         502.32378     -469.13958      26005.52       26515.074      9192.1197      17322.954      4052.9357      4964.5287      4691.359       483.11148     -547.09637      11071.744     -7393.6279     -533.88407      74475.254      42.07305       42.07305       42.07305       1.1575279     -1671.7971      470.11838     -205.73997    
    189000   189000         506.55557      483.55554      27300.466      26775.136      9269.558       17505.578      4117.722       4964.2138      4760.6706      523.93539     -553.5265       11085.981     -7393.4182     -533.76292      74492.159      42.076233      42.076233      42.076233      1.1572652      720.14395      821.79185     -91.26919     
    190000   190000         492.75729      420.85003      26938.394      26487.04       9017.0607      17469.979      4078.1398      5021.6788      4780.4097      513.71247     -611.82517      11082.825     -7394.9614     -540.68546      73538.416      41.89589       41.89589       41.89589       1.1722741      856.83126      989.35451     -583.63566    
    191000   191000         505.89277     -259.348        26302.751      26585.072      9257.4295      17327.642      4061.485       4910.8981      4761.8813      497.71508     -597.5949       11086.875     -7393.6173     -532.69054      74642.121      42.104449      42.104449      42.104449      1.1549401     -1062.9641      479.41425     -194.49418    
    192000   192000         508.11395      305.99452      27107.03       26776.295      9298.0751      17478.22       4119.7855      4963.844       4787.7611      505.22164     -585.33034      11080.7       -7393.7625     -536.49737      74112.483      42.004626      42.004626      42.004626      1.1631938     -25.593849      206.34852      737.2289     
    193000   193000         499.47603     -187.97225      26390.624      26594.922      9140.0083      17454.914      4135.5632      4960.066       4790.7105      481.03224     -592.39033      11073.061     -7393.1284     -533.53656      74523.763      42.082183      42.082183      42.082183      1.1567744     -503.91162      94.888223     -154.89334    
    194000   194000         502.82924     -253.13234      26425.641      26701.727      9201.3693      17500.357      4159.2417      4926.2867      4731.7441      510.54177     -515.69187      11081.612     -7393.3773     -531.66516      74786.078      42.1315        42.1315        42.1315        1.152717      -202.34837      977.23901     -1534.2877    
    195000   195000         495.99348      1178.5877      27908.446      26623.86       9076.2804      17547.579      4218.0886      5035.7418      4678.9999      495.21879     -573.21831      11082.905     -7390.1564     -532.02671      74735.255      42.121954      42.121954      42.121954      1.1535009      1133.6057     -368.15242      2770.3098    
    196000   196000         492.95099      383.27426      26827.258      26410.1        9020.6053      17389.495      4230.5277      5057.7632      4460.5041      503.33615     -538.10389      11068.848     -7393.3804     -532.77494      74630.297      42.102226      42.102226      42.102226      1.1551231      983.91549      1.5166689      164.39064    
    197000   197000         495.75082      523.32477      27267.382      26701.924      9071.84        17630.084      4221.3203      4997.8114      4784.0255      519.88204     -581.62753      11079.053     -7390.3803     -536.66815      74088.899      42.00017       42.00017       42.00017       1.1635641      1029.3326      661.21966     -120.57792    
    198000   198000         495.78534      142.68503      26804.52       26650.889      9072.4715      17578.417      4175.7741      5001.2132      4769.9208      504.59766     -571.38586      11088.769     -7390.4718     -538.55889      73828.791      41.950961      41.950961      41.950961      1.1676635     -1660.052       431.30516      1656.8019    
    199000   199000         497.3307       1065.7501      27661.885      26500.231      9100.7504      17399.48       4087.757       5045.3753      4602.0306      483.98592     -533.86744      11104.024     -7389.8252     -532.00222      74738.695      42.1226        42.1226        42.1226        1.1534478      789.47291     -1162.1151      3569.8925    
    200000   200000         504.30847      1123.8953      27905.639      26687.446      9228.4379      17459.008      4197.99        5026.192       4629.5584      503.06542     -589.3042       11082.823     -7391.316      -534.98877      74321.47       42.044071      42.044071      42.044071      1.159923       2428.0101     -491.48588      1435.1618    
    201000   201000         508.6814      -492.14437      26473.618      27011.732      9308.4591      17703.273      4263.5107      5064.6438      4729.7842      512.44661     -565.54657      11088.811     -7390.3764     -530.33811      74973.213      42.166612      42.166612      42.166612      1.1498398     -2755.8507      421.08341      858.33419    
    202000   202000         502.15481      791.61891      27672.856      26814.6        9189.0277      17625.573      4280.1256      5011.9485      4729.8121      523.03271     -624.3589       11093.883     -7388.8703     -534.85268      74340.381      42.047637      42.047637      42.047637      1.1596279      512.50714      530.55468      1331.7949    
    203000   203000         497.46137     -382.38061      26200.876      26616.988      9103.1416      17513.847      4290.4756      4979.9045      4665.4855      472.80758     -585.06163      11083.131     -7392.8958     -532.86818      74617.238      42.09977       42.09977       42.09977       1.1553253     -1701.1483     -1.7316529      555.73814    
    204000   204000         498.52277     -447.23082      25992.586      26476.054      9122.5643      17353.49       4164.5792      4934.7667      4613.1411      498.9932      -561.21992      11094.058     -7390.8284     -536.41217      74124.254      42.00685       42.00685       42.00685       1.1630091     -495.91511     -557.54496     -288.2324     
    205000   205000         504.62849      669.09439      27422.098      26697.099      9234.294       17462.805      4210.389       5013.7593      4618.9632      488.76988     -579.57419      11102.775     -7392.2772     -535.16167      74297.459      42.039543      42.039543      42.039543      1.1602979      992.41615      948.8884       65.978623    
    206000   206000         494.85966      850.0037       27472.837      26549.625      9055.5323      17494.092      4196.6032      4957.7726      4701.8658      512.63744     -577.58783      11093.379     -7390.5777     -533.89266      74474.056      42.072825      42.072825      42.072825      1.1575465     -319.58881      896.66969      1972.9302    
    207000   207000         492.8612       333.36265      27036.873      26676.962      9018.9621      17657.999      4260.7546      4979.6206      4729.4615      500.28285     -497.3582       11081.826     -7396.588      -537.10152      74029.118      41.98887       41.98887       41.98887       1.1645037     -1429.0033      1410.8656      1018.2256    
    208000   208000         501.23695      269.12783      27118.741      26828.962      9172.2316      17656.73       4229.7958      5017.7147      4775.7944      512.4707      -562.49887      11077.225     -7393.7722     -538.54909      73830.134      41.951216      41.951216      41.951216      1.1676422     -40.212641      260.77778      586.81836    
    209000   209000         497.76546     -77.397254      26532.118      26615.976      9108.7061      17507.27       4190.7172      4911.7467      4818.367       508.24214     -628.35417      11094.402     -7387.8511     -535.19849      74292.347      42.038579      42.038579      42.038579      1.1603777     -12.111767     -559.35796      339.27796    
    210000   210000         501.58767      1858.4915      28674.921      26677.999      9178.6495      17499.35       4180.793       4997.0377      4670.4672      512.92956     -531.54489      11068.057     -7398.3896     -539.67767      73675.741      41.921953      41.921953      41.921953      1.1700891      2591.472       1486.359       1497.6434    
    211000   211000         492.26884      481.75665      27030.478      26508.697      9008.1224      17500.575      4148.3977      5050.9184      4734.1657      482.38191     -614.85594      11089.015     -7389.4477     -535.39534      74265.032      42.033426      42.033426      42.033426      1.1608045     -1256.2316      2262.1064      439.39514    
    212000   212000         501.43377     -1821.6077      24652.264      26627.279      9175.8333      17451.445      4098.6916      5070.8375      4740.0218      487.90333     -625.21508      11072.431     -7393.2249     -534.83436      74342.927      42.048117      42.048117      42.048117      1.1595882     -1213.805      -2458.2621     -1792.756     
    213000   213000         499.93416     -1583.8659      24824.761      26546.651      9148.3916      17398.259      4194.5507      4893.3247      4770.0393      501.09503     -651.83866      11084.974     -7393.8854     -533.39361      74543.736      42.085942      42.085942      42.085942      1.1564645     -1498.628      -41.64925      -3211.3203    
    214000   214000         498.8363      -988.22665      25663.619      26729.862      9128.3016      17601.56       4203.7045      5065.0764      4741.3087      504.58322     -625.82996      11100.299     -7387.582      -537.44655      73981.594      41.979883      41.979883      41.979883      1.1652518     -2133.3361     -643.20159     -188.14232    
    215000   215000         505.10176     -344.17754      26326.871      26698.524      9242.9545      17455.569      4093.2344      4896.4549      4840.9257      523.79972     -602.34993      11095.526     -7392.0216     -537.00669      74042.191      41.991342      41.991342      41.991342      1.1642981     -685.46314     -761.64392      414.57445    
    216000   216000         495.96987     -1261.0202      25293.968      26660.968      9075.8483      17585.119      4174.6974      5075.0537      4772.2128      510.09083     -649.92         11097.616     -7394.631      -534.91967      74331.071      42.045882      42.045882      42.045882      1.1597732     -1920.9419     -697.93166     -1164.1871    
    217000   217000         503.34207      473.71642      27210.588      26698.451      9210.7536      17487.698      4155.2855      5019.8148      4700.0793      503.37106     -567.82566      11068.831     -7391.8577     -536.37355      74129.592      42.007858      42.007858      42.007858      1.1629254     -1045.9183      239.12112      2227.9464    
    218000   218000         493.72906     -1000.635       25440.604      26532.556      9034.8433      17497.713      4119.3569      5049.6424      4657.1033      501.83418     -517.80992      11078.158     -7390.5722     -531.38206      74825.921      42.13898       42.13898       42.13898       1.1521032     -167.52675     -661.4305      -2172.9479    
    219000   219000         509.14568      633.22469      27565          26882.813      9316.9551      17565.858      4155.9572      5034.8479      4700.6994      510.90292     -557.91168      11106.696     -7385.3342     -538.25669      73870.242      41.958811      41.958811      41.958811      1.1670083      125.01857      71.105616      1703.5499    
    220000   220000         493.41238     -1447.6776      24979.497      26553.268      9029.0484      17524.219      4213.8607      5013.1598      4699.7203      516.9726      -617.02813      11089.518     -7391.9839     -533.41496      74540.752      42.08538       42.08538       42.08538       1.1565108     -956.5299      -1476.4638     -1910.039     
    221000   221000         510.42591     -2337.4682      24126.154      26663.996      9340.3821      17323.614      4121.7406      5002.8771      4666.2483      494.73928     -644.98826      11075.831     -7392.8341     -534.09201      74446.259      42.067589      42.067589      42.067589      1.1579787     -1463.9165     -3606.8272     -1941.661     
    222000   222000         500.55439     -881.86384      25689.777      26649.556      9159.7413      17489.815      4191.9242      5017.9826      4718.3837      485.00036     -614.0558       11084.116     -7393.5365     -532.80109      74626.634      42.101537      42.101537      42.101537      1.1551798     -685.80574     -2807.966       848.18021    
    223000   223000         495.08475     -2818.1281      23424.438      26461.924      9059.6513      17402.273      4022.1844      4914.1553      4961.9134      512.30524     -698.68198      11084.955     -7394.5583     -537.99876      73905.657      41.965515      41.965515      41.965515      1.166449      -4507.7536     -1852.9882     -2093.6425    
    224000   224000         492.66656     -1261.1543      25163.923      26524.94       9015.4004      17509.54       4162.0321      4960.9461      4841.7759      520.40085     -676.85734      11093.992     -7392.7501     -537.32816      73997.894      41.982966      41.982966      41.982966      1.1649951     -1183.4543     -2018.3855     -581.62299    
    225000   225000         495.29026      872.3732       27462.586      26517.243      9063.4119      17453.831      4288.2855      4825.4851      4684.0077      516.58574     -555.68228      11089.021     -7393.8717     -535.11578      74303.83       42.040745      42.040745      42.040745      1.1601984     -1912.8115      2092.9256      2437.0055    
    226000   226000         510.48095     -32.516349      26814.552      26849.56       9341.3894      17508.171      4183.542       4929.9905      4810.43        520.48289     -630.94669      11085.443     -7390.7716     -538.6038       73822.635      41.949795      41.949795      41.949795      1.1677608     -422.70727      1330.2161     -1005.0579    
    227000   227000         503.87797     -794.70615      25696.22       26555.665      9220.5602      17335.105      4013.4979      5064.0147      4710.0095      504.02572     -636.95536      11072.575     -7392.0629     -536.1958       74154.165      42.012499      42.012499      42.012499      1.16254        1124.3303     -2617.4983     -890.95043    
    228000   228000         501.20903      214.27109      26705.028      26472.198      9171.7207      17300.477      4115.6459      4919.1638      4656.7686      502.39998     -583.39752      11082.079     -7392.1833     -533.65253      74507.568      42.079134      42.079134      42.079134      1.1570259     -383.81251      536.11765      490.50813    
    229000   229000         501.46092      1155.2964      27991.687      26751.489      9176.3302      17575.159      4286.9371      5033.9682      4718.7197      507.95161     -661.83224      11084.984     -7395.5688     -540.17866      73607.41       41.908988      41.908988      41.908988      1.1711753     -726.07103      1774.0098      2417.9506    
    230000   230000         495.40352      670.21465      27140.923      26422.873      9065.4846      17357.388      4109.1402      5042.1012      4627.8364      507.45243     -613.21316      11078.464     -7394.3932     -541.24557      73462.314      41.881433      41.881433      41.881433      1.1734885      1739.6084     -537.94964      808.98519    
    231000   231000         494.84913     -2957.6793      23112.048      26316.386      9055.3396      17261.046      3950.8396      5034.0851      4709.5387      497.79325     -627.69434      11088.857     -7392.3735     -535.23888      74286.741      42.037521      42.037521      42.037521      1.1604653     -3684.4128     -2764.34       -2424.2851    
    232000   232000         498.90353      1077.7283      27781.665      26624.83       9129.5319      17495.298      4208.5042      5039.5668      4646.0913      516.93628     -579.74039      11059.595     -7395.6548     -540.22285      73601.388      41.907846      41.907846      41.907846      1.1712712     -1042.4618      442.07742      3833.5693    
    233000   233000         505.55293     -887.42071      25735.783      26696.863      9251.2107      17445.652      4035.946       4988.161       4785.4546      502.18474     -539.51472      11070.379     -7396.9588     -535.43308      74259.797      42.032438      42.032438      42.032438      1.1608863     -1483.1138     -580.20876     -598.93959    
    234000   234000         496.19484      799.83576      27328.527      26463.543      9079.9651      17383.578      4077.4832      4957.4132      4703.4064      498.35096     -542.03542      11082.763     -7393.8033     -536.20104      74153.44       42.012362      42.012362      42.012362      1.1625514      1196.8197      1048.2385      154.44903    
    235000   235000         501.42059      516.39732      27007.841      26448.279      9175.5921      17272.687      3988.8506      4921.0706      4721.2077      522.09257     -582.07754      11093.685     -7392.1427     -535.14378      74299.942      42.040011      42.040011      42.040011      1.1602591     -1540.2787      1401.1022      1688.3684    
    236000   236000         492.12078      1765.7463      28235.742      26316.457      9005.4131      17311.044      4143.1209      4901.0326      4641.0546      518.7853      -571.63867      11070.302     -7391.6132     -533.48671      74530.726      42.083493      42.083493      42.083493      1.1566664     -287.35177      1387.3553      4197.2353    
    237000   237000         491.04656      80.122573      26442.062      26355.74       8985.7557      17369.984      4132.8199      4977.6991      4675.2709      491.58389     -601.78678      11089.118     -7394.7203     -538.22703      73874.313      41.959582      41.959582      41.959582      1.166944       888.58698      132.28131     -780.50058    
    238000   238000         496.15738     -610.89579      25740.079      26396.343      9079.2796      17317.063      4118.3114      5032.7119      4645.365       488.58817     -660.02909      11090.559     -7398.4426     -539.7882       73660.654      41.919091      41.919091      41.919091      1.1703288      521.20034     -1138.4269     -1215.4608    
    239000   239000         499.64644     -2105.0374      24088.584      26385.832      9143.1266      17242.706      4117.3297      4909.9446      4719.3723      477.29323     -662.68984      11080.5       -7399.0445     -531.35735      74829.401      42.139634      42.139634      42.139634      1.1520496     -3172.1639     -1223.5165     -1919.4319    
    240000   240000         490.73949      849.05821      27216.069      26304.525      8980.1366      17324.388      4131.7374      4976.6278      4662.6802      486.22499     -619.74554      11082.336     -7395.4732     -540.12555      73614.648      41.910362      41.910362      41.910362      1.1710602      550.84924      2135.3571     -139.03169    
    241000   241000         490.9104      -446.40459      26010.383      26490.998      8983.2641      17507.734      4119.4964      5128.5744      4689.1463      509.56677     -638.04459      11091.405     -7392.4106     -538.59951      73823.223      41.949907      41.949907      41.949907      1.1677516     -2505.0717      264.67322      901.18465    
    242000   242000         500.07942      294.09497      26997.887      26681.707      9151.0498      17530.657      4225.3183      5015.6817      4724.1481      494.6945      -644.96598      11104.297     -7388.5168     -539.37117      73717.607      41.929892      41.929892      41.929892      1.1694246      865.07529     -1484.3768      1501.5864    
    243000   243000         492.04256     -959.83947      25355.98       26396.464      9003.9817      17392.482      4032.8407      5020.6399      4711.8294      513.5002      -562.9002       11072.398     -7395.8254     -534.93151      74329.426      42.045571      42.045571      42.045571      1.1597989     -761.10204     -1265          -853.41643    
    244000   244000         497.29117     -22.286719      26588.717      26612.909      9100.027       17512.882      4239.2098      5007.0229      4622.2994      517.93094     -547.62819      11073.132     -7399.0849     -534.20739      74430.18       42.064561      42.064561      42.064561      1.1582289      481.17762     -683.14791      135.11013    
    245000   245000         496.01989      2369.0952      29024.307      26469.22       9076.7637      17392.456      4105.8228      5021.388       4698.1656      511.74287     -638.89471      11092.204     -7397.9717     -537.665        73951.535      41.974197      41.974197      41.974197      1.1657254      54.514905      3211.0343      3841.7364    
    246000   246000         492.19245      626.84337      27024.137      26341.119      9006.7246      17334.394      4166.7884      4914.7962      4659.6924      510.18166     -589.90292      11070.437     -7397.598      -532.18374      74713.203      42.11781       42.11781       42.11781       1.1538413      1254.9638      240.08628      385.48002    
    247000   247000         493.49657      743.50719      27332.566      26521.593      9030.5889      17491.004      4170.5938      5023.3567      4658.3566      517.91969     -554.03065      11069.439     -7394.6311     -531.63506      74790.312      42.132295      42.132295      42.132295      1.1526517      729.13006      462.3549       1039.0366    
    248000   248000         498.82927      517.0698       27169.057      26608.716      9128.173       17480.543      4217.3927      4840.7645      4779.0188      509.47747     -565.11911      11094.756     -7395.747      -535.09605      74306.569      42.041261      42.041261      42.041261      1.1601556      1078.2876      1389.2248     -916.30299    
    249000   249000         487.06582      106.70701      26742.088      26625.772      8912.9114      17712.86       4287.3321      4962.2867      4839.0889      509.51084     -577.585        11085.696     -7393.4686     -531.97103      74743.078      42.123423      42.123423      42.123423      1.1533802     -2509.1213      2432.1012      397.14113    
    250000   250000         488.99811     -319.62902      26047.167      26395.857      8948.2707      17447.586      4130.4203      4958.5715      4701.722       487.18834     -514.17931      11075.565     -7391.7015     -531.54677      74802.735      42.134627      42.134627      42.134627      1.1524603      1417.7246     -2121.1054     -255.50627    
Loop time of 502.594 on 1 procs for 250000 steps with 6140 atoms

Performance: 42.977 ns/day, 0.558 hours/ns, 497.419 timesteps/s, 3.054 Matom-step/s
100.0% CPU use with 1 MPI tasks x 1 OpenMP threads

MPI task timing breakdown:
Section |  min time  |  avg time  |  max time  |%varavg| %total
---------------------------------------------------------------
Pair    | 50.458     | 50.458     | 50.458     |   0.0 | 10.04
Bond    | 65.565     | 65.565     | 65.565     |   0.0 | 13.05
Kspace  | 232.55     | 232.55     | 232.55     |   0.0 | 46.27
Neigh   | 55.752     | 55.752     | 55.752     |   0.0 | 11.09
Comm    | 9.9884     | 9.9884     | 9.9884     |   0.0 |  1.99
Output  | 2.1356     | 2.1356     | 2.1356     |   0.0 |  0.42
Modify  | 76.3       | 76.3       | 76.3       |   0.0 | 15.18
Other   |            | 9.839      |            |       |  1.96

Nlocal:           6140 ave        6140 max        6140 min
Histogram: 1 0 0 0 0 0 0 0 0 0
Nghost:          16672 ave       16672 max       16672 min
Histogram: 1 0 0 0 0 0 0 0 0 0
Neighs:              0 ave           0 max           0 min
Histogram: 1 0 0 0 0 0 0 0 0 0
FullNghs:  3.20661e+06 ave 3.20661e+06 max 3.20661e+06 min
Histogram: 1 0 0 0 0 0 0 0 0 0

Total # of neighbors = 3206614
Ave neighs/atom = 522.24984
Ave special neighs/atom = 5.6319218
Neighbor list builds = 13285
Dangerous builds = 0

# --- Cleanup ---
unfix npt_fix

undump dump_npt

# --- Write Output ---
write_dump all custom cool_block_11_last.dump id type mol x y z xu yu zu vx vy vz modify sort id
write_data /home/alexzhao/PolyJarvis/data/PEEK_2/attempts/cooling/attempt-0001/work/cool_block_11/cool_block_11_out.data
System init for write_data ...
PPPM Kokkos initialization ...
  using 12-bit tables for long-range coulomb
  G vector (1/distance) = 0.30605831
  grid = 32 32 32
  stencil order = 5
  estimated absolute RMS force accuracy = 0.00039648466
  estimated relative force accuracy = 1.1940018e-06
  using double precision cuFFT
  3d grid and FFT values/proc = 59319 32768
Generated 21 of 21 mixed pair_coeff terms from sixthpower/sixthpower mixing rule
write_restart /home/alexzhao/PolyJarvis/data/PEEK_2/attempts/cooling/attempt-0001/work/cool_block_11/cool_block_11_out.restart
System init for write_restart ...
PPPM Kokkos initialization ...
  using 12-bit tables for long-range coulomb
  G vector (1/distance) = 0.30605831
  grid = 32 32 32
  stencil order = 5
  estimated absolute RMS force accuracy = 0.00039648466
  estimated relative force accuracy = 1.1940018e-06
  using double precision cuFFT
  3d grid and FFT values/proc = 59319 32768
Generated 21 of 21 mixed pair_coeff terms from sixthpower/sixthpower mixing rule

print "STAGE COMPLETE: NPT T=520.0->495.0K P=1.0->1.0atm steps=250000"
STAGE COMPLETE: NPT T=520.0->495.0K P=1.0->1.0atm steps=250000
quit
