units real
atom_style full
boundary p p p

# --- Force Field Styles ---
pair_style lj/class2/coul/long 9.5 9.5
kspace_style pppm 1e-6
dielectric 1.000000
bond_style class2
angle_style class2
dihedral_style class2
improper_style class2
special_bonds lj/coul 0 0 1
pair_modify mix sixthpower tail yes
neighbor 2.0 bin
neigh_modify delay 0 every 1 check yes
neigh_modify one 4000
# KOKKOS: package loaded via -pk kokkos on the command line

read_data /home/alexzhao/PolyJarvis/data/PEG_COMPASS_1/attempts/equilibration/attempt-0002/work/minimize/minimize_out.data
Reading data file ...
  orthogonal box = (0 0 0) to (51.522057 51.522057 51.522057)
  1 by 1 by 1 MPI processor grid
  reading atoms ...
  8000 atoms
  reading velocities ...
  8000 velocities
  scanning bonds ...
  4 = max bonds/atom
  scanning angles ...
  10 = max angles/atom
  scanning dihedrals ...
  16 = max dihedrals/atom
  scanning impropers ...
  7 = max impropers/atom
  orthogonal box = (0 0 0) to (51.522057 51.522057 51.522057)
  1 by 1 by 1 MPI processor grid
  reading bonds ...
  7990 bonds
  reading angles ...
  14820 angles
  reading dihedrals ...
  17070 dihedrals
  reading impropers ...
  9120 impropers
Finding 1-2 1-3 1-4 neighbors ...
  special bond factors lj:    0        0        1       
  special bond factors coul:  0        0        1       
     4 = max # of 1-2 neighbors
     6 = max # of 1-3 neighbors
     8 = max # of special neighbors
  special bonds CPU = 0.003 seconds
  read_data CPU = 0.207 seconds
include /home/alexzhao/PolyJarvis/data/PEG_COMPASS_1/attempts/build/attempt-0001/work/cell/emc_build.params
# LAMMPS parameters created by EMC v9.4.4, build Jul 21 2026 07:58:38

# Variables

variable	seed		index	148731
variable	ntotal		index	8000
variable	fshape		index	1
variable	output		index	emc_build
variable	field		index	compass/compass
variable	location1	index	~/emc/field/
variable	nav		index	0.6022141179
variable	temperature	index	300
variable	radius		index	5
variable	nrelax		index	100
variable	weight_nonbond	index	0.0001
variable	weight_bond	index	0.0001
variable	weight_focus	index	1
variable	cutoff		index	9.5
variable	charge_cutoff	index	9.5
variable	kappa		index	4
variable	density1	index	0.61
variable	lprevious	index	0
variable	lphase		index	51.5220572359
variable	f_poly		index	10
variable	chem_repeat	index	*CCO*
variable	chem_cap	index	*[H]
variable	lg_repeat	index	7
variable	lg_cap		index	1
variable	norm_poly	index	100
variable	l_poly		index	800
variable	mg_repeat	index	16.04303
variable	mg_cap		index	0
variable	m_poly		index	1828.90542
variable	n_poly		index	10
variable	mtotal		index	50241.2406
variable	nphase1		index	8000
variable	mphase1		index	50241.2406
variable	vphase1		index	136766.45409
variable	lbox		index	51.5220572359
variable	lphase1		index	51.5220572359
variable	lxx		index	51.5220572359
variable	lyy		index	51.5220572359
variable	lzz		index	51.5220572359
variable	lzy		index	0
variable	lzx		index	0
variable	lyx		index	0
variable	vtotal		index	136766.45409
variable	nl_poly		index	10

# Types

variable	type_c4		index	1
variable	type_c4o	index	2
variable	type_h1		index	3
variable	type_h1o	index	4
variable	type_o2e	index	5
variable	type_o2h	index	6

variable	type_bond_c4_c4o index	1
variable	type_bond_c4_h1	index	2
variable	type_bond_c4o_c4o index	3
variable	type_bond_c4o_h1 index	4
variable	type_bond_c4o_o2e index	5
variable	type_bond_c4o_o2h index	6
variable	type_bond_h1o_o2h index	7

variable	type_angle_c4_c4o_h1 index	1
variable	type_angle_c4_c4o_o2e index	2
variable	type_angle_c4o_c4_h1 index	3
variable	type_angle_c4o_c4o_h1 index	4
variable	type_angle_c4o_c4o_o2e index	5
variable	type_angle_c4o_c4o_o2h index	6
variable	type_angle_c4o_o2e_c4o index	7
variable	type_angle_c4o_o2h_h1o index	8
variable	type_angle_h1_c4_h1 index	9
variable	type_angle_h1_c4o_h1 index	10
variable	type_angle_h1_c4o_o2e index	11
variable	type_angle_h1_c4o_o2h index	12

# Clusters

variable	n0_poly		index	1
variable	n1_poly		index	10
variable	nl_poly		index	10

# Flags

variable	flag_charged	index	1

# Masses

mass		1    12.01115  # c4
mass		2    12.01115  # c4o
mass		3     1.00797  # h1
mass		4     1.00797  # h1o
mass		5    15.99940  # o2e
mass		6    15.99940  # o2h

# Potentials

pair_modify	mix sixthpower tail yes
special_bonds	lj/coul 0 0 1

# Pair Coeffs

pair_coeff	 1  1    0.06200    3.85400  # c4,c4
pair_coeff	 2  2    0.06800    3.81500  # c4o,c4o
pair_coeff	 3  3    0.02300    2.87800  # h1,h1
pair_coeff	 4  4    0.00800    1.08700  # h1o,h1o
pair_coeff	 5  5    0.12000    3.30000  # o2e,o2e
pair_coeff	 6  6    0.09600    3.58000  # o2h,o2h

# Bond Coeffs

bond_coeff	1    1.53000  299.67000 -501.77000  679.81000  # c4,c4o
bond_coeff	2    1.10100  345.00000 -691.89000  844.60000  # c4,h1
bond_coeff	3    1.53000  299.67000 -501.77000  679.81000  # c4o,c4o
bond_coeff	4    1.10100  345.00000 -691.89000  844.60000  # c4o,h1
bond_coeff	5    1.42000  400.39540 -835.19510 1313.01420  # c4o,o2e
bond_coeff	6    1.42000  400.39540 -835.19510 1313.01420  # c4o,o2h
bond_coeff	7    0.94940  540.36330 -1311.86630 2132.44460  # h1o,o2h

# Angle Coeffs

angle_coeff	 1  110.77000   41.45300  -10.60400    5.12900  # c4,c4o,h1
angle_coeff	 2  111.27000   54.53810   -8.36420  -13.08380  # c4,c4o,o2e
angle_coeff	 3  110.77000   41.45300  -10.60400    5.12900  # c4o,c4,h1
angle_coeff	 4  110.77000   41.45300  -10.60400    5.12900  # c4o,c4o,h1
angle_coeff	 5  111.27000   54.53810   -8.36420  -13.08380  # c4o,c4o,o2e
angle_coeff	 6  111.27000   54.53810   -8.36420  -13.08380  # c4o,c4o,o2h
angle_coeff	 7  104.50000   35.74540  -10.00670   -6.27290  # c4o,o2e,c4o
angle_coeff	 8  105.80000   52.70610  -12.10900   -9.86810  # c4o,o2h,h1o
angle_coeff	 9  107.66000   39.64100  -12.92100   -2.43180  # h1,c4,h1
angle_coeff	10  107.66000   39.64100  -12.92100   -2.43180  # h1,c4o,h1
angle_coeff	11  108.72800   58.54460  -10.80880  -12.40060  # h1,c4o,o2e
angle_coeff	12  108.72800   58.54460  -10.80880  -12.40060  # h1,c4o,o2h

# BondBond Coeffs

angle_coeff	 1 bb    3.38720    1.53000    1.10100  # c4,c4o,h1
angle_coeff	 2 bb   11.43180    1.53000    1.42000  # c4,c4o,o2e
angle_coeff	 3 bb    3.38720    1.53000    1.10100  # c4o,c4,h1
angle_coeff	 4 bb    3.38720    1.53000    1.10100  # c4o,c4o,h1
angle_coeff	 5 bb   11.43180    1.53000    1.42000  # c4o,c4o,o2e
angle_coeff	 6 bb   11.43180    1.53000    1.42000  # c4o,c4o,o2h
angle_coeff	 7 bb   -7.11310    1.42000    1.42000  # c4o,o2e,c4o
angle_coeff	 8 bb   -9.68790    1.42000    0.94940  # c4o,o2h,h1o
angle_coeff	 9 bb    5.33160    1.10100    1.10100  # h1,c4,h1
angle_coeff	10 bb    5.33160    1.10100    1.10100  # h1,c4o,h1
angle_coeff	11 bb   23.19790    1.10100    1.42000  # h1,c4o,o2e
angle_coeff	12 bb   23.19790    1.10100    1.42000  # h1,c4o,o2h

# BondAngle Coeffs

angle_coeff	 1 ba   20.75400   11.42100    1.53000    1.10100  # c4,c4o,h1
angle_coeff	 2 ba    2.68680   20.40330    1.53000    1.42000  # c4,c4o,o2e
angle_coeff	 3 ba   20.75400   11.42100    1.53000    1.10100  # c4o,c4,h1
angle_coeff	 4 ba   20.75400   11.42100    1.53000    1.10100  # c4o,c4o,h1
angle_coeff	 5 ba    2.68680   20.40330    1.53000    1.42000  # c4o,c4o,o2e
angle_coeff	 6 ba    2.68680   20.40330    1.53000    1.42000  # c4o,c4o,o2h
angle_coeff	 7 ba   -2.81120   -2.81120    1.42000    1.42000  # c4o,o2e,c4o
angle_coeff	 8 ba   28.58000   18.92770    1.42000    0.94940  # c4o,o2h,h1o
angle_coeff	 9 ba   18.10300   18.10300    1.10100    1.10100  # h1,c4,h1
angle_coeff	10 ba   18.10300   18.10300    1.10100    1.10100  # h1,c4o,h1
angle_coeff	11 ba    4.61890   55.32700    1.10100    1.42000  # h1,c4o,o2e
angle_coeff	12 ba    4.61890   55.32700    1.10100    1.42000  # h1,c4o,o2h

# Dihedral Coeffs

dihedral_coeff	 1   -0.40000    0.00000   -0.40280    0.00000   -0.24500    0.00000  # c4,c4o,o2e,c4o
dihedral_coeff	 2   -0.40000    0.00000   -0.40280    0.00000   -0.24500    0.00000  # c4o,c4o,o2e,c4o
dihedral_coeff	 3   -0.67320    0.00000   -0.47780    0.00000   -0.16700    0.00000  # c4o,c4o,o2h,h1o
dihedral_coeff	 4    0.53020    0.00000    0.00000    0.00000   -0.39660    0.00000  # c4o,o2e,c4o,h1
dihedral_coeff	 5   -0.14320    0.00000    0.06170    0.00000   -0.15300    0.00000  # h1,c4,c4o,h1
dihedral_coeff	 6   -0.14350    0.00000    0.25300    0.00000   -0.09050    0.00000  # h1,c4,c4o,o2e
dihedral_coeff	 7   -0.14320    0.00000    0.06170    0.00000   -0.15300    0.00000  # h1,c4o,c4o,h1
dihedral_coeff	 8   -0.14350    0.00000    0.25300    0.00000   -0.09050    0.00000  # h1,c4o,c4o,o2e
dihedral_coeff	 9   -0.14350    0.00000    0.25300    0.00000   -0.09050    0.00000  # h1,c4o,c4o,o2h
dihedral_coeff	10    0.18630    0.00000   -0.43380    0.00000   -0.21210    0.00000  # h1,c4o,o2h,h1o
dihedral_coeff	11    1.10000    0.00000   -0.05000    0.00000   -0.14410    0.00000  # o2e,c4o,c4o,o2e
dihedral_coeff	12    1.10000    0.00000   -0.05000    0.00000   -0.14410    0.00000  # o2e,c4o,c4o,o2h

# MiddleBondTorsion Coeffs

dihedral_coeff	 1 mbt   -5.92880   -2.70070   -0.31750    1.42000  # c4,c4o,o2e,c4o
dihedral_coeff	 2 mbt   -5.92880   -2.70070   -0.31750    1.42000  # c4o,c4o,o2e,c4o
dihedral_coeff	 3 mbt    1.24720    0.00000    0.74850    1.42000  # c4o,c4o,o2h,h1o
dihedral_coeff	 4 mbt   -6.80070   -4.65460   -1.41010    1.42000  # c4o,o2e,c4o,h1
dihedral_coeff	 5 mbt  -14.26100   -0.53220   -0.48640    1.53000  # h1,c4,c4o,h1
dihedral_coeff	 6 mbt  -16.79750   -1.22960   -0.27500    1.53000  # h1,c4,c4o,o2e
dihedral_coeff	 7 mbt  -14.26100   -0.53220   -0.48640    1.53000  # h1,c4o,c4o,h1
dihedral_coeff	 8 mbt  -16.79750   -1.22960   -0.27500    1.53000  # h1,c4o,c4o,o2e
dihedral_coeff	 9 mbt  -16.79750   -1.22960   -0.27500    1.53000  # h1,c4o,c4o,o2h
dihedral_coeff	10 mbt    0.00000    0.92410   -0.58890    1.42000  # h1,c4o,o2h,h1o
dihedral_coeff	11 mbt  -17.25850   -3.61570   -0.83640    1.53000  # o2e,c4o,c4o,o2e
dihedral_coeff	12 mbt  -17.25850   -3.61570   -0.83640    1.53000  # o2e,c4o,c4o,o2h

# EndBondTorsion Coeffs

dihedral_coeff	 1 ebt   -0.24560    1.05170   -0.77950    0.47410    1.26350    0.55760    1.53000    1.42000  # c4,c4o,o2e,c4o
dihedral_coeff	 2 ebt   -0.24560    1.05170   -0.77950    0.47410    1.26350    0.55760    1.53000    1.42000  # c4o,c4o,o2e,c4o
dihedral_coeff	 3 ebt   -0.58000    0.90040    0.00000    0.00000    0.53430    0.90250    1.53000    0.94940  # c4o,c4o,o2h,h1o
dihedral_coeff	 4 ebt   -0.16200    0.15640   -1.14080   -0.60540    1.33390    0.96480    1.42000    1.10100  # c4o,o2e,c4o,h1
dihedral_coeff	 5 ebt    0.21300    0.31200    0.07770    0.21300    0.31200    0.07770    1.10100    1.10100  # h1,c4,c4o,h1
dihedral_coeff	 6 ebt    0.96810    0.95510    0.04360    0.59030    0.66690    0.85840    1.10100    1.42000  # h1,c4,c4o,o2e
dihedral_coeff	 7 ebt    0.21300    0.31200    0.07770    0.21300    0.31200    0.07770    1.10100    1.10100  # h1,c4o,c4o,h1
dihedral_coeff	 8 ebt    0.96810    0.95510    0.04360    0.59030    0.66690    0.85840    1.10100    1.42000  # h1,c4o,c4o,o2e
dihedral_coeff	 9 ebt    0.96810    0.95510    0.04360    0.59030    0.66690    0.85840    1.10100    1.42000  # h1,c4o,c4o,o2h
dihedral_coeff	10 ebt   -1.75540    1.31450    0.22630    0.24930    0.68030    0.00000    1.10100    0.94940  # h1,c4o,o2h,h1o
dihedral_coeff	11 ebt    1.01650    0.75530   -0.46090    1.01650    0.75530   -0.46090    1.42000    1.42000  # o2e,c4o,c4o,o2e
dihedral_coeff	12 ebt    1.01650    0.75530   -0.46090    1.01650    0.75530   -0.46090    1.42000    1.42000  # o2e,c4o,c4o,o2h

# AngleTorsion Coeffs

dihedral_coeff	 1 at   -2.74660    1.48770   -0.89550    0.56760    0.94500    0.07030  111.27000  104.50000  # c4,c4o,o2e,c4o
dihedral_coeff	 2 at   -2.74660    1.48770   -0.89550    0.56760    0.94500    0.07030  111.27000  104.50000  # c4o,c4o,o2e,c4o
dihedral_coeff	 3 at   -3.59030    2.52250    0.48880    0.87260   -0.35770    0.38880  111.27000  105.80000  # c4o,c4o,o2h,h1o
dihedral_coeff	 4 at   -0.77770    0.43400   -0.66530   -1.82340    1.63930    0.51440  104.50000  108.72800  # c4o,o2e,c4o,h1
dihedral_coeff	 5 at   -0.80850    0.55690   -0.24660   -0.80850    0.55690   -0.24660  110.77000  110.77000  # h1,c4,c4o,h1
dihedral_coeff	 6 at    2.36680    2.49200   -1.01220   -0.18920    0.49180    0.72730  110.77000  111.27000  # h1,c4,c4o,o2e
dihedral_coeff	 7 at   -0.80850    0.55690   -0.24660   -0.80850    0.55690   -0.24660  110.77000  110.77000  # h1,c4o,c4o,h1
dihedral_coeff	 8 at    2.36680    2.49200   -1.01220   -0.18920    0.49180    0.72730  110.77000  111.27000  # h1,c4o,c4o,o2e
dihedral_coeff	 9 at    2.36680    2.49200   -1.01220   -0.18920    0.49180    0.72730  110.77000  111.27000  # h1,c4o,c4o,o2h
dihedral_coeff	10 at   -3.40600    1.63960    0.07370    0.00000   -0.28100   -0.59440  108.72800  105.80000  # h1,c4o,o2h,h1o
dihedral_coeff	11 at    0.55110    0.97370   -0.66730    0.55110    0.97370   -0.66730  111.27000  111.27000  # o2e,c4o,c4o,o2e
dihedral_coeff	12 at    0.55110    0.97370   -0.66730    0.55110    0.97370   -0.66730  111.27000  111.27000  # o2e,c4o,c4o,o2h

# AngleAngleTorsion Coeffs

dihedral_coeff	 1 aat  -19.00590  111.27000  104.50000  # c4,c4o,o2e,c4o
dihedral_coeff	 2 aat  -19.00590  111.27000  104.50000  # c4o,c4o,o2e,c4o
dihedral_coeff	 3 aat  -12.10380  111.27000  105.80000  # c4o,c4o,o2h,h1o
dihedral_coeff	 4 aat  -16.44380  104.50000  108.72800  # c4o,o2e,c4o,h1
dihedral_coeff	 5 aat  -12.56400  110.77000  110.77000  # h1,c4,c4o,h1
dihedral_coeff	 6 aat  -20.20060  110.77000  111.27000  # h1,c4,c4o,o2e
dihedral_coeff	 7 aat  -12.56400  110.77000  110.77000  # h1,c4o,c4o,h1
dihedral_coeff	 8 aat  -20.20060  110.77000  111.27000  # h1,c4o,c4o,o2e
dihedral_coeff	 9 aat  -20.20060  110.77000  111.27000  # h1,c4o,c4o,o2h
dihedral_coeff	10 aat  -10.50930  108.72800  105.80000  # h1,c4o,o2h,h1o
dihedral_coeff	11 aat  -14.04840  111.27000  111.27000  # o2e,c4o,c4o,o2e
dihedral_coeff	12 aat  -14.04840  111.27000  111.27000  # o2e,c4o,c4o,o2h

# BondBond13 Coeffs

dihedral_coeff	 1 bb13    0.00000    1.53000    1.42000  # c4,c4o,o2e,c4o
dihedral_coeff	 2 bb13    0.00000    1.53000    1.42000  # c4o,c4o,o2e,c4o
dihedral_coeff	 3 bb13    0.00000    1.53000    0.94940  # c4o,c4o,o2h,h1o
dihedral_coeff	 4 bb13    0.00000    1.42000    1.10100  # c4o,o2e,c4o,h1
dihedral_coeff	 5 bb13    0.00000    1.10100    1.10100  # h1,c4,c4o,h1
dihedral_coeff	 6 bb13    0.00000    1.10100    1.42000  # h1,c4,c4o,o2e
dihedral_coeff	 7 bb13    0.00000    1.10100    1.10100  # h1,c4o,c4o,h1
dihedral_coeff	 8 bb13    0.00000    1.10100    1.42000  # h1,c4o,c4o,o2e
dihedral_coeff	 9 bb13    0.00000    1.10100    1.42000  # h1,c4o,c4o,o2h
dihedral_coeff	10 bb13    0.00000    1.10100    0.94940  # h1,c4o,o2h,h1o
dihedral_coeff	11 bb13    0.00000    1.42000    1.42000  # o2e,c4o,c4o,o2e
dihedral_coeff	12 bb13    0.00000    1.42000    1.42000  # o2e,c4o,c4o,o2h

# Improper Coeffs

improper_coeff	 1    0.00000    0.00000  # c4,c4o,h1,h1
improper_coeff	 2    0.00000    0.00000  # c4,h1,h1,h1
improper_coeff	 3    0.00000    0.00000  # c4o,c4,h1,h1
improper_coeff	 4    0.00000    0.00000  # c4o,c4,o2e,h1
improper_coeff	 5    0.00000    0.00000  # c4o,c4o,h1,h1
improper_coeff	 6    0.00000    0.00000  # c4o,c4o,h1,o2e
improper_coeff	 7    0.00000    0.00000  # c4o,c4o,o2e,h1
improper_coeff	 8    0.00000    0.00000  # c4o,c4o,o2h,h1
improper_coeff	 9    0.00000    0.00000  # c4o,h1,h1,o2e
improper_coeff	10    0.00000    0.00000  # c4o,h1,h1,o2h

# AngleAngle Coeffs

improper_coeff	 1 aa    0.27380   -0.48250    0.27380  110.77000  110.77000  107.66000  # c4,c4o,h1,h1
improper_coeff	 2 aa   -0.31570   -0.31570   -0.31570  107.66000  107.66000  107.66000  # c4,h1,h1,h1
improper_coeff	 3 aa    0.27380   -0.48250    0.27380  110.77000  110.77000  107.66000  # c4o,c4,h1,h1
improper_coeff	 4 aa    0.16890    2.59260    3.91770  111.27000  110.77000  108.72800  # c4o,c4,o2e,h1
improper_coeff	 5 aa    0.27380   -0.48250    0.27380  110.77000  110.77000  107.66000  # c4o,c4o,h1,h1
improper_coeff	 6 aa    3.91770    2.59260    0.16890  110.77000  111.27000  108.72800  # c4o,c4o,h1,o2e
improper_coeff	 7 aa    0.16890    2.59260    3.91770  111.27000  110.77000  108.72800  # c4o,c4o,o2e,h1
improper_coeff	 8 aa    0.16890    2.59260    3.91770  111.27000  110.77000  108.72800  # c4o,c4o,o2h,h1
improper_coeff	 9 aa    2.42590    2.42590    2.12830  107.66000  108.72800  108.72800  # c4o,h1,h1,o2e
improper_coeff	10 aa    2.42590    2.42590    2.12830  107.66000  108.72800  108.72800  # c4o,h1,h1,o2h


# --- Thermo Output ---
thermo_style custom step time temp press enthalpy etotal ke pe ebond eangle edihed eimp evdwl ecoul elong etail vol lx ly lz density pxx pyy pzz
thermo_modify flush yes
thermo 1000

# --- Trajectory ---
dump dump_nvt all custom 1000 nvt_warmup.dump id type mol x y z ix iy iz vx vy vz


# --- Restart Checkpointing ---
restart 10000 nvt_1.rst nvt_2.rst

# --- Initial Velocities (optional) ---
velocity all create 300.0 135693 mom yes rot yes dist gaussian

# --- SHAKE Constraints ---
# Constrains H-X bonds to allow 2fs timestep
# SHAKE disabled

# --- NVT Thermostat (Nose-Hoover) ---
# T_damp = 100.0 fs  (coupling timescale for heat exchange)
# Ramp: 300.0 K -> 300.0 K over 100000 steps
timestep 0.5
fix nvt_fix all nvt temp 300.0 300.0 100.0

run 100000
PPPM Kokkos initialization ...
  using 12-bit tables for long-range coulomb
  G vector (1/distance) = 0.29918779
  grid = 36 36 36
  stencil order = 5
  estimated absolute RMS force accuracy = 0.00039937676
  estimated relative force accuracy = 1.2027113e-06
  using double precision cuFFT
  3d grid and FFT values/proc = 79507 46656
Generated 15 of 15 mixed pair_coeff terms from sixthpower/sixthpower mixing rule
Neighbor list info ...
  update: every = 1 steps, delay = 0 steps, check = yes
  max neighbors/atom: 4000, page size: 100000
  master list distance cutoff = 11.5
  ghost atom cutoff = 11.5
  binsize = 11.5, bins = 5 5 5
  1 neighbor lists, perpetual/occasional/extra = 1 0 0
  (1) pair lj/class2/coul/long/kk, perpetual
      attributes: full, newton off, kokkos_device
      pair build: full/bin/kk/device
      stencil: full/bin/3d
      bin: kk/device
Per MPI rank memory allocation (min/avg/max) = 30.86 | 30.86 | 30.86 Mbytes
   Step          Time           Temp          Press         Enthalpy        TotEng         KinEng         PotEng         E_bond        E_angle        E_dihed        E_impro         E_vdwl         E_coul         E_long         E_tail         Volume           Lx             Ly             Lz          Density          Pxx            Pyy            Pzz      
         0   0              300            1795.1162      8066.7868      4486.2509      7153.0499     -2666.799       60.87212       2404.5237     -7013.4123     -14.131755     -3017.7758      12507.587     -7594.4621     -213.97911      136766.45      51.522057      51.522057      51.522057      0.60999999     1711.9398      1810.408       1863.0007    
      1000   500            235.53765     -379.94477      7876.8054      8634.6426      5616.0418      3018.6009      2028.0283      5161.2678     -6666.2312     -51.1095       -2452.6144      12585.955     -7586.6957     -213.97911      136766.45      51.522057      51.522057      51.522057      0.60999999    -110.27377     -509.30505     -520.2555     
      2000   1000           307.32689     -546.37863      11315.198      12405.004      7327.7486      5077.2552      2770.9107      6171.5469     -6610.8073     -65.285275     -2252.2116      12641.024     -7577.9219     -213.97911      136766.45      51.522057      51.522057      51.522057      0.60999999    -862.29699     -143.14146     -633.69745    
      3000   1500           299.34989     -549.26196      10911.319      12006.876      7137.549       4869.3269      2664.4478      5982.7593     -6536.3624     -60.457025     -2258.5789      12656.17      -7578.652      -213.97911      136766.45      51.522057      51.522057      51.522057      0.60999999    -636.50335     -730.59612     -280.68639    
      4000   2000           299.10222      48.847406      11872.367      11774.936      7131.6436      4643.2923      2579.8017      6001.5739     -6726.7758     -60.906939     -2237.0575      12655.405     -7568.7481     -213.97911      136766.45      51.522057      51.522057      51.522057      0.60999999    -414.70892      1223.0921     -661.84092    
      5000   2500           296.04946     -122.80282      11511.702      11756.644      7058.8552      4697.7888      2584.3682      5938.1517     -6658.9622     -59.507438     -2198.2604      12667.724     -7575.7249     -213.97911      136766.45      51.522057      51.522057      51.522057      0.60999999    -885.95677      610.88059     -93.332286    
      6000   3000           303.07935     -208.0581       11496.449      11911.442      7226.4724      4684.9693      2579.0469      5944.5213     -6699.3075     -60.931191     -2164.1799      12655.145     -7569.3249     -213.97911      136766.45      51.522057      51.522057      51.522057      0.60999999    -424.67401      242.80425     -442.30454    
      7000   3500           301.58814     -567.40865      10863.433      11995.185      7190.9167      4804.2683      2697.1424      5901.3461     -6628.2793     -66.262096     -2182.4549      12660.884     -7578.1078     -213.97911      136766.45      51.522057      51.522057      51.522057      0.60999999    -288.42905     -130.27739     -1283.5195    
      8000   4000           300.17837     -688.70189      10423.843      11797.527      7157.3028      4640.2243      2669.2885      5859.6582     -6689.695      -62.778112     -2210.938       12649.508     -7574.8196     -213.97911      136766.45      51.522057      51.522057      51.522057      0.60999999    -902.31101     -766.13773     -397.65692    
      9000   4500           298.07179     -538.28196      10511.581      11585.237      7107.0745      4478.163       2575.8429      5877.3253     -6768.7295     -61.965322     -2243.6909      12668.275     -7568.8942     -213.97911      136766.45      51.522057      51.522057      51.522057      0.60999999    -850.20837     -572.68598     -191.95152    
     10000   5000           301.49574     -809.60502      10071.068      11685.905      7188.7136      4497.1915      2598.6709      5836.9139     -6718.1528     -61.006829     -2252.416       12673.719     -7580.5364     -213.97911      136766.45      51.522057      51.522057      51.522057      0.60999999    -1369.297      -528.25243     -531.26562    
     11000   5500           301.53699     -661.99871      10347.986      11668.408      7189.6971      4478.7106      2556.8717      5901.0394     -6772.1052     -61.32318      -2259.6479      12686.055     -7572.1792     -213.97911      136766.45      51.522057      51.522057      51.522057      0.60999999    -1418.3631     -184.31071     -383.32232    
     12000   6000           303.35585     -489.17753      10706.269      11681.981      7233.065       4448.9164      2598.095       5879.4582     -6786.1524     -63.725641     -2255.0101      12673.343     -7597.0919     -213.97911      136766.45      51.522057      51.522057      51.522057      0.60999999    -1256.6107     -78.406624     -132.51526    
     13000   6500           301.72466      124.73329      11991.449      11742.656      7194.1718      4548.4845      2600.2717      6016.9536     -6774.6383     -65.978274     -2301.0338      12654.649     -7581.7394     -213.97911      136766.45      51.522057      51.522057      51.522057      0.60999999    -330.2898       273.70396      430.78571    
     14000   7000           297.06536     -1022.5722      9437.2441      11476.865      7083.0778      4393.7873      2566.6436      5921.6239     -6740.3496     -60.105289     -2351.2025      12639.391     -7582.2142     -213.97911      136766.45      51.522057      51.522057      51.522057      0.60999999    -1107.3052     -821.79137     -1138.62      
     15000   7500           299.58639     -624.42701      10180.976      11426.457      7143.188       4283.2687      2519.7298      5794.0876     -6771.5937     -59.69427      -2289.2451      12669.726     -7579.742      -213.97911      136766.45      51.522057      51.522057      51.522057      0.60999999    -1033.4528      569.94113     -1409.7694    
     16000   8000           301.09043     -61.082027      11329.891      11451.725      7179.0495      4272.6754      2532.5357      5846.007      -6780.2569     -59.988595     -2353.1239      12666.478     -7578.9754     -213.97911      136766.45      51.522057      51.522057      51.522057      0.60999999    -74.486285      662.91266     -771.67246    
     17000   8500           303.83021     -470.0031       10739.863      11677.33       7244.3756      4432.9547      2602.8861      5949.5882     -6819.8054     -63.936722     -2316.3377      12672.907     -7592.3465     -213.97911      136766.45      51.522057      51.522057      51.522057      0.60999999    -549.67028     -328.54427     -531.79475    
     18000   9000           303.26229     -903.1547       9792.2223      11593.653      7230.8343      4362.819       2568.426       5801.383      -6776.4775     -57.472132     -2272.2597      12674.013     -7574.7942     -213.97911      136766.45      51.522057      51.522057      51.522057      0.60999999    -590.24799     -899.69028     -1219.5258    
     19000   9500           299.74947     -604.98911      10232.092      11438.802      7147.0764      4291.7257      2623.8814      5863.2735     -6860.8187     -60.366184     -2371.9539      12683.072     -7585.3629     -213.97911      136766.45      51.522057      51.522057      51.522057      0.60999999    -22.747967     -314.12168     -1478.0977    
     20000   10000          297.37831      290.80959      11919.031      11338.983      7090.5396      4248.4431      2514.3274      5803.5955     -6756.7231     -62.823983     -2335.1465      12672.605     -7587.3915     -213.97911      136766.45      51.522057      51.522057      51.522057      0.60999999     892.90417      275.52077     -295.99616    
     21000   10500          301.54717     -282.7834       10860.77       11424.809      7189.9398      4234.8695      2520.3057      5800.4816     -6780.6422     -55.424327     -2346.0149      12680.269     -7584.1052     -213.97911      136766.45      51.522057      51.522057      51.522057      0.60999999    -693.12935      160.28735     -315.5082     
     22000   11000          292.93206     -424.53026      10421.03       11267.797      6984.5254      4283.2717      2565.9168      5823.5907     -6823.7742     -57.660326     -2320.8237      12683.613     -7587.5901     -213.97911      136766.45      51.522057      51.522057      51.522057      0.60999999    -1148.9037     -360.53388      235.84677    
     23000   11500          297.6286      -565.49967      10160.614      11288.559      7096.5075      4192.0513      2508.3886      5802.6698     -6791.5825     -59.007087     -2367.6133      12679.384     -7580.1883     -213.97911      136766.45      51.522057      51.522057      51.522057      0.60999999    -554.82976     -740.5571      -401.11216    
     24000   12000          301.45349      367.98288      12164.579      11430.601      7187.7063      4242.8946      2540.1016      5830.6483     -6803.5452     -59.784828     -2339.964       12657.334     -7581.895      -213.97911      136766.45      51.522057      51.522057      51.522057      0.60999999     264.41156      385.34368      454.19339    
     25000   12500          303.17714     -196.01524      11069.254      11460.226      7228.8041      4231.4218      2587.0203      5770.5114     -6747.9843     -59.951845     -2363.14        12636.299     -7591.3321     -213.97911      136766.45      51.522057      51.522057      51.522057      0.60999999    -401.90784      32.387706     -218.5256     
     26000   13000          295.80804     -1049.3698      9190.1775      11283.249      7053.099       4230.1499      2596.4492      5769.9381     -6729.1076     -59.484752     -2410.1918      12659.384     -7596.8369     -213.97911      136766.45      51.522057      51.522057      51.522057      0.60999999    -1706.5678     -784.96542     -656.57608    
     27000   13500          299.63253     -648.47853      10062.537      11355.991      7144.2882      4211.7031      2555.1547      5812.6889     -6760.2386     -59.806357     -2406.0875      12662.695     -7592.7031     -213.97911      136766.45      51.522057      51.522057      51.522057      0.60999999    -1117.4263     -446.32557     -381.68376    
     28000   14000          302.606        151.70059      11688.983      11386.401      7215.1861      4171.2152      2567.9858      5794.3468     -6781.7298     -60.961444     -2400.3752      12652.487     -7600.5375     -213.97911      136766.45      51.522057      51.522057      51.522057      0.60999999     289.26845     -355.63135      521.46468    
     29000   14500          295.85479      11.363298      11227.554      11204.889      7054.2136      4150.6754      2559.072       5817.289      -6812.3657     -60.559419     -2407.2855      12663.967     -7609.4422     -213.97911      136766.45      51.522057      51.522057      51.522057      0.60999999     443.73252     -94.981083     -314.66154    
     30000   15000          303.69931     -227.53939      10886.603      11340.453      7241.2543      4099.1983      2510.784       5742.8411     -6804.2558     -60.627328     -2346.8048      12659.05      -7601.7887     -213.97911      136766.45      51.522057      51.522057      51.522057      0.60999999     361.94197     -336.9057      -707.65446    
     31000   15500          302.34668     -765.92177      9837.7487      11365.455      7209.0029      4156.4522      2578.4029      5898.789      -6880.8238     -66.884921     -2421.3202      12644.855     -7596.5658     -213.97911      136766.45      51.522057      51.522057      51.522057      0.60999999    -209.00902     -1127.7205     -961.03581    
     32000   16000          298.96694     -631.80713      9916.4901      11176.692      7128.418       4048.2736      2545.8188      5831.5764     -6831.7669     -58.29552      -2490.5586      12652.364     -7600.8648     -213.97911      136766.45      51.522057      51.522057      51.522057      0.60999999    -532.9288      -882.80018     -479.6924     
     33000   16500          298.56862      7.9869839      11174.127      11158.196      7118.9208      4039.2749      2476.0257      5862.8234     -6811.9754     -62.103939     -2466.6583      12646.45      -7605.2866     -213.97911      136766.45      51.522057      51.522057      51.522057      0.60999999    -499.42514     -133.81861      657.20471    
     34000   17000          297.28713     -1008.7335      9219.7313      11231.75       7088.3655      4143.3842      2583.3759      5807.8969     -6791.2446     -62.363683     -2429.1618      12642.535     -7607.654      -213.97911      136766.45      51.522057      51.522057      51.522057      0.60999999    -1629.9088     -884.70275     -511.58902    
     35000   17500          298.80009     -565.4558       9983.2942      11111.151      7124.4399      3986.7115      2536.3536      5687.0455     -6724.4207     -55.641663     -2477.9164      12626.874     -7605.5825     -213.97911      136766.45      51.522057      51.522057      51.522057      0.60999999    -378.89215     -743.14109     -574.33415    
     36000   18000          300.21359     -556.15708      10141.881      11251.191      7158.1427      4093.0486      2646.7208      5774.0449     -6792.2524     -61.380591     -2515.8057      12645.607     -7603.8852     -213.97911      136766.45      51.522057      51.522057      51.522057      0.60999999    -1478.1421     -98.924058     -91.40509     
     37000   18500          302.58758     -565.05086      10230.68       11357.73       7214.7469      4142.9831      2623.3387      5807.9494     -6758.1304     -63.136006     -2460.3779      12616.762     -7623.4222     -213.97911      136766.45      51.522057      51.522057      51.522057      0.60999999    -1069.7329     -1297.0237      671.60403    
     38000   19000          305.23741     -391.11529      10584.709      11364.827      7277.928       4086.899       2609.1056      5685.6605     -6763.1429     -58.254344     -2423.8348      12649.46      -7612.0954     -213.97911      136766.45      51.522057      51.522057      51.522057      0.60999999    -70.504066     -644.03415     -458.80764    
     39000   19500          300.33296     -913.35343      9403.1715      11224.945      7160.9889      4063.9559      2575.9798      5762.1173     -6803.3473     -64.69918      -2451.064       12650.794     -7605.8251     -213.97911      136766.45      51.522057      51.522057      51.522057      0.60999999    -1672.4584     -820.31318     -247.28872    
     40000   20000          304.29283     -781.17027      9728.6378      11286.759      7255.4059      4031.353       2568.7881      5641.0783     -6754.046      -59.467613     -2430.699       12669.426     -7603.7271     -213.97911      136766.45      51.522057      51.522057      51.522057      0.60999999    -1151.8412     -1347.3424      155.67282    
     41000   20500          303.17685      99.247891      11546.919      11348.959      7228.7971      4120.1622      2606.7094      5742.4762     -6853.1075     -64.457388     -2416.0304      12701.082     -7596.5102     -213.97911      136766.45      51.522057      51.522057      51.522057      0.60999999     93.817404     -248.37416      452.30043    
     42000   21000          300.12398      378.60681      11903.067      11147.898      7156.006       3991.8922      2560.2678      5613.9259     -6740.8018     -61.142477     -2417.4284      12657.713     -7620.6416     -213.97911      136766.45      51.522057      51.522057      51.522057      0.60999999    -63.898623      175.54475      1024.1743    
     43000   21500          301.79709     -323.68859      10562.08       11207.709      7195.8989      4011.8099      2603.3808      5759.7757     -6867.0218     -60.048576     -2459.9964      12648.997     -7613.2763     -213.97911      136766.45      51.522057      51.522057      51.522057      0.60999999    -1058.7212     -213.86075      301.51612    
     44000   22000          305.04461     -492.36661      10423.876      11405.949      7273.3309      4132.6183      2632.8743      5869.7114     -6883.5765     -59.455759     -2521.1099      12698.901     -7604.7259     -213.97911      136766.45      51.522057      51.522057      51.522057      0.60999999     645.84239     -1161.2398     -961.70245    
     45000   22500          302.28735     -146.39198      10947.473      11239.466      7207.5883      4031.8778      2505.4242      5837.9155     -6817.5172     -64.157042     -2506.7865      12687.712     -7610.713      -213.97911      136766.45      51.522057      51.522057      51.522057      0.60999999    -312.59616      141.24916     -267.82895    
     46000   23000          297.4486      -169.26495      10811.178      11148.794      7092.2155      4056.5781      2574.2451      5838.2548     -6890.1446     -61.614202     -2509.6688      12707.248     -7601.7419     -213.97911      136766.45      51.522057      51.522057      51.522057      0.60999999    -284.57934     -929.17982      705.96431    
     47000   23500          304.87246     -876.55798      9459.8213      11208.202      7269.2264      3938.9761      2533.1546      5707.5896     -6871.022      -60.256247     -2474.6254      12693.489     -7589.353      -213.97911      136766.45      51.522057      51.522057      51.522057      0.60999999    -1584.18       -551.09203     -494.40191    
     48000   24000          302.75999     -957.20968      9395.6001      11304.849      7218.8576      4085.9914      2603.2497      5895.7135     -6924.2017     -63.848969     -2501.7064      12671.956     -7595.1709     -213.97911      136766.45      51.522057      51.522057      51.522057      0.60999999    -1520.9498     -457.47775     -893.20148    
     49000   24500          302.78029     -435.06931      10361.825      11229.613      7219.3416      4010.2718      2632.4582      5753.0188     -6874.6859     -59.279297     -2504.7958      12666.731     -7603.1757     -213.97911      136766.45      51.522057      51.522057      51.522057      0.60999999    -954.23059      124.25848     -475.23581    
     50000   25000          301.08526     -83.078892      11022.141      11187.85       7178.9262      4008.9236      2580.8103      5761.6997     -6864.3466     -57.851632     -2449.3283      12644.317     -7606.3763     -213.97911      136766.45      51.522057      51.522057      51.522057      0.60999999     97.034135      95.132854     -441.40366    
     51000   25500          301.18991     -378.78003      10519.629      11275.143      7181.4215      4093.7212      2592.1507      5895.5908     -6851.9085     -61.599013     -2523.9749      12646.416     -7602.9536     -213.97911      136766.45      51.522057      51.522057      51.522057      0.60999999    -739.29013     -597.07974      200.02977    
     52000   26000          301.70021     -815.63023      9596.5581      11223.413      7193.5889      4029.824       2554.5358      5808.702      -6840.5454     -61.044909     -2517.8927      12684.726     -7598.6571     -213.97911      136766.45      51.522057      51.522057      51.522057      0.60999999    -405.69951     -520.28464     -1520.9065    
     53000   26500          302.69337     -257.00893      10791.806      11304.436      7217.2692      4087.1668      2629.9279      5881.8321     -6941.6699     -63.254279     -2487.0339      12665.738     -7598.373      -213.97911      136766.45      51.522057      51.522057      51.522057      0.60999999     563.61556     -638.86678     -695.77557    
     54000   27000          302.35794     -1261.1823      8721.0175      11236.57       7209.2715      4027.2982      2563.8212      5832.2032     -6884.2061     -60.687501     -2519.5057      12695.427     -7599.754      -213.97911      136766.45      51.522057      51.522057      51.522057      0.60999999    -1023.9513     -1619.6751     -1139.9204    
     55000   27500          299.3061      -422.17095      10296.214      11138.275      7136.5048      4001.7703      2502.1795      5719.8546     -6849.1696     -60.577571     -2436.1405      12716.473     -7590.849      -213.97911      136766.45      51.522057      51.522057      51.522057      0.60999999     132.11603     -965.11607     -433.51281    
     56000   28000          296.91396     -1014.6916      9089.6271      11113.529      7079.4678      4034.0616      2553.2564      5741.8768     -6862.2049     -53.978903     -2442.8484      12695.25      -7597.2897     -213.97911      136766.45      51.522057      51.522057      51.522057      0.60999999    -1330.7507     -1802.6572      89.333024    
     57000   28500          299.41298      348.91718      11892.936      11196.987      7139.0532      4057.9334      2592.5848      5746.4587     -6847.8483     -64.294996     -2468.7558      12691.104     -7591.3151     -213.97911      136766.45      51.522057      51.522057      51.522057      0.60999999    -417.33889      1021.5699      442.52051    
     58000   29000          300.16394     -724.96982      9764.1962      11210.22       7156.9589      4053.261       2567.9034      5721.8317     -6809.6376     -61.948924     -2459.8294      12689.414     -7594.4725     -213.97911      136766.45      51.522057      51.522057      51.522057      0.60999999    -1351.5376     -345.69997     -477.67192    
     59000   29500          300.43285      40.423211      11360.117      11279.489      7163.3705      4116.1183      2596.5989      5775.4431     -6806.0536     -59.615888     -2455.392       12669.869     -7604.7311     -213.97911      136766.45      51.522057      51.522057      51.522057      0.60999999    -130.63528      115.02032      136.88459    
     60000   30000          293.75003     -148.13301      10726.963      11022.429      7004.0288      4018.4004      2568.7811      5813.5413     -6906.1974     -64.796975     -2471.8726      12678.828     -7599.8825     -213.97911      136766.45      51.522057      51.522057      51.522057      0.60999999    -336.87498     -847.40161      739.87756    
     61000   30500          294.06157     -683.17407      9592.648       10955.306      7011.4568      3943.8491      2531.8765      5655.3705     -6792.9684     -59.834527     -2468.0335      12677.038     -7599.5995     -213.97911      136766.45      51.522057      51.522057      51.522057      0.60999999    -967.58434     -989.98393     -91.953953    
     62000   31000          303.38438     -1030.3557      9215.2347      11270.381      7233.7455      4036.6351      2609.1996      5650.6322     -6762.9607     -60.251679     -2479.7105      12677.48      -7597.7536     -213.97911      136766.45      51.522057      51.522057      51.522057      0.60999999    -1080.8722     -1083.0742     -927.1205     
     63000   31500          299.66924      240.53362      11543.598      11063.83       7145.1634      3918.6669      2552.7595      5732.7326     -6869.2119     -59.335011     -2526.9679      12688.939     -7600.2499     -213.97911      136766.45      51.522057      51.522057      51.522057      0.60999999    -183.41567      445.48132      459.53521    
     64000   32000          300.37593     -512.03111      10012.883      11034.179      7162.0134      3872.1659      2522.57        5681.2674     -6835.3698     -59.143275     -2521.3911      12693.435     -7609.2019     -213.97911      136766.45      51.522057      51.522057      51.522057      0.60999999    -317.58371     -710.99286     -507.51677    
     65000   32500          298.82658     -302.58613      10361.256      10964.794      7125.0714      3839.7229      2495.9179      5798.5216     -6926.0663     -62.766247     -2538.6976      12672.384     -7599.5706     -213.97911      136766.45      51.522057      51.522057      51.522057      0.60999999    -438.12498     -1160.811       691.17758    
     66000   33000          293.55372      136.49783      11174.807      10902.549      6999.3481      3903.201       2543.4952      5714.1662     -6913.035      -59.454614     -2485.373       12701.09      -7597.6877     -213.97911      136766.45      51.522057      51.522057      51.522057      0.60999999     427.35728     -0.99382835    -16.869967    
     67000   33500          306.42721     -779.22299      9663.1428      11217.38       7306.2969      3911.0828      2585.8549      5780.6333     -6916.5119     -60.417949     -2548.5575      12680.885     -7610.8026     -213.97911      136766.45      51.522057      51.522057      51.522057      0.60999999    -1572.4782      221.20268     -986.39349    
     68000   34000          300.40612     -603.83939      10002.1        11206.517      7162.7333      4043.7841      2649.2988      5779.2237     -6873.6283     -61.976919     -2512.2122      12667.085     -7604.0062     -213.97911      136766.45      51.522057      51.522057      51.522057      0.60999999    -769.68001     -215.00677     -826.8314     
     69000   34500          297.55891      103.78962      11272.552      11065.534      7094.8458      3970.688       2578.4978      5687.5006     -6839.9648     -63.164943     -2470.5705      12692.859     -7614.4693     -213.97911      136766.45      51.522057      51.522057      51.522057      0.60999999     82.532125      432.16038     -203.32365    
     70000   35000          301.40531     -18.55752       10954.415      10991.43       7186.5573      3804.8728      2523.9694      5611.3996     -6842.1026     -57.029654     -2500.4295      12679.557     -7610.4917     -213.97911      136766.45      51.522057      51.522057      51.522057      0.60999999    -212.88776     -339.96845      497.18365    
     71000   35500          302.26768      42.98255       11187.698      11101.965      7207.1192      3894.8459      2504.0296      5731.9045     -6846.3598     -60.633174     -2519.6842      12694.86      -7609.2708     -213.97911      136766.45      51.522057      51.522057      51.522057      0.60999999    -156.28863      24.522143      260.71413    
     72000   36000          304.69391     -221.17279      10674.777      11115.928      7264.9691      3850.9584      2587.9087      5744.179      -6902.858      -65.785237     -2572.2949      12679.507     -7619.6979     -213.97911      136766.45      51.522057      51.522057      51.522057      0.60999999    -425.82106      229.77007     -467.46738    
     73000   36500          300.29961     -487.71311      10043.234      11016.026      7160.1937      3855.8325      2566.459       5717.4183     -6945.3529     -58.091411     -2509.5642      12700.918     -7615.9545     -213.97911      136766.45      51.522057      51.522057      51.522057      0.60999999    -185.7398      -1177.0332     -100.36631    
     74000   37000          296.79349     -982.27776      9167.3443      11126.594      7076.5954      4049.9986      2670.6712      5800.515      -6915.123      -59.572684     -2541.1182      12700.679     -7606.0525     -213.97911      136766.45      51.522057      51.522057      51.522057      0.60999999    -1215.1941     -1063.3167     -668.32244    
     75000   37500          302.30978      107.22139      11374.989      11161.125      7208.1232      3953.0021      2551.5467      5759.2572     -6887.6693     -60.776859     -2493.2314      12685.462     -7601.5865     -213.97911      136766.45      51.522057      51.522057      51.522057      0.60999999     1038.4568      470.75934     -1187.552     
     76000   38000          300.07048     -808.23383      9461.5205      11073.622      7154.7305      3918.892       2613.6869      5658.5914     -6841.0726     -61.447388     -2557.1066      12700.228     -7593.9879     -213.97911      136766.45      51.522057      51.522057      51.522057      0.60999999    -1440.046      -296.09107     -688.56436    
     77000   38500          296.54983     -137.42915      10655.651      10929.767      7070.7858      3858.9807      2536.6         5640.2796     -6860.9057     -61.083832     -2510.4012      12717.498     -7603.0065     -213.97911      136766.45      51.522057      51.522057      51.522057      0.60999999     83.036        -21.260369     -474.06309    
     78000   39000          303.99289      385.04958      12078.768      11310.749      7248.2544      4062.4945      2679.997       5739.8861     -6952.1112     -59.052353     -2448.3017      12704.197     -7602.1202     -213.97911      136766.45      51.522057      51.522057      51.522057      0.60999999     642.74086     -121.81335      634.22123    
     79000   39500          303.99842     -1226.8726      8724.4206      11171.539      7248.3861      3923.1527      2581.1126      5723.9522     -6871.2275     -60.121458     -2563.9735      12710.33      -7596.9192     -213.97911      136766.45      51.522057      51.522057      51.522057      0.60999999    -897.30403     -1163.1316     -1620.1823    
     80000   40000          297.80018     -184.08243      10713.422      11080.592      7100.5985      3979.994       2587.5033      5775.923      -6868.9764     -62.929343     -2531.869       12683.286     -7602.9441     -213.97911      136766.45      51.522057      51.522057      51.522057      0.60999999    -944.15236      290.13948      101.76559    
     81000   40500          298.94015     -862.5903       9280.4215      11000.943      7127.7795      3873.1634      2547.3615      5697.4515     -6857.3931     -61.232568     -2567.6865      12719.504     -7604.8414     -213.97911      136766.45      51.522057      51.522057      51.522057      0.60999999    -879.47355     -101.97483     -1606.3225    
     82000   41000          298.21737     -1350.9536      8311.8224      11006.432      7110.5456      3895.8868      2601.4343      5756.0208     -6940.0059     -59.246719     -2571.1868      12712.647     -7603.7755     -213.97911      136766.45      51.522057      51.522057      51.522057      0.60999999    -1940.2387     -1059.4215     -1053.2008    
     83000   41500          304.15194     -313.13392      10651.295      11275.871      7252.0468      4023.8243      2616.6046      5726.3113     -6890.1173     -59.313684     -2501.5086      12730.832     -7598.9843     -213.97911      136766.45      51.522057      51.522057      51.522057      0.60999999    -315.71779     -462.49355     -161.19042    
     84000   42000          302.05962     -1121.0184      8945.0501      11181.032      7202.1584      3978.8732      2606.3869      5687.0232     -6792.6356     -57.541213     -2543.8331      12687.49      -7608.0167     -213.97911      136766.45      51.522057      51.522057      51.522057      0.60999999    -449.06737     -1900.8575     -1013.1304    
     85000   42500          300.76886      51.458104      11199.987      11097.349      7171.3822      3925.9668      2604.38        5830.5887     -6935.4366     -59.716104     -2577.6635      12667.715     -7603.901      -213.97911      136766.45      51.522057      51.522057      51.522057      0.60999999     351.83527     -749.38286      551.9219     
     86000   43000          298.92533     -824.05722      9367.6178      11011.281      7127.4261      3883.855       2586.4478      5747.7529     -6917.9535     -64.156353     -2556.0271      12685.781     -7597.9899     -213.97911      136766.45      51.522057      51.522057      51.522057      0.60999999    -1428.5831     -475.69955     -567.88906    
     87000   43500          297.8267      -825.6417       9354.2093      11001.033      7101.2309      3899.8021      2624.3152      5712.9733     -6887.4362     -63.953991     -2563.9747      12679.706     -7601.8271     -213.97911      136766.45      51.522057      51.522057      51.522057      0.60999999    -636.18037     -988.61624     -852.1285     
     88000   44000          297.15119     -477.86818      10021.836      10974.991      7085.1242      3889.8671      2586.9772      5762.6061     -6914.5274     -63.351953     -2579.7483      12699.564     -7601.6526     -213.97911      136766.45      51.522057      51.522057      51.522057      0.60999999    -312.84893     -766.6871      -354.06851    
     89000   44500          306.2943      -24.155211      11186.817      11234.997      7303.128       3931.869       2590.5155      5770.0257     -6858.2712     -60.800161     -2577.6465      12667.425     -7599.3792     -213.97911      136766.45      51.522057      51.522057      51.522057      0.60999999    -102.52143      6.2764964      23.779302    
     90000   45000          300.73034     -379.5562       10251.391      11008.453      7170.4637      3837.9891      2569.1957      5618.0966     -6781.8843     -61.658858     -2577.4613      12668.607     -7596.9054     -213.97911      136766.45      51.522057      51.522057      51.522057      0.60999999    -144.24784     -302.80706     -691.6137     
     91000   45500          301.93139     -625.73324      9707.8701      10955.957      7199.1009      3756.8558      2570.6312      5622.4196     -6897.3806     -65.141133     -2551.0832      12676.355     -7598.9452     -213.97911      136766.45      51.522057      51.522057      51.522057      0.60999999    -893.57196     -432.12192     -551.50584    
     92000   46000          299.35864      229.22998      11368.219      10910.997      7137.7575      3773.2399      2531.3676      5653.7393     -6834.9893     -60.367466     -2596.9919      12686.926     -7606.4444     -213.97911      136766.45      51.522057      51.522057      51.522057      0.60999999     114.32466      165.08684      408.27843    
     93000   46500          298.17973      50.883173      11079.472      10977.98       7109.6482      3868.3321      2620.3649      5697.4763     -6941.3813     -60.599518     -2533.6756      12692.723     -7606.5754     -213.97911      136766.45      51.522057      51.522057      51.522057      0.60999999     227.51684      132.44444     -207.31176    
     94000   47000          298.25535     -292.74676      10396.723      10980.635      7111.4512      3869.184       2564.4013      5653.4198     -6819.1429     -58.796716     -2510.3671      12653.965     -7614.2958     -213.97911      136766.45      51.522057      51.522057      51.522057      0.60999999    -499.47633     -530.42701      151.66307    
     95000   47500          296.17005     -175.20452      10418.758      10768.221      7061.7305      3706.4901      2522.2729      5586.4258     -6820.1512     -57.473433     -2572.798       12657.476     -7609.2617     -213.97911      136766.45      51.522057      51.522057      51.522057      0.60999999    -422.73704     -117.22346      14.346932    
     96000   48000          300.66976     -520.30059      10122.339      11160.13       7169.0193      3991.1103      2598.0755      5840.4698     -6907.8398     -60.724494     -2593.8513      12707.051     -7592.0707     -213.97911      136766.45      51.522057      51.522057      51.522057      0.60999999    -509.29122     -149.58776     -902.02279    
     97000   48500          301.87689     -591.38786      9897.8062      11077.388      7197.8015      3879.5861      2595.8018      5743.4537     -6914.7836     -61.264899     -2560.4495      12682.432     -7605.6032     -213.97911      136766.45      51.522057      51.522057      51.522057      0.60999999    -1050.0029     -436.60739     -287.55332    
     98000   49000          300.53402     -155.40051      10704.486      11014.448      7165.7828      3848.6651      2566.7852      5675.0309     -6806.7791     -59.750671     -2569.0908      12652.849     -7610.3795     -213.97911      136766.45      51.522057      51.522057      51.522057      0.60999999    -407.98668      66.579764     -124.79462    
     99000   49500          300.22791      115.25191      11160.643      10930.761      7158.484       3772.2774      2520.7865      5635.419      -6806.3534     -61.928006     -2569.2656      12661.404     -7607.7847     -213.97911      136766.45      51.522057      51.522057      51.522057      0.60999999     173.48292      255.58005     -83.307231    
    100000   50000          302.44306     -711.47224      9547.9145      10967.016      7211.3009      3755.715       2593.7216      5682.1858     -6883.2953     -61.60965      -2633.4093      12661.622     -7603.5004     -213.97911      136766.45      51.522057      51.522057      51.522057      0.60999999    -1165.2965     -439.53897     -529.58125    
Loop time of 146.651 on 1 procs for 100000 steps with 8000 atoms

Performance: 29.458 ns/day, 0.815 hours/ns, 681.889 timesteps/s, 5.455 Matom-step/s
99.9% CPU use with 1 MPI tasks x 1 OpenMP threads

MPI task timing breakdown:
Section |  min time  |  avg time  |  max time  |%varavg| %total
---------------------------------------------------------------
Pair    | 1.329      | 1.329      | 1.329      |   0.0 |  0.91
Bond    | 27.57      | 27.57      | 27.57      |   0.0 | 18.80
Kspace  | 93.098     | 93.098     | 93.098     |   0.0 | 63.48
Neigh   | 5.429      | 5.429      | 5.429      |   0.0 |  3.70
Comm    | 1.408      | 1.408      | 1.408      |   0.0 |  0.96
Output  | 1.0938     | 1.0938     | 1.0938     |   0.0 |  0.75
Modify  | 13.57      | 13.57      | 13.57      |   0.0 |  9.25
Other   |            | 3.154      |            |       |  2.15

Nlocal:           8000 ave        8000 max        8000 min
Histogram: 1 0 0 0 0 0 0 0 0 0
Nghost:          12696 ave       12696 max       12696 min
Histogram: 1 0 0 0 0 0 0 0 0 0
Neighs:              0 ave           0 max           0 min
Histogram: 1 0 0 0 0 0 0 0 0 0
FullNghs:  4.08648e+06 ave 4.08648e+06 max 4.08648e+06 min
Histogram: 1 0 0 0 0 0 0 0 0 0

Total # of neighbors = 4086482
Ave neighs/atom = 510.81025
Ave special neighs/atom = 5.7025
Neighbor list builds = 1523
Dangerous builds = 0

# --- Cleanup ---
unfix nvt_fix

undump dump_nvt

# --- Write Output ---
write_dump all custom nvt_warmup_last.dump id type mol x y z xu yu zu vx vy vz modify sort id
write_data /home/alexzhao/PolyJarvis/data/PEG_COMPASS_1/attempts/equilibration/attempt-0002/work/nvt_warmup/nvt_warmup_out.data
System init for write_data ...
PPPM Kokkos initialization ...
  using 12-bit tables for long-range coulomb
  G vector (1/distance) = 0.29918779
  grid = 36 36 36
  stencil order = 5
  estimated absolute RMS force accuracy = 0.00039937676
  estimated relative force accuracy = 1.2027113e-06
  using double precision cuFFT
  3d grid and FFT values/proc = 79507 46656
Generated 15 of 15 mixed pair_coeff terms from sixthpower/sixthpower mixing rule
write_restart /home/alexzhao/PolyJarvis/data/PEG_COMPASS_1/attempts/equilibration/attempt-0002/work/nvt_warmup/nvt_warmup_out.restart
System init for write_restart ...
PPPM Kokkos initialization ...
  using 12-bit tables for long-range coulomb
  G vector (1/distance) = 0.29918779
  grid = 36 36 36
  stencil order = 5
  estimated absolute RMS force accuracy = 0.00039937676
  estimated relative force accuracy = 1.2027113e-06
  using double precision cuFFT
  3d grid and FFT values/proc = 79507 46656
Generated 15 of 15 mixed pair_coeff terms from sixthpower/sixthpower mixing rule

print "STAGE COMPLETE: NVT T=300.0->300.0K steps=100000"
STAGE COMPLETE: NVT T=300.0->300.0K steps=100000
quit
