units real
atom_style full
boundary p p p

# --- Force Field Styles ---
pair_style lj/cut/coul/long 9.5 9.5
kspace_style pppm 1e-6
dielectric 1.000000
bond_style harmonic
angle_style harmonic
dihedral_style multi/harmonic
improper_style none
special_bonds lj/coul 0 0 0.5
pair_modify mix geometric tail yes
neighbor 2.0 bin
neigh_modify delay 0 every 1 check yes
neigh_modify one 4000
# KOKKOS: package loaded via -pk kokkos on the command line

read_data /home/arz2/PolyJarvis_v2/data/PTFE_AI/attempts/cooling/attempt-0001/work/cool_block_04/cool_block_04_out.data
Reading data file ...
  orthogonal box = (4.2804394 4.2804394 4.2804394) to (41.081154 41.081154 41.081154)
  1 by 1 by 1 MPI processor grid
  reading atoms ...
  3020 atoms
  reading velocities ...
  3020 velocities
  scanning bonds ...
  4 = max bonds/atom
  scanning angles ...
  12 = max angles/atom
  scanning dihedrals ...
  24 = max dihedrals/atom
  orthogonal box = (4.2804394 4.2804394 4.2804394) to (41.081154 41.081154 41.081154)
  1 by 1 by 1 MPI processor grid
  reading bonds ...
  3010 bonds
  reading angles ...
  6000 angles
  reading dihedrals ...
  8910 dihedrals
Finding 1-2 1-3 1-4 neighbors ...
  special bond factors lj:    0        0        0.5     
  special bond factors coul:  0        0        0.5     
     4 = max # of 1-2 neighbors
     6 = max # of 1-3 neighbors
    12 = max # of 1-4 neighbors
    16 = max # of special neighbors
  special bonds CPU = 0.004 seconds
  read_data CPU = 0.080 seconds


# --- Thermo Output ---
thermo_style custom step time temp press enthalpy etotal ke pe ebond eangle edihed eimp evdwl ecoul elong etail vol lx ly lz density pxx pyy pzz
thermo_modify flush yes
thermo 1000

# --- Trajectory ---
dump dump_npt all custom 1000 cool_block_05.dump id type mol x y z ix iy iz vx vy vz


# --- Restart Checkpointing ---
restart 10000 npt_1.rst npt_2.rst

# --- Initial Velocities (optional) ---
# Velocities read from data file

# --- SHAKE Constraints ---
# SHAKE disabled

# --- NPT Thermostat + Barostat (Nose-Hoover) ---
# T_damp = 100.0 fs  (heat bath coupling)
# P_damp = 1000.0 fs  (pressure bath coupling, ~10x T_damp typical)
# Ramp: T=600.0->575.0K  P=1.0->1.0atm
timestep 1.0
fix npt_fix all npt temp 600.0 575.0 100.0 iso 1.0 1.0 1000.0

run 250000
PPPM Kokkos initialization ...
  using 12-bit tables for long-range coulomb
  G vector (1/distance) = 0.33401852
  grid = 40 40 40
  stencil order = 5
  estimated absolute RMS force accuracy = 0.00026382979
  estimated relative force accuracy = 7.9451558e-07
  using double precision cuFFT
  3d grid and FFT values/proc = 103823 64000
Generated 3 of 3 mixed pair_coeff terms from geometric mixing rule
Neighbor list info ...
  update: every = 1 steps, delay = 0 steps, check = yes
  max neighbors/atom: 4000, page size: 100000
  master list distance cutoff = 11.5
  ghost atom cutoff = 11.5
  binsize = 11.5, bins = 4 4 4
  1 neighbor lists, perpetual/occasional/extra = 1 0 0
  (1) pair lj/cut/coul/long/kk, perpetual
      attributes: full, newton off, kokkos_device
      pair build: full/bin/kk/device
      stencil: full/bin/3d
      bin: kk/device
Per MPI rank memory allocation (min/avg/max) = 28.3 | 28.3 | 28.3 Mbytes
   Step          Time           Temp          Press         Enthalpy        TotEng         KinEng         PotEng         E_bond        E_angle        E_dihed        E_impro         E_vdwl         E_coul         E_long         E_tail         Volume           Lx             Ly             Lz          Density          Pxx            Pyy            Pzz      
         0   0              603.61961     -133.93886      8114.2835      8211.6369      5432.0124      2779.6245      2228.4078      3339.5013     -4210.9827      0              705.8305       15273.675     -14556.808     -109.33933      49838.934      36.800714      36.800714      36.800714      1.6668102     -1477.9718      34.918124      1041.2371    
      1000   1000           606.45574     -471.65042      8042.7087      8387.7508      5457.5349      2930.2159      2232.5219      3507.1448     -4209.4313      0              662.0491       15295.41      -14557.478     -108.63484      50162.135      36.880093      36.880093      36.880093      1.6560707     -1373.8458      142.0045      -183.11       
      2000   2000           603.62395      1464.5748      9197.1832      8147.4013      5432.0515      2715.3498      2172.7806      3441.9402     -4259.1872      0              643.45771      15279.187     -14562.829     -110.87497      49148.656      36.630025      36.630025      36.630025      1.69022        388.4124       1053.2042      2952.108     
      3000   3000           619.37201     -854.43895      7862.7209      8491.0944      5573.7693      2917.3251      2245.9692      3441.6619     -4202.0533      0              714.99299      15255.14      -14538.385     -108.06478      50426.748      36.944828      36.944828      36.944828      1.6473805     -720.66183     -635.34946     -1207.3056    
      4000   4000           609.3945      -651.86398      7713.6622      8178.7775      5483.9811      2694.7964      2062.8916      3497.5349     -4243.5033      0              633.74038      15316.469     -14572.337     -111.3826       48924.659      36.574293      36.574293      36.574293      1.6979586     -2324.5638      506.77262     -137.80076    
      5000   5000           600.14284     -568.1252       7854.938       8267.7997      5400.7247      2867.075       2231.7419      3430.7826     -4226.8376      0              702.10181      15283.781     -14554.495     -109.36049      49829.291      36.798341      36.798341      36.798341      1.6671328      886.42985     -496.14482     -2094.6606    
      6000   6000           591.48126     -1896.1276      6699.3584      8050.4094      5322.7786      2727.6308      2248.1119      3327.4389     -4248.5383      0              680.43589      15295.168     -14574.986     -111.53646      48857.17       36.557468      36.557468      36.557468      1.700304      -2054.0629     -941.6031      -2692.7168    
      7000   7000           599.02463      81.493524      8269.4944      8210.251       5390.6619      2819.5891      2219.5809      3405.4408     -4211.3417      0              672.27265      15293.058     -14559.421     -109.32114      49847.225      36.802755      36.802755      36.802755      1.6665329      501.79741      689.94094     -947.25778    
      8000   8000           585.74443     -848.20817      7313.09        7924.8549      5271.1525      2653.7024      2136.2092      3378.7025     -4249.5855      0              666.58394      15285.596     -14563.804     -110.18917      49454.547      36.705861      36.705861      36.705861      1.6797655     -387.43248     -1656.1796     -501.01242    
      9000   9000           600.47832     -1287.766       7374.5022      8327.8535      5403.7438      2924.1097      2262.8999      3457.5361     -4238.7455      0              735.4446       15246.6       -14539.626     -107.35074      50762.16       37.02656       37.02656       37.02656       1.6364954     -1771.921      -858.80471     -1232.5724    
     10000   10000          585.00552     -917.53254      7427.8897      8103.814       5264.503       2839.311       2212.5146      3430.9121     -4236.4291      0              711.75326      15262.307     -14541.747     -107.88088      50512.709      36.965809      36.965809      36.965809      1.6445771     -2644.5984      146.2139      -254.21314    
     11000   11000          606.57477      221.49374      8450.9846      8286.6996      5458.6061      2828.0935      2233.0568      3439.5751     -4258.1018      0              684.36694      15275.292     -14546.095     -107.14815      50858.139      37.049881      37.049881      37.049881      1.633407       33.4118        1261.3664     -630.29694    
     12000   12000          608.34523      137.8213       8278.3143      8177.9873      5474.5386      2703.4487      2235.6186      3415.2912     -4267.7776      0              599.78027      15266.692     -14546.156     -109.17398      49914.416      36.819283      36.819283      36.819283      1.6642896     -677.08512     -117.91899      1208.468     
     13000   13000          589.12252      996.97488      8767.9233      8050.9846      5301.5522      2749.4324      2183.4178      3436.656      -4235.2259      0              641.11212      15286.013     -14562.541     -110.51551      49308.514      36.669696      36.669696      36.669696      1.6847403      1998.0337      790.88235      202.00863    
     14000   14000          587.50951      723.66811      8436.5822      7908.7123      5287.0366      2621.6757      2109.8129      3401.5036     -4263.3261      0              664.11689      15261.518     -14551.949     -108.95159      50016.3        36.844318      36.844318      36.844318      1.6608994      2496.5793     -808.576        483.001      
     15000   15000          592.2791      -565.755        7624.8571      8032.7603      5329.9585      2702.8019      2274.8899      3395.7601     -4272.3852      0              607.05811      15256.966     -14559.487     -110.22808      49437.09       36.701541      36.701541      36.701541      1.6803587      168.0516      -779.00996     -1086.3067    
     16000   16000          583.48761      104.6238       8213.1009      8136.6629      5250.8432      2885.8197      2186.5112      3540.766      -4258.6393      0              696.29149      15276.384     -14555.493     -108.77828      50095.991      36.863875      36.863875      36.863875      1.6582573      222.46619      838.92757     -747.52235    
     17000   17000          597.61346      621.57498      8687.8794      8233.0254      5377.9627      2855.0627      2253.5589      3431.3028     -4249.2334      0              699.88826      15274.151     -14554.605     -108.60318      50176.761      36.883677      36.883677      36.883677      1.655588      -872.43609      2593.6843      143.47669    
     18000   18000          597.65817     -1977.9829      6655.23        8149.6242      5378.3651      2771.2591      2209.5146      3481.8961     -4243.4629      0              599.67421      15265.646     -14542.008     -105.19096      51804.412      37.278256      37.278256      37.278256      1.6035708     -347.51669     -1910.8539     -3675.5781    
     19000   19000          606.56852     -778.2147       7737.5377      8324.099       5458.5499      2865.5491      2259.8629      3454.6137     -4254.8504      0              678.99088      15265.506     -14538.574     -105.4404       51681.855      37.248835      37.248835      37.248835      1.6073735     -2178.4298     -1086.2261      930.01187    
     20000   20000          602.53713      106.35747      8202.7878      8124.5619      5422.2711      2702.2909      2164.5722      3427.1585     -4262.4281      0              657.8912       15263.676     -14548.579     -108.05345      50432.036      36.94612       36.94612       36.94612       1.6472078     -592.27357     -155.26846      1066.6144    
     21000   21000          587.86271     -708.71726      7451.2883      7972.9318      5290.215       2682.7168      2228.6364      3350.5807     -4239.061       0              625.76411      15262.535     -14545.739     -107.97425      50469.027      36.955151      36.955151      36.955151      1.6460005     -1830.8853     -630.56426      335.2978     
     22000   22000          598.62011      1145.8069      8992.7998      8160.0959      5387.0216      2773.0743      2148.6735      3415.1487     -4231.1438      0              730.05804      15270.868     -14560.531     -109.35581      49831.421      36.798865      36.798865      36.798865      1.6670615      1550.6214      1448.3875      438.41174    
     23000   23000          598.40181     -425.44417      7832.8629      8149.3657      5385.0571      2764.3085      2205.8848      3435.2889     -4234.5362      0              640.05099      15261.887     -14544.267     -106.82824      51010.443      37.086829      37.086829      37.086829      1.6285301     -672.38999     -851.78184      247.83931    
     24000   24000          590.23293      803.25851      8602.6159      7995.3114      5311.5448      2683.7666      2089.5312      3369.9747     -4231.4176      0              748.10862      15235.248     -14527.678     -105.11624      51841.233      37.287086      37.287086      37.287086      1.6024319      2233.3847      537.13452     -360.74372    
     25000   25000          612.79462      296.35759      8485.7915      8262.3265      5514.5789      2747.7476      2151.9652      3411.2458     -4250.8963      0              695.9078       15271.269     -14531.744     -105.39686      51703.204      37.253964      37.253964      37.253964      1.6067098      2048.4002     -1806.4782      647.15079    
     26000   26000          619.88418     -1223.2195      7435.1313      8342.7464      5578.3784      2764.368       2220.2879      3403.9439     -4244.0046      0              661.7074       15261.494     -14539.06      -107.10845      50876.99       37.054458      37.054458      37.054458      1.6328018     -2141.3232     -2088.8477      560.51244    
     27000   27000          610.36056     -388.71566      7911.3107      8194.9032      5492.6747      2702.2285      2154.0827      3435.9831     -4249.8391      0              639.27468      15273.632     -14550.905     -108.93271      50024.971      36.846447      36.846447      36.846447      1.6606115     -953.0745       1633.4711     -1846.5436    
     28000   28000          566.15586     -31.378283      7886.7295      7910.1737      5094.8737      2815.3         2203.0603      3409.7598     -4217.3086      0              687.96246      15279.984     -14548.158     -106.36882      51230.76       37.140145      37.140145      37.140145      1.6215267      1136.5256      539.0766      -1769.737     
     29000   29000          590.95275     -2023.364       6624.1626      8164.1279      5318.0226      2846.1053      2193.5543      3497.6589     -4225.7642      0              628.80481      15284.516     -14532.665     -104.4201       52186.844      37.369763      37.369763      37.369763      1.5918196     -3955.1995     -2285.3583      170.46584    
     30000   30000          605.62755     -798.90864      7707.8772      8286.1828      5450.082       2836.1007      2220.1472      3468.8352     -4240.2912      0              656.62643      15296.155     -14565.372     -109.78949      49634.582      36.750348      36.750348      36.750348      1.6736727      1662.1236     -2307.2223     -1751.6273    
     31000   31000          584.59125     -1249.755       6925.3258      7849.5968      5260.775       2588.8218      2068.728       3375.1277     -4240.6597      0              679.7398       15250.888     -14545.002     -107.45995      50710.575      37.014013      37.014013      37.014013      1.6381601     -721.6189      -3363.3387      335.69261    
     32000   32000          595.00293     -82.231972      8176.759       8236.9614      5354.4704      2882.4911      2270.9292      3436.8025     -4228.385       0              662.58288      15297.884     -14557.322     -108.55445      50199.285      36.889195      36.889195      36.889195      1.6548452     -418.70152     -749.34596      921.35157    
     33000   33000          604.15226     -940.41048      7536.6739      8218.1503      5436.8058      2781.3445      2205.84        3433.2106     -4244.9778      0              666.37719      15274.771     -14553.876     -109.66996      49688.682      36.763695      36.763695      36.763695      1.6718504     -3197.1828      153.17328      222.77805    
     34000   34000          586.72038     -27.941962      8119.7529      8139.8958      5279.9352      2859.9606      2198.638       3424.7479     -4220.2773      0              719.21958      15303.815     -14566.182     -110.24403      49429.938      36.699771      36.699771      36.699771      1.6806018     -436.7416      -2224.3578      2577.2735    
     35000   35000          602.96436      725.82431      8867.7501      8337.0187      5426.1158      2910.9029      2251.6635      3515.9168     -4227.2315      0              642.93336      15291.623     -14564.002     -108.68704      50138.042      36.874187      36.874187      36.874187      1.6568665      723.9784       2286.4342     -832.93966    
     36000   36000          605.11006      377.1016       8496.5711      8215.8273      5445.4251      2770.4021      2211.7197      3376.3675     -4229.0519      0              698.32211      15251.366     -14538.322     -106.75033      51047.672      37.095849      37.095849      37.095849      1.6273424      692.78719      993.69219     -555.17457    
     37000   37000          591.06005      55.932309      8088.9221      8047.5148      5318.9882      2728.5266      2087.0124      3467.0012     -4253.0788      0              719.32463      15257.497     -14549.229     -107.35125      50761.922      37.026502      37.026502      37.026502      1.6365031      313.99896     -432.89938      286.69735    
     38000   38000          605.27381      1617.8979      9579.8626      8391.8376      5446.8987      2944.939       2233.0494      3497.2503     -4222.0776      0              731.32832      15263.333     -14557.944     -108.22972      50349.899      36.926051      36.926051      36.926051      1.6498949     -343.80567      2672.636       2524.8633    
     39000   39000          601.35401      1511.3783      9268.1125      8165.7433      5411.6241      2754.1192      2170.5468      3429.9881     -4242.5458      0              675.75035      15286.551     -14566.171     -108.96001      50012.437      36.843369      36.843369      36.843369      1.6610277      2129.1121      2119.7629      285.25978    
     40000   40000          599.18333     -844.8081       7413.7001      8031.4637      5392.0901      2639.3736      2113.4076      3397.729      -4248.4114      0              657.96773      15276.498     -14557.818     -108.68179      50140.467      36.874782      36.874782      36.874782      1.6567864     -1685.0306     -176.36215     -673.03151    
     41000   41000          583.83114     -934.90258      7358.6069      8035.7895      5253.9347      2781.8549      2246.6319      3499.068      -4247.9512      0              559.22294      15281.523     -14556.639     -109.71893      49666.504      36.758225      36.758225      36.758225      1.672597      -977.95797      4.8645564     -1831.6143    
     42000   42000          590.29008     -1636.9697      6893.2648      8090.2227      5312.0591      2778.1636      2262.5602      3406.3707     -4237.4325      0              629.93324      15264.445     -14547.713     -108.6883       50137.462      36.874045      36.874045      36.874045      1.6568857     -1723.2264     -2684.3203     -503.36252    
     43000   43000          599.63209     -108.35077      8027.8024      8107.6476      5396.1285      2711.5191      2133.5566      3438.4349     -4252.3898      0              663.07587      15283.252     -14554.411     -107.84596      50529.066      36.969799      36.969799      36.969799      1.6440447      316.52021      591.69273     -1233.2652    
     44000   44000          579.22338      380.09998      8251.392       7967.3016      5212.4691      2754.8325      2160.8104      3431.7261     -4254.4956      0              702.63187      15245.824     -14531.664     -106.33163      51248.68       37.144475      37.144475      37.144475      1.6209596     -816.96648      2484.1021     -526.8357     
     45000   45000          589.75143     -293.17568      7893.3922      8114.0875      5307.2117      2806.8758      2158.6408      3456.1712     -4226.9867      0              674.50026      15279.43      -14534.88      -105.57371      51616.597      37.233151      37.233151      37.233151      1.6094056      1082.9287     -2279.9542      317.49838    
     46000   46000          605.18008     -214.09875      8087.8578      8247.4169      5446.0552      2801.3617      2217.9155      3327.3596     -4232.7539      0              752.79001      15273.433     -14537.382     -106.63835      51101.275      37.108829      37.108829      37.108829      1.6256354     -3091.4106      2315.5636      133.55073    
     47000   47000          598.09426     -1488.3816      6976.3636      8119.4478      5382.2895      2737.1584      2172.1739      3427.1193     -4263.5796      0              664.87419      15254.534     -14517.964     -103.48016      52660.871      37.482569      37.482569      37.482569      1.5774909     -1760.8287     -2238.974      -465.3421     
     48000   48000          590.21988     -125.30283      7855.6374      7949.8732      5311.4274      2638.4459      2118.6383      3324.4986     -4256.2673      0              754.61617      15216.949     -14519.989     -105.67345      51567.876      37.221432      37.221432      37.221432      1.6109262     -276.95309     -1403.2478      1304.2924    
     49000   49000          600.16895      1147.7233      8948.1192      8105.0835      5400.9597      2704.1238      2174.6521      3401.4187     -4246.1354      0              661.66395      15266.984     -14554.459     -108.19627      50365.466      36.929856      36.929856      36.929856      1.649385      -507.95709      1769.9328      2181.1941    
     50000   50000          590.1438       408.25608      8479.332       8173.5791      5310.7427      2862.8364      2176.6689      3478.269      -4228.3884      0              706.0951       15272.776     -14542.585     -106.11652      51352.566      37.169557      37.169557      37.169557      1.6176805      3.9808316     -440.21916      1661.0066    
     51000   51000          593.20629     -506.38804      7783.2084      8161.6385      5338.3023      2823.3362      2236.9836      3431.3697     -4249.4699      0              700.0391       15249.783     -14545.369     -106.34543      51242.027      37.142868      37.142868      37.142868      1.6211701      1292.2169     -2387.6855     -423.69554    
     52000   52000          600.94791     -569.38535      7668.7373      8104.2772      5407.9696      2696.3076      2150.9703      3416.5344     -4236.2482      0              649.89618      15244.754     -14529.599     -103.89612      52450.04       37.432481      37.432481      37.432481      1.5838318      929.33984     -2021.5016     -615.99431    
     53000   53000          595.58888     -979.71091      7385.5219      8143.9238      5359.7434      2784.1804      2183.3429      3355.4681     -4236.5443      0              748.30633      15259.039     -14525.431     -102.66433      53079.348      37.581594      37.581594      37.581594      1.5650539      435.7685      -1314.5584     -2060.3428    
     54000   54000          584.88681      1589.2828      9245.2934      8027.7694      5263.4348      2764.3346      2144.1558      3345.315      -4221.8         0              754.09275      15276.117     -14533.546     -103.73963      52529.162      37.451294      37.451294      37.451294      1.5814462      2914.9177      1604.7777      248.15315    
     55000   55000          585.39798      124.56855      8118.6097      8024.487       5268.0348      2756.4522      2130.3855      3356.5017     -4214.1393      0              761.76958      15260.792     -14538.857     -105.18052      51809.553      37.279489      37.279489      37.279489      1.6034117     -2718.3876      899.84773      2192.2455    
     56000   56000          590.4666      -193.81084      7880.9597      8025.2199      5313.6476      2711.5723      2194.9255      3364.045      -4243.2978      0              689.10803      15258.263     -14551.472     -106.77081      51037.877      37.093476      37.093476      37.093476      1.6276547      361.58368     -198.10911     -744.90709    
     57000   57000          592.23515      159.64747      8135.1321      8017.0124      5329.5629      2687.4495      2109.3414      3415.4843     -4250.9336      0              689.89223      15275.15      -14551.484     -107.41397      50732.278      37.019293      37.019293      37.019293      1.6374594     -349.81076      2572.1046     -1743.3514    
     58000   58000          588.98247     -51.525376      8189.7378      8228.9967      5300.2919      2928.7049      2209.5155      3505.4038     -4240.4418      0              731.55787      15253.398     -14530.729     -104.30457      52244.65       37.383556      37.383556      37.383556      1.5900584     -884.23609      3092.599      -2362.9391    
     59000   59000          584.70511     -316.01478      7802.0568      8043.1032      5261.7996      2781.3036      2191.5444      3335.7985     -4207.5991      0              740.59233      15244.987     -14524.02      -104.19039      52301.9        37.397206      37.397206      37.397206      1.5883179      416.75078     -1059.6554     -305.13969    
     60000   60000          583.18258      193.14988      8111.9532      7964.4573      5248.0982      2716.359       2091.7316      3368.3303     -4240.3899      0              775.56913      15251.1       -14529.982     -104.07238      52361.21       37.411337      37.411337      37.411337      1.5865188      669.12408      683.52713     -773.20158    
     61000   61000          597.97748      335.71149      8405.4177      8149.4781      5381.2385      2768.2396      2141.8272      3413.1053     -4245.3662      0              712.76382      15274.269     -14528.36      -104.24367      52275.17       37.390834      37.390834      37.390834      1.58913        429.63277      617.08348     -39.58179     
     62000   62000          579.80284     -383.48948      7610.0032      7904.9076      5217.6837      2687.2239      2101.1992      3435.833      -4251.306       0              687.43006      15233.117     -14519.05      -103.34588      52729.295      37.498796      37.498796      37.498796      1.5754438      404.45412     -143.21326     -1411.7093    
     63000   63000          589.71531     -891.78954      7322.9417      8004.5422      5306.8868      2697.6554      2207.1934      3310.1098     -4255.8392      0              719.23045      15251.804     -14534.843     -103.98089      52407.281      37.422306      37.422306      37.422306      1.5851241     -648.45152     -1121.7136     -905.20355    
     64000   64000          586.65876      176.70921      8257.3793      8122.1099      5279.3806      2842.7293      2125.0801      3500.5445     -4240.3528      0              732.76091      15247.417     -14522.72      -103.81992      52488.536      37.441636      37.441636      37.441636      1.5826702      1772.7653     -277.83013     -964.80755    
     65000   65000          589.44807      244.50093      8166.8454      7980.2366      5304.4818      2675.7548      2161.9246      3315.3341     -4255.8271      0              728.46376      15253.294     -14527.435     -104.12845      52333.016      37.404621      37.404621      37.404621      1.5873735     -931.96         555.04035      1110.4224    
     66000   66000          600.65895      1197.4037      8996.0522      8085.2792      5405.3692      2679.91        2123.8831      3333.5287     -4234.7394      0              733.94973      15263.712     -14540.424     -104.48441      52154.725      37.362095      37.362095      37.362095      1.5927999     -324.61688      751.33751      3165.4906    
     67000   67000          595.48558      411.25738      8430.9194      8119.8197      5358.8138      2761.0059      2123.397       3390.2573     -4243.1716      0              785.85068      15230.169     -14525.497     -105.05947      51869.249      37.293801      37.293801      37.293801      1.6015663      1022.1957     -1535.3414      1746.9178    
     68000   68000          609.07842      632.37682      8744.2373      8253.7649      5481.1366      2772.6283      2112.3974      3395.5987     -4227.531       0              769.40403      15253.042     -14530.282     -102.46661      53181.767      37.60575       37.60575       37.60575       1.5620399     -433.63882      2465.6517     -134.88246    
     69000   69000          585.58773      774.19852      8419.7625      7835.3231      5269.7424      2565.5807      2057.7133      3310.2619     -4238.0954      0              710.05639      15271.2       -14545.555     -105.2771       51762.02       37.268085      37.268085      37.268085      1.6048841     -2438.228       3058.1401      1702.6834    
     70000   70000          599.75173     -1184.0285      7304.484       8199.5695      5397.2051      2802.3644      2220.9547      3397.1215     -4213.7798      0              685.60716      15244.8       -14532.34      -105.12807      51835.401      37.285687      37.285687      37.285687      1.6026121     -967.58717     -2424.6339     -159.86429    
     71000   71000          602.81043     -245.67858      7960.6455      8147.3307      5424.7305      2722.6002      2111.1858      3411.8677     -4232.0637      0              701.57103      15257.227     -14527.188     -104.58713      52103.499      37.349859      37.349859      37.349859      1.5943659      658.89683     -1147.2971     -248.63542    
     72000   72000          590.41097      586.37303      8372.9169      7931.6096      5313.147       2618.4626      2111.5126      3308.3396     -4239.1869      0              715.13465      15262.923     -14540.261     -105.59757      51604.933      37.230346      37.230346      37.230346      1.6097694      1223.1618      1587.411      -1051.4537    
     73000   73000          598.93666     -370.68184      7892.2987      8171.3375      5389.8702      2781.4673      2171.913       3358.6146     -4228.2658      0              738.61348      15285.154     -14544.562     -105.57416      51616.376      37.233098      37.233098      37.233098      1.6094125     -1755.7186      302.05455      341.61848    
     74000   74000          589.58856      1439.2788      9172.5722      8073.6558      5305.7461      2767.9097      2088.0251      3357.839      -4216.3173      0              816.59841      15261.074     -14539.31      -104.08816      52353.27       37.409446      37.409446      37.409446      1.5867594      943.17665      974.41197      2400.2479    
     75000   75000          602.80281      726.67543      8878.2343      8322.5515      5424.662       2897.8895      2187.0375      3419.9179     -4214.0178      0              772.41519      15266.575     -14534.039     -103.92848      52433.71       37.428595      37.428595      37.428595      1.5843251     -945.40479      2179.8191      945.61194    
     76000   76000          601.10055     -279.40435      7719.2176      7932.0302      5409.3432      2522.687       2073.5329      3267.8093     -4227.3374      0              692.0336       15251.633     -14534.984     -104.34147      52226.174      37.379149      37.379149      37.379149      1.5906209      888.05935     -1408.313      -317.95936    
     77000   77000          591.87627      437.23411      8344.6223      8003.3356      5326.3334      2677.0022      2119.4914      3335.4457     -4248.3637      0              757.26426      15229.742     -14516.577     -101.81591      53521.65       37.685692      37.685692      37.685692      1.5521204      968.96171     -733.42783      1076.1684    
     78000   78000          581.31597      824.09118      8662.9986      8038.2128      5231.3005      2806.9123      2138.5885      3477.7972     -4250.325       0              732.55982      15233.321     -14525.029     -104.82507      51985.233      37.321578      37.321578      37.321578      1.5979931     -700.7558       936.53572      2236.4936    
     79000   79000          588.26102      552.31057      8485.4003      8058.046       5293.7995      2764.2465      2163.0559      3386.638      -4242.4202      0              750.20364      15219.221     -14512.451     -102.71086      53055.303      37.575918      37.575918      37.575918      1.5657632     -392.27756      920.35379      1128.8555    
     80000   80000          598.29094      1055.4548      8893.2441      8092.4557      5384.0594      2708.3963      2140.6632      3346.6323     -4232.0571      0              713.2147       15289.356     -14549.412     -104.74731      52023.824      37.330811      37.330811      37.330811      1.5968077      805.8207       872.76011      1487.7835    
     81000   81000          592.31956     -2285.1087      6358.0745      8089.8719      5330.3225      2759.5494      2221.6372      3398.3215     -4227.7688      0              659.98399      15234.56      -14527.184     -104.86506      51965.408      37.316833      37.316833      37.316833      1.5986027     -1874.6946     -2222.0648     -2758.5667    
     82000   82000          609.06531     -120.88739      8278.2768      8371.8807      5481.0187      2890.862       2157.6373      3439.576      -4225.2012      0              808.00297      15223.59      -14512.743     -102.63802      53092.953      37.584804      37.584804      37.584804      1.5646529     -151.01463      1036.9402     -1248.5877    
     83000   83000          593.70043     -1410.1982      7064.9578      8135.0905      5342.7491      2792.3414      2197.8963      3429.785      -4254.8097      0              718.30732      15231.037     -14529.875     -104.72818      52033.328      37.333084      37.333084      37.333084      1.5965161     -3977.8171      25.965042     -278.74257    
     84000   84000          596.40728     -48.780179      8077.4303      8113.9212      5367.1082      2746.813       2197.6709      3378.5322     -4260.1417      0              730.22106      15243.951     -14543.42      -106.23775      51293.968      37.155414      37.155414      37.155414      1.6195285      3010.481      -1349.4631     -1807.3585    
     85000   85000          577.32629      1333.3449      8905.6802      7873.4479      5195.3972      2678.0507      2093.1782      3410.0023     -4241.6547      0              717.10002      15219.213     -14519.788     -102.65641      53083.44       37.582559      37.582559      37.582559      1.5649333      48.022985      3359.4583      592.55341    
     86000   86000          592.24441     -271.36276      7936.9276      8146.7037      5329.6463      2817.0574      2147.0691      3424.0226     -4213.0461      0              738.7933       15246.389     -14526.171     -102.80527      53006.579      37.564412      37.564412      37.564412      1.5672025      500.30308     -807.99613     -506.39523    
     87000   87000          578.58031      105.52019      8126.8928      8044.5359      5206.6822      2837.8538      2159.403       3453.2992     -4233.6815      0              760.88176      15207.903     -14509.951     -101.82556      53516.581      37.684503      37.684503      37.684503      1.5522674      278.35814      1115.1793     -1076.9768    
     88000   88000          603.43371     -1365.3529      7082.2509      8131.3963      5430.3395      2701.0567      2123.9092      3368.3301     -4252.899       0              776.55439      15198.279     -14513.117     -103.42613      52688.382      37.489095      37.489095      37.489095      1.5766672     -2352.0972     -129.83319     -1614.1284    
     89000   89000          594.29051     -686.40435      7657.6634      8183.1258      5348.0592      2835.0666      2158.072       3456.1857     -4230.243       0              747.4719       15223.735     -14520.155     -103.81484      52491.103      37.442247      37.442247      37.442247      1.5825928     -3335.8328      722.3248       554.29497    
     90000   90000          593.49718      929.28796      8688.2048      7979.3487      5340.92        2638.4287      2091.73        3324.2357     -4234.6496      0              762.97198      15216.692     -14522.552     -104.18694      52303.635      37.397619      37.397619      37.397619      1.5882652      1690.6229      625.1127       472.12829    
     91000   91000          574.02025     -32.748665      7825.2339      7850.084       5165.6459      2684.4382      2251.0631      3252.4685     -4254.7118      0              730.18885      15230.768     -14525.339     -104.73337      52030.749      37.332467      37.332467      37.332467      1.5965952     -186.47895     -248.75095      336.98391    
     92000   92000          598.04004     -595.38827      7656.592       8114.2856      5381.8016      2732.4841      2242.3334      3346.4621     -4262.7685      0              689.94841      15231.082     -14514.573     -103.38236      52710.688      37.494385      37.494385      37.494385      1.576         -2548.3537     -548.37529      1310.5642    
     93000   93000          584.35215      821.29601      8438.5676      7829.738       5258.6233      2571.1146      2090.6938      3379.6441     -4257.195       0              662.84568      15235.502     -14540.376     -107.20746      50830.006      37.043049      37.043049      37.043049      1.6343111      1614.1651      2781.2204     -1931.4975    
     94000   94000          580.96135      1993.6383      9513.1044      8059.6956      5228.1092      2831.5864      2151.1595      3496.2033     -4237.5915      0              722.81649      15259.532     -14560.533     -109.01333      49987.974      36.837361      36.837361      36.837361      1.6618406      296.08165      2905.0759      2779.7575    
     95000   95000          573.61551      586.28369      8346.3415      7917.8014      5162.0036      2755.7978      2112.5128      3393.1251     -4235.5985      0              773.34578      15255.948     -14543.535     -108.72698      50119.625      36.869672      36.869672      36.869672      1.6574753      548.52268      517.77774      692.55066    
     96000   96000          579.16255     -144.50051      7879.5645      7987.7906      5211.9218      2775.8688      2224.0525      3338.664      -4219.8194      0              720.27848      15259.043     -14546.349     -106.11053      51355.466      37.170257      37.170257      37.170257      1.6175891     -2009.0992      113.60287      1461.9948    
     97000   97000          593.71329      245.73587      8246.8133      8064.265       5342.8648      2721.4001      2155.632       3412.7452     -4234.5172      0              678.19088      15255.281     -14545.932     -106.98228      50936.991      37.069019      37.069019      37.069019      1.6308785      583.65795      263.54447     -109.99481    
     98000   98000          581.27022     -825.63517      7356.7256      7970.7686      5230.8888      2739.8798      2176.7539      3402.8785     -4236.1698      0              667.42748      15276.03      -14547.04      -106.85884      50995.834      37.083288      37.083288      37.083288      1.6289966      63.573524     -1005.6003     -1534.8787    
     99000   99000          590.79482      570.32998      8332.9692      7899.6031      5316.6013      2583.0018      2092.8009      3308.6837     -4232.1093      0              698.72463      15246.221     -14531.319     -104.59052      52101.81       37.349455      37.349455      37.349455      1.5944176      1134.3994      561.25433      15.336166    
    100000   100000         588.68028      2195.5769      9733.7108      8104.936       5297.5724      2807.3636      2136.0579      3487.2859     -4254.0449      0              690.97273      15285.932     -14538.84      -107.1294       50867.042      37.052043      37.052043      37.052043      1.6331212      1763.1061      4869.6737     -46.049094    
    101000   101000         583.33658     -461.54891      7692.0103      8033.3657      5249.4842      2783.8815      2241.6247      3364.9026     -4239.5268      0              712.07749      15252.477     -14547.673     -107.45633      50712.283      37.014429      37.014429      37.014429      1.638105      -1944.309      -809.78125      1369.4435    
    102000   102000         586.75514     -1289.793       7024.0198      7981.7244      5280.248       2701.4764      2163.533       3409.0992     -4233.5841      0              660.27358      15243.582     -14541.427     -107.03097      50913.821      37.063398      37.063398      37.063398      1.6316207     -2448.2444     -2411.7581      990.62353    
    103000   103000         582.98457     -501.61024      7527.4731      7898.2429      5246.3164      2651.9265      2155.5089      3325.4253     -4234.8459      0              700.33765      15250.829     -14545.328     -107.51846      50682.976      37.007297      37.007297      37.007297      1.6390522      1664.8338     -878.24331     -2291.4212    
    104000   104000         594.39204      375.35674      8260.2315      7976.0745      5348.973       2627.1015      2152.4475      3286.4042     -4266.0609      0              752.44879      15240.169     -14538.308     -104.98009      51908.469      37.303199      37.303199      37.303199      1.6003563     -850.34309      47.521214      1928.8921    
    105000   105000         590.40444      345.21879      8288.9791      8031.6076      5313.0883      2718.5193      2178.8632      3318.7081     -4246.3068      0              756.89788      15260.214     -14549.857     -106.59946      51119.916      37.11334       37.11334       37.11334       1.6250426      642.99445     -807.34052      1200.0025    
    106000   106000         597.30522     -445.34371      7769.6759      8102.9989      5375.1888      2727.8101      2141.9847      3459.5261     -4229.0486      0              652.53395      15244.454     -14541.64      -106.18204      51320.88       37.16191       37.16191       37.16191       1.6186792     -241.70997     -1196.6648      102.34362    
    107000   107000         588.32309     -137.24456      7821.8655      7926.2285      5294.3581      2631.8705      2081.0153      3440.9581     -4257.1171      0              671.20995      15216.167     -14520.363     -104.51274      52140.588      37.358719      37.358719      37.358719      1.5932318      1492.0895     -1328.4109     -575.41226    
    108000   108000         581.53875     -1736.3662      6684.2049      8005.6429      5233.3053      2772.3376      2161.4733      3474.0637     -4260.4697      0              692.48206      15222.837     -14518.048     -104.42766      52183.068      37.368862      37.368862      37.368862      1.5919348     -1608.1429     -1128.3038     -2472.6518    
    109000   109000         608.85127     -981.87145      7470.3546      8216.2823      5479.0925      2737.1898      2098.8142      3503.4912     -4235.7         0              662.645        15250.808     -14542.869     -104.61138      52091.422      37.346973      37.346973      37.346973      1.5947356      671.70161     -1540.9519     -2076.364     
    110000   110000         583.94904      2206.441       9753.7343      8047.0079      5254.9957      2792.0122      2154.1462      3417.4345     -4259.621       0              774.27333      15226.522     -14520.743     -102.74234      53039.046      37.57208       37.57208       37.57208       1.5662432      93.465929      3248.9239      3276.9331    
    111000   111000         579.05631     -260.76813      7687.2637      7885.1534      5210.9657      2674.1876      2155.4653      3423.0979     -4250.0177      0              654.89417      15215.239     -14524.491     -104.72549      52034.666      37.333404      37.333404      37.333404      1.596475       2384.2476     -1463.1583     -1703.3937    
    112000   112000         590.25831     -391.74844      7812.2206      8106.6191      5311.7733      2794.8459      2122.5943      3462.8153     -4268.611       0              777.63464      15233.865     -14533.453     -105.753        51529.086      37.212097      37.212097      37.212097      1.6121389     -565.82213     -1129.4714      520.04826    
    113000   113000         596.95667     -173.61844      7871.3715      8004.3466      5372.0522      2632.2944      2231.2324      3258.228      -4261.2349      0              704.91585      15220.31      -14521.157     -103.76403      52516.808      37.448357      37.448357      37.448357      1.5818182     -2041.8926      1703.3444     -182.30704    
    114000   114000         592.22004      1493.6375      9112.0219      7993.6257      5329.4269      2664.1988      2121.047       3386.6228     -4255.4737      0              708.35266      15249.359     -14545.709     -106.13792      51342.213      37.167059      37.167059      37.167059      1.6180067      2343.481       221.21451      1916.217     
    115000   115000         585.82711     -1573.5691      6674.7578      7871.8965      5271.8966      2599.9999      2109.259       3433.0767     -4262.9477      0              603.87094      15254.29      -14537.549     -104.46298      52165.425      37.36465       37.36465       37.36465       1.5924732     -2408.5545     -1213.8414     -1098.3114    
    116000   116000         586.60667     -154.57916      7993.3772      8111.3515      5278.9119      2832.4397      2210.8058      3467.9493     -4257.8433      0              705.38048      15230.798     -14524.65      -104.13207      52331.193      37.404186      37.404186      37.404186      1.5874288      462.23148     -1051.1157      125.14674    
    117000   117000         590.20358      1416.1672      9088.0132      7985.6711      5311.2807      2674.3904      2045.7411      3440.7682     -4261.1669      0              741.36383      15227.088     -14519.404     -102.09845      53373.54       37.650898      37.650898      37.650898      1.5564275      2494.8697      522.10763      1231.5241    
    118000   118000         585.68044     -838.81884      7386.2235      8031.9851      5270.5767      2761.4085      2183.9778      3405.0499     -4240.1674      0              696.33084      15231.969     -14515.752     -103.23262      52787.147      37.512505      37.512505      37.512505      1.5737172     -69.285552      442.47884     -2889.6498    
    119000   119000         582.06966      418.6851       8163.2146      7840.9807      5238.083       2602.8976      2105.3827      3381.6523     -4257.85        0              664.85259      15231.363     -14522.503     -103.26122      52772.53       37.509042      37.509042      37.509042      1.5741531      105.03468      901.19879      249.82183    
    120000   120000         585.94336      544.53833      8602.7467      8182.636       5272.9427      2909.6933      2196.8402      3495.7833     -4237.7445      0              740.52333      15245.805     -14531.514     -103.0115       52900.459      37.539327      37.539327      37.539327      1.5703463     -996.21357      1249.7286      1380.1       
    121000   121000         592.04937     -438.60225      7629.7332      7979.6904      5327.8911      2651.7993      2151.0579      3407.3617     -4280.1338      0              671.29257      15203.213     -14500.992     -99.604029      54710.192      37.962612      37.962612      37.962612      1.5184016      535.41695      631.42141     -2482.6451    
    122000   122000         590.39265      223.5823       8150.6397      7976.5885      5312.9821      2663.6064      2074.2848      3345.9687     -4241.0648      0              809.30888      15166.515     -14491.407     -102.0896       53378.166      37.651985      37.651985      37.651985      1.5562926      988.01744      11.121392     -328.39192    
    123000   123000         586.97425      85.036371      8135.5528      8069.5044      5282.2197      2787.2847      2121.9471      3472.5613     -4254.8526      0              777.46424      15174.749     -14504.584     -102.32068      53257.616      37.623619      37.623619      37.623619      1.5598153      247.17143     -551.87231      559.80999    
    124000   124000         588.70634      920.71751      8605.6337      7904.4871      5297.807       2606.6801      2086.3957      3319.0733     -4246.1238      0              750.00383      15214.14      -14516.809     -104.36109      52216.356      37.376806      37.376806      37.376806      1.59092        1419.8573      2073.0979     -730.80266    
    125000   125000         586.03773     -1367.8519      6827.726       7871.2927      5273.7919      2597.5007      2123.7697      3272.9968     -4234.2182      0              752.05447      15192.602     -14509.704     -104.16933      52312.475      37.399726      37.399726      37.399726      1.5879968     -2392.183       5.3200959     -1716.6927    
    126000   126000         592.83506      307.47136      8268.797       8031.4757      5334.9615      2696.5142      2142.9677      3386.5099     -4263.5925      0              719.43773      15222.473     -14511.282     -102.96488      52924.411      37.544992      37.544992      37.544992      1.5696357     -317.96271      342.68798      897.68882    
    127000   127000         575.82027      1357.073       8828.2327      7803.7589      5181.8443      2621.9146      2132.8991      3287.1085     -4256.5244      0              757.95474      15229.208     -14528.731     -105.27456      51763.272      37.268385      37.268385      37.268385      1.6048453      2924.1388      491.86285      655.21747    
    128000   128000         585.58906      1445.1844      9207.6685      8100.0728      5269.7544      2830.3184      2179.3999      3437.0401     -4254.1131      0              765.08585      15222.509     -14519.604     -103.69625      52551.136      37.456515      37.456515      37.456515      1.5807849      818.72393      2372.4131      1144.4162    
    129000   129000         581.04648     -359.40831      7716.6435      7996.3163      5228.8754      2767.4409      2150.0604      3409.0735     -4251.494       0              759.91077      15212.11      -14512.22      -102.13131      53356.367      37.646859      37.646859      37.646859      1.5569284      119.03346      327.13493     -1524.3933    
    130000   130000         578.53074      613.02851      8308.997       7832.2761      5206.2361      2626.04        2093.9435      3423.8115     -4290.5884      0              696.32397      15216.293     -14513.744     -102.19686      53322.145      37.638809      37.638809      37.638809      1.5579276      453.91871      1406.7293     -21.562519    
    131000   131000         591.77614      810.4607       8589.291       7971.2354      5325.4323      2645.8031      2086.5885      3402.9247     -4307.7564      0              777.72706      15192.631     -14506.312     -104.21385      52290.131      37.394401      37.394401      37.394401      1.5886754      1364.7171      280.3397       786.32528    
    132000   132000         603.11308     -1851.8303      6711.4903      8124.9907      5427.4541      2697.5366      2174.943       3402.7917     -4290.412       0              719.26466      15194.382     -14503.433     -104.11811      52338.211      37.405858      37.405858      37.405858      1.587216      -2877.5089     -1807.7061     -870.27569    
    133000   133000         583.68336      104.75795      7934.9242      7855.218       5252.6048      2602.6132      2138.6633      3342.339      -4273.6641      0              717.77828      15194.707     -14517.211     -104.45173      52171.042      37.365991      37.365991      37.365991      1.5923018      644.01275      1598.0555     -1927.7944    
    134000   134000         588.01132      3.1464633      7956.8602      7954.5127      5291.5524      2662.9603      2115.6266      3506.7392     -4287.9931      0              625.84919      15237.588     -14534.849     -106.52063      51157.75       37.122494      37.122494      37.122494      1.6238408      438.06566     -801.4971       372.87083    
    135000   135000         592.80088      506.57324      8344.419       7969.395       5334.6539      2634.7411      2094.0065      3418.0931     -4286.2424      0              751.71067      15184.868     -14527.694     -107.35055      50762.25       37.026582      37.026582      37.026582      1.6364925     -424.64953      1384.6523      559.71696    
    136000   136000         568.61002      494.77823      8196.6544      7831.0224      5116.9589      2714.0635      2140.4657      3398.0859     -4268.2469      0              761.70568      15215.327     -14533.274     -107.54431      50670.794      37.004332      37.004332      37.004332      1.6394462     -876.86883      1372.0171      989.18644    
    137000   137000         594.20404     -785.40699      7500.6014      8083.058       5347.2811      2735.7769      2170.5135      3457.9111     -4282.5708      0              731.47474      15184.568     -14526.119     -107.16482      50850.231      37.047961      37.047961      37.047961      1.6336611     -810.05441     -2848.2466      1302.08      
    138000   138000         597.06547      1609.4364      9229.0077      8008.0442      5373.0313      2635.013       2068.5859      3427.8822     -4281.4521      0              715.25149      15225.667     -14520.921     -104.75921      52017.916      37.329398      37.329398      37.329398      1.5969891      1895.9985      1617.9779      1314.3328    
    139000   139000         594.15125      212.03151      8044.1327      7884.7432      5346.8061      2537.9371      2106.4671      3323.8656     -4274.4291      0              710.90212      15198.217     -14527.086     -105.72114      51544.614      37.215835      37.215835      37.215835      1.6116532      1.3662057     -823.72026      1458.4486    
    140000   140000         565.7731      -677.1531       7348.6899      7868.1657      5091.4292      2776.7365      2135.2895      3481.0308     -4265.9512      0              726.50214      15215.238     -14515.372     -103.5959       52602.038      37.468605      37.468605      37.468605      1.5792552     -1099.7934      382.7832      -1314.4491    
    141000   141000         580.72089     -753.24777      7381.4421      7975.8205      5225.9453      2749.8752      2107.3926      3466.0751     -4266.114       0              744.47131      15208.087     -14510.037     -100.71539      54106.482      37.82246       37.82246       37.82246       1.5353436      324.05926     -608.46103     -1975.3415    
    142000   142000         607.50913     -7.3244479      8299.4131      8305.1252      5467.0144      2838.1107      2154.3686      3485.9068     -4245.6577      0              757.29904      15208.279     -14522.085     -101.90615      53474.256      37.674565      37.674565      37.674565      1.553496       216.38193     -146.24453     -92.110739    
    143000   143000         570.17466      1912.0834      9452.8505      7957.79        5131.0391      2826.7509      2135.2439      3432.5257     -4237.8977      0              779.03336      15230.368     -14512.523     -101.64104      53613.732      37.707292      37.707292      37.707292      1.5494546     -266.44514      3050.6457      2952.0497    
    144000   144000         590.2782       1962.6924      9512.6187      7996.9128      5311.9522      2684.9606      2015.2147      3362.9398     -4234.4883      0              854.30761      15198.953     -14511.967     -102.91018      52952.54       37.551642      37.551642      37.551642      1.5688018      2500.6959      1460.6972      1926.6842    
    145000   145000         565.80264     -1584.0026      6515.4834      7744.5979      5091.6951      2652.9028      2065.8538      3421.8382     -4239.8093      0              685.20802      15231.397     -14511.585     -102.41995      53205.995      37.61146       37.61146       37.61146       1.5613286     -1242.9224     -2310.8783     -1198.207     
    146000   146000         577.57791      2541.9979      9948.6218      7988.9215      5197.6615      2791.26        2042.609       3506.937      -4246.4122      0              783.35254      15224.726     -14519.952     -103.08764      52861.389      37.530083      37.530083      37.530083      1.571507       4086.9917      2174.1533      1364.8487    
    147000   147000         585.62811      1555.2123      9089.3061      7905.7155      5270.1058      2635.6097      2089.7787      3358.9601     -4265.1311      0              734.54523      15242.126     -14524.669     -104.42614      52183.828      37.369043      37.369043      37.369043      1.5919116      1631.5723      2310.0847      723.97984    
    148000   148000         587.15231      354.97594      8265.0358      7986.5955      5283.8221      2702.7734      2103.5071      3433.3521     -4255.4499      0              740.54804      15172.874     -14492.058     -101.3183       53784.514      37.747287      37.747287      37.747287      1.5445346      2306.9054     -758.66198     -483.31563    
    149000   149000         581.59377     -414.8881       7664.7293      7985.9988      5233.8005      2752.1983      2149.9555      3505.5111     -4284.2094      0              665.3395       15228.522     -14512.92      -102.63194      53096.099      37.585547      37.585547      37.585547      1.5645602     -3671.4365      1253.5053      1173.2669    
    150000   150000         581.8302      -937.85142      7025.2473      7747.9203      5235.9281      2511.9922      2117.1954      3281.2475     -4275.3765      0              695.67326      15201.234     -14507.981     -103.1367       52836.243      37.524131      37.524131      37.524131      1.5722549     -2361.3181     -1493.9088      1041.6726    
    151000   151000         591.9344       997.71001      8800.2068      8051.5956      5326.8564      2724.7392      2120.3999      3461.4372     -4267.4535      0              722.77914      15211.839     -14524.263     -105.91782      51448.903      37.192786      37.192786      37.192786      1.6146514      2183.3225      688.00339      121.80417    
    152000   152000         586.06099     -1193.3363      6931.4749      7836.1652      5274.0013      2562.1639      2029.4243      3391.7552     -4251.2341      0              693.8604       15224.716     -14526.358     -104.8296       51982.985      37.32104       37.32104       37.32104       1.5980622     -2041.3191     -1062.1644     -476.52542    
    153000   153000         585.52787     -33.432408      7884.164       7909.1885      5269.2037      2639.9848      2110.0235      3408.9594     -4258.2089      0              698.65793      15213.258     -14532.705     -106.17523      51324.169      37.162704      37.162704      37.162704      1.6185755     -178.01979      2357.1232     -2279.4007    
    154000   154000         596.96221     -487.21247      7656.1822      8024.3226      5372.1021      2652.2206      2142.5867      3410.1527     -4248.7025      0              657.01529      15212.467     -14521.298     -105.17825      51810.672      37.279757      37.279757      37.279757      1.6033771     -2543.2902     -244.44434      1326.0972    
    155000   155000         573.71283      1678.1068      9097.6336      7834.8936      5162.8794      2672.0142      2101.1952      3391.5294     -4246.3082      0              750.32877      15189.096     -14513.827     -105.61527      51596.286      37.228267      37.228267      37.228267      1.6100392      1098.1356      1140.2287      2795.9562    
    156000   156000         596.98202     -763.4996       7473.1095      8044.8276      5372.2803      2672.5473      2164.8287      3363.681      -4245.7802      0              691.24163      15232.226     -14533.65      -106.13238      51344.894      37.167706      37.167706      37.167706      1.6179222      609.39799     -1348.301      -1551.5958    
    157000   157000         585.21301     -1020.785       7163.3561      7916.0435      5266.3703      2649.6733      2157.2029      3402.7865     -4246.7068      0              615.28218      15264.76      -14543.652     -107.78062      50559.698      36.977268      36.977268      36.977268      1.6430486      267.94137     -2145.9704     -1184.326     
    158000   158000         574.60503     -1019.8402      7098.9538      7862.8258      5170.9083      2691.9175      2119.1456      3413.4774     -4234.7553      0              698.73091      15225.678     -14530.359     -106.10419      51358.532      37.170996      37.170996      37.170996      1.6174925     -2760.5927      62.531247     -361.45904    
    159000   159000         609.10461      28.052494      8154.6088      8134.0191      5481.3723      2652.6468      2151.4917      3423.4438     -4272.4482      0              654.47156      15250.175     -14554.487     -108.2783       50327.312      36.920529      36.920529      36.920529      1.6506354      1234.3914     -1038.417      -111.81693    
    160000   160000         581.60937     -608.80103      7321.8461      7769.3656      5233.9408      2535.4248      2130.9074      3345.3752     -4276.1014      0              656.52782      15211.091     -14532.375     -108.11461      50403.508      36.939152      36.939152      36.939152      1.6481401     -2222.4921     -1061.9596      1458.0486    
    161000   161000         586.84233      1107.9804      8794.2767      7985.6081      5281.0326      2704.5755      2124.6024      3407.489      -4280.3203      0              777.66264      15221.941     -14546.799     -108.88863      50045.222      36.851418      36.851418      36.851418      1.6599395      1355.6917     -727.27082      2695.5204    
    162000   162000         588.72537      962.57058      8584.068       7882.5381      5297.9782      2584.56        2082.1685      3356.3093     -4268.5208      0              728.95436      15231.113     -14545.464     -109.04543      49973.26       36.833747      36.833747      36.833747      1.6623299      22.757973      1655.5426      1209.4112    
    163000   163000         602.95912     -688.09347      7549.5767      8057.2548      5426.0686      2631.1862      2176.2518      3374.7115     -4249.1297      0              648.53638      15222.932     -14542.115     -107.71597      50590.044      36.984665      36.984665      36.984665      1.6420631     -1250.266       256.79915     -1070.8135    
    164000   164000         586.41833     -1683.2969      6722.1186      7980.1833      5277.217       2702.9663      2261.5162      3379.0906     -4269.2226      0              648.27808      15214.034     -14530.73      -106.33562      51246.755      37.14401       37.14401       37.14401       1.6210206     -2172.0264     -1787.8253     -1090.0391    
    165000   165000         579.04519      33.832326      7922.9679      7897.6911      5210.8656      2686.8255      2151.1514      3464.0278     -4253.5884      0              642.69276      15207.656     -14525.114     -106.37273      51228.876      37.13969       37.13969       37.13969       1.6215863     -958.25785     -21.998196      1081.753     
    166000   166000         573.00939     -228.97084      7645.6382      7815.3277      5156.549       2658.7787      2132.7649      3441.7146     -4275.4438      0              670.33287      15226.294     -14536.884     -107.23736      50815.833      37.039605      37.039605      37.039605      1.6347669     -554.06087     -418.263        285.41136    
    167000   167000         572.38882     -688.85119      7263.9709      7773.5512      5150.9645      2622.5867      2111.0806      3396.152      -4280.0019      0              715.95195      15211.605     -14532.201     -107.43202      50723.754      37.01722       37.01722       37.01722       1.6377345     -873.96745     -151.33706     -1041.2491    
    168000   168000         593.26386      1709.7756      9074.4593      7801.0257      5338.8204      2462.2053      2062.1764      3300.7178     -4277.8556      0              710.03437      15202.359     -14535.227     -106.70478      51069.462      37.101126      37.101126      37.101126      1.6266481      2484.1854      1301.64        1343.5015    
    169000   169000         593.00579      399.54389      8256.0488      7955.6568      5336.498       2619.1588      2142.4134      3414.5911     -4297.8182      0              681.69632      15208.668     -14530.391     -105.70538      51552.303      37.217685      37.217685      37.217685      1.6114128     -631.33948     -84.708213      1914.6794    
    170000   170000         575.52766      489.56371      8233.0018      7866.7499      5179.2112      2687.5387      2201.7584      3401.4004     -4272.7394      0              680.56516      15219.154     -14542.6       -106.23077      51297.339      37.156227      37.156227      37.156227      1.6194221      1020.4943     -1018.9596      1467.1564    
    171000   171000         582.76353     -905.13477      7108.2462      7802.3973      5244.3272      2558.0701      2059.2935      3359.9873     -4281.7485      0              760.94144      15168.948     -14509.352     -103.62875      52585.362      37.464645      37.464645      37.464645      1.579756       582.14049     -618.86021     -2678.6846    
    172000   172000         578.08518     -779.10572      7295.8492      7912.4623      5202.2264      2710.2359      2101.678       3470.6823     -4270.3419      0              724.12576      15177.028     -14492.937     -100.4164       54267.584      37.859961      37.859961      37.859961      1.5307857     -1883.08       -74.067962     -380.1692     
    173000   173000         583.69392     -1684.7008      6764.4221      8066.9691      5252.6999      2814.2692      2192.1534      3467.1762     -4261.1901      0              714.67378      15212.179     -14510.723     -102.7899       53014.506      37.566284      37.566284      37.566284      1.5669682     -1586.7723     -3204.6639     -262.66619    
    174000   174000         593.72228      1216.217       8906.9206      7971.709       5342.9458      2628.7632      2051.7918      3438.2738     -4290.1975      0              727.80158      15222.619     -14521.525     -103.35279      52725.771      37.49796       37.49796       37.49796       1.5755491      2124.647      -132.78723      1656.7912    
    175000   175000         577.61918     -526.70609      7438.4647      7848.5651      5198.0329      2650.5323      2094.4012      3389.456      -4262.9979      0              754.06312      15181.397     -14505.787     -102.07023      53388.296      37.654367      37.654367      37.654367      1.5559973     -1824.8923      34.004806      210.76918    
    176000   176000         591.58698      228.32655      8024.8281      7846.3855      5323.73        2522.6554      2022.4477      3375.9075     -4281.408       0              711.72242      15190.005     -14496.02      -101.69014      53587.849      37.701223      37.701223      37.701223      1.550203      -748.48648      1056.6989      376.7672     
    177000   177000         600.55061     -508.51273      7589.6789      7982.2906      5404.3943      2577.8963      2062.2578      3462.9408     -4290.788       0              645.8121       15215.147     -14517.474     -102.93418      52940.194      37.548723      37.548723      37.548723      1.5691677     -2199.4995     -237.31034      911.27159    
    178000   178000         569.87621      501.08102      8168.9072      7780.4179      5128.3533      2652.0646      2083.524       3392.1132     -4268.0978      0              752.8123       15200.704     -14508.991     -102.50615      53161.255      37.600915      37.600915      37.600915      1.5626426      1411.5529     -1127.8741      1219.5643    
    179000   179000         602.94563      85.729025      8107.1187      8041.1129      5425.9473      2615.1656      2047.3821      3430.2068     -4281.4058      0              732.70138      15196.329     -14510.048     -103.22066      52793.266      37.513954      37.513954      37.513954      1.5735348      34.717137      464.50586     -242.03593    
    180000   180000         600.65226      12.793556      7961.5408      7951.7329      5405.3091      2546.4238      2073.0329      3400.657      -4288.6765      0              669.28682      15205.164     -14513.04      -103.66599      52566.475      37.460159      37.460159      37.460159      1.5803236      699.63269     -36.27731      -624.97472    
    181000   181000         580.5166      -1023.2627      7086.0034      7868.6785      5224.1069      2644.5716      2148.0366      3419.2301     -4266.4644      0              651.70278      15215.243     -14523.177     -103.90266      52446.74       37.431696      37.431696      37.431696      1.5839315     -1799.4226     -1227.8414     -42.524031    
    182000   182000         581.31746      123.19136      7796.2865      7701.3896      5231.3139      2470.0757      2090.3983      3395.1909     -4312.0927      0              617.89307      15188.464     -14509.778     -103.16906      52819.669      37.520207      37.520207      37.520207      1.5727483      855.46473     -483.16868     -2.7219613    
    183000   183000         581.43187      74.440047      7929.81        7873.0971      5232.3435      2640.7536      2086.8675      3428.4894     -4280.7558      0              730.29109      15180.56      -14504.699     -104.31483      52239.51       37.38233       37.38233       37.38233       1.5902148      126.70949      1195.1302     -1098.5196    
    184000   184000         573.78528     -242.81701      7648.8698      7834.6786      5163.5313      2671.1472      2188.0526      3400.2009     -4305.6769      0              710.94461      15189.712     -14512.086     -103.85654      52470.029      37.437235      37.437235      37.437235      1.5832285      50.002051      102.91193     -881.36501    
    185000   185000         571.43365     -641.88409      7335.4462      7816.1765      5142.3689      2673.8076      2098.7765      3450.345      -4270.874       0              714.47312      15210.316     -14529.229     -106.11484      51353.379      37.169753      37.169753      37.169753      1.6176549     -1122.9832     -783.63428     -19.034762    
    186000   186000         565.26384     -787.51956      6922.8465      7500.0839      5086.8464      2413.2375      2064.7242      3311.576      -4284.6467      0              657.23787      15204.145     -14539.799     -108.42463      50259.39       36.903912      36.903912      36.903912      1.6528661     -169.83756     -2565.7857      373.06454    
    187000   187000         592.16334     -51.48299       7860.8803      7899.4129      5328.9167      2570.4962      2143.8235      3373.3553     -4291.5384      0              640.3284       15230.212     -14525.684     -106.18334      51320.251      37.161758      37.161758      37.161758      1.6186991      605.79353     -2863.756       2103.5135    
    188000   188000         573.22049      1600.1287      8908.4812      7722.0723      5158.4488      2563.6235      2007.9138      3430.6435     -4280.6761      0              744.58593      15194.869     -14533.713     -107.18686      50839.772      37.045421      37.045421      37.045421      1.6339972      1374.9965     -22.966376      3448.3561    
    189000   189000         590.97001      1373.2303      9001.0903      7960.8629      5318.1779      2642.685       2169.3001      3320.414      -4291.7879      0              756.33571      15208.46      -14520.037     -104.91464      51940.848      37.310953      37.310953      37.310953      1.5993586      2794.2448     -452.23063      1777.6766    
    190000   190000         567.72407     -908.74826      6944.1693      7650.3333      5108.9861      2541.3472      2125.0659      3315.0525     -4278.1072      0              690.29284      15190.846     -14501.803     -102.27254      53282.686      37.629522      37.629522      37.629522      1.5590814      303.66535     -1329.3489     -1700.5612    
    191000   191000         587.76087      27.120753      7777.6205      7757.1879      5289.2986      2467.8894      2038.6651      3414.11       -4297.6175      0              660.4819       15173.363     -14521.113     -105.48702      51659.015      37.243347      37.243347      37.243347      1.6080842     -1308.5018      379.65611      1010.2079    
    192000   192000         583.7749       604.89378      8374.6703      7926.1421      5253.4286      2672.7135      2175.3755      3367.9784     -4275.3551      0              742.31743      15187.495     -14525.097     -107.17918      50843.415      37.046305      37.046305      37.046305      1.6338801      77.026769      1092.6095      645.04509    
    193000   193000         577.23612     -320.84862      7444.5719      7689.1689      5194.5856      2494.5832      2139.9845      3323.938      -4304.3953      0              661.62162      15184.189     -14510.755     -104.24856      52272.716      37.390249      37.390249      37.390249      1.5892046      265.10532      554.24788     -1781.899     
    194000   194000         583.00093      1305.4832      8879.7454      7907.3224      5246.4635      2660.8588      2169.8249      3330.4433     -4285.2074      0              773.18798      15195.054     -14522.444     -106.69328      51074.965      37.102459      37.102459      37.102459      1.6264728      553.58301      1666.7653      1696.1013    
    195000   195000         562.41032      736.05812      8186.398       7646.0997      5061.1674      2584.9323      2085.987       3410.9794     -4260.2745      0              651.775        15230.027     -14533.561     -108.26785      50332.168      36.921716      36.921716      36.921716      1.6504761      1539.6499      515.34387      153.18062    
    196000   196000         589.78236      983.62262      8437.4879      7708.6817      5307.4901      2401.1917      1972.0834      3395.4267     -4306.0655      0              669.10224      15202.088     -14531.443     -107.25993      50805.139      37.037007      37.037007      37.037007      1.635111      -103.05736      1330.6681      1723.2571    
    197000   197000         582.04872     -483.92336      7429.8485      7785.8325      5237.8945      2547.9379      2162.1235      3346.234      -4299.5057      0              673.98265      15193.493     -14528.389     -108.03566      50440.342      36.948148      36.948148      36.948148      1.6469365     -308.51975     -310.70711     -832.54322    
    198000   198000         568.29759      2734.0089      9573.2105      7553.2019      5114.1473      2439.0547      1979.5454      3356.6502     -4284.98        0              711.91676      15213.919     -14537.997     -107.5642       50661.427      37.002052      37.002052      37.002052      1.6397494      4285.9153      1381.4417      2534.6695    
    199000   199000         574.69308     -191.71671      7657.8214      7798.3531      5171.7007      2626.6524      2125.2369      3386.4296     -4260.8449      0              696.47708      15221.75      -14542.396     -108.41934      50261.84       36.904511      36.904511      36.904511      1.6527856      589.39248     -210.41648     -954.12612    
    200000   200000         575.77437     -902.90022      7079.6935      7750.1019      5181.4313      2568.6706      2095.5324      3440.9216     -4316.2473      0              670.91832      15190.349     -14512.803     -107.0339       50912.425      37.063059      37.063059      37.063059      1.6316654      1233.736      -527.48509     -3414.9516    
    201000   201000         597.99788      763.28945      8624.6726      8052.4327      5381.4221      2671.0105      2159.301       3393.8314     -4297.8861      0              730.72342      15205.841     -14520.8       -106.00642      51405.901      37.182421      37.182421      37.182421      1.6160021      1505.9696      1297.857      -513.95823    
    202000   202000         577.30212     -137.75715      7647.3136      7748.2766      5195.1796      2553.097       2194.4562      3403.1083     -4317.6394      0              588.73293      15222.622     -14538.182     -108.43589      50254.171      36.902635      36.902635      36.902635      1.6530378      592.91808      463.91927     -1470.1088    
    203000   203000         570.56145     -58.311939      7622.9289      7665.8591      5134.5199      2531.3392      2051.5228      3410.8927     -4283.9826      0              680.13228      15206.388     -14533.614     -107.94831      50481.157      36.958111      36.958111      36.958111      1.645605       1063.2645     -516.39774     -721.80259    
    204000   204000         574.06855     -201.01714      7722.1755      7869.7952      5166.0805      2703.7147      2183.1207      3507.2959     -4286.1338      0              620.1864       15212.521     -14533.275     -108.22057      50354.157      36.927092      36.927092      36.927092      1.6497554      1512.1632     -696.68091     -1418.5337    
    205000   205000         589.72207     -46.46238       7825.5557      7859.4479      5306.9475      2552.5004      2141.1659      3448.9683     -4325.1694      0              618.70337      15197.197     -14528.365     -108.94896      50017.511      36.844615      36.844615      36.844615      1.6608592     -1823.9787      2266.1179     -581.52633    
    206000   206000         584.16231     -586.30952      7279.3633      7711.2589      5256.9149      2454.344       2024.9228      3414.169      -4315.185       0              640.00931      15211.328     -14520.9       -107.88703      50509.83       36.965107      36.965107      36.965107      1.6446708     -785.02706     -152.11952     -821.782      
    207000   207000         593.21105      1083.1587      8844.134       8041.6595      5338.3451      2703.3143      2165.1547      3493.1384     -4299.1469      0              692.87377      15184.187     -14532.893     -107.27089      50799.949      37.035746      37.035746      37.035746      1.6352781      819.97248      1979.9702      449.53351    
    208000   208000         589.852       -73.824861      7806.0653      7861.5649      5308.1168      2553.4481      2079.9115      3427.6164     -4288.9978      0              681.04561      15167.594     -14513.721     -105.71436      51547.924      37.216631      37.216631      37.216631      1.6115497      861.27342      418.78368     -1501.5317    
    209000   209000         578.34432      490.53946      8267.9094      7898.49        5204.5585      2693.9315      2185.7625      3416.9984     -4287.1707      0              709.08806      15194.857     -14525.603     -105.52985      51638.05       37.238308      37.238308      37.238308      1.608737      -736.56053      1238.9956      969.18336    
    210000   210000         569.79127     -1028.0976      6956.565       7714.5663      5127.589       2586.9774      2097.9418      3445.7759     -4274.6502      0              645.02788      15210.927     -14538.045     -107.79172      50554.49       36.975999      36.975999      36.975999      1.6432179     -1167.3456     -1669.3493     -247.59799    
    211000   211000         597.7775       418.56383      8350.5196      8033.631       5379.4389      2654.1921      2077.2456      3477.5476     -4283.5487      0              683.63146      15227.315     -14527.999     -104.97265      51912.145      37.304079      37.304079      37.304079      1.6002429     -586.90035      1187.9964      654.59544    
    212000   212000         582.96797     -786.84203      7279.6123      7885.206       5246.167       2639.039       2152.4514      3405.4038     -4274.0737      0              675.43812      15192.245     -14512.425     -103.25885      52773.742      37.509329      37.509329      37.509329      1.574117      -1672.9114     -627.67497     -59.939742    
    213000   213000         570.83284      123.51311      7831.6736      7739.4907      5136.9622      2602.5285      2159.3705      3378.7191     -4291.3527      0              674.50441      15210.934     -14529.647     -106.48386      51175.415      37.126766      37.126766      37.126766      1.6232803      629.82947     -1674.0447      1414.7545    
    214000   214000         579.07584      1028.6218      8523.9389      7764.1905      5211.1414      2553.0491      2106.8435      3417.7509     -4282.9446      0              665.6533       15193.38      -14547.634     -107.59868      50645.19       36.998098      36.998098      36.998098      1.6402751      1064.4656     -1571.2728      3592.6726    
    215000   215000         573.79135     -690.37203      7254.0401      7766.3031      5163.586       2602.7171      2159.2406      3420.2863     -4272.0517      0              613.90595      15214.982     -14533.646     -107.10536      50878.459      37.054815      37.054815      37.054815      1.6327547     -3110.8344     -185.46442      1225.1827    
    216000   216000         567.90059     -1339.1039      6793.3056      7790.2013      5110.5746      2679.6267      2191.7398      3468.6636     -4289.4838      0              628.90452      15206.305     -14526.502     -106.75434      51045.75       37.095383      37.095383      37.095383      1.6274037     -3102.8855     -1451.1654      536.73936    
    217000   217000         589.81269      37.787658      7785.9038      7758.153       5307.763       2450.3899      2092.1733      3335.1802     -4291.5972      0              648.60417      15200.372     -14534.342     -108.21668      50355.97       36.927535      36.927535      36.927535      1.649696      -1564.5478      157.92633      1519.9844    
    218000   218000         572.97075     -986.26412      6935.7619      7664.9691      5156.2014      2508.7677      2158.6133      3350.3852     -4283.6128      0              625.45229      15186.962     -14529.033     -107.48883      50696.946      37.010697      37.010697      37.010697      1.6386005     -2456.5026     -263.77587     -238.51387    
    219000   219000         575.17772      763.391        8345.0052      7782.3232      5176.062       2606.2612      2097.6833      3472.7448     -4307.6076      0              679.48022      15189.262     -14525.301     -107.82143      50540.563      36.972603      36.972603      36.972603      1.6436707      2387.2609      397.95054     -495.0384     
    220000   220000         577.31686     -2735.2493      5651.8198      7665.9767      5195.3123      2470.6645      2203.3088      3335.377      -4296.4949      0              551.95111      15212.853     -14536.331     -107.92565      50491.758      36.960698      36.960698      36.960698      1.6452595     -2378.5677     -4131.3049     -1695.8752    
    221000   221000         565.03838      811.691        8161.0349      7566.1009      5084.8174      2481.2835      2130.2362      3357.7507     -4291.5953      0              600.60276      15216.64      -14532.351     -108.42839      50257.647      36.903485      36.903485      36.903485      1.6529234      1463.6644      671.71475      299.69386    
    222000   222000         586.34481     -903.36901      7160.3089      7834.8289      5276.5554      2558.2735      2139.3728      3306.3434     -4274.6187      0              721.88607      15189.876     -14524.586     -106.43669      51198.093      37.13225       37.13225       37.13225       1.6225613     -1624.7332     -108.82263     -976.55123    
    223000   223000         572.57166      563.35264      8085.8864      7677.8807      5152.6099      2525.2708      2031.1297      3409.0335     -4267.8511      0              706.23767      15178.998     -14532.277     -109.73246      49660.382      36.756714      36.756714      36.756714      1.6728032     -584.26237      1323.8665      950.45384    
    224000   224000         579.64597     -724.44549      7131.624       7673.4595      5216.2721      2457.1874      2038.6114      3416.142      -4318.794       0              644.94828      15174.302     -14498.022     -106.25743      51284.468      37.15312       37.15312       37.15312       1.6198285     -400.36237     -1595.8034     -177.1707     
    225000   225000         587.61793      527.87103      8230.5035      7845.8933      5288.0123      2557.881       2151.2564      3390.268      -4278.2863      0              622.54918      15211.749     -14539.656     -109.07573      49959.379      36.830336      36.830336      36.830336      1.6627917     -591.71449      1059.9703      1115.3572    
    226000   226000         576.36361      1584.7348      8951.4996      7801.4616      5186.7339      2614.7278      2122.2665      3423.1892     -4293.2281      0              688.54584      15215.746     -14541.792     -109.51294      49759.923      36.781257      36.781257      36.781257      1.6694568      300.41008      2094.5042      2359.29      
    227000   227000         561.42372      616.34341      8091.854       7643.6651      5052.2889      2591.3762      2130.1821      3414.9287     -4275.3373      0              651.32676      15208.741     -14538.465     -109.29057      49861.168      36.806186      36.806186      36.806186      1.6660669      1061.6807      1249.858      -462.50855    
    228000   228000         581.12939     -748.01755      7259.0375      7800.6589      5229.6214      2571.0375      2116.7918      3359.3674     -4291.9901      0              725.68751      15201.906     -14540.725     -109.75821      49648.727      36.753839      36.753839      36.753839      1.6731958     -872.58912     -901.17995     -470.28359    
    229000   229000         570.98085      998.27698      8395.4704      7658.1766      5138.2941      2519.8825      2074.1957      3327.8853     -4280.316       0              741.96142      15177.476     -14521.32      -107.60478      50642.321      36.9974        36.9974        36.9974        1.640368       1850.81        1394.0733     -250.0524     
    230000   230000         568.04444     -618.85995      7387.1731      7844.9611      5111.8692      2733.092       2222.694       3471.76       -4297.3043      0              657.32973      15194.194     -14515.582     -107.4358       50721.971      37.016786      37.016786      37.016786      1.6377921     -763.8442      -3188.4745      2095.7388    
    231000   231000         582.80194      955.7499       8435.6219      7737.4301      5244.6728      2492.7573      2118.6728      3331.5158     -4281.5967      0              674.65869      15184.989     -14535.482     -108.7904       50090.407      36.862506      36.862506      36.862506      1.6584422      403.34287     -724.59258      3188.4994    
    232000   232000         570.15682      831.87855      8128.6512      7524.1708      5130.8786      2393.2922      2077.0907      3299.2093     -4296.4473      0              642.92054      15217.615     -14547.096     -109.37013      49824.9        36.79726       36.79726       36.79726       1.6672797     -1533.195       1991.449       2037.3816    
    233000   233000         571.31026     -1269.5771      6761.3248      7698.5649      5141.2584      2557.3065      2182.6447      3339.3959     -4284.5629      0              646.37207      15206.687     -14533.23      -107.65376      50619.277      36.991787      36.991787      36.991787      1.6411148      1085.7878     -2357.2757     -2537.2433    
    234000   234000         568.08204     -112.57804      7496.2728      7578.7032      5112.2075      2466.4957      2070.9079      3395.7769     -4307.7996      0              631.15999      15221.743     -14545.293     -108.53929      50206.295      36.890912      36.890912      36.890912      1.6546141     -19.39471       998.02261     -1316.362     
    235000   235000         588.00832     -1439.1997      6766.4951      7825.8219      5291.5254      2534.2965      2136.5381      3409.964      -4302.0025      0              624.99507      15198.005     -14533.203     -107.97224      50469.969      36.955381      36.955381      36.955381      1.6459698     -2694.1613     -1499.898      -123.5398     
    236000   236000         563.57201     -2614.7368      5812.8165      7724.9069      5071.6215      2653.2854      2147.2439      3477.5681     -4284.0402      0              661.23048      15197.488     -14546.205     -108.67774      50142.334      36.875239      36.875239      36.875239      1.6567247     -4445.9623     -2117.4923     -1280.7559    
    237000   237000         568.23165     -559.33061      7131.111       7542.4748      5113.5539      2428.9209      2115.1748      3285.433      -4291.4951      0              671.38748      15172.563     -14524.143     -108.05964      50429.148      36.945414      36.945414      36.945414      1.6473021      256.4407      -1842.1808     -92.251734    
    238000   238000         571.22794     -1123.3257      6860.7781      7686.0557      5140.5177      2545.538       2094.7858      3498.2716     -4326.1113      0              607.668        15207.298     -14536.374     -108.17495      50375.394      36.932283      36.932283      36.932283      1.6490599     -795.79937     -1622.3789     -951.79867    
    239000   239000         564.84098      123.67546      7669.9172      7578.7901      5083.041       2495.7491      2047.8429      3474.6011     -4320.6939      0              631.4309       15197.045     -14534.477     -107.85907      50522.923      36.968301      36.968301      36.968301      1.6442446     -1472.931       2064.9223     -220.96486    
    240000   240000         575.6772       1619.7664      8896.3628      7714.9024      5180.5569      2534.3455      2105.1905      3422.4641     -4304.267       0              649.81042      15208.487     -14547.34      -108.95679      50013.916      36.843733      36.843733      36.843733      1.6609786      1304.2645      667.0871       2887.9477    
    241000   241000         568.89191      697.8274       8043.5146      7529.971       5119.4956      2410.4754      2077.7919      3373.9995     -4318.9397      0              624.01116      15189.922     -14536.31      -107.99203      50460.721      36.953123      36.953123      36.953123      1.6462714      1761.6765      398.52973     -66.724073    
    242000   242000         578.34041      606.80922      8172.4421      7729.6651      5204.5232      2525.1419      2097.2662      3328.2286     -4277.0688      0              736.46598      15185.904     -14545.654     -108.91513      50033.046      36.848429      36.848429      36.848429      1.6603435     -55.649847      217.59454      1658.483     
    243000   243000         567.21013     -601.65314      7208.637       7642.7583      5104.3611      2538.3971      2134.6776      3413.0039     -4297.8788      0              604.74203      15235.59      -14551.738     -110.14282      49475.358      36.711009      36.711009      36.711009      1.679059       242.26497     -1556.709      -490.51542    
    244000   244000         577.92983      1299.9737      8672.2609      7729.5013      5200.8284      2528.6729      2062.6778      3444.1125     -4301.052       0              656.44929      15213.797     -14547.312     -109.58588      49726.803      36.773095      36.773095      36.773095      1.6705687      1620.6765     -416.34352      2695.588     
    245000   245000         565.5162      -768.75751      6978.5035      7553.302       5089.1173      2464.1847      2127.6932      3328.8487     -4297.0119      0              651.5137       15169.381     -14516.24      -106.29057      51268.477      37.149258      37.149258      37.149258      1.6203337     -1991.6534     -898.59061      583.97149    
    246000   246000         569.48604     -202.79523      7353.7967      7499.479       5124.8422      2374.6368      2049.0507      3340.8923     -4319.1798      0              627.58624      15237.681     -14561.394     -110.62977      49257.588      36.657067      36.657067      36.657067      1.6864822     -2556.5537      905.56462      1042.6034    
    247000   247000         581.73987     -570.57191      7340.5692      7759.2761      5235.1152      2524.1609      2154.0093      3409.8715     -4313.1276      0              612.15106      15193.746     -14532.489     -108.29821      50318.057      36.918265      36.918265      36.918265      1.650939       1001.1147     -493.141       -2219.6894    
    248000   248000         580.32173     -962.04889      6916.7735      7615.9066      5222.3533      2393.5534      2073.9995      3382.1849     -4315.0345      0              594.46565      15200.652     -14542.715     -109.35995      49829.536      36.798401      36.798401      36.798401      1.6671246     -3343.3622     -108.28689      565.5024     
    249000   249000         600.06651      1867.7478      9058.9294      7712.4909      5400.0378      2312.4531      1989.4423      3351.9993     -4323.6898      0              634.73854      15217.325     -14557.362     -110.24344      49430.204      36.699837      36.699837      36.699837      1.6805928     -389.71439      2324.1542      3668.8035    
    250000   250000         568.4749      -801.07209      6994.2847      7570.232       5115.7429      2454.4891      2186.1904      3380.2032     -4324.7783      0              563.04549      15195.971     -14546.143     -110.53757      49298.675      36.667256      36.667256      36.667256      1.6850766     -63.076991     -3062.9893      722.85002    
Loop time of 546.769 on 1 procs for 250000 steps with 3020 atoms

Performance: 39.505 ns/day, 0.608 hours/ns, 457.231 timesteps/s, 1.381 Matom-step/s
100.0% CPU use with 1 MPI tasks x 1 OpenMP threads

MPI task timing breakdown:
Section |  min time  |  avg time  |  max time  |%varavg| %total
---------------------------------------------------------------
Pair    | 129.94     | 129.94     | 129.94     |   0.0 | 23.77
Bond    | 35.45      | 35.45      | 35.45      |   0.0 |  6.48
Kspace  | 250.36     | 250.36     | 250.36     |   0.0 | 45.79
Neigh   | 16.364     | 16.364     | 16.364     |   0.0 |  2.99
Comm    | 3.7311     | 3.7311     | 3.7311     |   0.0 |  0.68
Output  | 1.5224     | 1.5224     | 1.5224     |   0.0 |  0.28
Modify  | 69.4       | 69.4       | 69.4       |   0.0 | 12.69
Other   |            | 40         |            |       |  7.31

Nlocal:           3020 ave        3020 max        3020 min
Histogram: 1 0 0 0 0 0 0 0 0 0
Nghost:          10084 ave       10084 max       10084 min
Histogram: 1 0 0 0 0 0 0 0 0 0
Neighs:              0 ave           0 max           0 min
Histogram: 1 0 0 0 0 0 0 0 0 0
FullNghs:  1.17691e+06 ave 1.17691e+06 max 1.17691e+06 min
Histogram: 1 0 0 0 0 0 0 0 0 0

Total # of neighbors = 1176908
Ave neighs/atom = 389.70464
Ave special neighs/atom = 11.86755
Neighbor list builds = 3725
Dangerous builds = 0

# --- Cleanup ---
unfix npt_fix

undump dump_npt

# --- Write Output ---
write_dump all custom cool_block_05_last.dump id type mol x y z xu yu zu vx vy vz modify sort id
write_data /home/arz2/PolyJarvis_v2/data/PTFE_AI/attempts/cooling/attempt-0001/work/cool_block_05/cool_block_05_out.data
System init for write_data ...
PPPM Kokkos initialization ...
  using 12-bit tables for long-range coulomb
  G vector (1/distance) = 0.33428247
  grid = 40 40 40
  stencil order = 5
  estimated absolute RMS force accuracy = 0.00026103107
  estimated relative force accuracy = 7.8608732e-07
  using double precision cuFFT
  3d grid and FFT values/proc = 103823 64000
Generated 3 of 3 mixed pair_coeff terms from geometric mixing rule
write_restart /home/arz2/PolyJarvis_v2/data/PTFE_AI/attempts/cooling/attempt-0001/work/cool_block_05/cool_block_05_out.restart
System init for write_restart ...
PPPM Kokkos initialization ...
  using 12-bit tables for long-range coulomb
  G vector (1/distance) = 0.33428247
  grid = 40 40 40
  stencil order = 5
  estimated absolute RMS force accuracy = 0.00026103107
  estimated relative force accuracy = 7.8608732e-07
  using double precision cuFFT
  3d grid and FFT values/proc = 103823 64000
Generated 3 of 3 mixed pair_coeff terms from geometric mixing rule

print "STAGE COMPLETE: NPT T=600.0->575.0K P=1.0->1.0atm steps=250000"
STAGE COMPLETE: NPT T=600.0->575.0K P=1.0->1.0atm steps=250000
quit
