units real
atom_style full
boundary p p p

# --- Force Field Styles ---
pair_style lj/class2/coul/long 9.5 9.5
kspace_style pppm 1e-6
dielectric 1.000000
bond_style class2
angle_style class2
dihedral_style class2
improper_style class2
special_bonds lj/coul 0 0 1
pair_modify mix sixthpower tail yes
neighbor 2.0 bin
neigh_modify delay 0 every 1 check yes
neigh_modify one 4000
# KOKKOS: package loaded via -pk kokkos on the command line

read_data /home/alexzhao/PolyJarvis/data/PEEK_3/attempts/cooling/attempt-0001/work/cool_block_02/cool_block_02_out.data
Reading data file ...
  orthogonal box = (3.6956874 3.6956874 3.6956874) to (47.042293 47.042293 47.042293)
  1 by 1 by 1 MPI processor grid
  reading atoms ...
  6140 atoms
  reading velocities ...
  6140 velocities
  scanning bonds ...
  3 = max bonds/atom
  scanning angles ...
  9 = max angles/atom
  scanning dihedrals ...
  18 = max dihedrals/atom
  scanning impropers ...
  4 = max impropers/atom
  orthogonal box = (3.6956874 3.6956874 3.6956874) to (47.042293 47.042293 47.042293)
  1 by 1 by 1 MPI processor grid
  reading bonds ...
  6670 bonds
  reading angles ...
  10620 angles
  reading dihedrals ...
  15820 dihedrals
  reading impropers ...
  3420 impropers
Finding 1-2 1-3 1-4 neighbors ...
  special bond factors lj:    0        0        1       
  special bond factors coul:  0        0        1       
     3 = max # of 1-2 neighbors
     6 = max # of 1-3 neighbors
     9 = max # of special neighbors
  special bonds CPU = 0.003 seconds
  read_data CPU = 0.186 seconds


# --- Thermo Output ---
thermo_style custom step time temp press enthalpy etotal ke pe ebond eangle edihed eimp evdwl ecoul elong etail vol lx ly lz density pxx pyy pzz
thermo_modify flush yes
thermo 1000

# --- Trajectory ---
dump dump_npt all custom 1000 cool_block_03.dump id type mol x y z ix iy iz vx vy vz


# --- Restart Checkpointing ---
restart 10000 npt_1.rst npt_2.rst

# --- Initial Velocities (optional) ---
# Velocities read from data file

# --- SHAKE Constraints ---
# SHAKE disabled

# --- NPT Thermostat + Barostat (Nose-Hoover) ---
# T_damp = 100.0 fs  (heat bath coupling)
# P_damp = 1000.0 fs  (pressure bath coupling, ~10x T_damp typical)
# Ramp: T=720.0->695.0K  P=1.0->1.0atm
timestep 1.0
fix npt_fix all npt temp 720.0 695.0 100.0 iso 1.0 1.0 1000.0

run 250000
PPPM Kokkos initialization ...
  using 12-bit tables for long-range coulomb
  G vector (1/distance) = 0.31335107
  grid = 36 36 36
  stencil order = 5
  estimated absolute RMS force accuracy = 0.00025355174
  estimated relative force accuracy = 7.6356352e-07
  using double precision cuFFT
  3d grid and FFT values/proc = 79507 46656
Generated 21 of 21 mixed pair_coeff terms from sixthpower/sixthpower mixing rule
Neighbor list info ...
  update: every = 1 steps, delay = 0 steps, check = yes
  max neighbors/atom: 4000, page size: 100000
  master list distance cutoff = 11.5
  ghost atom cutoff = 11.5
  binsize = 11.5, bins = 4 4 4
  1 neighbor lists, perpetual/occasional/extra = 1 0 0
  (1) pair lj/class2/coul/long/kk, perpetual
      attributes: full, newton off, kokkos_device
      pair build: full/bin/kk/device
      stencil: full/bin/3d
      bin: kk/device
Per MPI rank memory allocation (min/avg/max) = 29.9 | 29.9 | 29.9 Mbytes
   Step          Time           Temp          Press         Enthalpy        TotEng         KinEng         PotEng         E_bond        E_angle        E_dihed        E_impro         E_vdwl         E_coul         E_long         E_tail         Volume           Lx             Ly             Lz          Density          Pxx            Pyy            Pzz      
         0   0              715.40909      490.17473      35954.857      35372.63       13091.409      22281.221      5727.3287      5936.5604      6063.8776      731.34125      72.580025      11288.916     -7539.3832     -488.19539      81445.16       43.346606      43.346606      43.346606      1.0584691      2390.3365      162.23354     -1082.0458    
      1000   1000           711.34246      253.12978      35800.664      35498.185      13016.993      22481.192      5782.0244      5984.7178      6078.837       765.70422      136.49523      11271.038     -7537.6255     -485.26906      81936.301      43.433562      43.433562      43.433562      1.0521244      1172.9425     -755.35806      341.80488    
      2000   2000           715.76142      1086.0239      36672.388      35377.903      13097.856      22280.046      5612.38        6004.6102      6027.8192      738.10964      155.07787      11276.904     -7534.8542     -486.49335      81730.104      43.397098      43.397098      43.397098      1.0547788      1021.8489      452.9167       1783.3061    
      3000   3000           721.45224     -1263.158       34223.862      35714.465      13201.994      22512.472      5792.888       6174.0571      6088.2464      718.75486      7.0676096      11267.389     -7535.9307     -491.39479      80914.883      43.252326      43.252326      43.252326      1.0654058     -97.632158     -4283.7492      591.90741    
      4000   4000           708.39778      709.39445      35934.625      35093.378      12963.108      22130.27       5656.3647      5943.4785      5945.3713      705.87205      152.55046      11270.71      -7544.0771     -488.98898      81312.982      43.323144      43.323144      43.323144      1.0601897      397.08909     -191.53711      1922.6314    
      5000   5000           722.73823     -366.03576      35052.653      35486.152      13225.526      22260.626      5783.6784      5830.2432      6223.2887      732.44158     -66.696792      11291.712     -7534.0404     -489.63156      81206.269      43.304183      43.304183      43.304183      1.0615829     -722.20256     -858.50459      482.59986    
      6000   6000           722.31244      1138.1798      36885.406      35536.365      13217.735      22318.63       5765.9428      5970.5934      5875.3521      721.05181      224.75247      11295.733     -7534.795      -489.23846      81271.518      43.315778      43.315778      43.315778      1.0607306      566.77253     -461.54008      3309.3071    
      7000   7000           710.56009     -1423.1213      33559.712      35241.795      13002.676      22239.119      5620.453       6044.8276      6038.281       750.59296      43.950827      11276.367     -7535.3537     -490.60201      81045.637      43.275611      43.275611      43.275611      1.0636869      341.85032     -941.95515     -3669.259     
      8000   8000           736.12629     -1160.2007      34380.459      35748.355      13470.517      22277.838      5603.4414      5904.1462      6230.0707      750.45569      47.984705      11278.931     -7537.1916     -491.82988      80843.303      43.239568      43.239568      43.239568      1.0663491     -2468.004      -304.1845      -708.41368    
      9000   9000           721.24979      179.55891      35596.31       35381.021      13198.289      22182.732      5535.9935      5991.8642      6130.7586      730.10034      20.916079      11309.794     -7536.6945     -483.63824      82212.589      43.482327      43.482327      43.482327      1.0485886     -2176.2456     -203.00046      2917.9227    
     10000   10000          712.7808      -391.26648      34727.045      35187.715      13043.313      22144.402      5634.4931      5995.1472      6026.3708      710.10578      33.47946       11285.679     -7540.8735     -492.51256      80731.245      43.219581      43.219581      43.219581      1.0678292     -218.38611     -973.1239       17.710563    
     11000   11000          708.28256     -1034.5696      34120.699      35348.97       12960.999      22387.971      5653.5856      5992.4374      6161.2144      748.43841      91.057411      11285.305     -7544.0671     -488.42766      81406.43       43.339734      43.339734      43.339734      1.0589726     -1724.4403     -433.75051     -945.51806    
     12000   12000          706.62535     -1080.1376      34033.133      35305.452      12930.674      22374.779      5670.2684      5974.2512      6205.7979      740.45927      81.135164      11248.061     -7545.1942     -492.2864       80768.333      43.226198      43.226198      43.226198      1.0673389      902.58925     -745.50968     -3397.4924    
     13000   13000          720.22301      2201.6392      38070.632      35430.65       13179.5        22251.151      5717.6729      5992.4692      5972.1046      731.03498      108.54031      11279.496     -7550.1679     -483.59306      82220.271      43.483681      43.483681      43.483681      1.0484906      1457.0505      1308.6292      3839.238     
     14000   14000          725.46224      1618.1788      37558.9        35640.33       13275.373      22364.956      5718.9187      5942.9156      6158.8728      728.85662      73.899681      11285.049     -7543.5566     -489.08415      81297.159      43.320333      43.320333      43.320333      1.060396       2452.9452      1985.7664      415.82493    
     15000   15000          717.69584     -631.02486      34571.696      35311.822      13133.255      22178.568      5578.9036      5980.4601      6144.7375      722.39915      0.34129692     11282.33      -7530.6037     -494.39671      80423.577      43.164607      43.164607      43.164607      1.0719143     -29.387806      515.2783      -2378.9651    
     16000   16000          745.74654      864.45348      37115.189      36087.953      13646.56       22441.393      5783.1194      6045.7183      6049.8772      733.42905      92.42374       11274.267     -7537.4419     -487.98463      81480.337      43.352845      43.352845      43.352845      1.0580121      994.92072     -54.008437      1652.4482    
     17000   17000          724.55232      535.1294       35901.74       35267.077      13258.723      22008.354      5409.2204      6107.6742      5942.5709      710.78935      108.36413      11271.353     -7541.6183     -488.93422      81322.089      43.324761      43.324761      43.324761      1.0600709     -835.88638      1220.4096      1220.8649    
     18000   18000          715.25246     -1301.5093      33758.703      35309.626      13088.543      22221.083      5563.486       6071.7998      5975.4142      725.79578      137.31762      11281.372     -7534.1026     -486.62235      81708.437      43.393262      43.393262      43.393262      1.0550585      844.54395     -3538.3321     -1210.7396    
     19000   19000          719.45204     -1844.5191      33152.049      35329.506      13165.392      22164.115      5566.3152      5973.2093      6209.1864      700.63936     -1.4314138      11259.967     -7543.771      -491.21136      80945.098      43.257709      43.257709      43.257709      1.0650081     -1529.3367     -1664.515      -2339.7054    
     20000   20000          698.73855      852.79824      36072.778      35062.074      12786.352      22275.722      5692.6652      5931.9838      6035.4623      728.00457      132.10843      11292.319     -7536.8206     -489.27946      81264.707      43.314568      43.314568      43.314568      1.0608195     -973.7082       1263.4685      2268.6345    
     21000   21000          719.8253      -366.02389      34980.684      35419.118      13172.222      22246.896      5561.1236      6090.1573      6089.8083      726.71253      32.41355       11287.524     -7540.8439     -484.10592      82133.166      43.46832       43.46832       43.46832       1.0496026      952.77198     -2040.0679     -10.77579     
     22000   22000          723.87401      121.91817      35587.864      35442.939      13246.31       22196.629      5641.0659      5937.6708      6094.1541      717.76307      49.005825      11293.573     -7536.604      -487.82292      81507.347      43.357635      43.357635      43.357635      1.0576615      363.7214       210.94401     -208.91091    
     23000   23000          710.99521     -209.77894      34981.868      35230.536      13010.638      22219.897      5721.7997      5923.9811      6056.4325      731.75257      50.336934      11275.24      -7539.6459     -489.18939      81279.67       43.317227      43.317227      43.317227      1.0606242     -1746.8766     -352.50755      1470.0474    
     24000   24000          716.71096      219.87211      35603.333      35343.042      13115.232      22227.81       5542.4438      5921.0269      6261.6207      757.65179      8.4848285      11276.711     -7540.1285     -489.83047      81173.292      43.298321      43.298321      43.298321      1.0620141      645.02384     -233.56287      248.15535    
     25000   25000          718.22346     -631.57893      34399.914      35150.554      13142.91       22007.645      5529.3549      5856.9232      6092.8026      727.83526      48.567482      11289.1       -7536.9388     -487.9          81494.471      43.355352      43.355352      43.355352      1.0578286     -110.75449     -1221.6124     -562.36989    
     26000   26000          738.34544      1135.1572      37247.961      35899.861      13511.126      22388.735      5705.7092      6141.0292      6030.1089      719.56603      12.048796      11310.276     -7530.0033     -488.27963      81431.109      43.344113      43.344113      43.344113      1.0586517      561.78657     -947.55672      3791.2418    
     27000   27000          721.73534      2080.1233      37616.89       35139.745      13207.174      21932.571      5459.2207      5765.6215      6057.9177      725.57882      171.39165      11287.697     -7534.8573     -486.93664      81655.7        43.383924      43.383924      43.383924      1.0557399      2105.0687      2817.4604      1317.8407    
     28000   28000          711.57162      1641.0324      37577.436      35619.822      13021.186      22598.636      5718.4164      5979.3664      6301.4499      730.52949      90.634676      11308.999     -7530.7601     -486.09933      81796.353      43.40882       43.40882       43.40882       1.0539245      255.23281      2581.0707      2086.7936    
     29000   29000          714.4613      -452.67386      34614.485      35149.688      13074.065      22075.623      5605.444       5893.6674      6134.6926      682.96907     -3.9505692      11299.985     -7537.1846     -490.45743      81069.528      43.279863      43.279863      43.279863      1.0633734      134.75899     -1842.3426      349.56203    
     30000   30000          696.51851     -901.23728      33828.618      34892.534      12745.727      22146.807      5660.6515      5915.3347      5993.3383      734.53261      105.42009      11278.02      -7540.4901     -491.20959      80945.39       43.257761      43.257761      43.257761      1.0650042     -1302.5002     -2498.9929      1097.7812    
     31000   31000          715.83369      1177.4528      36628.107      35252.775      13099.179      22153.596      5685.7822      6011.8769      5937.5975      741.80172      54.141639      11269.371     -7546.9742     -496.44455      80091.829      43.105174      43.105174      43.105174      1.0763543      328.49878      1185.8087      2018.0508    
     32000   32000          718.12472     -1730.3007      33173.974      35213.952      13141.103      22072.849      5456.8007      5990.6231      6261.825       714.38252     -99.676684      11286.569     -7537.6752     -491.84816      80840.298      43.239033      43.239033      43.239033      1.0663887     -2284.3895     -3313.6885      407.17607    
     33000   33000          721.11418     -982.82547      34388.99       35549.717      13195.808      22353.909      5838.4619      5987.9429      6081.8455      718.39258     -18.352182      11281.575     -7535.9558     -490.9995       80980.025      43.26393       43.26393       43.26393       1.0645487     -3792.9175      1578.1897     -733.7486     
     34000   34000          715.13863     -901.86784      34215.002      35271.683      13086.46       22185.223      5580.7065      5885.9289      6286.7983      713.10188     -49.105728      11303.876     -7536.0827     -494.91864      80338.764      43.149429      43.149429      43.149429      1.0730459      1191.7346     -1317.7911     -2579.547     
     35000   35000          721.6555      -1017.624       34192.029      35384.512      13205.713      22178.799      5630.9105      6010.1922      6088.1572      720.08035     -12.460079      11283.616     -7541.6966     -494.84558      80350.625      43.151552      43.151552      43.151552      1.0728875     -934.27784     -901.98673     -1216.6075    
     36000   36000          718.29236      1209.9497      36785.018      35359.61       13144.17       22215.44       5699.3783      5953.1766      6015.7365      740.03206      56.251705      11289.683     -7538.8179     -492.22444      80778.5        43.228012      43.228012      43.228012      1.0672046      3151.7283     -1730.1616      2208.2822    
     37000   37000          712.09694      2187.1311      37786.265      35197.649      13030.799      22166.85       5629.0973      6026.7801      5887.9062      692.12473      164.61083      11304.285     -7537.9546     -489.93897      81155.316      43.295124      43.295124      43.295124      1.0622494      3046.7922      3720.1425     -205.54159    
     38000   38000          714.60836     -2069.1618      32939.369      35396.64       13076.756      22319.884      5755.9547      5719.8304      6342.3613      739.54832      11.943166      11293.749     -7543.5031     -488.2882       81429.681      43.343859      43.343859      43.343859      1.0586703     -2419.0033     -880.9537      -2907.5283    
     39000   39000          712.41658      2437.5311      37837.818      34973.785      13036.648      21937.137      5623.1321      5861.4404      5928.3148      682.89533      99.797984      11287.67      -7546.1136     -493.52252      80566.033      43.190078      43.190078      43.190078      1.070019       2291.5143      2988.2139      2032.8652    
     40000   40000          724.20095     -709.24703      34446.785      35300.844      13252.293      22048.552      5669.2585      5918.3604      5922.258       682.63066      118.77489      11278.949     -7541.6796     -481.553        82568.59       43.544999      43.544999      43.544999      1.0440675      1556.9498     -2709.4209     -975.26998    
     41000   41000          717.39442     -1903.0006      33147.653      35401.405      13127.739      22273.666      5627.1478      5981.3172      6162.8697      746.1345       5.5943519      11292.567     -7541.965      -489.62963      81206.589      43.30424       43.30424       43.30424       1.0615787     -1390.7939     -1899.871      -2418.3369    
     42000   42000          720.30589     -3137.6006      31785.374      35573.882      13181.016      22392.865      5596.9599      6035.0293      6175.8821      738.78613      92.761558      11289.91      -7536.4642     -480.2467       82793.181      43.584445      43.584445      43.584445      1.0412353     -3358.3977     -5181.096      -873.30797    
     43000   43000          701.91666     -2158.8191      32320.529      34908.614      12844.508      22064.106      5615.4335      5815.4997      6100.507       735.68466      51.901779      11278.704     -7533.6249     -483.69605      82202.764      43.480594      43.480594      43.480594      1.0487139     -745.22629     -2797.6131     -2933.618     
     44000   44000          715.58848      1362.4086      36902.029      35287.073      13094.692      22192.381      5634.7396      5999.0822      5976.5454      727.70066      92.437809      11299.046     -7537.1709     -489.19422      81278.867      43.317084      43.317084      43.317084      1.0606347      1451.5338      3733.0796     -1097.3876    
     45000   45000          714.98837     -759.55629      34456.628      35361.405      13083.71       22277.695      5726.4972      6022.8459      5945.7081      762.06326      71.69569       11290.658     -7541.7735     -486.80306      81678.107      43.387892      43.387892      43.387892      1.0554503     -164.15207     -562.83088     -1551.6859    
     46000   46000          720.44219      1746.8052      37301.019      35254.709      13183.511      22071.198      5674.0988      5849.7588      6013.8091      747.31365      12.826941      11300.045     -7526.6547     -495.00299      80325.074      43.146977      43.146977      43.146977      1.0732288      1640.0471      3259.0989      341.26956    
     47000   47000          720.03202     -1648.8431      33515.043      35497.173      13176.005      22321.168      5761.5867      5926.083       6050.4655      701.16977      146.04732      11276.612     -7540.7964     -482.37186      82428.423      43.520345      43.520345      43.520345      1.0458429     -3155.8085     -301.05213     -1489.6687    
     48000   48000          703.47757      925.6232       35940.4        34841.612      12873.072      21968.54       5602.6591      5944.1429      5931.3135      676.17248      67.838403      11282.562     -7536.1481     -488.48935      81396.149      43.337909      43.337909      43.337909      1.0591064      1423.5494      1061.9007      291.41941    
     49000   49000          708.09873      518.17227      35803.738      35189.869      12957.635      22232.234      5726.3775      5916.7976      5976.9033      692.94315      170.11823      11283.646     -7534.5518     -489.47806      81231.736      43.30871       43.30871       43.30871       1.06125        1292.8211     -460.7173       722.41301    
     50000   50000          717.66876     -581.83443      34590.061      35286.689      13132.759      22153.93       5739.881       5968.5641      5855.0947      748.8629       83.084752      11296.237     -7537.7942     -484.32046      82096.784      43.461901      43.461901      43.461901      1.0500677     -1627.0487      46.18649      -164.64106    
     51000   51000          716.11184     -8.4073906      35403.504      35413.548      13104.269      22309.279      5659.6975      6048.6795      5985.1656      712.33731      161.27763      11280.824     -7538.7023     -485.37462      81918.482      43.430414      43.430414      43.430414      1.0523533      751.09144     -302.98451     -473.3291     
     52000   52000          706.09476      2126.8993      37692.3        35168.082      12920.964      22247.118      5734.9485      5972.2866      5984.192       723.86047      63.151693      11301.812     -7533.133      -488.60163      81377.444      43.334589      43.334589      43.334589      1.0593498      2783.7661      1517.9145      2079.0174    
     53000   53000          723.76612     -1956.3351      33176.966      35491.858      13244.336      22247.522      5595.2361      6043.7893      6042.443       708.33536      103.04676      11284.412     -7529.7406     -490.05795      81135.612      43.29162       43.29162       43.29162       1.0625073     -804.83199     -2354.3146     -2709.8586    
     54000   54000          720.50024     -1165.9892      34039.3        35425.765      13184.573      22241.192      5621.8546      5958.4318      6098.5479      716.89905      114.4221       11266.894     -7535.8573     -487.66367      81533.964      43.362354      43.362354      43.362354      1.0573162      303.97149     -329.6001      -3472.3388    
     55000   55000          698.02773     -812.69952      33954.049      34911.595      12773.344      22138.251      5657.3853      5877.4616      6127.0301      739.2673      -45.274239      11314.133     -7531.7524     -492.15891      80789.256      43.22993       43.22993       43.22993       1.0670625     -301.29273     -6.289464      -2130.5164    
     56000   56000          706.66473      1294.701       36813.437      35285.032      12931.394      22353.638      5726.9278      5895.7952      6095.8533      745.87326      146.01518      11282.889     -7539.7163     -491.20841      80945.585      43.257796      43.257796      43.257796      1.0650017      1390.5795      886.25548      1607.2681    
     57000   57000          705.5615       191.51706      35131.235      34905.715      12911.206      21994.509      5720.3583      5878.433       5901.0156      695.84199      36.207155      11300.167     -7537.5145     -492.44395      80742.493      43.221588      43.221588      43.221588      1.0676805      2390.0464      1233.621      -3049.1162    
     58000   58000          700.01888      1266.3113      36556.227      35054.14       12809.78       22244.36       5865.5431      6018.671       5844.5223      720.07835      37.516865      11294.857     -7536.8289     -488.85515      81335.242      43.327097      43.327097      43.327097      1.0598995      1238.8281      1537.7129      1022.3929    
     59000   59000          719.19207      285.4563       35934.081      35597.294      13160.634      22436.659      5796.6312      6059.9504      6049.4901      713.38741      44.263914      11303.898     -7530.9619     -491.49536      80898.325      43.249376      43.249376      43.249376      1.0656238      806.04866     -1075.2294      1125.5497    
     60000   60000          712.44985     -342.79605      34961.261      35368.117      13037.257      22330.86       5752.2101      5975.4441      6046.087       716.08932      80.50482       11298.722     -7538.1978     -488.57268      81382.267      43.335445      43.335445      43.335445      1.0592871      67.509394     -1388.5856      292.68803    
     61000   61000          716.40506      1001.4386      36527.042      35344.453      13109.634      22234.819      5787.738       5981.2836      5856.0549      745.94883      123.78699      11284.56      -7544.5536     -491.04968      80971.75       43.262456      43.262456      43.262456      1.0646575      136.4735       2335.7941      532.04813    
     62000   62000          699.04152      423.99976      35414.974      34909.616      12791.896      22117.721      5629.4478      5939.9897      6020.9183      743.3907       39.808019      11289.529     -7545.3631     -486.52126      81725.415      43.396268      43.396268      43.396268      1.0548393     -583.10597      3143.2242     -1288.1189    
     63000   63000          716.38914     -807.31832      34373.92       35325.551      13109.343      22216.207      5752.8293      5937.5467      6028.7056      690.38199      53.861061      11290.955     -7538.0719     -491.93905      80825.362      43.236369      43.236369      43.236369      1.0665858     -588.3022      -273.84689     -1559.8059    
     64000   64000          714.98979     -1138.5261      33877.739      35213.022      13083.736      22129.286      5597.8483      6001.9093      6129.4192      688.65891     -36.489923      11288.076     -7540.1363     -494.42956      80418.234      43.163652      43.163652      43.163652      1.0719855     -190.33682     -1566.0243     -1659.2173    
     65000   65000          710.54184      401.58958      35509.5        35031.897      13002.342      22029.554      5553.809       5810.6638      6144.3539      730.50844      61.318356      11277.67      -7548.7687     -487.58409      81547.27       43.364713      43.364713      43.364713      1.0571437      877.6476       921.2188      -594.09765    
     66000   66000          713.71972     -534.03033      34769.072      35406.953      13060.495      22346.458      5771.8384      5936.8782      5952.4311      759.23547      174.39555      11287.841     -7536.1615     -485.46846      81902.648      43.427615      43.427615      43.427615      1.0525567     -1880.849       1028.8553     -750.09727    
     67000   67000          706.5957      -1359.4938      33342.792      34944.548      12930.131      22014.417      5450.9978      5958.3175      6125.8573      719.29584      17.803744      11282.337     -7540.1924     -492.17075      80787.312      43.229584      43.229584      43.229584      1.0670882     -2441.1371      29.424172     -1666.7683    
     68000   68000          711.46197     -15.664877      35234.403      35253.027      13019.18       22233.847      5648.2504      5985.4281      6025.9107      725.98655      106.63481      11279.245     -7537.6092     -487.74961      81519.597      43.359807      43.359807      43.359807      1.0575026     -1403.6252     -1295.013       2651.6436    
     69000   69000          711.53094     -360.34447      34693.486      35119.458      13020.442      22099.016      5662.5459      5952.6971      6008.415       699.8888       29.703792      11283.973     -7538.2082     -490.53752      81056.291      43.277508      43.277508      43.277508      1.0635471      480.46341     -262.71129     -1298.7855    
     70000   70000          692.50201      53.82262       34888.697      34825.535      12672.228      22153.307      5638.0474      6046.0916      6007.4319      711.13882      5.9162585      11285.025     -7540.3444     -494.13103      80466.819      43.172342      43.172342      43.172342      1.0713383     -1801.7537      576.7677       1386.4539    
     71000   71000          721.47684      1533.036       36853.65       35051.23       13202.444      21848.786      5583.0662      5894.7216      5885.426       691.82756      40.912383      11290.045     -7537.2126     -493.2092       80617.216      43.199223      43.199223      43.199223      1.0693396      1696.4503      608.65228      2294.0052    
     72000   72000          709.09514      203.72134      35137.61       34900.115      12975.869      21924.246      5573.5049      5856.5923      6070.1454      726.7172      -34.819795      11275.957     -7543.8506     -497.41262      79935.954      43.077192      43.077192      43.077192      1.0784532     -206.09983      517.75999      299.50386    
     73000   73000          707.68383     -98.856484      34981.034      35095.967      12950.043      22145.924      5697.2414      5969.5247      6098.8551      709.4662      -78.058382      11287.045     -7538.1508     -498.76614      79719.029      43.03819       43.03819       43.03819       1.0813878      748.73778      1565.0756     -2610.3829    
     74000   74000          707.29535      1921.9661      37317.495      35053.87       12942.934      22110.936      5580.1462      5999.0781      5970.878       786.1032       24.771017      11291.612     -7541.6521     -492.35251      80757.487      43.224263      43.224263      43.224263      1.0674822      592.14514      2981.1183      2192.6347    
     75000   75000          713.79694      307.29096      35497.109      35130.691      13061.908      22068.783      5634.6179      5893.5827      6057.572       722.37781      12.324523      11285.759     -7537.4506     -486.30399      81761.928      43.402729      43.402729      43.402729      1.0543683      1042.6774      2441.4949     -2562.2994    
     76000   76000          707.1168       54.546248      34891.294      34827.769      12939.667      21888.102      5564.0111      5874.4414      5987.0951      719.33825      8.3388409      11276.773     -7541.8959     -497.91676      79855.019      43.062649      43.062649      43.062649      1.0795462     -410.69974      635.17508     -60.836598    
     77000   77000          722.58027     -1012.1688      34063.292      35235.89       13222.636      22013.254      5614.1646      5933.5078      6039.364       710.43051     -38.157695      11286.514     -7532.5695     -500.54         79436.513      42.987289      42.987289      42.987289      1.0852337      1653.9151     -2765.7881     -1924.6335    
     78000   78000          704.94538     -241.1918       34572.714      34852.054      12899.931      21952.123      5574.5922      5902.2847      6061.9896      689.77109     -9.6501605      11274.97      -7541.8342     -500.6836       79413.73       42.983179      42.983179      42.983179      1.0855451      867.50775     -352.34194     -1238.7412    
     79000   79000          715.39318      749.98095      36219.016      35346.263      13091.118      22255.145      5677.6983      6015.6135      6148.1938      753.14226     -66.73538       11268.299     -7541.066      -498.3032       79793.09       43.051514      43.051514      43.051514      1.0803841      148.37986     -382.46519      2484.0282    
     80000   80000          713.10691      453.80667      35512.963      34983.463      13049.281      21934.182      5494.4054      5882.9049      6122.5032      717.9424      -31.991256      11287.141     -7538.724      -496.98082      80005.405      43.089664      43.089664      43.089664      1.077517       377.99029      517.66579      465.76393    
     81000   81000          706.26111      1098.2456      36297.473      35017.948      12924.008      22093.94       5668.7335      6051.9964      5908.6477      729.16513      0.48418425     11278.466     -7543.5537     -497.72035      79886.53       43.068312      43.068312      43.068312      1.0791204      547.43578      1414.3458      1332.9553    
     82000   82000          702.49028     -2495.1167      32138.45       35042.403      12855.005      22187.398      5680.3817      5929.5912      6141.4868      722.70876     -24.217829      11277.231     -7539.783      -498.23717      79803.665      43.053416      43.053416      43.053416      1.0802409     -4456.2308     -1952.5159     -1076.6035    
     83000   83000          704.42885     -51.92855       34588.711      34649.095      12890.479      21758.615      5476.8515      5893.509       6014.0341      693.03022     -78.006962      11298.513     -7539.3159     -498.67914      79732.936      43.040693      43.040693      43.040693      1.0811992     -2091.4731      2496.4068     -560.7194     
     84000   84000          705.76227      1044.9801      36394.508      35161.966      12914.88       22247.087      5650.9418      6022.8108      6049.6332      747.60429      37.877791      11280.705     -7542.4863     -491.63329      80875.63       43.245331      43.245331      43.245331      1.0659229      2544.3309     -77.996285      668.60578    
     85000   85000          701.85835      194.6488       35190.796      34964.509      12843.441      22121.067      5592.3723      5991.3645      6019.5372      733.02276      40.361369      11280.266     -7535.8572     -498.79912      79713.758      43.037242      43.037242      43.037242      1.0814593      263.03164      1951.7369     -1630.8221    
     86000   86000          711.98525     -535.4556       34319.972      34944.615      13028.755      21915.86       5513.6531      5945.4371      6022.8587      673.295       -10.944311      11305.593     -7534.033      -497.07952      79989.519      43.086812      43.086812      43.086812      1.077731       988.56226     -1752.1008     -842.82825    
     87000   87000          705.34119     -820.2277       34004.313      34956.951      12907.174      22049.777      5619.6174      5976.514       6049.7234      718.87181     -77.896809      11302.906     -7539.9597     -499.27685      79637.484      43.02351       43.02351       43.02351       1.0824951     -841.88309     -2398.552       779.75201    
     88000   88000          704.68056     -83.803585      34685.767      34784.195      12895.085      21889.11       5568.3135      5850.7154      6033.079       693.0962      -26.561256      11305.138     -7534.6708     -493.71689      80534.315      43.18441       43.18441       43.18441       1.0704404     -15.867718     -2010.7788      1775.2357    
     89000   89000          720.5954      -1300.8868      33540.482      35063.745      13186.314      21877.431      5597.4446      6009.1971      5893.779       674.40576     -25.349229      11268.278     -7540.3236     -495.22137      80289.652      43.140634      43.140634      43.140634      1.0737023     -1700.8349     -457.00283     -1744.8227    
     90000   90000          706.26694      929.16585      36037.83       34949.029      12924.115      22024.914      5652.0293      5827.1497      6081.7886      696.61462      18.899997      11287.444     -7539.0124     -494.85676      80348.81       43.151227      43.151227      43.151227      1.0729118      1442.4312     -128.28194      1473.3483    
     91000   91000          718.70061     -795.07539      34277.303      35203.947      13151.641      22052.306      5540.504       5998.7405      6080.9352      729.39686     -28.734122      11274.624     -7543.1597     -497.54246      79915.093      43.073445      43.073445      43.073445      1.0787347     -2131.6175      546.0877      -799.69639    
     92000   92000          708.61048      1027.6487      36003.497      34804.654      12967          21837.654      5541.9053      5898.1539      5986.592       728.0428      -53.304296      11283.518     -7547.2534     -497.06942      79991.145      43.087104      43.087104      43.087104      1.0777091      743.77236      2802.8666     -463.69289    
     93000   93000          713.56706     -1783.8563      32971.53       35053.471      13057.701      21995.77       5469.673       5875.2095      6264.7897      734.42937     -101.52402      11285.76      -7532.5672     -496.85102      80026.307      43.093416      43.093416      43.093416      1.0772356     -1907.6341     -1999.9249     -1444.0099    
     94000   94000          691.35024      502.23687      35251.573      34662.386      12651.151      22011.235      5635.8903      5936.3446      6057.0856      708.46        -79.312602      11290.632     -7537.8654     -494.30012      80439.292      43.167419      43.167419      43.167419      1.0717049      1790.4504     -572.27381      288.53401    
     95000   95000          715.42329      671.86049      36017.584      35239.007      13091.669      22147.338      5578.2159      5999.8809      6162.776       754.76395     -93.498436      11284.356     -7539.1566     -500.39418      79459.661      42.991464      42.991464      42.991464      1.0849176      1529.1232     -313.3622       799.8205     
     96000   96000          716.87776      1906.1733      37249.883      35031.48       13118.284      21913.196      5531.4558      5947.5021      5995.6516      722.09292     -29.766887      11287.373     -7541.1121     -498.26093      79799.858      43.052731      43.052731      43.052731      1.0802924      748.76291      2227.0734      2742.6836    
     97000   97000          714.07011      1163.6463      36443.453      35071.236      13066.907      22004.33       5684.3202      5888.1969      5911.2716      718.10836      61.69383       11281.087     -7540.3488     -491.73742      80858.503      43.242278      43.242278      43.242278      1.0661486      2539.9921     -418.41387      1369.3607    
     98000   98000          710.42118     -465.10565      34286.249      34832.255      13000.134      21832.121      5602.9977      5897.4194      5872.4903      729.07176      6.3886394      11268.143     -7544.3902     -493.95737      80495.108      43.177401      43.177401      43.177401      1.0709618      811.37665     -2637.3313      430.63768    
     99000   99000          710.77949      2959.4173      38512.198      35020.387      13006.691      22013.696      5740.3562      5902.0194      5826.4114      720.75869      97.346537      11270.891     -7544.0878     -491.46244      80903.745      43.250342      43.250342      43.250342      1.0655524      2793.2198      3064.1991      3020.833     
    100000   100000         729.09397     -274.05044      34911.306      35230.2        13341.831      21888.368      5619.5078      5908.1543      5924.8193      715.33724     -11.232984      11276.357     -7544.5747     -498.33245      79788.407      43.050672      43.050672      43.050672      1.0804475     -2080.1518      250.12181      1007.8787    
    101000   101000         717.7367       175.24892      35100.243      34896.822      13134.002      21762.82       5555.2055      5871.4253      5898.7108      726.16699     -33.457483      11285.537     -7540.7679     -499.56926      79590.87       43.015115      43.015115      43.015115      1.083129      -226.62407      570.78354      181.58727    
    102000   102000         708.58833     -847.88094      33936.122      34927.672      12966.595      21961.078      5552.8176      5923.9445      6039.2413      691.69446     -3.6089067      11291.461     -7534.4725     -495.8555       80186.973      43.122236      43.122236      43.122236      1.0750772      334.80177     -672.09298     -2206.3516    
    103000   103000         711.8518       1909.9739      37407.522      35195.661      13026.313      22169.348      5787.8998      6024.2576      5855.3841      713.92167      24.744629      11298.889     -7535.7488     -500.73104      79406.205      42.981821      42.981821      42.981821      1.0856479      615.12063      2722.512       2392.2891    
    104000   104000         706.59876     -196.98711      34763.671      34994.784      12930.187      22064.597      5592.5511      5903.8708      6083.2818      724.58021      12.705748      11291.583     -7543.9761     -494.25191      80447.139      43.168822      43.168822      43.168822      1.0716004     -905.14694     -753.73352      1067.9191    
    105000   105000         698.5624       1439.8771      36306.516      34627.64       12783.128      21844.512      5592.4485      6048.1253      5763.4054      727.54586     -51.422834      11297.333     -7532.9233     -497.32669      79949.765      43.079673      43.079673      43.079673      1.0782669      1560.101       2099.648       659.8822     
    106000   106000         705.48093     -1359.8908      33323.373      34914.01       12909.732      22004.278      5627.7137      6027.1965      5927.4494      736.14886     -40.067165      11265.942     -7540.1052     -495.75587      80203.089      43.125125      43.125125      43.125125      1.0748611      458.62317     -2145.6217     -2392.6737    
    107000   107000         705.54756     -1358.1548      33771.215      35331.956      12910.951      22421.005      5872.5044      5961.9688      6214.0394      743.78819     -105.50118      11277.171     -7542.9663     -504.60732      78796.224      42.871479      42.871479      42.871479      1.0940522     -2018.9189     -935.01416     -1120.5314    
    108000   108000         715.84377     -2011.6185      32459.635      34794.211      13099.363      21694.848      5567.2659      5873.5192      6017.7347      681.80931     -176.39738      11274.738     -7543.822      -499.65755      79576.807      43.012581      43.012581      43.012581      1.0833205     -3341.4789     -872.05987     -1821.3167    
    109000   109000         704.42804      1197.8031      36237.764      34848.18       12890.465      21957.716      5732.5321      5970.7198      5701.63        735.09605      81.241979      11277.479     -7540.9835     -499.84531      79546.914      43.007194      43.007194      43.007194      1.0837276      456.18771      3201.3755     -64.153852    
    110000   110000         701.62521      1971.6251      37219.712      34920.436      12839.175      22081.261      5602.7784      6095.8903      5847.6336      721.64583      69.270577      11286.009     -7541.9667     -497.24234      79963.327      43.082109      43.082109      43.082109      1.078084       2097.5568      2256.8123      1560.5062    
    111000   111000         701.79239      1302.0714      36173.019      34662.091      12842.234      21819.856      5511.9892      5934.2275      5848.2299      723.44123      63.67609       11274.131     -7535.8383     -499.71895      79567.029      43.010819      43.010819      43.010819      1.0834536      2072.5355      548.1001       1285.5785    
    112000   112000         705.3808      -1877.9044      32781.319      34977.257      12907.899      22069.357      5455.4528      6094.7722      6102.0011      705.74088     -35.547102      11283.985     -7537.0473     -495.8933       80180.862      43.121141      43.121141      43.121141      1.0751591     -1181.9911     -850.39735     -3601.3248    
    113000   113000         707.49299     -479.31896      34441.69       35004.169      12946.551      22057.619      5562.0231      5948.6384      6071.1519      711.38625     -5.165422       11307.802     -7538.2178     -494.14337      80464.809      43.171983      43.171983      43.171983      1.071365       122.917       -510.91236     -1049.9615    
    114000   114000         717.69196      99.092425      35006.235      34889.283      13133.184      21756.099      5420.1978      6014.7074      5847.797       696.25141      44.952001      11274.889     -7542.6953     -491.32342      80926.636      43.25442       43.25442       43.25442       1.065251      -173.44504     -1787.9289      2258.6512    
    115000   115000         704.17056     -82.417677      34836.36       34932.876      12885.753      22047.123      5598.3119      5994.3204      6061.8616      703.19968     -79.49214       11299.347     -7530.4252     -495.17062      80297.883      43.142108      43.142108      43.142108      1.0735922      852.68923     -864.23039     -235.71188    
    116000   116000         706.55542      804.35639      35866.181      34920.384      12929.394      21990.99       5630.1297      5915.6657      5939.4766      758.75192     -4.9789141      11289.414     -7537.4687     -493.15714      80625.724      43.200742      43.200742      43.200742      1.0692268      1948.1166      589.94305     -124.99046    
    117000   117000         710.21671     -1246.1908      33677.473      35131.695      12996.393      22135.303      5537.8347      5976.7776      6106.0906      721.06687      30.8052        11293.97      -7531.2424     -496.92239      80014.812      43.091353      43.091353      43.091353      1.0773903     -1755.7575     -968.27345     -1014.5415    
    118000   118000         698.06255     -1579.8177      32973.574      34825.843      12773.981      22051.861      5678.5371      5830.9473      6096.7555      727.50132     -33.789754      11287.629     -7535.7187     -494.58134      80393.555      43.159236      43.159236      43.159236      1.0723146     -3587.861      -1651.6265      500.03445    
    119000   119000         718.39754     -985.22055      34041.63       35202.161      13146.095      22056.066      5557.4625      5991.6603      6121.2728      696.32064     -78.003194      11301.645     -7534.2924     -492.2794       80769.481      43.226403      43.226403      43.226403      1.0673237      362.18049     -2247.0559     -1070.7863    
    120000   120000         709.89517      1917.5925      37223.212      35015.443      12990.509      22024.934      5704.4398      5993.4173      5874.7111      715.13398      13.308598      11265.552     -7541.6284     -503.66011      78944.414      42.898338      42.898338      42.898338      1.0919985      2115.3939      2087.0506      1550.3329    
    121000   121000         697.93431     -1033.1029      33450.709      34666.421      12771.635      21894.787      5561.9647      5779.6467      6074.398       734.08816      0.035654353    11282.954     -7538.3009     -492.77368      80688.465      43.211945      43.211945      43.211945      1.0683954     -1836.3886     -567.10395     -695.81617    
    122000   122000         713.48503     -1061.0183      33745.478      34988.147      13056.2        21931.946      5478.5728      6019.1969      6021.0232      712.34392     -43.54495       11284.046     -7539.6916     -495.11091      80307.566      43.143842      43.143842      43.143842      1.0734628     -3695.1162     -250.0651       762.12649    
    123000   123000         710.15536      2522.7448      37738.186      34812.277      12995.27       21817.007      5533.9714      5906.7883      5899.8298      684.53023      48.165303      11281.933     -7538.2115     -499.97382      79526.468      43.003509      43.003509      43.003509      1.0840062      1696.5399      5986.0801     -114.38553    
    124000   124000         711.5963      -885.38747      33894.663      34919.775      13021.638      21898.137      5545.1278      5941.1078      5980.6596      722.98817     -42.159475      11289.017     -7538.6034     -500.83782      79389.276      42.978766      42.978766      42.978766      1.0858794     -3493.5955     -1017.0393      1854.4724    
    125000   125000         706.49266      451.28504      35163.802      34636.416      12928.245      21708.171      5399.6442      6002.3336      5871.2604      685.96585      8.7814443      11281.085     -7540.9001     -496.20074      80131.183      43.112233      43.112233      43.112233      1.0758257     -385.58648      1488.3807      251.06094    
    126000   126000         707.06076     -1232.5468      33516.534      34952.99       12938.641      22014.349      5625.3409      6044.5908      5936.2918      691.60766     -30.857047      11282.91      -7535.5349     -497.56044      79912.205      43.072926      43.072926      43.072926      1.0787737     -512.18852     -1329.1194     -1856.3325    
    127000   127000         706.42634     -241.48146      34640.479      34926.288      12927.032      21999.256      5675.2113      5992.2281      5860.3816      715.32449      20.987405      11269.742     -7534.6186     -489.94052      81155.06       43.295079      43.295079      43.295079      1.0622527     -818.31589      1120.7124     -1026.8409    
    128000   128000         721.08725      213.55371      35318.794      35069.883      13195.315      21874.568      5652.8449      5929.9524      5851.9992      712.06718     -26.054854      11287.04      -7533.281      -497.50546      79921.036      43.074512      43.074512      43.074512      1.0786545     -589.99074      774.57007      456.08181    
    129000   129000         712.68719     -196.65078      34735.097      34964.327      13041.6        21922.727      5571.0409      5949.1106      6007.1299      748.91309     -80.725892      11268.07      -7540.8113     -497.46019      79928.309      43.075819      43.075819      43.075819      1.0785563     -1212.1874      2062.227      -1439.9919    
    130000   130000         707.81191      1753.4983      36748.673      34697.004      12952.387      21744.618      5724.4192      5873.3354      5745.0151      716.15794     -68.824354      11293.27      -7538.7558     -495.60186      80228.013      43.129592      43.129592      43.129592      1.0745272      2097.9906      2930.8459      231.65832    
    131000   131000         714.41621     -367.99563      34570.279      35000.456      13073.24       21927.216      5556.6452      5909.7747      6006.6489      710.28769      15.412916      11266.904     -7538.4567     -496.05532      80154.673      43.116445      43.116445      43.116445      1.0755104     -2332.9685      2178.898      -949.9164     
    132000   132000         700.33851     -577.087        34181.408      34854.792      12815.629      22039.162      5464.9354      6076.4304      6020.7867      727.40443     -11.72542       11296.319     -7534.9879     -496.95106      80010.196      43.090524      43.090524      43.090524      1.0774525     -700.2615      -2395.9124      1364.9129    
    133000   133000         708.71651     -932.47847      33935.222      35020.658      12968.94       22051.718      5573.5348      6002.2334      6046.9742      703.98346     -23.306958      11284.371     -7536.0727     -498.16096      79815.873      43.055611      43.055611      43.055611      1.0800757     -546.84477     -1367.3084     -883.28226    
    134000   134000         712.56072     -10.923863      34941.454      34954.308      13039.286      21915.022      5559.0939      5885.7838      5969.705       718.06916      43.322441      11276.095     -7537.0476     -492.81244      80682.12       43.210813      43.210813      43.210813      1.0684794     -266.78984      705.96999     -471.95174    
    135000   135000         705.76009      1158.4882      36196.95       34837.932      12914.84       21923.092      5440.1063      6129.6576      5887.7439      711.75025      2.9322523      11290.057     -7539.1549     -494.31235      80437.303      43.167063      43.167063      43.167063      1.0717314      1436.14        501.6906       1537.634     
    136000   136000         697.39155     -791.38849      34084.301      35008.639      12761.703      22246.936      5676.0506      6037.2494      6179.5193      709.51072     -82.849575      11273.029     -7545.5732     -496.47097      80087.566      43.104409      43.104409      43.104409      1.0764116     -168.58719     -886.58465     -1318.9936    
    137000   137000         707.75163      1930.1355      37379.691      35141.544      12951.284      22190.26       5684.0972      5974.5389      6034.9289      703.2002       75.077545      11264.875     -7546.4578     -500.0736       79510.599      43.000649      43.000649      43.000649      1.0842225      287.41435      2609.1778      2893.8144    
    138000   138000         704.99137      439.77432      35475.472      34953.991      12900.773      22053.218      5694.2587      6003.0119      5893.1166      711.6248       15.078806      11282.657     -7546.5295     -489.01989      81307.842      43.322231      43.322231      43.322231      1.0602567      970.64267      2028.3072     -1679.6269    
    139000   139000         712.70338     -1139.9115      33763.741      35092.827      13041.897      22050.93       5653.6013      5901.0581      6068.1593      684.96096      26.712585      11264.796     -7548.358      -497.33965      79947.681      43.079299      43.079299      43.079299      1.078295      -486.20702     -392.62385     -2540.9035    
    140000   140000         705.98279     -1112.6284      33715.905      35027.225      12918.915      22108.309      5662.9707      5809.6745      6131.9791      701.1878       61.175441      11281.41      -7540.0883     -492.01266      80813.27       43.234213      43.234213      43.234213      1.0667454     -596.33052     -1399.7152     -1341.8394    
    141000   141000         708.15278      125.2985       34938.3        34791.142      12958.624      21832.517      5547.244       5992.6626      5794.7274      690.43577      60.86081       11288.893     -7542.3069     -493.73654      80531.111      43.183837      43.183837      43.183837      1.070483      -525.641       -727.80859      1629.3451    
    142000   142000         697.07584      1559.6733      36383.847      34554.834      12755.925      21798.908      5612.3278      5809.8263      5902.0598      716.50495      15.705181      11280.691     -7538.207      -494.48343      80409.474      43.162084      43.162084      43.162084      1.0721023      1210.931       1840.801       1627.288     
    143000   143000         713.28869     -2900.1193      31736.738      35172.366      13052.607      22119.759      5608.1458      5759.6345      6310.2467      709.68912     -7.4833341      11281.436     -7541.9096     -489.49083      81229.616      43.308333      43.308333      43.308333      1.0612777     -1700.0278     -4807.3211     -2193.0089    
    144000   144000         705.72825     -520.82879      33995.775      34604.75       12914.257      21690.493      5435.8382      5872.3714      5943.2515      691.38481      5.7911528      11276.758     -7534.9028     -495.94125      80173.11       43.119751      43.119751      43.119751      1.0752631     -261.84484     -805.28002     -495.36151    
    145000   145000         717.4719      -35.767156      34848.731      34890.676      13129.157      21761.519      5585.0656      5805.2949      5983.684       690.04642     -51.671699      11289.927     -7540.8273     -494.46886      80411.842      43.162508      43.162508      43.162508      1.0720707      89.371872     -855.41461      658.74127    
    146000   146000         710.86653      583.20053      35648.418      34961.967      13008.284      21953.683      5655.7371      5936.6165      5883.9295      710.49007      17.091083      11282.086     -7532.2675     -492.65495      80707.911      43.215416      43.215416      43.215416      1.068138       2008.6881     -1453.7179      1194.6314    
    147000   147000         696.41917     -642.7766       34127.48       34873.908      12743.909      22129.999      5754.7388      5961.5293      6016.9226      711.59234     -52.80082       11277.054     -7539.0376     -499.35219      79625.469      43.021347      43.021347      43.021347      1.0826584     -1757.3563     -102.73208     -68.241404    
    148000   148000         704.02008      1564.5719      36693.144      34862.953      12882.999      21979.954      5631.2947      5891.4437      5909.4859      701.38598      107.07886      11275.508     -7536.2433     -495.71718      80209.348      43.126247      43.126247      43.126247      1.0747773      715.3642       2890.3737      1087.9778    
    149000   149000         697.2131      -1122.1574      33616.603      34942.483      12758.437      22184.045      5780.2431      5894.8576      6026.6345      724.39591      19.962569      11278.885     -7540.9334     -490.77746      81016.663      43.270454      43.270454      43.270454      1.0640673      567.17731     -2898.3411     -1035.3083    
    150000   150000         710.00506     -872.60499      33802.447      34818.962      12992.52       21826.442      5477.4427      5957.4018      5980.9256      721.07902     -53.521516      11277.277     -7534.1628     -497.78161      79876.699      43.066545      43.066545      43.066545      1.0792532     -798.39206     -965.84679     -853.57612    
    151000   151000         711.4759       1537.9532      36695.953      34923.392      13019.435      21903.957      5626.4795      5871.451       5951.594       731.71487     -20.155746      11282.785     -7539.9113     -503.12592      79028.232      42.913515      42.913515      42.913515      1.0908403      2306.0811      2409.7445     -101.96615    
    152000   152000         711.47336     -1432.7445      33132.941      34811.657      13019.388      21792.269      5507.3058      5861.8531      6023.4843      685.21749     -24.334866      11279.208     -7540.4643     -494.90991      80340.181      43.149682      43.149682      43.149682      1.073027      -3561.0336     -90.274773     -646.92523    
    153000   153000         721.79878     -2261.6207      32510.664      35130.641      13208.335      21922.306      5481.144       5802.531       6274.2473      716.14165     -107.88909      11293.208     -7537.077      -500.56108      79433.167      42.986686      42.986686      42.986686      1.0852794     -1612.5637     -4143.8671     -1028.4312    
    154000   154000         710.75287     -973.22737      33718.588      34861.761      13006.204      21855.557      5489.7819      5910.2588      6070.2932      692.27055     -42.689861      11277.673     -7542.0306     -493.67079      80541.836      43.185754      43.185754      43.185754      1.0703404     -3401.2628      752.07553     -270.49484    
    155000   155000         704.69976      2250.4225      37178.567      34565.229      12895.437      21669.792      5470.8723      5966.5128      5799.8075      676.71979     -1.4630215      11298.815     -7541.4724     -499.34799      79626.137      43.021467      43.021467      43.021467      1.0826493     -168.61599      4329.9113      2589.9723    
    156000   156000         707.30484      133.45016      35046.946      34889.207      12943.108      21946.099      5638.7382      5858.9072      5886.2682      725.41173      63.252356      11310.54      -7537.0183     -490.58446      81048.536      43.276128      43.276128      43.276128      1.0636489      113.00867      2159.6322     -1872.2904    
    157000   157000         698.22038     -784.49649      34019.904      34937.445      12776.869      22160.575      5539.9586      5966.4546      6240.0823      720.99605     -63.933728      11300.952     -7543.9345     -495.79323      80197.046      43.124042      43.124042      43.124042      1.0749421     -1665.7479      653.0046      -1340.7461    
    158000   158000         701.84238      1120.908       35926.56       34616.335      12843.149      21773.186      5511.4624      5871.4088      5952.3904      698.60025      2.4381044      11284.267     -7547.3805     -496.08821      80149.36       43.115493      43.115493      43.115493      1.0755817      1400.3074      1515.383       447.03351    
    159000   159000         708.6194       103.41811      35204.706      35083.152      12967.163      22115.989      5542.9979      6072.2974      5906.5984      694.86778      133.46544      11305.141     -7539.379      -493.36054      80592.485      43.194805      43.194805      43.194805      1.0696678      18.185494      159.44096      132.62787    
    160000   160000         702.19418      1639.8164      36692.904      34803.516      12849.587      21953.93       5687.2937      5855.2247      5939.326       676.77757      41.760759      11290.657     -7537.1105     -503.27915      79004.171      42.909159      42.909159      42.909159      1.0911725     -61.893254      759.75122      4221.5911    
    161000   161000         698.46852      769.53527      35397.19       34496.744      12781.41       21715.334      5508.7285      5841.0666      5923.6382      704.1451      -36.01702       11310.534     -7536.761      -495.57094      80233.018      43.130488      43.130488      43.130488      1.0744602      527.30131      1712.1516      69.152851    
    162000   162000         696.23443      1988.0735      37098.368      34788.619      12740.528      22048.09       5430.9221      6010.6829      6068.19        711.94062      80.603672      11279.256     -7533.5045     -499.11697      79662.994      43.028104      43.028104      43.028104      1.0821484      2010.1146      2863.4391      1090.6668    
    163000   163000         703.50203      431.57076      35218.371      34711.624      12873.519      21838.105      5416.0194      6057.5648      5899.8916      710.15386     -23.722187      11315.706     -7537.5088     -493.85143      80512.376      43.180488      43.180488      43.180488      1.0707321      597.13445     -229.20971      926.78753    
    164000   164000         696.56169     -226.26159      34269.59       34532.2        12746.517      21785.683      5569.5481      5877.8086      6006.6163      697.70297     -118.92798      11291.34      -7538.4047     -499.61335      79583.846      43.013849      43.013849      43.013849      1.0832246     -1124.7453      75.689891      370.27062    
    165000   165000         706.54595      655.21594      35575.62       34810.644      12929.221      21881.423      5582.9464      5940.9528      5888.1941      722.40172      18.176738      11268.044     -7539.2925     -496.67362      80054.89       43.098546      43.098546      43.098546      1.0768509     -1296.3881      1485.7886      1776.2473    
    166000   166000         705.63319     -208.3758       34440.705      34683.289      12912.518      21770.772      5562.5727      5911.2142      5803.0228      734.40135      14.692431      11288.406     -7543.5378     -498.10367      79825.054      43.057262      43.057262      43.057262      1.0799515      459.63242      1120.407      -2205.1668    
    167000   167000         704.46148      13.79039       34896.237      34880.172      12891.077      21989.096      5664.641       5904.7154      6003.037       694.08035     -7.9622117      11273.681     -7543.0972     -497.79128      79875.147      43.066267      43.066267      43.066267      1.0792742      1171.8062     -730.69921     -399.73582    
    168000   168000         712.65163     -1155.9635      33563.684      34916.7        13040.95       21875.75       5494.8086      5992.1968      6027.7146      721.12223     -104.31518      11289.145     -7544.9213     -495.42301      80256.975      43.134781      43.134781      43.134781      1.0741394     -662.14376     -1111.4626     -1694.2841    
    169000   169000         698.80152      578.35408      35387.295      34710.481      12787.504      21922.977      5501.5574      5886.2985      6007.3492      719.64544      47.826483      11294.984     -7534.6842     -495.51759      80241.656      43.132036      43.132036      43.132036      1.0743445     -1641.2284      1214.2056      2162.0851    
    170000   170000         706.5265       1136.5821      36241.8        34888.007      12928.865      21959.142      5584.6221      5846.9541      5935.3157      723.75372      129.57213      11277.596     -7538.6714     -486.83692      81672.425      43.386886      43.386886      43.386886      1.0555237      1253.6788      605.42322      1550.6443    
    171000   171000         708.68537     -1563.242       33127.71       34961.142      12968.37       21992.772      5626.5767      5844.4847      6076.8713      707.11233     -24.174214      11292.97      -7531.0689     -494.42017      80419.761      43.163925      43.163925      43.163925      1.0719652     -1497.8109     -3751.2865      559.37127    
    172000   172000         692.93076      1456.1133      35947.171      34242.995      12680.074      21562.921      5425.865       5873.8085      5724.3089      692.47829      102.22099      11283.276     -7539.0362     -495.46795      80249.695      43.133476      43.133476      43.133476      1.0742369      1513.6792      2039.7195      814.94133    
    173000   173000         714.15834     -684.37348      33872.855      34672.04       13068.521      21603.519      5524.8339      5811.215       5852.8928      680.03821     -9.0177669      11282.539     -7538.982      -496.57029      80071.549      43.101536      43.101536      43.101536      1.0766269     -23.139868     -188.97143     -1841.0092    
    174000   174000         716.42038     -1376.9242      33435.513      35026.248      13109.915      21916.334      5586.5358      5853.5174      6097.8045      733.29212     -108.84569      11282.645     -7528.6152     -501.93434      79215.843      42.947447      42.947447      42.947447      1.0882568     -1344.8658     -3730.9928      945.08592    
    175000   175000         702.20753      1420.3894      36149.227      34477.982      12849.831      21628.151      5382.8945      6044.7132      5743.6599      686.12434      15.309277      11291.193     -7535.7437     -492.83549      80678.346      43.210139      43.210139      43.210139      1.0685294      2496.7661      1889.3739     -124.97175    
    176000   176000         717.09599      1367.0381      36413.738      34827.857      13122.278      21705.579      5480.5185      5896.4415      5912.6246      690.02915     -12.19139       11284.071     -7545.914      -499.85584      79545.238      43.006892      43.006892      43.006892      1.0837504      883.94242      231.75426      2985.4177    
    177000   177000         701.69016      2277.1997      37213.258      34538.464      12840.364      21698.101      5630.7626      5887.311       5731.4667      728.6646       7.464375       11259.798     -7547.3664     -493.68025      80540.293      43.185478      43.185478      43.185478      1.0703609      2891.017       1445.2984      2495.2837    
    178000   178000         712.35895     -2030.3614      32617.373      35000.067      13035.594      21964.473      5614.2087      5946.0096      6050.4527      695.32866     -89.584814      11281.181     -7533.1222     -494.12845      80467.239      43.172417      43.172417      43.172417      1.0713327     -645.8629      -3988.8035     -1456.4179    
    179000   179000         687.93246     -1409.4432      32880.973      34526.264      12588.609      21937.656      5631.5348      5896.2393      6102.2659      682.19504     -102.68946      11265.19      -7537.0797     -496.75202      80042.255      43.096279      43.096279      43.096279      1.0770209     -799.33657     -2629.6948     -799.29826    
    180000   180000         707.71848      805.63779      35828.759      34890.998      12950.677      21940.321      5575.838       5888.5631      6031.156       729.66053     -6.6011801      11258.717     -7537.0129     -498.17558      79813.53       43.05519       43.05519       43.05519       1.0801074      1150.8946     -744.76621      2010.785     
    181000   181000         703.63024     -127.90546      34436.694      34585.608      12875.865      21709.743      5409.4332      5876.6213      6004.7842      711.09952     -33.434781      11278.753     -7537.5138     -498.06827      79830.728      43.058282      43.058282      43.058282      1.0798747     -167.76357     -774.14388      558.19107    
    182000   182000         694.49486      1549.0217      36348.403      34528.694      12708.695      21819.999      5574.4641      5897.1746      5918.3485      702.14493      3.0315233      11259.803     -7534.9681     -493.61748      80550.534      43.187309      43.187309      43.187309      1.0702248      3525.3997     -1322.4774      2444.1429    
    183000   183000         700.74337     -149.68843      34190.043      34363.051      12823.038      21540.013      5444.7243      5765.7302      5915.9273      715.4932      -44.069498      11282.12      -7539.912      -501.71377      79250.669      42.95374       42.95374       42.95374       1.0877786      193.6351      -323.15422     -319.54618    
    184000   184000         698.26097     -360.37618      34252.05       34673.146      12777.612      21895.533      5546.2353      5688.057       6123.0617      736.43422      64.113795      11278.121     -7540.49       -496.26095      80121.46       43.110489      43.110489      43.110489      1.0759562     -2727.4182      828.05467      818.23501    
    185000   185000         720.54235      793.37444      35785.084      34849.496      13185.344      21664.153      5492.5028      5861.5343      5945.6665      697.94527     -74.408178      11285.209     -7544.2968     -491.73191      80859.411      43.24244       43.24244       43.24244       1.0661367      175.55881      610.63712      1593.9274    
    186000   186000         695.70472      664.82462      35404.589      34626.431      12730.835      21895.597      5515.749       6024.8336      5881.069       691.8847       61.122023      11264.504     -7543.5654     -495.42084      80257.326      43.134844      43.134844      43.134844      1.0741348      543.59573     -580.54009      2031.4182    
    187000   187000         708.92315      339.05291      35031.914      34631.55       12972.722      21658.828      5462.9524      5859.5277      5844.3475      699.56811      76.496845      11259.866     -7543.9309     -491.07369      80967.792      43.261752      43.261752      43.261752      1.0647096      596.09018     -96.912841      517.98139    
    188000   188000         701.93998      145.06573      35110.343      34940.104      12844.935      22095.169      5598.431       6153.269       5941.5756      730.25605     -73.723195      11283.663     -7538.3023     -494.12993      80466.998      43.172374      43.172374      43.172374      1.0713359      312.51892     -891.90358      1014.5818    
    189000   189000         708.27836     -207.16811      34543.211      34787.316      12960.922      21826.394      5592.3117      5832.8352      5956.4554      699.59321      21.552859      11259.012     -7535.3668     -492.13029      80793.954      43.230768      43.230768      43.230768      1.0670004     -1495.6478     -43.383284      917.52674    
    190000   190000         691.9867       922.03085      35484.357      34396.454      12662.798      21733.656      5585.4968      5812.7416      5859.6918      688.89343      40.501022      11290.467     -7544.1358     -491.46217      80903.789      43.250349      43.250349      43.250349      1.0655519      1049.6258      1447.9887      268.47806    
    191000   191000         705.23069     -3768.7832      30408.413      34858.958      12905.152      21953.806      5573.9689      5873.175       6110.4059      697.44068     -51.278958      11289.241     -7539.147      -491.0467       80972.241      43.262544      43.262544      43.262544      1.0646511     -3268.2612     -4182.4111     -3855.6774    
    192000   192000         686.34443     -2032.5009      31950.207      34305.908      12559.549      21746.359      5545.9503      5854.9409      5999.702       685.49733     -72.826172      11272.682     -7539.587      -500.3172       79471.887      42.993669      42.993669      42.993669      1.0847507     -890.23592     -3105.3955     -2101.8715    
    193000   193000         700.85688     -2703.5249      31694.882      34858.885      12825.115      22033.77       5666.7119      5828.3871      6121.4335      730.39881     -61.475643      11281.141     -7532.8266     -495.48251      80247.337      43.133054      43.133054      43.133054      1.0742685     -2560.8822     -3434.9784     -2114.7142    
    194000   194000         694.60918     -646.80481      33843.846      34608.263      12710.787      21897.475      5479.3074      5815.3188      6138.966       736.24698      3.226333       11266.067     -7541.6571     -490.65698      81036.556      43.273995      43.273995      43.273995      1.0638061     -230.51498     -1075.8782     -634.02131    
    195000   195000         703.5126       1559.2214      36536.996      34728.4        12873.713      21854.687      5691.9922      5798.5046      5895.8987      714.33295      41.031901      11258.964     -7546.0373     -499.9207       79534.918      43.005032      43.005032      43.005032      1.083891       3447.1895     -1082.6393      2313.114     
    196000   196000         702.27015     -625.14904      33844.258      34577.49       12850.977      21726.513      5442.2848      5905.2667      5913.9437      664.24788      78.687719      11262.209     -7540.1269     -494.39842      80423.299      43.164558      43.164558      43.164558      1.071918      -1289.9787     -986.46609      400.99769    
    197000   197000         719.68943      2015.7886      37556.844      35216.925      13169.736      22047.189      5652.1656      6041.7977      5884.7542      701.22676      37.616163      11266.09      -7536.4607     -499.55011      79593.92       43.015664      43.015664      43.015664      1.0830875      2731.664       1887.7423      1427.9594    
    198000   198000         700.14924     -923.01108      33470.304      34562.46       12812.166      21750.294      5698.5035      5831.2552      5708.6256      699.05881      72.564246      11271.933     -7531.6468     -490.0689       81133.799      43.291298      43.291298      43.291298      1.0625311     -2163.7088     -329.89831     -275.42609    
    199000   199000         703.65463      866.9805       35654.391      34637.847      12876.312      21761.535      5463.7027      5840.6539      5935.3672      716.29385      52.189989      11295.693     -7542.3653     -494.55867      80397.239      43.159895      43.159895      43.159895      1.0722655      1225.7407     -841.61747      2216.8183    
    200000   200000         704.40517     -150.23156      34641.813      34817.655      12890.046      21927.609      5593.4642      5836.3663      6025.9743      709.46309      21.572773      11276.583     -7535.8147     -495.41969      80257.513      43.134877      43.134877      43.134877      1.0741323     -1073.1968     -202.80001      825.30212    
    201000   201000         697.13564     -1668.6504      32652.568      34621.195      12757.02       21864.176      5463.6375      5982.337       5990.5472      720.9338      -29.458207      11274.904     -7538.7251     -491.51493      80895.106      43.248802      43.248802      43.248802      1.0656662     -3490.6349     -1295.2167     -220.09955    
    202000   202000         706.53655      2677.7518      37966.206      34865.087      12929.049      21936.038      5760.7394      5770.2546      5904.6573      750.47277      3.6239944      11283.528     -7537.2376     -500.71049      79409.464      42.982409      42.982409      42.982409      1.0856034      3079.9763      2293.9253      2659.3538    
    203000   203000         697.83255      685.33921      35478.668      34672.795      12769.772      21903.023      5569.9772      5935.411       5955.624       714.73441     -9.9767132      11277.127     -7539.8741     -493.14416      80627.847      43.201121      43.201121      43.201121      1.0691986      498.8618       1580.5814     -23.425634    
    204000   204000         710.1805       949.74358      35908.794      34792.831      12995.73       21797.101      5535.4296      5973.4259      5873.4499      687.07775     -19.55801       11285.308     -7538.0327     -493.5049       80568.91       43.190593      43.190593      43.190593      1.0699808      51.065069      398.97499      2399.1907    
    205000   205000         697.57067      2237.5633      37255.285      34639.679      12764.98       21874.699      5518.9268      5846.5104      6031.4615      681.89336      31.358944      11304.705     -7540.1572     -496.06421      80153.237      43.116188      43.116188      43.116188      1.0755297      981.78324      4003.6715      1727.2351    
    206000   206000         683.6745       2415.4926      37265.821      34417.383      12510.692      21906.692      5481.7095      5914.1715      6016.881       710.17786      33.422433      11286.845     -7536.5151     -491.73809      80858.393      43.242259      43.242259      43.242259      1.0661501      1153.7667      3456.9232      2635.7877    
    207000   207000         694.10121      1776.1249      36486.022      34415.069      12701.492      21713.577      5483.971       5950.5094      5847.1739      674.18104     -3.8786225      11292.825     -7531.205      -497.32229      79950.473      43.0798        43.0798        43.0798        1.0782573      1589.0901      2571.0806      1168.204     
    208000   208000         703.10416     -2424.8322      31849.785      34766.838      12866.239      21900.6        5552.1874      5873.5019      6012.0763      721.55192      3.8205869      11272.665     -7535.2039     -482.02798      82487.229      43.530692      43.530692      43.530692      1.0450973     -1971.47       -2556.2796     -2746.7471    
    209000   209000         696.46312      1441.4861      36352.411      34666.291      12744.713      21921.578      5551.6172      5830.8097      6006.6452      701.58944      99.232031      11265.313     -7533.6283     -495.74325      80205.13       43.125491      43.125491      43.125491      1.0748338      1181.6585      258.30313      2884.4965    
    210000   210000         687.91675     -797.59322      33385.342      34331.997      12588.321      21743.676      5338.1823      5890.6278      6039.0554      716.88337      9.013467       11283.658     -7533.744      -488.56715      81383.187      43.335608      43.335608      43.335608      1.0592751     -1055.3277     -2219.1213      881.66937    
    211000   211000         707.59216      989.36414      35785.3        34632.992      12948.365      21684.626      5398.3331      5848.771       5933.9251      726.73038      31.666427      11281.926     -7536.7256     -497.87722      79861.36       43.063788      43.063788      43.063788      1.0794605      3515.5103      1860.073      -2407.4909    
    212000   212000         708.9338       783.1265       35664.589      34741.528      12972.916      21768.611      5548.9401      5767.2605      5976.806       705.1825       33.938786      11276.329     -7539.846      -491.9673       80820.722      43.235542      43.235542      43.235542      1.066647      -24.047072      733.8708       1639.5558    
    213000   213000         700.87184     -2209.8606      31915.418      34508.337      12825.389      21682.948      5551.8968      5786.4898      5986.4301      695.92677     -74.996712      11269.613     -7532.412      -494.2092       80454.091      43.170066      43.170066      43.170066      1.0715078     -1654.6597     -2283.6101     -2691.3121    
    214000   214000         695.61484     -2144.1833      32055.81       34586.624      12729.19       21857.434      5492.0522      6011.7016      5995.056       743.98292     -126.67753      11281.02      -7539.7014     -491.28841      80932.405      43.255448      43.255448      43.255448      1.0651751     -1840.3402     -2885.696      -1706.5138    
    215000   215000         714.0301       1382.1864      36326.684      34729.031      13066.175      21662.857      5487.42        5875.4626      5983.7091      701.2309      -139.39028      11294.132     -7539.7077     -501.67116      79257.401      42.954956      42.954956      42.954956      1.0876862      3513.8596     -351.50463      984.20432    
    216000   216000         697.11902      1127.8599      36054.624      34735.869      12756.715      21979.154      5525.3937      6036.6527      5948.4786      692.42817      40.90683       11271.538     -7536.2449     -495.93615      80173.933      43.119898      43.119898      43.119898      1.075252       2302.6896     -172.7529       1253.6431    
    217000   217000         698.21434      4485.2294      39353.531      34185.457      12776.759      21408.698      5490.0768      5911.8937      5518.0173      675.32516      77.716277      11276.083     -7540.4139     -503.25814      79007.47       42.909757      42.909757      42.909757      1.091127       4142.3644      4544.0193      4769.3045    
    218000   218000         695.47761      968.86973      35762.426      34620.819      12726.679      21894.14       5683.6013      5939.2512      5794.9229      713.32038      31.944699      11272.414     -7541.3149     -492.13407      80793.334      43.230658      43.230658      43.230658      1.0670086      2665.5582     -766.56051      1007.6114    
    219000   219000         706.91158     -346.08921      34300.264      34709.079      12935.911      21773.167      5578.8806      5827.7607      5911.0612      730.18118     -3.1205455      11270.774     -7542.37       -490.90301      80995.943      43.266765      43.266765      43.266765      1.0643395      312.11856     -1260.6315     -89.754672    
    220000   220000         691.82414      728.72764      35172.642      34317.881      12659.823      21658.057      5463.8078      5866.5155      5968.1893      703.5419      -46.249961      11251.766     -7549.5131     -494.3736       80427.336      43.16528       43.16528       43.16528       1.0718642      1664.0505      195.78197      326.35041    
    221000   221000         698.16222     -155.92607      34240.126      34422.636      12775.805      21646.831      5433.0868      5826.4765      5868.8986      734.79256      33.943753      11285.993     -7536.3609     -495.41415      80258.409      43.135038      43.135038      43.135038      1.0741203     -1334.7918      702.27149      164.74211    
    222000   222000         699.53236      814.13308      35339.593      34385.374      12800.878      21584.496      5392.8624      5808.4579      5931.7664      717.42863     -6.4640042      11282.173     -7541.7287     -494.74553      80366.875      43.154461      43.154461      43.154461      1.0726706      1706.0549     -151.64287      887.98725    
    223000   223000         705.16366     -1196.1004      33416.059      34823.683      12903.926      21919.758      5485.5286      6061.8803      6022.8782      677.01714     -33.77988       11258.307     -7552.0736     -492.73756      80694.38       43.213001      43.213001      43.213001      1.0683171     -1364.7927     -2132.3017     -91.20684     
    224000   224000         692.24319      1012.4584      35812.776      34627.65       12667.492      21960.159      5607.6515      5935.6628      5942.1936      678.71378      67.796418      11269.488     -7541.3473     -495.39058      80262.228      43.135722      43.135722      43.135722      1.0740691      327.90465      1788.0506      921.41989    
    225000   225000         709.46893      2449.8512      37774.289      34908.585      12982.709      21925.877      5531.6675      6038.9067      5892.5834      689.0243       47.963035      11269.21      -7543.4781     -495.72776      80207.637      43.12594       43.12594       43.12594       1.0748002      5543.5614      801.00826      1004.984     
    226000   226000         690.47505      1889.6517      36527.444      34322.864      12635.136      21687.728      5556.0231      5830.0568      5913.2128      696.78336     -33.531922      11267.646     -7542.4622     -497.03936      79995.982      43.087972      43.087972      43.087972      1.0776439      225.62101      2553.6644      2889.6696    
    227000   227000         694.36741      778.58203      35474.624      34567.058      12706.363      21860.695      5598.8393      5853.5135      6006.0953      695.80187     -26.646514      11276.013     -7542.9216     -497.46365      79927.754      43.075719      43.075719      43.075719      1.0785638      1491.5151      780.30407      63.926944    
    228000   228000         697.67029      1707.0948      36552.046      34566.609      12766.803      21799.806      5633.1422      5740.2169      5941.3495      718.27681      27.893534      11276.882     -7537.9552     -498.58175      79748.51       43.043495      43.043495      43.043495      1.080988       2206.5818      1763.9605      1150.7421    
    229000   229000         704.50967      324.34411      34834.796      34456.923      12891.958      21564.964      5445.7778      5853.7157      5883.2489      661.51431     -19.837659      11278.392     -7537.8462     -497.73156      79884.732      43.067989      43.067989      43.067989      1.0791447     -218.26786     -1643.3769      2834.6771    
    230000   230000         701.0193       1109.2454      36078.001      34770.319      12828.087      21942.232      5589.8333      5904.8965      5949.2635      725.08872      57.920544      11252.234     -7537.0053     -491.88144      80834.83       43.238058      43.238058      43.238058      1.0664609      1578.3023      63.451469      1685.9824    
    231000   231000         692.59042      1905.1091      36872.44       34633.389      12673.846      21959.544      5600.3985      5956.9395      5917.8808      706.26018      41.242532      11275.998     -7539.1761     -493.3905       80587.592      43.193931      43.193931      43.193931      1.0697327      2277.1499      2964.5639      473.61351    
    232000   232000         703.06167     -356.43693      34045.302      34457.846      12865.461      21592.385      5496.2173      5806.9551      5989.6198      686.18018     -108.21519      11264.763     -7543.1356     -501.01146      79361.761      42.973801      42.973801      42.973801      1.0862559     -1331.3052     -526.99625      788.99068    
    233000   233000         699.58274      1706.8279      36589.631      34586.656      12801.799      21784.857      5561.5507      5857.6601      5899.4391      678.2217       46.597874      11284.129     -7542.742      -494.13891      80465.536      43.172113      43.172113      43.172113      1.0713554      1677.1049      3215.3134      228.06558    
    234000   234000         696.06094     -69.298755      34419.213      34500.203      12737.353      21762.85       5557.2445      5824.0378      5901.1976      688.99935      54.709342      11276.44      -7539.7784     -496.16714      80136.609      43.113206      43.113206      43.113206      1.0757528     -1013.3827      417.46596      388.02042    
    235000   235000         696.44446     -118.05645      34574.708      34713.705      12744.371      21969.333      5656.4082      5817.1708      5994.9108      712.80371      44.10387       11281.356     -7537.4205     -492.51674      80730.56       43.219459      43.219459      43.219459      1.0678383      899.82655     -2053.7392      799.74325    
    236000   236000         709.04798     -189.97059      34446.277      34669.904      12975.006      21694.898      5480.9887      5870.8237      5892.2227      702.70822      5.3457076      11273.605     -7530.7962     -492.60293      80716.434      43.216938      43.216938      43.216938      1.0680252      14.381602      40.984778     -625.27815    
    237000   237000         695.67415     -377.61511      33919.905      34368.498      12730.276      21638.223      5435.6829      5833.0244      5857.0392      676.09857      101.10387      11267.406     -7532.1325     -488.1252       81456.871      43.348683      43.348683      43.348683      1.0583169     -1516.9405      1650.5743     -1266.479     
    238000   238000         708.56102      285.75155      35320.634      34986.541      12966.095      22020.446      5619.8409      5993.2041      5916.4052      715.11721      12.711974      11292.773     -7529.6063     -495.97012      80168.442      43.118914      43.118914      43.118914      1.0753257      933.33871      893.29351     -969.37756    
    239000   239000         692.45357      1913.1889      36697.043      34461.372      12671.341      21790.031      5548.6338      5981.5046      5904.8132      694.61447     -60.818042      11257.363     -7536.0804     -496.23201      80126.132      43.111327      43.111327      43.111327      1.0758935      3803.5933      2105.4614     -169.48811    
    240000   240000         693.30401     -109.19221      34413.275      34539.437      12686.904      21852.533      5588.5651      5887.1087      6024.6762      708.38042     -73.488441      11255.973     -7538.6817     -501.87613      79225.032      42.949107      42.949107      42.949107      1.0881306     -209.32452     -343.81057      225.55846    
    241000   241000         681.08618     -1228.0147      32612.52       34031.281      12463.327      21567.954      5326.5278      5809.7445      6103.2569      702.98698     -103.74201      11261.717     -7532.5378     -501.91383      79219.081      42.948032      42.948032      42.948032      1.0882124     -1665.6658     -2053.2409      34.862473    
    242000   242000         689.21641      2124.7362      36809.558      34342.968      12612.104      21730.864      5450.2632      5922.2198      5855.0599      725.75545      46.642846      11266.086     -7535.1633     -499.50846      79600.558      43.01686       43.01686       43.01686       1.0829972      2066.9818      4426.5848     -119.35789    
    243000   243000         691.34293      880.05337      35407.743      34369.198      12651.018      21718.18       5570.3959      5834.7591      5870.4461      689.75563      23.662695      11260.008     -7530.847      -491.38126      80917.111      43.252723      43.252723      43.252723      1.0653764      184.39821      1818.5249      637.23701    
    244000   244000         697.5681      -633.88948      33794.682      34543.468      12764.933      21778.535      5478.4516      5805.8992      6041.534       729.15945     -4.3595137      11257.806     -7529.9557     -490.89776      80996.808      43.266919      43.266919      43.266919      1.0643282     -255.90845     -1605.3732     -40.386762    
    245000   245000         685.85189     -734.52988      33327.393      34196.96       12550.536      21646.424      5462.6081      5818.1422      5926.327       685.44921     -13.238513      11299.789     -7532.6534     -489.82538      81174.137      43.298471      43.298471      43.298471      1.0620031      362.15417     -1075.4317     -1490.3121    
    246000   246000         698.21361      522.83595      35111.121      34496.86       12776.746      21720.115      5515.0161      5794.7469      5947.9041      687.41053      6.8583946      11299.565     -7531.386      -493.56852      80558.525      43.188737      43.188737      43.188737      1.0701187      19.91372       284.60193      1263.9922    
    247000   247000         699.23834      858.80225      35514.923      34512.834      12795.497      21717.337      5439.6431      5834.55        6036.2869      712.2479      -41.693484      11267.569     -7531.2662     -496.96035      80008.7        43.090256      43.090256      43.090256      1.0774726     -1028.3751      727.85953      2876.9223    
    248000   248000         700.80296      25.469201      34640.884      34610.868      12824.129      21786.739      5409.688       5889.1818      6037.6927      675.9565       4.4345018      11301.203     -7531.4177     -492.03119      80810.227      43.233671      43.233671      43.233671      1.0667856      1178.2807     -612.27398     -489.59915    
    249000   249000         692.82657     -1332.3099      32631.994      34209.287      12678.167      21531.12       5396.1976      5617.6109      6051.8453      684.77465      39.512052      11271.336     -7530.1566     -489.80987      81176.706      43.298928      43.298928      43.298928      1.0619695      701.16015     -4003.8958     -694.19416    
    250000   250000         703.04577      310.18671      34771.285      34411.771      12865.17       21546.601      5461.8949      5880.3754      5877.1426      692.34274     -127.48181      11295.457     -7533.1304     -500.31252      79472.631      42.993803      42.993803      42.993803      1.0847405     -1013.3051      2085.3579     -141.49263    
Loop time of 537.938 on 1 procs for 250000 steps with 6140 atoms

Performance: 40.153 ns/day, 0.598 hours/ns, 464.738 timesteps/s, 2.853 Matom-step/s
100.0% CPU use with 1 MPI tasks x 1 OpenMP threads

MPI task timing breakdown:
Section |  min time  |  avg time  |  max time  |%varavg| %total
---------------------------------------------------------------
Pair    | 49.015     | 49.015     | 49.015     |   0.0 |  9.11
Bond    | 65.888     | 65.888     | 65.888     |   0.0 | 12.25
Kspace  | 242.24     | 242.24     | 242.24     |   0.0 | 45.03
Neigh   | 76.061     | 76.061     | 76.061     |   0.0 | 14.14
Comm    | 13.525     | 13.525     | 13.525     |   0.0 |  2.51
Output  | 2.1245     | 2.1245     | 2.1245     |   0.0 |  0.39
Modify  | 78.712     | 78.712     | 78.712     |   0.0 | 14.63
Other   |            | 10.38      |            |       |  1.93

Nlocal:           6140 ave        6140 max        6140 min
Histogram: 1 0 0 0 0 0 0 0 0 0
Nghost:          15840 ave       15840 max       15840 min
Histogram: 1 0 0 0 0 0 0 0 0 0
Neighs:              0 ave           0 max           0 min
Histogram: 1 0 0 0 0 0 0 0 0 0
FullNghs:  3.01915e+06 ave 3.01915e+06 max 3.01915e+06 min
Histogram: 1 0 0 0 0 0 0 0 0 0

Total # of neighbors = 3019152
Ave neighs/atom = 491.71857
Ave special neighs/atom = 5.6319218
Neighbor list builds = 18544
Dangerous builds = 0

# --- Cleanup ---
unfix npt_fix

undump dump_npt

# --- Write Output ---
write_dump all custom cool_block_03_last.dump id type mol x y z xu yu zu vx vy vz modify sort id
write_data /home/alexzhao/PolyJarvis/data/PEEK_3/attempts/cooling/attempt-0001/work/cool_block_03/cool_block_03_out.data
System init for write_data ...
PPPM Kokkos initialization ...
  using 12-bit tables for long-range coulomb
  G vector (1/distance) = 0.31398812
  grid = 36 36 36
  stencil order = 5
  estimated absolute RMS force accuracy = 0.00024746144
  estimated relative force accuracy = 7.4522277e-07
  using double precision cuFFT
  3d grid and FFT values/proc = 79507 46656
Generated 21 of 21 mixed pair_coeff terms from sixthpower/sixthpower mixing rule
write_restart /home/alexzhao/PolyJarvis/data/PEEK_3/attempts/cooling/attempt-0001/work/cool_block_03/cool_block_03_out.restart
System init for write_restart ...
PPPM Kokkos initialization ...
  using 12-bit tables for long-range coulomb
  G vector (1/distance) = 0.31398812
  grid = 36 36 36
  stencil order = 5
  estimated absolute RMS force accuracy = 0.00024746144
  estimated relative force accuracy = 7.4522277e-07
  using double precision cuFFT
  3d grid and FFT values/proc = 79507 46656
Generated 21 of 21 mixed pair_coeff terms from sixthpower/sixthpower mixing rule

print "STAGE COMPLETE: NPT T=720.0->695.0K P=1.0->1.0atm steps=250000"
STAGE COMPLETE: NPT T=720.0->695.0K P=1.0->1.0atm steps=250000
quit
