units real
atom_style full
boundary p p p

# --- Force Field Styles ---
pair_style lj/class2/coul/long 9.5 9.5
kspace_style pppm 1e-6
dielectric 1.000000
bond_style class2
angle_style class2
dihedral_style class2
improper_style class2
special_bonds lj/coul 0 0 1
pair_modify mix sixthpower tail yes
neighbor 2.0 bin
neigh_modify delay 0 every 1 check yes
neigh_modify one 4000
# KOKKOS: package loaded via -pk kokkos on the command line

read_data /home/alexzhao/PolyJarvis/data/PEEK_3/attempts/cooling/attempt-0001/work/cool_block_17/cool_block_17_out.data
Reading data file ...
  orthogonal box = (4.5885143 4.5885143 4.5885143) to (46.149466 46.149466 46.149466)
  1 by 1 by 1 MPI processor grid
  reading atoms ...
  6140 atoms
  reading velocities ...
  6140 velocities
  scanning bonds ...
  3 = max bonds/atom
  scanning angles ...
  9 = max angles/atom
  scanning dihedrals ...
  18 = max dihedrals/atom
  scanning impropers ...
  4 = max impropers/atom
  orthogonal box = (4.5885143 4.5885143 4.5885143) to (46.149466 46.149466 46.149466)
  1 by 1 by 1 MPI processor grid
  reading bonds ...
  6670 bonds
  reading angles ...
  10620 angles
  reading dihedrals ...
  15820 dihedrals
  reading impropers ...
  3420 impropers
Finding 1-2 1-3 1-4 neighbors ...
  special bond factors lj:    0        0        1       
  special bond factors coul:  0        0        1       
     3 = max # of 1-2 neighbors
     6 = max # of 1-3 neighbors
     9 = max # of special neighbors
  special bonds CPU = 0.003 seconds
  read_data CPU = 0.189 seconds


# --- Thermo Output ---
thermo_style custom step time temp press enthalpy etotal ke pe ebond eangle edihed eimp evdwl ecoul elong etail vol lx ly lz density pxx pyy pzz
thermo_modify flush yes
thermo 1000

# --- Trajectory ---
dump dump_npt all custom 1000 cool_block_18.dump id type mol x y z ix iy iz vx vy vz


# --- Restart Checkpointing ---
restart 10000 npt_1.rst npt_2.rst

# --- Initial Velocities (optional) ---
# Velocities read from data file

# --- SHAKE Constraints ---
# SHAKE disabled

# --- NPT Thermostat + Barostat (Nose-Hoover) ---
# T_damp = 100.0 fs  (heat bath coupling)
# P_damp = 1000.0 fs  (pressure bath coupling, ~10x T_damp typical)
# Ramp: T=345.0->320.0K  P=1.0->1.0atm
timestep 1.0
fix npt_fix all npt temp 345.0 320.0 100.0 iso 1.0 1.0 1000.0

run 250000
PPPM Kokkos initialization ...
  using 12-bit tables for long-range coulomb
  G vector (1/distance) = 0.30708939
  grid = 32 32 32
  stencil order = 5
  estimated absolute RMS force accuracy = 0.00038101928
  estimated relative force accuracy = 1.1474282e-06
  using double precision cuFFT
  3d grid and FFT values/proc = 59319 32768
Generated 21 of 21 mixed pair_coeff terms from sixthpower/sixthpower mixing rule
Neighbor list info ...
  update: every = 1 steps, delay = 0 steps, check = yes
  max neighbors/atom: 4000, page size: 100000
  master list distance cutoff = 11.5
  ghost atom cutoff = 11.5
  binsize = 11.5, bins = 4 4 4
  1 neighbor lists, perpetual/occasional/extra = 1 0 0
  (1) pair lj/class2/coul/long/kk, perpetual
      attributes: full, newton off, kokkos_device
      pair build: full/bin/kk/device
      stencil: full/bin/3d
      bin: kk/device
Per MPI rank memory allocation (min/avg/max) = 28.62 | 28.62 | 28.62 Mbytes
   Step          Time           Temp          Press         Enthalpy        TotEng         KinEng         PotEng         E_bond        E_angle        E_dihed        E_impro         E_vdwl         E_coul         E_long         E_tail         Volume           Lx             Ly             Lz          Density          Pxx            Pyy            Pzz      
         0   0              349.05845     -420.21367      20338.873      20778.823      6387.4879      14391.335      3159.1791      4224.3408      3906.851       341.98061     -877.8369       11060.168     -7423.3476     -553.8632       71788.759      41.560952      41.560952      41.560952      1.2008451     -1142.9003      586.2369      -703.97763    
      1000   1000           336.64803      1580.6046      22161.012      20498.127      6160.3872      14337.74       3047.2117      4255.3928      3897.7752      355.36153     -889.9726       11096.368     -7424.396      -551.18306      72137.834      41.628206      41.628206      41.628206      1.1950343      1252.0409      2493.5593      996.21363    
      2000   2000           339.4073       49.637231      20687.738      20635.422      6210.8796      14424.543      3165.2072      4208.1308      3945.1197      342.83186     -899.62734      11083         -7420.1196     -550.18988      72268.054      41.65324       41.65324       41.65324       1.1928809      201.5495      -956.10646      903.46865    
      3000   3000           346.19648     -182.18343      20505.947      20697.575      6335.1162      14362.458      3071.3462      4286.8362      3900.9231      352.66398     -887.52848      11063.39      -7425.1727     -551.29683      72122.947      41.625343      41.625343      41.625343      1.1952809      888.4102      -1681.8352      246.87471    
      4000   4000           344.62713      2084.1762      22928.682      20754.822      6306.3984      14448.424      3112.6583      4336.0316      3853.4444      355.28433     -875.9445       11090.378     -7423.4288     -555.95253      71518.97       41.508823      41.508823      41.508823      1.2053751      2527.313       1208.5369      2516.6786    
      5000   5000           339.4803      -118.33198      20378.965      20503.703      6212.2155      14291.488      3105.8334      4211.9756      3905.5727      351.40033     -945.28719      11084.024     -7422.0309     -550.09508      72280.508      41.655632      41.655632      41.655632      1.1926754     -499.20481      79.55014       64.658749    
      6000   6000           342.26549     -372.55596      20400.755      20793.751      6263.1822      14530.569      3161.6724      4232.2673      4012.8546      349.36525     -900.02295      11098.086     -7423.6539     -549.71486      72330.502      41.665234      41.665234      41.665234      1.191851       1693.7493     -808.83609     -2002.5811    
      7000   7000           342.75277      10.796137      20701.131      20689.759      6272.099       14417.66       3205.5854      4284.1851      3898.9134      336.99914     -959.16232      11078.294     -7427.1556     -550.48918      72228.762      41.645689      41.645689      41.645689      1.1935298     -1356.203       19.303793      1369.2876    
      8000   8000           341.42319      440.48061      21166.405      20699.953      6247.7688      14452.185      3072.5346      4333.9822      3915.912       360.9023      -879.97583      11072.48      -7423.6505     -547.58929      72611.267      41.719075      41.719075      41.719075      1.1872425     -1196.0541      751.44399      1766.052     
      9000   9000           347.33901      1414.835       22270.872      20783.658      6356.0236      14427.634      3207.4313      4267.0234      3818.2822      349.24359     -877.0597       11085.928     -7423.215      -551.65442      72076.195      41.616347      41.616347      41.616347      1.1960562      2252.6867      462.75622      1529.062     
     10000   10000          345.94747      908.02298      21630.985      20678.007      6330.5594      14347.447      3069.4342      4316.6422      3890.2215      348.30658     -945.92771      11089.227     -7420.4565     -552.52065      71963.196      41.594587      41.594587      41.594587      1.1979343      884.21835      685.96955      1153.881     
     11000   11000          347.17192     -455.15723      20330.119      20803.968      6352.9659      14451.002      3079.625       4303.9216      4011.4409      348.64903     -941.18073      11070.034     -7421.4879     -557.0019       71384.23       41.482739      41.482739      41.482739      1.2076502     -157.57046      1367.4617     -2575.3629    
     12000   12000          339.7468      -539.67839      20144.268      20710.126      6217.0922      14493.033      3143.471       4352.1915      3924.8777      357.02972     -923.12813      11064.691     -7426.0994     -553.04821      71894.549      41.581357      41.581357      41.581357      1.1990781     -613.67745     -441.1557      -564.20203    
     13000   13000          342.13648      1024.6026      21680.033      20603.578      6260.8214      14342.757      3089.5217      4208.6924      3958.4892      340.3834      -886.2354       11058.563     -7426.6577     -551.9431       72038.498      41.60909       41.60909       41.60909       1.1966821     -818.78354      592.33885      3300.2525    
     14000   14000          349.52194     -1019.1287      19781.149      20849.121      6395.9695      14453.152      3091.2905      4323.0724      3989.6658      357.8042      -966.33051      11082.531     -7424.8813     -553.35514      71854.672      41.573667      41.573667      41.573667      1.1997436     -2369.1588      842.94377     -1531.171     
     15000   15000          341.33705     -816.72633      19776.388      20640.241      6246.1926      14394.049      3082.2735      4302.4383      3923.5112      337.80046     -908.43828      11077.098     -7420.634      -548.24097      72524.956      41.702538      41.702538      41.702538      1.1886554     -153.45618     -4251.3118      1954.589     
     16000   16000          345.93709     -586.14525      20262.712      20880.838      6330.3695      14550.468      3107.4193      4338.9894      4016.3776      367.66573     -948.42518      11089.875     -7421.4332     -549.87374      72309.604      41.661221      41.661221      41.661221      1.1921955     -688.63117      434.94609     -1504.7507    
     17000   17000          346.5426       159.95482      20954.143      20785.335      6341.4498      14443.885      3140.1602      4290.0808      3904.702       361.45596     -903.63337      11078.647     -7427.5278     -549.46331      72363.616      41.671591      41.671591      41.671591      1.1913056      912.79525     -1080.9639      648.03316    
     18000   18000          346.46941      361.44243      21146.848      20766.824      6340.1105      14426.713      3110.0207      4239.1527      3911.0264      360.12687     -850.32532      11079.136     -7422.4242     -551.52188      72093.517      41.61968       41.61968       41.61968       1.1957689     -202.35405      1996.9007     -710.21933    
     19000   19000          337.61731     -842.31096      19827.007      20719.013      6178.1243      14540.889      3094.5086      4373           3971.0403      362.29744     -936.05534      11096.795     -7420.6973     -547.56991      72613.836      41.719567      41.719567      41.719567      1.1872005     -466.90629     -2160.5919      100.56532    
     20000   20000          352.97393      1311.2849      22152.212      20772.451      6459.138       14313.313      3112.6591      4276.4463      3801.5654      334.96876     -879.27956      11086.11      -7419.1578     -551.09691      72149.111      41.630375      41.630375      41.630375      1.1948475      1485.0301      1508.4144      940.41021    
     21000   21000          336.57749      631.69929      21241.782      20578.412      6159.0964      14419.315      3205.2658      4250.6667      3884.2218      346.72911     -926.88622      11084.171     -7424.8523     -552.19077      72006.187      41.602868      41.602868      41.602868      1.1972191      1611.0382     -100.19444      384.25413    
     22000   22000          335.94381      180.8989       20772.9        20582.831      6147.5006      14435.33       3179.2668      4230.2249      3920.7226      351.27408     -899.25566      11078.652     -7425.5545     -551.8985       72044.319      41.610211      41.610211      41.610211      1.1965854      288.3544      -2371.9821      2626.3244    
     23000   23000          340.3511       368.78186      21026.609      20639.898      6228.1504      14411.748      3213.0808      4235.5813      3927.3392      353.46652     -989.15514      11094.304     -7422.8685     -552.99048      71902.055      41.582804      41.582804      41.582804      1.198953      -1032.0202      1048.4306      1089.9351    
     24000   24000          342.57697      87.042223      20791.632      20700.035      6268.882       14431.153      3161.7145      4255.5612      3921.2148      344.38065     -900.77938      11077.362     -7428.3013     -551.03896      72156.699      41.631835      41.631835      41.631835      1.1947218     -591.308        1019.4868     -167.05208    
     25000   25000          343.11832      139.41255      20798.841      20651.568      6278.7884      14372.78       3092.1485      4281.7474      3907.3111      348.72049     -901.0363       11072.185     -7428.2964     -548.92606      72434.441      41.685182      41.685182      41.685182      1.1901408     -610.87154     -634.29884      1663.408     
     26000   26000          342.90221     -167.75385      20430.243      20606.295      6274.8336      14331.462      3099.7871      4258.7847      3912.2559      324.01572     -904.55232      11065.098     -7423.9274     -552.54066      71960.59       41.594085      41.594085      41.594085      1.1979777     -1692.7912     -91.049457      1280.5791    
     27000   27000          348.93247      1779.9857      22610.856      20739.625      6385.1827      14354.443      3116.6774      4204.5812      3867.9898      362.28485     -854.02432      11082.603     -7425.669      -551.59991      72083.318      41.617717      41.617717      41.617717      1.195938       1448.375       2924.5672      967.01502    
     28000   28000          343.07675      248.69359      20953.132      20691.465      6278.0277      14413.438      3204.5433      4246.2697      3875.2698      344.10822     -918.94196      11087.169     -7424.98       -551.12538      72145.383      41.629658      41.629658      41.629658      1.1949092      2349.9628      821.68986     -2425.5719    
     29000   29000          346.76786      379.81046      21061.935      20662.305      6345.5719      14316.734      3172.7743      4172.5939      3886.0846      364.5931      -933.19221      11081.74      -7427.8606     -551.11741      72146.427      41.629859      41.629859      41.629859      1.1948919      1352.5498     -362.17473      149.0563     
     30000   30000          345.12278      782.81097      21586.082      20764.862      6315.4683      14449.394      3183.3903      4226.2882      3915.4141      354.98354     -863.87217      11065.616     -7432.4256     -552.75495      71932.693      41.588709      41.588709      41.588709      1.1984423      286.1013       882.5892       1179.7424    
     31000   31000          345.54955      44.782184      20684.285      20637.023      6323.2778      14313.745      3167.5287      4261.652       3831.8372      326.4138      -937.26072      11085.194     -7421.6205     -549.4451       72366.014      41.672052      41.672052      41.672052      1.1912661     -386.77204      627.49587     -106.37728    
     32000   32000          346.74353      571.74029      21330.373      20732.087      6345.1267      14386.96       3144.9418      4337.4738      3847.6054      338.46927     -934.9515       11078.365     -7424.9434     -554.14658      71752.048      41.553866      41.553866      41.553866      1.2014595      619.41411      20.057363      1075.7494    
     33000   33000          343.95528     -1100.258       19386.963      20542.582      6294.1041      14248.478      3142.8604      4192.7626      3855.5558      338.78869     -952.57565      11093.189     -7422.1036     -552.09625      72018.515      41.605242      41.605242      41.605242      1.1970142     -2646.4711     -1569.0778      914.77479    
     34000   34000          341.75462     -312.86164      20337.551      20666.624      6253.8338      14412.79       3102.0025      4367.5424      3891.4871      348.37009     -933.01488      11061.033     -7424.63       -551.31021      72121.197      41.625006      41.625006      41.625006      1.1953099     -850.19219      1194.3        -1282.6928    
     35000   35000          339.02341     -1799.3506      18684.61       20565.691      6203.8548      14361.836      3150.8228      4219.5896      3955.3456      344.14682     -956.22405      11072.09      -7423.9348     -554.68097      71682.921      41.540517      41.540517      41.540517      1.2026182     -1404.4574     -1911.0137     -2082.5807    
     36000   36000          340.43974      323.15412      20907.742      20570.973      6229.7725      14341.2        3117.9618      4227.246       3970.2118      345.5794      -973.64231      11079.164     -7425.3209     -556.43128      71457.435      41.496915      41.496915      41.496915      1.2064131     -1942.2205     -200.16566      3111.8485    
     37000   37000          341.06216     -1441.5128      19035.12       20542.797      6241.1622      14301.634      3123.6858      4249.3983      3929.7314      340.73656     -998.2387       11078.166     -7421.8447     -554.42811      71715.613      41.546831      41.546831      41.546831      1.2020699     -811.34125     -3045.4723     -467.72492    
     38000   38000          342.04553      880.12892      21648.103      20721.656      6259.1571      14462.499      3207.4726      4272.2023      3873.4118      356.55028     -899.78693      11076.55      -7423.9013     -550.88455      72176.923      41.635724      41.635724      41.635724      1.1943871      372.41236      373.44861      1894.5258    
     39000   39000          346.21159      59.426729      20703.864      20641.218      6335.3927      14305.825      3140.6031      4288.136       3837.368       355.4261      -964.9257       11073.151     -7423.933      -550.08038      72282.44       41.656004      41.656004      41.656004      1.1926435     -419.00832      767.50363     -170.21512    
     40000   40000          333.83023     -1217.6693      19155.576      20432.409      6108.8237      14323.585      3040.1233      4210.1793      4017.3058      337.14694     -931.40273      11077.125     -7426.8924     -553.00634      71899.994      41.582406      41.582406      41.582406      1.1989874     -2414.1779     -457.2268      -781.60326    
     41000   41000          343.97951      499.50091      21166.679      20643.544      6294.5474      14348.997      3147.7022      4262.4665      3883.3735      345.54635     -950.63554      11083.141     -7422.5974     -553.67886      71812.661      41.565564      41.565564      41.565564      1.2004455     -872.4769       610.79473      1760.1849    
     42000   42000          338.72682      1092.9982      21662.1        20522.455      6198.4275      14324.027      3034.127       4230.0159      3952.0054      362.41835     -922.36178      11091.316     -7423.4938     -556.14039      71494.81       41.504148      41.504148      41.504148      1.2057824      204.77027      941.99855      2132.2257    
     43000   43000          345.33523      2410.5059      23280.567      20738.608      6319.3559      14419.252      3148.6785      4240.3739      3869.0327      348.50455     -836.24706      11073.682     -7424.7729     -549.88835      72307.683      41.660852      41.660852      41.660852      1.1922272      2352.8665      2423.142       2455.5092    
     44000   44000          340.46322      179.38623      20809.378      20620.361      6230.2021      14390.159      3142.6173      4256.7016      3899.341       356.75023     -924.89239      11081.068     -7421.4268     -550.32891      72249.797      41.649732      41.649732      41.649732      1.1931824      964.39554     -1012.5497      586.31288    
     45000   45000          340.65954     -873.34046      19697.068      20608.805      6233.7946      14375.01       3118.4088      4199.0095      4017.9489      360.44924     -972.2724       11076.467     -7425.0012     -555.45524      71582.999      41.521206      41.521206      41.521206      1.2042969     -544.72277      1156.5269     -3231.8255    
     46000   46000          339.15787     -171.83755      20333.129      20513.764      6206.3152      14307.449      3105.1225      4230.5504      3907.7987      342.49954     -949.63778      11094.258     -7423.1429     -551.63481      72078.758      41.61684       41.61684       41.61684       1.1960137     -252.47764      1055.2408     -1318.2758    
     47000   47000          332.63783     -887.79501      19563.703      20494.221      6087.0037      14407.217      3067.1806      4288.6946      4012.9398      366.62644     -969.51703      11068.252     -7426.959      -553.2517       71868.106      41.576258      41.576258      41.576258      1.1995193     -2548.6851      25.730202     -140.43012    
     48000   48000          335.28924     -197.08207      20342.804      20549.555      6135.5225      14414.032      3197.4226      4317.4318      3831.306       334.28077     -905.15944      11064.474     -7425.7231     -552.75651      71932.489      41.58867       41.58867       41.58867       1.1984457     -275.44532     -302.62335     -13.177545    
     49000   49000          339.91366      51.592353      20565.48       20511.232      6220.1456      14291.086      3055.385       4220.3029      3902.5931      344.33547     -893.98439      11085.338     -7422.884      -551.48711      72098.062      41.620555      41.620555      41.620555      1.1956935      1518.4685     -427.28745     -936.40402    
     50000   50000          341.03614     -294.67398      20300.002      20608.272      6240.6861      14367.586      3089.8175      4268.6008      3975.1104      354.31926     -976.66422      11082.219     -7425.8175     -554.30093      71732.068      41.550009      41.550009      41.550009      1.2017942      320.15228      254.37788     -1458.5521    
     51000   51000          334.02838     -497.81571      19959.045      20483.031      6112.4497      14370.582      3123.508       4306.4976      3872.4296      351.27236     -942.9392       11082.732     -7422.9186     -550.91339      72173.146      41.634998      41.634998      41.634998      1.1944496     -751.01637      1219.3244     -1961.7551    
     52000   52000          342.4183       877.37557      21603.213      20686.098      6265.9785      14420.12       3139.5648      4287.7269      3893.6524      360.9974      -922.05821      11085.181     -7424.9451     -554.74936      71674.084      41.53881       41.53881       41.53881       1.2027664      996.19319      1205.4137      430.51982    
     53000   53000          347.75534     -129.38335      20604.041      20740.311      6363.642       14376.669      3175.6403      4317.7085      3856.2114      352.75999     -980.26958      11079.763     -7425.1451     -550.573        72217.766      41.643576      41.643576      41.643576      1.1937116     -130.6032      -639.60868      382.06185    
     54000   54000          336.77211     -52.17737       20473.054      20528.072      6162.6578      14365.414      3177.6242      4338.5255      3760.3197      361.77465     -929.11594      11078.813     -7422.5274     -549.93607      72301.408      41.659647      41.659647      41.659647      1.1923306     -659.79937      235.20163      268.06563    
     55000   55000          334.82735      902.13713      21512.529      20567.291      6127.0703      14440.221      3175.4155      4307.8121      3883.6883      346.61661     -926.31701      11077.112     -7424.1063     -553.43445      71844.375      41.571681      41.571681      41.571681      1.1999156      1367.7327      857.98611      480.69261    
     56000   56000          337.88825      536.27772      21166.951      20604.015      6183.0823      14420.933      3104.2231      4305.686       3929.6769      347.83847     -933.91896      11089.492     -7422.0645     -552.41561      71976.88       41.597223      41.597223      41.597223      1.1977066     -233.23239      1836.4074      5.658119     
     57000   57000          335.91254     -803.54164      19581.414      20424.874      6146.9283      14277.946      3044.515       4225.1461      3909.3127      349.74755     -906.12769      11078.378     -7423.0257     -552.43162      71974.794      41.596821      41.596821      41.596821      1.1977413      863.51856     -1939.3768     -1334.7667    
     58000   58000          339.08956      563.83847      21221.365      20630.513      6205.0652      14425.447      3113.9935      4286.4648      3877.4205      345.28101     -848.70168      11075.852     -7424.8628     -553.36393      71853.531      41.573447      41.573447      41.573447      1.1997627      453.97684      1069.088       168.45055    
     59000   59000          342.94779      833.46558      21519.734      20645.979      6275.6677      14370.312      3120.1566      4286.0012      3871.3446      361.25471     -927.01883      11082.721     -7424.1472     -553.13764      71882.926      41.579116      41.579116      41.579116      1.199272       602.59931      712.23963      1185.5578    
     60000   60000          337.68264     -511.23779      19927.062      20462.756      6179.3197      14283.436      3018.6335      4317.4182      3908.4309      335.29784     -949.72815      11076.081     -7422.6976     -553.40298      71848.46       41.572469      41.572469      41.572469      1.1998473     -470.72861     -898.20428     -164.78049    
     61000   61000          338.05308     -275.14704      20267.598      20556.311      6186.0986      14370.212      3154.4727      4235.4769      3915.0346      345.11652     -933.10697      11078.928     -7425.7091     -552.62914      71949.068      41.591865      41.591865      41.591865      1.1981696      846.8389       30.277425     -1702.5575    
     62000   62000          342.06763     -254.94011      20173.744      20442.379      6259.5615      14182.817      3040.6944      4219.8221      3861.0642      335.64752     -910.7557       11065.308     -7428.9637     -550.31425      72251.721      41.650102      41.650102      41.650102      1.1931506     -464.87188      310.51034     -610.45881    
     63000   63000          336.16326      155.95087      20670.728      20506.987      6151.5163      14355.471      3091.4324      4287.295       3904.0235      335.55956     -912.83342      11074.563     -7424.5696     -552.28565      71993.817      41.600486      41.600486      41.600486      1.1974248     -600.54192      143.61843      924.7761     
     64000   64000          337.24901     -448.34778      20094.486      20566.515      6171.3847      14395.131      3067.8555      4369.9091      3879.4751      352.94347     -927.25442      11074.377     -7422.1756     -550.78301      72190.229      41.638282      41.638282      41.638282      1.1941669     -1371.9603     -15.695829      42.612735    
     65000   65000          336.11431     -842.46807      19436.34       20322.321      6150.6206      14171.7        3071.5132      4279.9145      3722.7789      341.54289     -888.16997      11070.126     -7426.0054     -551.39628      72109.938      41.62284       41.62284       41.62284       1.1954966     -2265.2486     -1112.5314      850.37583    
     66000   66000          342.00591     -1119.6886      19460.414      20639.821      6258.4321      14381.389      3071.5917      4257.739       3961.9312      336.99959     -909.4084       11085.82      -7423.284      -550.51389      72225.52       41.645066      41.645066      41.645066      1.1935834     -787.76194     -2439.732      -131.57185    
     67000   67000          341.72494     -1155.6039      19239.728      20446.392      6253.2906      14193.101      3021.1595      4227.0474      3878.4466      345.45546     -942.40698      11084.547     -7421.1479     -555.33845      71598.053      41.524117      41.524117      41.524117      1.2040437     -582.78568     -2850.5316     -33.494335    
     68000   68000          340.17404     -922.57927      19547.78       20513.371      6224.9104      14288.46       3090.9153      4283.1371      3873.1671      344.55593     -961.53437      11077.54      -7419.3212     -554.04577      71765.104      41.556386      41.556386      41.556386      1.201241      -90.512494     -1941.8239     -735.40147    
     69000   69000          338.1007      -164.79952      20365.405      20538.867      6186.97        14351.897      3069.816       4239.8001      3929.7978      334.86262     -891.06249      11090.531     -7421.8484     -550.91694      72172.68       41.634908      41.634908      41.634908      1.1944573     -2708.5064      1303.0154      911.09244    
     70000   70000          335.95618      161.48478      20640.916      20470.743      6147.727       14323.016      3104.2921      4219.1312      3914.8685      347.46283     -924.92698      11083.489     -7421.301      -550.26976      72257.563      41.651224      41.651224      41.651224      1.1930541      1879.5798     -75.039091     -1320.0864    
     71000   71000          340.5119       468.18288      21050.942      20558.929      6231.093       14327.836      3259.3212      4194.829       3794.6555      337.91745     -914.42766      11078.662     -7423.1209     -551.79059      72058.409      41.612923      41.612923      41.612923      1.1963515     -998.3639       751.29257      1651.62      
     72000   72000          338.9917       998.17764      21503.371      20453.818      6203.2745      14250.544      3047.8838      4274.7283      3823.2176      338.70616     -906.44132      11097.235     -7424.7858     -551.49092      72097.565      41.620459      41.620459      41.620459      1.1957017     -56.77524       1957.1021      1094.2061    
     73000   73000          341.99369      1710.732       22408.751      20618.54       6258.2084      14360.331      3092.2581      4257.8894      3944.3506      345.5666      -957.64663      11096.132     -7418.2188     -554.13096      71754.07       41.554256      41.554256      41.554256      1.2014257      541.95881      1564.8132      3025.424     
     74000   74000          338.24658      1215.7924      21853.628      20578.806      6189.6395      14389.167      3123.3274      4270.0314      3866.1194      353.03054     -866.63665      11069.156     -7425.8613     -553.02512      71897.552      41.581936      41.581936      41.581936      1.1990281      908.87277      2212.9919      525.51247    
     75000   75000          331.96582      19.624784      20368.886      20348.154      6074.7066      14273.448      2991.6138      4244.2361      3888.8045      358.50278     -854.81563      11071.171     -7426.0653     -548.91849      72435.439      41.685374      41.685374      41.685374      1.1901244      684.61888     -172.99284     -452.75169    
     76000   76000          342.25234      742.73048      21264.539      20484.048      6262.9416      14221.106      3090.3322      4201.1361      3851.7781      340.65483     -928.87814      11088.786     -7422.7026     -551.82054      72054.498      41.61217       41.61217       41.61217       1.1964164      746.43798      1213.4067      268.34675    
     77000   77000          331.63966      1973.4407      22514.172      20449.307      6068.7381      14380.569      3128.6784      4331.7171      3824.3833      352.75066     -911.19592      11077.985     -7423.7501     -554.20104      71744.997      41.552505      41.552505      41.552505      1.2015776      1955.2507      2099.7362      1865.3352    
     78000   78000          338.65832     -78.236287      20417.804      20499.822      6197.174       14302.648      3040.3726      4270.3528      3901.9426      338.33519     -896.56177      11071.063     -7422.8568     -553.13818      71882.856      41.579102      41.579102      41.579102      1.1992732      688.59837     -962.07195      38.764724    
     79000   79000          335.3172      -739.2125       19646.959      20423.809      6136.0342      14287.775      3034.6944      4220.5679      3947.1359      346.9766      -903.60921      11068.493     -7426.4837     -551.78101      72059.661      41.613164      41.613164      41.613164      1.1963307     -1727.018      -638.96585      148.34631    
     80000   80000          335.06864     -428.0987       19946.606      20393.649      6131.4857      14262.163      3087.3802      4133.0118      3990.8519      358.4731      -961.63219      11076.488     -7422.4096     -555.30178      71602.781      41.525031      41.525031      41.525031      1.2039642      596.26538     -336.44642     -1544.1151    
     81000   81000          339.09778     -585.24611      19868.658      20484.706      6205.2157      14279.49       3097.4605      4250.9784      3894.806       349.97186     -984.59263      11088.812     -7417.9455     -550.88244      72177.2        41.635777      41.635777      41.635777      1.1943825      688.88224     -158.75469     -2285.8659    
     82000   82000          336.73554     -558.01933      19925.087      20507.592      6161.9887      14345.603      3089.7491      4266.6765      3971.2958      342.29584     -971.35662      11072.282     -7425.339      -555.5004       71577.18       41.520081      41.520081      41.520081      1.2043948     -1775.969      -792.37963      894.29064    
     83000   83000          325.60382     -516.85235      19622.581      20169.729      5958.2871      14211.442      3045.978       4252.7451      3877.605       338.48599     -935.09445      11059.839     -7428.1161     -547.76769      72587.618      41.714545      41.714545      41.714545      1.1876293      206.49025     -408.72222     -1348.3251    
     84000   84000          336.62057     -510.99156      20069.034      20608.614      6159.8847      14448.729      3156.4718      4289.79        3832.5515      348.55616     -841.80528      11082.428     -7419.2637     -549.15228      72404.602      41.679457      41.679457      41.679457      1.1906313      335.53682     -1644.3746     -224.13691    
     85000   85000          338.35585      851.5761       21358.465      20461.67       6191.6389      14270.031      3143.373       4219.8269      3786.949       340.67456     -860.38914      11069.482     -7429.8852     -550.63666      72209.417      41.641971      41.641971      41.641971      1.1938496     -248.00891      2396.178       406.55918    
     86000   86000          338.18809      74.961953      20524.226      20445.293      6188.5692      14256.724      3114.4513      4272.0593      3786.4576      330.00835     -910.88017      11087.007     -7422.379      -550.70226      72200.815      41.640318      41.640318      41.640318      1.1939918      478.79513     -805.22754      551.31827    
     87000   87000          341.87355     -69.212995      20482.582      20555.472      6256.01        14299.462      3109.0949      4265.7339      3895.4137      358.63488     -976.1307       11072.097     -7425.3815     -550.62051      72211.534      41.642378      41.642378      41.642378      1.1938146     -909.7809      -453.71414      1155.8561    
     88000   88000          339.37659      522.87748      21118.252      20569.162      6210.3176      14358.845      3144.2934      4270.0434      3821.9574      341.56157     -874.10765      11076.557     -7421.4602     -552.19332      72005.854      41.602804      41.602804      41.602804      1.1972246      478.69244      244.7133       845.2267     
     89000   89000          333.31344     -356.1316       19803.905      20179.934      6099.3669      14080.567      3000.7775      4220.7429      3797.5092      339.97771     -917.5409       11065.123     -7426.0221     -549.19169      72399.405      41.67846       41.67846       41.67846       1.1907167     -415.95058      90.874246     -743.31845    
     90000   90000          343.43581     -761.56909      19687.594      20484.722      6284.5982      14200.124      3044.7316      4194.1774      3917.5478      325.84055     -926.36995      11071.17      -7426.9733     -554.00823      71769.966      41.557325      41.557325      41.557325      1.2011596      51.391927     -555.97731     -1780.1219    
     91000   91000          334.41228     -2408.6936      17770.493      20303.851      6119.4748      14184.376      2994.7317      4252.2852      3934.843       338.56454     -987.89754      11074.198     -7422.3483     -551.34033      72117.256      41.624248      41.624248      41.624248      1.1953753     -2257.3544     -1235.7631     -3732.9632    
     92000   92000          338.04764     -426.9495       20053.49       20506.054      6185.999       14320.055      3051.795       4299.5935      3864.512       338.6965      -887.94983      11078.5       -7425.0916     -547.05559      72682.106      41.732638      41.732638      41.732638      1.1860854     -344.60177     -110.72841     -825.5183     
     93000   93000          339.73919     -863.55167      19469.698      20379.238      6216.953       14162.285      3040.7416      4154.4239      3919.0877      332.77219     -936.52803      11075.834     -7424.0462     -550.55589      72220.01       41.644007      41.644007      41.644007      1.1936745     -2722.5503      55.09569       76.799632    
     94000   94000          338.41207      1468.8319      21990.624      20446.534      6192.6677      14253.866      3100.0801      4239.5326      3794.3222      347.4644      -867.44685      11068.4       -7428.4865     -551.61289      72081.623      41.617391      41.617391      41.617391      1.1959662      1685.3193      1561.1097      1160.0668    
     95000   95000          332.86727     -1127.231       19087.403      20265.285      6091.2024      14174.083      3055.2119      4194.2297      3881.4825      342.82546     -961.47305      11082.063     -7420.2563     -554.93947      71649.53       41.534066      41.534066      41.534066      1.2031786     -2063.991       923.29871     -2241.0006    
     96000   96000          335.12515     -1124.0152      19200.759      20381.401      6132.5197      14248.881      3035.7515      4250.1102      3910.7691      339.80653     -936.14496      11074.341     -7425.752      -552.06338      72022.803      41.606068      41.606068      41.606068      1.1969429     -3095.6984     -1809.5784      1533.2312    
     97000   97000          336.27906      2015.6747      22525.193      20407.037      6153.6353      14253.401      3066.9128      4265.4253      3781.7113      330.37768     -853.80135      11086.23      -7423.4544     -551.8197       72054.608      41.612191      41.612191      41.612191      1.1964146      1742.2982      1338.6724      2966.0535    
     98000   98000          338.58292      685.44783      21177.059      20454.861      6195.7942      14259.067      3048.0561      4277.0318      3836.992       326.76038     -875.3803       11070.929     -7425.3223     -550.36754      72244.726      41.648758      41.648758      41.648758      1.1932661      367.32316      608.62156      1080.3988    
     99000   99000          330.78952     -93.362229      20254.795      20352.607      6053.1812      14299.426      3085.4456      4316.4554      3860.997       341.27405     -930.93135      11053.296     -7427.1107     -553.49667      71836.299      41.570124      41.570124      41.570124      1.2000505     -1341.3149      1701.1859     -639.95766    
    100000   100000         333.858       -1642.0969      18620.099      20348.314      6109.332       14238.982      3009.3918      4246.2389      3950.6721      356.08854     -964.60239      11067.924     -7426.7312     -550.98014      72164.402      41.633316      41.633316      41.633316      1.1945943     -523.36873     -1254.9974     -3147.9247    
    101000   101000         339.64523     -1192.7928      19325.414      20577.645      6215.2336      14362.411      3101.8203      4272.0806      3930.198       337.31927     -929.19904      11074.903     -7424.7116     -552.35132      71985.258      41.598837      41.598837      41.598837      1.1975672     -2146.1204     -477.22778     -955.03017    
    102000   102000         331.97031      977.72503      21397.223      20360.552      6074.7887      14285.763      3072.7328      4216.5789      3895.744       356.73844     -903.16575      11072.957     -7425.8219     -546.90344      72702.326      41.736507      41.736507      41.736507      1.1857555     -137.39554      883.47119      2187.0994    
    103000   103000         338.18503     -203.39643      20189.234      20404.173      6188.5131      14215.66       3051.5748      4238.0894      3826.0718      344.81435     -881.70061      11063.936     -7427.1259     -548.73646      72459.468      41.689983      41.689983      41.689983      1.1897297     -2.2353819      484.48917     -1092.4431    
    104000   104000         327.15346     -753.95692      19465.888      20257.77       5986.6442      14271.126      3073.6275      4249.0023      3901.8984      352.08872     -957.28488      11074.863     -7423.0694     -552.10407      72017.495      41.605046      41.605046      41.605046      1.1970311     -780.09792     -994.92982     -486.84301    
    105000   105000         331.95426     -1381.7321      18873.291      20328.315      6074.4951      14253.82       3030.1759      4264.2463      3899.1052      339.21841     -927.92165      11070.884     -7421.8884     -550.66648      72205.506      41.641219      41.641219      41.641219      1.1939142     -2407.8274     -1775.5067      38.13778     
    106000   106000         338.84561      70.779781      20566.845      20492.433      6200.6011      14291.831      3074.4159      4224.0968      3877.4623      353.57193     -877.96121      11066.084     -7425.8381     -551.57092      72087.107      41.618446      41.618446      41.618446      1.1958752     -124.5071      -106.76369      443.61013    
    107000   107000         336.02047      1877.1451      22376.461      20412.414      6148.9035      14263.51       3126.2681      4200.6515      3843.2705      341.85537     -908.85472      11081.7       -7421.3809     -554.21817      71742.779      41.552077      41.552077      41.552077      1.2016148      889.30898      3091.0345      1651.0919    
    108000   108000         334.97634      93.53833       20458.257      20359.644      6129.7966      14229.848      3044.4147      4242.1269      3827.0959      336.12589     -875.83507      11081.261     -7425.3414     -550.03568      72288.314      41.657132      41.657132      41.657132      1.1925466     -169.30025     -18.287198      468.20244    
    109000   109000         338.23003     -71.084896      20447.174      20522.2        6189.3365      14332.863      3069.1664      4310.2542      3841.0786      351.61528     -880.91662      11069.83      -7428.1645     -549.4201       72369.307      41.672684      41.672684      41.672684      1.1912119     -756.53081      398.1085       145.16762    
    110000   110000         331.78313      146.29649      20415.512      20261.196      6071.3635      14189.833      3092.924       4253.445       3799.6815      336.89213     -937.23155      11072.014     -7427.8926     -549.73993      72327.203      41.664601      41.664601      41.664601      1.1919054     -406.29586      828.3369       16.84842     
    111000   111000         335.62559     -1019.3098      19290.024      20367.881      6141.6775      14226.203      3063.5508      4245.4233      3806.1431      332.72249     -876.45212      11076.99      -7422.1737     -548.37783      72506.855      41.699069      41.699069      41.699069      1.1889522     -1141.7246     -227.26798     -1688.9368    
    112000   112000         327.19667      1001.207       21200.299      20149.107      5987.4349      14161.672      3033.0746      4243.2679      3851.9353      325.85482     -968.4092       11099.512     -7423.5638     -552.30202      71991.683      41.600075      41.600075      41.600075      1.1974603      3737.1514      841.06418     -1574.5945    
    113000   113000         335.46133     -666.87311      19615.695      20320.029      6138.6715      14181.358      2971.845       4307.0653      3841.507       338.67824     -916.6601       11067.495     -7428.573      -549.03354      72420.26       41.682462      41.682462      41.682462      1.1903738      73.803445     -529.21159     -1545.2112    
    114000   114000         337.96634      1445.3451      21989.528      20477.201      6184.5113      14292.69       3130.6497      4227.33        3816.4753      348.76352     -875.29509      11068.98      -7424.2134     -554.19258      71746.093      41.552716      41.552716      41.552716      1.2015593      2389.2333      1177.0078      769.79409    
    115000   115000         327.39043     -894.2075       19319.244      20260.183      5990.9807      14269.202      3040.3172      4250.9185      3916.9777      341.58136     -915.67199      11060.481     -7425.402      -551.07649      72151.784      41.63089       41.63089       41.63089       1.1948032     -2162.0909     -778.79934      258.26772    
    116000   116000         337.09992      488.90373      20999.933      20487.4        6168.6566      14318.744      3084.8778      4172.6147      3886.2237      359.6384      -847.40032      11087.386     -7424.5972     -553.14152      71882.422      41.579019      41.579019      41.579019      1.1992804      599.54182      556.58805      310.58133    
    117000   117000         332.59002      387.58171      20700.5        20292.102      6086.1289      14205.973      3085.4148      4202.7735      3772.012       350.10174     -854.74493      11077.002     -7426.5864     -550.31845      72251.171      41.649996      41.649996      41.649996      1.1931597      595.52871      1222.1567     -654.94029    
    118000   118000         339.0075       1643.1231      22158.798      20423.849      6203.5637      14220.285      3126.8621      4232.6254      3790.8319      339.91216     -929.75852      11084.962     -7425.1504     -549.18421      72400.392      41.67865       41.67865       41.67865       1.1907005      18.905018      1215.0365      3695.4279    
    119000   119000         334.36534     -747.3145       19530.157      20320.595      6118.6158      14201.979      3053.7597      4159.3504      3882.1756      355.32181     -895.93423      11073.133     -7425.8274     -548.2396       72525.136      41.702573      41.702573      41.702573      1.1886525      149.18709     -1665.6771     -725.45352    
    120000   120000         335.30107     -105.02518      20234.736      20345.448      6135.7389      14209.709      3034.1422      4195.108       3857.0651      352.87345     -886.17601      11081.834     -7425.1376     -550.08895      72281.313      41.655787      41.655787      41.655787      1.1926621     -902.1373      -261.36571      848.42746    
    121000   121000         334.28352      346.8312       20696.257      20331.766      6117.1187      14214.648      3115.8065      4208.5572      3866.2742      320.9492      -955.90437      11085.155     -7426.1904     -551.78028      72059.755      41.613182      41.613182      41.613182      1.1963291      1317.2723     -736.21222      459.4335     
    122000   122000         327.57516     -688.72714      19388.226      20113.579      5994.3611      14119.218      3053.5173      4128.6774      3876.1246      329.51258     -924.25655      11075.967     -7420.3247     -550.59541      72214.827      41.643011      41.643011      41.643011      1.1937602     -1445.1803     -1210.7257      589.72454    
    123000   123000         332.49705     -678.72725      19634.718      20354.109      6084.4276      14269.681      3122.2023      4243.5756      3868.2982      343.55432     -946.54648      11065.974     -7427.3767     -547.0981       72676.458      41.731557      41.731557      41.731557      1.1861775     -2147.6414     -91.854146      203.31378    
    124000   124000         334.26682     -591.89394      19678.522      20301.794      6116.813       14184.981      3029.255       4256.2074      3815.8025      328.33285     -900.70102      11078.052     -7421.9685     -550.68274      72203.374      41.64081       41.64081       41.64081       1.1939495     -1304.096      -415.42951     -56.156291    
    125000   125000         335.15314      1725.1781      22154.132      20338.634      6133.0319      14205.602      3087.8975      4286.3754      3675.0968      330.24722     -832.62196      11083.793     -7425.1862     -551.02721      72158.237      41.632131      41.632131      41.632131      1.1946964      839.8093       2005.3013      2330.4238    
    126000   126000         332.1476       1562.6542      21852.855      20219.576      6078.033       14141.543      3036.573       4211.1971      3771.4054      335.92564     -877.65685      11085.536     -7421.4367     -554.80108      71667.401      41.537519      41.537519      41.537519      1.2028786      1658.3393      954.95672      2074.6665    
    127000   127000         332.93625      1103.1269      21385.466      20230.072      6092.4646      14137.608      3059.1946      4187.098       3821.5359      323.07187     -912.92349      11083.805     -7424.1737     -553.64366      71817.226      41.566444      41.566444      41.566444      1.2003692      224.06909      2430.9953      654.3162     
    128000   128000         339.17923      1342.2776      21832.435      20416.542      6206.7062      14209.836      3055.4682      4295.1799      3793.9204      347.68251     -948.31225      11088.281     -7422.3839     -549.72653      72328.967      41.664939      41.664939      41.664939      1.1918763      1216.111       1638.7215      1172.0004    
    129000   129000         336.49977      1552.1321      21995.881      20364.902      6157.6741      14207.228      3124.7683      4254.1865      3701.6474      347.78721     -880.64067      11086.485     -7427.0052     -551.84269      72051.606      41.611613      41.611613      41.611613      1.1964644      769.39885      1280.2619      2606.7355    
    130000   130000         329.292        1913.087       22169.503      20159.194      6025.7778      14133.416      3029.9413      4275.7039      3747.8724      332.01354     -907.2569       11078.146     -7423.0047     -551.83161      72053.053      41.611892      41.611892      41.611892      1.1964404      2533.2722      1204.4056      2001.5833    
    131000   131000         329.68407     -966.01177      19191.389      20204.953      6032.9525      14172          3079.9936      4153.8028      3907.6181      345.5263      -960.43008      11068.043     -7422.5539     -552.67039      71943.699      41.59083       41.59083       41.59083       1.198259      -1315.9249     -353.75485     -1228.3556    
    132000   132000         329.09736      329.11986      20506.435      20161.211      6022.216       14138.995      2989.8003      4244.4619      3826.8338      330.35935     -899.83495      11070.473     -7423.0984     -552.82587      71923.464      41.58693       41.58693       41.58693       1.1985961      908.23589     -618.74128      697.86498    
    133000   133000         329.99754     -310.67493      19926.418      20253.552      6038.6887      14214.864      3138.0016      4280.9219      3708.4723      342.82646     -886.6629       11061.322     -7430.0175     -550.69933      72201.199      41.640391      41.640391      41.640391      1.1939855     -654.1662       1097.3352     -1375.1938    
    134000   134000         330.81922     -884.62434      19190.762      20124.065      6053.7248      14070.34       2976.196       4202.1806      3867.0874      330.00774     -959.51728      11078.231     -7423.8449     -549.63078      72341.567      41.667359      41.667359      41.667359      1.1916687     -857.83808     -586.73871     -1209.2962    
    135000   135000         330.20378     -890.76454      19325.727      20262.852      6042.4626      14220.389      3008.7693      4357.2835      3844.5754      335.16938     -960.51482      11060.652     -7425.5454     -551.18842      72137.132      41.628071      41.628071      41.628071      1.1950459     -237.04166     -1069.9057     -1365.3462    
    136000   136000         338.23714     -798.62023      19570.883      20408.641      6189.4666      14219.175      3028.7154      4304.1467      3866.0387      322.21469     -964.6512       11084.887     -7422.1764     -552.78529      71928.745      41.587948      41.587948      41.587948      1.1985081     -849.73968     -1077.1314     -468.98966    
    137000   137000         326.5022      -392.21701      19793.373      20205.924      5974.7268      14231.197      3071.1063      4264.4984      3850.9011      336.10865     -945.05212      11078.651     -7425.0164     -551.29463      72123.235      41.625398      41.625398      41.625398      1.1952762     -1383.8728      102.20154      105.02022    
    138000   138000         331.7958       43.724692      20365.569      20319.585      6071.5953      14247.989      3098.7455      4294.6032      3801.0728      339.08034     -941.66893      11078.682     -7422.5253     -551.38077      72111.967      41.62323       41.62323       41.62323       1.1954629     -1764.7093      2204.8746     -308.99116    
    139000   139000         331.73347      1214.5143      21484.95       20212.208      6070.4547      14141.753      3092.444       4262.8141      3744.9806      334.60609     -942.73609      11074.748     -7425.1035     -553.34637      71855.811      41.573887      41.573887      41.573887      1.1997246      2024.403       1693.0766     -73.93666     
    140000   140000         326.25139     -1391.0394      18802.85       20269.544      5970.1371      14299.407      3116.8982      4199.2988      3927.7033      345.68351     -922.34194      11059.718     -7427.553      -549.96441      72297.682      41.658931      41.658931      41.658931      1.1923921     -1940.5822     -2091.3307     -141.20531    
    141000   141000         328.79878     -529.36969      19589.231      20145.637      6016.7522      14128.884      2980.5993      4325.1025      3794.6579      336.51273     -961.19564      11075.807     -7422.5993     -551.69906      72070.364      41.615224      41.615224      41.615224      1.196153      -714.77142      35.224301     -908.56196    
    142000   142000         332.98319     -168.2629       20088.873      20265.667      6093.3237      14172.343      3084.4469      4176.6817      3847.5034      330.8038      -905.15155      11064.201     -7426.1418     -551.89587      72044.662      41.610277      41.610277      41.610277      1.1965797      668.41198     -1283.5478      110.34709    
    143000   143000         326.54648      1658.6845      21867.041      20129.697      5975.5369      14154.16       3067.5276      4222.0961      3741.3119      326.82642     -849.75637      11071.129     -7424.9744     -553.62126      71820.132      41.567005      41.567005      41.567005      1.2003206      659.12618      1038.0848      3278.8425    
    144000   144000         329.34045      581.75652      20747.488      20135.736      6026.6645      14109.072      3022.2483      4208.6465      3776.9055      343.10428     -890.38463      11077.409     -7428.8574     -551.4433       72103.79       41.621657      41.621657      41.621657      1.1955985     -904.23614      1177.8433      1471.6624    
    145000   145000         329.20577     -159.44177      20061.979      20229.615      6024.1999      14205.415      3072.5553      4271.5124      3806.3353      332.70257     -931.50756      11077.065     -7423.248      -551.52934      72092.541      41.619492      41.619492      41.619492      1.195785      -1005.7533     -75.292574      602.7206     
    146000   146000         332.47057     -331.19193      19779.537      20125.727      6083.9431      14041.784      3016.7359      4143.5207      3832.2055      341.65232     -945.2843       11073.253     -7420.2998     -554.7534       71673.561      41.538709      41.538709      41.538709      1.2027752      746.84402     -1579.0711     -161.34876    
    147000   147000         329.83602     -547.04479      19677.875      20251.157      6035.7329      14215.424      2995.4116      4331.7838      3866.2462      338.8121      -961.39507      11071.109     -7426.5435     -553.33678      71857.056      41.574127      41.574127      41.574127      1.1997038     -554.00876     -293.63627     -793.48933    
    148000   148000         326.7086       937.35582      21061.79       20076.758      5978.5038      14098.254      3094.3806      4168.0059      3730.8703      363.929       -906.43378      11070.264     -7422.7618     -551.80882      72056.028      41.612465      41.612465      41.612465      1.196391      -320.98212      1876.9167      1256.1329    
    149000   149000         331.6251       756.1606       21286.728      20485.004      6068.4716      14416.533      3145.4233      4322.9305      3786.5795      348.96711     -854.21888      11086.332     -7419.4803     -546.92076      72700.023      41.736067      41.736067      41.736067      1.1857931      145.46685      1113.5457      1009.4692    
    150000   150000         326.93525     -2122.6431      17864.204      20102.93       5982.6512      14120.279      2980.4927      4227.9572      3847.0551      346.43494     -946.55025      11087.042     -7422.1524     -549.80792      72318.26       41.662883      41.662883      41.662883      1.1920528     -1798.962      -2200.3663     -2368.6012    
    151000   151000         328.91169      1012.5222      21224.551      20162.637      6018.8184      14143.819      3069.2538      4265.5613      3754.433       345.59038     -940.58384      11075.77      -7426.2064     -552.90424      71913.27       41.584965      41.584965      41.584965      1.198766       1220.3988      1002.9964      814.1713     
    152000   152000         330.71694     -204.44952      19967.555      20182.69       6051.853       14130.837      3053.3867      4265.1608      3769.0878      337.81146     -941.5214       11070.511     -7423.5995     -551.07353      72152.172      41.630964      41.630964      41.630964      1.1947968      497.18536     -846.82981     -263.7041     
    153000   153000         332.37125     -1772.2541      18418.452      20291.502      6082.1257      14209.376      3013.9993      4195.6879      3926.7435      338.09154     -911.61657      11074.023     -7427.552      -548.67042      72468.189      41.691655      41.691655      41.691655      1.1895865     -2006.6065     -937.13457     -2373.0213    
    154000   154000         331.25005      1353.1231      21652.243      20224.528      6061.6086      14162.919      3009.0855      4273.1988      3788.8873      328.70502     -898.33983      11082.786     -7421.4035     -549.57965      72348.298      41.668651      41.668651      41.668651      1.1915579      2654.6572      735.56809      669.14408    
    155000   155000         333.80314      312.21516      20538.728      20211.853      6108.328       14103.525      3064.6484      4182.0647      3815.6476      329.46152     -943.69394      11079.868     -7424.4715     -553.86892      71788.017      41.560808      41.560808      41.560808      1.2008576      403.26712      1041.3163     -507.93798    
    156000   156000         327.19166     -716.37197      19331.676      20084.585      5987.3433      14097.242      2947.7086      4265.8878      3827.9752      337.41923     -933.50558      11077.652     -7425.8958     -551.73573      72065.573      41.614302      41.614302      41.614302      1.1962325     -1430.0816      582.71688     -1301.7512    
    157000   157000         329.61128     -623.07384      19517.125      20171.537      6031.6204      14139.917      2946.6726      4196.998       3952.6276      340.13988     -942.16786      11073.534     -7427.8867     -552.10617      72017.221      41.604993      41.604993      41.604993      1.1970357      231.01132     -1084.3431     -1015.8898    
    158000   158000         327.21349     -374.12055      19790.263      20184.707      5987.7427      14196.964      2952.4307      4251.8762      3906.3069      341.55054     -912.83782      11080.698     -7423.0603     -549.9988       72293.161      41.658063      41.658063      41.658063      1.1924666      19.988393     -610.92649     -531.42355    
    159000   159000         326.65131      988.25201      21139.866      20102.995      5977.4552      14125.54       3021.048       4185.6139      3853.2305      327.32061     -909.91255      11073.409     -7425.1704     -552.68495      71941.803      41.590465      41.590465      41.590465      1.1982905      601.53835      2005.472       357.74565    
    160000   160000         331.98945     -1267.7748      18897.77       20245.683      6075.139       14170.544      2968.1257      4200.2008      3893.3953      341.51181     -896.35868      11084.192     -7420.5228     -545.39996      72902.741      41.774823      41.774823      41.774823      1.1824958     -808.09        -1172.7252     -1822.5093    
    161000   161000         334.48871      564.6706       20874.262      20278.644      6120.8734      14157.771      2986.8168      4242.541       3866.4338      339.03558     -935.69936      11082.846     -7424.203      -549.74637      72326.357      41.664438      41.664438      41.664438      1.1919193      34.779728      1660.1178     -0.8857023    
    162000   162000         327.41274      260.95398      20361.166      20085.797      5991.389       14094.408      2973.0501      4230.8893      3798.7024      334.22217     -906.33587      11085.764     -7421.8842     -549.52118      72355.996      41.670129      41.670129      41.670129      1.1914311     -989.30611      195.62075      1576.5473    
    163000   163000         329.97392     -301.52105      19933.221      20250.153      6038.2564      14211.897      2998.485       4235.7151      3898.3576      348.2744      -915.36047      11073.033     -7426.6079     -551.67819      72073.09       41.615749      41.615749      41.615749      1.1961078      969.43921     -1356.1291     -517.87328    
    164000   164000         334.89553     -348.79663      19896.943      20262.353      6128.3178      14134.036      2995.5785      4198.0179      3873.4506      333.52493     -910.58963      11072.59      -7428.537      -553.51071      71834.477      41.569772      41.569772      41.569772      1.2000809      1358.5258     -995.88952     -1409.0262    
    165000   165000         327.73822      180.91239      20313.33       20123.613      5997.3449      14126.268      2973.4399      4270.8057      3813.3861      348.04735     -925.49399      11074.367     -7428.2846     -552.96257      71905.684      41.583503      41.583503      41.583503      1.1988925      1154.5133     -282.86332     -328.91281    
    166000   166000         331.729       -695.86072      19456.61       20187.211      6070.373       14116.838      3013.2779      4241.2378      3787.445       337.35284     -904.6929       11069.762     -7427.5438     -552.30226      71991.652      41.600069      41.600069      41.600069      1.1974608     -210.75871     -663.44046     -1213.383     
    167000   167000         326.59756     -1931.1882      18120.028      20146.341      5976.4718      14169.869      2975.7331      4181.6096      3922.6135      341.98246     -903.55262      11075.22      -7423.7367     -552.65345      71945.904      41.591255      41.591255      41.591255      1.1982223     -1499.9935     -2635.8331     -1657.7381    
    168000   168000         326.63067      656.16009      20695.083      20002.612      5977.0777      14025.535      2999.6157      4188.2702      3760.8937      325.78654     -900.15278      11076.344     -7425.2232     -549.46928      72362.83       41.671441      41.671441      41.671441      1.1913186     -1582.1799      1863.6244      1687.0358    
    169000   169000         325.69763     -1223.6855      18869.348      20154.542      5960.0038      14194.538      2998.0707      4194.2615      3926.8018      336.96785     -907.33815      11072.803     -7427.029      -552.12327      72014.991      41.604563      41.604563      41.604563      1.1970728      182.04996     -2982.3245     -870.78194    
    170000   170000         322.09184      711.98809      20690.573      19947.015      5894.0206      14052.994      3012.2978      4139.016       3806.3247      341.49484     -903.97732      11086.328     -7428.4901     -555.2553       71608.775      41.526189      41.526189      41.526189      1.2038634      772.57485      1855.9986     -492.60918    
    171000   171000         325.76653      175.63297      20290.468      20104.804      5961.2645      14143.539      3008.6454      4251.8778      3783.2445      352.08102     -882.52864      11058.3       -7428.0811     -548.54656      72484.552      41.694793      41.694793      41.694793      1.189318      -1946.647       200.28096      2273.265     
    172000   172000         331.90377     -1066.2749      19090.785      20212.782      6073.5712      14139.211      2982.2153      4181.5923      3953.1835      342.67097     -978.43865      11085.437     -7427.4494     -551.07709      72151.705      41.630874      41.630874      41.630874      1.1948045      1.4802336     -1862.3199     -1337.9851    
    173000   173000         326.58854     -113.40198      19898.046      20016.678      5976.3067      14040.372      2976.5271      4255.2649      3775.8158      334.52992     -958.0368       11082.252     -7425.9815     -554.31189      71730.649      41.549735      41.549735      41.549735      1.201818       643.49286     -863.61336     -120.08545    
    174000   174000         332.32798     -121.48664      20039.65       20166.592      6081.3338      14085.259      2972.9043      4189.9254      3880.3116      333.98332     -941.12874      11074.603     -7425.34       -554.95132      71647.999      41.53377       41.53377       41.53377       1.2032043      113.74573     -1800.363       1322.1574    
    175000   175000         328.59949      1696.1642      21902.61       20120.283      6013.1055      14107.178      3097.7781      4256.0305      3684.5172      344.79736     -929.03126      11078.765     -7425.6787     -551.84273      72051.601      41.611612      41.611612      41.611612      1.1964645      2290.655       2387.4249      410.41263    
    176000   176000         322.8227       1985.9344      22196.683      20119.966      5907.3949      14212.571      3093.23        4255.1578      3751.7906      358.63224     -905.85258      11084.762     -7425.1495     -554.52664      71702.871      41.54437       41.54437       41.54437       1.2022836      2830.2408      1435.2974      1692.2649    
    177000   177000         331.63408      868.47883      21116.915      20207.442      6068.6361      14138.806      3008.247       4221.9403      3849.1703      322.86932     -915.53962      11076.62      -7424.5015     -553.73795      71804.997      41.564085      41.564085      41.564085      1.2005736      2171.8485      1228.5135     -794.92553    
    178000   178000         333.01096     -70.897788      20068.268      20142.618      6093.8318      14048.786      2976.8843      4218.0212      3810.4544      339.09278     -959.09675      11086.697     -7423.2671     -552.95545      71906.61       41.583682      41.583682      41.583682      1.198877       736.14477     -2035.2323      1086.3942    
    179000   179000         327.16715     -113.12734      20038.405      20156.633      5986.8949      14169.738      3036.1742      4214.7248      3877.5937      325.08858     -952.74662      11092.521     -7423.6174     -554.86071      71659.7        41.536031      41.536031      41.536031      1.2030079      1143.5539      43.038586     -1525.9745    
    180000   180000         327.0398      -714.83503      19341.27       20092.504      5984.5644      14107.939      2982.2572      4225.7093      3863.7393      322.64933     -944.00061      11083.354     -7425.7693     -551.77919      72059.898      41.61321       41.61321       41.61321       1.1963267     -438.67305     -729.63574     -976.19629    
    181000   181000         326.04043      987.75209      21192.356      20159.497      5966.2767      14193.22       3100.8844      4219.6062      3832.6891      346.39589     -971.8252       11091.88      -7426.4104     -554.55122      71699.692      41.543756      41.543756      41.543756      1.2023369      986.57836      410.5951       1566.0828    
    182000   182000         323.15945     -1612.2576      18355.439      20043.093      5913.5571      14129.536      3008.1009      4243.5955      3847.8608      335.5368      -962.80429      11081.682     -7424.4349     -553.96938      71775          41.558296      41.558296      41.558296      1.2010754     -2044.2834     -2983.545       191.05571    
    183000   183000         328.25549      351.08372      20468.236      20098.532      6006.8105      14091.721      2932.3305      4264.9929      3785.9385      330.53349     -865.82775      11070.295     -7426.5409     -550.67038      72204.995      41.641121      41.641121      41.641121      1.1939227      1824.2833     -357.9679      -413.06427    
    184000   184000         323.96205      81.93555       20072.602      19986.261      5928.244       14058.017      3041.3735      4171.3994      3777.1239      327.62886     -925.22487      11092.249     -7426.5326     -550.28851      72255.102      41.650751      41.650751      41.650751      1.1930948      685.73635     -484.94385      45.014148    
    185000   185000         330.88867     -595.95248      19685.791      20309.792      6054.9957      14254.797      3078.3827      4233.4057      3866.6575      350.54649     -923.45258      11077.828     -7428.5716     -553.8098       71795.682      41.562287      41.562287      41.562287      1.2007294      284.0617      -1163.2371     -908.68206    
    186000   186000         323.00632     -48.946157      19933.711      19985.045      5910.755       14074.29       2957.2406      4262.6797      3820.696       337.73781     -958.10811      11080.505     -7426.4617     -552.90384      71913.323      41.584976      41.584976      41.584976      1.1987651     -29.946522      792.8363      -909.72825    
    187000   187000         329.56567     -682.86188      19622.583      20342.013      6030.7858      14311.227      3105.4783      4256.02        3846.8668      345.29196     -905.52124      11086.229     -7423.138      -550.40121      72240.306      41.647908      41.647908      41.647908      1.1933391     -1348.2492     -1558.0264      857.68999    
    188000   188000         326.05596     -724.26401      19282.039      20045.813      5966.5609      14079.252      3001.9016      4192.2054      3809.0327      340.5244      -910.3657       11069.776     -7423.8216     -549.87856      72308.969      41.661099      41.661099      41.661099      1.1922059     -518.11945     -761.89992     -892.77268    
    189000   189000         319.50432      1480.4174      21413.903      19871.859      5846.6712      14025.188      3056.1679      4169.6303      3808.9475      324.75676     -979.3189       11072.275     -7427.2705     -556.70128      71422.778      41.490205      41.490205      41.490205      1.2069985      3001.5704      867.21067      572.47103    
    190000   190000         330.05391     -274.74803      19880.752      20168.121      6039.7201      14128.401      3080.4902      4159.0679      3810.0012      341.58947     -931.03785      11089.411     -7421.1217     -554.40784      71718.235      41.547337      41.547337      41.547337      1.202026      -577.92826     -1053.3149      806.9991     
    191000   191000         327.27524      783.13533      20924.486      20102.544      5988.8727      14113.672      3010.4877      4198.18        3804.5765      351.86114     -915.43014      11088.343     -7424.3464     -552.49803      71966.142      41.595154      41.595154      41.595154      1.1978853      1412.7716      233.45883      703.17558    
    192000   192000         328.36109      1219.474       21427.155      20146.915      6008.7429      14138.172      3008.1122      4267.9501      3791.7047      337.7428      -925.95499      11086.8       -7428.1826     -552.35224      71985.138      41.598814      41.598814      41.598814      1.1975692      876.07688      623.50319      2158.8418    
    193000   193000         325.52072     -405.03362      19553.562      19977.416      5956.7664      14020.65       2909.6294      4143.4059      3883.158       343.51812     -916.89872      11082.293     -7424.4558     -554.127        71754.583      41.554355      41.554355      41.554355      1.2014171     -286.41034      609.84185     -1538.5324    
    194000   194000         323.10064     -317.2303       19511.961      19845.768      5912.481       13933.287      2888.9893      4227.4043      3773.8789      326.21789     -941.93146      11084.213     -7425.4846     -551.0782       72151.561      41.630847      41.630847      41.630847      1.1948069     -900.55574     -1540.8743      1489.7391    
    195000   195000         325.88014      1501.7993      21719.864      20140.185      5963.3435      14176.841      3046.1763      4180.7453      3786.0737      348.34758     -856.22069      11095.984     -7424.2648     -551.28697      72124.237      41.625591      41.625591      41.625591      1.1952596      1099.4912      1837.3629      1568.5437    
    196000   196000         325.05055     -1136.9786      18850.184      20046.512      5948.1626      14098.35       3013.4593      4219.2001      3765.2507      342.47002     -891.99268      11075.672     -7425.7092     -551.10794      72147.667      41.630098      41.630098      41.630098      1.1948714     -532.37973      283.92949     -3162.4856    
    197000   197000         320.51772      832.06297      20708.623      19837.277      5865.2155      13972.062      2951.7123      4201.3462      3725.8185      318.20968     -885.21665      11082.02      -7421.8286     -553.73329      71805.601      41.564201      41.564201      41.564201      1.2005635      1181.8053      692.02293      622.3607     
    198000   198000         329.12806      166.88609      20273.081      20097.718      6022.7778      14074.94       2930.2666      4180.6422      3859.3223      354.68793     -904.35169      11078.042     -7423.669      -551.84657      72051.099      41.611516      41.611516      41.611516      1.1964728     -473.54056     -680.49352      1654.6924    
    199000   199000         330.82719      385.11203      20516.205      20110.497      6053.8706      14056.626      2985.0437      4173.2031      3806.255       351.31555     -900.28244      11068.834     -7427.7422     -550.43815      72235.459      41.646977      41.646977      41.646977      1.1934192      163.20044      133.38877      858.74688    
    200000   200000         325.8857       246.0222       20245.383      19987.308      5963.4454      14023.863      3047.588       4250.3328      3705.793       331.07799     -976.53358      11086.35      -7420.7454     -552.79482      71927.504      41.587709      41.587709      41.587709      1.1985288      250.84947      707.27008     -220.05295    
    201000   201000         323.96382      421.54841      20426.226      19981.94       5928.2764      14053.664      2984.8916      4256.7823      3756.2675      337.71713     -944.75573      11087.602     -7424.8412     -550.19834      72266.942      41.653026      41.653026      41.653026      1.1928993      1863.6072      614.69604     -1213.658     
    202000   202000         321.81688     -455.35308      19424.746      19903.854      5888.9892      14014.865      2929.7607      4222.9264      3771.3715      334.81637     -895.20811      11073.26      -7422.0619     -551.12486      72145.452      41.629672      41.629672      41.629672      1.1949081     -382.65855      152.58622     -1135.9869    
    203000   203000         328.15298      466.82013      20590.281      20101.073      6004.9346      14096.139      3042.7372      4142.3387      3813.6044      342.3867      -901.64077      11080.973     -7424.2603     -553.33913      71856.751      41.574068      41.574068      41.574068      1.1997089     -1082.6352      1673.8792      809.21631    
    204000   204000         321.55639     -1262.8475      18527.058      19844.747      5884.2223      13960.524      2953.7012      4210.5687      3838.1555      338.43337     -1030.1003      11075.227     -7425.4609     -555.74164      71546.109      41.514073      41.514073      41.514073      1.2049178     -1448.8287     -2130.7153     -208.99856    
    205000   205000         316.80991      192.06789      20116.599      19915.591      5797.3657      14118.225      3072.8872      4204.5899      3790.7059      341.37261     -944.94174      11077.113     -7423.5026     -554.08464      71760.069      41.555414      41.555414      41.555414      1.2013252     -843.09081      669.26983      750.02464    
    206000   206000         327.86874     -921.0648       18991.936      19953.009      5999.7332      13953.275      2928.9213      4160.2888      3849.6929      322.40162     -975.73641      11093.154     -7425.4465     -555.73635      71546.791      41.514204      41.514204      41.514204      1.2049064     -27.217984      38.144861     -2774.1213    
    207000   207000         319.88495      1271.4596      21207.896      19871.429      5853.6364      14017.793      2988.7078      4194.0418      3718.3435      330.30176     -887.07899      11095.484     -7422.0071     -551.66988      72074.176      41.615958      41.615958      41.615958      1.1960898      1513.3124      2466.9011     -165.83453    
    208000   208000         325.22834      890.57003      21030.842      20094.717      5951.4162      14143.301      3024.1475      4223.845       3800.9345      353.30534     -905.60534      11072.665     -7425.9915     -551.65688      72075.875      41.616285      41.616285      41.616285      1.1960616     -6.0951339      314.71344      2363.0918    
    209000   209000         325.05994      463.92418      20543.374      20056.59       5948.3345      14108.255      3040.1809      4147.3084      3857.5634      340.93184     -925.23586      11076.762     -7429.2554     -552.64349      71947.201      41.591505      41.591505      41.591505      1.1982006      595.45161     -29.261393      825.58233    
    210000   210000         321.9832      -1443.7554      18376.227      19897.39       5892.0327      14005.357      3002.2439      4097.8645      3884.0921      335.99204     -956.2373       11067.668     -7426.2663     -550.36744      72244.739      41.64876       41.64876       41.64876       1.1932659     -1194.653      -2210.6453     -925.968      
    211000   211000         325.07864     -180.08282      19902.598      20089.907      5948.6767      14141.23       2965.5213      4175.0761      3936.1316      353.47883     -950.76911      11085.258     -7423.467      -557.50557      71319.739      41.470243      41.470243      41.470243      1.2087423     -290.40495     -537.89641      288.0529     
    212000   212000         324.99226     -262.3356       19762.695      20037.581      5947.096       14090.485      2998.4244      4245.7217      3844.4973      326.53035     -985.30018      11085.225     -7424.6136     -553.39922      71848.949      41.572564      41.572564      41.572564      1.1998392      413.63097     -289.55258     -911.08518    
    213000   213000         323.64713     -467.38184      19325.451      19815.569      5922.4813      13893.088      2989.0876      4136.2899      3743.5628      324.85318     -960.50644      11083.68      -7423.8787     -552.97526      71904.034      41.583185      41.583185      41.583185      1.19892       -1506.9383      47.968174      56.824585    
    214000   214000         326.63357      1290.6003      21274.354      19932.207      5977.1307      13955.076      2959.9867      4203.9794      3749.3211      336.33653     -948.19432      11078.271     -7424.6241     -557.60446      71307.091      41.467791      41.467791      41.467791      1.2089567      269.69869      2081.7802      1520.3219    
    215000   215000         325.3874       1545.3683      21737.763      20109.091      5954.3268      14154.764      3020.7876      4239.0828      3805.507       327.71006     -894.5815       11081.44      -7425.1814     -550.21616      72264.603      41.652577      41.652577      41.652577      1.1929379      1462.511       1159.805       2013.7889    
    216000   216000         319.76873      330.49737      20276.682      19930.233      5851.5097      14078.724      2992.6703      4234.7018      3781.8417      329.65088     -903.63791      11066.484     -7422.9868     -553.17636      71877.894      41.578146      41.578146      41.578146      1.199356       560.34345      1022.1326     -590.98399    
    217000   217000         325.28783     -138.82279      19936.228      20081.975      5952.5047      14129.47       3008.1624      4217.8129      3828.0196      333.06847     -921.20421      11088.866     -7425.255      -552.32903      71988.162      41.599396      41.599396      41.599396      1.1975189     -484.78634      720.92619     -652.60821    
    218000   218000         322.66656     -1340.49        18494.277      19892.892      5904.5376      13988.354      2935.1685      4194.924       3876.5742      332.56462     -1006.7054      11080.115     -7424.2869     -555.77654      71541.616      41.513204      41.513204      41.513204      1.2049935     -2346.4705     -1577.4273     -97.572246    
    219000   219000         327.76637      1066.7658      21110.495      19991.322      5997.86        13993.462      2985.5531      4232.7132      3728.6003      324.36207     -941.68446      11086.97      -7423.0524     -552.72208      71936.97       41.589533      41.589533      41.589533      1.1983711      2626.5886      1341.3894     -767.68058    
    220000   220000         327.09307     -1229.3035      18657.151      19948.209      5985.5392      13962.67       2968.8987      4108.008       3836.3102      316.70351     -927.63637      11084.192     -7423.8064     -552.13854      72012.998      41.60418       41.60418       41.60418       1.1971059     -937.02951     -1392.025      -1358.856     
    221000   221000         316.68448      935.13536      20879.462      19898.018      5795.0705      14102.947      2958.152       4296.6207      3777.3066      341.02453     -931.89234      11089.869     -7428.1334     -552.51453      71963.994      41.594741      41.594741      41.594741      1.197921       894.35503      1743.8779      167.17317    
    222000   222000         328.1692       5.8825144      20074.66       20068.493      6005.2315      14063.262      3039.4902      4139.4291      3808.0021      344.90517     -923.95265      11081.242     -7425.8541     -553.17064      71878.638      41.578289      41.578289      41.578289      1.1993436     -88.238292     -661.1518       767.03763    
    223000   223000         322.96369      782.30662      20673.231      19858.164      5909.9749      13948.189      2975.9068      4162.6997      3742.6905      339.91701     -924.1594       11077.267     -7426.1316     -556.56893      71439.762      41.493493      41.493493      41.493493      1.2067115      2366.5446     -316.86376      297.23905    
    224000   224000         321.03842      201.14185      20130.278      19919.524      5874.7439      14044.78       2918.7353      4244.8932      3839.7922      328.75497     -944.63743      11083.535     -7426.2929     -553.42968      71844.994      41.571801      41.571801      41.571801      1.1999052     -202.56307      802.55572      3.4329123    
    225000   225000         322.51155     -874.12218      18986.419      19903.12       5901.701       14001.419      2985.271       4152.9968      3826.1845      336.59881     -936.34914      11061.409     -7424.6925     -552.94197      71908.364      41.58402       41.58402       41.58402       1.1988478     -1670.5906     -1706.054       754.27808    
    226000   226000         314.82146     -1499.969       18149.542      19732          5760.9786      13971.022      2931.4822      4148.4778      3899.0124      322.07791     -985.28032      11083.415     -7428.1634     -549.64841      72339.247      41.666913      41.666913      41.666913      1.1917069     -286.00696     -1582.0546     -2631.8455    
    227000   227000         324.50948     -128.04632      19720.749      19855.201      5938.2615      13916.94       2891.7881      4235.2786      3777.0715      337.1773      -974.80961      11075.473     -7425.0393     -552.24713      71998.839      41.601453      41.601453      41.601453      1.1973413      845.32556      455.65777     -1685.1223    
    228000   228000         316.26442      1273.9535      21119.61       19772.121      5787.3837      13984.737      2977.1745      4185.0796      3694.8322      332.83338     -865.6811       11086.41      -7425.9113     -548.23051      72526.339      41.702804      41.702804      41.702804      1.1886328      2873.8321      541.26979      406.75871    
    229000   229000         319.94401      708.91475      20632.654      19891.437      5854.7172      14036.72       3056.7583      4145.6842      3785.8507      327.13976     -915.86676      11063.411     -7426.2574     -554.60497      71692.744      41.542414      41.542414      41.542414      1.2024534      1392.1736      734.70445     -0.13377597   
    230000   230000         323.19537     -1399.2606      18420.936      19890.789      5914.2145      13976.574      2913.3244      4178.2678      3878.8659      336.8733      -979.6187       11076.682     -7427.82       -552.02598      72027.683      41.607008      41.607008      41.607008      1.1968618     -2440.3444     -1941.5942      184.15675    
    231000   231000         320.44671     -322.67567      19550.817      19888.629      5863.9161      14024.712      3024.8572      4155.3098      3795.8048      325.79444     -929.0481       11080.062     -7428.0675     -553.89399      71784.769      41.560182      41.560182      41.560182      1.2009119     -457.0911       376.99758     -887.93348    
    232000   232000         324.09756      610.07062      20589.827      19949.012      5930.7239      14018.289      3063.9595      4184.1433      3737.375       341.1209      -936.89237      11059.323     -7430.741      -552.05503      72023.892      41.606278      41.606278      41.606278      1.1969248      141.26436      838.07462      850.87289    
    233000   233000         317.36301     -1661.4421      17985.7        19737.614      5807.4869      13930.127      2874.3219      4129.9182      3854.5191      331.72847     -913.92526      11081.713     -7428.1484     -549.92992      72302.216      41.659802      41.659802      41.659802      1.1923173     -1404.4351     -1237.6546     -2342.2366    
    234000   234000         320.4194      -1452.7738      18422.767      19950.876      5863.4164      14087.459      2957.2906      4229.2918      3865.4505      329.5898      -941.87598      11071.898     -7424.1855     -551.28825      72124.07       41.625559      41.625559      41.625559      1.1952623     -1742.9181      926.61521     -3542.0184    
    235000   235000         320.7732       691.03205      20605.902      19885.55       5869.8907      14015.66       3059.0362      4163.1968      3754.5982      323.29224     -918.60729      11064.145     -7430.0015     -556.27331      71477.727      41.500842      41.500842      41.500842      1.2060706     -180.8173       798.25475      1455.6587    
    236000   236000         324.77946     -100.50477      19770.911      19876.154      5943.202       13932.952      2891.0392      4229.3611      3807.0572      333.04025     -979.51255      11079.443     -7427.476      -553.76888      71800.987      41.563311      41.563311      41.563311      1.2006406      1677.7465     -2240.3731      261.11233    
    237000   237000         312.61658     -1428.4973      18115.74       19612.9        5720.6311      13892.269      2915.6576      4161.6027      3832.5257      327.23026     -999.89173      11079.151     -7424.0063     -553.28122      71864.271      41.575519      41.575519      41.575519      1.1995833     -808.557       -1404.1588     -2072.7762    
    238000   238000         327.68451      1036.0743      21041.029      19957.413      5996.3621      13961.051      3041.1814      4079.7632      3831.743       338.41249     -981.65312      11078.626     -7427.0216     -554.43434      71714.808      41.546676      41.546676      41.546676      1.2020834      945.47624      2200.2794     -37.532845    
    239000   239000         320.02676     -514.92568      19306.757      19843.67       5856.2313      13987.438      2930.4965      4250.4709      3805.2132      329.11197     -975.59495      11072.686     -7424.9458     -556.12906      71496.267      41.50443       41.50443       41.50443       1.2057578      1310.8836     -2418.2759     -437.38476    
    240000   240000         321.61923      336.46032      20175.255      19825.481      5885.3724      13940.109      2926.9495      4153.2066      3816.3565      342.08417     -943.72056      11072.624     -7427.3913     -557.80348      71281.649      41.462859      41.462859      41.462859      1.2093882     -207.04283      1233.2405     -16.816714    
    241000   241000         320.79808     -104.15786      19818.63       19927.809      5870.3459      14057.463      2990.3926      4223.4375      3839.6119      327.47638     -964.33615      11066.856     -7425.9753     -553.20921      71873.627      41.577323      41.577323      41.577323      1.1994272     -476.13241     -396.11592      559.77474    
    242000   242000         315.19101      69.933199      19838.264      19764.817      5767.7411      13997.076      3006.7948      4236.0677      3706.2427      325.96919     -948.02477      11096.845     -7426.8182     -552.13422      72013.562      41.604288      41.604288      41.604288      1.1970965     -519.59008      83.315334      646.07434    
    243000   243000         320.54645     -1390.9349      18278.918      19730.136      5865.7414      13864.394      2930.1976      4146.1958      3770.0048      336.4413      -973.18351      11079.428     -7424.6899     -555.78782      71540.164      41.512923      41.512923      41.512923      1.205018      -1298.1199     -2155.1585     -719.52626    
    244000   244000         324.13996     -819.60838      19059.113      19914.605      5931.4997      13983.106      3007.505       4148.5093      3788.3369      320.29972     -921.35878      11063.033     -7423.2192     -555.5527       71570.441      41.518778      41.518778      41.518778      1.2045082     -1842.8706      660.60312     -1276.5577    
    245000   245000         317.24239      99.263275      19956.278      19852.177      5805.2797      14046.898      3030.8345      4262.1926      3730.3281      337.88334     -962.53619      11074.206     -7426.0104     -552.9288       71910.076      41.58435       41.58435       41.58435       1.1988192      992.39534      394.33846     -1088.944     
    246000   246000         315.66573     -68.11729       19786.943      19858.576      5776.4281      14082.148      3027.6933      4207.9385      3778.9701      344.83471     -935.97859      11080.668     -7421.9789     -551.41748      72107.166      41.622306      41.622306      41.622306      1.1955425      473.96736     -59.17775      -619.14148    
    247000   247000         316.73335      414.71256      20252.095      19816.976      5795.9647      14021.011      2936.5646      4226.0735      3847.6827      321.15996     -977.54735      11092.336     -7425.2582     -552.68046      71942.387      41.590577      41.590577      41.590577      1.1982808      228.25605     -595.56531      1611.4469    
    248000   248000         321.15987      173.85169      20064.132      19882.937      5876.9664      14005.971      2976.6121      4208.2402      3741.9335      331.65828     -897.9217       11072.505     -7427.0566     -556.37568      71464.576      41.498297      41.498297      41.498297      1.2062925      1007.2497     -341.63578     -144.05881    
    249000   249000         322.34494     -189.45018      19708.689      19907.475      5898.6523      14008.823      3034.5856      4168.7543      3804.1308      337.9145      -984.28265      11074.255     -7426.5348     -552.64245      71947.336      41.591531      41.591531      41.591531      1.1981984     -936.36375      716.86668     -348.85346    
    250000   250000         325.63847      1444.0789      21339.51       19828.984      5958.9211      13870.063      2925.8179      4208.9357      3753.1223      324.98667     -979.63824      11065.205     -7428.3668     -554.36711      71723.505      41.548355      41.548355      41.548355      1.2019377      432.75018      2732.743       1166.7434    
Loop time of 476.042 on 1 procs for 250000 steps with 6140 atoms

Performance: 45.374 ns/day, 0.529 hours/ns, 525.164 timesteps/s, 3.225 Matom-step/s
100.0% CPU use with 1 MPI tasks x 1 OpenMP threads

MPI task timing breakdown:
Section |  min time  |  avg time  |  max time  |%varavg| %total
---------------------------------------------------------------
Pair    | 51.505     | 51.505     | 51.505     |   0.0 | 10.82
Bond    | 65.476     | 65.476     | 65.476     |   0.0 | 13.75
Kspace  | 234.97     | 234.97     | 234.97     |   0.0 | 49.36
Neigh   | 29.437     | 29.437     | 29.437     |   0.0 |  6.18
Comm    | 5.7463     | 5.7463     | 5.7463     |   0.0 |  1.21
Output  | 2.131      | 2.131      | 2.131      |   0.0 |  0.45
Modify  | 76.934     | 76.934     | 76.934     |   0.0 | 16.16
Other   |            | 9.848      |            |       |  2.07

Nlocal:           6140 ave        6140 max        6140 min
Histogram: 1 0 0 0 0 0 0 0 0 0
Nghost:          16852 ave       16852 max       16852 min
Histogram: 1 0 0 0 0 0 0 0 0 0
Neighs:              0 ave           0 max           0 min
Histogram: 1 0 0 0 0 0 0 0 0 0
FullNghs:  3.34456e+06 ave 3.34456e+06 max 3.34456e+06 min
Histogram: 1 0 0 0 0 0 0 0 0 0

Total # of neighbors = 3344556
Ave neighs/atom = 544.71596
Ave special neighs/atom = 5.6319218
Neighbor list builds = 6853
Dangerous builds = 0

# --- Cleanup ---
unfix npt_fix

undump dump_npt

# --- Write Output ---
write_dump all custom cool_block_18_last.dump id type mol x y z xu yu zu vx vy vz modify sort id
write_data /home/alexzhao/PolyJarvis/data/PEEK_3/attempts/cooling/attempt-0001/work/cool_block_18/cool_block_18_out.data
System init for write_data ...
PPPM Kokkos initialization ...
  using 12-bit tables for long-range coulomb
  G vector (1/distance) = 0.30711193
  grid = 32 32 32
  stencil order = 5
  estimated absolute RMS force accuracy = 0.00038068593
  estimated relative force accuracy = 1.1464244e-06
  using double precision cuFFT
  3d grid and FFT values/proc = 59319 32768
Generated 21 of 21 mixed pair_coeff terms from sixthpower/sixthpower mixing rule
write_restart /home/alexzhao/PolyJarvis/data/PEEK_3/attempts/cooling/attempt-0001/work/cool_block_18/cool_block_18_out.restart
System init for write_restart ...
PPPM Kokkos initialization ...
  using 12-bit tables for long-range coulomb
  G vector (1/distance) = 0.30711193
  grid = 32 32 32
  stencil order = 5
  estimated absolute RMS force accuracy = 0.00038068593
  estimated relative force accuracy = 1.1464244e-06
  using double precision cuFFT
  3d grid and FFT values/proc = 59319 32768
Generated 21 of 21 mixed pair_coeff terms from sixthpower/sixthpower mixing rule

print "STAGE COMPLETE: NPT T=345.0->320.0K P=1.0->1.0atm steps=250000"
STAGE COMPLETE: NPT T=345.0->320.0K P=1.0->1.0atm steps=250000
quit
