units real
atom_style full
boundary p p p

# --- Force Field Styles ---
pair_style lj/class2/coul/long 9.5 9.5
kspace_style pppm 1e-6
dielectric 1.000000
bond_style class2
angle_style class2
dihedral_style class2
improper_style class2
special_bonds lj/coul 0 0 1
pair_modify mix sixthpower tail yes
neighbor 2.0 bin
neigh_modify delay 0 every 1 check yes
neigh_modify one 4000
# KOKKOS: package loaded via -pk kokkos on the command line

read_data /home/alexzhao/PolyJarvis/data/PEEK_2/attempts/equilibration/attempt-0001/work/npt_densify/npt_densify_out.data
Reading data file ...
  orthogonal box = (6.4317683 6.4317683 6.4317683) to (44.306212 44.306212 44.306212)
  1 by 1 by 1 MPI processor grid
WARNING: Pair style lj/class2/coul/cut/kk in data file differs from currently defined pair style lj/class2/coul/long/kk (src/read_data.cpp:811)
  reading atoms ...
  6140 atoms
  reading velocities ...
  6140 velocities
  scanning bonds ...
  3 = max bonds/atom
  scanning angles ...
  9 = max angles/atom
  scanning dihedrals ...
  18 = max dihedrals/atom
  scanning impropers ...
  4 = max impropers/atom
  orthogonal box = (6.4317683 6.4317683 6.4317683) to (44.306212 44.306212 44.306212)
  1 by 1 by 1 MPI processor grid
  reading bonds ...
  6670 bonds
  reading angles ...
  10620 angles
  reading dihedrals ...
  15820 dihedrals
  reading impropers ...
  3420 impropers
Finding 1-2 1-3 1-4 neighbors ...
  special bond factors lj:    0        0        1       
  special bond factors coul:  0        0        1       
     3 = max # of 1-2 neighbors
     6 = max # of 1-3 neighbors
     9 = max # of special neighbors
  special bonds CPU = 0.003 seconds
  read_data CPU = 0.193 seconds
include /home/alexzhao/PolyJarvis/data/PEEK_2/attempts/build/attempt-0001/work/cell/emc_build.params
# LAMMPS parameters created by EMC v9.4.4, build Jul 21 2026 07:58:38

# Variables

variable	seed		index	791429
variable	ntotal		index	6140
variable	fshape		index	1
variable	output		index	emc_build
variable	field		index	pcff/pcff
variable	location1	index	~/emc/field/
variable	nav		index	0.6022141179
variable	temperature	index	300
variable	radius		index	5
variable	nrelax		index	100
variable	weight_nonbond	index	0.0001
variable	weight_bond	index	0.0001
variable	weight_focus	index	1
variable	cutoff		index	9.5
variable	charge_cutoff	index	9.5
variable	kappa		index	4
variable	density1	index	0.66
variable	lprevious	index	0
variable	lphase		index	50.7379802849
variable	f_poly		index	10
variable	chem_repeat	index	*Oc1ccc(C(=O)c2ccc(Oc3ccc(*)cc3)cc2)cc1
variable	chem_cap	index	*[H]
variable	lg_repeat	index	34
variable	lg_cap		index	1
variable	norm_poly	index	100
variable	l_poly		index	614
variable	mg_repeat	index	260.29514
variable	mg_cap		index	0
variable	m_poly		index	4685.31252
variable	n_poly		index	10
variable	mtotal		index	51915.1836
variable	nphase1		index	6140
variable	mphase1		index	51915.1836
variable	vphase1		index	130616.946287
variable	lbox		index	50.7379802849
variable	lphase1		index	50.7379802849
variable	lxx		index	50.7379802849
variable	lyy		index	50.7379802849
variable	lzz		index	50.7379802849
variable	lzy		index	0
variable	lzx		index	0
variable	lyx		index	0
variable	vtotal		index	130616.946287
variable	nl_poly		index	10

# Types

variable	type_c_0	index	1
variable	type_cp		index	2
variable	type_hc		index	3
variable	type_ho		index	4
variable	type_o_1	index	5
variable	type_oc		index	6
variable	type_oh		index	7

variable	type_bond_c_0_cp index	1
variable	type_bond_c_0_o_1 index	2
variable	type_bond_cp_cp	index	3
variable	type_bond_cp_hc	index	4
variable	type_bond_cp_oc	index	5
variable	type_bond_cp_oh	index	6
variable	type_bond_ho_oh	index	7

variable	type_angle_c_0_cp_cp index	1
variable	type_angle_cp_c_0_cp index	2
variable	type_angle_cp_c_0_o_1 index	3
variable	type_angle_cp_cp_cp index	4
variable	type_angle_cp_cp_hc index	5
variable	type_angle_cp_cp_oc index	6
variable	type_angle_cp_cp_oh index	7
variable	type_angle_cp_oc_cp index	8
variable	type_angle_cp_oh_ho index	9

# Clusters

variable	n0_poly		index	1
variable	n1_poly		index	10
variable	nl_poly		index	10

# Flags

variable	flag_charged	index	1

# Masses

mass		1    12.01115  # c_0
mass		2    12.01115  # cp
mass		3     1.00797  # hc
mass		4     1.00797  # ho
mass		5    15.99940  # o_1
mass		6    15.99940  # oc
mass		7    15.99940  # oh

# Potentials

pair_modify	mix sixthpower tail yes
special_bonds	lj/coul 0 0 1

# Pair Coeffs

pair_coeff	 1  1    0.12000    3.30800  # c_0,c_0
pair_coeff	 2  2    0.06400    4.01000  # cp,cp
pair_coeff	 3  3    0.02000    2.99500  # hc,hc
pair_coeff	 4  4    0.01300    1.09800  # ho,ho
pair_coeff	 5  5    0.26700    3.30000  # o_1,o_1
pair_coeff	 6  6    0.24000    3.53500  # oc,oc
pair_coeff	 7  7    0.24000    3.53500  # oh,oh

# Bond Coeffs

bond_coeff	1    1.48900  339.35740 -655.72360  670.23620  # c_0,cp
bond_coeff	2    1.21600  823.79480 -1878.79400 2303.53110  # c_0,o_1
bond_coeff	3    1.41700  470.83610 -627.61790 1327.63450  # cp,cp
bond_coeff	4    1.09820  372.82510 -803.45260  894.31730  # cp,hc
bond_coeff	5    1.37680  428.87980 -738.23510 1114.96550  # cp,oc
bond_coeff	6    1.37680  428.87980 -738.23510 1114.96550  # cp,oh
bond_coeff	7    0.96500  532.50620 -1282.90500 2004.76580  # ho,oh

# Angle Coeffs

angle_coeff	1  108.40000   43.95940   -8.39240   -9.33790  # c_0,cp,cp
angle_coeff	2  110.58840   34.62140   -7.09390   -7.40320  # cp,c_0,cp
angle_coeff	3  119.30000   65.10160  -17.97660    0.00000  # cp,c_0,o_1
angle_coeff	4  118.90000   61.02260  -34.99310    0.00000  # cp,cp,cp
angle_coeff	5  117.94000   35.15580  -12.46820    0.00000  # cp,cp,hc
angle_coeff	6  123.42000   73.67810  -21.67870    0.00000  # cp,cp,oc
angle_coeff	7  123.42000   73.67810  -21.67870    0.00000  # cp,cp,oh
angle_coeff	8  109.50000   60.00000    0.00000    0.00000  # cp,oc,cp
angle_coeff	9  108.19000   53.12500   -8.50160    0.00000  # cp,oh,ho

# BondBond Coeffs

angle_coeff	1 bb    0.00000    1.48900    1.41700  # c_0,cp,cp
angle_coeff	2 bb    0.00000    1.48900    1.48900  # cp,c_0,cp
angle_coeff	3 bb    0.00000    1.48900    1.21600  # cp,c_0,o_1
angle_coeff	4 bb   68.28560    1.41700    1.41700  # cp,cp,cp
angle_coeff	5 bb    1.07950    1.41700    1.09820  # cp,cp,hc
angle_coeff	6 bb   48.47540    1.41700    1.37680  # cp,cp,oc
angle_coeff	7 bb   48.47540    1.41700    1.37680  # cp,cp,oh
angle_coeff	8 bb    0.00000    1.37680    1.37680  # cp,oc,cp
angle_coeff	9 bb   20.65770    1.37680    0.96500  # cp,oh,ho

# BondAngle Coeffs

angle_coeff	1 ba    0.00000    0.00000    1.48900    1.41700  # c_0,cp,cp
angle_coeff	2 ba    0.00000    0.00000    1.48900    1.48900  # cp,c_0,cp
angle_coeff	3 ba    0.00000    0.00000    1.48900    1.21600  # cp,c_0,o_1
angle_coeff	4 ba   28.87080   28.87080    1.41700    1.41700  # cp,cp,cp
angle_coeff	5 ba   20.00330   24.21830    1.41700    1.09820  # cp,cp,hc
angle_coeff	6 ba   58.47900  107.68060    1.41700    1.37680  # cp,cp,oc
angle_coeff	7 ba   58.47900  107.68060    1.41700    1.37680  # cp,cp,oh
angle_coeff	8 ba    0.00000    0.00000    1.37680    1.37680  # cp,oc,cp
angle_coeff	9 ba   53.86140   23.92240    1.37680    0.96500  # cp,oh,ho

# Dihedral Coeffs

dihedral_coeff	 1    0.00000    0.00000    4.62820    0.00000    0.00000    0.00000  # c_0,cp,cp,cp
dihedral_coeff	 2    0.00000    0.00000    2.16700    0.00000    0.00000    0.00000  # c_0,cp,cp,hc
dihedral_coeff	 3    0.00000    0.00000    2.50000    0.00000    0.00000    0.00000  # cp,c_0,cp,cp
dihedral_coeff	 4    0.00000    0.00000    0.90630    0.00000    0.00000    0.00000  # cp,cp,c_0,o_1
dihedral_coeff	 5    8.36670    0.00000    1.19320    0.00000    0.00000    0.00000  # cp,cp,cp,cp
dihedral_coeff	 6    0.00000    0.00000    3.96610    0.00000    0.00000    0.00000  # cp,cp,cp,hc
dihedral_coeff	 7    0.00000    0.00000    4.84980    0.00000    0.00000    0.00000  # cp,cp,cp,oc
dihedral_coeff	 8    0.00000    0.00000    4.84980    0.00000    0.00000    0.00000  # cp,cp,cp,oh
dihedral_coeff	 9    0.00000    0.00000    1.80000    0.00000    0.00000    0.00000  # cp,cp,oc,cp
dihedral_coeff	10   -0.69000    0.00000    0.50970    0.00000    0.00950    0.00000  # cp,cp,oh,ho
dihedral_coeff	11    0.00000    0.00000    1.87690    0.00000    0.00000    0.00000  # hc,cp,cp,hc
dihedral_coeff	12    0.00000    0.00000    1.72340    0.00000    0.00000    0.00000  # hc,cp,cp,oc
dihedral_coeff	13    0.00000    0.00000    1.72340    0.00000    0.00000    0.00000  # hc,cp,cp,oh

# MiddleBondTorsion Coeffs

dihedral_coeff	 1 mbt    0.00000    0.00000    0.00000    1.41700  # c_0,cp,cp,cp
dihedral_coeff	 2 mbt    0.00000    0.00000    0.00000    1.41700  # c_0,cp,cp,hc
dihedral_coeff	 3 mbt    0.00000    0.00000    0.00000    1.48900  # cp,c_0,cp,cp
dihedral_coeff	 4 mbt    0.00000    0.00000    0.00000    1.48900  # cp,cp,c_0,o_1
dihedral_coeff	 5 mbt   27.59890   -2.31200    0.00000    1.41700  # cp,cp,cp,cp
dihedral_coeff	 6 mbt    0.00000   -1.15210    0.00000    1.41700  # cp,cp,cp,hc
dihedral_coeff	 7 mbt    0.00000    4.82550    0.00000    1.41700  # cp,cp,cp,oc
dihedral_coeff	 8 mbt    0.00000    4.82550    0.00000    1.41700  # cp,cp,cp,oh
dihedral_coeff	 9 mbt    0.00000    0.00000    0.00000    1.37680  # cp,cp,oc,cp
dihedral_coeff	10 mbt    1.15800    3.26970    3.51320    1.37680  # cp,cp,oh,ho
dihedral_coeff	11 mbt    0.00000    4.82280    0.00000    1.41700  # hc,cp,cp,hc
dihedral_coeff	12 mbt    0.00000    5.54320    0.00000    1.41700  # hc,cp,cp,oc
dihedral_coeff	13 mbt    0.00000    5.54320    0.00000    1.41700  # hc,cp,cp,oh

# EndBondTorsion Coeffs

dihedral_coeff	 1 ebt    0.00000    0.00000    0.00000    0.00000    0.00000    0.00000    1.48900    1.41700  # c_0,cp,cp,cp
dihedral_coeff	 2 ebt    0.00000    0.00000    0.00000    0.00000    0.00000    0.00000    1.48900    1.09820  # c_0,cp,cp,hc
dihedral_coeff	 3 ebt    0.00000    0.00000    0.00000    0.00000    0.00000    0.00000    1.48900    1.41700  # cp,c_0,cp,cp
dihedral_coeff	 4 ebt    0.00000    0.00000    0.00000    0.00000    0.00000    0.00000    1.41700    1.21600  # cp,cp,c_0,o_1
dihedral_coeff	 5 ebt   -0.11850    6.32040    0.00000   -0.11850    6.32040    0.00000    1.41700    1.41700  # cp,cp,cp,cp
dihedral_coeff	 6 ebt    0.00000   -6.89580    0.00000    0.00000   -0.46690    0.00000    1.41700    1.09820  # cp,cp,cp,hc
dihedral_coeff	 7 ebt    0.00000    0.26550    0.00000    0.00000    4.89050    0.00000    1.41700    1.37680  # cp,cp,cp,oc
dihedral_coeff	 8 ebt    0.00000    0.26550    0.00000    0.00000    4.89050    0.00000    1.41700    1.37680  # cp,cp,cp,oh
dihedral_coeff	 9 ebt    0.00000    0.00000    0.00000    0.00000    0.00000    0.00000    1.41700    1.37680  # cp,cp,oc,cp
dihedral_coeff	10 ebt    0.90000   -1.34560    1.19000    3.41320    0.58730   -0.13230    1.41700    0.96500  # cp,cp,oh,ho
dihedral_coeff	11 ebt    0.00000   -0.68900    0.00000    0.00000   -0.68900    0.00000    1.09820    1.09820  # hc,cp,cp,hc
dihedral_coeff	12 ebt    0.00000   -1.58670    0.00000    0.00000    4.26410    0.00000    1.09820    1.37680  # hc,cp,cp,oc
dihedral_coeff	13 ebt    0.00000   -1.58670    0.00000    0.00000    4.26410    0.00000    1.09820    1.37680  # hc,cp,cp,oh

# AngleTorsion Coeffs

dihedral_coeff	 1 at    0.00000    0.00000    0.00000    0.00000    0.00000    0.00000  108.40000  118.90000  # c_0,cp,cp,cp
dihedral_coeff	 2 at    0.00000    0.00000    0.00000    0.00000    0.00000    0.00000  108.40000  117.94000  # c_0,cp,cp,hc
dihedral_coeff	 3 at    0.00000    0.00000    0.00000    0.00000    0.00000    0.00000  110.58840  108.40000  # cp,c_0,cp,cp
dihedral_coeff	 4 at    0.00000    0.00000    0.00000    0.00000    0.00000    0.00000  108.40000  119.30000  # cp,cp,c_0,o_1
dihedral_coeff	 5 at    1.97670    1.02390    0.00000    1.97670    1.02390    0.00000  118.90000  118.90000  # cp,cp,cp,cp
dihedral_coeff	 6 at    0.00000    2.50140    0.00000    0.00000    2.71470    0.00000  118.90000  117.94000  # cp,cp,cp,hc
dihedral_coeff	 7 at    0.00000   10.01550    0.00000    0.00000    1.74040    0.00000  118.90000  123.42000  # cp,cp,cp,oc
dihedral_coeff	 8 at    0.00000   10.01550    0.00000    0.00000    1.74040    0.00000  118.90000  123.42000  # cp,cp,cp,oh
dihedral_coeff	 9 at    0.00000    0.00000    0.00000    0.00000    0.00000    0.00000  123.42000  109.50000  # cp,cp,oc,cp
dihedral_coeff	10 at   -5.13600   -1.01220    0.00000    4.68520    0.02300   -0.59800  123.42000  108.19000  # cp,cp,oh,ho
dihedral_coeff	11 at    0.00000    2.45010    0.00000    0.00000    2.45010    0.00000  117.94000  117.94000  # hc,cp,cp,hc
dihedral_coeff	12 at    0.00000    1.87290    0.00000    0.00000    2.57060    0.00000  117.94000  123.42000  # hc,cp,cp,oc
dihedral_coeff	13 at    0.00000    1.87290    0.00000    0.00000    2.57060    0.00000  117.94000  123.42000  # hc,cp,cp,oh

# AngleAngleTorsion Coeffs

dihedral_coeff	 1 aat    0.00000  108.40000  118.90000  # c_0,cp,cp,cp
dihedral_coeff	 2 aat    0.00000  108.40000  117.94000  # c_0,cp,cp,hc
dihedral_coeff	 3 aat    0.00000  110.58840  108.40000  # cp,c_0,cp,cp
dihedral_coeff	 4 aat    0.00000  108.40000  119.30000  # cp,cp,c_0,o_1
dihedral_coeff	 5 aat    0.00000  118.90000  118.90000  # cp,cp,cp,cp
dihedral_coeff	 6 aat   -4.81410  118.90000  117.94000  # cp,cp,cp,hc
dihedral_coeff	 7 aat  -21.02470  118.90000  123.42000  # cp,cp,cp,oc
dihedral_coeff	 8 aat  -21.02470  118.90000  123.42000  # cp,cp,cp,oh
dihedral_coeff	 9 aat    0.00000  123.42000  109.50000  # cp,cp,oc,cp
dihedral_coeff	10 aat   -4.60720  123.42000  108.19000  # cp,cp,oh,ho
dihedral_coeff	11 aat    0.35980  117.94000  117.94000  # hc,cp,cp,hc
dihedral_coeff	12 aat    4.22960  117.94000  123.42000  # hc,cp,cp,oc
dihedral_coeff	13 aat    4.22960  117.94000  123.42000  # hc,cp,cp,oh

# BondBond13 Coeffs

dihedral_coeff	 1 bb13    0.00000    1.48900    1.41700  # c_0,cp,cp,cp
dihedral_coeff	 2 bb13    0.00000    1.48900    1.09820  # c_0,cp,cp,hc
dihedral_coeff	 3 bb13    0.00000    1.48900    1.41700  # cp,c_0,cp,cp
dihedral_coeff	 4 bb13    0.00000    1.41700    1.21600  # cp,cp,c_0,o_1
dihedral_coeff	 5 bb13   53.00000    1.41700    1.41700  # cp,cp,cp,cp
dihedral_coeff	 6 bb13   -6.27410    1.41700    1.09820  # cp,cp,cp,hc
dihedral_coeff	 7 bb13   -2.24360    1.41700    1.37680  # cp,cp,cp,oc
dihedral_coeff	 8 bb13   -2.24360    1.41700    1.37680  # cp,cp,cp,oh
dihedral_coeff	 9 bb13    0.00000    1.41700    1.37680  # cp,cp,oc,cp
dihedral_coeff	10 bb13    1.15900    1.41700    0.96500  # cp,cp,oh,ho
dihedral_coeff	11 bb13   -1.70770    1.09820    1.09820  # hc,cp,cp,hc
dihedral_coeff	12 bb13    2.05170    1.09820    1.37680  # hc,cp,cp,oc
dihedral_coeff	13 bb13    2.05170    1.09820    1.37680  # hc,cp,cp,oh

# Improper Coeffs

improper_coeff	1   38.79490    0.00000  # c_0,cp,cp,o_1
improper_coeff	2    0.00000    0.00000  # cp,c_0,cp,cp
improper_coeff	3    4.89120    0.00000  # cp,cp,cp,hc
improper_coeff	4   13.04210    0.00000  # cp,cp,cp,oc
improper_coeff	5   13.04210    0.00000  # cp,cp,cp,oh

# AngleAngle Coeffs

improper_coeff	1 aa    0.00000    0.00000    0.00000  110.58840  119.30000  119.30000  # c_0,cp,cp,o_1
improper_coeff	2 aa    0.00000    0.00000    0.00000  108.40000  108.40000  118.90000  # cp,c_0,cp,cp
improper_coeff	3 aa    0.00000    0.00000    0.00000  118.90000  117.94000  117.94000  # cp,cp,cp,hc
improper_coeff	4 aa    0.00000    0.00000    0.00000  118.90000  123.42000  123.42000  # cp,cp,cp,oc
improper_coeff	5 aa    0.00000    0.00000    0.00000  118.90000  123.42000  123.42000  # cp,cp,cp,oh


# --- Thermo Output ---
thermo_style custom step time temp press enthalpy etotal ke pe ebond eangle edihed eimp evdwl ecoul elong etail vol lx ly lz density pxx pyy pzz
thermo_modify flush yes
thermo 1000

# --- Trajectory ---
dump dump_npt all custom 1000 npt_ff_activate.dump id type mol x y z ix iy iz vx vy vz


# --- Restart Checkpointing ---
restart 10000 npt_1.rst npt_2.rst

# --- Initial Velocities (optional) ---
# Velocities read from data file

# --- SHAKE Constraints ---
# SHAKE disabled

# --- NPT Thermostat + Barostat (Nose-Hoover) ---
# T_damp = 100.0 fs  (heat bath coupling)
# P_damp = 1000.0 fs  (pressure bath coupling, ~10x T_damp typical)
# Ramp: T=300.0->300.0K  P=50000.0->1.0atm
timestep 1.0
fix npt_fix all npt temp 300.0 300.0 100.0 iso 50000.0 1.0 1000.0

run 100000
PPPM Kokkos initialization ...
  using 12-bit tables for long-range coulomb
  G vector (1/distance) = 0.30941059
  grid = 30 30 30
  stencil order = 5
  estimated absolute RMS force accuracy = 0.0003852764
  estimated relative force accuracy = 1.1602484e-06
  using double precision cuFFT
  3d grid and FFT values/proc = 50653 27000
Generated 21 of 21 mixed pair_coeff terms from sixthpower/sixthpower mixing rule
Neighbor list info ...
  update: every = 1 steps, delay = 0 steps, check = yes
  max neighbors/atom: 4000, page size: 100000
  master list distance cutoff = 11.5
  ghost atom cutoff = 11.5
  binsize = 11.5, bins = 4 4 4
  1 neighbor lists, perpetual/occasional/extra = 1 0 0
  (1) pair lj/class2/coul/long/kk, perpetual
      attributes: full, newton off, kokkos_device
      pair build: full/bin/kk/device
      stencil: full/bin/3d
      bin: kk/device
Per MPI rank memory allocation (min/avg/max) = 30.47 | 30.47 | 30.47 Mbytes
   Step          Time           Temp          Press         Enthalpy        TotEng         KinEng         PotEng         E_bond        E_angle        E_dihed        E_impro         E_vdwl         E_coul         E_long         E_tail         Volume           Lx             Ly             Lz          Density          Pxx            Pyy            Pzz      
         0   0              304.98088      50886.272      62651.411      22331.895      5580.904       16750.991      3054.2972      4095.1217      4073.8416      344.60635      1480.7731      11173.409     -7471.0578     -731.84679      54329.885      37.874444      37.874444      37.874444      1.586736       51471.021      52148.471      49039.323    
      1000   1000           295.92366      49630.903      61731.42       22512.238      5415.1641      17097.074      3106.9584      4201.5074      4191.0426      360.17203      1565.9897      11147.101     -7475.6972     -733.81823      54183.925      37.840496      37.840496      37.840496      1.5910103      48100.986      51737.448      49054.274    
      2000   2000           298.39717      49461.709      61692.361      22544.571      5460.4274      17084.144      3146.3399      4205.7728      4169.6285      366.51382      1523.9387      11150.366     -7478.4159     -732.65028      54270.302      37.860593      37.860593      37.860593      1.588478       48220.203      50639.207      49525.717    
      3000   3000           305.43839      48540.603      61134.174      22708.471      5589.276       17119.195      3187.9394      4200.3323      4239.8152      376.92502      1417.802       11167.403     -7471.0225     -732.51783      54280.115      37.862875      37.862875      37.862875      1.5881909      49538.129      47721.314      48362.367    
      4000   4000           297.47419      48703.462      61030.342      22386.801      5443.5375      16943.263      3177.7687      4143.8798      4129.9323      351.1412       1457.967       11152.911     -7470.3369     -730.83234      54405.299      37.89196       37.89196       37.89196       1.5845365      51120.278      47176.226      47813.881    
      5000   5000           302.1399       47961.396      60574.16       22400.439      5528.9164      16871.523      3134.6212      4152.427       4187.5819      367.75208      1342.7132      11156.186     -7469.7587     -728.55472      54575.382      37.931405      37.931405      37.931405      1.5795983      49567.495      48596.22       45720.473    
      6000   6000           302.25383      49935.51       62088.995      22369.347      5531.0012      16838.346      3211.8173      4171.9348      4009.1456      343.65949      1415.2867      11157.892     -7471.3897     -729.01918      54540.612      37.923348      37.923348      37.923348      1.5806054      50240.807      49522.803      50042.92     
      7000   7000           303.18042      46741.268      59502.946      22290.898      5547.9569      16742.941      3123.5494      4159.901       4174.5347      354.43536      1244.7787      11153.338     -7467.5961     -728.36953      54589.258      37.934619      37.934619      37.934619      1.5791968      47773.492      46435.636      46014.677    
      8000   8000           301.24011      45216.462      58346.195      22263.333      5512.4509      16750.882      3076.4622      4175.6238      4235.7654      345.89515      1228.596       11159.588     -7471.048      -726.65865      54717.785      37.964368      37.964368      37.964368      1.5754874      45647.922      47043.606      42957.858    
      9000   9000           295.35411      43967.927      57291.859      22176.557      5404.7419      16771.815      3012.7556      4171.1599      4288.2925      363.49052      1263.6725      11146.612     -7474.1677     -726.0632       54762.66       37.974743      37.974743      37.974743      1.5741964      44817.221      42733.56       44353        
     10000   10000          296.03348      41246.698      55051.766      21946.859      5417.1737      16529.685      3060.5173      4174.7403      4227.4717      344.7157       1022.342       11169.656     -7469.7582     -722.48971      55033.52       38.037249      38.037249      38.037249      1.5664486      40752.988      41956.711      41030.397    
     11000   11000          301.23213      43372.18       56882.88       22163.686      5512.3048      16651.381      3103.734       4132.9422      4280.6569      371.94558      1069.116       11161.445     -7468.4584     -724.3967       54888.643      38.003841      38.003841      38.003841      1.5705832      44982.094      44798.82       40335.626    
     12000   12000          299.17303      43430.977      56843.86       21967.534      5474.625       16492.909      3088.8561      4150.8045      4186.7641      369.57437      999.70454      11165.711     -7468.5052     -722.1106       55062.413      38.043904      38.043904      38.043904      1.5656267      43396.592      44552.599      42343.739    
     13000   13000          300.9649       41423.379      55319.06       22047.598      5507.4147      16540.184      3094.0987      4040.2386      4306.035       357.34547      1056.5531      11155.745     -7469.8323     -721.95228      55074.488      38.046685      38.046685      38.046685      1.5652834      41206.131      42274.542      40789.465    
     14000   14000          304.56101      41429.988      55433.505      22126.725      5573.2207      16553.504      3134.0695      4120.2582      4255.9892      341.42437      1020.7947      11152.348     -7471.3795     -721.30178      55124.156      38.058119      38.058119      38.058119      1.5638731      40256.758      41675.091      42358.114    
     15000   15000          300.06078      41294.906      55124.751      21882.428      5490.8701      16391.558      3060.2839      4126.318       4247.9388      358.98717      928.74074      11142.813     -7473.5239     -720.34403      55197.448      38.074978      38.074978      38.074978      1.5617965      40325.754      43367.311      40191.653    
     16000   16000          304.25754      43974.334      57434.835      21972.63       5567.6675      16404.962      3166.6564      4155.3602      4073.6891      339.89461      982.77628      11158.023     -7471.438      -719.06536      55295.602      38.097534      38.097534      38.097534      1.5590242      45869.39       42690.46       43363.152    
     17000   17000          291.56337      39045.58       53207.744      21721.483      5335.3744      16386.108      2991.6115      4193.3999      4236.5746      346.71582      948.61155      11141.587     -7472.3925     -719.09394      55293.404      38.097029      38.097029      38.097029      1.5590862      38692.604      40386.086      38058.051    
     18000   18000          300.62942      42374.237      56139.716      21947.403      5501.2758      16446.127      3084.963       4177.3565      4181.169       358.12087      947.75807      11167.323     -7470.564      -718.63481      55328.731      38.105141      38.105141      38.105141      1.5580907      43840.085      42499.12       40783.507    
     19000   19000          296.77574      39848.674      53989.674      21689.334      5430.7566      16258.578      3071.737       4168.1035      4244.3373      338.25459      756.73493      11153.823     -7474.4126     -715.38798      55579.843      38.162701      38.162701      38.162701      1.5510512      41448.041      39340.089      38757.893    
     20000   20000          297.18012      38727.302      53186.386      21809.851      5438.1563      16371.695      3066.184       4175.1797      4285.9866      347.32404      812.66226      11153.784     -7469.4253     -715.72653      55553.553      38.156683      38.156683      38.156683      1.5517852      38694.73       39844.615      37642.562    
     21000   21000          302.84888      40708.833      54878.227      21854.346      5541.8902      16312.456      3175.7438      4109.7427      4178.3915      342.55546      815.96674      11159.869     -7469.8133     -714.81785      55624.174      38.172845      38.172845      38.172845      1.5498151      39613.619      43011.493      39501.386    
     22000   22000          300.31711      37679.653      52383.703      21766.557      5495.5606      16270.996      3010.9976      4214.2862      4243.2135      354.82113      769.09225      11155.712     -7477.127      -713.63647      55716.256      38.193897      38.193897      38.193897      1.5472537      37659.57       38125.068      37254.323    
     23000   23000          299.69674      39275.421      53597.806      21614.112      5484.2085      16129.904      3072.5842      4127.3624      4178.7482      336.89388      730.66682      11156.012     -7472.3639     -712.0772       55838.26       38.221755      38.221755      38.221755      1.543873       41180.341      37317.437      39328.485    
     24000   24000          299.84754      40195.18       54333.884      21683.541      5486.968       16196.573      3063.3297      4153.3983      4115.8886      356.97913      823.62036      11152.373     -7469.0167     -713.8732       55697.78       38.189675      38.189675      38.189675      1.547767       38655.978      41661.743      40267.818    
     25000   25000          301.31903      37330.32       52078.006      21601.719      5513.8951      16087.823      3030.077       4188.236       4179.318       349.9716       662.05729      11147.601     -7469.437      -710.28804      55978.913      38.253821      38.253821      38.253821      1.5399939      38460.094      38636.732      34894.136    
     26000   26000          299.1147       36271.418      51263.066      21569.547      5473.5576      16095.99       3028.0552      4109.5577      4290.0591      368.65252      611.17081      11157.977     -7469.4831     -708.33339      56133.387      38.288976      38.288976      38.288976      1.535756       35002.641      37939.349      35872.264    
     27000   27000          299.50845      37984.917      52545.332      21494.508      5480.7629      16013.745      3100.3683      4158.7455      4133.5506      341.61316      610.24653      11143.532     -7474.3113     -709.37012      56051.349      38.270314      38.270314      38.270314      1.5380037      37501.18       39248.131      37205.439    
     28000   28000          300.68762      36471.771      51390.054      21418.849      5502.3407      15916.509      3091.3158      4150.1259      4139.0853      341.24383      502.4978       11162.407     -7470.1672     -705.64701      56347.085      38.337502      38.337502      38.337502      1.5299316      36922.52       36501.423      35991.371    
     29000   29000          299.60901      35690.954      50674.995      21281.428      5482.603       15798.825      2977.5906      4102.5135      4204.9744      348.71981      477.59552      11159.269     -7471.8373     -704.11034      56470.058      38.365372      38.365372      38.365372      1.5265999      36062.071      36039.864      34970.927    
     30000   30000          301.86058      36843.417      51797.561      21522.053      5523.8049      15998.248      3101.7587      4143.6916      4208.11        341.43811      528.1177       11145.937     -7470.8056     -705.6727       56345.034      38.337037      38.337037      38.337037      1.5299873      36083.886      36171.628      38274.739    
     31000   31000          296.35965      36004.886      50995.458      21391.913      5423.1425      15968.77       3041.5735      4140.6718      4244.0353      366.39015      477.4048       11168.135     -7469.4402     -705.26537      56377.576      38.344416      38.344416      38.344416      1.5291041      36250.606      34568.634      37195.417    
     32000   32000          305.83004      35268.855      50465.139      21381.901      5596.443       15785.459      3079.2822      4117.7816      4120.8869      360.7698       419.95577      11155.51      -7468.7275     -703.20743      56542.565      38.381785      38.381785      38.381785      1.5246422      36394.092      35505.33       33907.143    
     33000   33000          305.53586      36765.087      51793.072      21421.038      5591.0596      15829.978      3154.8056      4108.7234      4115.1676      334.64098      441.29864      11146.91      -7471.5678     -701.93446      56645.106      38.404973      38.404973      38.404973      1.5218823      35895.922      38287.448      36111.892    
     34000   34000          296.31254      33709.757      49116.097      21230.289      5422.2803      15808.009      3075.5947      4209.8612      4147.4293      339.42485      368.40067      11141.616     -7474.3181     -700.98262      56722.022      38.422348      38.422348      38.422348      1.5198186      32349.967      33972.942      34806.362    
     35000   35000          302.47651      30960.496      47005.706      21376.022      5535.0759      15840.946      3007.701       4206.9866      4276.6468      343.1859       332.82115      11145.132     -7471.5275     -700.48608      56762.23       38.431425      38.431425      38.431425      1.518742       31009.855      30111.48       31760.154    
     36000   36000          298.47579      32429.323      48017.277      21106.884      5461.8661      15645.017      2995.9742      4219.7642      4143.138       329.25603      286.43256      11140.706     -7470.2535     -698.79965      56899.216      38.462316      38.462316      38.462316      1.5150856      33374.25       30278.785      33634.933    
     37000   37000          301.39109      32932.56       48571.171      21174.273      5515.2137      15659.059      3101.2624      4154.1192      4101.7002      337.81718      270.87966      11163.964     -7470.6838     -697.04199      57042.692      38.494617      38.494617      38.494617      1.5112748      33645.535      31998.574      33153.572    
     38000   38000          294.70386      29661.248      45601.44       20918.809      5392.8428      15525.966      2986.675       4123.0173      4200.0648      333.84811      219.15797      11135.316     -7472.1132     -696.83959      57059.261      38.498344      38.498344      38.498344      1.510836       29713.489      29161.478      30108.778    
     39000   39000          297.05521      32650.481      48296.854      21075.852      5435.8705      15639.981      3087.0331      4190.1943      4146.8155      343.24439      200.8035       11145.41      -7473.5191     -695.53714      57166.109      38.522359      38.522359      38.522359      1.5080121      33124.065      34543.118      30284.261    
     40000   40000          302.40875      30030.904      46162.868      21047.408      5533.836       15513.572      3002.3529      4178.678       4160.3279      356.4808       138.32016      11149.247     -7471.8346     -693.36532      57345.17       38.562538      38.562538      38.562538      1.5033033      28122.986      31964.428      30005.298    
     41000   41000          298.09664      28630.522      44841.091      20820.088      5454.928       15365.16       2943.351       4123.8137      4154.5254      338.49002      119.93153      11152.255     -7467.206      -691.15107      57528.888      38.603676      38.603676      38.603676      1.4985025      29554.451      29321.028      27016.087    
     42000   42000          298.74406      30675.253      46732.594      20941.205      5466.7752      15474.43       3063.6008      4142.0077      4147.385       323.56005      112.74567      11154.137     -7469.0061     -689.68102      57651.51       38.631084      38.631084      38.631084      1.4953153      31382.872      30281.391      30361.495    
     43000   43000          299.16024      29858.849      45931.947      20800.543      5474.391       15326.152      3038.7251      4110.2883      4083.3371      334.21377      84.83298       11145.046     -7470.2913     -688.95548      57712.222      38.64464       38.64464       38.64464       1.4937422      29890.005      30553.87       29132.673    
     44000   44000          291.58483      28947.493      45089.35       20724.779      5335.7671      15389.011      2980.4018      4170.4948      4069.9159      353.90381      124.34447      11160.723     -7470.7725     -688.94895      57712.77       38.644762      38.644762      38.644762      1.493728       29783.383      28625.915      28433.182    
     45000   45000          298.51099      25945.04       42767.115      20863.266      5462.5102      15400.756      3015.9873      4157.0544      4207.7362      348.53872     -15.195524      11151.306     -7464.6721     -686.86083      57888.222      38.683884      38.683884      38.683884      1.4892007      24040.536      27861.929      25932.656    
     46000   46000          296.30351      27131.59       43628.43       20665.34       5422.115       15243.225      3002.2983      4132.3466      4165.5274      319.8946      -35.56915       11130.692     -7471.9643     -685.1407       58033.557      38.71623       38.71623       38.71623       1.4854713      27952.923      26416.092      27025.756    
     47000   47000          297.55957      25238.768      42052.972      20646.741      5445.1         15201.641      3051.6136      4069.0005      4138.0631      327.18772     -68.607962      11152.812     -7468.4288     -683.69559      58156.222      38.743489      38.743489      38.743489      1.4823381      25178.416      27538.021      22999.866    
     48000   48000          302.39222      27682.723      44224.73       20768.217      5533.5335      15234.683      3003.6487      4148.124       4117.6987      331.30329     -54.836218      11156.243     -7467.4976     -684.35302      58100.353      38.731078      38.731078      38.731078      1.4837635      27892.523      29868.492      25287.153    
     49000   49000          301.84865      22661.538      39968.432      20673.486      5523.5867      15149.899      2896.4526      4095.6261      4315.2042      336.0119      -174.87709      11148.263     -7466.7816     -681.0526       58381.91       38.793542      38.793542      38.793542      1.4766078      23725.845      22956.905      21301.864    
     50000   50000          296.84887      26458.194      43007.2        20517.167      5432.0948      15085.072      2948.1578      4087.8211      4215.6841      331.36761     -171.84104      11143.622     -7469.7393     -682.18937      58284.625      38.771982      38.771982      38.771982      1.4790724      26205.876      26818.601      26350.105    
     51000   51000          304.17578      25070.3        42089.942      20707.085      5566.1712      15140.914      3008.1752      4116.8717      4173.2038      338.63061     -158.12948      11133.86      -7471.698      -679.87432      58483.092      38.81594       38.81594       38.81594       1.4740531      26175.163      25836.926      23198.81     
     52000   52000          302.63177      25073.119      42037.118      20605.063      5537.9172      15067.146      3014.5581      4158.9675      4025.5467      322.5864      -128.69783      11144.022     -7469.8369     -678.38996      58611.056      38.84423       38.84423       38.84423       1.4708348      25121.787      24126.26       25971.31     
     53000   53000          295.86941      23791.509      40812.354      20465.027      5414.1715      15050.855      2947.8227      4115.3349      4150.4959      325.93143     -170.05853      11148.905     -7467.5757     -678.03087      58642.097      38.851086      38.851086      38.851086      1.4700563      25766.628      23798.078      21809.82     
     54000   54000          301.2076       22111.196      39565.488      20536.447      5511.8559      15024.591      2927.6976      4139.5835      4171.0941      323.7477      -217.30761      11147.686     -7467.91       -673.79869      59010.433      38.932259      38.932259      38.932259      1.4608804      21568.068      24315.367      20450.151    
     55000   55000          299.42376      21357.655      38875.203      20474.715      5479.2132      14995.502      2914.8168      4121.0979      4269.1352      335.83159     -325.75081      11149.142     -7468.7702     -673.06821      59074.476      38.946338      38.946338      38.946338      1.4592966      20899.175      21881.751      21292.041    
     56000   56000          298.78778      22116.483      39562.178      20442.859      5467.5752      14975.284      2931.4574      4183.2873      4097.2655      349.44208     -249.40016      11136.299     -7473.0678     -670.7775       59276.216      38.990621      38.990621      38.990621      1.4543301      19295.666      23578.642      23475.141    
     57000   57000          295.08539      21715.234      39042.334      20259.981      5399.8245      14860.156      2949.5093      4098.8214      4136.8306      335.78462     -330.87027      11139.79      -7469.7094     -670.42371      59307.497      38.997479      38.997479      38.997479      1.453563       21941.881      22626.437      20577.384    
     58000   58000          301.62694      20439.864      38129.721      20429.957      5519.5296      14910.427      2917.6481      4120.2706      4232.8537      332.41355     -367.61788      11143.529     -7468.6701     -669.64616      59376.361      39.012567      39.012567      39.012567      1.4518772      20075.2        19019.8        22224.591    
     59000   59000          289.2814       20264.263      37705.905      20088.701      5293.6161      14795.085      2894.0046      4117.6739      4172.5952      338.7878      -414.21785      11154.496     -7468.2549     -667.00437      59611.531      39.064004      39.064004      39.064004      1.4461494      20364.587      21026.343      19401.858    
     60000   60000          298.38508      21785.655      39284.843      20285.288      5460.2061      14825.082      3025.1458      4104.5436      4051.7141      330.48967     -373.84102      11153.675     -7466.6451     -664.90872      59799.414      39.105002      39.105002      39.105002      1.4416058      23120.122      20673.003      21563.839    
     61000   61000          296.45113      19695.901      37349.373      20135.018      5424.8164      14710.202      2863.6473      4163.1656      4148.5541      331.68421     -479.69466      11151.717     -7468.8712     -663.46795      59929.273      39.133288      39.133288      39.133288      1.438482       21791.343      18498.082      18798.277    
     62000   62000          300.79857      21252.683      38819.525      20170.575      5504.3711      14666.204      2950.7098      4178.0709      3962.2014      340.39675     -434.3502       11139.122     -7469.9466     -660.83681      60167.883      39.185156      39.185156      39.185156      1.4327774      22366.922      21078.401      20312.725    
     63000   63000          297.9535       18304.565      36240.609      20116.695      5452.3087      14664.386      2942.3627      4056.9636      4206.0312      332.76474     -544.70368      11142.355     -7471.3875     -658.2999       60399.754      39.235428      39.235428      39.235428      1.427277       17695.818      17806          19411.878    
     64000   64000          299.36108      17532.509      35561.469      20101.256      5478.0662      14623.19       2902.1214      4150.7785      4081.0311      348.08737     -530.93041      11140.092     -7467.991      -657.60251      60463.808      39.249292      39.249292      39.249292      1.425765       17650.008      17923.886      17023.635    
     65000   65000          300.68385      16947.476      35110.81       20189.77       5502.2718      14687.498      2954.6057      4116.7292      4159.1834      347.33552     -567.46462      11143.913     -7466.8047     -658.62886      60369.586      39.228894      39.228894      39.228894      1.4279903      16260.855      17986.065      16595.507    
     66000   66000          297.74177      17991.119      36041.134      20149.632      5448.4341      14701.198      2956.0985      4182.0017      4101.289       335.66438     -559.33149      11152.713     -7467.2378     -656.48995      60566.277      39.271452      39.271452      39.271452      1.4233529      17143.265      19827.314      17002.778    
     67000   67000          296.55095      17728.272      35646.255      19957.59       5426.6431      14530.947      2911.9278      4100.291       4105.2628      314.06716     -569.08253      11137.442     -7468.9607     -655.26243      60679.737      39.295959      39.295959      39.295959      1.4206914      18892.35       17431.204      16861.261    
     68000   68000          297.87531      16316.635      34560.209      20108.383      5450.8777      14657.505      2922.96        4190.4729      4168.6591      330.55843     -638.243        11148.731     -7465.6335     -654.70057      60731.812      39.307197      39.307197      39.307197      1.4194733      17138.891      16425.232      15385.783    
     69000   69000          298.22316      16162.126      34369.672      19957.349      5457.2431      14500.106      2949.516       4099.6291      4089.0965      312.49695     -629.60481      11148.831     -7469.8594     -650.2784       61144.814      39.396098      39.396098      39.396098      1.4098854      14727.309      17453.395      16305.673    
     70000   70000          300.96026      15233.885      33651.918      20042.032      5507.3298      14534.702      2885.2029      4081.0467      4218.5608      336.27731     -667.67644      11147.702     -7466.4113     -649.06925      61258.721      39.420547      39.420547      39.420547      1.4072638      14194.969      18472.763      13033.922    
     71000   71000          299.84931      13987.116      32541.358      19995.332      5487.0003      14508.332      2871.9249      4138.7647      4147.8903      343.72916     -661.19217      11138.687     -7471.4717     -646.48262      61503.822      39.473052      39.473052      39.473052      1.4016557      13913.06       13940.638      14107.65     
     72000   72000          299.47024      13707.52       32214.876      19901.914      5480.0636      14421.851      2880.3433      4167.5559      4121.1452      328.07182     -759.99456      11150.327     -7465.5981     -645.552        61592.485      39.49201       39.49201       39.49201       1.399638       13304.805      14149.71       13668.046    
     73000   73000          301.70393      12245.203      31040.768      19966.479      5520.9383      14445.541      2952.6232      4100.9352      4171.6328      326.93868     -778.66832      11141.485     -7469.4051     -641.18745      62011.744      39.581415      39.581415      39.581415      1.3901751      13432.32       12870.686      10432.603    
     74000   74000          299.93683      13562.726      32066.265      19800.931      5488.6019      14312.329      2895.0742      4126.0819      4071.4708      333.14814     -790.96308      11147.548     -7470.0304     -641.21324      62009.25       39.580884      39.580884      39.580884      1.390231       14211.843      13580.926      12895.409    
     75000   75000          299.08203      12932.148      31520.701      19769.198      5472.9598      14296.238      2855.31        4117.2981      4111.6617      322.68887     -769.13456      11129.082     -7470.6688     -638.1343       62308.439      39.64444       39.64444       39.64444       1.3835555      13216.371      11774.088      13805.986    
     76000   76000          308.77866      12971.331      31846.481      20038.519      5650.4003      14388.119      2901.9499      4128.1804      4091.8538      317.23826     -748.78225      11162.763     -7465.0846     -637.00737      62418.669      39.667805      39.667805      39.667805      1.3811122      12896.892      12856.351      13160.751    
     77000   77000          298.55804      11810.019      30633.767      19825.696      5463.3712      14362.325      2891.5209      4134.3577      4189.0386      328.90469     -860.54017      11147.213     -7468.1701     -633.63225      62751.15       39.738112      39.738112      39.738112      1.3737945      12370.907      11844.539      11214.611    
     78000   78000          299.48787      9964.3815      28880.379      19757.429      5480.3863      14277.043      2876.1635      4114.4986      4110.0066      316.06154     -825.63966      11152.391     -7466.4384     -633.3589       62778.232      39.743828      39.743828      39.743828      1.3732018      10094.512      11930.221      7868.412     
     79000   79000          297.77122      10031.808      28864.987      19611.916      5448.973       14162.943      2819.8897      4053.8864      4157.3018      320.20149     -862.09853      11144.936     -7471.174      -628.67781      63245.675      39.842227      39.842227      39.842227      1.3630526      11977.877      9772.7378      8344.8084    
     80000   80000          303.80186      10172.644      29141.069      19762.124      5559.3288      14202.795      2928.9075      4124.8702      4017.9183      307.12198     -861.53886      11155.589     -7470.0726     -628.94797      63218.507      39.836522      39.836522      39.836522      1.3636384      11448.442      8849.7885      10219.702    
     81000   81000          302.40735      9573.6185      28561.943      19703.387      5533.8105      14169.577      2881.681       4115.8081      4076.3794      325.56941     -893.9579       11133.35      -7469.2532     -626.68316      63446.977      39.884453      39.884453      39.884453      1.358728       9876.1149      9399.279       9445.4616    
     82000   82000          302.76357      8057.2246      27263.696      19772.736      5540.3291      14232.407      2918.273       4124.8989      4123.3669      335.21982     -948.16171      11148.742     -7469.9314     -623.71019      63749.402      39.947724      39.947724      39.947724      1.3522822      7504.5253      9812.1581      6854.9903    
     83000   83000          296.70646      7547.119       26592.598      19549.611      5429.4887      14120.122      2872.4947      4122.3374      4079.9681      331.45589     -961.0843       11147.401     -7472.4505     -621.38264      63988.192      39.99754       39.99754       39.99754       1.3472358      6500.9512      8141.5006      7998.9051    
     84000   84000          300.26665      10348.208      29338.571      19603.208      5494.6374      14108.571      2930.5239      4193.482       3900.1672      327.47571     -912.45031      11138.203     -7468.8307     -616.37908      64507.627      40.105477      40.105477      40.105477      1.3363874      9354.0966      8045.4718      13645.057    
     85000   85000          297.46861      7420.1658      26598.659      19591.771      5443.4354      14148.336      2933.8905      4163.2792      4064.0076      323.56968     -1012.6812      11148.864     -7472.5943     -614.07762      64749.391      40.155518      40.155518      40.155518      1.3313976      5934.8372      7935.2801      8390.3802    
     86000   86000          298.73146      6733.1998      25998.411      19619.175      5466.5446      14152.63       2934.3242      4116.0143      4060.6421      337.10695     -974.25469      11151.455     -7472.6575     -612.05111      64963.777      40.199787      40.199787      40.199787      1.3270039      6548.2987      6501.1081      7150.1925    
     87000   87000          300.51751      7222.3476      26380.876      19498.18       5499.2278      13998.953      2818.6671      4181.3293      3987.1432      321.671       -976.34617      11139.689     -7473.2012     -608.49172      65343.785      40.278018      40.278018      40.278018      1.3192866      8459.8913      5538.2423      7668.9092    
     88000   88000          300.14829      5935.2901      25207.607      19520.519      5492.4715      14028.047      2804.6558      4145.6231      4034.4386      342.50493     -987.01608      11158.318     -7470.477      -605.18321      65701.016      40.351284      40.351284      40.351284      1.3121134      7847.9705      5660.9185      4296.9812    
     89000   89000          307.53332      3816.542       23370.202      19699.809      5627.6116      14072.197      2856.9674      4148.0678      4088.1712      325.88854     -1019.6676      11142.49      -7469.7197     -602.9652       65942.698      40.400701      40.400701      40.400701      1.3073045      3307.5155      4288.3671      3853.7434    
     90000   90000          296.38436      4674.2162      24063.271      19550.668      5423.5946      14127.074      2928.2028      4181.0461      3999.6735      313.27349     -981.9109       11154.289     -7467.5004     -600.64312      66197.631      40.452697      40.452697      40.452697      1.3022699      4075.8235      4220.1468      5726.6783    
     91000   91000          299.65389      5364.044       24604.336      19399.687      5483.4242      13916.263      2822.9474      4168.4641      3957.3007      322.344       -1030.8263      11149.284     -7473.2512     -597.63458      66530.876      40.520464      40.520464      40.520464      1.295747       4966.9134      5257.181       5868.0376    
     92000   92000          300.81236      5089.453       24475.49       19514.806      5504.6233      14010.182      2960.5354      4119.3284      3949.1644      326.0825      -1027.2822      11154.712     -7472.358      -594.92791      66833.563      40.581822      40.581822      40.581822      1.2898786      4932.4605      5736.5195      4599.379     
     93000   93000          300.94054      4369.5518      23843.57       19559.837      5506.969       14052.868      2913.1411      4168.5621      3934.6384      330.93061     -966.02829      11143.673     -7472.0494     -591.49263      67221.72       40.660234      40.660234      40.660234      1.2824305      2933.0141      5632.4176      4543.2237    
     94000   94000          299.26302      3149.0757      22546.973      19428.051      5476.2717      13951.78       2869.2039      4114.7163      3996.5886      328.11329     -1031.0488      11145.709     -7471.5023     -585.48184      67911.845      40.798905      40.798905      40.798905      1.2693983      2665.7293      3633.3511      3148.1466    
     95000   95000          300.39478      2955.9445      22590.207      19646.423      5496.982       14149.441      2894.7687      4276.4605      3957.4121      317.8503      -973.8735       11147.979     -7471.156      -582.2712       68286.311      40.873756      40.873756      40.873756      1.2624373      3337.0478      3520.4508      2010.3351    
     96000   96000          301.01943      3280.5546      22815.021      19529.88       5508.4127      14021.468      2897.9194      4130.1257      3937.5655      312.43546     -918.66416      11132.385     -7470.2997     -579.06613      68664.269      40.949028      40.949028      40.949028      1.2554883      2290.996       3312.5508      4238.117     
     97000   97000          299.56041      2685.5677      22111.948      19387.557      5481.7138      13905.844      2848.0586      4102.0893      3941.3188      307.26736     -977.23926      11152.459     -7468.11       -571.61222      69559.66       41.126254      41.126254      41.126254      1.2393273      2934.5317      3064.0022      2058.1692    
     98000   98000          296.39117      643.64604      20119.162      19464.617      5423.7192      14040.898      2839.1323      4114.4493      4043.5061      352.04193     -984.04228      11146.028     -7470.218      -570.21956      69729.548      41.159708      41.159708      41.159708      1.2363078      2748.4599     -2008.2956      1190.7739    
     99000   99000          297.36169      1107.6416      20708.151      19561.275      5441.4789      14119.797      2894.461       4190.2246      3955.2755      323.49589     -928.17413      11153.255     -7468.7414     -560.03835      70997.195      41.407632      41.407632      41.407632      1.2142336      2163.5378     -1532.2519      2691.6389    
    100000   100000         300.12594      2242.8158      21913.358      19568.843      5492.0624      14076.781      2963.4689      4102.1729      3890.5448      326.61401     -886.75192      11151.454     -7470.7215     -554.72205      71677.612      41.539491      41.539491      41.539491      1.2027072      3387.0321      1151.0262      2190.3892    
Loop time of 194.328 on 1 procs for 100000 steps with 6140 atoms

Performance: 44.461 ns/day, 0.540 hours/ns, 514.594 timesteps/s, 3.160 Matom-step/s
100.0% CPU use with 1 MPI tasks x 1 OpenMP threads

MPI task timing breakdown:
Section |  min time  |  avg time  |  max time  |%varavg| %total
---------------------------------------------------------------
Pair    | 23.548     | 23.548     | 23.548     |   0.0 | 12.12
Bond    | 26.886     | 26.886     | 26.886     |   0.0 | 13.84
Kspace  | 94.691     | 94.691     | 94.691     |   0.0 | 48.73
Neigh   | 10.94      | 10.94      | 10.94      |   0.0 |  5.63
Comm    | 2.0548     | 2.0548     | 2.0548     |   0.0 |  1.06
Output  | 0.86459    | 0.86459    | 0.86459    |   0.0 |  0.44
Modify  | 31.31      | 31.31      | 31.31      |   0.0 | 16.11
Other   |            | 4.034      |            |       |  2.08

Nlocal:           6140 ave        6140 max        6140 min
Histogram: 1 0 0 0 0 0 0 0 0 0
Nghost:          16862 ave       16862 max       16862 min
Histogram: 1 0 0 0 0 0 0 0 0 0
Neighs:              0 ave           0 max           0 min
Histogram: 1 0 0 0 0 0 0 0 0 0
FullNghs:  3.34689e+06 ave 3.34689e+06 max 3.34689e+06 min
Histogram: 1 0 0 0 0 0 0 0 0 0

Total # of neighbors = 3346894
Ave neighs/atom = 545.09674
Ave special neighs/atom = 5.6319218
Neighbor list builds = 2253
Dangerous builds = 0

# --- Cleanup ---
unfix npt_fix

undump dump_npt

# --- Write Output ---
write_dump all custom npt_ff_activate_last.dump id type mol x y z xu yu zu vx vy vz modify sort id
write_data /home/alexzhao/PolyJarvis/data/PEEK_2/attempts/equilibration/attempt-0001/work/npt_ff_activate/npt_ff_activate_out.data
System init for write_data ...
PPPM Kokkos initialization ...
  using 12-bit tables for long-range coulomb
  G vector (1/distance) = 0.30712778
  grid = 32 32 32
  stencil order = 5
  estimated absolute RMS force accuracy = 0.00038045153
  estimated relative force accuracy = 1.1457185e-06
  using double precision cuFFT
  3d grid and FFT values/proc = 59319 32768
Generated 21 of 21 mixed pair_coeff terms from sixthpower/sixthpower mixing rule
write_restart /home/alexzhao/PolyJarvis/data/PEEK_2/attempts/equilibration/attempt-0001/work/npt_ff_activate/npt_ff_activate_out.restart
System init for write_restart ...
PPPM Kokkos initialization ...
  using 12-bit tables for long-range coulomb
  G vector (1/distance) = 0.30712778
  grid = 32 32 32
  stencil order = 5
  estimated absolute RMS force accuracy = 0.00038045153
  estimated relative force accuracy = 1.1457185e-06
  using double precision cuFFT
  3d grid and FFT values/proc = 59319 32768
Generated 21 of 21 mixed pair_coeff terms from sixthpower/sixthpower mixing rule

print "STAGE COMPLETE: NPT T=300.0->300.0K P=50000.0->1.0atm steps=100000"
STAGE COMPLETE: NPT T=300.0->300.0K P=50000.0->1.0atm steps=100000
quit
