units real
atom_style full
boundary p p p

# --- Force Field Styles ---
pair_style lj/class2/coul/long 9.5 9.5
kspace_style pppm 1e-6
dielectric 1.000000
bond_style class2
angle_style class2
dihedral_style class2
improper_style class2
special_bonds lj/coul 0 0 1
pair_modify mix sixthpower tail yes
neighbor 2.0 bin
neigh_modify delay 0 every 1 check yes
neigh_modify one 4000
# KOKKOS: package loaded via -pk kokkos on the command line

read_data /home/arz2/PolyJarvis_v2/data/sPVC_1/attempts/cooling/attempt-0001/work/cool_block_02/cool_block_02_out.data
Reading data file ...
  orthogonal box = (6.0729665 6.0729665 6.0729665) to (47.619726 47.619726 47.619726)
  1 by 1 by 1 MPI processor grid
  reading atoms ...
  4940 atoms
  reading velocities ...
  4940 velocities
  scanning bonds ...
  4 = max bonds/atom
  scanning angles ...
  12 = max angles/atom
  scanning dihedrals ...
  24 = max dihedrals/atom
  scanning impropers ...
  10 = max impropers/atom
  orthogonal box = (6.0729665 6.0729665 6.0729665) to (47.619726 47.619726 47.619726)
  1 by 1 by 1 MPI processor grid
  reading bonds ...
  4930 bonds
  reading angles ...
  9840 angles
  reading dihedrals ...
  14670 dihedrals
  reading impropers ...
  6560 impropers
Finding 1-2 1-3 1-4 neighbors ...
  special bond factors lj:    0        0        1       
  special bond factors coul:  0        0        1       
     4 = max # of 1-2 neighbors
     6 = max # of 1-3 neighbors
    10 = max # of special neighbors
  special bonds CPU = 0.003 seconds
  read_data CPU = 0.209 seconds


# --- Thermo Output ---
thermo_style custom step time temp press enthalpy etotal ke pe ebond eangle edihed eimp evdwl ecoul elong etail vol lx ly lz density pxx pyy pzz
thermo_modify flush yes
thermo 1000

# --- Trajectory ---
dump dump_npt all custom 1000 cool_block_03.dump id type mol x y z ix iy iz vx vy vz


# --- Restart Checkpointing ---
restart 10000 npt_1.rst npt_2.rst

# --- Initial Velocities (optional) ---
# Velocities read from data file

# --- SHAKE Constraints ---
# SHAKE disabled

# --- NPT Thermostat + Barostat (Nose-Hoover) ---
# T_damp = 100.0 fs  (heat bath coupling)
# P_damp = 1000.0 fs  (pressure bath coupling, ~10x T_damp typical)
# Ramp: T=521.0->496.0K  P=1.0->1.0atm
timestep 1.0
fix npt_fix all npt temp 521.0 496.0 100.0 iso 1.0 1.0 1000.0

run 250000
PPPM Kokkos initialization ...
  using 12-bit tables for long-range coulomb
  G vector (1/distance) = 0.30198845
  grid = 30 30 30
  stencil order = 5
  estimated absolute RMS force accuracy = 0.00024961605
  estimated relative force accuracy = 7.5171131e-07
  using double precision cuFFT
  3d grid and FFT values/proc = 50653 27000
Generated 6 of 6 mixed pair_coeff terms from sixthpower/sixthpower mixing rule
Neighbor list info ...
  update: every = 1 steps, delay = 0 steps, check = yes
  max neighbors/atom: 4000, page size: 100000
  master list distance cutoff = 11.5
  ghost atom cutoff = 11.5
  binsize = 11.5, bins = 4 4 4
  1 neighbor lists, perpetual/occasional/extra = 1 0 0
  (1) pair lj/class2/coul/long/kk, perpetual
      attributes: full, newton off, kokkos_device
      pair build: full/bin/kk/device
      stencil: full/bin/3d
      bin: kk/device
Per MPI rank memory allocation (min/avg/max) = 28.65 | 28.65 | 28.65 Mbytes
   Step          Time           Temp          Press         Enthalpy        TotEng         KinEng         PotEng         E_bond        E_angle        E_dihed        E_impro         E_vdwl         E_coul         E_long         E_tail         Volume           Lx             Ly             Lz          Density          Pxx            Pyy            Pzz      
         0   0              525.6026      -1112.1426      5614.4822      6777.6647      7738.0375     -960.37283      3078.6443      4261.6373     -2640.5544      27.021965     -486.85896     -2102.6594     -3097.6036     -329.26893      71715.244      41.54676       41.54676       41.54676       1.1871258     -91.829148     -1865.8557     -1378.743     
      1000   1000           514.23304     -769.23595      5686.7111      6482.6073      7570.6524     -1088.0451      3026.5865      4191.943      -2629.8044      25.980955     -487.3719      -2107.0613     -3108.3179     -332.84442      70944.863      41.397456      41.397456      41.397456      1.2000167     -569.80586     -85.96545      -1651.9365    
      2000   2000           523.04616      1906.6061      8592.1837      6612.497       7700.4011     -1087.9042      2997.7649      4169.5071     -2622.5961      25.807583     -464.66339     -2095.0166     -3098.7077     -331.66728      71196.657      41.446373      41.446373      41.446373      1.1957727      2766.4581      2222.9947      730.36533    
      3000   3000           517.23915      203.03829      6696.9963      6490.4919      7614.909      -1124.417       3044.9012      4235.8221     -2663.7945      27.591628     -587.02395     -2088.9996     -3092.9138     -338.59986      69738.959      41.16156       41.16156       41.16156       1.220767      -235.03299     -19.385932      863.53379    
      4000   4000           517.68458      372.12819      7052.0601      6663.7013      7621.4667     -957.76543      3057.7944      4293.7657     -2651.5852      27.420917     -484.9427      -2101.7422     -3098.4764     -329.98749      71559.081      41.516581      41.516581      41.516581      1.1897165     -739.45958      1069.1307      786.71347    
      5000   5000           518.23204     -7.3858777      6574.3736      6582.0032      7629.5266     -1047.5234      3040.1335      4174.8128     -2606.704       26.563654     -482.35377     -2095.6342     -3104.3413     -333.38037      70830.81       41.37526       41.37526       41.37526       1.201949      -84.680194     -1289.9255      1352.448     
      6000   6000           523.678        1237.9174      7922.7735      6636.1551      7709.7032     -1073.5481      2968.7606      4244.4859     -2655.802       28.257123     -452.71446     -2104.7409     -3101.7943     -331.3447       71265.971      41.459819      41.459819      41.459819      1.1946097      876.85446      1164.873       1672.0247    
      7000   7000           518.76816      26.551325      6565.6007      6538.0226      7637.4194     -1099.3968      3038.0845      4110.4312     -2628.6322      25.505369     -435.27172     -2108.1137     -3101.4002     -331.55777      71220.173      41.450936      41.450936      41.450936      1.1953779      201.38443     -56.032125     -65.698329    
      8000   8000           531.2597      -88.595096      6794.1638      6885.8249      7821.3227     -935.49774      2888.8013      4330.7772     -2550.149       27.319486     -419.95821     -2102.267      -3110.0215     -332.86059      70941.417      41.396786      41.396786      41.396786      1.200075      -758.08599      542.10733     -49.806624    
      9000   9000           519.12495     -384.6773       6121.7898      6517.5773      7642.6722     -1125.0949      3065.6346      4177.0577     -2593.17        27.362134     -590.08153     -2108.3206     -3103.5772     -334.71299      70548.805      41.320277      41.320277      41.320277      1.2067535     -2081.3343      543.6058       383.69664    
     10000   10000          520.93971      286.18525      6886.1792      6585.1338      7669.3895     -1084.2558      3004.003       4143.6766     -2609.3753      26.91703      -443.01495     -2105.5794     -3100.8827     -327.38094      72128.822      41.626473      41.626473      41.626473      1.180319      -748.00335     -1192.0456      2798.6047    
     11000   11000          513.03295     -697.79265      5915.8709      6640.8914      7552.9844     -912.09303      3060.0096      4261.7065     -2626.7811      27.404696     -437.35113     -2097.6527     -3099.4288     -331.4471       71243.953      41.455549      41.455549      41.455549      1.1949789     -1505.3891     -570.74918     -17.239709    
     12000   12000          521.78609     -426.21587      6256.267       6695.5717      7681.85       -986.27834      2973.7168      4336.0141     -2629.7956      28.254017     -492.16451     -2102.7139     -3099.5893     -334.11951      70674.118      41.344727      41.344727      41.344727      1.2046138      353.82352     -776.89472     -855.5764     
     13000   13000          526.02064      870.84126      7458.0563      6554.4884      7744.192      -1189.7037      2903.2481      4106.4832     -2606.9273      26.316208     -409.86883     -2107.7382     -3101.2169     -331.90692      71145.252      41.436396      41.436396      41.436396      1.1966367      46.907432      105.19863      2460.4177    
     14000   14000          527.96287      915.10788      7661.2242      6714.6001      7772.786      -1058.1859      2917.8659      4273.5424     -2625.5653      27.219948     -441.96591     -2105.3511     -3103.9319     -332.91462      70929.902      41.394546      41.394546      41.394546      1.2002698      1764.5051      587.69224      393.12625    
     15000   15000          523.80748     -85.273472      6701.5791      6790.4757      7711.6094     -921.13373      3023.1953      4355.5857     -2655.7737      29.200379     -496.20367     -2083.6831     -3093.4547     -330.34437      71481.775      41.501626      41.501626      41.501626      1.1910032      1231.3187     -446.92817     -1040.2109    
     16000   16000          515.94045      26.436056      6485.4191      6458.1133      7595.7893     -1137.676       3012.2168      4210.7504     -2629.2477      27.22864      -547.5697      -2103.3675     -3107.687      -333.41074      70824.358      41.374004      41.374004      41.374004      1.2020585      1255.4322     -164.3519      -1011.7721    
     17000   17000          521.55407     -18.937132      6559.5592      6579.1325      7678.4343     -1099.3018      3002.4419      4219.9982     -2652.3445      27.616914     -507.96056     -2090.742      -3098.3119     -333.18746      70871.821      41.383244      41.383244      41.383244      1.2012535     -1178.5203     -305.97523      1427.6842    
     18000   18000          510.43013     -611.25309      5863.4329      6487.8792      7514.6651     -1026.786       3071.1473      4262.749      -2640.5281      26.352735     -558.70221     -2089.0569     -3098.7477     -337.10419      70048.377      41.222345      41.222345      41.222345      1.2153746     -2161.9323      141.75655      186.41644    
     19000   19000          515.27688     -68.076934      6331.1052      6400.5975      7586.02       -1185.4225      2927.9086      4217.7243     -2623.1575      25.755127     -539.61663     -2097.5777     -3096.4587     -337.36632      69993.951      41.211666      41.211666      41.211666      1.2163197     -437.94764     -305.94838      539.66522    
     20000   20000          520.16126      517.34649      7068.5237      6536.3612      7657.9289     -1121.5677      2924.3801      4228.1571     -2624.2493      27.264219     -500.66071     -2085.5705     -3090.8886     -334.79227      70532.1        41.317015      41.317015      41.317015      1.2070393     -108.94242      1616.3552      44.626663    
     21000   21000          523.13281      650.23952      7398.2908      6713.1092      7701.6768     -988.56759      2962.3604      4263.6546     -2658.0605      28.530457     -400.77367     -2087.3125     -3096.9664     -326.81786      72253.095      41.650366      41.650366      41.650366      1.1782889      517.58877      870.23169      562.89811    
     22000   22000          530.07391     -643.57604      6173.5025      6839.1896      7803.8652     -964.67566      3067.4317      4318.5448     -2654.8574      28.181942     -530.41356     -2091.8287     -3101.7344     -332.94147      70924.183      41.393433      41.393433      41.393433      1.2003666     -517.05078     -1526.196       112.51861    
     23000   23000          522.47207     -1151.2773      5360.5822      6555.4801      7691.9491     -1136.469       2989.9531      4169.4842     -2623.8123      28.549484     -500.96121     -2097.1321     -3102.5503     -331.80831      71166.396      41.4405        41.4405        41.4405        1.1962812      935.47722     -3981.8093     -407.49968    
     24000   24000          518.04726     -387.571        6279.2624      6682.5542      7626.8061     -944.25186      3048.7324      4286.3489     -2603.5947      26.784615     -523.90478     -2081.901      -3096.7173     -330.9558       71349.715      41.476052      41.476052      41.476052      1.1932076     -9.3584809      67.952435     -1221.307     
     25000   25000          527.0044      -575.46528      6147.1838      6739.5315      7758.6752     -1019.1436      3050.0205      4206.3113     -2641.5433      26.757521     -484.5506      -2090.8513     -3085.2877     -334.56502      70580.008      41.326368      41.326368      41.326368      1.20622       -121.55002     -141.06688     -1463.7789    
     26000   26000          528.32802      850.37105      7545.9808      6669.7744      7778.1618     -1108.3874      2963.4977      4259.0097     -2606.4037      29.04073      -548.14067     -2098.8561     -3106.5351     -334.22595      70651.611      41.340338      41.340338      41.340338      1.2049976      1954.2405      1172.6257     -575.753      
     27000   27000          515.57631      236.77662      6697.8741      6455.9262      7590.4283     -1134.5022      2952.2156      4253.3699     -2620.3804      28.292553     -533.15744     -2105.9874     -3108.855      -337.01956      70065.968      41.225795      41.225795      41.225795      1.2150695      1344.3331      626.19574     -1260.199     
     28000   28000          507.97858     -691.55309      5689.0379      6400.758       7478.5728     -1077.8148      2992.7526      4180.4656     -2566.9322      26.637631     -508.04863     -2100.0605     -3102.6293     -334.62194      70568.002      41.324024      41.324024      41.324024      1.2064253     -874.58027     -1837.718       637.63902    
     29000   29000          517.46858     -734.44719      5790.1498      6539.5128      7618.2868     -1078.774       2957.1435      4316.1939     -2606.3359      28.338592     -573.74346     -2097.6381     -3102.7325     -337.52541      69960.96       41.20519       41.20519       41.20519       1.2168932     -1228.9375     -50.990614     -923.41343    
     30000   30000          514.96181      370.1459       6864.427       6484.185       7581.3815     -1097.1965      2980.4385      4242.9568     -2625.8494      26.376875     -528.83348     -2089.6808     -3102.605      -335.23621      70438.697      41.298769      41.298769      41.298769      1.2086399      345.17907     -389.7719       1155.0305    
     31000   31000          518.40325     -76.197614      6462.1107      6540.8736      7632.0471     -1091.1736      2958.8427      4268.621      -2600.5935      28.299419     -554.46571     -2089.2064     -3102.6711     -333.16373      70876.867      41.384226      41.384226      41.384226      1.2011679     -574.59289      327.67856      18.321486    
     32000   32000          521.40531     -122.55235      6612.8173      6739.2178      7676.2441     -937.02632      3055.4978      4300.221      -2631.3643      28.713009     -491.05915     -2092.177      -3106.8577     -333.89578      70721.474      41.35396       41.35396       41.35396       1.2038072     -114.74115     -216.69704     -36.218846    
     33000   33000          515.87626     -815.15678      5611.6216      6448.2756      7594.8442     -1146.5686      2972.3278      4264.3455     -2663.9458      26.469746     -538.44941     -2101.1695     -3106.147      -335.53155      70376.696      41.286648      41.286648      41.286648      1.2097047      77.128203      122.45478     -2645.0533    
     34000   34000          520.23727     -928.39171      5614.5202      6561.201       7659.0479     -1097.847       3056.1668      4256.1744     -2632.6558      28.077515     -613.24783     -2087.8087     -3104.5533     -337.72703      69919.193      41.196988      41.196988      41.196988      1.2176202     -766.87588     -873.64593     -1144.6533    
     35000   35000          523.34544      133.23247      6909.5136      6771.8983      7704.8071     -932.90885      3092.1638      4318.8774     -2611.5353      27.868248     -580.4514      -2082.3201     -3097.5115     -333.41211      70824.067      41.373947      41.373947      41.373947      1.2020634      952.85064     -1240.334       687.18073    
     36000   36000          518.5124      -590.71725      5891.6382      6500.2329      7633.6541     -1133.4213      2974.4553      4207.3215     -2612.6505      27.113326     -552.94603     -2082.4663     -3094.2487     -334.26401      70643.565      41.338769      41.338769      41.338769      1.2051348     -1855.2603      215.42791     -132.3194     
     37000   37000          521.08183      815.67143      7419.0414      6587.472       7671.4818     -1084.0098      2938.9258      4370.7586     -2635.8962      31.072362     -592.79495     -2094.8306     -3101.2448     -337.79629      69904.857      41.194173      41.194173      41.194173      1.2178699      153.53302      548.03021      1745.4511    
     38000   38000          517.89633      181.83314      6720.0887      6532.6851      7624.5842     -1091.8991      3018.3178      4127.1693     -2644.0977      25.736997     -436.37188     -2091.3443     -3091.3093     -334.1438       70668.981      41.343726      41.343726      41.343726      1.2047014      1710.5445      32.902113     -1197.9472    
     39000   39000          522.9389       1005.6495      7653.4091      6626.6872      7698.822      -1072.1347      2899.1059      4303.1392     -2622.0823      28.755864     -506.09817     -2083.7997     -3091.1556     -337.31213      70005.196      41.213873      41.213873      41.213873      1.2161243      2932.0583     -362.50272      447.39291    
     40000   40000          511.15282      647.83886      7033.8001      6369.8308      7525.3047     -1155.4739      3033.5409      4093.8589     -2632.2194      27.445839     -481.89062     -2094.168      -3102.0414     -336.01381      70275.688      41.266886      41.266886      41.266886      1.2114434      1301.2783      794.79213     -152.55386    
     41000   41000          522.56924     -70.236601      6479.0832      6550.0795      7693.3797     -1143.3002      3042.4814      4169.1615     -2610.8644      28.797025     -574.98922     -2092.9799     -3104.9066     -340.69496      69310.1        41.077012      41.077012      41.077012      1.2283205     -364.95254     -184.38744      338.63018    
     42000   42000          520.84245      586.72707      7205.2403      6604.7701      7667.9575     -1063.1874      2997.8898      4243.2862     -2642.1411      27.218745     -519.77601     -2077.2476     -3092.4174     -336.49824      70174.517      41.247074      41.247074      41.247074      1.21319        599.74433      572.28113      588.15574    
     43000   43000          518.14278      768.88138      7235.6536      6446.0439      7628.2124     -1182.1684      2978.1577      4169.1553     -2606.5944      26.685978     -516.43039     -2117.134      -3116.0086     -335.33973      70416.952      41.294519      41.294519      41.294519      1.2090131      1736.9787      237.47613      332.18932    
     44000   44000          525.69396      249.30005      6716.6765      6461.4951      7739.3825     -1277.8874      2928.0237      4130.3211     -2613.6479      27.579419     -534.74627     -2104.5177     -3110.8998     -336.44304      70186.031      41.24933       41.24933       41.24933       1.2129909     -144.40905      1392.4966     -500.18743    
     45000   45000          511.48727     -1446.1162      5072.871       6581.3008      7530.2285     -948.92765      3056.3267      4248.1121     -2624.2416      27.467918     -480.43116     -2079.8084     -3096.3532     -330.15373      71523.049      41.509612      41.509612      41.509612      1.1903159     -3668.9034      143.82588     -813.27114    
     46000   46000          522.21238     -99.956737      6502.3696      6606.1885      7688.126      -1081.9376      3030.3783      4144.9778     -2588.0801      25.908127     -500.48285     -2091.7084     -3102.9303     -331.56886      71217.79       41.450474      41.450474      41.450474      1.1954179      30.867253      1049.5558     -1380.2933    
     47000   47000          515.02398      1058.3145      7631.0815      6553.7959      7582.2968     -1028.5009      2944.1556      4297.2275     -2603.3283      27.658581     -481.16478     -2109.793      -3103.2565     -338.31556      69797.562      41.173086      41.173086      41.173086      1.219742       1686.058       132.11743      1356.768     
     48000   48000          511.60709      358.64247      6859.9612      6487.7954      7531.9925     -1044.1971      3084.9307      4191.0022     -2618.4074      25.701582     -534.90491     -2096.0299     -3096.4894     -331.86651      71153.915      41.438078      41.438078      41.438078      1.196491       611.8527       639.23071     -175.15601    
     49000   49000          516.05944     -1130.9379      5320.7094      6508.7355      7597.541      -1088.8054      2943.9698      4226.5891     -2606.647       26.58707      -490.42688     -2088.2376     -3100.64       -327.83165      72029.658      41.607388      41.607388      41.607388      1.181944      -298.28913     -2311.7506     -782.774      
     50000   50000          511.00011     -51.368982      6429.4878      6483.0125      7523.0565     -1040.044       3116.632       4176.8794     -2667.2649      27.292574     -475.09521     -2108.8508     -3109.6372     -330.51041      71445.863      41.494674      41.494674      41.494674      1.1916018     -529.00329     -481.05335      855.94969    
     51000   51000          511.47341     -53.869534      6233.5068      6289.4851      7530.0245     -1240.5393      2860.7993      4135.7637     -2620.7045      26.652718     -450.48668     -2090.7464     -3101.8174     -331.40699      71252.576      41.457221      41.457221      41.457221      1.1948343     -1200.4833      583.91016      454.96453    
     52000   52000          512.82297     -917.66587      5633.505       6591.2076      7549.8931     -958.68547      3095.2468      4259.2043     -2599.7516      28.66561      -559.4318      -2082.1584     -3100.4604     -329.98335      71559.978      41.516755      41.516755      41.516755      1.1897016      385.77408     -833.68335     -2305.0883    
     53000   53000          511.71402      1020.2631      7314.6184      6252.3446      7533.5669     -1281.2222      2919.8626      4102.7836     -2639.9541      27.356611     -492.87386     -2097.0139     -3101.3831     -330.76067      71391.807      41.484207      41.484207      41.484207      1.1925041      1839.6554     -87.080558      1308.2145    
     54000   54000          515.10237      948.13908      7464.1741      6480.1815      7583.4508     -1103.2693      2865.5338      4272.6059     -2595.5405      27.632302     -468.55527     -2101.9578     -3102.9878     -331.83208      71161.298      41.439511      41.439511      41.439511      1.1963669      74.697436      2123.0543      646.66547    
     55000   55000          526.81282     -91.393891      6715.653       6810.3909      7755.8547     -945.46384      3105.6629      4179.9133     -2585.0117      26.701937     -475.12979     -2099.3939     -3098.2066     -332.22425      71077.297      41.423199      41.423199      41.423199      1.1977808      237.96259     -943.15019      431.00592    
     56000   56000          514.45077     -548.35566      5935.7118      6503.773       7573.8578     -1070.0848      3007.8212      4107.7942     -2543.8495      25.819178     -481.23821     -2090.0347     -3096.3969     -332.43389      71032.475      41.41449       41.41449       41.41449       1.1985366     -2268.7285      375.63333      248.02816    
     57000   57000          522.84534     -1629.883       4862.3203      6529.5689      7697.4446     -1167.8757      2987.2897      4145.1091     -2601.5883      26.346147     -510.9316      -2109.6236     -3104.4772     -336.66208      70140.367      41.240382      41.240382      41.240382      1.2137806     -1315.7772     -1329.7416     -2244.1302    
     58000   58000          528.92394     -50.075278      6670.3044      6722.1975      7786.935      -1064.7375      2991.1074      4253.9351     -2608.7296      27.268157     -531.67229     -2095.932      -3100.7142     -332.31633      71057.602      41.419373      41.419373      41.419373      1.1981127      28.975742     -772.43283      593.23125    
     59000   59000          514.68195     -1158.7827      5134.4268      6350.6389      7577.2613     -1226.6223      2919.3009      4140.2842     -2576.8536      25.765175     -563.15619     -2078.7833     -3093.1795     -328.11856      71966.674      41.595257      41.595257      41.595257      1.1829784     -458.50325     -2195.7569     -822.08806    
     60000   60000          523.53621      320.7868       7083.9947      6750.3413      7707.6157     -957.27439      2996.361       4223.4812     -2611.1923      25.673456     -398.02318     -2092.5195     -3101.0551     -331.09989      71318.663      41.470035      41.470035      41.470035      1.1937271      1010.7139      115.18716     -163.54063    
     61000   61000          513.74253      1897.8354      8407.0546      6426.6954      7563.4309     -1136.7356      2868.1498      4175.8956     -2593.2858      27.488919     -423.18088     -2094.4582     -3097.345      -330.02944      71549.986      41.514822      41.514822      41.514822      1.1898677      1438.3365      3416.9642      838.20547    
     62000   62000          521.45791     -465.54113      6136.7632      6620.4923      7677.0186     -1056.5263      2977.9022      4276.1091     -2649.2936      27.217905     -495.69685     -2086.6037     -3106.1615     -331.43166      71247.273      41.456193      41.456193      41.456193      1.1949232     -1061.6279     -250.90419     -84.091274    
     63000   63000          508.46288     -340.08119      5944.8771      6299.8427      7485.7028     -1185.8601      2967.4079      4148.3457     -2657.672       28.616556     -469.29049     -2103.5473     -3099.7204     -329.93959      71569.471      41.518591      41.518591      41.518591      1.1895438     -504.95378     -2248.7539      1733.4641    
     64000   64000          514.63919     -99.579765      6455.3258      6559.1208      7576.6319     -1017.511       2970.0848      4256.977      -2624.5781      27.64655      -436.41468     -2108.3678     -3102.8588     -330.39442      71470.947      41.49953       41.49953       41.49953       1.1911836     -288.8468       561.81805     -571.71055    
     65000   65000          514.95237     -579.78778      5789.5793      6388.3789      7581.2425     -1192.8636      2958.9494      4192.5077     -2636.0413      26.742541     -549.86966     -2090.6383     -3094.5139     -333.44612      70816.844      41.372541      41.372541      41.372541      1.202186      -1997.308      -309.02865      566.97328    
     66000   66000          522.75373      498.61835      7139.7519      6624.3736      7696.0959     -1071.7223      2962.8027      4224.2846     -2599.1361      26.174806     -487.31332     -2095.7529     -3102.7819     -333.18105      70873.183      41.383509      41.383509      41.383509      1.2012304      60.36079       967.48985      468.00441    
     67000   67000          518.83356     -705.59035      5662.2809      6396.07        7638.3822     -1242.3122      2832.9606      4170.3202     -2629.3089      26.936051     -451.59501     -2100.4922     -3091.133      -331.14601      71308.73       41.468109      41.468109      41.468109      1.1938934     -1550.3078      1018.0441     -1584.5074    
     68000   68000          514.17073      892.14367      7505.8705      6588.8358      7569.735      -980.89924      2906.7076      4380.2918     -2639.56        28.171741     -472.13634     -2087.6015     -3096.7725     -335.03263      70481.498      41.307132      41.307132      41.307132      1.2079059      604.07408      974.9335       1097.4234    
     69000   69000          513.70347      317.88116      6839.3465      6505.3561      7562.856      -1057.4998      2951.9237      4225.5041     -2655.9758      26.5455       -411.11503     -2098.5563     -3095.826      -327.76985      72043.24       41.610003      41.610003      41.610003      1.1817211      912.3721       669.89159     -628.6202     
     70000   70000          512.21338     -1788.9998      4585.8696      6456.1174      7540.9184     -1084.801       2964.5346      4249.3633     -2602.3009      26.476772     -540.97012     -2086.6642     -3095.2405     -329.41947      71682.472      41.54043       41.54043       41.54043       1.1876686     -2257.0051     -1521.4607     -1588.5337    
     71000   71000          522.22258     -864.02582      5748.9237      6647.8827      7688.2761     -1040.3935      3075.7211      4188.9015     -2651.8637      27.187293     -494.98161     -2094.475      -3090.883      -330.99768      71340.686      41.474303      41.474303      41.474303      1.1933586     -1419.3164     -572.73673     -600.02432    
     72000   72000          517.28194     -1138.7383      5364.4354      6559.4066      7615.5389     -1056.1323      3024.494       4177.2413     -2633.0297      25.661746     -472.73012     -2087.9732     -3089.7963     -328.17434      71954.442      41.5929        41.5929        41.5929        1.1831795     -959.5764      -2633.0381      176.39946    
     73000   73000          505.78856     -239.31596      5959.1801      6209.0283      7446.3308     -1237.3025      2941.407       4164.7901     -2674.5896      27.234466     -512.25438     -2090.0945     -3093.7955     -329.86292      71586.105      41.521807      41.521807      41.521807      1.1892674     -132.67565     -1780.6755      1195.4033    
     74000   74000          519.56555      1098.5192      7565.0506      6411.8875      7649.1588     -1237.2713      2884.9766      4084.0199     -2618.2897      23.929552     -425.65097     -2093.6687     -3092.5879     -328.06133      71979.228      41.597675      41.597675      41.597675      1.182772       2212.1351      1972.5107     -889.08809    
     75000   75000          507.25227      130.6123       6559.5359      6423.6839      7467.88       -1044.196       2960.712       4180.4261     -2566.5421      24.264498     -437.17543     -2104.1693     -3101.7118     -331.09787      71319.1        41.470119      41.470119      41.470119      1.1937198     -554.30695      212.03959      734.10426    
     76000   76000          509.75938      208.71658      6605.2435      6388.1355      7504.7902     -1116.6547      2891.5815      4202.8486     -2579.5823      26.308702     -480.80903     -2085.4444     -3091.5578     -331.06958      71325.194      41.4713        41.4713        41.4713        1.1936178      252.42294      147.73141      225.9954     
     77000   77000          508.94753      717.98415      7037.8784      6297.3724      7492.8379     -1195.4655      2882.0413      4172.7974     -2598.7498      26.325117     -494.26034     -2099.4045     -3084.2147     -333.90614      70719.28       41.353532      41.353532      41.353532      1.2038445      1055.7654      797.23652      300.9505     
     78000   78000          512.08053      998.62178      7524.8982      6472.0555      7538.9626     -1066.907       2966.0599      4184.1586     -2595.4936      27.382785     -462.18237     -2090.6238     -3096.2086     -326.64474      72291.388      41.657722      41.657722      41.657722      1.1776647      1360.6769     -235.37967      1870.5681    
     79000   79000          520.39686      754.27559      7281.8747      6506.4444      7661.3975     -1154.9531      2912.6019      4172.1901     -2647.2847      26.574486     -423.96508     -2102.2976     -3092.7722     -334.98505      70491.508      41.309087      41.309087      41.309087      1.2077344      2028.1191      510.16916     -275.46153    
     80000   80000          506.31408      778.25491      7159.6475      6348.2801      7454.0676     -1105.7876      2957.4594      4220.1031     -2644.5237      26.685719     -482.50001     -2089.0848     -3093.9272     -330.32573      71485.807      41.502406      41.502406      41.502406      1.190936       374.88503      1739.9794      219.90027    
     81000   81000          511.42276      894.743        7138.743       6214.6834      7529.2788     -1314.5954      2918.6842      4114.4418     -2625.6432      27.074785     -566.23122     -2087.941      -3094.9809     -333.45437      70815.091      41.372199      41.372199      41.372199      1.2022158      26.011913      809.1862       1849.0309    
     82000   82000          509.75339      524.89359      6901.4689      6359.1327      7504.702      -1145.5694      3002.9276      4137.0012     -2622.7993      26.453739     -510.85534     -2089.6577     -3088.6395     -333.30417      70847.004      41.378413      41.378413      41.378413      1.2016742      1581.4022      86.095479     -92.816926    
     83000   83000          522.19762      1046.9038      7657.447       6573.7755      7687.9087     -1114.1332      3005.4381      4168.1898     -2596.131       27.331442     -515.26443     -2097.983      -3105.7142     -332.69573      70976.569      41.403622      41.403622      41.403622      1.1994806      294.84382      2357.7287      488.13884    
     84000   84000          509.29282      341.81689      6663.2648      6310.1698      7497.9213     -1187.7515      2967.2562      4180.6006     -2614.5064      29.033624     -544.14675     -2102.0366     -3103.9522     -333.3804       70830.804      41.375259      41.375259      41.375259      1.2019491     -42.536704      1302.14       -234.15258    
     85000   85000          511.00504      1076.1771      7551.5292      6448.3563      7523.129      -1074.7727      3014.8905      4259.1262     -2649.6296      28.927484     -533.15163     -2090.9117     -3104.024      -335.95282      70288.446      41.269384      41.269384      41.269384      1.2112235      2698.4133      1077.5263     -547.40823    
     86000   86000          507.54131      255.88083      6563.6206      6297.6041      7472.1353     -1174.5311      3014.4615      4131.4471     -2617.2644      26.790341     -521.1459      -2105.7037     -3103.1162     -331.25876      71284.459      41.463404      41.463404      41.463404      1.1942999      1862.4126     -984.23449     -110.53564    
     87000   87000          517.2684       690.99127      7093.0276      6383.7994      7615.3397     -1231.5403      2984.9168      4160.3674     -2624.938       26.505114     -582.02078     -2096.1975     -3100.1734     -335.52485      70378.1        41.286922      41.286922      41.286922      1.2096806      66.54967       534.7058       1471.7183    
     88000   88000          512.10276      887.78287      7075.3185      6170.7915      7539.29       -1368.4985      2948.0929      4078.1973     -2631.551       26.576745     -600.42647     -2087.8408     -3101.5472     -338.0052       69861.652      41.185684      41.185684      41.185684      1.2186231      1174.4912      124.17766      1364.6798    
     89000   89000          509.42812      567.99292      6895.1719      6312.3452      7499.9133     -1187.568       3000.3045      4117.1148     -2618.1835      26.125341     -510.05014     -2100.5155     -3102.3636     -335.61521      70359.153      41.283217      41.283217      41.283217      1.2100063      210.19296      1390.6073      103.17852    
     90000   90000          522.27246      1911.3067      8451.6463      6520.3013      7689.0105     -1168.7092      2982.1253      4189.7281     -2616.6826      27.130419     -547.8507      -2097.6951     -3105.4647     -340.8071       69287.294      41.072506      41.072506      41.072506      1.2287248      2639.1432      2041.1109      1053.6659    
     91000   91000          514.84808     -403.9391       5981.8834      6400.7905      7579.7072     -1178.9167      3005.0507      4182.3013     -2628.1013      26.225372     -546.54114     -2108.6103     -3109.2414     -332.07505      71109.232      41.429402      41.429402      41.429402      1.1972428      397.57208      1754.9401     -3364.3295    
     92000   92000          516.79781     -887.08077      5366.1304      6274.5514      7608.4114     -1333.8601      2988.335       4066.5489     -2665.3617      27.010321     -550.93415     -2097.1328     -3102.3257     -336.29014      70217.942      41.25558       41.25558       41.25558       1.2124397     -2201.4768      153.9094      -613.67489    
     93000   93000          506.62619      805.04224      7014.508       6184.0543      7458.6626     -1274.6083      2908.7592      4150.9385     -2656.8472      25.170355     -477.69124     -2114.4748     -3110.4632     -333.84232      70732.799      41.356167      41.356167      41.356167      1.2036145      2500.7052      304.19057     -389.769      
     94000   94000          510.42519      862.20712      7145.2867      6257.7257      7514.5923     -1256.8666      2988.5682      4095.6644     -2629.0006      26.03425      -512.88145     -2119.8931     -3105.3584     -334.54268      70584.721      41.327287      41.327287      41.327287      1.2061395      1242.5002      1034.7276      309.39363    
     95000   95000          511.43502     -210.08871      6100.598       6317.1379      7529.4594     -1212.3215      2902.6129      4160.3517     -2578.6368      25.152123     -497.96709     -2112.7556     -3111.0788     -334.1204       70673.93       41.344691      41.344691      41.344691      1.204617       224.67309     -1265.7907      410.85147    
     96000   96000          501.29793     -1129.953       5037.0016      6205.3513      7380.2189     -1174.8676      3024.1939      4103.116      -2588.1812      26.288765     -538.21808     -2098.6987     -3103.3682     -333.06244      70898.423      41.388421      41.388421      41.388421      1.2008027     -502.73101     -2269.2935     -617.83455    
     97000   97000          511.89724     -1502.5362      4848.4241      6408.3657      7536.2642     -1127.8985      2993.3379      4157.4082     -2579.1646      25.770485     -519.03553     -2103.4354     -3102.7794     -331.70706      71188.119      41.444716      41.444716      41.444716      1.1959161     -1334.8344     -1779.236      -1393.5381    
     98000   98000          517.1604      -329.63487      6069.1227      6406.5267      7613.7496     -1207.2229      2942.3492      4220.9955     -2648.3645      25.473141     -538.03304     -2108.6955     -3100.9478     -336.45044      70184.487      41.249027      41.249027      41.249027      1.2130176     -662.00551     -257.56507     -69.334025    
     99000   99000          505.18133      263.92765      6339.6961      6067.9097      7437.3911     -1369.4814      2935.2314      4097.2051     -2682.9139      27.93963      -536.21234     -2108.3685     -3102.3628     -334.42246      70610.095      41.332239      41.332239      41.332239      1.2057061     -174.56972     -163.79459      1130.1473    
    100000   100000         513.19955     -952.69866      5368.1086      6348.6329      7555.4372     -1206.8043      3000.8368      4159.7637     -2651.6103      26.36687      -543.34485     -2099.791      -3099.0254     -334.60724      70571.101      41.324629      41.324629      41.324629      1.2063723     -827.56768     -1796.7063     -233.82202    
    101000   101000         517.51173      949.51255      7304.0515      6331.8767      7618.922      -1287.0453      2970.1936      4125.5286     -2650.417       27.394223     -567.68569     -2092.878      -3099.181      -336.35233      70204.96       41.253037      41.253037      41.253037      1.2126639      326.73211      934.1691       1587.6364    
    102000   102000         510.37715      315.55738      6561.6983      6237.8508      7513.8851     -1276.0342      2957.9965      4135.4169     -2646.9899      25.772594     -539.56312     -2105.9619     -3102.7053     -335.56445      70369.794      41.285298      41.285298      41.285298      1.2098233      194.48422     -1593.7892      2345.9772    
    103000   103000         501.73804     -768.61058      5278.092       6068.1618      7386.6983     -1318.5365      2943.1528      4177.4284     -2637.1895      25.952667     -616.46736     -2105.004      -3106.4094     -335.02637      70482.814      41.307389      41.307389      41.307389      1.2078834     -625.05795     -1464.2045     -216.56926    
    104000   104000         507.74203      390.58266      6747.3482      6342.6026      7475.0903     -1132.4877      2980.0178      4173.5104     -2611.6825      27.321143     -487.10493     -2109.0809     -3105.4688     -332.32949      71054.788      41.418826      41.418826      41.418826      1.1981602     -952.78713      1208.126       916.40914    
    105000   105000         513.36202      1187.6074      7428.5781      6216.6869      7557.8291     -1341.1422      2933.3136      4076.8299     -2617.0041      26.419463     -553.61972     -2101.7589     -3105.3224     -337.47949      69970.48       41.207059      41.207059      41.207059      1.2167277      2527.0068      1169.9506     -134.13524    
    106000   106000         518.05846     -614.89658      5947.9714      6583.1064      7626.971      -1043.8646      3046.9155      4268.3428     -2596.4156      28.170306     -606.21473     -2086.3322     -3098.3307     -333.40655      70825.249      41.374177      41.374177      41.374177      1.2020433     -925.86117      352.386       -1271.2146    
    107000   107000         511.67335     -76.90681       6164.9281      6243.96        7532.9681     -1289.0082      2957.6025      4072.6572     -2617.1403      25.367972     -532.18493     -2097.8223     -3097.4884     -335.12043      70463.033      41.303524      41.303524      41.303524      1.2082225     -16.247841     -1143.8608      929.38818    
    108000   108000         516.12477     -211.18297      6156.5961      6371.6449      7598.5029     -1226.858       2980.8968      4158.5865     -2620.0698      26.300772     -581.55467     -2097.4276     -3093.5901     -338.1894       69823.602      41.178205      41.178205      41.178205      1.2192871     -314.82316     -1350.1397      1031.4139    
    109000   109000         511.33727      517.76603      6778.9418      6245.5579      7528.0202     -1282.4623      2913.2408      4167.4279     -2626.3991      26.728493     -565.83754     -2102.0877     -3095.5352     -334.29644      70636.714      41.337432      41.337432      41.337432      1.2052517     -23.5378        1020.5214      556.31445    
    110000   110000         502.80947      629.52046      6962.2147      6317.4316      7402.472      -1085.0405      2945.1825      4291.299      -2603.6087      27.498299     -537.74232     -2107.8487     -3099.8205     -336.22832      70230.852      41.258108      41.258108      41.258108      1.2122168     -75.468396      848.89811      1115.1317    
    111000   111000         508.67783     -380.37318      5984.8215      6373.4953      7488.8674     -1115.3722      2963.5035      4265.5535     -2629.9293      28.387397     -537.3741      -2103.9691     -3101.544      -337.02553      70064.726      41.225552      41.225552      41.225552      1.215091       181.46435     -343.05293     -979.53094    
    112000   112000         509.81732      1425.6033      7628.3853      6173.4868      7505.6432     -1332.1564      2871.9507      4179.3307     -2669.9416      27.541209     -533.60447     -2106.8382     -3100.5948     -337.44586      69977.453      41.208428      41.208428      41.208428      1.2166064      494.41413      935.67609      2846.7196    
    113000   113000         510.95117      307.69701      6658.3149      6340.9568      7522.3359     -1181.3791      2889.9585      4240.1544     -2598.9744      27.040146     -552.43645     -2089.9608     -3097.1605     -333.89646      70721.33       41.353932      41.353932      41.353932      1.2038096      447.24649     -935.00297      1410.8475    
    114000   114000         507.37149     -1115.2176      5052.5361      6202.5693      7469.6352     -1267.0659      2954.5222      4219.0702     -2679.5421      28.201867     -602.18635     -2081.5856     -3105.5461     -333.95454      70709.03       41.351534      41.351534      41.351534      1.2040191     -1021.1474     -748.62322     -1575.8822    
    115000   115000         510.13633      307.49098      6452.8528      6142.7132      7510.3397     -1367.6264      2858.9632      4176.845      -2634.404       26.631931     -582.84174     -2107.2786     -3105.5423     -341.43917      69159.029      41.047146      41.047146      41.047146      1.2310037     -1350.7419      1476.4244      796.79037    
    116000   116000         499.5478       75.800574      6169.4026      6091.8439      7354.453      -1262.6091      2919.7773      4184.6326     -2627.4565      27.027722     -566.28178     -2096.2524     -3104.0561     -336.57346      70158.835      41.244001      41.244001      41.244001      1.2134611     -257.16761      986.28469     -501.71536    
    117000   117000         500.61445      711.5978       6757.849       6031.8173      7370.1565     -1338.3392      2871.6332      4180.0731     -2647.4887      26.434364     -556.81918     -2105.5328     -3106.6392     -337.53369      69959.244      41.204853      41.204853      41.204853      1.2169231      643.00329      1386.9299      104.86021    
    118000   118000         518.06051      1192.908       7520.9874      6289.7481      7627.0013     -1337.2531      2833.6344      4221.9323     -2638.7766      27.73852      -584.79697     -2095.3612     -3101.6237     -333.65883      70771.698      41.363747      41.363747      41.363747      1.2029529      774.30755      745.33956      2059.0768    
    119000   119000         516.76783      1545.8195      7941.2876      6350.0445      7607.9701     -1257.9256      2938.8711      4181.0649     -2622.1405      28.321729     -582.80893     -2097.1648     -3104.0692     -334.54949      70583.284      41.327007      41.327007      41.327007      1.2061641      806.97868      1827.4339      2003.046     
    120000   120000         506.7387      -108.41559      6129.0506      6241.1867      7460.3191     -1219.1324      2908.9892      4215.7851     -2629.5181      26.32406      -550.70873     -2084.8127     -3105.1913     -332.95426      70921.457      41.392903      41.392903      41.392903      1.2004127      271.93752      224.07249     -821.25679    
    121000   121000         499.24321     -1670.4025      4496.3118      6247.2007      7349.9688     -1102.7681      2990.9375      4233.808      -2615.6905      24.985637     -522.52849     -2108.0955     -3106.1847     -328.54939      71872.304      41.577068      41.577068      41.577068      1.1845317     -1750.2894     -2477.629      -783.2889     
    122000   122000         510.03944      743.64034      6945.2087      6171.4469      7508.9133     -1337.4664      2875.8151      4069.4369     -2600.4621      24.978202     -486.00928     -2113.9494     -3107.2759     -330.9739       71345.812      41.475296      41.475296      41.475296      1.1932728      911.06998      1036.4257      283.42538    
    123000   123000         504.52643      561.15821      6650.7138      6066.8988      7427.7495     -1360.8506      2864.7305      4051.2907     -2596.3679      23.554042     -495.30715     -2104.0057     -3104.745      -331.0154       71336.867      41.473563      41.473563      41.473563      1.1934225     -11.16361       1053.1461      641.49214    
    124000   124000         510.91655     -1247.7646      5034.4451      6344.7175      7521.8262     -1177.1088      3044.2781      4140.0881     -2613.5664      26.30846      -561.79736     -2100.9739     -3111.4458     -327.95117      72003.407      41.602333      41.602333      41.602333      1.1823749      366.95263     -1940.5586     -2169.6878    
    125000   125000         500.93535     -608.99258      5529.0241      6153.1026      7374.8809     -1221.7783      2973.2548      4156.8596     -2644.8152      27.076361     -524.49441     -2106.1037     -3103.5557     -336.05542      70266.986      41.265183      41.265183      41.265183      1.2115934     -827.81427     -626.88996     -372.2735     
    126000   126000         509.47388     -119.38994      6119.377       6242.7448      7500.5869     -1257.8421      2952.3918      4105.0243     -2613.7307      26.728433     -537.66568     -2094.2159     -3096.3743     -333.27593      70853.006      41.379581      41.379581      41.379581      1.2015724     -1277.3556      200.8734       718.31238    
    127000   127000         506.67158      41.603898      6351.0875      6308.1332      7459.331      -1151.1978      2972.4443      4249.9577     -2627.4661      27.229797     -582.7237      -2093.2182     -3097.4215     -333.55338      70794.072      41.368105      41.368105      41.368105      1.2025727      719.35681     -1916.1352      1321.5901    
    128000   128000         510.75153     -584.11333      5642.0458      6251.1862      7519.3968     -1268.2106      2960.4503      4158.2805     -2663.691       27.168731     -552.76373     -2099.3079     -3098.3474     -330.231        71506.314      41.506374      41.506374      41.506374      1.1905944     -1155.8305     -255.99278     -340.51673    
    129000   129000         507.7169      -643.15476      5395.9292      6060.7478      7474.7204     -1413.9726      2888.2442      4106.4978     -2670.1192      27.727768     -564.99702     -2100.9925     -3100.3336     -333.15814      70878.056      41.384457      41.384457      41.384457      1.2011478     -1846.4898      370.59639     -453.57087    
    130000   130000         510.61651      1066.0556      7219.3982      6110.5302      7517.409      -1406.8789      2847.1485      4074.8228     -2656.8744      27.152736     -498.41156     -2099.3676     -3101.3493     -331.08392      71322.103      41.470701      41.470701      41.470701      1.1936695      218.17777      846.9985       2132.9905    
    131000   131000         506.4316      -333.57261      5797.5909      6142.4176      7455.7978     -1313.3802      2890.7113      4138.7029     -2637.5907      26.836367     -525.01166     -2101.9276     -3105.1008     -333.1406       70881.788      41.385184      41.385184      41.385184      1.2010845      454.13294     -460.95159     -993.89918    
    132000   132000         506.51621     -655.13513      5588.3574      6262.4181      7457.0435     -1194.6254      2990.5746      4190.4806     -2631.6397      26.963447     -565.23775     -2098.2795     -3107.487      -334.711        70549.226      41.320359      41.320359      41.320359      1.2067463     -837.21569     -1005.0561     -123.13363    
    133000   133000         504.49535     -988.3748       5150.5579      6174.1155      7427.292      -1253.1764      2946.6647      4148.9746     -2608.1672      25.457492     -553.96522     -2105.8635     -3106.2773     -332.54274      71009.222      41.40997       41.40997       41.40997       1.198929       130.94987     -1174.9898     -1921.0844    
    134000   134000         508.96253      186.30164      6654.0785      6458.8789      7493.0587     -1034.1798      3050.7233      4214.5006     -2654.457       26.835549     -454.97928     -2110.8583     -3105.9447     -328.68192      71843.324      41.571479      41.571479      41.571479      1.1850095     -1428.2821      1249.8076      737.37945    
    135000   135000         504.89446      389.37146      6539.6474      6138.9845      7433.1678     -1294.1833      2980.9292      4051.6797     -2631.1137      25.837117     -508.3826      -2108.9113     -3104.2217     -334.67483      70556.85       41.321847      41.321847      41.321847      1.2066159      752.7382       174.72967      240.64651    
    136000   136000         505.13973      551.37959      6694.7809      6126.7264      7436.7786     -1310.0522      2967.2147      4061.2032     -2647.0285      25.572288     -524.87565     -2094.7305     -3097.4076     -334.27108      70642.072      41.338477      41.338477      41.338477      1.2051603      811.60447      712.60497      129.92932    
    137000   137000         503.2317       1140.6155      7218.3115      6045.2027      7408.6882     -1363.4855      2809.0753      4123.6132     -2660.9669      26.420258     -479.56928     -2089.5045     -3092.5537     -334.84134      70521.762      41.314996      41.314996      41.314996      1.2072163      2481.9124      1372.1499     -432.21586    
    138000   138000         517.26463      411.08906      6767.9979      6347.334       7615.2841     -1267.9501      2952.4351      4191.619      -2688.1928      28.425314     -568.3668      -2090.1011     -3093.7688     -336.54163      70165.47       41.245301      41.245301      41.245301      1.2133464      1424.35       -171.40281     -19.680039    
    139000   139000         509.70697      179.37123      6400.0927      6215.3688      7504.0186     -1288.6498      2930.5787      4146.3035     -2658.6896      26.513848     -537.79353     -2096.3759     -3099.1868     -334.40115      70614.595      41.333117      41.333117      41.333117      1.2056292      1797.7675     -1617.7167      358.06298    
    140000   140000         504.01517      1728.1926      7785.9987      6013.0521      7420.2226     -1407.1705      2886.6104      4008.4369     -2650.0907      26.347081     -479.25822     -2098.8437     -3100.3721     -335.68709      70344.087      41.28027       41.28027       41.28027       1.2102655      2776.1858      1173.5709      1234.8212    
    141000   141000         500.04175      186.75704      6294.7591      6101.3861      7361.725      -1260.3389      2996.5233      4099.6558     -2631.8637      27.220142     -556.43588     -2091.2723     -3104.1662     -332.59776      70997.476      41.407687      41.407687      41.407687      1.1991274      94.99119       1720.8461     -1255.5662    
    142000   142000         501.86211     -294.13518      5728.1572      6029.4         7388.5248     -1359.1248      2930.8555      4167.4003     -2672.3988      28.77149      -614.83817     -2093.8438     -3105.0713     -336.25475      70225.333      41.257028      41.257028      41.257028      1.2123121      257.19081     -1109.1501     -30.446255    
    143000   143000         510.31425      771.90697      7108.7957      6315.9697      7512.9591     -1196.9894      2893.3072      4264.5042     -2630.2438      28.075844     -538.50052     -2107.921      -3106.2114     -335.29353      70426.655      41.296415      41.296415      41.296415      1.2088466      282.43297      1111.5222      921.76569    
    144000   144000         504.27961     -186.8035       5794.9326      5987.3377      7424.1157     -1436.778       2917.1738      4075.4946     -2658.2845      27.164981     -606.55873     -2093.1953     -3098.5728     -334.35392      70624.569      41.335063      41.335063      41.335063      1.205459       167.24062     -1516.1909      788.53981    
    145000   145000         512.93466     -81.665259      6136.5656      6220.0113      7551.5374     -1331.5261      3000.0986      4079.4501     -2669.9245      25.656981     -563.9171      -2103.2371     -3099.6531     -337.03207      70063.368      41.225285      41.225285      41.225285      1.2151146      467.38466     -1224.6187      512.23826    
    146000   146000         516.20754     -1154.1417      4989.8785      6161.3229      7599.7214     -1438.3985      2961.6121      4094.6899     -2677.6743      26.132109     -662.2633      -2084.5969     -3096.2981     -339.29354      69596.379      41.133489      41.133489      41.133489      1.2232679     -1627.1356     -65.390275     -1769.8993    
    147000   147000         508.83483     -733.067        5318.6741      6078.6103      7491.1788     -1412.5685      2909.7829      4041.4907     -2667.1748      26.363048     -522.65329     -2102.0288     -3098.3483     -332.20387      71081.658      41.424046      41.424046      41.424046      1.1977073     -1088.9807      669.14441     -1779.3647    
    148000   148000         508.89583      1752.6954      8076.0812      6291.0791      7492.0768     -1200.9977      2922.8798      4190.9591     -2632.0905      25.961349     -527.63801     -2090.1687     -3090.9008     -338.14723      69832.309      41.179917      41.179917      41.179917      1.2191351      3021.6016      98.373828      2138.1109    
    149000   149000         506.20856     -695.6151       5412.2457      6131.6835      7452.5142     -1320.8307      2937.7799      4139.8419     -2636.0108      26.544004     -578.17272     -2107.4213     -3103.3916     -332.97672      70916.675      41.391972      41.391972      41.391972      1.2004937     -2044.0691      441.96837     -484.74461    
    150000   150000         511.10036      216.9592       6518.3328      6293.5446      7524.5323     -1230.9877      2949.5629      4090.9633     -2612.1451      25.507723     -487.087       -2103.7793     -3094.0102     -332.38602      71042.705      41.416478      41.416478      41.416478      1.198364       259.27668      1621.2115     -1229.6106    
    151000   151000         504.70906     -672.02064      5275.829       5963.1555      7430.4383     -1467.2828      2919.1454      4036.069      -2652.5419      25.916963     -605.06033     -2093.3764     -3097.4356     -336.71131      70130.112      41.238372      41.238372      41.238372      1.2139581     -1477.3287      207.40285     -746.13613    
    152000   152000         510.15649     -1541.9983      4642.8373      6220.2817      7510.6366     -1290.3549      3038.5843      4116.1297     -2625.0739      28.248096     -646.58381     -2095.0118     -3106.6474     -336.64174      70144.603      41.241212      41.241212      41.241212      1.2137073     -203.77148     -1688.1142     -2734.1091    
    153000   153000         510.97406      176.55082      6303.3458      6123.3574      7522.673      -1399.3156      2898.6113      4101.5982     -2661.9509      26.519412     -562.84558     -2098.9189     -3102.3291     -337.80281      69903.509      41.193908      41.193908      41.193908      1.2178934      1029.936       468.33767     -968.62125    
    154000   154000         498.76076      42.372945      6023.6745      5980.0441      7342.8661     -1362.822       2851.6176      4118.7127     -2615.0816      25.44592      -516.45803     -2114.9928     -3112.0658     -334.45497      70603.231      41.3309        41.3309        41.3309        1.2058233     -611.94384      625.22376      113.83892    
    155000   155000         509.49957     -1522.5367      4581.6579      6154.3312      7500.9652     -1346.634       3009.481       3988.5566     -2585.5589      25.410204     -571.63917     -2105.5622     -3107.3215     -333.40135      70826.352      41.374392      41.374392      41.374392      1.2020246     -1669.828      -1798.0207     -1099.7614    
    156000   156000         498.70606      391.5193       6422.0544      6019.7872      7342.0608     -1322.2736      2966.6359      4025.1224     -2608.4655      26.111492     -525.12025     -2105.0227     -3101.5349     -335.17891      70450.737      41.301122      41.301122      41.301122      1.2084333      694.51446      2045.9585     -1565.915     
    157000   157000         504.80732     -226.31417      5856.823       6090.3717      7431.8848     -1341.5131      2885.1286      4173.5492     -2681.5955      26.654745     -536.4884      -2105.1816     -3103.5801     -333.71246      70760.324      41.361531      41.361531      41.361531      1.2031463     -920.56523      468.60888     -226.98617    
    158000   158000         517.84168     -247.83681      6150.8424      6406.8515      7623.7796     -1216.9281      2992.7405      4138.3014     -2680.3334      28.342575     -494.91326     -2098.8144     -3102.2514     -333.38688      70829.427      41.374991      41.374991      41.374991      1.2019725     -836.67246      1232.9592     -1139.7972    
    159000   159000         502.64913     -77.114794      5990.2143      6069.7491      7400.1114     -1330.3623      2875.1828      4201.8755     -2646.1121      26.870626     -586.95112     -2099.8123     -3101.4158     -333.90156      70720.249      41.353721      41.353721      41.353721      1.203828       918.12869     -505.60322     -643.86986    
    160000   160000         498.91154     -628.70447      5461.3754      6102.7533      7345.0859     -1242.3326      2960.6828      4159.1348     -2593.8206      28.262896     -574.42396     -2115.8892     -3106.2794     -337.57533      69950.615      41.203159      41.203159      41.203159      1.2170732     -711.80918     -1129.4206     -44.883613    
    161000   161000         510.98298      263.72516      6325.3265      6053.8245      7522.8043     -1468.9798      2897.7778      4013.8238     -2651.1443      25.712722     -526.65208     -2118.5196     -3109.9782     -334.5157       70590.414      41.328398      41.328398      41.328398      1.2060422      94.558911     -307.69182      1004.3084    
    162000   162000         512.226       -2.3416115      6111.5148      6113.9416      7541.1043     -1427.1627      2891.3515      4075.0251     -2648.4472      26.868684     -574.5609      -2094.9639     -3102.4359     -332.30251      71060.558      41.419947      41.419947      41.419947      1.1980629     -532.67462      992.91746     -467.26767    
    163000   163000         514.82517      426.23585      6615.5725      6178.5516      7579.3699     -1400.8183      3016.3893      4004.9346     -2615.6435      26.016194     -618.96945     -2104.5108     -3109.0347     -335.88136      70303.399      41.27231       41.27231       41.27231       1.2109659      1544.655       463.53872     -729.48615    
    164000   164000         514.24539      167.64908      6268.8108      6095.7477      7570.8341     -1475.0864      2758.1821      4136.5129     -2605.9148      26.793921     -571.41923     -2111.9485     -3107.2928     -333.60677      70782.741      41.365898      41.365898      41.365898      1.2027652      995.23114      1316.8913     -1809.1752    
    165000   165000         502.54568      858.65209      6950.9424      6065.4369      7398.5885     -1333.1516      2943.5564      4129.6429     -2627.8486      26.623356     -611.8682      -2095.299      -3097.9584     -333.93666      70712.816      41.352272      41.352272      41.352272      1.2039546     -341.8969       2326.8339      591.01925    
    166000   166000         519.93074      106.2619       6529.6187      6420.9004      7654.5352     -1233.6348      2979.5004      4147.9624     -2620.9854      26.964732     -550.89243     -2106.2628     -3109.9217     -336.5993       70153.448      41.242946      41.242946      41.242946      1.2135543      876.01867     -371.84791     -185.38507    
    167000   167000         506.164       -376.542        5757.1704      6142.4049      7451.8582     -1309.4533      3021.3628      4125.1911     -2634.2987      26.313497     -634.95649     -2106.1719     -3106.8936     -336.60951      70151.32       41.242528      41.242528      41.242528      1.2135911      261.37319     -684.26434     -706.73485    
    168000   168000         512.40232     -863.59199      5268.688       6148.5971      7543.7002     -1395.1031      2944.8859      4140.4408     -2640.8876      28.625101     -644.56603     -2109.7785     -3113.8228     -337.99395      69863.977      41.186141      41.186141      41.186141      1.2185825     -1396.2971     -630.81554     -563.6633     
    169000   169000         492.21638      20.281866      5991.7029      5971.0515      7246.5183     -1275.4668      2920.4111      4193.5029     -2663.9612      26.148811     -546.56262     -2096.9166     -3108.0892     -338.21846      69817.602      41.177026      41.177026      41.177026      1.2193919     -987.12984     -775.31822      1823.2937    
    170000   170000         500.08496      25.944273      6204.0284      6177.3658      7362.3613     -1184.9954      2967.6798      4179.6181     -2598.5629      27.772727     -559.24661     -2097.6885     -3104.5681     -335.10188      70466.933      41.304286      41.304286      41.304286      1.2081556     -898.097        2082.3673     -1106.4375    
    171000   171000         507.68281     -399.51053      5696.9584      6105.7878      7474.2185     -1368.4307      2932.7592      4071.9778     -2640.2242      27.000541     -553.35214     -2103.734      -3102.8579     -336.53032      70167.828      41.245763      41.245763      41.245763      1.2133056     -823.99524      386.97958     -761.51592    
    172000   172000         511.43309      1311.8826      7620.1048      6272.1032      7529.4308     -1257.3277      2957.9299      4188.5646     -2660.201       27.293825     -564.40556     -2100.9246     -3105.5849     -335.15268      70456.251      41.302199      41.302199      41.302199      1.2083388      874.82324      1816.3383      1244.4863    
    173000   173000         509.33054     -390.84021      5686.3099      6084.7227      7498.4768     -1413.7541      2915.4812      4117.5519     -2657.4         27.897913     -607.63368     -2106.3879     -3103.2635     -337.83457      69896.937      41.192617      41.192617      41.192617      1.2180079     -1872.3562     -44.554867      744.39043    
    174000   174000         500.48355     -306.82308      5832.3951      6144.8994      7368.2293     -1223.3299      2928.6735      4164.3936     -2599.4898      26.414316     -570.17409     -2081.4956     -3091.6519     -338.11954      69838.027      41.181041      41.181041      41.181041      1.2190353     -1552.8811      508.52214      123.88974    
    175000   175000         495.58836     -1530.7271      4429.838       5992.0558      7296.1613     -1304.1055      3108.5697      3996.4156     -2638.0915      25.99289      -592.61299     -2099.9637     -3104.4155     -337.43827      69979.027      41.208737      41.208737      41.208737      1.2165791     -884.57912     -2734.0612     -973.54108    
    176000   176000         501.86016     -288.33725      5545.0896      5839.2301      7388.4961     -1549.266       2848.4806      3996.9685     -2637.7982      26.09235      -588.87938     -2090.3603     -3103.7696     -337.58568      69948.469      41.202738      41.202738      41.202738      1.2171105     -64.970941     -781.30185     -18.738949    
    177000   177000         504.48776     -367.92962      5821.8905      6202.8897      7427.1802     -1224.2905      2968.0855      4160.3277     -2629.0411      26.605226     -542.41551     -2100.7487     -3107.1036     -332.56671      71004.105      41.408975      41.408975      41.408975      1.1990155     -192.39796      22.662875     -934.05376    
    178000   178000         508.92747      853.94035      6902.1143      6031.1217      7492.5427     -1461.421       2878.4076      4057.3344     -2610.2382      25.63745      -610.27865     -2100.9602     -3101.3234     -337.63788      69937.654      41.200614      41.200614      41.200614      1.2172988     -838.80347      1456.8528      1943.7718    
    179000   179000         504.04086     -988.4542       5166.0171      6182.9927      7420.6008     -1237.6081      2974.0701      4181.6346     -2607.0831      25.929628     -597.4426      -2108.3691     -3106.3475     -334.72191      70546.926      41.31991       41.31991       41.31991       1.2067857     -698.78991     -333.37099     -1933.2017    
    180000   180000         504.80446      442.26957      6485.571       6037.5823      7431.8427     -1394.2604      2829.0595      4156.1398     -2640.7301      26.553692     -554.70281     -2105.696      -3104.8845     -339.98368      69455.103      41.105637      41.105637      41.105637      1.2257562      1922.4928     -107.06233     -488.62174    
    181000   181000         503.19303     -1062.8267      4986.1358      6082.0484      7408.119      -1326.0706      2944.9024      4065.0307     -2598.7569      24.526414     -548.33108     -2107.8782     -3105.5638     -333.98322      70702.957      41.35035       41.35035       41.35035       1.2041225     -801.96661     -1944.9946     -441.51896    
    182000   182000         508.50645     -711.38678      5379.384       6098.7369      7486.3443     -1387.6074      2867.7129      4188.6029     -2646.8065      27.712506     -617.78067     -2105.2384     -3101.8101     -340.56651      69336.241      41.082175      41.082175      41.082175      1.2278574     -398.83166     -1810.4416      75.112921    
    183000   183000         504.69292      443.82159      6553.3317      6099.3822      7430.2006     -1330.8184      2960.0752      4075.1868     -2581.4661      26.482437     -600.08548     -2109.5205     -3101.4909     -336.69682      70133.129      41.238963      41.238963      41.238963      1.2139059     -171.22996      625.6457       877.04904    
    184000   184000         500.89253      194.28545      6293.114       6093.5581      7374.2504     -1280.6924      2931.0394      4174.4784     -2625.0364      28.18511      -589.08354     -2102.2281     -3098.0472     -335.28462      70428.527      41.296781      41.296781      41.296781      1.2088144     -900.65896      286.70751      1196.8078    
    185000   185000         507.16445      1477.8516      7643.988       6131.752       7466.587      -1334.835       2920.5764      4108.7727     -2661.2863      25.614526     -512.53751     -2111.602      -3104.3728     -336.54983      70163.76       41.244966      41.244966      41.244966      1.213376       2242.1934      1404.1406      787.22091    
    186000   186000         504.07781     -717.77492      5288.2429      6029.6652      7421.1448     -1391.4796      2921.2365      4115.3874     -2588.5643      26.638408     -665.13497     -2095.3928     -3105.6499     -333.39629      70827.427      41.374601      41.374601      41.374601      1.2020064      586.21203     -1594.4705     -1145.0662    
    187000   187000         496.78551      506.08488      6471.2785      5955.2706      7313.786      -1358.5154      2982.9777      3980.8393     -2611.4049      24.944769     -539.11769     -2095.8484     -3100.9061     -337.75761      69912.862      41.195745      41.195745      41.195745      1.2177304      1583.9726     -434.98008      369.26208    
    188000   188000         507.15289      256.95568      6409.6982      6148.1233      7466.4168     -1318.2935      2918.3706      4122.6889     -2628.3417      26.34634      -559.54628     -2101.216      -3096.5953     -338.29872      69801.039      41.173769      41.173769      41.173769      1.2196813      312.97598      446.89349      10.997576    
    189000   189000         489.85412     -1767.0942      4118.659       5932.1351      7211.7405     -1279.6055      2956.1232      4211.4519     -2669.524       26.856638     -630.42265     -2085.7205     -3088.3701     -335.57222      70368.166      41.28498       41.28498       41.28498       1.2098513     -2651.6434     -1244.7184     -1404.9209    
    190000   190000         504.18344      146.9968       6165.3842      6015.9201      7422.7        -1406.7799      2846.076       4146.2728     -2643.1868      26.102952     -579.54315     -2103.4741     -3099.0276     -338.69528      69719.311      41.157694      41.157694      41.157694      1.221111       357.68722      34.619517      48.683665    
    191000   191000         506.52574     -21.792672      6172.3419      6194.6417      7457.1839     -1262.5422      2996.2543      4173.8306     -2636.4737      25.923026     -638.51227     -2093.6118     -3089.9524     -336.54922      70163.889      41.244991      41.244991      41.244991      1.2133737     -1054.2441      1180.3637     -191.49766    
    192000   192000         505.47959      333.66187      6498.2599      6158.1069      7441.7822     -1283.6754      2935.7507      4158.9839     -2591.5784      27.532408     -620.24909     -2094.2212     -3099.8937     -337.80835      69902.362      41.193682      41.193682      41.193682      1.2179133      89.303304      416.67593      495.00638    
    193000   193000         502.71444      208.58086      6225.4399      6012.1874      7401.073      -1388.8856      2951.8132      4011.7143     -2618.2519      24.394106     -561.60575     -2092.1771     -3104.7725     -336.83593      70104.165      41.233285      41.233285      41.233285      1.2144074     -903.78386      716.18325      813.3432     
    194000   194000         494.88182      376.87197      6175.9145      5793.863       7285.7595     -1491.8965      2851.783       4107.5661     -2653.6264      25.438427     -623.99318     -2096.3674     -3102.697      -339.71135      69510.782      41.116619      41.116619      41.116619      1.2247743      82.093842     -470.20129      1518.7233    
    195000   195000         499.18093     -881.00818      5252.2682      6154.9485      7349.0519     -1194.1034      3009.7243      4150.7214     -2638.3028      25.771646     -536.44115     -2099.9361     -3105.6406     -336.11209      70255.14       41.262864      41.262864      41.262864      1.2117977     -1898.7781      546.6319      -1290.8783    
    196000   196000         505.19954      619.13892      6672.2809      6041.6632      7437.6591     -1395.9959      2869.9959      4142.6795     -2633.4445      27.65151      -582.32766     -2114.7545     -3105.7961     -338.11162      69839.662      41.181362      41.181362      41.181362      1.2190067     -7.6664297      2250.0213     -384.93813    
    197000   197000         500.61502      767.02476      6725.8639      5944.5495      7370.1648     -1425.6153      2863.9478      4095.4818     -2636.3174      24.123883     -564.62345     -2100.8492     -3107.3788     -338.08173      69845.838      41.182576      41.182576      41.182576      1.218899       670.85255      1499.7435      130.47826    
    198000   198000         500.70745      1376.4341      7552.2121      6154.8383      7371.5257     -1216.6873      2961.4505      4206.9832     -2654.1421      26.497698     -535.92205     -2112.8929     -3108.6617     -339.21961      69611.545      41.136477      41.136477      41.136477      1.2230014      852.25766      1591.5457      1685.4989    
    199000   199000         505.22354      953.80357      6883.5959      5914.8574      7438.0125     -1523.1551      2864.126       4038.1292     -2625.2842      24.746469     -639.66488     -2092.2182     -3092.9894     -339.07088      69642.081      41.142491      41.142491      41.142491      1.2224652      1134.5035      694.75742      1032.1498    
    200000   200000         489.97686     -879.22313      4891.0183      5789.9254      7213.5476     -1423.6221      2934.21        4103.5338     -2642.2586      24.706964     -650.49131     -2095.4081     -3097.915      -336.83903      70103.519      41.233159      41.233159      41.233159      1.2144186     -939.79005     -1207.1329     -490.74642    
    201000   201000         498.28837     -511.69737      5466.9579      5984.6398      7335.9114     -1351.2716      2960.082       4156.5393     -2686.7071      27.246905     -607.45423     -2099.6096     -3101.3688     -340.39899      69370.363      41.088913      41.088913      41.088913      1.2272535     -1135.997       887.07602     -1286.1711    
    202000   202000         493.8066      -376.81294      5660.3971      6045.4721      7269.9298     -1224.4577      2940.2662      4172.1122     -2638.1645      27.063116     -525.43035     -2103.4161     -3096.8882     -336.99119      70071.867      41.226952      41.226952      41.226952      1.2149672      593.29274     -879.00001     -844.73153    
    203000   203000         500.2576       576.36673      6624.2261      6041.2817      7364.9029     -1323.6211      2944.2417      4117.2614     -2598.4661      26.032803     -609.79961     -2100.6125     -3102.2789     -340.49437      69350.932      41.085077      41.085077      41.085077      1.2275973     -1063.3136      2176.526       615.88771    
    204000   204000         501.84077      1245.2331      7417.5024      6151.1646      7388.2107     -1237.0461      2972.6178      4172.0825     -2631.4966      27.098412     -580.53081     -2098.7119     -3098.1055     -338.64075      69730.538      41.159903      41.159903      41.159903      1.2209144      1376.2327      2253.9507      105.51607    
    205000   205000         502.81691     -492.86403      5392.5074      5885.2047      7402.5815     -1517.3768      2876.6759      4118.312      -2644.6798      27.668549     -693.22321     -2095.8428     -3106.2875     -344.49669      68545.221      40.925349      40.925349      40.925349      1.2420271      493.37085     -695.04242     -1276.9205    
    206000   206000         517.19052     -327.8873       5940.5523      6273.3253      7614.193      -1340.8677      2912.2496      4145.5332     -2648.0497      28.16507      -585.95628     -2091.7444     -3101.0653     -339.32402      69590.127      41.132257      41.132257      41.132257      1.2233778      244.07691     -340.96112     -886.77769    
    207000   207000         497.5921       532.04483      6463.3968      5918.1437      7325.6607     -1407.517       2859.1712      4154.1167     -2647.5671      26.304165     -603.64819     -2095.7622     -3100.1317     -336.03787      70270.655      41.265901      41.265901      41.265901      1.2115302      1701.8045      321.84472     -427.51471    
    208000   208000         490.13327      1603.5884      7483.184       5863.0472      7215.8503     -1352.8031      2876.6155      4206.5811     -2636.5745      26.385979     -628.84826     -2092.8277     -3104.1352     -340.86259      69276.014      41.070277      41.070277      41.070277      1.2289249      1702.0272      2056.7707      1051.9671    
    209000   209000         504.37017      294.31752      6332.4019      6031.5398      7425.4491     -1393.9093      2833.3839      4171.1129     -2616.5142      26.944599     -624.03015     -2085.2491     -3099.5573     -336.88886      70093.151      41.231126      41.231126      41.231126      1.2145983      367.85187     -1086.4961      1601.5968    
    210000   210000         506.76789     -969.34982      5147.0874      6143.1097      7460.7488     -1317.639       2935.4338      4108.8249     -2624.5136      25.497388     -566.71528     -2096.5438     -3099.6225     -335.15799      70455.135      41.301981      41.301981      41.301981      1.2083579     -1588.6651     -813.29811     -506.08629    
    211000   211000         495.71051     -1381.8483      4498.4698      5897.1025      7297.9597     -1400.8571      2853.7103      4121.602      -2586.5211      26.517922     -607.25278     -2093.7514     -3115.1621     -340.24737      69401.275      41.095016      41.095016      41.095016      1.2267069     -1600.6787     -1257.8        -1287.0661    
    212000   212000         506.06378      494.93438      6723.2541      6215.673       7450.3827     -1234.7097      3034.4704      4112.4903     -2633.5452      24.573718     -583.07782     -2089.2253     -3100.3957     -335.79973      70320.491      41.275654      41.275654      41.275654      1.2106716     -305.17711      1803.3947     -13.414441    
    213000   213000         494.87019      889.27738      6782.2098      5873.0016      7285.5882     -1412.5866      2867.6004      4032.3718     -2608.9474      24.431343     -522.49414     -2100.2437     -3105.3049     -336.83096      70105.199      41.233488      41.233488      41.233488      1.2143895      2280.6393      91.394642      295.79819    
    214000   214000         501.18452      1167.8616      7236.7998      6051.3655      7378.5492     -1327.1837      2879.0277      4165.0202     -2609.117       27.882783     -603.22506     -2088.1293     -3098.6431     -339.27513      69600.155      41.134233      41.134233      41.134233      1.2232016      566.19463      1879.4291      1057.9612    
    215000   215000         497.03887     -306.01056      5369.5135      5679.6669      7317.516      -1637.8491      2834.3105      4002.0179     -2646.7933      26.472841     -665.62366     -2091.0318     -3097.2016     -339.78005      69496.727      41.113847      41.113847      41.113847      1.225022       869.28979     -2464.4431      677.12168    
    216000   216000         500.46838     -293.01693      5806.3932      6104.2474      7368.0061     -1263.7587      2957.8019      4167.0695     -2627.3938      27.729596     -572.39952     -2106.5136     -3110.0528     -338.78729      69700.376      41.153967      41.153967      41.153967      1.2214428      132.40374      238.39314     -1249.8477    
    217000   217000         500.74455     -1038.5495      5037.1026      6095.2786      7372.0719     -1276.7933      2938.0225      4153.2283     -2625.3842      26.437909     -560.47952     -2098.1293     -3110.489      -337.99278      69864.219      41.186189      41.186189      41.186189      1.2185783     -1429.6497     -1969.4904      283.49145    
    218000   218000         504.45267      733.3002       6816.0506      6059.8169      7426.6636     -1366.8467      2940.2824      4087.4607     -2641.8064      26.695337     -574.5589      -2097.3117     -3107.6081     -333.9365       70712.851      41.352279      41.352279      41.352279      1.203954       543.72699      649.18126      1006.9924    
    219000   219000         504.06513     -3.1161734      6158.6508      6161.8244      7420.9582     -1259.1338      2964.9554      4155.3639     -2631.8163      28.461849     -575.22807     -2098.5091     -3102.3614     -338.15158      69831.409      41.17974       41.17974       41.17974       1.2191508      328.05494     -592.43879      255.03534    
    220000   220000         500.08377      52.133117      6117.5652      6064.3452      7362.3438     -1297.9985      2934.4504      4190.2687     -2646.2842      28.484599     -626.40803     -2085.5562     -3092.9538     -337.34748      69997.859      41.212433      41.212433      41.212433      1.2162518     -1388.6001      1230.7131      314.2863     
    221000   221000         500.0936       145.85168      6130.9233      5981.9637      7362.4884     -1380.5247      2926.7214      4152.2473     -2652.2853      27.218891     -637.99203     -2099.2675     -3097.1674     -337.19486      70029.542      41.21865       41.21865       41.21865       1.2157015      327.5162       849.84715     -739.8083     
    222000   222000         490.14805     -773.81091      5025.2223      5816.9685      7216.0678     -1399.0994      2972.5401      4031.5249     -2641.6738      26.548173     -595.24887     -2094.5257     -3098.2641     -336.57901      70157.678      41.243774      41.243774      41.243774      1.2134811      915.92825     -1418.8646     -1818.4964    
    223000   223000         495.89371      11.62703       5846.1333      5834.3347      7300.6567     -1466.322       2928.0907      4046.7229     -2621.4395      26.125798     -633.5989      -2104.7743     -3107.4487     -339.37359      69579.963      41.130255      41.130255      41.130255      1.2235566     -1281.8764     -659.34013      1976.0977    
    224000   224000         509.03678      417.03748      6521.5223      6101.5905      7494.1518     -1392.5614      3008.9801      4017.6106     -2634.0151      24.583279     -600.80253     -2107.9972     -3100.9204     -342.00657      69044.292      41.024434      41.024434      41.024434      1.2330494     -103.32769      2203.4445     -849.00437    
    225000   225000         502.91014     -1514.9862      4461.9516      6023.5241      7403.9542     -1380.4301      2945.8967      4051.9462     -2621.5027      24.723082     -573.00474     -2103.8925     -3104.5962     -334.1063       70676.913      41.345272      41.345272      41.345272      1.2045662     -1908.2217     -1265.0757     -1371.6613    
    226000   226000         489.40062      287.5298       5984.2452      5689.5414      7205.064      -1515.5226      2801.7532      4091.8041     -2664.3689      26.286631     -571.94767     -2098.9845     -3100.0654     -335.9969       70279.225      41.267579      41.267579      41.267579      1.2113824      200.56678      1062.2566     -400.23398    
    227000   227000         502.55519      81.52592       6059.2013      5975.6596      7398.7285     -1423.069       2899.9634      4120.0413     -2660.2171      28.291612     -594.12825     -2108.9476     -3108.0723     -336.07027      70263.882      41.264575      41.264575      41.264575      1.211647      -962.75517      1033.7359      173.59698    
    228000   228000         488.25331     -1198.4096      4444.4057      5676.1989      7188.1731     -1511.9742      2771.1247      4178.0479     -2676.6431      26.769725     -590.62966     -2109.8142     -3110.8296     -335.04689      70478.498      41.306546      41.306546      41.306546      1.2079573     -2287.6794      55.480392     -1363.0297    
    229000   229000         498.86526     -1347.8399      4586.5245      5959.4813      7344.4045     -1384.9232      2992.1067      4101.1094     -2662.0968      27.103946     -634.75493     -2104.712      -3103.6795     -338.08006      69846.182      41.182644      41.182644      41.182644      1.218893      -1272.1129     -2054.1675     -717.23939    
    230000   230000         496.75884      208.13685      6149.8931      5936.2618      7313.3934     -1377.1315      2855.6603      4154.6303     -2678.2286      26.869833     -513.36081     -2111.5018     -3111.2009     -335.52297      70378.494      41.287         41.287         41.287         1.2096738      1952.34       -215.24383     -1112.6856    
    231000   231000         495.6866       385.34678      6049.5497      5652.6789      7297.6077     -1644.9287      2790.8274      3973.7482     -2669.57        25.990815     -559.86341     -2103.9935     -3102.0683     -334.38038      70618.981      41.333973      41.333973      41.333973      1.2055543      808.26409      1299.345      -951.56871    
    232000   232000         503.92144     -167.8723       5728.8644      5901.9382      7418.8428     -1516.9046      2866.2276      4052.6796     -2638.0549      26.062904     -604.01785     -2108.3917     -3111.4103     -334.03029      70692.995      41.348408      41.348408      41.348408      1.2042922      455.296        1504.9208     -2463.8337    
    233000   233000         497.37142     -606.64025      5275.2545      5900.0543      7322.4119     -1422.3576      2953.1793      4046.4691     -2647.8546      25.612467     -579.76097     -2112.9491     -3107.0538     -334.37089      70620.986      41.334364      41.334364      41.334364      1.2055201     -2825.4209     -1204.1525      2209.6526    
    234000   234000         507.17429     -1201.1124      4933.0701      6161.2881      7466.7319     -1305.4438      3000.985       4154.7873     -2630.7218      25.476605     -650.27191     -2100.735      -3104.964      -336.78003      70115.801      41.235567      41.235567      41.235567      1.2142059     -499.02912     -436.34835     -2667.9597    
    235000   235000         490.40821     -807.72305      4898.3182      5733.7086      7219.898      -1486.1894      2879.4312      4060.462      -2669.4478      26.780594     -583.82628     -2101.7616     -3097.8274     -332.97462      70917.122      41.392059      41.392059      41.392059      1.2004861     -1275.9313     -908.27853     -238.95936    
    236000   236000         507.31514     -360.15375      5631.4519      5999.6108      7468.8056     -1469.1948      2891.3187      4097.6108     -2655.0982      28.179346     -616.05463     -2106.0323     -3109.1185     -336.89209      70092.479      41.230994      41.230994      41.230994      1.2146099     -1214.9901     -782.31817      916.847      
    237000   237000         502.96373      359.55248      6244.1161      5878.1257      7404.7431     -1526.6174      2862.563       4024.0465     -2646.9923      25.155514     -593.56005     -2099.9363     -3097.8938     -338.32238      69796.155      41.172809      41.172809      41.172809      1.2197666     -1321.1688      1463.8181      936.00816    
    238000   238000         493.16193      391.62027      6148.1311      5751.9936      7260.4389     -1508.4453      2830.7391      4092.6608     -2624.8804      25.778539     -641.52297     -2094.3561     -3096.8642     -340.45316      69359.326      41.086734      41.086734      41.086734      1.2274488      1692.0949     -181.19987     -336.03426    
    239000   239000         499.67822     -63.802869      5785.6984      5850.3776      7356.3732     -1505.9956      2852.8771      4079.0113     -2615.0455      26.091418     -666.81002     -2087.0445     -3095.0753     -339.71418      69510.203      41.116505      41.116505      41.116505      1.2247845     -20.550658      263.80027     -434.65822    
    240000   240000         490.882       -834.07108      4956.238       5802.7169      7226.8731     -1424.1563      2969.6818      4093.5045     -2640.8228      26.301433     -681.50493     -2088.4036     -3102.9126     -339.33218      69588.453      41.131927      41.131927      41.131927      1.2234073      599.90029     -338.15411     -2763.9594    
    241000   241000         510.07293     -1040.272       5020.2975      6078.97        7509.4063     -1430.4363      2945.6167      4077.2285     -2636.1958      25.216388     -654.08129     -2085.8272     -3102.3936     -338.39458      69781.265      41.169881      41.169881      41.169881      1.2200269     -2357.0564     -1166.2249      402.46548    
    242000   242000         502.14521      476.69179      6265.9159      5786.3924      7392.6927     -1606.3004      2801.1594      3985.2137     -2587.9171      24.660278     -620.95873     -2102.0031     -3106.4547     -342.34647      68975.742      41.010852      41.010852      41.010852      1.2342748      2081.2913      761.68881     -1412.9048    
    243000   243000         496.41299      179.66627      6083.6893      5899.2442      7308.3017     -1409.0575      2911.3139      4125.469      -2662.6985      27.439466     -604.07354     -2098.6325     -3107.8754     -335.45754      70392.222      41.289684      41.289684      41.289684      1.2094379      1984.9668      696.12713     -2142.0951    
    244000   244000         506.89026      251.806        6288.4354      6033.1564      7462.5504     -1429.394       2852.0019      4140.3343     -2673.5887      26.502274     -562.71091     -2104.2584     -3107.6744     -339.69495      69514.138      41.11728       41.11728       41.11728       1.2247152      1310.5594     -1229.7091      674.56767    
    245000   245000         495.32482     -1068.3365      4762.4775      5863.5883      7292.2813     -1428.693       2845.6748      4093.3753     -2602.8418      25.908237     -586.48826     -2101.3523     -3102.969      -334.12977      70671.947      41.344304      41.344304      41.344304      1.2046508      67.758622     -2502.6112     -770.15698    
    246000   246000         494.07305     -444.7901       5355.9816      5811.2106      7273.8525     -1462.6419      2824.1567      4141.1111     -2645.9326      26.308048     -585.24418     -2109.1298     -3113.9112     -336.48317      70177.661      41.24769       41.24769       41.24769       1.2131356     -1413.8307      77.080976      2.3794177    
    247000   247000         488.47639      1329.3751      7289.882       5922.9328      7191.4573     -1268.5244      2876.3028      4172.0097     -2637.3652      26.449205     -483.62126     -2112.1979     -3110.1018     -334.914        70506.464      41.312009      41.312009      41.312009      1.2074782      113.39926      2012.8769      1861.8492    
    248000   248000         488.11655      1269.3252      6937.4821      5644.2387      7186.1597     -1541.921       2829.8648      3990.8594     -2597.7792      25.04757      -567.03376     -2112.181      -3110.6988     -338.01095      69860.462      41.18545       41.18545       41.18545       1.2186438      516.23691      882.62755      2409.1112    
    249000   249000         507.13698      91.313113      5967.5419      5873.7711      7466.1826     -1592.4115      2779.8         4002.1413     -2619.5028      26.845512     -559.38876     -2106.6619     -3115.6449     -335.3539       70413.977      41.293937      41.293937      41.293937      1.2090642      488.33802     -817.77659      603.37791    
    250000   250000         501.40967      545.78984      6449.7533      5883.9537      7381.8639     -1497.9102      2811.3727      4083.0439     -2653.7317      25.909819     -540.61899     -2115.1325     -3108.7536     -332.20098      71082.275      41.424166      41.424166      41.424166      1.1976969      311.76919      15.580727      1310.0196    
Loop time of 717.381 on 1 procs for 250000 steps with 4940 atoms

Performance: 30.110 ns/day, 0.797 hours/ns, 348.490 timesteps/s, 1.722 Matom-step/s
100.0% CPU use with 1 MPI tasks x 1 OpenMP threads

MPI task timing breakdown:
Section |  min time  |  avg time  |  max time  |%varavg| %total
---------------------------------------------------------------
Pair    | 256.91     | 256.91     | 256.91     |   0.0 | 35.81
Bond    | 93.826     | 93.826     | 93.826     |   0.0 | 13.08
Kspace  | 208.95     | 208.95     | 208.95     |   0.0 | 29.13
Neigh   | 59.074     | 59.074     | 59.074     |   0.0 |  8.23
Comm    | 8.4724     | 8.4724     | 8.4724     |   0.0 |  1.18
Output  | 2.6445     | 2.6445     | 2.6445     |   0.0 |  0.37
Modify  | 67.323     | 67.323     | 67.323     |   0.0 |  9.38
Other   |            | 20.18      |            |       |  2.81

Nlocal:           4940 ave        4940 max        4940 min
Histogram: 1 0 0 0 0 0 0 0 0 0
Nghost:          13647 ave       13647 max       13647 min
Histogram: 1 0 0 0 0 0 0 0 0 0
Neighs:              0 ave           0 max           0 min
Histogram: 1 0 0 0 0 0 0 0 0 0
FullNghs:   2.1756e+06 ave  2.1756e+06 max  2.1756e+06 min
Histogram: 1 0 0 0 0 0 0 0 0 0

Total # of neighbors = 2175596
Ave neighs/atom = 440.40405
Ave special neighs/atom = 5.9797571
Neighbor list builds = 9773
Dangerous builds = 0

# --- Cleanup ---
unfix npt_fix

undump dump_npt

# --- Write Output ---
write_dump all custom cool_block_03_last.dump id type mol x y z xu yu zu vx vy vz modify sort id
write_data /home/arz2/PolyJarvis_v2/data/sPVC_1/attempts/cooling/attempt-0001/work/cool_block_03/cool_block_03_out.data
System init for write_data ...
PPPM Kokkos initialization ...
  using 12-bit tables for long-range coulomb
  G vector (1/distance) = 0.30222856
  grid = 30 30 30
  stencil order = 5
  estimated absolute RMS force accuracy = 0.00024742026
  estimated relative force accuracy = 7.4509878e-07
  using double precision cuFFT
  3d grid and FFT values/proc = 50653 27000
Generated 6 of 6 mixed pair_coeff terms from sixthpower/sixthpower mixing rule
write_restart /home/arz2/PolyJarvis_v2/data/sPVC_1/attempts/cooling/attempt-0001/work/cool_block_03/cool_block_03_out.restart
System init for write_restart ...
PPPM Kokkos initialization ...
  using 12-bit tables for long-range coulomb
  G vector (1/distance) = 0.30222856
  grid = 30 30 30
  stencil order = 5
  estimated absolute RMS force accuracy = 0.00024742026
  estimated relative force accuracy = 7.4509878e-07
  using double precision cuFFT
  3d grid and FFT values/proc = 50653 27000
Generated 6 of 6 mixed pair_coeff terms from sixthpower/sixthpower mixing rule

print "STAGE COMPLETE: NPT T=521.0->496.0K P=1.0->1.0atm steps=250000"
STAGE COMPLETE: NPT T=521.0->496.0K P=1.0->1.0atm steps=250000
quit
