units real
atom_style full
boundary p p p

# --- Force Field Styles ---
pair_style lj/class2/coul/long 9.5 9.5
kspace_style pppm 1e-6
dielectric 1.000000
bond_style class2
angle_style class2
dihedral_style class2
improper_style class2
special_bonds lj/coul 0 0 1
pair_modify mix sixthpower tail yes
neighbor 2.0 bin
neigh_modify delay 0 every 1 check yes
neigh_modify one 4000
# KOKKOS: package loaded via -pk kokkos on the command line

read_data /home/arz2/PolyJarvis_v2/data/sPVC_2/attempts/cooling/attempt-0001/work/cool_block_04/cool_block_04_out.data
Reading data file ...
  orthogonal box = (6.3159985 6.3159985 6.3159985) to (47.376694 47.376694 47.376694)
  1 by 1 by 1 MPI processor grid
  reading atoms ...
  4940 atoms
  reading velocities ...
  4940 velocities
  scanning bonds ...
  4 = max bonds/atom
  scanning angles ...
  12 = max angles/atom
  scanning dihedrals ...
  24 = max dihedrals/atom
  scanning impropers ...
  10 = max impropers/atom
  orthogonal box = (6.3159985 6.3159985 6.3159985) to (47.376694 47.376694 47.376694)
  1 by 1 by 1 MPI processor grid
  reading bonds ...
  4930 bonds
  reading angles ...
  9840 angles
  reading dihedrals ...
  14670 dihedrals
  reading impropers ...
  6560 impropers
Finding 1-2 1-3 1-4 neighbors ...
  special bond factors lj:    0        0        1       
  special bond factors coul:  0        0        1       
     4 = max # of 1-2 neighbors
     6 = max # of 1-3 neighbors
    10 = max # of special neighbors
  special bonds CPU = 0.003 seconds
  read_data CPU = 0.205 seconds


# --- Thermo Output ---
thermo_style custom step time temp press enthalpy etotal ke pe ebond eangle edihed eimp evdwl ecoul elong etail vol lx ly lz density pxx pyy pzz
thermo_modify flush yes
thermo 1000

# --- Trajectory ---
dump dump_npt all custom 1000 cool_block_05.dump id type mol x y z ix iy iz vx vy vz


# --- Restart Checkpointing ---
restart 10000 npt_1.rst npt_2.rst

# --- Initial Velocities (optional) ---
# Velocities read from data file

# --- SHAKE Constraints ---
# SHAKE disabled

# --- NPT Thermostat + Barostat (Nose-Hoover) ---
# T_damp = 100.0 fs  (heat bath coupling)
# P_damp = 1000.0 fs  (pressure bath coupling, ~10x T_damp typical)
# Ramp: T=471.0->446.0K  P=1.0->1.0atm
timestep 1.0
fix npt_fix all npt temp 471.0 446.0 100.0 iso 1.0 1.0 1000.0

run 250000
PPPM Kokkos initialization ...
  using 12-bit tables for long-range coulomb
  G vector (1/distance) = 0.29401671
  grid = 27 27 27
  stencil order = 5
  estimated absolute RMS force accuracy = 0.00038835499
  estimated relative force accuracy = 1.1695195e-06
  using double precision cuFFT
  3d grid and FFT values/proc = 39304 19683
Generated 6 of 6 mixed pair_coeff terms from sixthpower/sixthpower mixing rule
Neighbor list info ...
  update: every = 1 steps, delay = 0 steps, check = yes
  max neighbors/atom: 4000, page size: 100000
  master list distance cutoff = 11.5
  ghost atom cutoff = 11.5
  binsize = 11.5, bins = 4 4 4
  1 neighbor lists, perpetual/occasional/extra = 1 0 0
  (1) pair lj/class2/coul/long/kk, perpetual
      attributes: full, newton off, kokkos_device
      pair build: full/bin/kk/device
      stencil: full/bin/3d
      bin: kk/device
Per MPI rank memory allocation (min/avg/max) = 28.07 | 28.07 | 28.07 Mbytes
   Step          Time           Temp          Press         Enthalpy        TotEng         KinEng         PotEng         E_bond        E_angle        E_dihed        E_impro         E_vdwl         E_coul         E_long         E_tail         Volume           Lx             Ly             Lz          Density          Pxx            Pyy            Pzz      
         0   0              465.20945     -1562.6784      3335.548       4913.248       6848.9162     -1935.6682      2729.9444      3925.7317     -2656.0996      25.720704     -730.22499     -2187.452      -3043.2885     -341.10125      69227.543      41.060696      41.060696      41.060696      1.2297854     -926.35861     -1494.9599     -2266.7168    
      1000   1000           475.72616     -813.53417      4346.7288      5167.4565      7003.7455     -1836.289       2789.0817      3945.6729     -2665.3003      26.084685     -703.68077     -2193.377      -3034.7703     -341.36172      69174.72       41.05025       41.05025       41.05025       1.2307244     -381.57392     -902.25323     -1156.7754    
      2000   2000           469.64382     -314.87317      4577.2841      4891.6243      6914.2        -2022.5757      2734.2814      3778.3308     -2669.7257      23.912112     -656.94862     -2188.7182     -3043.7075     -344.9641       68452.346      40.906857      40.906857      40.906857      1.2437122      863.66143      1.0262821     -1809.3072    
      3000   3000           473.01066      604.47464      5532.398       4923.22        6963.7674     -2040.5474      2724.4684      3821.3892     -2669.3077      25.505564     -707.11269     -2193.8973     -3041.5929     -341.72129      69101.932      41.035847      41.035847      41.035847      1.2320208      428.12744     -63.878573      1449.175     
      4000   4000           477.94992      258.7799       5353.389       5094.3923      7036.4843     -1942.092       2759.8362      3914.5067     -2685.1991      26.019293     -726.97019     -2189.5005     -3040.7845     -344.09191      68625.854      40.94139       40.94139       40.94139       1.2405677     -382.79875     -14.347035      1173.4855    
      5000   5000           470.04398     -1959.2989      3053.6292      5037.7882      6920.0912     -1882.303       2876.3244      3803.706      -2656.661       24.068498     -692.43419     -2190.3816     -3046.925      -340.06533      69438.427      41.102347      41.102347      41.102347      1.2260505     -1794.9331     -1881.103      -2201.8606    
      6000   6000           467.63025     -421.76514      4380.6998      4802.7887      6884.5558     -2081.7672      2696.1471      3816.931      -2667.4023      24.501296     -731.22839     -2180.1889     -3040.527      -344.11605      68621.042      40.940433      40.940433      40.940433      1.2406547     -1673.7009     -981.63312      1390.0386    
      7000   7000           463.21406      643.42746      5493.6129      4843.3935      6819.5397     -1976.1462      2696.6771      3834.1277     -2620.994       23.914392     -692.32973     -2182.2093     -3035.3324     -340.78288      69292.218      41.073479      41.073479      41.073479      1.2286375      1286.4614      1029.4357     -385.61466    
      8000   8000           478.78203      480.59248      5431.627       4948.7656      7048.7348     -2099.9692      2654.9699      3874.0716     -2697.854       24.475311     -723.54494     -2188.9121     -3043.1749     -342.76193      68892.136      40.994276      40.994276      40.994276      1.2357727      186.25061      458.71256      796.81427    
      9000   9000           468.51869      245.95795      5066.1743      4816.1547      6897.6356     -2081.4809      2672.4229      3822.1484     -2698.7938      25.459626     -679.33849     -2184.6505     -3038.729      -338.78551      69700.743      41.154039      41.154039      41.154039      1.2214363      443.25446      379.17852     -84.559122    
     10000   10000          478.68375      1136.2877      6145.5925      5011.6279      7047.2879     -2035.6599      2745.3351      3823.2496     -2646.5589      23.771689     -737.57733     -2198.1852     -3045.695      -345.08571      68428.223      40.902051      40.902051      40.902051      1.2441507      2244.3174      1862.7645     -698.2188     
     11000   11000          472.7661      -1158.2499      3628.8486      4798.2751      6960.1669     -2161.8917      2685.1758      3760.2434     -2665.9883      26.225359     -742.3285      -2182.9692     -3042.2503     -341.08879      69230.072      41.061196      41.061196      41.061196      1.2297404      22.087713     -2204.1658     -1292.6717    
     12000   12000          472.05466     -259.52563      4633.8694      4893.9336      6949.693      -2055.7594      2683.6631      3902.8784     -2666.9902      25.164371     -763.08299     -2194.9764     -3042.4157     -343.66696      68710.713      40.958259      40.958259      40.958259      1.2390356     -358.25356     -491.52885      71.20551     
     13000   13000          469.57235     -439.09059      4412.8828      4857.357       6913.1478     -2055.7909      2713.4572      3844.3941     -2690.4004      25.503297     -720.86288     -2182.8865     -3044.9956     -340.20897      69409.11       41.096562      41.096562      41.096562      1.2265684      299.47537     -672.61441     -944.13274    
     14000   14000          466.69074      623.84711      5408.9427      4785.4355      6870.7241     -2085.2886      2660.2173      3848.0833     -2683.7373      25.407024     -691.15769     -2194.9811     -3049.1201     -344.56789      68531.057      40.92253       40.92253       40.92253       1.2422838      877.4455      -248.21395      1242.3098    
     15000   15000          480.08497     -8.4781302      4982.4381      4990.9472      7067.9169     -2076.9697      2782.8262      3752.2216     -2692.93        22.736751     -696.50712     -2195.5872     -3049.73       -343.12512      68819.215      40.979807      40.979807      40.979807      1.2370821      300.0416      -1138.1206      812.64461    
     16000   16000          468.88774     -531.58993      4409.0771      4936.8119      6903.0688     -1966.257       2764.7823      3918.4619     -2695.3713      25.694222     -733.66297     -2195.5428     -3050.6183     -346.89586      68071.154      40.830783      40.830783      40.830783      1.2506769      160.78472     -617.98807     -1137.5664    
     17000   17000          465.94638     -261.00452      4592.9839      4858.8508      6859.7655     -2000.9147      2680.8975      3904.6786     -2661.2328      25.704812     -720.85073     -2183.1489     -3046.9631     -338.08189      69845.805      41.18257       41.18257       41.18257       1.2188995     -726.65959     -526.94175      470.58777    
     18000   18000          464.09463     -344.10628      4374.0458      4717.2276      6832.5037     -2115.2761      2649.1884      3863.5834     -2676.9104      24.478491     -745.05098     -2186.325      -3044.2398     -345.30789      68384.193      40.893276      40.893276      40.893276      1.2449517     -1367.6178      702.57616     -367.27717    
     19000   19000          473.41619      357.58471      5278.827       4925.3252      6969.7377     -2044.4125      2697.5152      3878.3488     -2667.292       25.924945     -747.35505     -2187.4527     -3044.1017     -348.3577       67785.503      40.773589      40.773589      40.773589      1.2559473      402.37429     -1230.8496      1901.2294    
     20000   20000          467.79285      708.54593      5611.2858      4902.4011      6886.9496     -1984.5485      2690.1955      3918.5104     -2708.3713      26.682875     -682.54623     -2187.1523     -3041.8675     -344.21558      68601.199      40.936487      40.936487      40.936487      1.2410136      314.06868      931.36466      880.20444    
     21000   21000          473.37463     -781.51399      4228.3216      5020.0718      6969.1258     -1949.054       2754.7357      3911.8081     -2661.9516      25.600423     -745.79217     -2186.826      -3046.6284     -339.92782      69466.517      41.107889      41.107889      41.107889      1.2255547     -1105.0875      14.205067     -1253.6595    
     22000   22000          470.47382      70.738287      4860.8315      4790.1826      6926.4195     -2136.2369      2727.7703      3736.3306     -2670.0737      24.271525     -716.36922     -2193.3814     -3044.785      -344.81571      68481.803      40.912724      40.912724      40.912724      1.2431772      1089.273      -2143.0953      1266.0372    
     23000   23000          473.28834     -237.78589      4522.4664      4762.2776      6967.8555     -2205.5779      2737.9999      3678.9466     -2683.7851      24.428695     -709.84326     -2201.5633     -3051.7614     -341.47178      69152.426      41.045839      41.045839      41.045839      1.2311212      479.31757     -752.88511     -439.79012    
     24000   24000          468.61759      58.634429      4881.8348      4823.061       6899.0917     -2076.0307      2729.0926      3790.4559     -2670.7939      24.718694     -712.56401     -2192.5108     -3044.4292     -343.5639       68731.323      40.962353      40.962353      40.962353      1.2386641     -435.14024      131.73335      479.31017    
     25000   25000          468.50223      862.86451      5913.4727      5035.5989      6897.3933     -1861.7944      2716.2155      3885.8844     -2657.5119      25.352181     -596.90808     -2192.2428     -3042.5838     -338.49215      69761.151      41.165925      41.165925      41.165925      1.2203787      1147.5666      2628.5612     -1187.5342    
     26000   26000          466.3642       265.71408      4996.3188      4731.0068      6865.9167     -2134.9099      2702.406       3813.2102     -2666.11        24.152827     -769.63903     -2191.4389     -3047.491      -344.90205      68464.66       40.90931       40.90931       40.90931       1.2434885      1024.4596      725.36389     -952.68123    
     27000   27000          462.75587     -635.80301      4166.3505      4807.5369      6812.794      -2005.2571      2761.4179      3769.418      -2655.0383      24.66313      -663.63946     -2200.4281     -3041.6503     -341.48872      69148.994      41.04516       41.04516       41.04516       1.2311823     -1078.288      -49.842944     -779.27804    
     28000   28000          469.04204     -507.00644      4357.214       4863.8038      6905.3405     -2041.5367      2665.9506      3904.4005     -2675.905       24.659338     -735.10752     -2190.4832     -3035.0514     -344.66341      68512.065      40.918749      40.918749      40.918749      1.2426281     -1634.3377     -1279.3506      1392.669     
     29000   29000          472.80695     -51.796328      4875.7742      4928.1467      6960.7683     -2032.6215      2653.2938      3891.0364     -2683.6381      26.759894     -706.85995     -2178.5717     -3034.642      -340.59126      69331.202      41.08118       41.08118       41.08118       1.2279467     -322.8627      -147.81693      315.29065    
     30000   30000          455.56395     -296.99744      4335.4745      4635.6392      6706.913      -2071.2739      2636.6999      3911.1316     -2699.9218      27.77694      -733.61998     -2176.0151     -3037.3254     -340.7464       69299.637      41.074945      41.074945      41.074945      1.228506       1402.809      -1597.7283     -696.07298    
     31000   31000          472.64151      490.51352      5368.9451      4875.7814      6958.3327     -2082.5513      2738.9738      3807.1767     -2711.3561      26.020238     -721.02594     -2182.0109     -3040.329      -342.52955      68938.874      41.003544      41.003544      41.003544      1.2349349     -353.39643      571.39264      1253.5443    
     32000   32000          471.98043      739.03623      5787.8203      5048.4958      6948.6001     -1900.1043      2738.0192      3907.6605     -2661.4923      24.08027      -665.64303     -2199.8514     -3042.8776     -344.24591      68595.156      40.935285      40.935285      40.935285      1.2411229      1342.4061      977.72492     -103.02236    
     33000   33000          478.01679      83.878723      4941.8546      4857.4765      7037.4687     -2179.9922      2592.3405      3855.9838     -2671.3327      24.774456     -745.40381     -2195.6887     -3040.6658     -342.34163      68976.717      41.011045      41.011045      41.011045      1.2342573     -1647.0631      213.59501      1685.1043    
     34000   34000          470.84943      134.4584       5127.6181      4992.3044      6931.9493     -1939.645       2698.2292      3924.9337     -2718.5394      26.946313     -635.03011     -2203.326      -3032.8587     -342.20318      69004.624      41.016575      41.016575      41.016575      1.2337582     -408.46819     -28.209542      840.05292    
     35000   35000          471.53266     -22.443483      4882.6412      4905.2614      6942.0079     -2036.7465      2686.411       3850.4784     -2690.8518      25.691183     -696.19532     -2183.342      -3028.9379     -341.68865      69108.534      41.037153      41.037153      41.037153      1.2319031     -389.3905       1270.7058     -948.64574    
     36000   36000          477.59132      907.10034      5988.3737      5081.072       7031.2049     -1950.133       2762.8543      3804.1165     -2674.4411      25.011274     -633.23618     -2194.8059     -3039.6319     -344.30373      68583.636      40.932993      40.932993      40.932993      1.2413314     -355.17961      2425.7712      650.70944    
     37000   37000          461.83701     -105.3524       4612.1598      4718.5674      6799.2664     -2080.699       2690.0209      3825.818      -2685.7812      25.684836     -699.40284     -2190.6836     -3046.355      -340.96512      69255.183      41.06616       41.06616       41.06616       1.2292946     -1022.6097      686.42415      20.128371    
     38000   38000          469.50306     -1165.6679      3756.9217      4950.7448      6912.1277     -1961.3829      2710.7369      3823.9752     -2685.0637      25.249623     -611.28653     -2182.064      -3042.9303     -336.25827      70224.597      41.256883      41.256883      41.256883      1.2123248     -855.46076     -1154.8186     -1486.7242    
     39000   39000          469.88134     -2406.1268      2275.9192      4685.0001      6917.6968     -2232.6967      2622.964       3751.0406     -2643.5929      25.121621     -781.80117     -2165.0003     -3041.4286     -343.95786      68652.6        40.946708      40.946708      40.946708      1.2400844     -2852.8734     -1395.9682     -2969.5389    
     40000   40000          456.80458     -523.07865      4289.4148      4819.2478      6725.1779     -1905.9301      2677.9897      3978.6499     -2697.445       25.00161      -646.95136     -2198.3451     -3044.8299     -339.98999      69453.814      41.105383      41.105383      41.105383      1.2257789     -1001.5228     -1073.5998      505.88663    
     41000   41000          474.25415     -395.19814      4717.0495      5120.992       6982.0743     -1861.0823      2746.5245      3922.2314     -2706.9079      23.521938     -618.75764     -2190.3387     -3037.3559     -336.9252       70085.59       41.229643      41.229643      41.229643      1.2147293      404.12578     -1036.6488     -553.07137    
     42000   42000          466.44625     -336.06309      4338.159       4676.0383      6867.1247     -2191.0863      2590.3943      3819.8297     -2686.2778      24.488054     -707.96074     -2198.4094     -3033.1504     -342.52896      68938.993      41.003568      41.003568      41.003568      1.2349327     -1351.8424     -823.58085      1167.234     
     43000   43000          458.81812      439.28577      5229.1918      4791.6959      6754.8217     -1963.1258      2626.181       3954.4992     -2669.4519      24.129732     -658.06515     -2200.2842     -3040.1345     -345.78914      68289.02       40.874297      40.874297      40.874297      1.2466868      1070.4626      1513.6785     -1266.2838    
     44000   44000          468.89842      192.71421      5160.0007      4966.6074      6903.226      -1936.6186      2792.933       3862.0878     -2689.2555      24.800491     -706.6587      -2182.9228     -3037.603      -343.17091      68810.034      40.977984      40.977984      40.977984      1.2372472      337.17981      178.6777       62.285136    
     45000   45000          459.13269     -509.3586       4118.3056      4624.0432      6759.4529     -2135.4097      2615.1687      3821.034      -2644.3648      25.197898     -734.87238     -2181.0106     -3036.5626     -346.84586      68080.967      40.832745      40.832745      40.832745      1.2504966     -1148.9158     -858.13418      478.97417    
     46000   46000          466.62251     -227.01566      4511.2792      4738.427       6869.7197     -2131.2926      2691.206       3794.3959     -2661.0714      24.312466     -748.46574     -2188.3964     -3043.2734     -344.17976      68608.339      40.937907      40.937907      40.937907      1.2408844      1715.2665     -1308.911      -1087.4025    
     47000   47000          479.80768      46.390828      5027.9812      4982.3681      7063.8346     -2081.4665      2723.5647      3793.8701     -2674.0126      24.102061     -702.04061     -2200.4451     -3046.505      -350.25218      67418.857      40.699942      40.699942      40.699942      1.2627776      169.2047       420.61647     -450.64868    
     48000   48000          463.68216      96.842888      4919.9689      4822.112       6826.4312     -2004.3192      2787.0966      3819.1974     -2700.738       25.534442     -705.76843     -2186.0574     -3043.5838     -340.81171      69286.356      41.072321      41.072321      41.072321      1.2287415     -1494.7755      1608.1048      177.19935    
     49000   49000          463.88323      493.77081      5222.1438      4730.8087      6829.3913     -2098.5826      2681.3886      3788.9105     -2667.368       24.689924     -683.0009      -2201.2667     -3041.9361     -346.08736      68230.176      40.862553      40.862553      40.862553      1.247762       103.74365      1035.6644      341.90435    
     50000   50000          482.31557      1421.0642      6535.8428      5110.7237      7100.7564     -1990.0326      2738.5262      3866.6953     -2662.6635      23.286288     -716.82005     -2193.5813     -3045.4756     -343.4003       68764.068      40.968858      40.968858      40.968858      1.2380742     -25.693343      2242.2147      2046.6714    
     51000   51000          458.64073      111.75799      4869.5282      4756.899       6752.2101     -1995.3111      2681.2209      3863.1048     -2673.3533      25.567472     -654.66751     -2193.9758     -3043.2076     -341.7164       69102.922      41.036042      41.036042      41.036042      1.2320032     -714.21883      118.8959       930.59689    
     52000   52000          468.99346      1117.0079      5957.4079      4841.878       6904.6252     -2062.7472      2635.0968      3854.9775     -2643.29        25.444693     -694.21745     -2196.0234     -3044.7353     -344.83643      68477.689      40.911905      40.911905      40.911905      1.2432519      1932.1231      676.10292      742.7976     
     53000   53000          466.25964     -288.32747      4646.7602      4934.6046      6864.3774     -1929.7728      2697.7608      3964.4395     -2650.0047      26.116103     -753.34771     -2179.4818     -3035.255      -344.95806      68453.544      40.907096      40.907096      40.907096      1.2436905      87.385943     -1435.9468      483.57848    
     54000   54000          461.75672     -914.94086      3832.8675      4753.4044      6798.0844     -2044.68        2689.9457      3804.8731     -2668.939       25.927388     -689.12271     -2180.3733     -3026.9912     -342.28661      68987.804      41.013243      41.013243      41.013243      1.234059      -627.34973     -1653.8412     -463.63164    
     55000   55000          460.05431      556.0917       5393.414       4832.514       6773.0211     -1940.5072      2686.9707      3935.5415     -2690.2682      25.003607     -672.33        -2183.581      -3041.8437     -341.42794      69161.304      41.047596      41.047596      41.047596      1.2309632      26.216268      278.55819      1363.5006    
     56000   56000          458.92917     -26.580803      4674.7587      4701.1365      6756.4566     -2055.3201      2715.949       3858.1592     -2660.4531      27.435363     -771.8907      -2186.3956     -3038.1243     -347.03088      68044.669      40.825486      40.825486      40.825486      1.2511637     -35.094473      488.32563     -532.97357    
     57000   57000          470.69189      55.069654      5004.9452      4949.8682      6929.63       -1979.7618      2681.6634      3836.4191     -2626.321       24.657671     -663.30236     -2189.52       -3043.3585     -344.33411      68577.585      40.931789      40.931789      40.931789      1.2414409     -489.26308      1506.3728     -851.90076    
     58000   58000          463.84533      782.65287      5628.6844      4859.805       6828.8334     -1969.0284      2673.3558      3947.1398     -2644.3994      25.603715     -719.54924     -2203.2877     -3047.8913     -350.54927      67361.72       40.688442      40.688442      40.688442      1.2638487      1303.5545     -3.4017255      1047.8058    
     59000   59000          470.15569     -1039.1432      3678.7546      4714.5405      6921.7358     -2207.1953      2650.7426      3808.7972     -2674.3755      25.562038     -791.78748     -2181.3571     -3044.7771     -345.49641      68346.88       40.885838      40.885838      40.885838      1.2456314     -1589.1375     -424.76992     -1103.5222    
     60000   60000          468.59203     -133.77341      4686.1697      4818.6685      6898.7153     -2080.0468      2670.5634      3903.8253     -2653.9647      24.770718     -795.07734     -2185.3234     -3044.8407     -347.69306      67915.08       40.799553      40.799553      40.799553      1.2535511     -224.95224     -666.91245      490.54444    
     61000   61000          461.22472     -572.43863      4134.238       4702.8652      6790.2521     -2087.3869      2714.2746      3849.144      -2664.6181      24.524325     -777.58884     -2188.8567     -3044.2662     -346.68849      68111.87       40.838922      40.838922      40.838922      1.2499293     -174.53886     -1014.3974     -528.37961    
     62000   62000          463.77436     -567.04721      4155.8269      4719.5691      6827.7886     -2108.2195      2693.7951      3882.0082     -2663.9255      24.906831     -816.87847     -2187.8339     -3040.2918     -346.3991       68168.773      40.850291      40.850291      40.850291      1.2488859     -1036.834      -71.906486     -592.4011     
     63000   63000          465.8008      -652.27421      3977.3065      4623.7722      6857.6223     -2233.8501      2720.4127      3699.4273     -2652.6624      24.120618     -792.13571     -2190.4897     -3042.5228     -347.47438      67957.82       40.80811       40.80811       40.80811       1.2527627     -1077.2515     -707.44554     -172.12562    
     64000   64000          464.95339     -1421.2321      3360.4232      4782.4108      6845.1464     -2062.7357      2830.6495      3820.6474     -2700.3038      25.071788     -803.64025     -2191.873      -3043.2874     -344.1972       68604.863      40.937216      40.937216      40.937216      1.2409473     -764.24676     -1745.8297     -1753.6198    
     65000   65000          457.63758     -293.35634      4330.6639      4622.4365      6737.4415     -2115.005       2672.2761      3900.8516     -2675.9349      25.534146     -783.50686     -2200.02       -3054.205      -346.24941      68198.244      40.856177      40.856177      40.856177      1.2483462     -1197.2302      381.59917     -64.437953    
     66000   66000          462.80443     -915.82952      3776.1185      4695.3865      6813.509      -2118.1225      2749.2419      3701.6749     -2641.2507      24.647887     -714.57259     -2192.5132     -3045.3507     -343.09202      68825.855      40.981125      40.981125      40.981125      1.2369628     -918.15243      283.54036     -2112.8765    
     67000   67000          465.91162     -1797.3764      3075.038       4879.9329      6859.2538     -1979.3209      2662.3093      3937.0012     -2671.0958      24.92024      -705.19614     -2184.0696     -3043.19       -342.9456       68855.239      40.986956      40.986956      40.986956      1.2364349     -1420.5476     -1322.8043     -2648.7774    
     68000   68000          458.55298      236.03753      4803.2973      4565.3681      6750.9183     -2185.5502      2619.0031      3860.1281     -2702.5951      25.586703     -742.43606     -2198.4429     -3046.7941     -341.64213      69117.943      41.039016      41.039016      41.039016      1.2317354     -1203.5123      2904.5032     -992.87826    
     69000   69000          467.86416      290.26351      5252.2239      4960.7589      6887.9994     -1927.2405      2687.3834      3932.4887     -2661.8123      26.458299     -685.5083      -2185.894      -3040.3563     -342.96048      68852.253      40.986363      40.986363      40.986363      1.2364885     -783.67142      68.765326      1585.6966    
     70000   70000          463.13907      824.02845      5447.0497      4623.2412      6818.4356     -2195.1944      2611.1663      3812.0581     -2681.1373      24.019252     -735.68721     -2184.6508     -3040.9629     -344.4721       68550.115      40.926323      40.926323      40.926323      1.2419384      1401.2178      926.61337      144.25419    
     71000   71000          463.43103      1051.7988      5977.521       4920.1077      6822.7339     -1902.6262      2692.2851      3980.2069     -2686.4563      26.336412     -665.07737     -2200.4765     -3049.4445     -342.5516       68934.436      41.002664      41.002664      41.002664      1.2350144      938.31721      1819.0396      398.03949    
     72000   72000          460.75486     -219.52611      4471.6867      4691.6332      6783.3347     -2091.7015      2684.7677      3772.3485     -2633.9713      24.82944      -710.63802     -2186.4913     -3042.5465     -343.72198      68699.713      40.956073      40.956073      40.956073      1.239234       318.23132     -17.966708     -958.84295    
     73000   73000          466.51471      770.46342      5512.7251      4747.0678      6868.1325     -2121.0648      2656.6601      3766.359      -2671.7009      24.526961     -643.05174     -2207.8018     -3046.0564     -346.54187      68140.689      40.844681      40.844681      40.844681      1.2494006      1496.175       2147.5068     -1332.2915    
     74000   74000          471.68994      755.00419      5721.1097      4966.9854      6944.3234     -1977.338       2713.4284      3925.4635     -2663.9539      26.141951     -743.12798     -2188.8554     -3046.4345     -344.78198      68488.503      40.914058      40.914058      40.914058      1.2430556      1641.2285      1078.225      -454.44098    
     75000   75000          467.9594      -250.14295      4618.8477      4866.274       6889.4016     -2023.1276      2784.9298      3801.187      -2678.4526      26.053671     -718.65447     -2193.0431     -3045.1479     -348.16134      67823.733      40.781253      40.781253      40.781253      1.2552394     -416.63002      255.01424     -588.81306    
     76000   76000          458.08415     -629.6358       3986.8864      4624.4357      6744.016      -2119.5803      2712.3398      3775.2489     -2682.4977      24.639753     -706.13469     -2192.8343     -3050.3421     -340.10561      69430.203      41.100724      41.100724      41.100724      1.2261958     -895.40686      286.68974     -1280.1903    
     77000   77000          461.33134      126.90392      4907.511       4779.2948      6791.8218     -2012.5271      2750.9814      3763.4148     -2690.9284      24.821866     -615.18673     -2196.2391     -3049.3909     -340.85532      69277.492      41.070569      41.070569      41.070569      1.2288987      401.68828     -780.41593      759.43941    
     78000   78000          459.75766      23.847155      4814.4487      4790.7744      6768.6537     -1977.8793      2729.3155      3911.5437     -2682.4471      26.474631     -720.32445     -2195.6515     -3046.79       -346.89506      68071.312      40.830814      40.830814      40.830814      1.250674      -1646.285       1785.6435     -67.816982    
     79000   79000          458.7844       962.16895      5468.2311      4513.5294      6754.3252     -2240.7958      2622.5451      3782.0319     -2689.6565      24.458821     -732.21893     -2197.7425     -3050.2137     -347.07376      68036.264      40.823805      40.823805      40.823805      1.2513183     -526.34803      1883.3993      1529.4556    
     80000   80000          462.38667      95.35978       4781.019       4686.2916      6807.3587     -2121.0671      2693.9622      3771.7268     -2657.9064      24.521845     -689.85529     -2207.5521     -3055.9643     -346.67932      68113.672      40.839282      40.839282      40.839282      1.2498962      921.12337     -28.147173     -606.89686    
     81000   81000          459.07671     -701.21402      3879.053       4582.0145      6758.6286     -2176.6141      2622.4019      3903.0988     -2703.6363      25.344719     -772.2664      -2199.4139     -3052.1429     -343.52404      68739.298      40.963938      40.963938      40.963938      1.2385203     -1486.1038     -999.83225      382.29397    
     82000   82000          456.27349      126.2429       4617.3829      4491.762       6717.3591     -2225.5971      2648.7073      3854.4665     -2705.0678      25.445054     -814.75526     -2188.6547     -3045.7381     -346.08529      68230.585      40.862635      40.862635      40.862635      1.2477545      1840.8364     -996.57176     -465.53598    
     83000   83000          463.93722      946.10436      5725.4747      4779.4678      6830.1862     -2050.7184      2665.2612      3856.1017     -2689.2356      24.526564     -651.34402     -2208.4131     -3047.6151     -344.41563      68561.353      40.928559      40.928559      40.928559      1.2417348      1240.6894      150.41617      1447.2075    
     84000   84000          454.57702      721.59301      5375.6031      4657.8398      6692.3833     -2034.5435      2632.5297      3922.347      -2682.9741      25.817951     -679.19552     -2209.1764     -3043.8921     -346.21767      68204.495      40.857426      40.857426      40.857426      1.2482318     -1996.8824      2001.7202      2159.9413    
     85000   85000          461.4988       255.92246      4871.3023      4616.3593      6794.2872     -2177.9279      2701.1034      3826.9027     -2708.8879      25.099647     -762.30319     -2211.0545     -3048.7882     -345.70325      68305.987      40.877682      40.877682      40.877682      1.2463771      417.41079     -1228.0727      1578.4293    
     86000   86000          471.63703     -104.87456      4844.2805      4949.7078      6943.5445     -1993.8368      2720.4925      3868.5546     -2681.81        23.885474     -688.67097     -2192.0649     -3044.2234     -342.5747       68929.788      41.001742      41.001742      41.001742      1.2350977     -218.84899      853.91578     -949.69048    
     87000   87000          460.01481     -710.59722      3957.8566      4664.1936      6772.4396     -2108.2459      2691.2783      3858.565      -2666.03        25.411888     -785.31941     -2188.6028     -3043.5489     -346.45726      68157.329      40.848005      40.848005      40.848005      1.2490956     -445.93442     -1245.2656     -440.5916     
     88000   88000          460.71072     -823.75185      3865.7394      4690.0115      6782.685      -2092.6735      2782.4516      3728.8367     -2665.6684      23.751803     -725.02714     -2192.2716     -3044.7465     -344.16279      68611.722      40.93858       40.93858       40.93858       1.2408232     -1682.5605      895.39997     -1684.095     
     89000   89000          463.7496       1354.6797      6008.3424      4667.5059      6827.424      -2159.9181      2610.3194      3901.9892     -2715.3108      26.288997     -733.56547     -2204.872      -3044.7675     -347.93563      67867.73       40.790069      40.790069      40.790069      1.2544256      841.39215      1774.7896      1447.8573    
     90000   90000          456.95475     -492.99447      4126.5641      4615.8154      6727.3887     -2111.5734      2715.1914      3898.9692     -2698.7101      25.753003     -805.08812     -2196.6035     -3051.0853     -347.01492      68047.8        40.826113      40.826113      40.826113      1.2511061      58.404077     -1987.2048      449.81729    
     91000   91000          455.72407     -447.83523      4256.9597      4705.2659      6709.2703     -2004.0045      2817.3802      3780.5351     -2680.6554      24.567514     -715.5264      -2186.441      -3043.8644     -344.0184       68640.52       40.944307      40.944307      40.944307      1.2403027     -83.122235     -449.87297     -810.51047    
     92000   92000          457.90915      818.10674      5380.212       4575.6235      6741.4396     -2165.816       2657.4798      3822.2492     -2674.5952      26.610039     -758.41951     -2198.717      -3040.4234     -350.16628      67435.396      40.70327       40.70327       40.70327       1.2624678      864.37328      144.46979      1445.4771    
     93000   93000          465.78705      427.07548      5276.2375      4845.4376      6857.4199     -2011.9823      2723.2665      3799.9481     -2626.0405      24.645438     -703.32648     -2186.1455     -3044.3298     -341.40284      69166.389      41.048602      41.048602      41.048602      1.2308727      1434.13       -486.55256      333.649      
     94000   94000          462.41641      793.44406      5300.0111      4515.3948      6807.7965     -2292.4017      2586.7256      3796.826      -2706.2805      25.663904     -766.24283     -2183.4787     -3045.6152     -348.2548       67805.531      40.777604      40.777604      40.777604      1.2555763      2091.5052      878.01129     -589.18434    
     95000   95000          460.15357     -422.57497      4262.235       4680.3625      6774.4825     -2094.12        2758.7955      3888.9841     -2718.757       25.773565     -807.53901     -2195.8597     -3045.5175     -348.04326      67846.744      40.785864      40.785864      40.785864      1.2548136     -8.7575516     -600.36694     -658.60044    
     96000   96000          467.12527     -574.01767      4099.7261      4675.9029      6877.1213     -2201.2185      2624.9062      3826.46       -2700.9664      28.244921     -724.8992      -2205.3977     -3049.5663     -343.08967      68826.326      40.981218      40.981218      40.981218      1.2369543     -1176.9809     -600.02473      54.952645    
     97000   97000          461.7512      -351.18306      4268.6052      4619.5888      6798.0032     -2178.4143      2711.2356      3741.4043     -2678.9746      24.692408     -742.2547      -2190.2668     -3044.2505     -344.57583      68529.477      40.922216      40.922216      40.922216      1.2423124     -1249.9214     -839.45853      1035.8307    
     98000   98000          460.92736      751.75192      5374.6781      4627.2828      6785.8744     -2158.5917      2583.6269      3945.1086     -2707.309       27.640302     -754.33208     -2203.2375     -3050.0889     -346.38753      68171.049      40.850746      40.850746      40.850746      1.2488442      450.89192      474.83832      1329.5255    
     99000   99000          462.15743     -178.11678      4567.1287      4746.1397      6803.9837     -2057.844       2686.1655      3769.3745     -2632.6859      24.793059     -674.62663     -2187.097      -3043.7674     -342.65979      68912.672      40.998349      40.998349      40.998349      1.2354044      342.77866     -1658.6221      781.49311    
    100000   100000         459.255        675.25755      5400.1607      4730.1633      6761.2536     -2031.0903      2751.1663      3800.9679     -2690.3032      25.804576     -691.31972     -2187.6034     -3039.8028     -347.08389      68034.277      40.823408      40.823408      40.823408      1.2513548     -156.10284      293.08919      1888.7863    
    101000   101000         446.72282      50.147219      4555.4337      4505.7867      6576.752      -2070.9653      2731.7725      3835.369      -2704.5473      24.537304     -711.82732     -2195.469      -3050.8005     -347.84968      67884.5        40.793429      40.793429      40.793429      1.2541157      418.19334      263.07283     -530.82451    
    102000   102000         467.95274      588.89342      5424.9414      4836.9378      6889.3035     -2052.3657      2688.6995      3886.9746     -2661.9981      26.249389     -773.93459     -2177.0255     -3041.331      -344.90134      68464.802      40.909338      40.909338      40.909338      1.243486      -5.4252249      184.95638      1587.1491    
    103000   103000         466.25557      681.17824      5386.2644      4708.1252      6864.3175     -2156.1922      2629.2287      3811.2545     -2695.4331      24.160492     -707.67094     -2179.746      -3037.9859     -345.92351      68262.493      40.869004      40.869004      40.869004      1.2471713      1371.0008      1132.6192     -460.08529    
    104000   104000         451.61278     -1162.3858      3179.9703      4323.5465      6648.7431     -2325.1966      2643.5132      3706.8821     -2704.6483      26.08191      -768.34324     -2187.9509     -3040.7313     -350.04455      67458.846      40.707988      40.707988      40.707988      1.262029      -827.65926     -457.61032     -2201.8877    
    105000   105000         457.31395      927.09885      5659.0302      4731.6854      6732.677      -2000.9916      2699.6208      3877.6423     -2687.7703      26.493787     -680.08265     -2193.2379     -3043.6576     -344.28882      68586.606      40.933584      40.933584      40.933584      1.2412776      1024.8715      192.53122      1563.8938    
    106000   106000         467.03281      737.77715      5511.7768      4785.9813      6875.7601     -2089.7788      2728.7354      3827.1078     -2658.6747      26.746845     -792.71174     -2191.2229     -3029.7596     -350.06528      67454.853      40.707185      40.707185      40.707185      1.2621037      637.87177      497.85232      1077.6074    
    107000   107000         465.17835     -186.2505       4469.4596      4654.5664      6848.4584     -2193.892       2653.7517      3755.6229     -2655.9971      22.838421     -753.24648     -2185.343      -3031.5184     -346.50795      68147.358      40.846013      40.846013      40.846013      1.2492784     -1834.0866     -839.92593      2115.2611    
    108000   108000         462.73775      496.3502       5124.5606      4631.7592      6812.5274     -2180.7682      2648.6196      3803.375      -2674.6662      26.564689     -768.66026     -2184.2911     -3031.7099     -346.86014      68078.165      40.832184      40.832184      40.832184      1.2505481     -368.90945      1082.0309      775.92916    
    109000   109000         457.41737      822.21297      5318.8714      4489.2527      6734.1996     -2244.9469      2649.1185      3678.7731     -2667.3084      24.257622     -678.48801     -2207.5921     -3043.7075     -341.30596      69186.021      41.052485      41.052485      41.052485      1.2305234      2622.7077     -1092.5576      936.4888     
    110000   110000         466.13789      389.6139       5188.5945      4798.0978      6862.5849     -2064.4872      2747.9263      3751.0325     -2652.9717      24.867687     -702.44839     -2189.1179     -3043.7757     -343.60154      68723.794      40.960858      40.960858      40.960858      1.2387998      1040.6044      1099.9619     -971.72462    
    111000   111000         466.0924       78.021136      4648.68        4571.7689      6861.9153     -2290.1464      2615.3089      3766.1498     -2675.6791      24.807444     -787.27261     -2187.8528     -3045.608      -349.35068      67592.832      40.734921      40.734921      40.734921      1.2595273     -276.83516     -280.24317      791.14175    
    112000   112000         460.11001     -124.23477      4617.4464      4742.0785      6773.8412     -2031.7627      2647.8409      3859.2214     -2653.2654      24.898923     -682.38871     -2187.5813     -3040.4884     -343.28227      68787.711      40.973553      40.973553      40.973553      1.2376487      224.37336      1006.2673     -1603.345     
    113000   113000         445.49796      1699.1264      5962.975       4288.3663      6558.7194     -2270.3531      2593.4049      3742.2126     -2666.8797      24.380787     -725.52374     -2193.1337     -3044.8143     -349.42217      67579.002      40.732143      40.732143      40.732143      1.2597851      2586.9294      1217.7948      1292.6549    
    114000   114000         457.53717     -404.122        4125.0151      4529.0612      6735.9632     -2206.9021      2613.0662      3832.3735     -2706.3064      25.705274     -723.11214     -2206.6212     -3042.0073     -344.44486      68555.535      40.927402      40.927402      40.927402      1.2418402      855.46816     -1930.6031     -137.23104    
    115000   115000         466.97021     -1351.1273      3324.1742      4665.6341      6874.8385     -2209.2044      2721.627       3714.4772     -2661.7415      25.408189     -775.04074     -2187.9715     -3045.963      -346.86196      68077.807      40.832113      40.832113      40.832113      1.2505547     -1679.8624     -2095.4304     -278.08893    
    116000   116000         464.49333      1411.5668      5868.1058      4473.9558      6838.3734     -2364.4175      2480.3261      3775.6374     -2652.9453      24.592564     -764.83164     -2187.5225     -3039.6741     -348.68243      67722.373      40.760927      40.760927      40.760927      1.2571181      1732.227       1719.8927      782.5808     
    117000   117000         459.04702      229.47775      4908.3958      4678.5723      6758.1916     -2079.6193      2768.7025      3720.3026     -2681.1094      23.941511     -678.76487     -2191.0728     -3041.6188     -343.86199      68671.741      40.950513      40.950513      40.950513      1.2397388      1236.6769     -114.98408     -433.25952    
    118000   118000         456.36418     -324.49834      4141.7936      4463.0422      6718.6943     -2255.6521      2642.9077      3757.3096     -2677.1069      26.731792     -770.66677     -2193.145      -3041.6825     -347.86394      67881.718      40.792871      40.792871      40.792871      1.2541671      184.56089     -971.24263     -186.81327    
    119000   119000         455.25799     -702.46266      3900.4173      4600.3364      6702.4086     -2102.0723      2753.6767      3794.6425     -2682.7102      24.774021     -750.1433      -2194.059      -3048.253      -345.63166      68320.134      40.880504      40.880504      40.880504      1.246119      -278.99367     -1225.7281     -602.66625    
    120000   120000         453.19766      398.56667      5102.8116      4709.7788      6672.076      -1962.2972      2752.134       3948.9469     -2665.5467      27.094382     -773.41648     -2198.1849     -3053.3244     -349.22899      67616.385      40.739652      40.739652      40.739652      1.2590886     -131.41818     -443.32142      1770.4396    
    121000   121000         460.68367     -1461.6955      3121.0843      4587.4573      6782.2867     -2194.8294      2604.7876      3866.5649     -2671.4425      25.969216     -769.37739     -2197.3108     -3054.0204     -343.28166      68787.834      40.973577      40.973577      40.973577      1.2376465     -2510.5539     -1239.7494     -634.78322    
    122000   122000         465.9969      -220.99016      4461.8171      4683.56        6860.5093     -2176.9493      2696.4018      3708.316      -2675.5331      25.044153     -708.3607      -2185.7429     -3037.0744     -343.21111      68801.972      40.976384      40.976384      40.976384      1.2373921      45.550264     -532.46758     -176.05318    
    123000   123000         458.3225       97.372424      4582.5971      4485.6781      6747.5251     -2261.847       2641.5381      3764.1726     -2716.7401      27.55267      -739.62476     -2194.7061     -3044.0392     -345.99148      68249.084      40.866327      40.866327      40.866327      1.2474163      868.72574     -545.19578     -31.412692    
    124000   124000         468.00123      40.818692      4800.8302      4759.8949      6890.0174     -2130.1224      2646.2168      3860.7584     -2708.8486      24.798111     -701.68455     -2199.0223     -3052.3404     -343.39969      68764.19       40.968882      40.968882      40.968882      1.238072       1570.0032     -1199.02       -248.52712    
    125000   125000         456.47025     -445.42542      4107.1914      4548.3306      6720.2559     -2171.9253      2664.9788      3815.6483     -2679.4041      23.399848     -760.63296     -2192.0414     -3043.8738     -347.72626      67908.594      40.798254      40.798254      40.798254      1.2536708     -115.46828     -744.60259     -476.20539    
    126000   126000         453.28773     -551.95481      4030.1033      4587.1861      6673.4021     -2086.216       2763.9039      3790.9749     -2708.618       22.579177     -736.71413     -2182.7952     -3035.5466     -341.21012      69205.456      41.056329      41.056329      41.056329      1.2301779     -117.78538     -1279.0826     -258.99646    
    127000   127000         455.1381       548.88036      4910.8079      4368.6075      6700.6436     -2332.0361      2671.271       3717.3724     -2699.7998      24.331965     -792.10661     -2207.7188     -3045.3863     -348.62296      67733.926      40.763245      40.763245      40.763245      1.2569037     -495.00699      355.50855      1786.1395    
    128000   128000         459.34051      622.24981      5176.6491      4566.4896      6762.5124     -2196.0228      2658.4683      3814.0682     -2672.4789      25.504406     -782.43587     -2195.7484     -3043.4007     -351.20402      67236.136      40.66314       40.66314       40.66314       1.2662093      1384.6355      233.1107       249.00322    
    129000   129000         462.87024      1362.3209      5965.1934      4613.583       6814.478      -2200.8949      2666.3428      3785.9339     -2697.8715      24.348704     -711.5727      -2213.1856     -3054.8905     -347.10913      68029.331      40.822419      40.822419      40.822419      1.2514458      1467.6089     -738.41874      3357.7725    
    130000   130000         449.10721      355.45979      4524.1261      4172.3653      6611.8556     -2439.4902      2541.601       3668.5076     -2653.7196      23.388512     -782.1098      -2192.1563     -3045.0017     -348.0016       67854.865      40.787492      40.787492      40.787492      1.2546635      291.54798      1911.6798     -1136.8485    
    131000   131000         462.42192     -885.60274      3690.1212      4579.0006      6807.8776     -2228.877       2673.6701      3720.138      -2649.7766      24.686609     -759.09151     -2186.7778     -3051.7258     -343.11068      68822.113      40.980382      40.980382      40.980382      1.23703       -667.16274     -1186.5156     -803.12988    
    132000   132000         461.26254     -1896.1446      2717.0673      4615.1984      6790.809      -2175.6106      2703.7338      3810.4108     -2672.6637      25.584876     -812.9036      -2182.8126     -3046.9601     -344.01975      68640.25       40.944253      40.944253      40.944253      1.2403075     -2971.6573     -2381.8214     -334.9552     
    133000   133000         452.28802     -613.58324      3694.1999      4300.8417      6658.6841     -2357.8424      2684.9377      3694.9753     -2696.6639      24.251675     -834.60032     -2181.8935     -3048.8495     -348.32066      67792.71       40.775034      40.775034      40.775034      1.2558138      282.19931     -1442.6816     -680.2674     
    134000   134000         458.33865     -941.60397      3510.3477      4451.6513      6747.7629     -2296.1115      2601.1659      3822.3401     -2727.784       25.994541     -776.72192     -2192.7546     -3048.3515     -344.49004      68546.545      40.925613      40.925613      40.925613      1.2420031     -1700.5203     -1937.3706      813.07899    
    135000   135000         452.36073      170.92324      4674.5166      4506.0906      6659.7546     -2153.6639      2632.8081      3882.9419     -2703.3407      25.554135     -749.02476     -2195.2152     -3047.3873     -349.48644      67566.574      40.729646      40.729646      40.729646      1.2600168     -742.47436     -975.70809      2230.9522    
    136000   136000         458.23635      1076.7568      5485.4151      4413.0854      6746.2567     -2333.1713      2591.9269      3664.5155     -2662.2089      24.066456     -694.75531     -2206.8666     -3049.8494     -345.80191      68286.499      40.873794      40.873794      40.873794      1.2467328      895.81471      656.83668      1677.6189    
    137000   137000         460.49639      566.02105      4888.768       4320.9968      6779.5295     -2458.5327      2518.7165      3678.3312     -2691.0666      24.726808     -745.24749     -2194.2001     -3049.793      -343.31865      68780.422      40.972105      40.972105      40.972105      1.2377798      363.51713      454.28152      880.26451    
    138000   138000         453.97127     -188.50678      4446.96        4635.0253      6683.4652     -2048.44        2770.9248      3804.2048     -2701.015       25.319785     -697.84151     -2203.3483     -3046.6844     -345.18863      68407.819      40.897985      40.897985      40.897985      1.2445218     -182.9307      -889.05771      506.46806    
    139000   139000         458.398        1133.7762      5510.5427      4389.6531      6748.6366     -2358.9835      2603.7636      3670.5614     -2699.7203      24.01251      -716.01447     -2194.7537     -3046.8325     -348.33941      67789.06       40.774302      40.774302      40.774302      1.2558814      1791.8055      331.07663      1278.4465    
    140000   140000         464.19982      358.92313      4983.0317      4625.5029      6834.0523     -2208.5494      2705.083       3726.8132     -2721.2515      24.27813      -713.95602     -2190.0151     -3039.5011     -345.72324      68302.038      40.876894      40.876894      40.876894      1.2464492      864.83279     -608.9316       820.86819    
    141000   141000         466.26203     -248.81462      4468.623       4716.9508      6864.4126     -2147.4618      2783.643       3643.5165     -2654.6557      23.97299      -706.71459     -2194.8624     -3042.3616     -345.05525      68434.264      40.903255      40.903255      40.903255      1.2440409     -1123.4772      18.313447      358.71993    
    142000   142000         461.20349      936.14673      5343.5668      4420.8522      6789.9397     -2369.0874      2538.6275      3730.7405     -2716.5878      22.521282     -701.8384      -2199.3876     -3043.163      -349.39337      67584.573      40.733262      40.733262      40.733262      1.2596812      586.83207      1108.4088      1113.1994    
    143000   143000         463.81054     -1531.697       3048.5058      4575.9702      6828.3213     -2252.3511      2719.9213      3728.9701     -2710.8002      24.875044     -786.9387      -2185.2933     -3043.0853     -345.33444      68378.936      40.892229      40.892229      40.892229      1.2450474     -1268.5772     -2049.692      -1276.8219    
    144000   144000         454.54695     -657.14999      3868.7193      4527.815       6691.9406     -2164.1256      2728.5596      3793.493      -2706.351       25.904303     -782.02786     -2182.1715     -3041.5322     -343.36353      68771.431      40.97032       40.97032       40.97032       1.2379417     -1412.0909      853.00195     -1412.361     
    145000   145000         451.62375     -512.65648      3869.8803      4377.9577      6648.9046     -2270.9469      2681.3405      3771.8997     -2706.2888      24.874824     -789.81048     -2205.1236     -3047.8389     -347.48392      67955.955      40.807736      40.807736      40.807736      1.2527971     -105.1026      -278.25387     -1154.613     
    146000   146000         447.99813      441.97198      4765.4304      4329.2081      6595.5275     -2266.3194      2586.8864      3833.3607     -2698.9501      24.657582     -780.71868     -2187.8985     -3043.6568     -348.91928      67676.403      40.751702      40.751702      40.751702      1.257972       668.81619      1157.7283     -500.62856    
    147000   147000         453.76819      1056.7647      5560.4514      4523.2116      6680.4756     -2157.2639      2686.9963      3831.1763     -2704.6971      25.66131      -742.08972     -2201.7815     -3052.5296     -350.86275      67301.534      40.67632       40.67632       40.67632       1.2649789      1364.5681      339.086        1466.6401    
    148000   148000         453.39377      352.44964      4498.0448      4154.3598      6674.9633     -2520.6035      2523.007       3715.2033     -2719.4209      23.779484     -822.98922     -2192.1397     -3048.0435     -353.16253      66863.27       40.587834      40.587834      40.587834      1.2732704     -563.31585      912.90901      707.75576    
    149000   149000         458.68496      126.02997      4499.3053      4373.8835      6752.8613     -2378.9777      2568.3891      3737.799      -2708.6691      25.980629     -755.80067     -2201.2616     -3045.415      -346.05015      68237.513      40.864018      40.864018      40.864018      1.2476278      400.82437      301.92445     -324.6589     
    150000   150000         459.6185       967.79587      5415.4867      4458.4727      6766.605      -2308.1323      2621.5268      3728.3634     -2698.563       25.259131     -718.42018     -2212.3878     -3053.9107     -348.26002      67804.514      40.7774        40.7774        40.7774        1.2555952      275.18284      2918.1204     -289.91564    
    151000   151000         451.42689      546.24127      4745.6829      4206.7245      6646.0064     -2439.2819      2577.5741      3721.0388     -2686.0134      25.574554     -838.73456     -2190.9609     -3047.7605     -349.03373      67654.211      40.747248      40.747248      40.747248      1.2583846      230.50569     -149.9254       1558.1435    
    152000   152000         452.92397      343.30201      4824.8894      4482.0952      6668.0468     -2185.9515      2631.1537      3832.3708     -2678.6701      25.601674     -774.52867     -2184.0546     -3037.8244     -344.89034      68466.985      40.909773      40.909773      40.909773      1.2434463      379.1696       1201.7016     -550.96513    
    153000   153000         459.9216       1134.8794      5673.3668      4544.8005      6771.0674     -2226.2669      2581.5552      3783.907      -2673.4086      24.330241     -719.42458     -2180.8347     -3042.3915     -346.30661      68186.98       40.853928      40.853928      40.853928      1.2485524      1900.6841      403.98989      1099.9643    
    154000   154000         454.13865      338.95723      4749.6711      4415.3389      6685.9294     -2270.5905      2553.5425      3831.0261     -2687.391       25.209892     -769.731       -2181.6643     -3041.5827     -349.14425      67632.795      40.742948      40.742948      40.742948      1.2587831     -84.320292      514.62005      586.57194    
    155000   155000         452.11452      808.76764      5074.9244      4276.1948      6656.1298     -2379.935       2552.4983      3654.6554     -2644.9237      23.007029     -730.7738      -2194.3756     -3040.0227     -348.70815      67717.378      40.759925      40.759925      40.759925      1.2572108      1092.2377      97.961252      1236.104     
    156000   156000         448.39921      476.93953      4796.9234      4330.4805      6601.4322     -2270.9517      2710.0798      3692.6922     -2685.1175      23.92976      -765.15282     -2196.584      -3050.7991     -352.12994      67059.34       40.627468      40.627468      40.627468      1.2695475      1414.7652      264.86987     -248.81652    
    157000   157000         459.56688     -657.97559      3807.9763      4465.8032      6765.8451     -2300.0419      2544.2273      3849.1842     -2676.8815      25.595675     -808.01794     -2186.9618     -3047.1877     -344.45799      68552.922      40.926882      40.926882      40.926882      1.2418875     -294.50229     -259.99208     -1419.4324    
    158000   158000         452.17388     -553.01801      3827.2701      4375.7268      6657.0037     -2281.2769      2696.4008      3754.1561     -2710.8061      27.297585     -792.09493     -2200.2865     -3055.9438     -347.24425      68002.859      40.817123      40.817123      40.817123      1.251933      -824.83347     -237.5992      -596.62138    
    159000   159000         450.27081      296.25533      4621.1094      4329.9947      6628.9863     -2298.9916      2630.9276      3764.655      -2710.6743      24.595839     -778.78791     -2187.5864     -3042.1215     -350.46131      67378.626      40.691845      40.691845      40.691845      1.2635315      1222.8457     -271.18688     -62.892861    
    160000   160000         453.33259      1152.3644      5680.2564      4532.3955      6674.0625     -2141.667       2754.2131      3755.543      -2710.8196      24.985494     -736.97627     -2188.8427     -3039.77       -345.73131      68300.443      40.876576      40.876576      40.876576      1.2464783      576.64082      2253.822       626.63049    
    161000   161000         454.91907      872.4655       5152.0541      4277.276       6697.4191     -2420.1431      2617.0578      3614.3193     -2688.0798      24.126697     -758.40375     -2186.4912     -3042.672      -343.46972      68750.169      40.966097      40.966097      40.966097      1.2383245      1927.9519      1123.4374     -433.99276    
    162000   162000         451.70488      191.11888      4674.1664      4484.1832      6650.099      -2165.9158      2696.0592      3787.6763     -2674.0243      25.709285     -767.51376     -2186.4436     -3047.3788     -346.43871      68160.979      40.848735      40.848735      40.848735      1.2490287     -367.91902      366.99453      574.28114    
    163000   163000         460.48146      976.47159      5647.912       4667.089       6779.3097     -2112.2207      2687.7485      3788.5918     -2673.6804      25.024269     -710.15303     -2183.1689     -3046.5828     -342.85233      68873.971      40.990672      40.990672      40.990672      1.2360986     -46.964625     -199.77431      3176.1537    
    164000   164000         451.85559      217.91187      4733.3787      4515.1979      6652.3178     -2137.1199      2676.5591      3845.8353     -2693.0095      25.413923     -753.85079     -2188.0393     -3050.0286     -343.95574      68653.025      40.946793      40.946793      40.946793      1.2400767      1143.1577     -910.75324      421.33115    
    165000   165000         447.00941     -196.84344      4024.6203      4221.5981      6580.9712     -2359.3731      2585.0632      3743.3799     -2698.1369      24.417034     -786.53966     -2181.98       -3045.5767     -344.14522      68615.224      40.939276      40.939276      40.939276      1.2407599     -1773.9763      552.95559      630.49043    
    166000   166000         452.50107     -28.249735      4535.6693      4563.8299      6661.8206     -2097.9907      2624.239       3907.4781     -2715.1045      24.66039      -691.41968     -2199.7598     -3048.0842     -345.47061      68351.984      40.886855      40.886855      40.886855      1.2455384      581.8072      -314.55313     -352.00327    
    167000   167000         446.66225      170.31663      4570.2447      4401.0188      6575.8603     -2174.8416      2697.5467      3790.1296     -2707.1089      25.066025     -752.66877     -2187.4977     -3040.3085     -346.59984      68129.291      40.842403      40.842403      40.842403      1.2496096      1217.3079      154.29095     -860.64897    
    168000   168000         462.32678      600.39047      5154.3027      4561.5082      6806.477      -2244.9688      2622.8827      3775.7937     -2718.5672      24.643816     -724.4399      -2185.0297     -3040.2523     -348.79295      67700.914      40.756622      40.756622      40.756622      1.2575166     -194.91053      177.1537       1818.9282    
    169000   169000         448.70395     -549.68498      3891.8752      4436.4668      6605.9187     -2169.4518      2631.3971      3840.465      -2677.6852      27.329579     -768.4515      -2186.829      -3035.6779     -347.601        67933.065      40.803154      40.803154      40.803154      1.2532192     -189.66624     -457.39375     -1001.995     
    170000   170000         462.57867     -903.44711      3652.9058      4545.6208      6810.1853     -2264.5645      2623.6503      3762.5122     -2674.798       25.226816     -776.29265     -2182.9062     -3041.957      -348.52025      67753.887      40.767249      40.767249      40.767249      1.2565334     -1205.1257     -1244.3033     -260.91234    
    171000   171000         448.72361      429.66716      4790.4986      4360.696       6606.2081     -2245.512       2597.2781      3861.9382     -2712.2886      24.952386     -784.02791     -2190.7306     -3042.6336     -344.27165      68590.026      40.934264      40.934264      40.934264      1.2412157      783.70937      1637.1174     -1131.8253    
    172000   172000         449.92977     -132.43573      4303.1083      4434.8965      6623.9654     -2189.0689      2681.8319      3790.4574     -2715.5832      24.344183     -736.3784      -2192.1839     -3041.557      -346.07218      68233.17       40.863151      40.863151      40.863151      1.2477072     -948.41347      1023.3782     -472.27191    
    173000   173000         448.96039      900.20596      5358.7259      4466.1709      6609.694      -2143.5231      2722.1215      3836.4941     -2702.358       26.347168     -786.86345     -2192.7194     -3046.545      -347.33218      67985.642      40.813678      40.813678      40.813678      1.25225        531.03757      992.75474      1176.8256    
    174000   174000         454.0492       292.14897      4591.7868      4305.6176      6684.6126     -2378.995       2646.746       3766.0719     -2704.991       24.916989     -879.13608     -2188.0722     -3044.5307     -351.57635      67164.931      40.648781      40.648781      40.648781      1.2675517      25.682896      912.58947     -61.825458    
    175000   175000         456.59174      505.9716       4782.0789      4278.0765      6722.0445     -2443.968       2546.1846      3645.0245     -2677.793       24.409956     -744.19742     -2191.6958     -3045.9008     -345.72569      68301.553      40.876797      40.876797      40.876797      1.246458       750.16283      586.12319      181.62878    
    176000   176000         460.28145     -768.30427      3661.9701      4421.2967      6776.3651     -2355.0684      2626.3451      3699.4536     -2649.0289      24.208586     -803.8706      -2200.2331     -3051.9431     -348.45185      67767.187      40.769916      40.769916      40.769916      1.2562867     -1968.6157     -10.797766     -325.49939    
    177000   177000         456.45701     -36.869636      4516.6124      4553.4858      6720.0609     -2166.5751      2799.0134      3674.3191     -2686.1436      24.831936     -744.4941      -2191.2958     -3042.8061     -344.34518      68575.38       40.93135       40.93135       40.93135       1.2414808      791.63085     -1286.9652      384.72543    
    178000   178000         450.97408     -1184.2251      3189.9687      4361.363       6639.34       -2277.977       2670.2009      3773.9295     -2654.6572      24.304493     -862.46457     -2186.9019     -3042.3883     -348.15232      67825.491      40.781605      40.781605      40.781605      1.2552068     -913.05184     -962.47589     -1677.1475    
    179000   179000         446.97223      391.75576      4595.1874      4205.9179      6580.4238     -2374.506       2552.9496      3781.4654     -2676.8124      25.825035     -821.44039     -2192.5176     -3043.9756     -346.5797       68133.252      40.843195      40.843195      40.843195      1.249537       772.47603      1408.3595     -1005.5683    
    180000   180000         454.4584       1327.846       5561.6725      4257.6452      6690.6369     -2432.9918      2570.0734      3730.6843     -2678.3067      26.847637     -835.54131     -2200.0194     -3046.7298     -350.67042      67338.447      40.683755      40.683755      40.683755      1.2642855      1374.8852      2596.4003      12.252495    
    181000   181000         461.2229      -70.711189      4459.9394      4530.3492      6790.2254     -2259.8763      2679.1052      3724.2933     -2679.9241      24.231105     -777.68551     -2188.0285     -3041.8678     -345.85429      68276.157      40.87173       40.87173       40.87173       1.2469217     -1693.8242      40.904252      1440.7863    
    182000   182000         452.72147     -764.42969      3556.1062      4306.2382      6665.0654     -2358.8272      2626.4705      3665.3459     -2665.5954      23.822195     -768.8476      -2199.53       -3040.4928     -350.94409      67285.935      40.673177      40.673177      40.673177      1.2652721     -1290.2146     -191.86422     -811.21028    
    183000   183000         451.80008      985.43919      5183.1184      4213.5411      6651.5005     -2437.9594      2533.0028      3747.1315     -2690.2306      24.655746     -822.33279     -2185.9829     -3044.2032     -350.01407      67464.722      40.70917       40.70917       40.70917       1.2619191      1526.2312      1431.335      -1.2486133    
    184000   184000         453.11033     -464.37068      3923.661       4383.3353      6670.7903     -2287.455       2668.5133      3731.3439     -2695.1385      24.880815     -773.13443     -2196.569      -3047.3511     -347.89858      67874.958      40.791517      40.791517      40.791517      1.254292       739.26163      1004.8593     -3137.233     
    185000   185000         444.07341     -662.26936      3536.0358      4195.7442      6537.7468     -2342.0026      2660.5997      3725.3266     -2683.949       24.848251     -830.01084     -2196.0428     -3042.7745     -345.71701      68303.267      40.877139      40.877139      40.877139      1.2464267     -1930.518       126.14191     -182.432      
    186000   186000         455.23276     -362.63315      4003.8678      4359.5796      6702.0373     -2342.4577      2555.6123      3859.1173     -2688.4036      25.313679     -857.58798     -2197.8486     -3038.6608     -351.08101      67259.695      40.667889      40.667889      40.667889      1.2657658      1827.9251     -1621.5143     -1294.3103    
    187000   187000         456.79641     -963.13225      3473.9812      4420.837       6725.0576     -2304.2206      2615.602       3790.513      -2701.6955      24.675727     -780.31805     -2203.5876     -3049.4102     -350.30004      67409.646      40.698089      40.698089      40.698089      1.2629501     -895.09647      295.15344     -2289.4537    
    188000   188000         455.94545     -85.525778      4355.8481      4440.0999      6712.5295     -2272.4297      2664.4173      3767.3167     -2682.0097      24.974226     -798.97124     -2202.1446     -3046.0124     -349.58777      67546.99       40.72571       40.72571       40.72571       1.2603821     -174.74636      1048.7438     -1130.5747    
    189000   189000         448.90108      1158.9414      5393.8128      4252.2938      6608.8208     -2356.527       2611.2939      3750.5471     -2702.801       26.750135     -811.44871     -2189.0898     -3041.7786     -349.63626      67537.622      40.723827      40.723827      40.723827      1.260557       2184.2741      1268.3864      24.163629    
    190000   190000         449.69657      1501.9118      5696.6131      4231.611       6620.5322     -2388.9212      2691.5301      3655.0746     -2674.258       25.143271     -846.97459     -2189.8843     -3049.5524     -353.05657      66883.337      40.591894      40.591894      40.591894      1.2728883      2215.4554      955.0264       1335.2534    
    191000   191000         460.49726     -438.52316      3959.9054      4394.0195      6779.5424     -2385.5228      2679.6912      3623.6878     -2680.3385      23.687603     -805.89209     -2182.0681     -3044.2907     -347.87783      67879.007      40.792328      40.792328      40.792328      1.2542172      245.03958     -1647.7173      87.108213    
    192000   192000         456.03029      415.14428      4699.0354      4291.5605      6713.7786     -2422.2181      2605.4213      3689.935      -2697.6299      25.072434     -792.75517     -2204.1371     -3048.1246     -350.86201      67301.677      40.676349      40.676349      40.676349      1.2649762      391.73195      1644.2711     -790.5702     
    193000   193000         447.11341     -624.09164      3489.8448      4103.004       6582.5023     -2479.4983      2667.1718      3573.2503     -2712.9814      23.483866     -782.32059     -2195.6793     -3052.423      -350.52035      67367.277      40.68956       40.68956       40.68956       1.2637444     -1906.8071      713.39451     -678.86234    
    194000   194000         452.71231     -233.56498      4184.7548      4415.0941      6664.9306     -2249.8365      2648.3746      3771.0132     -2677.8497      25.335785     -761.75367     -2201.0812     -3053.8754     -349.20286      67621.443      40.740668      40.740668      40.740668      1.2589944     -429.8343      -16.183701     -254.67694    
    195000   195000         447.31209      303.46283      4490.6259      4193.0191      6585.4274     -2392.4083      2608.9204      3711.8618     -2692.3346      23.626585     -798.68836     -2197.802      -3047.9922     -351.15661      67245.216      40.664971      40.664971      40.664971      1.2660383      537.44643      1225.7838     -852.84178    
    196000   196000         455.59175     -596.48991      3681.6835      4276.6203      6707.3223     -2430.7021      2529.3025      3707.0825     -2686.7357      25.488076     -755.81879     -2195.7048     -3054.3158     -345.2792       68389.875      40.894409      40.894409      40.894409      1.2448483     -11.561434      99.521777     -1877.4301    
    197000   197000         452.46114      97.187517      4350.1524      4254.1678      6661.2329     -2407.0651      2595.3396      3755.9598     -2685.7907      24.935039     -845.84327     -2199.5559     -3052.1095     -348.69622      67719.695      40.76039       40.76039       40.76039       1.2571678      2215.8045     -948.25586     -975.98613    
    198000   198000         444.84085     -1243.7273      2952.4447      4191.102       6549.0452     -2357.9432      2596.797       3753.8251     -2669.4363      25.04296      -799.28966     -2210.0116     -3054.8706     -345.78976      68288.899      40.874273      40.874273      40.874273      1.246689      -917.05771     -924.44184     -1889.6824    
    199000   199000         458.52251     -9.8994918      4277.1662      4287.0686      6750.4696     -2463.401       2582.1361      3627.9094     -2702.9013      23.197065     -735.70128     -2205.0483     -3052.9927     -344.28049      68588.266      40.933914      40.933914      40.933914      1.2412476     -620.54701     -972.85472      1563.7032    
    200000   200000         449.57911      293.77845      4576.2217      4287.3682      6618.8029     -2331.4347      2676.2406      3686.9618     -2683.5431      24.103745     -782.64727     -2201.2565     -3051.294      -350.25185      67418.92       40.699955      40.699955      40.699955      1.2627764      777.76338     -320.40155      423.97352    
    201000   201000         447.07453      284.49559      4427.1041      4144.9911      6581.93       -2436.9389      2497.0702      3769.0928     -2663.695       24.147848     -821.09249     -2191.7976     -3050.6646     -347.28863      67994.169      40.815384      40.815384      40.815384      1.2520929      1409.5854     -157.55021     -398.54841    
    202000   202000         452.54131      342.43648      4678.1557      4337.8625      6662.4132     -2324.5507      2568.0122      3774.5505     -2708.4102      24.05471      -723.05681     -2206.1069     -3053.5941     -346.54915      68139.258      40.844395      40.844395      40.844395      1.2494269     -225.21734      423.21479      829.312      
    203000   203000         448.43531     -842.6624       3407.833       4235.9506      6601.9636     -2366.013       2590.1584      3739.8152     -2705.6479      24.009212     -766.42833     -2200.62       -3047.2996     -350.42874      67384.888      40.693106      40.693106      40.693106      1.2634141     -1866.8149     -1036.3954      375.22306    
    204000   204000         451.37433      331.53372      4605.9548      4280.163       6645.2325     -2365.0696      2562.2076      3752.3799     -2697.9575      24.166827     -754.7171      -2200.8096     -3050.3397     -350.44967      67380.864      40.692296      40.692296      40.692296      1.2634896     -501.54717      1128.8375      367.31085    
    205000   205000         444.57399     -591.95537      3524.551       4107.6554      6545.1164     -2437.461       2557.9115      3666.4058     -2676.8321      23.071906     -761.44669     -2197.1886     -3049.3828     -349.60751      67543.176      40.724944      40.724944      40.724944      1.2604533     -2044.6191     -240.03837      508.79135    
    206000   206000         444.16811      1210.0423      5243.3142      4047.811       6539.141      -2491.33        2583.3396      3615.7282     -2682.6449      22.920569     -771.91319     -2200.8443     -3057.9161     -348.56834      67744.539      40.765374      40.765374      40.765374      1.2567068      1641.9654      771.95986      1216.2016    
    207000   207000         443.35034      744.05718      4930.1944      4189.8693      6527.1015     -2337.2323      2598.1768      3753.9536     -2688.6652      24.940744     -783.54584     -2193.7159     -3048.3765     -346.11621      68224.489      40.861418      40.861418      40.861418      1.247866       117.67914      764.47445      1350.0179    
    208000   208000         458.92043      536.71813      4916.7151      4389.2751      6756.3279     -2367.0529      2646.4176      3758.9184     -2717.5079      25.905        -825.58174     -2200.0208     -3055.1834     -350.43807      67383.094      40.692745      40.692745      40.692745      1.2634478      1187.3383      381.54673      41.26933     
    209000   209000         450.95705     -252.77991      4037.233       4290.2732      6639.0892     -2348.816       2603.6817      3765.9149     -2693.5846      24.155443     -800.46328     -2194.3933     -3054.1269     -344.02588      68639.026      40.94401       40.94401       40.94401       1.2403296     -459.96396     -1110.1016      811.72579    
    210000   210000         454.12304      987.6768       5273.6654      4302.8708      6685.6997     -2382.829       2601.8999      3711.581      -2697.2909      23.720051     -771.73766     -2199.0096     -3051.9917     -350.36897      67396.385      40.69542       40.69542       40.69542       1.2631986      1568.8812      289.07667      1105.0725    
    211000   211000         452.36611      510.04979      4837.3152      4335.3866      6659.8337     -2324.4471      2592.3205      3855.4487     -2702.4225      25.83834      -857.11082     -2192.8643     -3045.657      -349.95218      67476.652      40.711569      40.711569      40.711569      1.261696       1408.3706      426.84134     -305.06257    
    212000   212000         443.65333     -305.70732      3799.9907      4102.8213      6531.5622     -2428.741       2568.121       3672.6009     -2664.3411      22.724017     -804.24242     -2182.7519     -3040.8515     -347.65155      67923.189      40.801177      40.801177      40.801177      1.2534014     -408.09407      510.59022     -1019.6181    
    213000   213000         461.56857      217.61501      4724.8484      4509.2554      6795.3145     -2286.0591      2590.7554      3802.4792     -2688.7495      24.387379     -790.47799     -2187.1882     -3037.2653     -347.60994      67931.319      40.802805      40.802805      40.802805      1.2532514     -268.53067     -223.04836      1144.4241    
    214000   214000         451.19932      241.76127      4543.1205      4306.0836      6642.6561     -2336.5724      2690.8628      3725.3123     -2685.1931      25.013146     -846.77979     -2198.671      -3047.1168     -351.24402      67228.481      40.661597      40.661597      40.661597      1.2663535     -769.28082      144.11492      1350.4497    
    215000   215000         459.43783     -25.895395      4416.5519      4442.3823      6763.9452     -2321.5628      2716.5096      3682.9659     -2688.3536      24.213053     -837.54381     -2181.3433     -3038.0106     -345.24701      68396.252      40.89568       40.89568       40.89568       1.2447322     -7.2297624      18.600364     -89.056786    
    216000   216000         446.10658      383.39609      4615.8624      4237.0664      6567.6795     -2330.6131      2570.1268      3798.3466     -2702.4094      24.996122     -801.55006     -2180.2731     -3039.8501     -348.56232      67745.71       40.765609      40.765609      40.765609      1.256685       485.38861      1443.1935     -778.39379    
    217000   217000         441.95129      135.01508      4203.3963      4070.05        6506.5045     -2436.4544      2650.4752      3650.5926     -2709.7056      24.728866     -802.0855      -2197.5998     -3052.8602     -348.68988      67720.927      40.760637      40.760637      40.760637      1.2571449      610.85652      588.26426     -794.07554    
    218000   218000         448.99472      657.12835      4844.7379      4195.6776      6610.1995     -2414.5219      2567.0106      3759.5382     -2718.9789      25.066726     -801.21822     -2201.0599     -3044.8804     -348.66092      67726.551      40.761765      40.761765      40.761765      1.2570405      884.04664     -1092.1997      2179.5381    
    219000   219000         439.65644      558.33429      4680.3791      4131.1865      6472.7192     -2341.5327      2658.823       3727.157      -2734.7142      25.193929     -773.62522     -2199.0272     -3045.34       -350.11256      67445.743      40.705352      40.705352      40.705352      1.2622742      717.76764     -165.23513      1122.4704    
    220000   220000         444.31415      429.86241      4559.1825      4132.9781      6541.291      -2408.3128      2603.8923      3663.4892     -2713.4314      22.951587     -730.70686     -2208.1654     -3046.3422     -347.33589      67984.917      40.813533      40.813533      40.813533      1.2522633      1132.2586     -637.85149      795.18012    
    221000   221000         449.74645      608.74519      4862.6731      4257.2828      6621.2666     -2363.9838      2555.9651      3756.7885     -2711.1419      24.188614     -756.6818      -2192.7493     -3040.3531     -346.28859      68190.527      40.854636      40.854636      40.854636      1.2484875      1296.6214      1070.1738     -540.55954    
    222000   222000         450.71481      69.836408      4240.1228      4170.7378      6635.5229     -2464.7851      2593.235       3656.587      -2702.5401      23.980618     -810.06599     -2184.4379     -3041.5438     -346.62062      68125.207      40.841587      40.841587      40.841587      1.2496846     -619.80128     -1083.2781      1912.5886    
    223000   223000         455.06068      812.55339      5135.304       4333.5587      6699.5038     -2365.9451      2591.8205      3710.8215     -2692.0652      24.675956     -769.37268     -2186.1955     -3045.6297     -349.02264      67656.361      40.747679      40.747679      40.747679      1.2583446      1897.1603     -29.119196      569.61911    
    224000   224000         460.53827     -34.855027      4349.8807      4384.3298      6780.1461     -2395.8163      2640.7813      3666.085      -2703.703       23.051007     -776.65552     -2195.5424     -3049.8326     -348.4384       67769.803      40.770441      40.770441      40.770441      1.2562383      1069.3509     -182.51008     -991.40593    
    225000   225000         455.82819     -707.84694      3621.9578      4320.4854      6710.8033     -2390.318       2633.4265      3740.5995     -2710.6098      24.755651     -867.28124     -2175.2379     -3035.9708     -348.97469      67665.658      40.749545      40.749545      40.749545      1.2581718     -182.73069     -1593.5418     -347.26837    
    226000   226000         455.34676      661.74567      4871.0978      4217.0229      6703.7155     -2486.6926      2606.5152      3601.9704     -2679.3438      23.258285     -793.75948     -2194.8906     -3050.4427     -348.41895      67773.586      40.771199      40.771199      40.771199      1.2561681     -185.08277      1167.5422      1002.7776    
    227000   227000         453.9351      -736.13435      3488.1461      4211.2562      6682.9328     -2471.6766      2542.3217      3718.9137     -2694.4055      24.133147     -816.57357     -2194.7396     -3051.3265     -350.58295      67355.248      40.687138      40.687138      40.687138      1.2639701     -156.29398     -1427.2574     -624.85166    
    228000   228000         440.31286     -499.14229      3565.384       4054.2913      6482.3832     -2428.0919      2591.0653      3722.8995     -2682.1505      25.341269     -827.8833      -2205.4477     -3051.9165     -351.58957      67162.407      40.648272      40.648272      40.648272      1.2675993     -1295.3729      488.83109     -690.88512    
    229000   229000         446.736       -1230.6604      2936.4624      4152.4999      6576.946      -2424.4461      2597.1707      3708.9852     -2696.4696      24.594722     -816.39018     -2195.6236     -3046.7135     -348.52136      67753.672      40.767206      40.767206      40.767206      1.2565374     -1179.658      -583.80833     -1928.515     
    230000   230000         453.2898       192.96134      4537.4666      4348.0949      6673.4325     -2325.3376      2656.3627      3723.6489     -2697.1988      24.012        -802.84595     -2187.9722     -3041.3442     -350.90815      67292.828      40.674566      40.674566      40.674566      1.2651425      2139.4731     -1099.4966     -461.09249    
    231000   231000         456.57002      715.35345      4867.0269      4169.1732      6721.7247     -2552.5516      2556.1692      3663.2534     -2711.6718      24.346665     -815.15422     -2215.3811     -3054.1136     -353.01601      66891.023      40.593448      40.593448      40.593448      1.2727421      2316.3789      27.226001     -197.54454    
    232000   232000         453.27417     -692.18913      3569.7769      4254.6324      6673.2024     -2418.5701      2586.2876      3684.5417     -2668.4833      24.556719     -799.24709     -2192.3485     -3053.8772     -348.0679       67841.94       40.784902      40.784902      40.784902      1.2549025     -125.06815     -207.02196     -1744.4773    
    233000   233000         444.53922     -494.53564      3562.5192      4047.311       6544.6046     -2497.2936      2529.9273      3709.553      -2684.3462      24.662732     -821.4632      -2209.4743     -3046.153      -351.30188      67217.408      40.659364      40.659364      40.659364      1.2665621     -567.26119      437.57286     -1353.9186    
    234000   234000         443.41227     -219.03023      3793.4222      4008.0925      6528.0134     -2519.921       2600.4817      3614.5934     -2663.8461      23.191472     -869.59941     -2184.5365     -3040.2055     -351.37452      67203.512      40.656563      40.656563      40.656563      1.266824      -1225.5783      2382.1666     -1813.6789    
    235000   235000         438.56726     -1797.5977      2360.4049      4123.9121      6456.6841     -2332.772       2609.8985      3766.6942     -2658.8101      24.977811     -826.74868     -2198.8918     -3049.8919     -351.0374       67268.05       40.669573      40.669573      40.669573      1.2656085     -1515.3036     -1952.3425     -1925.147     
    236000   236000         444.35843     -287.98257      4002.6549      4286.7543      6541.9429     -2255.1887      2689.9287      3774.1885     -2667.9223      24.632022     -844.30842     -2188.4407     -3043.2666     -349.08729      67643.831      40.745164      40.745164      40.745164      1.2585777     -2840.9146      676.52513      1300.4418    
    237000   237000         446.77996      1158.5271      5249.7641      4114.4821      6577.5932     -2463.1111      2520.4633      3675.0646     -2657.8225      24.046089     -769.0336      -2206.2983     -3049.5306     -351.43142      67192.631      40.654368      40.654368      40.654368      1.2670291      2482.695       810.83922      182.04695    
    238000   238000         441.42621     -209.90037      3880.4612      4088.3416      6498.7742     -2410.4326      2627.3837      3644.1042     -2672.5921      24.106483     -784.21924     -2198.7018     -3050.514      -347.72648      67908.552      40.798246      40.798246      40.798246      1.2536715     -422.56096     -1586.701       1379.5608    
    239000   239000         451.33944     -166.51189      4140.4201      4306.3331      6644.719      -2338.3859      2725.8429      3655.8075     -2684.7191      24.744373     -823.76794     -2190.0066     -3046.287      -345.6233       68321.786      40.880833      40.880833      40.880833      1.2460889      1023.5432     -85.20174      -1437.8771    
    240000   240000         452.30926      255.85301      4582.9337      4328.2611      6658.9969     -2330.7358      2586.4816      3723.8553     -2654.0518      23.824385     -765.17649     -2197.7896     -3047.8791     -345.97632      68252.074      40.866924      40.866924      40.866924      1.2473616     -143.78678      798.70376      112.64206    
    241000   241000         447.19639     -31.137223      4189.5826      4220.3427      6583.724      -2363.3813      2564.4276      3674.1268     -2658.7221      23.849813     -695.92481     -2216.2746     -3054.8639     -348.6015       67738.095      40.764081      40.764081      40.764081      1.2568263     -179.88974     -616.50327      702.98134    
    242000   242000         446.65058     -705.72197      3430.4453      4130.1477      6575.6885     -2445.5409      2639.6297      3618.3468     -2686.8726      23.656077     -806.90387     -2188.2676     -3045.1295     -347.34287      67983.551      40.81326       40.81326       40.81326       1.2522885     -1455.995      -965.90756      304.73664    
    243000   243000         452.29267      614.16655      4792.9335      4188.5423      6658.7525     -2470.2102      2565.5392      3670.9105     -2680.2618      25.255333     -807.5239      -2198.6678     -3045.4618     -349.95012      67477.049      40.711649      40.711649      40.711649      1.2616885      1030.907      -283.14403      1094.7367    
    244000   244000         446.89635     -1265.9159      2968.3479      4217.1979      6579.3068     -2362.1089      2614.2264      3674.3207     -2668.4358      22.925052     -767.8156      -2193.3427     -3043.987      -349.08621      67644.041      40.745206      40.745206      40.745206      1.2585738     -1823.2882      1130.8447     -3105.3041    
    245000   245000         446.11553     -396.33365      3736.4979      4124.0131      6567.8114     -2443.7982      2607.4345      3676.0118     -2677.4631      24.538925     -820.64707     -2200.1577     -3053.5155     -352.21693      67042.778      40.624123      40.624123      40.624123      1.2698612     -328.86607     -252.57211     -607.56277    
    246000   246000         441.80063     -1529.7121      2489.9408      3999.9984      6504.2865     -2504.2881      2615.9782      3641.7783     -2696.5413      24.004392     -844.02999     -2192.2532     -3053.2245     -348.86253      67687.412      40.753912      40.753912      40.753912      1.2577674     -1453.7396     -1894.3742     -1241.0225    
    247000   247000         442.21197      343.88465      4406.0849      4064.0619      6510.3422     -2446.2804      2584.1411      3681.053      -2705.7902      26.174539     -789.33828     -2194.7723     -3047.7483     -346.25455      68197.231      40.855975      40.855975      40.855975      1.2483647      1759.5512     -921.24616      193.34886    
    248000   248000         457.31841      99.177534      4397.7097      4300.2369      6732.7426     -2432.5057      2613.7013      3729.0038     -2744.6956      25.702056     -799.38467     -2204.3527     -3052.48       -350.4029       67389.858      40.694106      40.694106      40.694106      1.263321      -591.90139     -165.04406      1054.4781    
    249000   249000         446.54775      942.01249      4996.6186      4068.0086      6574.1747     -2506.166       2548.5205      3680.2277     -2679.2612      24.687399     -831.14966     -2198.6771     -3050.5138     -349.35055      67592.857      40.734926      40.734926      40.734926      1.2595269      1806.069      -742.21426      1762.1828    
    250000   250000         436.08566     -150.3336       3859.0188      4007.5973      6420.1493     -2412.5521      2618.5632      3697.5822     -2686.8048      24.766917     -824.27123     -2193.617      -3048.7713     -348.44831      67767.875      40.770054      40.770054      40.770054      1.256274       1967.9296     -1996.7787     -422.15168    
Loop time of 691.86 on 1 procs for 250000 steps with 4940 atoms

Performance: 31.220 ns/day, 0.769 hours/ns, 361.345 timesteps/s, 1.785 Matom-step/s
99.9% CPU use with 1 MPI tasks x 1 OpenMP threads

MPI task timing breakdown:
Section |  min time  |  avg time  |  max time  |%varavg| %total
---------------------------------------------------------------
Pair    | 261.04     | 261.04     | 261.04     |   0.0 | 37.73
Bond    | 90.095     | 90.095     | 90.095     |   0.0 | 13.02
Kspace  | 193.76     | 193.76     | 193.76     |   0.0 | 28.01
Neigh   | 54.194     | 54.194     | 54.194     |   0.0 |  7.83
Comm    | 6.9223     | 6.9223     | 6.9223     |   0.0 |  1.00
Output  | 2.4386     | 2.4386     | 2.4386     |   0.0 |  0.35
Modify  | 63.533     | 63.533     | 63.533     |   0.0 |  9.18
Other   |            | 19.87      |            |       |  2.87

Nlocal:           4940 ave        4940 max        4940 min
Histogram: 1 0 0 0 0 0 0 0 0 0
Nghost:          14035 ave       14035 max       14035 min
Histogram: 1 0 0 0 0 0 0 0 0 0
Neighs:              0 ave           0 max           0 min
Histogram: 1 0 0 0 0 0 0 0 0 0
FullNghs:  2.27793e+06 ave 2.27793e+06 max 2.27793e+06 min
Histogram: 1 0 0 0 0 0 0 0 0 0

Total # of neighbors = 2277928
Ave neighs/atom = 461.11903
Ave special neighs/atom = 5.9797571
Neighbor list builds = 8985
Dangerous builds = 0

# --- Cleanup ---
unfix npt_fix

undump dump_npt

# --- Write Output ---
write_dump all custom cool_block_05_last.dump id type mol x y z xu yu zu vx vy vz modify sort id
write_data /home/arz2/PolyJarvis_v2/data/sPVC_2/attempts/cooling/attempt-0001/work/cool_block_05/cool_block_05_out.data
System init for write_data ...
PPPM Kokkos initialization ...
  using 12-bit tables for long-range coulomb
  G vector (1/distance) = 0.29457374
  grid = 27 27 27
  stencil order = 5
  estimated absolute RMS force accuracy = 0.00038040035
  estimated relative force accuracy = 1.1455644e-06
  using double precision cuFFT
  3d grid and FFT values/proc = 39304 19683
Generated 6 of 6 mixed pair_coeff terms from sixthpower/sixthpower mixing rule
write_restart /home/arz2/PolyJarvis_v2/data/sPVC_2/attempts/cooling/attempt-0001/work/cool_block_05/cool_block_05_out.restart
System init for write_restart ...
PPPM Kokkos initialization ...
  using 12-bit tables for long-range coulomb
  G vector (1/distance) = 0.29457374
  grid = 27 27 27
  stencil order = 5
  estimated absolute RMS force accuracy = 0.00038040035
  estimated relative force accuracy = 1.1455644e-06
  using double precision cuFFT
  3d grid and FFT values/proc = 39304 19683
Generated 6 of 6 mixed pair_coeff terms from sixthpower/sixthpower mixing rule

print "STAGE COMPLETE: NPT T=471.0->446.0K P=1.0->1.0atm steps=250000"
STAGE COMPLETE: NPT T=471.0->446.0K P=1.0->1.0atm steps=250000
quit
