units real
atom_style full
boundary p p p

# --- Force Field Styles ---
pair_style lj/class2/coul/long 9.5 9.5
kspace_style pppm 1e-6
dielectric 1.000000
bond_style class2
angle_style class2
dihedral_style class2
improper_style class2
special_bonds lj/coul 0 0 1
pair_modify mix sixthpower tail yes
neighbor 2.0 bin
neigh_modify delay 0 every 1 check yes
neigh_modify one 4000
# KOKKOS: package loaded via -pk kokkos on the command line

read_data /home/alexzhao/PolyJarvis/data/PEG_COMPASS_2/attempts/equilibration/attempt-0001/work/npt_densify/npt_densify_out.data
Reading data file ...
  orthogonal box = (6.8613043 6.8613043 6.8613043) to (44.660753 44.660753 44.660753)
  1 by 1 by 1 MPI processor grid
WARNING: Pair style lj/class2/coul/cut/kk in data file differs from currently defined pair style lj/class2/coul/long/kk (src/read_data.cpp:811)
  reading atoms ...
  8000 atoms
  reading velocities ...
  8000 velocities
  scanning bonds ...
  4 = max bonds/atom
  scanning angles ...
  10 = max angles/atom
  scanning dihedrals ...
  16 = max dihedrals/atom
  scanning impropers ...
  7 = max impropers/atom
  orthogonal box = (6.8613043 6.8613043 6.8613043) to (44.660753 44.660753 44.660753)
  1 by 1 by 1 MPI processor grid
  reading bonds ...
  7990 bonds
  reading angles ...
  14820 angles
  reading dihedrals ...
  17070 dihedrals
  reading impropers ...
  9120 impropers
Finding 1-2 1-3 1-4 neighbors ...
  special bond factors lj:    0        0        1       
  special bond factors coul:  0        0        1       
     4 = max # of 1-2 neighbors
     6 = max # of 1-3 neighbors
     8 = max # of special neighbors
  special bonds CPU = 0.003 seconds
  read_data CPU = 0.217 seconds
include /home/alexzhao/PolyJarvis/data/PEG_COMPASS_2/attempts/build/attempt-0001/work/cell/emc_build.params
# LAMMPS parameters created by EMC v9.4.4, build Jul 21 2026 07:58:38

# Variables

variable	seed		index	798838
variable	ntotal		index	8000
variable	fshape		index	1
variable	output		index	emc_build
variable	field		index	compass/compass
variable	location1	index	~/emc/field/
variable	nav		index	0.6022141179
variable	temperature	index	300
variable	radius		index	5
variable	nrelax		index	100
variable	weight_nonbond	index	0.0001
variable	weight_bond	index	0.0001
variable	weight_focus	index	1
variable	cutoff		index	9.5
variable	charge_cutoff	index	9.5
variable	kappa		index	4
variable	density1	index	0.61
variable	lprevious	index	0
variable	lphase		index	51.5220572359
variable	f_poly		index	10
variable	chem_repeat	index	*CCO*
variable	chem_cap	index	*[H]
variable	lg_repeat	index	7
variable	lg_cap		index	1
variable	norm_poly	index	100
variable	l_poly		index	800
variable	mg_repeat	index	16.04303
variable	mg_cap		index	0
variable	m_poly		index	1828.90542
variable	n_poly		index	10
variable	mtotal		index	50241.2406
variable	nphase1		index	8000
variable	mphase1		index	50241.2406
variable	vphase1		index	136766.45409
variable	lbox		index	51.5220572359
variable	lphase1		index	51.5220572359
variable	lxx		index	51.5220572359
variable	lyy		index	51.5220572359
variable	lzz		index	51.5220572359
variable	lzy		index	0
variable	lzx		index	0
variable	lyx		index	0
variable	vtotal		index	136766.45409
variable	nl_poly		index	10

# Types

variable	type_c4		index	1
variable	type_c4o	index	2
variable	type_h1		index	3
variable	type_h1o	index	4
variable	type_o2e	index	5
variable	type_o2h	index	6

variable	type_bond_c4_c4o index	1
variable	type_bond_c4_h1	index	2
variable	type_bond_c4o_c4o index	3
variable	type_bond_c4o_h1 index	4
variable	type_bond_c4o_o2e index	5
variable	type_bond_c4o_o2h index	6
variable	type_bond_h1o_o2h index	7

variable	type_angle_c4_c4o_h1 index	1
variable	type_angle_c4_c4o_o2e index	2
variable	type_angle_c4o_c4_h1 index	3
variable	type_angle_c4o_c4o_h1 index	4
variable	type_angle_c4o_c4o_o2e index	5
variable	type_angle_c4o_c4o_o2h index	6
variable	type_angle_c4o_o2e_c4o index	7
variable	type_angle_c4o_o2h_h1o index	8
variable	type_angle_h1_c4_h1 index	9
variable	type_angle_h1_c4o_h1 index	10
variable	type_angle_h1_c4o_o2e index	11
variable	type_angle_h1_c4o_o2h index	12

# Clusters

variable	n0_poly		index	1
variable	n1_poly		index	10
variable	nl_poly		index	10

# Flags

variable	flag_charged	index	1

# Masses

mass		1    12.01115  # c4
mass		2    12.01115  # c4o
mass		3     1.00797  # h1
mass		4     1.00797  # h1o
mass		5    15.99940  # o2e
mass		6    15.99940  # o2h

# Potentials

pair_modify	mix sixthpower tail yes
special_bonds	lj/coul 0 0 1

# Pair Coeffs

pair_coeff	 1  1    0.06200    3.85400  # c4,c4
pair_coeff	 2  2    0.06800    3.81500  # c4o,c4o
pair_coeff	 3  3    0.02300    2.87800  # h1,h1
pair_coeff	 4  4    0.00800    1.08700  # h1o,h1o
pair_coeff	 5  5    0.12000    3.30000  # o2e,o2e
pair_coeff	 6  6    0.09600    3.58000  # o2h,o2h

# Bond Coeffs

bond_coeff	1    1.53000  299.67000 -501.77000  679.81000  # c4,c4o
bond_coeff	2    1.10100  345.00000 -691.89000  844.60000  # c4,h1
bond_coeff	3    1.53000  299.67000 -501.77000  679.81000  # c4o,c4o
bond_coeff	4    1.10100  345.00000 -691.89000  844.60000  # c4o,h1
bond_coeff	5    1.42000  400.39540 -835.19510 1313.01420  # c4o,o2e
bond_coeff	6    1.42000  400.39540 -835.19510 1313.01420  # c4o,o2h
bond_coeff	7    0.94940  540.36330 -1311.86630 2132.44460  # h1o,o2h

# Angle Coeffs

angle_coeff	 1  110.77000   41.45300  -10.60400    5.12900  # c4,c4o,h1
angle_coeff	 2  111.27000   54.53810   -8.36420  -13.08380  # c4,c4o,o2e
angle_coeff	 3  110.77000   41.45300  -10.60400    5.12900  # c4o,c4,h1
angle_coeff	 4  110.77000   41.45300  -10.60400    5.12900  # c4o,c4o,h1
angle_coeff	 5  111.27000   54.53810   -8.36420  -13.08380  # c4o,c4o,o2e
angle_coeff	 6  111.27000   54.53810   -8.36420  -13.08380  # c4o,c4o,o2h
angle_coeff	 7  104.50000   35.74540  -10.00670   -6.27290  # c4o,o2e,c4o
angle_coeff	 8  105.80000   52.70610  -12.10900   -9.86810  # c4o,o2h,h1o
angle_coeff	 9  107.66000   39.64100  -12.92100   -2.43180  # h1,c4,h1
angle_coeff	10  107.66000   39.64100  -12.92100   -2.43180  # h1,c4o,h1
angle_coeff	11  108.72800   58.54460  -10.80880  -12.40060  # h1,c4o,o2e
angle_coeff	12  108.72800   58.54460  -10.80880  -12.40060  # h1,c4o,o2h

# BondBond Coeffs

angle_coeff	 1 bb    3.38720    1.53000    1.10100  # c4,c4o,h1
angle_coeff	 2 bb   11.43180    1.53000    1.42000  # c4,c4o,o2e
angle_coeff	 3 bb    3.38720    1.53000    1.10100  # c4o,c4,h1
angle_coeff	 4 bb    3.38720    1.53000    1.10100  # c4o,c4o,h1
angle_coeff	 5 bb   11.43180    1.53000    1.42000  # c4o,c4o,o2e
angle_coeff	 6 bb   11.43180    1.53000    1.42000  # c4o,c4o,o2h
angle_coeff	 7 bb   -7.11310    1.42000    1.42000  # c4o,o2e,c4o
angle_coeff	 8 bb   -9.68790    1.42000    0.94940  # c4o,o2h,h1o
angle_coeff	 9 bb    5.33160    1.10100    1.10100  # h1,c4,h1
angle_coeff	10 bb    5.33160    1.10100    1.10100  # h1,c4o,h1
angle_coeff	11 bb   23.19790    1.10100    1.42000  # h1,c4o,o2e
angle_coeff	12 bb   23.19790    1.10100    1.42000  # h1,c4o,o2h

# BondAngle Coeffs

angle_coeff	 1 ba   20.75400   11.42100    1.53000    1.10100  # c4,c4o,h1
angle_coeff	 2 ba    2.68680   20.40330    1.53000    1.42000  # c4,c4o,o2e
angle_coeff	 3 ba   20.75400   11.42100    1.53000    1.10100  # c4o,c4,h1
angle_coeff	 4 ba   20.75400   11.42100    1.53000    1.10100  # c4o,c4o,h1
angle_coeff	 5 ba    2.68680   20.40330    1.53000    1.42000  # c4o,c4o,o2e
angle_coeff	 6 ba    2.68680   20.40330    1.53000    1.42000  # c4o,c4o,o2h
angle_coeff	 7 ba   -2.81120   -2.81120    1.42000    1.42000  # c4o,o2e,c4o
angle_coeff	 8 ba   28.58000   18.92770    1.42000    0.94940  # c4o,o2h,h1o
angle_coeff	 9 ba   18.10300   18.10300    1.10100    1.10100  # h1,c4,h1
angle_coeff	10 ba   18.10300   18.10300    1.10100    1.10100  # h1,c4o,h1
angle_coeff	11 ba    4.61890   55.32700    1.10100    1.42000  # h1,c4o,o2e
angle_coeff	12 ba    4.61890   55.32700    1.10100    1.42000  # h1,c4o,o2h

# Dihedral Coeffs

dihedral_coeff	 1   -0.40000    0.00000   -0.40280    0.00000   -0.24500    0.00000  # c4,c4o,o2e,c4o
dihedral_coeff	 2   -0.40000    0.00000   -0.40280    0.00000   -0.24500    0.00000  # c4o,c4o,o2e,c4o
dihedral_coeff	 3   -0.67320    0.00000   -0.47780    0.00000   -0.16700    0.00000  # c4o,c4o,o2h,h1o
dihedral_coeff	 4    0.53020    0.00000    0.00000    0.00000   -0.39660    0.00000  # c4o,o2e,c4o,h1
dihedral_coeff	 5   -0.14320    0.00000    0.06170    0.00000   -0.15300    0.00000  # h1,c4,c4o,h1
dihedral_coeff	 6   -0.14350    0.00000    0.25300    0.00000   -0.09050    0.00000  # h1,c4,c4o,o2e
dihedral_coeff	 7   -0.14320    0.00000    0.06170    0.00000   -0.15300    0.00000  # h1,c4o,c4o,h1
dihedral_coeff	 8   -0.14350    0.00000    0.25300    0.00000   -0.09050    0.00000  # h1,c4o,c4o,o2e
dihedral_coeff	 9   -0.14350    0.00000    0.25300    0.00000   -0.09050    0.00000  # h1,c4o,c4o,o2h
dihedral_coeff	10    0.18630    0.00000   -0.43380    0.00000   -0.21210    0.00000  # h1,c4o,o2h,h1o
dihedral_coeff	11    1.10000    0.00000   -0.05000    0.00000   -0.14410    0.00000  # o2e,c4o,c4o,o2e
dihedral_coeff	12    1.10000    0.00000   -0.05000    0.00000   -0.14410    0.00000  # o2e,c4o,c4o,o2h

# MiddleBondTorsion Coeffs

dihedral_coeff	 1 mbt   -5.92880   -2.70070   -0.31750    1.42000  # c4,c4o,o2e,c4o
dihedral_coeff	 2 mbt   -5.92880   -2.70070   -0.31750    1.42000  # c4o,c4o,o2e,c4o
dihedral_coeff	 3 mbt    1.24720    0.00000    0.74850    1.42000  # c4o,c4o,o2h,h1o
dihedral_coeff	 4 mbt   -6.80070   -4.65460   -1.41010    1.42000  # c4o,o2e,c4o,h1
dihedral_coeff	 5 mbt  -14.26100   -0.53220   -0.48640    1.53000  # h1,c4,c4o,h1
dihedral_coeff	 6 mbt  -16.79750   -1.22960   -0.27500    1.53000  # h1,c4,c4o,o2e
dihedral_coeff	 7 mbt  -14.26100   -0.53220   -0.48640    1.53000  # h1,c4o,c4o,h1
dihedral_coeff	 8 mbt  -16.79750   -1.22960   -0.27500    1.53000  # h1,c4o,c4o,o2e
dihedral_coeff	 9 mbt  -16.79750   -1.22960   -0.27500    1.53000  # h1,c4o,c4o,o2h
dihedral_coeff	10 mbt    0.00000    0.92410   -0.58890    1.42000  # h1,c4o,o2h,h1o
dihedral_coeff	11 mbt  -17.25850   -3.61570   -0.83640    1.53000  # o2e,c4o,c4o,o2e
dihedral_coeff	12 mbt  -17.25850   -3.61570   -0.83640    1.53000  # o2e,c4o,c4o,o2h

# EndBondTorsion Coeffs

dihedral_coeff	 1 ebt   -0.24560    1.05170   -0.77950    0.47410    1.26350    0.55760    1.53000    1.42000  # c4,c4o,o2e,c4o
dihedral_coeff	 2 ebt   -0.24560    1.05170   -0.77950    0.47410    1.26350    0.55760    1.53000    1.42000  # c4o,c4o,o2e,c4o
dihedral_coeff	 3 ebt   -0.58000    0.90040    0.00000    0.00000    0.53430    0.90250    1.53000    0.94940  # c4o,c4o,o2h,h1o
dihedral_coeff	 4 ebt   -0.16200    0.15640   -1.14080   -0.60540    1.33390    0.96480    1.42000    1.10100  # c4o,o2e,c4o,h1
dihedral_coeff	 5 ebt    0.21300    0.31200    0.07770    0.21300    0.31200    0.07770    1.10100    1.10100  # h1,c4,c4o,h1
dihedral_coeff	 6 ebt    0.96810    0.95510    0.04360    0.59030    0.66690    0.85840    1.10100    1.42000  # h1,c4,c4o,o2e
dihedral_coeff	 7 ebt    0.21300    0.31200    0.07770    0.21300    0.31200    0.07770    1.10100    1.10100  # h1,c4o,c4o,h1
dihedral_coeff	 8 ebt    0.96810    0.95510    0.04360    0.59030    0.66690    0.85840    1.10100    1.42000  # h1,c4o,c4o,o2e
dihedral_coeff	 9 ebt    0.96810    0.95510    0.04360    0.59030    0.66690    0.85840    1.10100    1.42000  # h1,c4o,c4o,o2h
dihedral_coeff	10 ebt   -1.75540    1.31450    0.22630    0.24930    0.68030    0.00000    1.10100    0.94940  # h1,c4o,o2h,h1o
dihedral_coeff	11 ebt    1.01650    0.75530   -0.46090    1.01650    0.75530   -0.46090    1.42000    1.42000  # o2e,c4o,c4o,o2e
dihedral_coeff	12 ebt    1.01650    0.75530   -0.46090    1.01650    0.75530   -0.46090    1.42000    1.42000  # o2e,c4o,c4o,o2h

# AngleTorsion Coeffs

dihedral_coeff	 1 at   -2.74660    1.48770   -0.89550    0.56760    0.94500    0.07030  111.27000  104.50000  # c4,c4o,o2e,c4o
dihedral_coeff	 2 at   -2.74660    1.48770   -0.89550    0.56760    0.94500    0.07030  111.27000  104.50000  # c4o,c4o,o2e,c4o
dihedral_coeff	 3 at   -3.59030    2.52250    0.48880    0.87260   -0.35770    0.38880  111.27000  105.80000  # c4o,c4o,o2h,h1o
dihedral_coeff	 4 at   -0.77770    0.43400   -0.66530   -1.82340    1.63930    0.51440  104.50000  108.72800  # c4o,o2e,c4o,h1
dihedral_coeff	 5 at   -0.80850    0.55690   -0.24660   -0.80850    0.55690   -0.24660  110.77000  110.77000  # h1,c4,c4o,h1
dihedral_coeff	 6 at    2.36680    2.49200   -1.01220   -0.18920    0.49180    0.72730  110.77000  111.27000  # h1,c4,c4o,o2e
dihedral_coeff	 7 at   -0.80850    0.55690   -0.24660   -0.80850    0.55690   -0.24660  110.77000  110.77000  # h1,c4o,c4o,h1
dihedral_coeff	 8 at    2.36680    2.49200   -1.01220   -0.18920    0.49180    0.72730  110.77000  111.27000  # h1,c4o,c4o,o2e
dihedral_coeff	 9 at    2.36680    2.49200   -1.01220   -0.18920    0.49180    0.72730  110.77000  111.27000  # h1,c4o,c4o,o2h
dihedral_coeff	10 at   -3.40600    1.63960    0.07370    0.00000   -0.28100   -0.59440  108.72800  105.80000  # h1,c4o,o2h,h1o
dihedral_coeff	11 at    0.55110    0.97370   -0.66730    0.55110    0.97370   -0.66730  111.27000  111.27000  # o2e,c4o,c4o,o2e
dihedral_coeff	12 at    0.55110    0.97370   -0.66730    0.55110    0.97370   -0.66730  111.27000  111.27000  # o2e,c4o,c4o,o2h

# AngleAngleTorsion Coeffs

dihedral_coeff	 1 aat  -19.00590  111.27000  104.50000  # c4,c4o,o2e,c4o
dihedral_coeff	 2 aat  -19.00590  111.27000  104.50000  # c4o,c4o,o2e,c4o
dihedral_coeff	 3 aat  -12.10380  111.27000  105.80000  # c4o,c4o,o2h,h1o
dihedral_coeff	 4 aat  -16.44380  104.50000  108.72800  # c4o,o2e,c4o,h1
dihedral_coeff	 5 aat  -12.56400  110.77000  110.77000  # h1,c4,c4o,h1
dihedral_coeff	 6 aat  -20.20060  110.77000  111.27000  # h1,c4,c4o,o2e
dihedral_coeff	 7 aat  -12.56400  110.77000  110.77000  # h1,c4o,c4o,h1
dihedral_coeff	 8 aat  -20.20060  110.77000  111.27000  # h1,c4o,c4o,o2e
dihedral_coeff	 9 aat  -20.20060  110.77000  111.27000  # h1,c4o,c4o,o2h
dihedral_coeff	10 aat  -10.50930  108.72800  105.80000  # h1,c4o,o2h,h1o
dihedral_coeff	11 aat  -14.04840  111.27000  111.27000  # o2e,c4o,c4o,o2e
dihedral_coeff	12 aat  -14.04840  111.27000  111.27000  # o2e,c4o,c4o,o2h

# BondBond13 Coeffs

dihedral_coeff	 1 bb13    0.00000    1.53000    1.42000  # c4,c4o,o2e,c4o
dihedral_coeff	 2 bb13    0.00000    1.53000    1.42000  # c4o,c4o,o2e,c4o
dihedral_coeff	 3 bb13    0.00000    1.53000    0.94940  # c4o,c4o,o2h,h1o
dihedral_coeff	 4 bb13    0.00000    1.42000    1.10100  # c4o,o2e,c4o,h1
dihedral_coeff	 5 bb13    0.00000    1.10100    1.10100  # h1,c4,c4o,h1
dihedral_coeff	 6 bb13    0.00000    1.10100    1.42000  # h1,c4,c4o,o2e
dihedral_coeff	 7 bb13    0.00000    1.10100    1.10100  # h1,c4o,c4o,h1
dihedral_coeff	 8 bb13    0.00000    1.10100    1.42000  # h1,c4o,c4o,o2e
dihedral_coeff	 9 bb13    0.00000    1.10100    1.42000  # h1,c4o,c4o,o2h
dihedral_coeff	10 bb13    0.00000    1.10100    0.94940  # h1,c4o,o2h,h1o
dihedral_coeff	11 bb13    0.00000    1.42000    1.42000  # o2e,c4o,c4o,o2e
dihedral_coeff	12 bb13    0.00000    1.42000    1.42000  # o2e,c4o,c4o,o2h

# Improper Coeffs

improper_coeff	 1    0.00000    0.00000  # c4,c4o,h1,h1
improper_coeff	 2    0.00000    0.00000  # c4,h1,h1,h1
improper_coeff	 3    0.00000    0.00000  # c4o,c4,h1,h1
improper_coeff	 4    0.00000    0.00000  # c4o,c4,o2e,h1
improper_coeff	 5    0.00000    0.00000  # c4o,c4o,h1,h1
improper_coeff	 6    0.00000    0.00000  # c4o,c4o,h1,o2e
improper_coeff	 7    0.00000    0.00000  # c4o,c4o,o2e,h1
improper_coeff	 8    0.00000    0.00000  # c4o,c4o,o2h,h1
improper_coeff	 9    0.00000    0.00000  # c4o,h1,h1,o2e
improper_coeff	10    0.00000    0.00000  # c4o,h1,h1,o2h

# AngleAngle Coeffs

improper_coeff	 1 aa    0.27380   -0.48250    0.27380  110.77000  110.77000  107.66000  # c4,c4o,h1,h1
improper_coeff	 2 aa   -0.31570   -0.31570   -0.31570  107.66000  107.66000  107.66000  # c4,h1,h1,h1
improper_coeff	 3 aa    0.27380   -0.48250    0.27380  110.77000  110.77000  107.66000  # c4o,c4,h1,h1
improper_coeff	 4 aa    0.16890    2.59260    3.91770  111.27000  110.77000  108.72800  # c4o,c4,o2e,h1
improper_coeff	 5 aa    0.27380   -0.48250    0.27380  110.77000  110.77000  107.66000  # c4o,c4o,h1,h1
improper_coeff	 6 aa    3.91770    2.59260    0.16890  110.77000  111.27000  108.72800  # c4o,c4o,h1,o2e
improper_coeff	 7 aa    0.16890    2.59260    3.91770  111.27000  110.77000  108.72800  # c4o,c4o,o2e,h1
improper_coeff	 8 aa    0.16890    2.59260    3.91770  111.27000  110.77000  108.72800  # c4o,c4o,o2h,h1
improper_coeff	 9 aa    2.42590    2.42590    2.12830  107.66000  108.72800  108.72800  # c4o,h1,h1,o2e
improper_coeff	10 aa    2.42590    2.42590    2.12830  107.66000  108.72800  108.72800  # c4o,h1,h1,o2h


# --- Thermo Output ---
thermo_style custom step time temp press enthalpy etotal ke pe ebond eangle edihed eimp evdwl ecoul elong etail vol lx ly lz density pxx pyy pzz
thermo_modify flush yes
thermo 1000

# --- Trajectory ---
dump dump_npt all custom 1000 npt_ff_activate.dump id type mol x y z ix iy iz vx vy vz


# --- Restart Checkpointing ---
restart 10000 npt_1.rst npt_2.rst

# --- Initial Velocities (optional) ---
# Velocities read from data file

# --- SHAKE Constraints ---
# SHAKE disabled

# --- NPT Thermostat + Barostat (Nose-Hoover) ---
# T_damp = 100.0 fs  (heat bath coupling)
# P_damp = 1000.0 fs  (pressure bath coupling, ~10x T_damp typical)
# Ramp: T=300.0->300.0K  P=50000.0->1.0atm
timestep 1.0
fix npt_fix all npt temp 300.0 300.0 100.0 iso 50000.0 1.0 1000.0

run 100000
PPPM Kokkos initialization ...
  using 12-bit tables for long-range coulomb
  G vector (1/distance) = 0.30938128
  grid = 30 30 30
  stencil order = 5
  estimated absolute RMS force accuracy = 0.00035939968
  estimated relative force accuracy = 1.0823215e-06
  using double precision cuFFT
  3d grid and FFT values/proc = 50653 27000
Generated 15 of 15 mixed pair_coeff terms from sixthpower/sixthpower mixing rule
Neighbor list info ...
  update: every = 1 steps, delay = 0 steps, check = yes
  max neighbors/atom: 4000, page size: 100000
  master list distance cutoff = 11.5
  ghost atom cutoff = 11.5
  binsize = 11.5, bins = 4 4 4
  1 neighbor lists, perpetual/occasional/extra = 1 0 0
  (1) pair lj/class2/coul/long/kk, perpetual
      attributes: full, newton off, kokkos_device
      pair build: full/bin/kk/device
      stencil: full/bin/3d
      bin: kk/device
Per MPI rank memory allocation (min/avg/max) = 39.54 | 39.54 | 39.54 Mbytes
   Step          Time           Temp          Press         Enthalpy        TotEng         KinEng         PotEng         E_bond        E_angle        E_dihed        E_impro         E_vdwl         E_coul         E_long         E_tail         Volume           Lx             Ly             Lz          Density          Pxx            Pyy            Pzz      
         0   0              303.2062       48600.962      50035.513      11755.053      7229.4969      4525.5562      2416.8206      5531.9404     -6574.8548     -61.313843     -1389.2449      12535.561     -7933.352      -541.86932      54007.789      37.799449      37.799449      37.799449      1.5447316      47124.811      49781.143      48896.931    
      1000   1000           300.79467      52390.032      53304.068      12077.743      7171.9975      4905.7452      2556.522       5743.4654     -6637.6653     -59.882372     -1262.4652      12507.99      -7942.2195     -542.37652      53957.283      37.787662      37.787662      37.787662      1.5461775      52717.444      52322.517      52130.136    
      2000   2000           303.56688      50114.082      51475.082      11966.743      7238.0967      4728.6458      2494.1416      5695.0175     -6659.9309     -61.90525      -1309.9348      12511.391     -7940.1335     -541.37456      54057.146      37.81096       37.81096       37.81096       1.5433211      49305.995      51887.09       49149.161    
      3000   3000           305.56228      48213.305      50256.832      12153.437      7285.674       4867.7632      2592.4807      5778.1187     -6623.6398     -62.495658     -1380.8094      12508.085     -7943.9768     -540.04516      54190.215      37.84196       37.84196       37.84196       1.5395314      47573.449      48355.979      48710.486    
      4000   4000           299.46728      48165.376      50043.835      11918.358      7140.348       4778.0103      2615.2301      5716.8859     -6637.8212     -63.115132     -1409.7985      12501.376     -7944.7465     -539.19581      54275.577      37.86182       37.86182       37.86182       1.5371101      45661.448      50250.345      48584.334    
      5000   5000           301.74241      46833.818      49011.61       11967.52       7194.5951      4772.9251      2592.6832      5724.5735     -6630.4175     -64.158967     -1445.959       12534.649     -7938.4451     -539.59447      54235.478      37.852493      37.852493      37.852493      1.5382465      46005.096      46754.898      47741.461    
      6000   6000           300.29803      47500.269      49438.761      11742.635      7160.156       4582.4792      2566.4361      5692.814      -6620.9143     -64.019649     -1555.7772      12505.994     -7942.0542     -537.80669      54415.767      37.89439       37.89439       37.89439       1.53315        47895.676      44863.032      49742.099    
      7000   7000           299.59894      45735.234      48198.193      11920.599      7143.4873      4777.1121      2566.8346      5746.4672     -6550.4851     -62.389064     -1484.0216      12500.393     -7939.6874     -538.07062      54389.075      37.888193      37.888193      37.888193      1.5339024      44095.217      47416.284      45694.2      
      8000   8000           304.54946      46815.848      48953.84       11837.378      7261.5249      4575.8536      2502.7026      5722.926      -6593.1708     -68.378616     -1544.7801      12497.966     -7941.4116     -538.33569      54362.295      37.881973      37.881973      37.881973      1.5346581      45311.619      46581.4        48554.525    
      9000   9000           292.37805      43918.913      46526.257      11563.583      6971.316       4592.267       2593.7036      5770.0513     -6650.3414     -61.828        -1627.3803      12512.686     -7944.624      -536.13454      54585.485      37.933745      37.933745      37.933745      1.5283832      42892.884      42725.286      46138.568    
     10000   10000          300.37454      45588.17       48048.456      11736.813      7161.9802      4574.8332      2547.0836      5704.5049     -6584.9121     -62.112827     -1609.8719      12521.858     -7941.7169     -535.83751      54615.743      37.940753      37.940753      37.940753      1.5275364      44608.148      47118.013      45038.349    
     11000   11000          295.47013      42147.374      45096.213      11438.041      7045.042       4392.999       2586.7944      5710.0672     -6652.5254     -63.723098     -1760.5636      12516.853     -7943.9035     -534.4497       54757.564      37.973565      37.973565      37.973565      1.5235801      41470.276      43553.941      41417.903    
     12000   12000          299.29364      43680.319      46497.681      11583.914      7136.2078      4447.7066      2578.962       5640.2297     -6591.9674     -60.56304      -1697.9968      12519.99      -7940.9484     -533.96888      54806.871      37.98496       37.98496       37.98496       1.5222094      44038.509      43714.697      43287.752    
     13000   13000          302.46419      42236.252      45489.395      11733.144      7211.8047      4521.3388      2597.8499      5735.6748     -6642.213      -62.377673     -1699.8829      12532.997     -7940.7097     -534.02059      54801.564      37.983734      37.983734      37.983734      1.5223568      42714.313      43928.756      40065.687    
     14000   14000          300.46855      42557.997      45567.522      11554.638      7164.2218      4390.4159      2533.84        5666.9533     -6608.1782     -63.52522      -1710.4471      12515.897     -7944.1238     -534.02866      54800.736      37.983542      37.983542      37.983542      1.5223798      42940.841      42053.953      42679.197    
     15000   15000          302.80751      41977.14       45258.774      11528.477      7219.9907      4308.4867      2562.3503      5752.3882     -6600.8934     -65.252916     -1893.106       12500.211     -7947.2104     -531.15288      55097.44       38.051969      38.051969      38.051969      1.5141817      41440.568      43266.66       41224.192    
     16000   16000          299.46917      40809.689      44208.142      11392.984      7140.3931      4252.5909      2602.0846      5688.8465     -6692.5307     -60.551695     -1868.0173      12528.625     -7945.8656     -530.78131      55136.009      38.060847      38.060847      38.060847      1.5131225      40400.371      41215.04       40813.656    
     17000   17000          295.99687      40520.341      43914.256      11261.97       7057.6011      4204.3691      2538.1121      5667.5543     -6580.052      -63.229902     -1971.908       12554.027     -7940.134      -529.6468       55254.112      38.088003      38.088003      38.088003      1.5098883      41478.965      39728.384      40353.675    
     18000   18000          296.73927      39984.199      43641.205      11356.943      7075.3027      4281.6401      2636.5054      5678.576      -6598.9897     -62.610119     -1955.6821      12529.302     -7945.4617     -528.59663      55363.886      38.11321       38.11321       38.11321       1.5068945      40024.617      40626.439      39301.543    
     19000   19000          302.51463      41109.945      44551.813      11418.166      7213.0075      4205.1585      2538.1843      5633.0018     -6570.8047     -64.767992     -1920.1449      12529.573     -7939.8829     -529.54699      55264.526      38.090396      38.090396      38.090396      1.5096037      42493.019      40209.309      40627.508    
     20000   20000          299.24459      40048.446      43659.273      11369.187      7135.0384      4234.1486      2629.8664      5758.4974     -6636.7097     -66.484048     -2027.6579      12517.614     -7940.9774     -529.35048      55285.043      38.095109      38.095109      38.095109      1.5090435      40452.281      39679.452      40013.605    
     21000   21000          304.35573      39968.608      43697.213      11429.727      7256.9057      4172.8215      2607.723       5664.4789     -6603.9426     -61.492787     -1996.9757      12509.637     -7946.6065     -528.66521      55356.704      38.111561      38.111561      38.111561      1.50709        39783.996      40495.475      39626.353    
     22000   22000          303.19726      39939.385      43643.589      11343.311      7229.2838      4114.0273      2625.4066      5618.8021     -6594.3509     -61.502332     -2052.1245      12521.441     -7943.6444     -527.74237      55453.504      38.133763      38.133763      38.133763      1.5044592      41443.676      38310.788      40063.691    
     23000   23000          298.49552      39629.834      43314.539      11226.04       7117.1778      4108.8625      2529.8221      5765.5054     -6631.3423     -64.789914     -2069.1631      12522.824     -7943.9934     -527.10812      55520.23       38.149052      38.149052      38.149052      1.5026511      42397.541      38062.111      38429.85     
     24000   24000          297.02316      35780.911      40139.169      11066.402      7082.0716      3984.3303      2527.4571      5708.8781     -6651.14       -63.799966     -2139.1701      12540.313     -7938.2082     -525.2812       55713.327      38.193228      38.193228      38.193228      1.4974431      36847.583      34474.645      36020.505    
     25000   25000          298.49524      37363.248      41487.178      11099.521      7117.1712      3982.3501      2599.9335      5664.8112     -6621.3717     -61.919844     -2192.4365      12529.015     -7935.6812     -524.77634      55766.926      38.205472      38.205472      38.205472      1.4960038      35873.342      37608.075      38608.326    
     26000   26000          299.80353      38028.454      42129.196      11185.809      7148.3654      4037.4435      2600.3309      5704.2594     -6622.2131     -59.356778     -2164.0887      12521.42      -7942.9085     -524.52678      55793.459      38.21153       38.21153       38.21153       1.4952924      38196.593      37663.457      38225.313    
     27000   27000          306.90854      35835.702      40631.015      11439.726      7317.7738      4121.9524      2632.7598      5681.9335     -6605.0407     -62.31112      -2123.0918      12530.29      -7932.5873     -523.94958      55854.923      38.225557      38.225557      38.225557      1.4936469      35266.641      35843.718      36396.748    
     28000   28000          301.71679      34425.814      39167.806      11003.911      7193.9841      3809.9269      2486.0463      5641.9835     -6569.4262     -61.92729      -2308.1945      12556.052     -7934.6067     -521.69702      56096.091      38.280494      38.280494      38.280494      1.4872255      35586.335      33238.619      34452.489    
     29000   29000          300.98465      35432.569      39978.909      10977.961      7176.5273      3801.434       2519.6573      5684.4731     -6611.411      -61.393011     -2359.3983      12559.258     -7929.7521     -521.45555      56122.067      38.286402      38.286402      38.286402      1.4865371      36564.267      34562.574      35170.865    
     30000   30000          302.48326      34393.226      39294.855      11089.016      7212.2594      3876.7567      2583.4625      5770.9323     -6618.524      -61.670393     -2419.298       12556.527     -7934.6722     -520.4281       56232.865      38.311581      38.311581      38.311581      1.4836081      36697.923      33077.752      33404.004    
     31000   31000          300.18877      34744.821      39463.749      10930.984      7157.5508      3773.4328      2536.7065      5708.4784     -6646.295      -61.797404     -2408.4384      12574.578     -7929.7992     -519.72433      56309.012      38.328866      38.328866      38.328866      1.4816018      34368.898      35477.806      34387.758    
     32000   32000          303.8265       35067.688      39895.879      11110.272      7244.2871      3865.9847      2584.384       5715.5735     -6626.9084     -57.040506     -2375.7292      12561.264     -7935.5588     -519.94641      56284.961      38.323408      38.323408      38.323408      1.4822349      36680.478      34872.072      33650.515    
     33000   33000          296.83095      34368.601      39059.579      10779.163      7077.4885      3701.675       2560.2303      5699.4828     -6687.5927     -61.366572     -2454.742       12575.279     -7929.6163     -518.68407      56421.944      38.354472      38.354472      38.354472      1.4786363      31999.822      35146.268      35959.713    
     34000   34000          299.42821      33510.445      38443.535      10790.592      7139.4165      3651.1759      2564.3509      5727.9217     -6678.9058     -61.452849     -2520.0579      12560.578     -7941.2585     -517.20855      56582.907      38.390911      38.390911      38.390911      1.47443        33222.453      32119.151      35189.733    
     35000   35000          304.44407      30807.112      36442.023      10949.405      7259.0121      3690.3928      2526.1133      5813.2081     -6664.4612     -67.199423     -2526.6888      12548.22      -7938.7995     -515.77869      56739.768      38.426355      38.426355      38.426355      1.4703538      31367.36       30638.557      30415.418    
     36000   36000          299.83007      32399.604      37510.142      10678.564      7148.9981      3529.5659      2565.9595      5640.6038     -6718.3642     -62.293725     -2521.7657      12560.488     -7935.062      -515.37144      56784.605      38.436474      38.436474      38.436474      1.4691928      34136.994      30460.084      32601.736    
     37000   37000          300.7037       31428.472      36769.668      10746.692      7169.8286      3576.8633      2648.4712      5699.1763     -6674.4692     -61.942167     -2652.2406      12547.109     -7929.2409     -515.45785      56775.086      38.434326      38.434326      38.434326      1.4694392      32433.573      31385.361      30466.482    
     38000   38000          305.06853      31755.238      37222.099      10855.079      7273.9014      3581.1781      2531.8195      5762.7101     -6656.6441     -60.666343     -2632.7056      12571.67      -7935.0055     -514.02137      56933.749      38.470095      38.470095      38.470095      1.4653441      29942.883      32316.535      33006.296    
     39000   39000          307.1855       29088.657      35065.749      10844.654      7324.3773      3520.2768      2548.5923      5736.9715     -6684.7705     -61.261018     -2663.733       12573.274     -7928.7966     -512.5742       57094.493      38.506266      38.506266      38.506266      1.4612186      28914.891      30750.372      27600.709    
     40000   40000          300.60315      31156.103      36634.195      10757.269      7167.4311      3589.8376      2605.684       5708.4902     -6712.4274     -59.621744     -2607.3756      12586.007     -7930.9191     -513.87477      56949.992      38.473753      38.473753      38.473753      1.4649262      32664.929      30649.794      30153.585    
     41000   41000          296.08543      27893.406      33811.96       10547.095      7059.7129      3487.3819      2576.176       5645.5909     -6648.7526     -58.387372     -2666.679       12570.644     -7931.2102     -511.71465      57190.396      38.527814      38.527814      38.527814      1.4587683      29096.421      26973.594      27610.202    
     42000   42000          301.42001      29298.42       35143.558      10609.316      7186.9078      3422.4086      2579.63        5760.5062     -6741.6932     -66.39445      -2740.8585      12559.319     -7928.1009     -509.68096      57418.593      38.57899       38.57899       38.57899       1.4529707      30940.179      28489.502      28465.58     
     43000   43000          297.48215      29091.928      34868.264      10530.374      7093.0155      3437.3586      2577.9003      5699.65       -6690.9822     -62.979006     -2735.8094      12572.838     -7923.2592     -510.17178      57363.352      38.566614      38.566614      38.566614      1.4543699      29282.634      27858.997      30134.154    
     44000   44000          303.22687      28840.799      34900.931      10707.911      7229.9897      3477.9211      2596.1068      5682.4563     -6640.5428     -60.705961     -2745.5303      12576.057     -7929.9197     -508.79641      57518.416      38.601333      38.601333      38.601333      1.4504491      28591.982      29339.504      28590.911    
     45000   45000          300.35678      28087.834      34084.459      10460.472      7161.5568      3298.9152      2521.7619      5712.9748     -6660.2605     -63.6212       -2835.8534      12558.779     -7934.8654     -507.44842      57671.208      38.635483      38.635483      38.635483      1.4466063      28712.136      26754.544      28796.822    
     46000   46000          302.84719      27443.416      33617.232      10481.146      7220.9368      3260.2092      2535.3959      5733.1462     -6700.2942     -64.669626     -2892.7037      12579.678     -7930.343      -506.26175      57806.388      38.665647      38.665647      38.665647      1.4432235      28675.113      28108.027      25547.108    
     47000   47000          294.43689      26098.855      32238.113      10213.583      7020.4058      3193.1775      2506.0716      5674.8835     -6648.459      -64.288478     -2915.1738      12572.249     -7932.1058     -505.75672      57864.112      38.678513      38.678513      38.678513      1.4417837      26911.073      26129.44       25256.052    
     48000   48000          297.8616       24925.496      31451.14       10292.532      7102.0629      3190.469       2566.9123      5699.3277     -6635.5473     -63.771711     -3001.4747      12561.533     -7936.5104     -502.78644      58205.953      38.754529      38.754529      38.754529      1.4333162      24074.045      25749.274      24953.168    
     49000   49000          301.24755      25018.656      31448.424      10195.928      7182.7958      3013.1324      2478.468       5654.2897     -6668.3428     -57.856911     -3044.8077      12581.118     -7929.736      -502.43615      58246.532      38.763533      38.763533      38.763533      1.4323176      25981.118      22750.492      26324.358    
     50000   50000          299.99574      25143.051      31791.491      10359.421      7152.9483      3206.4729      2601.6021      5825.7918     -6740.5532     -64.223851     -3053.838       12569.161     -7931.4671     -500.70359      58448.081      38.808193      38.808193      38.808193      1.4273785      24988.875      24650.021      25790.255    
     51000   51000          296.56134      24105.531      30769.831      10245.008      7071.0602      3173.9476      2572.8609      5667.5495     -6643.4945     -61.892146     -3008.5023      12578.858     -7931.4314     -501.26124      58383.057      38.793796      38.793796      38.793796      1.4289683      23563.483      25518.173      23234.937    
     52000   52000          298.10743      24300.194      31047.401      10305.944      7107.9245      3198.0196      2546.7802      5757.2471     -6658.8095     -66.064047     -3034.7216      12579.012     -7925.4249     -500.03144      58526.647      38.825574      38.825574      38.825574      1.4254624      26012.389      24245.865      22642.327    
     53000   53000          299.61128      23062.749      29927.492      10136.38       7143.7814      2992.5985      2579.4926      5643.9442     -6668.0574     -61.266351     -3133.1901      12561.664     -7929.9884     -497.3564       58841.434      38.895057      38.895057      38.895057      1.4178365      24439.051      20755.78       23993.416    
     54000   54000          302.44059      24243.642      31178.287      10354.08       7211.2421      3142.8381      2560.9074      5761.9611     -6636.6802     -65.858441     -3122.611       12577.666     -7932.5463     -496.88541      58897.209      38.907343      38.907343      38.907343      1.4164939      24395.583      23891.286      24444.056    
     55000   55000          299.79852      21900.822      28977.047      10154.664      7148.2458      3006.418       2529.1828      5698.8199     -6681.1968     -64.398154     -3125.4796      12581.509     -7932.019      -496.60679      58930.253      38.914618      38.914618      38.914618      1.4156996      21876.444      22432.761      21393.261    
     56000   56000          295.84784      23868.349      30579.456      10015.451      7054.0478      2961.4035      2516.4267      5650.126      -6710.974      -62.819532     -3112.1355      12606.977     -7926.197      -495.38349      59075.775      38.946623      38.946623      38.946623      1.4122123      24536.441      22501.721      24566.884    
     57000   57000          299.39676      20548.227      27909.719      10137.13       7138.6665      2998.4632      2534.3933      5710.3785     -6632.0162     -63.618372     -3201.0883      12585.264     -7934.85       -493.45834      59306.25       38.997206      38.997206      38.997206      1.4067242      18428.122      20771.518      22445.041    
     58000   58000          299.70232      22809.745      29811.823      10123.532      7145.9522      2977.5801      2551.5784      5722.0713     -6698.6912     -60.218209     -3213.415       12610.907     -7934.6525     -494.46921      59185.007      38.970613      38.970613      38.970613      1.4096059      23112.857      20451.941      24864.437    
     59000   59000          298.16683      21380.055      28646.096      10092.577      7109.3408      2983.236       2573.2119      5616.8199     -6643.5755     -58.666766     -3192.9233      12620.595     -7932.2248     -491.82359      59503.375      39.040365      39.040365      39.040365      1.4020639      20817.661      21384.894      21937.609    
     60000   60000          298.61542      19918.487      27274.965      9894.8119      7120.0366      2774.7754      2521.5723      5692.194      -6706.3053     -61.60279      -3352.2706      12611.122     -7929.9343     -489.13598      59830.323      39.111738      39.111738      39.111738      1.3944022      20834.654      18590.87       20329.938    
     61000   61000          297.86151      20025.625      27536.225      9996.6077      7102.0607      2894.547       2582.6487      5619.2507     -6639.7938     -60.905611     -3290.3933      12619.285     -7935.5441     -487.29595      60056.242      39.160905      39.160905      39.160905      1.3891568      19190.541      20492.567      20393.766    
     62000   62000          297.80709      18844.99       26338.711      9885.4684      7100.7633      2784.7052      2478.9805      5764.909      -6722.89       -60.828334     -3369.872       12626.661     -7932.2549     -488.84509      59865.926      39.119494      39.119494      39.119494      1.393573       16907.837      19695.998      19931.134    
     63000   63000          300.61503      17153.047      25092.793      10034.578      7167.7143      2866.8633      2607.7513      5690.5504     -6687.323      -60.474068     -3341.3014      12594.153     -7936.4928     -486.17723      60194.435      39.190919      39.190919      39.190919      1.3859676      17295.908      17285.669      16877.564    
     64000   64000          298.83345      18201.482      25957.315      10029.346      7125.2351      2904.1106      2586.5645      5715.8969     -6707.2969     -58.3371       -3307.292       12609.404     -7934.8286     -487.72294      60003.664      39.149473      39.149473      39.149473      1.390374       17139.82       18389.107      19075.519    
     65000   65000          300.24694      18773.628      26581.481      10068.086      7158.9377      2909.1483      2649.204       5690.9239     -6686.8699     -66.59916      -3347.3349      12604.672     -7934.8479     -485.21999      60313.187      39.216674      39.216674      39.216674      1.3832387      17892.424      18786.028      19642.431    
     66000   66000          301.49855      16052.72       24235.761      10019.102      7188.7805      2830.3218      2608.6775      5825.6281     -6707.4025     -65.014416     -3507.5536      12611.051     -7935.0644     -481.92332      60725.768      39.305893      39.305893      39.305893      1.3738408      16991.714      16768.092      14398.355    
     67000   67000          293.9906       16867.887      24871.924      9937.887       7009.7647      2928.1223      2643.6057      5741.3116     -6662.5105     -60.910671     -3411.8259      12612.396     -7933.9443     -482.07021      60707.265      39.301901      39.301901      39.301901      1.3742595      16187.547      18655.74       15760.373    
     68000   68000          302.68422      16466.376      24487.714      9902.8964      7217.051       2685.8454      2594.3486      5707.1858     -6735.812      -61.813528     -3495.0414      12614.896     -7937.9185     -481.86333      60733.328      39.307524      39.307524      39.307524      1.3736697      14979.044      18331.326      16088.757    
     69000   69000          305.63932      14139.05       22536.957      9903.8677      7287.511       2616.3567      2595.2797      5654.4474     -6690.9239     -60.852157     -3543.1107      12600.625     -7939.1087     -477.6805       61265.142      39.421924      39.421924      39.421924      1.3617456      14116.482      14714.409      13586.259    
     70000   70000          297.94386      14775.43       22992.179      9816.1618      7104.0243      2712.1375      2589.8011      5832.4        -6753.1076     -66.581641     -3572.133       12615.045     -7933.2865     -478.61114      61146.014      39.396356      39.396356      39.396356      1.3643986      14833.194      13990.862      15502.234    
     71000   71000          303.8381       14790.283      23218.864      9941.8491      7244.5636      2697.2854      2603.8999      5796.5789     -6764.721      -62.32824      -3543.8785      12601.208     -7933.4732     -475.44784      61552.838      39.483535      39.483535      39.483535      1.3553808      14570.163      15315.985      14484.7      
     72000   72000          292.70274      13667.648      21907.655      9631.1346      6979.0577      2652.0768      2575.7651      5738.9702     -6712.5729     -62.164633     -3599.1639      12639.451     -7928.2081     -475.16597      61589.35       39.49134       39.49134       39.49134       1.3545773      14025.511      14217.218      12760.215    
     73000   73000          305.6039       14052.043      22687.735      9995.0368      7286.6665      2708.3703      2599.2179      5786.2653     -6723.0423     -62.645947     -3590.2253      12628.502     -7929.7016     -472.5115       61935.347      39.565154      39.565154      39.565154      1.3470101      14676.037      12831.014      14649.079    
     74000   74000          299.20246      12780.311      21207.667      9684.9651      7134.0338      2550.9313      2609.5966      5740.1765     -6742.6747     -63.391174     -3654.6486      12601.429     -7939.5564     -473.38437      61821.145      39.540821      39.540821      39.540821      1.3494984      11574.454      12494.91       14271.568    
     75000   75000          298.9145       11628.993      20108.885      9548.5236      7127.1678      2421.3558      2616.1371      5603.2346     -6746.4725     -60.28717      -3710.0943      12647.046     -7928.2078     -469.99166      62267.41       39.635737      39.635737      39.635737      1.3398267      11259.228      11616.145      12011.606    
     76000   76000          301.00093      12869.295      21427.483      9720.8564      7176.9155      2543.9409      2547.1716      5928.4037     -6825.323      -63.580994     -3756.4667      12648.385     -7934.6489     -469.19116      62373.646      39.658265      39.658265      39.658265      1.3375446      12571.968      13072.823      12963.094    
     77000   77000          299.16381      10672.949      19329.63       9564.5874      7133.1121      2431.4753      2597.2789      5665.4139     -6748.6459     -62.294546     -3736.3313      12651.198     -7935.1436     -466.48444      62735.562      39.734821      39.734821      39.734821      1.3298284      9058.2144      13570.813      9389.8201    
     78000   78000          299.98015      11288.988      20023.023      9662.1185      7152.5765      2509.5419      2604.0323      5731.6421     -6753.1813     -59.596626     -3734.8949      12658.433     -7936.8927     -465.03347      62931.306      39.776104      39.776104      39.776104      1.3256921      11469.396      11495.678      10901.891    
     79000   79000          296.45016      10747.03       19476.349      9598.7218      7068.4093      2530.3125      2672.0103      5651.4758     -6660.1454     -63.420754     -3757.3868      12623.088     -7935.3085     -464.36841      63021.436      39.795084      39.795084      39.795084      1.3237962      11463.279      11525.478      9252.3321    
     80000   80000          301.68052      8770.6481      17765.315      9642.5696      7193.1194      2449.4502      2596.8957      5666.3183     -6692.4972     -61.530163     -3786.9885      12663.062     -7935.8098     -460.84585      63503.151      39.896221      39.896221      39.896221      1.3137543      7881.4554      9377.8032      9052.6856    
     81000   81000          296.44464      9921.1314      18663.027      9495.211       7068.2777      2426.9334      2587.8135      5653.7978     -6682.003      -61.896265     -3795.2541      12659.253     -7934.7778     -461.87254      63361.991      39.866637      39.866637      39.866637      1.3166811      8499.631       11001.318      10262.445    
     82000   82000          306.70708      8949.9113      18071.059      9747.0373      7312.9702      2434.0671      2649.0342      5608.9575     -6675.974      -62.740819     -3792.17        12646.546     -7939.5857     -458.89397      63773.258      39.952706      39.952706      39.952706      1.30819        8463.9449      9685.4031      8700.3859    
     83000   83000          298.50588      9160.6481      18044.692      9466.7534      7117.4249      2349.3285      2552.8545      5665.1169     -6744.4366     -62.933281     -3792.4629      12668.309     -7937.1187     -455.79559      64206.772      40.043031      40.043031      40.043031      1.2993573      9026.8639      9427.696       9027.3845    
     84000   84000          297.82905      7987.9607      17115.379      9575.6597      7101.2867      2474.373       2644.971       5882.2655     -6863.3938     -59.874973     -3909.76        12704.212     -7924.0465     -452.17609      64720.723      40.149591      40.149591      40.149591      1.289039       8815.52        8964.2851      6184.077     
     85000   85000          299.00046      8700.6182      17759.439      9579.4168      7129.2174      2450.1993      2665.311       5742.4196     -6763.1486     -63.801943     -3878.6081      12675.791     -7927.7634     -453.96509      64465.669      40.09678       40.09678       40.09678       1.294139       7522.1362      9378.0725      9201.6461    
     86000   86000          299.15528      5384.5488      14541.55       9427.3805      7132.9088      2294.4717      2608.6359      5653.1737     -6810.6005     -64.727579     -3882.8287      12714.761     -7923.9422     -449.36687      65125.325      40.233082      40.233082      40.233082      1.2810306      6340.9162      4925.5171      4887.2131    
     87000   87000          299.10945      6270.4069      15540.507      9558.622       7131.8161      2426.8059      2632.2989      5782.7225     -6804.8809     -62.783701     -3919.1266      12722.811     -7924.2354     -447.38822      65413.353      40.292307      40.292307      40.292307      1.27539        5712.5417      7602.653       5496.0262    
     88000   88000          303.82223      5797.1048      15221.629      9653.3417      7244.1852      2409.1566      2575.5343      5849.6429     -6855.2067     -61.379674     -3885.3344      12711.156     -7925.2557     -444.34098      65861.95       40.384204      40.384204      40.384204      1.2667031      5862.3872      6745.0222      4783.9051    
     89000   89000          301.92195      5299.7229      14810.399      9686.5376      7198.8758      2487.6618      2640.8325      5852.5957     -6846.6281     -63.665519     -3865.7055      12694.007     -7923.7744     -441.4511       66293.104      40.472135      40.472135      40.472135      1.2584648      6066.4546      4392.8404      5439.8736    
     90000   90000          300.67843      4989.1738      14511.258      9650.1425      7169.226       2480.9166      2614.4829      5740.7324     -6795.6054     -63.683947     -3840.7802      12737.137     -7911.3658     -438.04584      66808.45       40.576738      40.576738      40.576738      1.2487572      4716.48        5782.1317      4468.9096    
     91000   91000          301.16574      4643.0826      14174.13       9639.482       7180.8452      2458.6368      2668.9849      5672.8227     -6770.0771     -63.947411     -3831.6743      12702.915     -7920.3867     -437.00828      66967.07       40.608826      40.608826      40.608826      1.2457994      4066.1572      3428.9966      6434.094     
     92000   92000          299.71321      4201.7301      13731.794      9591.237       7146.2117      2445.0252      2671.1405      5677.6064     -6839.6625     -63.713376     -3798.3314      12721.99      -7924.0041     -433.10805      67570.121      40.730358      40.730358      40.730358      1.2346809      4447.2245      3508.7136      4649.2524    
     93000   93000          304.59543      3527.5605      13266.79       9767.0802      7262.6211      2504.4591      2699.2859      5718.1015     -6788.3872     -59.087786     -3936.1445      12769.037     -7898.3454     -430.19885      68027.061      40.821965      40.821965      40.821965      1.2263875      2866.2926      3908.8983      3807.4907    
     94000   94000          300.56764      2171.8054      11799.872      9627.4451      7166.5843      2460.8607      2676.1468      5724.1901     -6776.4507     -64.058094     -3908.0864      12731.98      -7922.8606     -426.68019      68588.053      40.933872      40.933872      40.933872      1.2163567      1675.458       2184.6933      2655.2649    
     95000   95000          299.71868      1350.582       11032.903      9673.7642      7146.3422      2527.422       2680.5599      5704.8283     -6812.684      -62.953313     -3839.34        12762.898     -7905.8869     -424.11541      69002.83       41.01622       41.01622       41.01622       1.2090451      485.5367       1898.6112      1667.598     
     96000   96000          297.66379      1272.6907      10876.445      9583.0425      7097.3465      2485.696       2682.9059      5694.1341     -6841.6938     -62.15005      -3858.6577      12775.616     -7904.458      -419.96771      69684.318      41.150806      41.150806      41.150806      1.1972211      256.47388      1979.4459      1582.1525    
     97000   97000          301.79301      2303.4935      12105.698      9749.1568      7195.8016      2553.3552      2679.5327      5805.7583     -6836.1152     -64.44377      -3881.2229      12767.654     -7917.8079     -417.19474      70147.489      41.241778      41.241778      41.241778      1.1893161      848.95552      2708.8158      3352.7091    
     98000   98000          298.62051     -207.52395      9479.9288      9695.6267      7120.1581      2575.4686      2605.5522      5840.4703     -6824.5819     -63.891271     -3814.4021      12744.461     -7912.1393     -410.62864      71269.173      41.46044       41.46044       41.46044       1.1705978     -728.54529     -304.69878      410.67221    
     99000   99000          300.07157      441.28546      10275.953      9812.9867      7154.7564      2658.2303      2683.5815      5797.567      -6873.719      -60.923594     -3784.124       12791.822     -7895.9733     -406.81469      71937.333      41.589603      41.589603      41.589603      1.1597252      2379.762      -1732.1382      676.23256    
    100000   100000         298.85525      529.38385      10393.274      9832.3732      7125.7551      2706.6181      2733.3265      5722.899      -6806.5126     -65.566042     -3767.1448      12789.855     -7900.2384     -402.82054      72650.625      41.726611      41.726611      41.726611      1.1483389      1346.3568      1835.5003     -1593.7056    
Loop time of 201.632 on 1 procs for 100000 steps with 8000 atoms

Performance: 42.850 ns/day, 0.560 hours/ns, 495.953 timesteps/s, 3.968 Matom-step/s
100.0% CPU use with 1 MPI tasks x 1 OpenMP threads

MPI task timing breakdown:
Section |  min time  |  avg time  |  max time  |%varavg| %total
---------------------------------------------------------------
Pair    | 32.624     | 32.624     | 32.624     |   0.0 | 16.18
Bond    | 21.804     | 21.804     | 21.804     |   0.0 | 10.81
Kspace  | 92.361     | 92.361     | 92.361     |   0.0 | 45.81
Neigh   | 16.995     | 16.995     | 16.995     |   0.0 |  8.43
Comm    | 2.5047     | 2.5047     | 2.5047     |   0.0 |  1.24
Output  | 1.1144     | 1.1144     | 1.1144     |   0.0 |  0.55
Modify  | 30.222     | 30.222     | 30.222     |   0.0 | 14.99
Other   |            | 4.006      |            |       |  1.99

Nlocal:           8000 ave        8000 max        8000 min
Histogram: 1 0 0 0 0 0 0 0 0 0
Nghost:          21903 ave       21903 max       21903 min
Histogram: 1 0 0 0 0 0 0 0 0 0
Neighs:              0 ave           0 max           0 min
Histogram: 1 0 0 0 0 0 0 0 0 0
FullNghs:  5.60127e+06 ave 5.60127e+06 max 5.60127e+06 min
Histogram: 1 0 0 0 0 0 0 0 0 0

Total # of neighbors = 5601266
Ave neighs/atom = 700.15825
Ave special neighs/atom = 5.7025
Neighbor list builds = 2798
Dangerous builds = 0

# --- Cleanup ---
unfix npt_fix

undump dump_npt

# --- Write Output ---
write_dump all custom npt_ff_activate_last.dump id type mol x y z xu yu zu vx vy vz modify sort id
write_data /home/alexzhao/PolyJarvis/data/PEG_COMPASS_2/attempts/equilibration/attempt-0001/work/npt_ff_activate/npt_ff_activate_out.data
System init for write_data ...
PPPM Kokkos initialization ...
  using 12-bit tables for long-range coulomb
  G vector (1/distance) = 0.30662207
  grid = 32 32 32
  stencil order = 5
  estimated absolute RMS force accuracy = 0.00036154061
  estimated relative force accuracy = 1.0887688e-06
  using double precision cuFFT
  3d grid and FFT values/proc = 59319 32768
Generated 15 of 15 mixed pair_coeff terms from sixthpower/sixthpower mixing rule
write_restart /home/alexzhao/PolyJarvis/data/PEG_COMPASS_2/attempts/equilibration/attempt-0001/work/npt_ff_activate/npt_ff_activate_out.restart
System init for write_restart ...
PPPM Kokkos initialization ...
  using 12-bit tables for long-range coulomb
  G vector (1/distance) = 0.30662207
  grid = 32 32 32
  stencil order = 5
  estimated absolute RMS force accuracy = 0.00036154061
  estimated relative force accuracy = 1.0887688e-06
  using double precision cuFFT
  3d grid and FFT values/proc = 59319 32768
Generated 15 of 15 mixed pair_coeff terms from sixthpower/sixthpower mixing rule

print "STAGE COMPLETE: NPT T=300.0->300.0K P=50000.0->1.0atm steps=100000"
STAGE COMPLETE: NPT T=300.0->300.0K P=50000.0->1.0atm steps=100000
quit
