units real
atom_style full
boundary p p p

# --- Force Field Styles ---
pair_style lj/class2/coul/long 9.5 9.5
kspace_style pppm 1e-6
dielectric 1.000000
bond_style class2
angle_style class2
dihedral_style class2
improper_style class2
special_bonds lj/coul 0 0 1
pair_modify mix sixthpower tail yes
neighbor 2.0 bin
neigh_modify delay 0 every 1 check yes
neigh_modify one 4000
# KOKKOS: package loaded via -pk kokkos on the command line

read_data /home/arz2/PolyJarvis_v2/data/sPVC_2/attempts/cooling/attempt-0001/work/cool_block_09/cool_block_09_out.data
Reading data file ...
  orthogonal box = (6.722377 6.722377 6.722377) to (46.970316 46.970316 46.970316)
  1 by 1 by 1 MPI processor grid
  reading atoms ...
  4940 atoms
  reading velocities ...
  4940 velocities
  scanning bonds ...
  4 = max bonds/atom
  scanning angles ...
  12 = max angles/atom
  scanning dihedrals ...
  24 = max dihedrals/atom
  scanning impropers ...
  10 = max impropers/atom
  orthogonal box = (6.722377 6.722377 6.722377) to (46.970316 46.970316 46.970316)
  1 by 1 by 1 MPI processor grid
  reading bonds ...
  4930 bonds
  reading angles ...
  9840 angles
  reading dihedrals ...
  14670 dihedrals
  reading impropers ...
  6560 impropers
Finding 1-2 1-3 1-4 neighbors ...
  special bond factors lj:    0        0        1       
  special bond factors coul:  0        0        1       
     4 = max # of 1-2 neighbors
     6 = max # of 1-3 neighbors
    10 = max # of special neighbors
  special bonds CPU = 0.003 seconds
  read_data CPU = 0.193 seconds


# --- Thermo Output ---
thermo_style custom step time temp press enthalpy etotal ke pe ebond eangle edihed eimp evdwl ecoul elong etail vol lx ly lz density pxx pyy pzz
thermo_modify flush yes
thermo 1000

# --- Trajectory ---
dump dump_npt all custom 1000 cool_block_10.dump id type mol x y z ix iy iz vx vy vz


# --- Restart Checkpointing ---
restart 10000 npt_1.rst npt_2.rst

# --- Initial Velocities (optional) ---
# Velocities read from data file

# --- SHAKE Constraints ---
# SHAKE disabled

# --- NPT Thermostat + Barostat (Nose-Hoover) ---
# T_damp = 100.0 fs  (heat bath coupling)
# P_damp = 1000.0 fs  (pressure bath coupling, ~10x T_damp typical)
# Ramp: T=346.0->321.0K  P=1.0->1.0atm
timestep 1.0
fix npt_fix all npt temp 346.0 321.0 100.0 iso 1.0 1.0 1000.0

run 250000
PPPM Kokkos initialization ...
  using 12-bit tables for long-range coulomb
  G vector (1/distance) = 0.29556788
  grid = 27 27 27
  stencil order = 5
  estimated absolute RMS force accuracy = 0.00036647143
  estimated relative force accuracy = 1.1036178e-06
  using double precision cuFFT
  3d grid and FFT values/proc = 39304 19683
Generated 6 of 6 mixed pair_coeff terms from sixthpower/sixthpower mixing rule
Neighbor list info ...
  update: every = 1 steps, delay = 0 steps, check = yes
  max neighbors/atom: 4000, page size: 100000
  master list distance cutoff = 11.5
  ghost atom cutoff = 11.5
  binsize = 11.5, bins = 4 4 4
  1 neighbor lists, perpetual/occasional/extra = 1 0 0
  (1) pair lj/class2/coul/long/kk, perpetual
      attributes: full, newton off, kokkos_device
      pair build: full/bin/kk/device
      stencil: full/bin/3d
      bin: kk/device
Per MPI rank memory allocation (min/avg/max) = 28.81 | 28.81 | 28.81 Mbytes
   Step          Time           Temp          Press         Enthalpy        TotEng         KinEng         PotEng         E_bond        E_angle        E_dihed        E_impro         E_vdwl         E_coul         E_long         E_tail         Volume           Lx             Ly             Lz          Density          Pxx            Pyy            Pzz      
         0   0              342.18943      488.66463      1333.3938      868.75255      5037.7884     -4169.0359      2042.4129      3001.0339     -2822.6097      23.038659     -1099.8722     -2237.4872     -3075.5523     -362.1857       65197.499      40.247939      40.247939      40.247939      1.3058019      351.21824      210.51333      904.26233    
      1000   1000           347.89166     -1223.755      -263.33406      899.94119      5121.7379     -4221.7967      2064.8069      2994.3533     -2825.4936      22.381915     -1170.9764     -2225.9403     -3080.9285     -362.28479      65179.667      40.244269      40.244269      40.244269      1.3061592     -1256.6169     -1788.7469     -625.90112    
      2000   2000           351.65182      526.50814      1479.9624      980.94944      5177.0958     -4196.1463      1968.4529      2982.9314     -2762.4352      21.564403     -1101.8707     -2229.061      -3075.7282     -363.35521      64987.652      40.204711      40.204711      40.204711      1.3100184      933.52956     -8.5850922      654.57994    
      3000   3000           347.29524      998.74554      1760.4768      815.27157      5112.9572     -4297.6857      1985.8326      2959.8086     -2828.5868      21.608598     -1124.9189     -2231.3902     -3080.0396     -363.88725      64892.633      40.185107      40.185107      40.185107      1.3119366      1655.7741     -315.76958      1656.2321    
      4000   4000           346.28579      80.887444      857.25093      780.65733      5098.0959     -4317.4386      1961.3031      2937.9911     -2794.5301      20.943891     -1129.8532     -2232.837      -3080.4563     -363.68616      64928.513      40.192512      40.192512      40.192512      1.3112116      600.41073     -9.4149925     -348.33341    
      5000   5000           350.87711      26.420751      906.62715      881.4168       5165.6903     -4284.2735      2019.609       2859.8407     -2802.2885      19.432634     -1070.9862     -2231.6715     -3078.2096     -360.91463      65427.111      40.295132      40.295132      40.295132      1.3012193      280.23606      403.48159     -604.45539    
      6000   6000           344.83555     -621.63558      227.81057      819.31216      5076.7451     -4257.433       2000.724       2959.3492     -2817.5364      20.809049     -1113.7669     -2228.2854     -3078.7265     -361.92457      65244.539      40.257616      40.257616      40.257616      1.3048605     -949.66396     -808.46442     -106.77835    
      7000   7000           336.15755      216.83345      933.77603      729.45083      4948.9857     -4219.5348      1997.9499      2989.2624     -2800.7373      21.272878     -1122.3565     -2226.4792     -3078.4471     -365.46219      64612.982      40.127299      40.127299      40.127299      1.3176148      746.70515      303.74978     -399.95459    
      8000   8000           350.37817      568.52161      1475.2355      936.24731      5158.3449     -4222.0975      2068.8848      2947.1864     -2812.4689      21.688369     -1141.4851     -2224.4664     -3081.4367     -363.25022      65006.435      40.208584      40.208584      40.208584      1.3096399      1007.3059      257.29649      440.96249    
      9000   9000           343.46575     -1340.1396     -500.84741      763.50666      5056.5786     -4293.072       2045.8183      2952.1253     -2804.9872      21.029537     -1194.8939     -2231.643      -3080.521      -365.02234      64690.84       40.14341       40.14341       40.14341       1.316029      -1746.6244     -134.64971     -2139.1446    
     10000   10000          345.48218     -938.34761     -28.346596      862.86011      5086.2649     -4223.4048      2040.2765      3022.9088     -2804.2629      22.399987     -1200.2455     -2225.252      -3079.2298     -362.59635      65123.661      40.232739      40.232739      40.232739      1.3072825     -805.2162      -25.486837     -1984.3398    
     11000   11000          342.60369      312.93644      1070.014       770.33743      5043.8872     -4273.5498      1955.6815      2967.0534     -2833.536       22.308805     -1075.8405     -2231.0888     -3078.1282     -359.618        65663.013      40.343503      40.343503      40.343503      1.2965445     -308.45323      1386.2873     -139.02472    
     12000   12000          347.16628      628.61726      1345.0243      754.07075      5111.0587     -4356.988       1897.0869      2977.2588     -2806.9239      22.325944     -1133.8688     -2233.3898     -3079.4772     -366.32884      64460.122      40.09563       40.09563       40.09563       1.3207393      1323.5881     -849.25746      1411.5211    
     13000   13000          345.08422      196.05757      1004.0795      819.23822      5080.406      -4261.1678      2009.09        2907.6354     -2793.9334      19.677005     -1099.9977     -2227.9972     -3075.6419     -365.27742      64645.666      40.134064      40.134064      40.134064      1.3169486      428.90704     -270.80064      430.06633    
     14000   14000          339.67438     -980.75507     -184.17415      753.11371      5000.7613     -4247.6476      2038.4029      2937.3458     -2820.712       21.611383     -1127.8159     -2218.5894     -3077.8903     -360.35097      65529.453      40.316131      40.316131      40.316131      1.2991871      362.93601     -2178.8185     -1126.3827    
     15000   15000          343.34761     -1033.1368     -173.52423      802.90131      5054.8394     -4251.938       2018.331       2946.473      -2790.3284      22.210477     -1140.2233     -2233.2823     -3075.1185     -364.38194      64804.534      40.166914      40.166914      40.166914      1.3137201     -1372.3314     -1030.5457     -696.53335    
     16000   16000          345.78652      269.26924      1026.2546      771.25194      5090.7455     -4319.4935      1953.3889      3003.5868     -2804.3019      21.473249     -1183.2652     -2225.4518     -3084.9236     -363.64718      64935.474      40.193948      40.193948      40.193948      1.3110711      1343.5143     -868.17568      332.46909    
     17000   17000          343.41306     -67.507446      770.40646      834.33293      5055.8029     -4221.47        2049.0854      2956.2948     -2797.5559      21.999829     -1134.9179     -2237.1105     -3079.2657     -363.67134      64931.159      40.193058      40.193058      40.193058      1.3111582     -352.96988      593.28189     -442.83434    
     18000   18000          340.33965      825.20406      1436.6223      659.15584      5010.5555     -4351.3997      1940.4766      2945.3222     -2806.0107      21.81938      -1139.2865     -2230.8978     -3082.8229     -365.5256       64601.772      40.124978      40.124978      40.124978      1.3178434      652.41612      1488.1499      335.04613    
     19000   19000          343.80736      930.48707      1683.0638      803.02443      5061.6079     -4258.5834      1958.4191      2945.1195     -2792.9371      20.810928     -1081.8374     -2231.3529     -3076.8056     -364.12153      64850.88       40.176487      40.176487      40.176487      1.3127812      1797.9647      547.08261      446.41389    
     20000   20000          337.63002     -850.89165     -158.86401      643.96587      4970.6637     -4326.6978      1999.2128      2924.5034     -2817.7146      21.816714     -1151.3054     -2228.9771     -3074.2336     -364.99663      64695.397      40.144353      40.144353      40.144353      1.3159363     -2788.3613      854.69781     -619.01149    
     21000   21000          338.11647     -267.38086      532.09105      783.51528      4977.8254     -4194.3101      2071.1694      2958.5838     -2786.5761      20.095916     -1150.3139     -2229.3774     -3077.8918     -366.23622      64476.423      40.09901       40.09901       40.09901       1.3204054     -360.29465     -920.88634      479.03842    
     22000   22000          342.54862      152.03831      875.57491      732.18053      5043.0764     -4310.8958      1940.1038      2929.0164     -2787.2723      21.859811     -1108.3155     -2230.5112     -3075.7768     -365.13967      64670.053      40.13911       40.13911       40.13911       1.316452       987.81883     -1313.0805      781.37658    
     23000   23000          345.66616     -1184.3466     -318.24099      807.42142      5088.9736     -4281.5521      1990.9722      2983.7581     -2815.994       22.31203      -1160.7631     -2227.2052     -3074.6322     -362.33373      65170.862      40.242457      40.242457      40.242457      1.3063356     -448.74542     -1515.3776     -1588.9167    
     24000   24000          344.57292     -595.22463      90.78141       648.00702      5072.8786     -4424.8716      1959.3876      2903.7492     -2768.9735      20.85615      -1230.6348     -2227.4954     -3081.7608     -367.86456      64191.021      40.039757      40.039757      40.039757      1.3262761     -829.6836       757.31451     -1713.3048    
     25000   25000          337.70374     -82.196282      637.96406      715.17674      4971.7491     -4256.5723      1996.4606      3017.9987     -2836.5201      21.522528     -1151.7961     -2227.844      -3076.394      -366.60777      64411.077      40.085458      40.085458      40.085458      1.321745       1360.6645     -43.539265     -1563.7141    
     26000   26000          347.00836     -601.24492      291.8606       858.6269       5108.7337     -4250.1068      2033.8248      2927.8649     -2805.2995      20.930194     -1122.7906     -2227.1516     -3077.4849     -365.33016      64636.333      40.132132      40.132132      40.132132      1.3171388     -213.80284     -384.49248     -1205.4394    
     27000   27000          338.99175      949.66936      1595.2073      701.6373       4990.7114     -4289.0741      2010.4206      2925.4163     -2804.6344      21.450702     -1118.3698     -2237.3816     -3085.9759     -366.00072      64517.909      40.107608      40.107608      40.107608      1.3195564      565.26415      2263.121       20.622946    
     28000   28000          344.97419     -108.5569       580.86715      682.75652      5078.7863     -4396.0297      2000.283       2882.1628     -2798.7492      21.520689     -1185.6377     -2233.4435     -3082.1659     -366.91601      64356.967      40.07423       40.07423       40.07423       1.3228563      0.95908554    -602.63043      276.00065    
     29000   29000          346.13232      642.29972      1397.4978      796.05412      5095.8365     -4299.7824      1983.9602      2965.0024     -2791.1814      21.719914     -1177.5297     -2226.2572     -3075.4967     -367.77389      64206.846      40.043047      40.043047      40.043047      1.3259492      278.27051      1804.0666     -155.43792    
     30000   30000          339.69055     -406.49724      335.01101      718.88799      5000.9993     -4282.1113      2014.8855      2957.5781     -2806.8918      22.234804     -1168.4824     -2223.0908     -3078.3448     -364.67304      64752.804      40.156223      40.156223      40.156223      1.3147696     -1229.4698      388.42968     -378.45162    
     31000   31000          338.44415     -712.62169      50.741483      721.43061      4982.6495     -4261.2189      2033.9197      2984.0143     -2798.4466      22.770141     -1204.064      -2221.6492     -3077.7633     -365.91136      64533.667      40.110873      40.110873      40.110873      1.3192342     -1139.6245     -1242.3879      244.14732    
     32000   32000          341.05722      103.29569      786.84489      689.30968      5021.1197     -4331.81        1986.1201      2950.1538     -2826.921       21.941766     -1135.2362     -2239.598      -3088.2703     -364.71945      64744.564      40.15452       40.15452       40.15452       1.3149369     -461.13943      434.7721       336.25441    
     33000   33000          342.49182      369.11197      975.58464      626.67468      5042.2402     -4415.5655      1958.7672      2877.8574     -2797.7463      21.548193     -1165.61       -2229.6457     -3080.7363     -364.3199       64815.569      40.169194      40.169194      40.169194      1.3134964     -269.79733      1432.9662     -55.832984    
     34000   34000          341.24338      212.8304       978.41734      778.82539      5023.8603     -4245.035       2019.99        3008.4235     -2836.0011      22.077936     -1161.2291     -2221.6867     -3076.6097     -367.22205      64303.332      40.063095      40.063095      40.063095      1.3239597     -435.48853      659.94209      414.03763    
     35000   35000          336.93305      78.151085      659.92467      586.31692      4960.4028     -4374.0858      2013.3369      2909.308      -2812.6807      21.520378     -1191.945      -2231.0944     -3082.531      -365.63657      64582.165      40.120918      40.120918      40.120918      1.3182435     -262.41768      487.4142       9.4567373    
     36000   36000          344.77945     -786.6355       8.9545778      747.78566      5075.9192     -4328.1336      2008.3533      2928.231      -2789.0424      21.840607     -1179.7845     -2229.9651     -3087.7666     -366.66251      64401.462      40.083464      40.083464      40.083464      1.3219423     -747.49647      204.20178     -1816.6118    
     37000   37000          335.69495      531.7798       1084.2362      584.94673      4942.1752     -4357.2285      1974.4015      2983.505      -2817.8018      22.938325     -1206.7709     -2230.8374     -3082.6632     -366.79002      64379.073      40.078818      40.078818      40.078818      1.3224021      485.02616      975.58777      134.72547    
     38000   38000          347.2481      -836.677       -110.12844      673.67092      5112.2631     -4438.5922      2018.4586      2879.0424     -2820.0121      21.149903     -1224.0084     -2228.5561     -3084.6665     -367.61316      64234.92       40.048882      40.048882      40.048882      1.3253697     -800.01122     -1747.2995      37.279747    
     39000   39000          343.96785      206.88097      948.95811      753.00057      5063.9706     -4310.97        2028.1065      2906.0943     -2807.6459      21.477544     -1139.834      -2233.7747     -3085.3938     -363.57724      64947.965      40.196526      40.196526      40.196526      1.3108189     -844.11438      758.40574      706.35153    
     40000   40000          340.0901      -819.16872     -54.759634      716.35715      5006.8816     -4290.5244      2015.1975      2917.886      -2765.3255      21.270587     -1185.9793     -2217.4349     -3076.1388     -365.84012      64546.234      40.113476      40.113476      40.113476      1.3189773     -1726.9526     -931.06814      200.51456    
     41000   41000          341.61654     -399.83267      321.95546      699.31062      5029.3542     -4330.0435      2006.2988      2915.8897     -2811.3747      20.84579      -1149.9263     -2228.1288     -3083.648      -364.89348      64713.685      40.148135      40.148135      40.148135      1.3155644     -1043.7825      579.65454     -735.37001    
     42000   42000          341.48517     -625.13922      150.70972      746.56394      5027.4201     -4280.8561      1995.8821      2920.0144     -2811.3812      21.13196      -1111.7282     -2219.1784     -3075.5968     -361.30573      65356.289      40.280587      40.280587      40.280587      1.3026293      268.22431     -1258.2849     -885.35708    
     43000   43000          343.92605     -54.205197      718.70457      770.18093      5063.3552     -4293.1743      2021.0226      2883.7102     -2795.0923      19.185552     -1127.4419     -2220.6602     -3073.8983     -362.63626      65116.494      40.231263      40.231263      40.231263      1.3074263      551.20206     -161.77579     -552.04186    
     44000   44000          342.98723      1684.1072      2483.4261      877.34385      5049.5337     -4172.1899      2083.4847      2905.6973     -2822.5404      21.166487     -1054.5313     -2226.2631     -3079.2035     -361.11046      65391.63       40.287847      40.287847      40.287847      1.3019253      1921.9647      2715.4382      414.91876    
     45000   45000          339.22223     -492.72147      179.1335       645.19556      4994.1046     -4348.909       1972.2782      2892.5813     -2786.0806      21.075126     -1147.629      -2223.9091     -3077.2249     -364.07919      64858.421      40.178044      40.178044      40.178044      1.3126286      27.86284      -810.26321     -695.76405    
     46000   46000          337.14806      661.48226      1224.1584      596.41053      4963.5682     -4367.1577      1939.8057      2916.3408     -2800.2802      21.995984     -1138.8825     -2225.2425     -3080.8951     -362.88675      65071.546      40.222004      40.222004      40.222004      1.3083294      351.13999      2785.0864     -1151.7796    
     47000   47000          344.22574      287.49148      991.56571      719.31962      5067.7674     -4348.4478      2016.6985      2849.7187     -2772.5548      20.977821     -1153.6664     -2225.7752     -3083.8464     -363.66496      64932.299      40.193293      40.193293      40.193293      1.3111351      303.39426     -317.01066      876.09085    
     48000   48000          343.45081      875.96076      1611.1804      788.40507      5056.3587     -4267.9536      1985.8031      2993.8373     -2815.8346      22.469817     -1153.6098     -2222.6353     -3077.984      -366.64143      64405.165      40.084232      40.084232      40.084232      1.3218663      2126.715      -1071.1366      1572.3039    
     49000   49000          340.46527      933.8072       1577.7532      698.18095      5012.405      -4314.224       1971.7773      2948.6484     -2818.0995      21.962008     -1138.8721     -2225.9184     -3073.7217     -365.61486      64586.001      40.121713      40.121713      40.121713      1.3181652      1443.8662      2009.8327     -652.27732    
     50000   50000          337.97073     -461.90538      156.54455      594.50617      4975.6798     -4381.1736      1938.2104      2882.289      -2806.248       21.069401     -1131.5344     -2210.6587     -3074.3012     -363.20774      65014.038      40.210152      40.210152      40.210152      1.3094867     -524.18592     -187.27344     -674.25677    
     51000   51000          345.29512      1077.4407      1855.6234      837.59938      5083.511      -4245.9116      1938.2041      2987.4059     -2776.3586      20.388617     -1119.9877     -2218.7197     -3076.8441     -364.47981      64787.131      40.163318      40.163318      40.163318      1.314073       743.44148      2751.5354     -262.65475    
     52000   52000          338.83511      915.56239      1455.6377      590.6292       4988.4053     -4397.7761      1888.0092      2945.9022     -2825.7996      20.108923     -1116.1422     -2229.3293     -3080.5254     -364.50685      64782.327      40.162325      40.162325      40.162325      1.3141704      1247.9199      1280.2283      218.53901    
     53000   53000          338.59292      112.95789      680.86025      574.66271      4984.8398     -4410.1771      1938.1639      2911.2957     -2819.9081      21.438424     -1150.6548     -2232.3949     -3078.1172     -366.30282      64464.7        40.096579      40.096579      40.096579      1.3206456      624.85357     -429.31935      143.33945    
     54000   54000          342.34349      223.71566      944.43278      733.93169      5040.0565     -4306.1248      2003.6982      2956.7849     -2819.2919      21.458654     -1171.8375     -2220.3967     -3076.5404     -365.99922      64518.174      40.107663      40.107663      40.107663      1.319551      -138.50935      855.22333     -45.567005    
     55000   55000          343.10097     -566.01737      80.898144      619.57902      5051.2083     -4431.6293      1971.6078      2874.0595     -2822.3157      21.212679     -1192.5498     -2208.5152     -3075.1286     -361.85645      65256.821      40.260142      40.260142      40.260142      1.3046149     -164.57638     -1285.4738     -248.00192    
     56000   56000          338.9533      -228.75832      469.58045      686.28413      4990.1453     -4303.8612      1988.0568      2971.3989     -2816.7992      22.10228      -1165.9702     -2225.7013     -3076.9485     -363.5371       64955.136      40.198005      40.198005      40.198005      1.3106742      300.62424     -1398.9175      412.01832    
     57000   57000          340.93546     -51.041702      490.35037      538.28416      5019.3272     -4481.043       1904.554       2845.8254     -2800.9576      21.264997     -1157.1098     -2221.6084     -3073.0115     -366.709        64393.297      40.08177       40.08177       40.08177       1.32211        796.48784      489.44857     -1439.0615    
     58000   58000          339.41502      330.87607      896.38843      582.92517      4996.9428     -4414.0177      1955.6553      2883.0556     -2808.4832      21.797666     -1183.0196     -2214.85       -3068.1735     -363.51039      64959.908      40.198989      40.198989      40.198989      1.3105779      1280.2758     -920.53664      632.88901    
     59000   59000          339.70398     -150.76888      568.41381      711.67862      5001.197      -4289.5184      1970.276       2958.2646     -2777.9184      21.275055     -1161.3963     -2223.7219     -3076.2973     -362.41844      65155.629      40.239321      40.239321      40.239321      1.3066411      417.44701     -515.94904     -353.80461    
     60000   60000          340.64279     -435.40642      258.47547      671.41435      5015.0184     -4343.604       2002.6324      2918.7679     -2840.5964      22.054956     -1157.7798     -2213.9671     -3074.716      -363.1175       65030.194      40.213482      40.213482      40.213482      1.3091614     -785.85185     -322.36938     -197.99803    
     61000   61000          339.29071      964.61435      1531.7736      612.63342      4995.1127     -4382.4793      1938.9096      2835.0859     -2783.0573      20.189729     -1100.4157     -2219.102      -3074.0894     -361.41825      65335.942      40.276407      40.276407      40.276407      1.303035       1467.1212      880.61449      546.10734    
     62000   62000          340.04767      1042.9589      1707.9098      708.64599      5006.2569     -4297.6109      1977.3615      2934.2864     -2797.7601      19.886286     -1140.2796     -2216.7149     -3074.3904     -359.43897      65695.72       40.3502        40.3502        40.3502        1.295899       2350.08        1262.3214     -483.52471    
     63000   63000          335.02166     -1173.7386     -409.43228      701.71972      4932.2629     -4230.5431      2033.9685      2930.0154     -2800.0506      19.884457     -1101.6204     -2232.374      -3080.3665     -363.77768      64912.178      40.189141      40.189141      40.189141      1.3115416     -1347.2939     -47.77475      -2126.1473    
     64000   64000          344.19177      556.59968      1156.883       633.36753      5067.2673     -4433.8998      1961.4457      2834.2212     -2808.3749      21.363436     -1140.1479     -2223.2064     -3079.201      -366.14369      64492.718      40.102387      40.102387      40.102387      1.3200718     -257.54006      593.47057      1333.8685    
     65000   65000          340.5089       10.256421      684.7952       675.13917      5013.0473     -4337.9081      1909.1307      2943.0219     -2799.9675      21.52366      -1103.7159     -2228.0496     -3079.8513     -365.7929       64554.566      40.115202      40.115202      40.115202      1.3188071      232.03622      1184.984      -1386.251     
     66000   66000          340.42168     -121.23919      655.74255      770.94429      5011.7631     -4240.8188      2018.6484      2965.5176     -2791.1062      21.443457     -1128.036      -2244.1225     -3083.1637     -362.42831      65153.856      40.238956      40.238956      40.238956      1.3066766      1951.7721     -2153.6252     -161.86449    
     67000   67000          333.74937      1233.4116      1873.1159      701.66555      4913.5319     -4211.8663      1938.3618      2953.2844     -2812.0973      20.790275     -992.54423     -2238.2881     -3081.3732     -362.59539      65123.834      40.232775      40.232775      40.232775      1.307279       66.903154      1583.9141      2049.4176    
     68000   68000          337.67697      779.26483      1358.0273      619.24445      4971.355      -4352.1105      1987.0341      2914.6143     -2822.0815      22.47737      -1147.1765     -2225.4436     -3081.5348     -363.25066      65006.356      40.208568      40.208568      40.208568      1.3096415      847.71328      616.24525      873.83597    
     69000   69000          339.64702     -519.37675      203.05914      695.40895      5000.3584     -4304.9494      2020.6309      2951.2397     -2823.5017      22.258148     -1174.5085     -2222.6404     -3078.4276     -363.28449      65000.303      40.20732       40.20732       40.20732       1.3097634     -900.44597     -1462.3841      804.69987    
     70000   70000          338.60684     -802.64345     -200.15211      563.10609      4985.0446     -4421.9386      1982.3644      2849.0709     -2798.3152      21.168642     -1184.2641     -2219.4443     -3072.5189     -362.15068      65203.803      40.249236      40.249236      40.249236      1.3056757     -830.23518      439.41765     -2017.1128    
     71000   71000          339.26404     -557.50389      63.229282      589.67244      4994.7201     -4405.0477      1947.2834      2925.1215     -2836.7075      21.787106     -1162.612      -2219.2195     -3080.7006     -364.69897      64748.199      40.155271      40.155271      40.155271      1.3148631     -46.136714      856.17225     -2482.5472    
     72000   72000          337.56829     -275.91508      390.22431      650.60598      4969.755      -4319.149       1985.6521      2956.7629     -2829.7988      21.080773     -1143.2622     -2225.5498     -3084.0339     -364.92461      64708.165      40.146993      40.146993      40.146993      1.3156766     -461.73138     -207.11762     -158.89624    
     73000   73000          336.20667     -432.90718      181.50414      590.46062      4949.7089     -4359.2482      1984.9912      2897.2277     -2800.0866      21.320946     -1167.0696     -2223.1251     -3072.5068     -364.54891      64774.851      40.16078       40.16078       40.16078       1.3143221     -1635.3744     -88.94602       425.59891    
     74000   74000          339.41426     -565.39827      195.83419      721.74259      4996.9317     -4275.1891      2004.7317      3015.014      -2790.8152      22.777888     -1235.0146     -2214.1806     -3077.7023     -370.23928      63779.298      39.953968      39.953968      39.953968      1.3348378      106.31009     -1706.5035     -96.001364    
     75000   75000          335.43406     -1312.5845     -670.38822      571.13822      4938.3344     -4367.1961      1982.2572      2869.6567     -2789.5121      20.183014     -1157.8652     -2214.5871     -3077.3287     -364.09056      64856.397      40.177626      40.177626      40.177626      1.3126696     -1632.1267     -1709.3125     -596.3142     
     76000   76000          335.59159      379.15058      836.59404      481.96116      4940.6535     -4458.6924      1949.0359      2896.0595     -2838.8122      20.753979     -1185.4022     -2222.9116     -3077.4158     -368.18903      64134.451      40.027991      40.027991      40.027991      1.327446       1260.1951      394.21727     -516.96064    
     77000   77000          336.25785     -111.75155      533.14022      637.98042      4950.4624     -4312.4819      2037.1195      2878.7111     -2766.2466      21.089035     -1180.4149     -2220.9313     -3081.8087     -367.08262      64327.758      40.068167      40.068167      40.068167      1.323457       344.18834     -950.60677      271.16379    
     78000   78000          333.55996      568.34599      1130.1318      593.87051      4910.7433     -4316.8728      1985.2569      2952.1039     -2809.0123      21.202831     -1158.4543     -2227.8193     -3080.1506     -364.98453      64697.542      40.144796      40.144796      40.144796      1.3158926      1337.2414      346.51404      21.282515    
     79000   79000          343.06169      508.0597       1263.7287      783.80181      5050.6299     -4266.8281      2089.082       2887.241      -2827.9859      21.500878     -1138.3313     -2219.395      -3078.9399     -364.5674       64771.567      40.160101      40.160101      40.160101      1.3143888     -1457.8719      749.07791      2232.9731    
     80000   80000          340.02535      211.34545      857.23736      657.75471      5005.9282     -4348.1735      2033.151       2876.3426     -2805.0758      20.574544     -1170.2056     -2223.1839     -3079.7764     -364.8597       64719.676      40.149374      40.149374      40.149374      1.3154426     -1042.7939      98.630598      1578.1997    
     81000   81000          334.95741      1109.9614      1579.2464      534.59329      4931.3169     -4396.7237      1967.5533      2881.4361     -2811.5512      20.396388     -1146.379      -2227.2623     -3080.917      -365.90969      64533.961      40.110934      40.110934      40.110934      1.3192282      1340.8254      1008.9699      980.08891    
     82000   82000          341.52405      1042.2578      1748.3333      768.9837       5027.9925     -4259.0087      1980.1776      3006.3962     -2813.9507      21.740738     -1141.4911     -2230.2495     -3081.6318     -366.5013       64429.79       40.08934       40.08934       40.08934       1.3213611      1062.9988      130.79442      1932.9801    
     83000   83000          341.53829     -176.09577      421.80402      587.599        5028.2021     -4440.6031      1933.0237      2854.7039     -2802.5048      19.533704     -1138.6079     -2226.8182     -3079.9335     -365.77639      64557.479      40.115806      40.115806      40.115806      1.3187476      546.79117     -2222.183       1147.1045    
     84000   84000          344.20675      881.98493      1579.2242      743.54593      5067.4877     -4323.9418      1978.3085      2926.5614     -2807.9983      21.31937      -1143.4385     -2221.7767     -3076.9176     -363.46297      64968.383      40.200737      40.200737      40.200737      1.3104069      879.76701      403.33109      1362.8567    
     85000   85000          331.60835      59.919241      579.47147      523.31917      4882.0113     -4358.6921      1951.2866      2930.7251     -2814.5342      22.066226     -1141.5022     -2229.7004     -3077.0333     -367.48271      64257.721      40.05362       40.05362       40.05362       1.3248995     -645.58762      1810.6163     -985.271      
     86000   86000          341.74517     -864.5203      -129.53712      684.7946       5031.2478     -4346.4532      2010.4242      2902.5803     -2799.3566      21.669015     -1191.5258     -2217.5515     -3072.6928     -365.60486      64587.767      40.122079      40.122079      40.122079      1.3181292     -859.11638     -789.24905     -945.19546    
     87000   87000          331.45059     -500.52439     -12.874782      458.91217      4879.6888     -4420.7766      1971.0519      2865.6299     -2827.2664      21.949151     -1141.4692     -2229.2283     -3081.4436     -365.357        64631.583      40.131149      40.131149      40.131149      1.3172356     -786.87657      655.99005     -1370.6866    
     88000   88000          337.07476     -529.6524       78.336642      578.31435      4962.4891     -4384.1748      1980.377       2865.685      -2798.9333      21.903188     -1147.0535     -2227.1936     -3078.9596     -364.81982      64726.75       40.150837      40.150837      40.150837      1.3152988     -508.46888      657.67327     -1738.1616    
     89000   89000          337.58932     -1273.3603     -613.8355       588.18179      4970.0646     -4381.8828      1980.4492      2921.0943     -2835.352       21.700973     -1186.1588     -2215.2422     -3068.3743     -364.82007      64726.707      40.150828      40.150828      40.150828      1.3152997     -653.50882     -2272.5943     -893.97786    
     90000   90000          339.84764     -37.605837      527.9806       563.38431      5003.312      -4439.9277      1898.2826      2896.3391     -2823.3818      20.69476      -1130.4187     -2226.1075     -3075.336      -365.80076      64553.179      40.114915      40.114915      40.114915      1.3188354      443.20913      181.5507      -737.57734    
     91000   91000          340.15356     -923.0305      -263.22746      609.95714      5007.8158     -4397.8587      1972.4944      2860.4825     -2806.0815      20.62327      -1157.7093     -2211.0989     -3076.5692     -364.03916      64865.553      40.179517      40.179517      40.179517      1.3124843     -511.34966     -938.69139     -1319.0504    
     92000   92000          348.48329      252.79643      955.59594      717.57729      5130.448      -4412.8707      1928.1931      2899.9261     -2811.1421      20.37016      -1165.0508     -2212.526      -3072.6411     -365.76158      64560.093      40.116347      40.116347      40.116347      1.3186942      412.12478      490.32517     -144.06064    
     93000   93000          328.23351      416.93194      933.27067      538.39294      4832.3262     -4293.9332      1997.7576      2931.6227     -2799.6949      21.709212     -1162.5409     -2210.6363     -3072.1506     -363.61404      64941.391      40.195169      40.195169      40.195169      1.3109516      657.52571      1112.0727     -518.80258    
     94000   94000          337.66152     -195.55761      456.39983      640.63303      4971.1274     -4330.4944      1984.1708      2917.5234     -2794.1664      21.917942     -1165.7772     -2220.6141     -3073.5488     -365.54844      64597.735      40.124143      40.124143      40.124143      1.3179258     -754.29564      367.75375     -200.13093    
     95000   95000          342.9923      -642.49913     -130.28967      473.72595      5049.6084     -4575.8824      1947.2041      2783.4201     -2811.6038      21.112731     -1214.2075     -2223.4739     -3078.3342     -366.32157      64461.401      40.095895      40.095895      40.095895      1.3207131     -1282.2944     -887.16647      241.96351    
     96000   96000          333.65524      205.19338      674.43792      481.78229      4912.1462     -4430.3639      1987.2979      2889.8873     -2807.6308      21.683405     -1216.7235     -2228.4253     -3076.4528     -366.79194      64378.737      40.078748      40.078748      40.078748      1.322409      -1179.4427      344.0704       1450.9525    
     97000   97000          339.70844      359.99539      968.72641      630.80342      5001.2627     -4370.4593      1994.3854      2913.0215     -2813.3275      21.320445     -1183.8025     -2221.2719     -3080.7849     -366.87432      64364.28       40.075748      40.075748      40.075748      1.322706      -136.772        695.66028      521.09788    
     98000   98000          336.51121     -97.323552      429.71048      521.01841      4954.1924     -4433.174       1917.2693      2947.8209     -2820.2859      21.785517     -1204.1048     -2224.6639     -3070.9951     -367.06888      64330.165      40.068666      40.068666      40.068666      1.3234075      515.10279     -998.33286      191.25941    
     99000   99000          341.63972      293.81448      729.34863      455.87791      5029.6954     -4573.8175      1933.9938      2764.4551     -2794.0742      20.366681     -1184.8155     -2237.22       -3076.5234     -369.99895      63820.727      39.962616      39.962616      39.962616      1.3339713      84.769375      749.73553      46.93855     
    100000   100000         335.26608      395.56448      891.54471      524.4367       4935.8613     -4411.4246      1993.9609      2868.6378     -2796.955       20.50348      -1184.4515     -2233.6553     -3079.465      -371.07487      63635.68       39.923956      39.923956      39.923956      1.3378504     -1121.2028     -750.20825      3058.1045    
    101000   101000         331.78505     -288.19663      182.8608       454.56583      4884.6128     -4430.047       1990.036       2895.5309     -2828.5372      21.775568     -1194.1564     -2232.5127     -3082.1832     -365.2829       64644.695      40.133863      40.133863      40.133863      1.3169684      73.541447     -628.25343     -309.8779     
    102000   102000         336.94372     -563.80725     -24.230472      502.68046      4960.5598     -4457.8794      1939.5741      2881.6781     -2765.7996      21.43604      -1231.0585     -2223.3047     -3080.4048     -368.49497      64081.204      40.01691       40.01691       40.01691       1.328549      -941.00357      154.73091     -905.14909    
    103000   103000         339.19801      628.12494      1226.0397      637.25153      4993.748      -4356.4964      1985.0972      2902.1626     -2800.0664      21.921414     -1158.8507     -2227.6917     -3079.0688     -367.38807      64274.275      40.057059      40.057059      40.057059      1.3245582      1029.223      -805.08327      1660.2351    
    104000   104000         339.56214      247.15717      641.84811      411.34147      4999.1089     -4587.7674      1898.8311      2802.6577     -2795.9491      20.974062     -1202.7588     -2231.9889     -3079.5335     -369.25629      63949.084      39.98939       39.98939       39.98939       1.3312938     -97.372302      1286.5899     -447.74613    
    105000   105000         338.20167      1005.6315      1524.1815      582.92494      4979.0796     -4396.1547      1958.8819      2888.8897     -2785.3557      20.214219     -1178.9987     -2221.2862     -3078.4999     -367.93321      64179.044      40.037266      40.037266      40.037266      1.3265237      695.49818      412.68752      1908.7089    
    106000   106000         338.86789      6.9465162      425.42641      418.97895      4988.8879     -4569.909       1904.4245      2818.0424     -2799.4278      20.53088      -1213.9064     -2223.8774     -3075.6951     -371.03657      63642.249      39.925329      39.925329      39.925329      1.3377123      804.55349     -1139.2498      355.53581    
    107000   107000         329.99741      1164.8639      1525.6573      439.09124      4858.2948     -4419.2035      1923.8582      2961.7834     -2842.3852      22.724237     -1166.9557     -2234.3054     -3083.9231     -369.19615      63959.502      39.991561      39.991561      39.991561      1.331077       2170.1194     -767.82919      2092.3014    
    108000   108000         335.95677     -305.51401      282.6929       567.63907      4946.0298     -4378.3907      1988.6039      2943.2462     -2790.2514      21.992178     -1237.2856     -2226.2251     -3078.4709     -369.23802      63952.248      39.990049      39.990049      39.990049      1.3312279     -699.02817      221.36959     -438.88345    
    109000   109000         333.40529     -1083.6983     -661.08141      353.32671      4908.4664     -4555.1397      1934.4738      2871.4905     -2818.3731      21.594865     -1251.0896     -2232.5455     -3080.6905     -367.90339      64184.246      40.038348      40.038348      40.038348      1.3264161     -805.15838     -1163.9267     -1282.0098    
    110000   110000         335.30608     -4.2925671      462.36084      466.40521      4936.4502     -4470.045       1879.8746      2914.8115     -2826.0019      20.9577       -1159.071      -2220.8478     -3079.7682     -365.51445      64603.744      40.125387      40.125387      40.125387      1.3178032      1027.1055     -662.22959     -377.75358    
    111000   111000         332.13057      898.9623       1341.4263      493.99428      4889.6996     -4395.7054      1920.0904      2935.4555     -2802.1749      23.512123     -1178.0474     -2218.6338     -3075.9073     -365.32108      64637.939      40.132465      40.132465      40.132465      1.317106       1062.8124      691.02947      943.04502    
    112000   112000         335.11523     -721.92386     -103.69749      575.83975      4933.6404     -4357.8007      1988.7555      2913.2984     -2797.9016      20.902953     -1174.4587     -2229.9546     -3078.4427     -365.86112      64542.529      40.112709      40.112709      40.112709      1.3190531     -793.27287     -761.73323     -610.76547    
    113000   113000         335.15404     -834.16331     -283.00881      498.02562      4934.2118     -4436.1861      1974.4034      2877.309      -2790.4831      21.575201     -1212.751      -2228.733      -3077.5066     -367.80618      64201.209      40.041875      40.041875      40.041875      1.3260657     -931.68148     -515.27708     -1055.5314    
    114000   114000         329.16825      1013.614       1316.1498      368.98892      4846.0877     -4477.0988      1956.3989      2852.3141     -2810.3121      20.616404     -1199.0662     -2223.7939     -3073.2561     -368.54195      64073.035      40.01521       40.01521       40.01521       1.3287184      1218.7426      1834.6655     -12.566167    
    115000   115000         335.96472      163.84337      580.61046      426.40692      4946.1468     -4519.7398      1879.2478      2884.8288     -2815.2793      22.501572     -1197.6162     -2215.9358     -3077.4866     -365.90862      64534.149      40.110973      40.110973      40.110973      1.3192243     -358.3168       509.80104      340.04588    
    116000   116000         334.47653     -523.37904     -14.490805      479.18962      4924.2373     -4445.0477      1910.2811      2872.9769     -2808.9099      20.425507     -1146.2149     -2221.5983     -3072.0081     -365.09723      64677.569      40.140665      40.140665      40.140665      1.316299      -677.39482      190.45379     -1083.1961    
    117000   117000         333.64344     -232.71453      300.16948      519.31882      4911.9724     -4392.6536      1939.2455      2922.9996     -2829.0778      21.105173     -1148.2492     -2222.8059     -3075.8709     -365.69706      64571.484      40.118706      40.118706      40.118706      1.3184616     -226.25684      1057.5239     -1529.4107    
    118000   118000         332.39476     -870.7862      -299.82412      525.2003       4893.5891     -4368.3888      1945.2907      2912.5315     -2795.3426      21.904619     -1171.5842     -2208.9513     -3072.2374     -363.48196      64964.99       40.200037      40.200037      40.200037      1.3104754      37.823118     -817.82921     -1832.3525    
    119000   119000         341.85374      14.687124      568.74714      555.02695      5032.8463     -4477.8193      1987.3236      2822.7888     -2796.9731      21.341759     -1217.3686     -2220.8624     -3074.0694     -368.65017      64054.226      40.011294      40.011294      40.011294      1.3291085     -1701.6164      1338.0646      407.6132     
    120000   120000         331.77618      90.215495      520.71128      435.97356      4884.4822     -4448.5087      1903.7571      2887.3404     -2780.534       21.636376     -1182.4024     -2220.0567     -3078.2494     -366.64224      64405.023      40.084202      40.084202      40.084202      1.3218692      618.89727     -552.96236      204.71157    
    121000   121000         334.58371      407.25766      911.10595      526.78906      4925.8153     -4399.0262      1983.4622      2830.6108     -2786.67        20.344263     -1152.4365     -2213.4792     -3080.8577     -364.93701      64705.966      40.146539      40.146539      40.146539      1.3157213      2026.6778     -1091.0126      286.10785    
    122000   122000         323.53447     -573.99689     -129.07939      410.76134      4763.146      -4352.3846      1942.2785      2925.7456     -2791.8002      22.273398     -1146.2888     -2228.1753     -3076.4177     -366.16937      64488.195      40.10145       40.10145       40.10145       1.3201644     -38.121025     -320.41941     -1363.4502    
    123000   123000         333.26364     -491.96762     -61.495178      404.43771      4906.3809     -4501.9432      1924.3473      2871.039      -2815.5774      21.863615     -1200.2471     -2225.0248     -3078.3439     -363.62294      64939.801      40.194841      40.194841      40.194841      1.3109837     -411.44751     -105.59326     -958.86209    
    124000   124000         332.97413     -1310.8099     -733.26601      523.50134      4902.1187     -4378.6174      1980.3777      2862.5198     -2821.4272      21.07973      -1135.622      -2211.4338     -3074.1116     -359.18892      65741.453      40.359561      40.359561      40.359561      1.2949975     -1614.5455     -1373.9351     -943.94898    
    125000   125000         337.79411     -134.80276      402.31273      528.80295      4973.0795     -4444.2765      1955.9285      2869.267      -2808.577       21.886973     -1173.1023     -2229.1187     -3080.561      -367.01173      64340.183      40.070746      40.070746      40.070746      1.3232014     -9.9016815      57.669085     -452.17569    
    126000   126000         332.97974     -799.3257      -303.42629      451.99019      4902.2013     -4450.2111      1921.7274      2877.8874     -2823.5266      21.759662     -1163.6976     -2211.1935     -3073.1678     -364.39755      64801.758      40.16634       40.16634       40.16634       1.3137764     -509.55914     -1762.2292     -126.18881    
    127000   127000         329.45973     -860.65902     -472.24542      332.97117      4850.3789     -4517.4078      1950.6541      2819.019      -2812.8911      21.204441     -1209.353      -2211.1404     -3074.9008     -368.09213      64151.335      40.031503      40.031503      40.031503      1.3270966     -1427.8468     -239.40149     -914.72875    
    128000   128000         343.44241      581.30099      1166.1358      617.1793       5056.235      -4439.0557      1958.6783      2849.085      -2823.0872      20.992027     -1147.8718     -2224.2925     -3072.5596     -364.67103      64753.16       40.156297      40.156297      40.156297      1.3147624      2145.7878     -1470.4456      1068.5607    
    129000   129000         330.08905     -133.35853      309.27977      435.05016      4859.6439     -4424.5938      1916.5359      2912.2243     -2814.2018      21.539489     -1171.4908     -2216.9084     -3072.2924     -365.15776      64666.849      40.138447      40.138447      40.138447      1.3165172     -763.0398       1048.43       -685.46581    
    130000   130000         334.09958     -788.32181     -175.0657       572.45373      4918.6879     -4346.2341      1949.672       2939.5154     -2788.7285      22.030083     -1174.259      -2220.4986     -3073.9655     -363.1777       65019.415      40.21126       40.21126       40.21126       1.3093784     -1208.7354      249.89042     -1406.1204    
    131000   131000         335.69845      270.22699      805.56786      550.3888       4942.2268     -4391.838       1931.446       2948.3807     -2844.6634      21.024875     -1150.9891     -2220.3431     -3076.694      -364.68829      64750.096      40.155663      40.155663      40.155663      1.3148246     -187.27282     -399.41379      1397.3676    
    132000   132000         332.13646     -1007.4787     -521.58513      425.17038      4889.7863     -4464.6159      1951.1501      2883.2832     -2805.1463      21.98744      -1226.2206     -2216.8325     -3072.8373     -366.46808      64435.63       40.090551      40.090551      40.090551      1.3212414      128.85602     -1673.2885     -1478.0037    
    133000   133000         326.84431     -181.93572      206.70182      378.44681      4811.8742     -4433.4274      1984.2684      2795.3118     -2801.3361      20.152929     -1141.4961     -2218.156      -3072.1723     -364.81445      64727.703      40.151034      40.151034      40.151034      1.3152795     -846.60287     -663.25343      964.04913    
    134000   134000         333.28123      680.76294      1253.3288      613.81182      4906.6399     -4292.8281      1929.219       2951.4719     -2819.275       22.15277      -1093.9317     -2216.8598     -3065.6053     -366.59111      64414.005      40.086066      40.086066      40.086066      1.3216849      1347.0275     -27.774402      723.03569    
    135000   135000         333.81978     -298.80864      231.32334      515.26393      4914.5685     -4399.3045      1936.1284      2888.0972     -2822.0378      21.640987     -1117.519      -2229.6487     -3075.9657     -362.41301      65156.605      40.239522      40.239522      40.239522      1.3066215     -1149.3787     -296.06977      549.02252    
    136000   136000         335.78283      230.09225      686.08324      467.85406      4943.469      -4475.615       1925.104       2868.0845     -2832.8955      22.027004     -1171.1356     -2215.8378     -3070.9616     -363.10088      65033.172      40.214096      40.214096      40.214096      1.3091014      983.16102     -658.54584      365.66157    
    137000   137000         332.33741     -322.78178      99.59681       405.237        4892.7447     -4487.5077      1900.6275      2870.2167     -2805.9514      22.443995     -1186.3349     -2215.3259     -3073.1837     -363.69445      64927.034      40.192207      40.192207      40.192207      1.3112415     -1202.8073      50.994932      183.46705    
    138000   138000         334.7072       69.815855      487.97437      422.10658      4927.6333     -4505.5267      1883.0642      2834.8861     -2825.3345      19.950047     -1102.9909     -2238.2925     -3076.8092     -365.022        64690.9        40.143423      40.143423      40.143423      1.3160277     -209.73799      1014.4189     -595.23337    
    139000   139000         341.18711      293.35843      796.70398      520.72066      5023.0319     -4502.3113      1892.5886      2829.1601     -2796.6532      20.996497     -1151.1634     -2221.6135     -3075.6263     -366.06133      64507.227      40.105394      40.105394      40.105394      1.3197749      566.66746     -139.90447      453.31229    
    140000   140000         324.4536      -401.28123     -133.60214      243.71358      4776.6775     -4532.9639      1916.124       2825.8696     -2812.2697      22.173615     -1188.3636     -2222.3178     -3074.1799     -366.25375      64473.338      40.09837       40.09837       40.09837       1.3204686      256.89332     -1253.8406     -206.89638    
    141000   141000         330.71498      1113.974       1473.3771      417.5097       4868.859      -4451.3493      1860.3307      2896.0513     -2793.5327      21.398781     -1137.24       -2223.0815     -3075.2759     -363.33211      64991.782      40.205563      40.205563      40.205563      1.3099351      2050.246       309.35997      982.31602    
    142000   142000         337.1428       583.2302       1045.4472      495.53202      4963.4907     -4467.9587      1909.5475      2893.4417     -2814.4872      21.904042     -1172.9012     -2222.8373     -3082.6262     -365.24343      64651.681      40.135309      40.135309      40.135309      1.3168261      1544.5517     -823.39725      1028.5362    
    143000   143000         324.61179     -83.895011      142.65291      221.81958      4779.0064     -4557.1868      1898.5165      2777.6934     -2779.0739      20.659697     -1174.1641     -2221.3953     -3079.4232     -364.94877      64703.88       40.146107      40.146107      40.146107      1.3157637     -1226.3906      742.9083       231.79722    
    144000   144000         332.82882      428.41597      950.48343      543.25665      4899.9794     -4356.7227      1998.5709      2876.2033     -2829.1816      22.213008     -1139.9746     -2209.4995     -3075.0542     -362.29925      65177.064      40.243733      40.243733      40.243733      1.3062113      1379.951      -989.60301      894.89987    
    145000   145000         330.83948     -167.13656      236.45961      395.58777      4870.6919     -4475.1041      1928.9406      2833.9165     -2813.6277      19.728882     -1146.7609     -2219.7633     -3077.5382     -361.71168      65282.94       40.265513      40.265513      40.265513      1.3040929     -505.9558      -0.28257572     4.8287071    
    146000   146000         327.90873      612.88851      987.24676      406.74099      4827.5448     -4420.8038      1913.8998      2906.8356     -2819.9598      22.571711     -1136.4081     -2231.6638     -3076.0791     -363.59095      64945.516      40.19602       40.19602       40.19602       1.3108683      727.38082      901.45997      209.82473    
    147000   147000         331.96761      1724.0353      2054.5246      435.26807      4887.3005     -4452.0325      1928.9094      2864.3823     -2797.7215      21.798323     -1150.0335     -2237.7994     -3081.5681     -366.6643       64401.148      40.083398      40.083398      40.083398      1.3219488      72.07291       2125.3102      2974.7229    
    148000   148000         327.64378      185.21114      610.53598      436.93064      4823.6441     -4386.7135      1961.1746      2907.0349     -2816.1579      21.755723     -1176.6524     -2206.5556     -3077.3129     -367.40252      64271.747      40.056534      40.056534      40.056534      1.3246103     -1189.8033      604.49849      1140.9382    
    149000   149000         327.76865     -125.04216      280.13134      397.13034      4825.4824     -4428.3521      1967.0771      2882.7215     -2816.1905      21.281699     -1180.9081     -2221.0738     -3081.26       -368.05476      64157.848      40.032858      40.032858      40.032858      1.3269619      125.88283     -237.85939     -263.14992    
    150000   150000         331.26904      538.96089      796.77277      291.0751       4877.016      -4585.9409      1889.7741      2810.5719     -2824.192       21.895934     -1186.2673     -2220.0146     -3077.709      -367.03241      64336.556      40.069993      40.069993      40.069993      1.323276      -667.54384      1439.5654      844.8611     
    151000   151000         333.96746     -418.92215      80.732906      474.72331      4916.7426     -4442.0193      1902.5748      2930.7142     -2800.1663      21.633808     -1187.1686     -2226.9307     -3082.6767     -366.17256      64487.633      40.101333      40.101333      40.101333      1.3201759     -991.68121      252.71661     -517.80185    
    152000   152000         330.26225      190.78801      510.41819      331.96261      4862.1938     -4530.2312      1880.597       2856.5967     -2807.6625      21.355026     -1177.1777     -2223.7488     -3080.1908     -368.17904      64136.192      40.028353      40.028353      40.028353      1.32741        164.91735     -685.30197      1092.7487    
    153000   153000         325.92191     -544.65237     -289.99271      225.30203      4798.2944     -4572.9923      1898.7514      2802.6564     -2803.5651      20.649095     -1198.9455     -2216.5244     -3076.0142     -364.00036      64872.468      40.180944      40.180944      40.180944      1.3123444     -1080.4699     -680.2591       126.77189    
    154000   154000         332.12321     -247.07502      164.4493       395.75971      4889.5913     -4493.8316      1879.1453      2887.8194     -2785.0944      22.309415     -1207.616      -2214.0387     -3076.3567     -367.85087      64193.409      40.040253      40.040253      40.040253      1.3262268     -506.62527      40.061415     -274.66122    
    155000   155000         331.46038     -1078.3997     -530.56269      493.81301      4879.833      -4386.02        1977.6753      2882.1023     -2809.2118      21.380632     -1158.5117     -2219.5804     -3079.8744     -362.54225      65133.379      40.23474       40.23474       40.23474       1.3070874     -1142.5961     -967.8521      -1124.751     
    156000   156000         328.82938     -313.46329      49.397639      346.17934      4841.0987     -4494.9193      1907.906       2811.5088     -2792.3523      21.237071     -1145.8639     -2217.8975     -3079.4577     -363.73717      64919.408      40.190633      40.190633      40.190633      1.3113955     -885.56419      546.8329      -601.65857    
    157000   157000         331.0978       19.344609      419.39726      401.16704      4874.4949     -4473.3279      1908.8709      2867.3792     -2813.7062      21.128172     -1158.5861     -2223.4775     -3074.9363     -365.43167      64618.377      40.128416      40.128416      40.128416      1.3175048      405.71643     -1364.3686      1016.686     
    158000   158000         335.06198      108.83921      440.68565      338.4853       4932.8565     -4594.3711      1882.9617      2866.1845     -2853.782       22.176338     -1208.591      -2228.1564     -3075.1643     -366.75084      64385.952      40.080245      40.080245      40.080245      1.3222608     -594.19784      907.90943      12.806041    
    159000   159000         330.64659     -30.794969      368.80612      397.65256      4867.8521     -4470.1996      1965.9472      2879.2497     -2815.3228      22.211148     -1220.6841     -2223.4772     -3078.1235     -367.64242      64229.807      40.047819      40.047819      40.047819      1.3254752     -887.44106     -231.51011      1026.5663    
    160000   160000         324.7313      -556.85281     -255.63187      268.44241      4780.7659     -4512.3234      1909.1359      2841.4049     -2803.6767      20.580043     -1184.9787     -2219.3024     -3075.4865     -365.91962      64532.21       40.110571      40.110571      40.110571      1.319264      -661.35384     -934.98561     -74.218987    
    161000   161000         329.84249      265.18452      558.01237      308.74597      4856.0139     -4547.268       1912.4991      2838.3904     -2816.4902      21.334402     -1202.2678     -2220.4091     -3080.3248     -366.37224      64452.486      40.094047      40.094047      40.094047      1.3208958      1435.6357     -823.07456      182.99242    
    162000   162000         327.74133      389.18341      704.05077      340.52404      4825.0803     -4484.5563      1899.3592      2911.6887     -2805.545       20.525343     -1214.0977     -2219.9148     -3076.5721     -368.68552      64048.085      40.010015      40.010015      40.010015      1.329236       1006.6244     -1066.2122      1227.138     
    163000   163000         334.05643      637.77326      882.22074      287.29218      4918.0525     -4630.7603      1854.6517      2797.7127     -2810.7077      20.957662     -1187.9144     -2227.0957     -3078.3646     -369.18123      63962.087      39.9921        39.9921        39.9921        1.3310232      843.65828     -43.359206      1113.0207    
    164000   164000         331.40301      405.90847      679.26046      298.92432      4878.9883     -4580.0639      1890.9992      2826.6948     -2797.281       20.849309     -1210.598      -2230.214      -3080.5142     -367.53495      64248.589      40.051722      40.051722      40.051722      1.3250878      729.95113     -321.5675       809.34179    
    165000   165000         334.7457      -558.87548     -162.48164      364.49266      4928.2001     -4563.7074      1924.7914      2847.6        -2828.4713      21.701632     -1234.7674     -2215.9791     -3078.5828     -365.22773      64654.461      40.135884      40.135884      40.135884      1.3167695     -1592.8611     -682.62563      598.86028    
    166000   166000         319.84613     -104.4882       85.718619      183.28235      4708.8454     -4525.563       1906.2537      2875.0468     -2814.2068      21.330584     -1218.0337     -2221.0344     -3074.9192     -368.82213      64024.363      40.005075      40.005075      40.005075      1.3297285      1029.6363     -579.38863     -763.71224    
    167000   167000         318.40096      143.01475      234.05583      100.97343      4687.5692     -4586.5958      1903.889       2837.6352     -2821.8293      21.016787     -1224.4673     -2225.693      -3077.1472     -370.08233      63806.347      39.959615      39.959615      39.959615      1.334272      -853.80907     -327.15185      1610.0052    
    168000   168000         325.72369      112.23065      454.61193      348.63141      4795.3761     -4446.7447      1947.5101      2917.2709     -2841.8079      21.932139     -1180.5398     -2229.2803     -3081.8299     -364.68974      64749.837      40.15561       40.15561       40.15561       1.3148299     -925.39157      678.37055      583.71297    
    169000   169000         324.00945     -1054.9233     -759.8476       233.64275      4770.1387     -4536.496       1915.105       2785.1816     -2783.4103      20.364182     -1182.0445     -2220.5618     -3071.1302     -365.67506      64575.368      40.119511      40.119511      40.119511      1.3183823     -2221.5118     -225.19938     -718.05868    
    170000   170000         327.38597      652.43905      996.04572      380.84416      4819.8486     -4439.0045      1923.1121      2862.7604     -2783.0121      20.470866     -1161.5706     -2225.4559     -3075.3092     -365.22512      64654.923      40.135979      40.135979      40.135979      1.3167601      1048.5081      559.36272      349.4463     
    171000   171000         334.60481     -1046.548      -610.00121      362.62887      4926.1258     -4563.497       1932.0971      2814.3195     -2813.618       20.353941     -1216.5833     -2223.2514     -3076.8148     -370.55234      63725.414      39.942713      39.942713      39.942713      1.3359665     -1040.3747     -2162.2158      62.946647    
    172000   172000         332.61645     -886.89174     -406.78313      426.41683      4896.8528     -4470.436       1955.0267      2883.7761     -2797.0712      20.907965     -1229.2362     -2223.6186     -3080.2208     -366.57217      64417.333      40.086756      40.086756      40.086756      1.3216166      291.3718      -2513.8494     -438.19763    
    173000   173000         328.07847     -431.43191     -69.906202      337.8588       4830.0437     -4492.1849      1952.6734      2820.4835     -2792.975       20.985694     -1195.8295     -2223.004      -3074.5189     -364.36817      64806.982      40.167419      40.167419      40.167419      1.3136705     -830.58646     -1175.5867      711.87739    
    174000   174000         329.25011     -246.38931      75.240357      306.65783      4847.2928     -4540.635       1927.6985      2849.8538     -2817.5174      20.744875     -1210.4837     -2233.1803     -3077.7509     -366.66026      64401.856      40.083545      40.083545      40.083545      1.3219342      69.641953      295.64721     -1104.4571    
    175000   175000         333.20308      48.844169      381.94667      336.41786      4905.4893     -4569.0714      1858.1456      2869.6208     -2809.2251      20.543632     -1196.2161     -2229.7094     -3082.2308     -369.45759      63914.242      39.982126      39.982126      39.982126      1.3320195     -271.51211     -524.65865      942.70326    
    176000   176000         328.54791      132.94617      423.75912      299.408        4836.9549     -4537.5469      1946.1869      2824.1863     -2819.1983      21.973097     -1201.9204     -2228.0534     -3080.7211     -368.18342      64135.429      40.028194      40.028194      40.028194      1.3274258      764.50858     -685.22453      319.55446    
    177000   177000         330.885        560.74074      791.61775      266.51774      4871.362      -4604.8443      1878.9813      2822.195      -2803.2354      21.174916     -1209.2628     -2233.1179     -3081.5794     -367.75468      64210.2        40.043744      40.043744      40.043744      1.32588        399.8356       853.57612      428.8105     
    178000   178000         333.02566     -1281.4555     -912.36362      286.0559       4902.8773     -4616.8214      1939.4639      2802.0367     -2851.3823      21.884587     -1216.5549     -2233.2919     -3078.9775     -368.24154      64125.306      40.026088      40.026088      40.026088      1.3276353     -730.98399     -2887.8197     -225.56284    
    179000   179000         330.96163      217.27376      617.89328      413.34291      4872.4902     -4459.1473      1937.0609      2909.9737     -2813.1623      22.876751     -1213.4945     -2225.0772     -3077.3246     -365.8012       64553.1        40.114899      40.114899      40.114899      1.318837       1542.6174     -1017.1081      126.31196    
    180000   180000         335.39842      1043.9958      1290.7259      305.73868      4937.8096     -4632.0709      1838.0121      2809.4742     -2830.3768      21.250046     -1166.6133     -2229.5274     -3074.2898     -365.01129      64692.798      40.143815      40.143815      40.143815      1.3159891     -61.048775      1642.2123      1550.8239    
    181000   181000         326.44127      586.09987      741.02191      190.63915      4805.9405     -4615.3014      1880.3077      2827.0965     -2838.5925      20.533621     -1194.5504     -2227.8309     -3082.2654     -366.72872      64389.835      40.081051      40.081051      40.081051      1.3221811      308.11168      17.76491       1432.423     
    182000   182000         323.61947      1481.2183      1432.4604      48.538748      4764.3974     -4715.8586      1773.6396      2818.4727     -2813.5972      22.015214     -1200.5863     -2236.8507     -3078.9519     -368.59181      64064.368      40.013405      40.013405      40.013405      1.3288981      1284.171       1873.0712      1286.4127    
    183000   183000         332.8991       836.87248      1093.0986      303.70909      4901.0141     -4597.305       1861.5128      2834.1019     -2824.3176      21.380023     -1182.1611     -2231.0565     -3076.7645     -365.09513      64677.941      40.140742      40.140742      40.140742      1.3162914     -340.5869       1513.8639      1337.3404    
    184000   184000         335.60166     -111.06979      241.91163      345.74576      4940.8017     -4595.0559      1836.6702      2846.5755     -2805.1318      21.25608      -1187.0462     -2228.9517     -3078.428      -368.37822      64101.515      40.021138      40.021138      40.021138      1.328128       1725.288      -811.38706     -1247.1103    
    185000   185000         326.64177     -701.28741     -393.64749      264.19976      4808.8923     -4544.6926      1899.727       2866.002      -2794.7068      20.68422      -1240.4533     -2219.0994     -3076.8463     -367.12089      64321.051      40.066774      40.066774      40.066774      1.323595      -1139.2872     -1454.5958      490.02074    
    186000   186000         327.41234     -31.725358      192.46762      221.92248      4820.2367     -4598.3142      1875.0533      2869.6638     -2810.6524      21.007891     -1250.2049     -2224.2646     -3078.9173     -370.92645      63661.143      39.92928       39.92928       39.92928       1.3373153     -374.5436      -1051.5186      1330.8861    
    187000   187000         327.25244     -1514.0483     -1085.7646      332.64516      4817.8828     -4485.2376      1980.1025      2806.4761     -2813.5395      20.983262     -1169.9338     -2228.6136     -3080.7126     -367.60053      64237.127      40.049341      40.049341      40.049341      1.3253242     -876.14454     -1970.4773     -1695.523     
    188000   188000         322.51104     -487.78333     -269.21106      189.56998      4748.0788     -4558.5088      1857.8192      2864.9052     -2807.5245      21.833483     -1195.5861     -2220.2504     -3079.7056     -366.15049      64491.521      40.102139      40.102139      40.102139      1.3200963     -471.33683     -818.36451     -173.64867    
    189000   189000         334.86261     -437.47148     -59.649637      351.33985      4929.9213     -4578.5815      1876.7138      2828.4017     -2796.3502      22.852367     -1201.4682     -2228.9359     -3079.7951     -366.5702       64417.679      40.086828      40.086828      40.086828      1.3216095     -1621.7275      620.18668     -310.87367    
    190000   190000         329.10876      87.218927      325.25769      243.4615       4845.2119     -4601.7504      1876.9974      2822.0155     -2809.1135      21.061553     -1207.7623     -2225.1023     -3079.8467     -367.2111       64305.251      40.063493      40.063493      40.063493      1.3239202     -344.03819      312.633        293.06196    
    191000   191000         325.60066      563.54226      645.92867      122.40485      4793.5648     -4671.16        1858.8319      2809.1599     -2839.7339      20.904875     -1204.6896     -2235.1339     -3080.4992     -370.70476      63699.214      39.937238      39.937238      39.937238      1.336516       251.14091      1003.9016      435.58431    
    192000   192000         330.41257      701.33205      932.66442      282.69235      4864.4069     -4581.7145      1897.2444      2873.7509     -2827.5689      21.726271     -1231.0527     -2234.0805     -3081.734      -371.59265      63547.009      39.905403      39.905403      39.905403      1.3397172     -563.35415      722.24416      1945.1061    
    193000   193000         330.86494     -986.45101     -521.17014      406.35398      4871.0667     -4464.7127      1971.6485      2862.8489     -2784.2414      20.828069     -1239.4786     -2219.1639     -3077.1543     -366.25911      64472.394      40.098174      40.098174      40.098174      1.3204879     -209.25259     -1946.8135     -803.28699    
    194000   194000         323.99236      988.35115      1108.4043      182.45004      4769.8871     -4587.4371      1900.1121      2843.7242     -2838.9151      20.93172      -1212.5715     -2223.5067     -3077.2117     -367.58675      64239.534      40.049841      40.049841      40.049841      1.3252745      1344.1083     -413.54212      2034.4873    
    195000   195000         325.54782      591.83077      760.65602      210.63283      4792.7869     -4582.1541      1942.5758      2774.703      -2816.2779      21.003657     -1194.1859     -2235.7626     -3074.2102     -370.55669      63724.667      39.942556      39.942556      39.942556      1.3359822      307.81554      1411.2175      56.459329    
    196000   196000         324.45618      256.9          326.01153      84.851342      4776.7155     -4691.8642      1887.2517      2762.8346     -2833.7301      20.315514     -1236.1507     -2220.9946     -3071.3905     -366.85683      64367.35       40.076385      40.076385      40.076385      1.3226429      298.65636      167.40959      304.63403    
    197000   197000         330.96097      935.26123      1070.6385      192.05844      4872.4805     -4680.422       1835.1266      2745.5395     -2801.8289      20.495569     -1170.1757     -2232.4132     -3077.1659     -366.59767      64412.853      40.085827      40.085827      40.085827      1.3217086      1125.503       557.08712      1123.1936    
    198000   198000         331.51174     -30.989912      203.84225      232.98007      4880.589      -4647.6089      1831.313       2836.1408     -2814.5901      21.288259     -1228.7363     -2220.7942     -3072.2303     -366.27003      64470.472      40.097776      40.097776      40.097776      1.3205273     -117.60128      286.90611     -262.27456    
    199000   199000         319.77476     -612.87124     -412.8532       163.84494      4707.7946     -4543.9497      1903.1988      2841.9606     -2803.5592      21.147577     -1200.4529     -2230.8505     -3075.3941     -365.98123      64521.346      40.10832       40.10832       40.10832       1.3194861     -66.539032     -575.53763     -1196.537     
    200000   200000         329.44879     -495.05624     -151.72363      314.59086      4850.2179     -4535.627       1894.2729      2891.7151     -2824.6948      22.523561     -1221.9698     -2223.0499     -3074.4242     -365.60637      64587.501      40.122023      40.122023      40.122023      1.3181346     -703.69497      158.7717      -940.24545    
    201000   201000         325.72818      450.12012      586.35231      166.35412      4795.4422     -4629.088       1905.6948      2802.9072     -2853.6108      21.045541     -1202.4112     -2223.6591     -3079.0545     -369.07882      63979.833      39.995798      39.995798      39.995798      1.330654       1145.8841      116.5734       87.902912    
    202000   202000         320.85275     -424.21168     -309.81836      85.416156      4723.665      -4638.2488      1876.4322      2780.6725     -2792.7966      19.442382     -1219.1055     -2225.4462     -3077.4477     -369.62887      63884.625      39.975949      39.975949      39.975949      1.3326371     -1100.7627      195.78652     -367.65892    
    203000   203000         321.93357     -155.74861     -3.2214346      142.72549      4739.5771     -4596.8517      1914.9637      2783.0897     -2820.2169      19.67881      -1202.461      -2222.0966     -3069.8093     -367.50848      64253.215      40.052684      40.052684      40.052684      1.3249924     -401.12736      937.28716     -1003.4056    
    204000   204000         323.69841      34.211175      243.71851      211.72465      4765.5595     -4553.8349      1935.0734      2790.1863     -2817.7416      20.539403     -1184.8764     -2224.761      -3072.2551     -368.24719      64124.323      40.025884      40.025884      40.025884      1.3276556      164.66948     -143.42981      81.393854    
    205000   205000         328.54685     -642.72587     -295.70302      303.41292      4836.9393     -4533.5263      1943.0219      2846.7424     -2828.3963      20.810203     -1226.3292     -2219.1388     -3070.2365     -369.44775      63915.944      39.982481      39.982481      39.982481      1.3319841     -730.03555     -723.63625     -474.5058     
    206000   206000         324.27801      231.14242      333.21274      116.57318      4774.0924     -4657.5192      1900.8943      2732.9039     -2808.1914      19.6962       -1184.8474     -2236.2587     -3081.7162     -367.43456      64266.142      40.055369      40.055369      40.055369      1.3247259      1127.9858     -684.86896      250.31044    
    207000   207000         327.13117      1163.0115      1352.4504      256.27025      4816.0973     -4559.827       1906.851       2817.3685     -2818.4757      21.017114     -1192.4509     -2215.7634     -3078.3735     -365.37614      64628.197      40.130449      40.130449      40.130449      1.3173046      1073.3023      1041.5371      1374.1952    
    208000   208000         325.88496     -358.07127     -124.75588      212.98149      4797.7503     -4584.7688      1867.5331      2818.4778     -2827.6387      21.333606     -1168.1186     -2223.7823     -3072.5738     -365.114        64674.599      40.140051      40.140051      40.140051      1.3163595      1264.158      -289.5165      -2048.8553    
    209000   209000         327.69265     -162.90833      89.793135      242.87262      4824.3635     -4581.4909      1851.2849      2848.657      -2799.9106      21.627708     -1195.2689     -2229.8909     -3077.9901     -366.49194      64431.435      40.089681      40.089681      40.089681      1.3213274     -33.125585      958.62187     -1414.2213    
    210000   210000         323.69191      271.70563      434.29731      179.15615      4765.4637     -4586.3076      1920.9333      2805.9836     -2817.6448      21.65153      -1228.2601     -2218.5199     -3070.4512     -366.73826      64388.159      40.080703      40.080703      40.080703      1.3222155     -245.12575      1138.4274     -78.184754    
    211000   211000         323.78493     -172.90994      16.958775      179.44746      4766.8332     -4587.3858      1935.1311      2794.0861     -2826.9195      21.212752     -1214.6348     -2224.1097     -3072.1517     -366.46709      64435.804      40.090587      40.090587      40.090587      1.3212378     -735.34802      1014.1091     -797.49093    
    212000   212000         324.52525     -82.137046      145.63141      222.06163      4777.7324     -4555.6707      1927.4105      2846.7053     -2826.4537      21.462741     -1223.4527     -2226.583      -3074.7599     -370.09408      63804.322      39.959192      39.959192      39.959192      1.3343143      280.20887     -387.77077     -138.84923    
    213000   213000         322.74625      440.27258      580.99857      166.9313       4751.5416     -4584.6103      1882.8021      2804.3747     -2816.4465      21.788574     -1165.0368     -2235.0982     -3076.9943     -366.17514      64487.178      40.101239      40.101239      40.101239      1.3201852      605.26955     -151.13799      866.68618    
    214000   214000         327.04539     -242.97052     -96.189669      130.95664      4814.8345     -4683.8779      1822.1473      2839.9451     -2837.4726      21.788347     -1236.2097     -2222.1408     -3071.9355     -368.3715       64102.683      40.021381      40.021381      40.021381      1.3281038     -465.15891     -398.75943      135.00677    
    215000   215000         320.86105     -484.47346     -383.65938      69.754599      4723.7873     -4654.0327      1874.2883      2806.3357     -2819.1242      20.731185     -1245.9387     -2218.9766     -3071.3485     -367.97067      64172.51       40.035907      40.035907      40.035907      1.3266587      71.981614     -1349.2364     -176.16558    
    216000   216000         327.68439     -646.38584     -387.41698      216.9525       4824.242      -4607.2895      1953.3079      2799.6431     -2837.0116      20.539705     -1238.5667     -2229.2297     -3075.9723     -368.3218       64111.333      40.023181      40.023181      40.023181      1.3279247     -660.52101     -720.40702     -558.22948    
    217000   217000         323.61835     -957.85709     -729.29282      171.32356      4764.3808     -4593.0573      1918.7817      2850.58       -2823.966       22.053861     -1262.3099     -2223.2696     -3074.9274     -366.26802      64470.826      40.097849      40.097849      40.097849      1.3205201     -1791.5356      214.56209     -1296.5977    
    218000   218000         320.55974      38.337098      212.96939      177.17895      4719.3513     -4542.1723      1909.3038      2850.8608     -2821.0631      22.497715     -1201.7903     -2225.5024     -3076.4789     -368.88441      64013.552      40.002823      40.002823      40.002823      1.3299531     -274.0582      -765.25706      1154.3266    
    219000   219000         320.52393      1111.5369      1070.7711      36.668047      4718.8241     -4682.156       1819.3631      2831.2307     -2824.9561      20.594081     -1217.6969     -2235.3845     -3075.3064     -370.16745      63791.676      39.956552      39.956552      39.956552      1.3345788      814.56323      961.97888      1558.0687    
    220000   220000         328.85351     -195.78522      79.9788        261.89326      4841.454      -4579.5608      1881.6118      2829.5056     -2807.0975      21.138122     -1209.5596     -2220.8644     -3074.2947     -370.63874      63710.56       39.939609      39.939609      39.939609      1.336278      -892.52412      614.24595     -309.0775     
    221000   221000         321.25247      1.102092       104.86364      103.8301       4729.5498     -4625.7197      1868.1144      2828.1254     -2816.9592      21.583337     -1223.1848     -2229.1037     -3074.2952     -367.22263      64303.231      40.063074      40.063074      40.063074      1.3239618      32.835059      458.42041     -487.9492     
    222000   222000         328.4868       404.62686      618.51818      243.47626      4836.0552     -4592.5789      1892.2392      2829.9642     -2799.59        22.251959     -1237.3601     -2224.3666     -3075.7175     -371.54636      63554.926      39.907061      39.907061      39.907061      1.3395503     -195.42906      988.022        421.28764    
    223000   223000         324.54549     -84.791167     -4.5068154      74.200951      4778.0304     -4703.8295      1849.8929      2775.8321     -2835.8947      20.835434     -1207.5673     -2232.8228     -3074.1051     -370.99764      63648.928      39.926726      39.926726      39.926726      1.3375719     -337.46024     -698.122        781.20874    
    224000   224000         323.92911     -452.23161     -233.43919      191.73239      4768.9559     -4577.2235      1863.1075      2864.6199     -2788.2913      21.367571     -1234.484      -2227.6898     -3075.8534     -366.29823      64465.509      40.096747      40.096747      40.096747      1.320629      -1123.8865      385.76224     -618.57057    
    225000   225000         325.55909     -61.277576      56.120909      113.01405      4792.9528     -4679.9387      1929.5293      2701.3307     -2828.409       20.880464     -1195.1839     -2236.0898     -3071.9965     -370.91959      63662.321      39.929526      39.929526      39.929526      1.3372905     -18.659136      49.737342     -214.91093    
    226000   226000         323.5043      -328.04609     -201.73189      104.01167      4762.7017     -4658.6901      1872.2802      2833.1826     -2830.453       20.855985     -1269.9107     -2214.8456     -3069.7996     -369.50104      63906.725      39.980558      39.980558      39.980558      1.3321762      476.96496     -72.135861     -1388.9674    
    227000   227000         327.60177      458.83066      551.97164      128.34249      4823.0255     -4694.683       1905.0231      2773.4221     -2824.456       21.356772     -1275.3458     -2218.2548     -3076.4284     -372.99647      63307.842      39.855277      39.855277      39.855277      1.3447784      105.42487      1197.2173      73.849766    
    228000   228000         324.263        241.07892      339.86087      117.52989      4773.8714     -4656.3416      1892.8748      2829.6256     -2813.6042      20.190582     -1299.0039     -2211.7864     -3074.638      -373.41984      63236.066      39.84021       39.84021       39.84021       1.3463048     -701.10772      1524.451      -100.10648    
    229000   229000         326.20161      177.41136      278.3193       112.19932      4802.4121     -4690.2127      1851.1298      2782.0687     -2811.8678      21.186866     -1242.5547     -2218.8288     -3071.3469     -367.7881       64204.366      40.042531      40.042531      40.042531      1.3260005      534.16229      640.93843     -642.86665    
    230000   230000         323.21189     -772.03239     -780.83101     -61.420714      4758.3969     -4819.8176      1832.8206      2700.4418     -2819.5645      19.940951     -1248.7938     -2229.8727     -3074.7899     -369.57024      63894.76       39.978063      39.978063      39.978063      1.3324257     -1160.7227     -790.61389     -364.76056    
    231000   231000         325.81666      468.00333      592.41628      154.2968       4796.7448     -4642.448       1887.9825      2808.2874     -2803.2467      20.932373     -1258.1567     -2221.6251     -3076.6217     -367.87011      64190.052      40.039555      40.039555      40.039555      1.3262962      339.85878      142.49863      921.65259    
    232000   232000         319.87302      795.06557      924.73651      184.85966      4709.2413     -4524.3816      1874.3075      2895.5545     -2825.6165      22.993935     -1179.5378     -2232.3985     -3079.6848     -370.06809      63808.803      39.960128      39.960128      39.960128      1.3342206      627.95357      12.686023      1744.5571    
    233000   233000         323.65744     -298.60864     -211.05669      67.251139      4764.9563     -4697.7051      1886.3938      2800.334      -2828.7883      21.634682     -1262.3978     -2234.3671     -3080.5144     -369.50053      63906.814      39.980577      39.980577      39.980577      1.3321744     -155.70791      825.55355     -1565.6716    
    234000   234000         326.15846      1179.8645      1427.0595      327.176        4801.7769     -4474.6009      1911.5612      2902.394      -2826.3178      21.780772     -1169.6919     -2232.4059     -3081.9212     -369.42269      63920.28       39.983385      39.983385      39.983385      1.3318937      666.0348       1309.7204      1563.8384    
    235000   235000         325.33287     -513.57727     -361.03569      116.6181       4789.6224     -4673.0042      1823.0137      2849.1598     -2818.5302      21.757166     -1237.1916     -2230.301      -3080.912      -370.28036      63772.222      39.95249       39.95249       39.95249       1.3349859     -428.75018     -1574.7453      462.76362    
    236000   236000         324.06905     -184.66253     -84.68843       87.965394      4771.0161     -4683.0507      1824.1544      2837.3865     -2826.7112      21.6677       -1232.4926     -2228.419      -3078.6367     -368.33305      64109.375      40.022773      40.022773      40.022773      1.3279652      339.25639     -1301.3314      408.08739    
    237000   237000         318.7631       914.28226      886.65174      30.654379      4692.9008     -4662.2464      1833.4816      2834.3465     -2833.2688      20.177535     -1192.7177     -2242.8675     -3081.398      -367.82902      64197.223      40.041046      40.041046      40.041046      1.326148       333.74434      1868.6875      540.41488    
    238000   238000         327.32017     -134.97845      57.7491        184.50126      4818.8798     -4634.3786      1880.9286      2756.4966     -2805.1967      21.423345     -1187.6974     -2223.6202     -3076.7127     -366.73062      64389.501      40.080982      40.080982      40.080982      1.3221879      938.09345     -1348.4113      5.3825088    
    239000   239000         318.88152     -1062.2086     -997.44083     -9.4065031      4694.6442     -4704.0507      1871.5472      2781.8021     -2814.7683      20.983864     -1258.3799     -2229.7494     -3075.4862     -370.23366      63780.266      39.95417       39.95417       39.95417       1.3348176     -1007.1152     -1210.8501     -968.66045    
    240000   240000         322.7023       154.61694      206.40316      63.643563      4750.8945     -4687.2509      1829.3577      2834.9329     -2803.7923      21.03931      -1252.7324     -2236.3777     -3079.6784     -372.98373      63310.004      39.855731      39.855731      39.855731      1.3447325     -51.322705      125.22095      389.95259    
    241000   241000         319.35202     -988.05894     -846.7757       78.267566      4701.571      -4623.3034      1888.6786      2823.6517     -2822.6799      20.242567     -1210.8384     -2238.2174     -3084.1407     -367.83998      64195.311      40.040648      40.040648      40.040648      1.3261875     -1095.8574     -1481.2405     -387.07895    
    242000   242000         323.94108     -957.97225     -877.40337      12.759863      4769.1321     -4756.3722      1833.0144      2772.985      -2817.1199      20.142905     -1261.9049     -2229.8303     -3073.6593     -370.61364      63714.875      39.94051       39.94051       39.94051       1.3361875     -1304.234      -382.89994     -1186.7828    
    243000   243000         320.6785       1452.9847      1387.71        41.59723       4721.0997     -4679.5025      1850.7127      2795.0825     -2801.6215      19.631848     -1232.3197     -2234.5244     -3076.4639     -371.72153      63524.977      39.900791      39.900791      39.900791      1.3401818      931.68685      2309.8898      1117.3774    
    244000   244000         319.11194     -85.560164     -161.24887     -81.573758      4698.0364     -4779.6102      1854.4279      2735.9033     -2819.5441      21.307346     -1263.4686     -2227.7718     -3080.4642     -369.81715      63852.101      39.969164      39.969164      39.969164      1.3333159     -859.97266     -411.18349      1014.4757    
    245000   245000         322.05615      1128.2706      1172.9125      128.01809      4741.3818     -4613.3637      1922.7553      2832.3278     -2819.7557      21.146451     -1252.1369     -2238.4984     -3079.2021     -371.85961      63501.389      39.895852      39.895852      39.895852      1.3406796     -105.31264      1007.803       2482.3215    
    246000   246000         320.36781     -613.94592     -610.73668     -36.498473      4716.5257     -4753.0241      1901.3426      2706.3856     -2828.1828      20.177201     -1253.5659     -2223.1545     -3076.0263     -368.19353      64133.668      40.027828      40.027828      40.027828      1.3274622     -375.2511      -1518.2929      51.70626     
    247000   247000         322.38513     -759.77797     -640.15739      65.988599      4746.225      -4680.2364      1902.0215      2773.4238     -2800.0642      20.0674       -1277.3723     -2224.6543     -3073.6583     -370.53593      63728.238      39.943303      39.943303      39.943303      1.3359073     -1957.309      -693.06974      371.04479    
    248000   248000         322.55323     -969.98202     -801.72084      102.07944      4748.6998     -4646.6204      1909.5243      2778.7954     -2800.9251      19.920105     -1237.9785     -2238.6879     -3077.2688     -369.59776      63890.002      39.977071      39.977071      39.977071      1.3325249     -1108.1539     -610.65355     -1191.1386    
    249000   249000         320.01483      517.92118      510.91584      31.483958      4711.329      -4679.845       1891.5791      2799.9784     -2799.9018      19.05188      -1269.3018     -2235.0784     -3086.1723     -372.02736      63472.756      39.889854      39.889854      39.889854      1.3412844     -317.64549      1053.3286      818.08043    
    250000   250000         317.92861      282.31648      218.26164     -43.949223      4680.6152     -4724.5644      1800.7182      2832.1098     -2806.3319      20.784105     -1243.7938     -2243.9093     -3084.1414     -370.78629      63685.207      39.93431       39.93431       39.93431       1.33681        619.28988      235.23035     -7.570798     
Loop time of 690.476 on 1 procs for 250000 steps with 4940 atoms

Performance: 31.283 ns/day, 0.767 hours/ns, 362.069 timesteps/s, 1.789 Matom-step/s
100.0% CPU use with 1 MPI tasks x 1 OpenMP threads

MPI task timing breakdown:
Section |  min time  |  avg time  |  max time  |%varavg| %total
---------------------------------------------------------------
Pair    | 274.06     | 274.06     | 274.06     |   0.0 | 39.69
Bond    | 89.906     | 89.906     | 89.906     |   0.0 | 13.02
Kspace  | 194.15     | 194.15     | 194.15     |   0.0 | 28.12
Neigh   | 40.775     | 40.775     | 40.775     |   0.0 |  5.91
Comm    | 5.5482     | 5.5482     | 5.5482     |   0.0 |  0.80
Output  | 2.4256     | 2.4256     | 2.4256     |   0.0 |  0.35
Modify  | 63.705     | 63.705     | 63.705     |   0.0 |  9.23
Other   |            | 19.9       |            |       |  2.88

Nlocal:           4940 ave        4940 max        4940 min
Histogram: 1 0 0 0 0 0 0 0 0 0
Nghost:          14361 ave       14361 max       14361 min
Histogram: 1 0 0 0 0 0 0 0 0 0
Neighs:              0 ave           0 max           0 min
Histogram: 1 0 0 0 0 0 0 0 0 0
FullNghs:  2.42797e+06 ave 2.42797e+06 max 2.42797e+06 min
Histogram: 1 0 0 0 0 0 0 0 0 0

Total # of neighbors = 2427972
Ave neighs/atom = 491.49231
Ave special neighs/atom = 5.9797571
Neighbor list builds = 6712
Dangerous builds = 0

# --- Cleanup ---
unfix npt_fix

undump dump_npt

# --- Write Output ---
write_dump all custom cool_block_10_last.dump id type mol x y z xu yu zu vx vy vz modify sort id
write_data /home/arz2/PolyJarvis_v2/data/sPVC_2/attempts/cooling/attempt-0001/work/cool_block_10/cool_block_10_out.data
System init for write_data ...
PPPM Kokkos initialization ...
  using 12-bit tables for long-range coulomb
  G vector (1/distance) = 0.2961608
  grid = 27 27 27
  stencil order = 5
  estimated absolute RMS force accuracy = 0.00035832664
  estimated relative force accuracy = 1.07909e-06
  using double precision cuFFT
  3d grid and FFT values/proc = 39304 19683
Generated 6 of 6 mixed pair_coeff terms from sixthpower/sixthpower mixing rule
write_restart /home/arz2/PolyJarvis_v2/data/sPVC_2/attempts/cooling/attempt-0001/work/cool_block_10/cool_block_10_out.restart
System init for write_restart ...
PPPM Kokkos initialization ...
  using 12-bit tables for long-range coulomb
  G vector (1/distance) = 0.2961608
  grid = 27 27 27
  stencil order = 5
  estimated absolute RMS force accuracy = 0.00035832664
  estimated relative force accuracy = 1.07909e-06
  using double precision cuFFT
  3d grid and FFT values/proc = 39304 19683
Generated 6 of 6 mixed pair_coeff terms from sixthpower/sixthpower mixing rule

print "STAGE COMPLETE: NPT T=346.0->321.0K P=1.0->1.0atm steps=250000"
STAGE COMPLETE: NPT T=346.0->321.0K P=1.0->1.0atm steps=250000
quit
