units real
atom_style full
boundary p p p

# --- Force Field Styles ---
pair_style lj/class2/coul/long 9.5 9.5
kspace_style pppm 1e-6
dielectric 1.000000
bond_style class2
angle_style class2
dihedral_style class2
improper_style class2
special_bonds lj/coul 0 0 1
pair_modify mix sixthpower tail yes
neighbor 2.0 bin
neigh_modify delay 0 every 1 check yes
neigh_modify one 4000
# KOKKOS: package loaded via -pk kokkos on the command line

read_data /home/alexzhao/PolyJarvis/data/PSU_1/attempts/cooling/attempt-0001/work/cool_block_07/cool_block_07_out.data
Reading data file ...
  orthogonal box = (4.6322251 4.6322251 4.6322251) to (47.573485 47.573485 47.573485)
  1 by 1 by 1 MPI processor grid
  reading atoms ...
  6500 atoms
  reading velocities ...
  6500 velocities
  scanning bonds ...
  4 = max bonds/atom
  scanning angles ...
  16 = max angles/atom
  scanning dihedrals ...
  38 = max dihedrals/atom
  scanning impropers ...
  12 = max impropers/atom
  orthogonal box = (4.6322251 4.6322251 4.6322251) to (47.573485 47.573485 47.573485)
  1 by 1 by 1 MPI processor grid
  reading bonds ...
  6970 bonds
  reading angles ...
  11760 angles
  reading dihedrals ...
  17500 dihedrals
  reading impropers ...
  4800 impropers
Finding 1-2 1-3 1-4 neighbors ...
  special bond factors lj:    0        0        1       
  special bond factors coul:  0        0        1       
     4 = max # of 1-2 neighbors
    10 = max # of 1-3 neighbors
    14 = max # of special neighbors
  special bonds CPU = 0.003 seconds
  read_data CPU = 0.250 seconds


# --- Thermo Output ---
thermo_style custom step time temp press enthalpy etotal ke pe ebond eangle edihed eimp evdwl ecoul elong etail vol lx ly lz density pxx pyy pzz
thermo_modify flush yes
thermo 1000

# --- Trajectory ---
dump dump_npt all custom 1000 cool_block_08.dump id type mol x y z ix iy iz vx vy vz


# --- Restart Checkpointing ---
restart 10000 npt_1.rst npt_2.rst

# --- Initial Velocities (optional) ---
# Velocities read from data file

# --- SHAKE Constraints ---
# SHAKE disabled

# --- NPT Thermostat + Barostat (Nose-Hoover) ---
# T_damp = 100.0 fs  (heat bath coupling)
# P_damp = 1000.0 fs  (pressure bath coupling, ~10x T_damp typical)
# Ramp: T=525.0->500.0K  P=1.0->1.0atm
timestep 1.0
fix npt_fix all npt temp 525.0 500.0 100.0 iso 1.0 1.0 1000.0

run 250000
PPPM Kokkos initialization ...
  using 12-bit tables for long-range coulomb
  G vector (1/distance) = 0.29930945
  grid = 30 30 30
  stencil order = 5
  estimated absolute RMS force accuracy = 0.00033175276
  estimated relative force accuracy = 9.9906359e-07
  using double precision cuFFT
  3d grid and FFT values/proc = 50653 27000
Generated 28 of 28 mixed pair_coeff terms from sixthpower/sixthpower mixing rule
Neighbor list info ...
  update: every = 1 steps, delay = 0 steps, check = yes
  max neighbors/atom: 4000, page size: 100000
  master list distance cutoff = 11.5
  ghost atom cutoff = 11.5
  binsize = 11.5, bins = 4 4 4
  1 neighbor lists, perpetual/occasional/extra = 1 0 0
  (1) pair lj/class2/coul/long/kk, perpetual
      attributes: full, newton off, kokkos_device
      pair build: full/bin/kk/device
      stencil: full/bin/3d
      bin: kk/device
Per MPI rank memory allocation (min/avg/max) = 44.27 | 44.27 | 44.27 Mbytes
   Step          Time           Temp          Press         Enthalpy        TotEng         KinEng         PotEng         E_bond        E_angle        E_dihed        E_impro         E_vdwl         E_coul         E_long         E_tail         Volume           Lx             Ly             Lz          Density          Pxx            Pyy            Pzz      
         0   0              535.16531     -814.73882      22903.831      23844.678      10367.375      13477.303      4603.8143      4297.9237      3381.8326      400.10346      260.54102      4899.9827     -4366.8949     -497.39279      79181.612      42.94126       42.94126       42.94126       1.1140928     -2529.4015     -1090.1198      1175.3049    
      1000   1000           516.88398      469.23361      23900.132      23360.388      10013.223      13347.164      4654.6627      4245.7319      3255.9327      387.66468      254.84529      4911.6525     -4363.3253     -499.34559      78871.954      42.885209      42.885209      42.885209      1.1184668      455.45488     -406.33171      1358.5777    
      2000   2000           522.36853      2244.654       26036.107      23420.741      10119.472      13301.269      4586.943       4198.5324      3267.0117      396.56651      298.23894      4912.6823     -4358.7054     -492.96562      79892.717      43.069424      43.069424      43.069424      1.1041765      2453.4796      1129.554       3150.9283    
      3000   3000           523.37704      144.22557      23670.694      23504.237      10139.009      13365.228      4603.8652      4339.9862      3243.2368      388.63433      247.55245      4904.9239     -4362.9712     -497.66682      79138.012      42.933377      42.933377      42.933377      1.1147066      1553.4369     -423.88212     -696.87806    
      4000   4000           518.33518     -748.22898      22474.137      23336.213      10041.337      13294.876      4514.4417      4249.4076      3402.7296      387.3653       185.39728      4917.1317     -4361.5966     -498.52711      79001.446      42.908666      42.908666      42.908666      1.1166335     -2233.762       1395.7918     -1406.7167    
      5000   5000           520.51852     -274.56109      23215.589      23530.212      10083.633      13446.579      4579.1627      4320.6077      3381.6164      395.83349      206.48254      4921.1651     -4358.2886     -501.24233      78573.497      42.831047      42.831047      42.831047      1.1227152     -906.4951      -1422.7568      1505.5686    
      6000   6000           519.44009     -724.25372      22578.756      23406.977      10062.741      13344.236      4506.9678      4345.1148      3383.1321      408.14804      156.95277      4906.6645     -4362.7442     -502.2783       78411.436      42.80158       42.80158       42.80158       1.1250357      209.19788     -1203.9702     -1177.9888    
      7000   7000           523.33669      658.81642      24167.29       23416.071      10138.227      13277.844      4491.1597      4250.1237      3405.8152      398.36176      195.06414      4904.0484     -4366.729      -503.7297       78185.508      42.760432      42.760432      42.760432      1.1282866      1663.1963     -275.55655      588.80953    
      8000   8000           516.44273      441.3107       23838.678      23334.394      10004.676      13329.718      4552.3545      4405.1732      3290.994       387.36175      142.30794      4915.6829     -4364.1559     -502.65424      78352.791      42.790907      42.790907      42.790907      1.1258777     -1293.4554      357.38754      2259.9999    
      9000   9000           523.89144     -759.32685      22694.756      23566.991      10148.974      13418.017      4540.5431      4340.9188      3381.95        401.31779      204.94782      4913.2973     -4364.9575     -500.0284       78764.251      42.86568       42.86568       42.86568       1.1199962     -968.59325     -890.87834     -418.50896    
     10000   10000          515.17029     -772.11314      22375.905      23263.44       9980.0254      13283.415      4558.2974      4323.4303      3267.8504      389.02612      192.45248      4915.084      -4362.7259     -499.68351      78818.616      42.87554       42.87554       42.87554       1.1192237     -2656.1092      272.11653      67.653231    
     11000   11000          525.98064      1888.0319      25567.808      23411.495      10189.447      13222.049      4515.9978      4323.8433      3209.1207      397.75881      234.06631      4906.0409     -4364.7793     -502.91819      78311.669      42.78342       42.78342       42.78342       1.1264689      2022.8167      1546.7931      2094.4859    
     12000   12000          522.74608      1338.2093      25233.546      23692.821      10126.786      13566.036      4615.3942      4282.3806      3434.0719      402.01396      279.71937      4913.2446     -4360.7891     -498.88303      78945.083      42.898459      42.898459      42.898459      1.1174307      3253.7781      2071.4029     -1310.5532    
     13000   13000          518.95271      849.75867      24433.171      23447.98       10053.299      13394.681      4499.2127      4421.0359      3283.2816      400.81747      240.27292      4912.3746     -4362.3144     -495.42186      79496.618      42.998128      42.998128      42.998128      1.1096782      2177.4653      923.99417     -552.18346    
     14000   14000          527.47142      1401.0064      25455.841      23826.011      10218.326      13607.685      4663.2162      4313.2238      3341.8383      400.52629      321.34754      4926.1037     -4358.5708     -493.73919      79767.543      43.046919      43.046919      43.046919      1.1059092      879.51691      192.60965      3130.8927    
     15000   15000          518.5335       360.99232      23799.923      23387.287      10045.179      13342.109      4551.6951      4303.9692      3343.8907      408.02895      189.69836      4906.2825     -4361.4561     -502.494        78377.777      42.795455      42.795455      42.795455      1.1255188      1581.084      -1302.4419      804.33482    
     16000   16000          509.44311     -1182.6821      21941.132      23298.077      9869.0768      13429          4560.8717      4364.578       3409.6086      391.52949      158.59758      4909.0969     -4365.2821     -500.61671      78671.689      42.848882      42.848882      42.848882      1.1213139     -57.222398     -1569.5575     -1921.2664    
     17000   17000          526.82755      1222.3143      24857.354      23461.918      10205.853      13256.065      4412.6272      4374.225       3313.5552      393.77856      221.43442      4906.0417     -4365.5969     -503.12127      78280.059      42.777662      42.777662      42.777662      1.1269238      3258.2161      191.21984      217.50709    
     18000   18000          531.33349      106.0326       23632.118      23510.158      10293.144      13217.014      4550.9271      4270.1353      3273.1163      386.2244       174.20524      4924.1252     -4361.7195     -499.36806      78868.405      42.884566      42.884566      42.884566      1.1185171     -2059.1658      2669.5737     -292.31009    
     19000   19000          525.20293     -545.72034      22806.085      23440.476      10174.381      13266.095      4599.1534      4340.7842      3204.9135      381.17254      187.8036       4913.2852     -4361.0173     -494.09771      79709.664      43.036505      43.036505      43.036505      1.1067123     -708.716       -2012.3488      1083.9038    
     20000   20000          519.42395      1741.0114      25390.816      23400.989      10062.429      13338.561      4486.572       4306.6993      3332.9812      392.03655      285.35159      4898.9199     -4363.9997     -502.55784      78367.82       42.793643      42.793643      42.793643      1.1256618      2506.5003      1225.4253      1491.1084    
     21000   21000          521.87088     -1139.5535      22190.949      23500.011      10109.831      13390.18       4455.1587      4361.2334      3387.6418      394.96894      232.47343      4920.0767     -4361.373      -500.00457      78768.006      42.866361      42.866361      42.866361      1.1199428     -945.93951     -2144.5243     -328.19662    
     22000   22000          525.89663      301.67097      23960.74       23614.184      10187.819      13426.365      4560.7363      4330.2622      3396.4656      402.50244      185.81293      4914.8703     -4364.2845     -499.98912      78770.439      42.866802      42.866802      42.866802      1.1199082      207.14375     -554.03675      1251.9059    
     23000   23000          523.43212      799.35467      24302.106      23379.031      10140.076      13238.955      4656.7281      4262.27        3146.276       382.37738      249.46283      4909.8267     -4367.9861     -497.39579      79181.134      42.941173      42.941173      42.941173      1.1140995      3532.2304      501.69424     -1635.8606    
     24000   24000          520.79348     -738.73316      22555.614      23406.207      10088.959      13317.247      4585.2011      4328.4325      3299.7517      412.42095      141.24681      4913.219      -4363.0247     -498.84482      78951.13       42.899555      42.899555      42.899555      1.1173451     -1371.4625     -1597.7949      753.05796    
     25000   25000          524.80007      1013.974       24751.135      23592.54       10166.576      13425.964      4592.4557      4316.05        3359.0505      405.82812      199.64172      4912.8103     -4359.8726     -502.68388      78348.171      42.790066      42.790066      42.790066      1.1259441      787.52442      434.10952      1820.288     
     26000   26000          524.91215      271.09572      23634.557      23322.437      10168.748      13153.69       4421.5059      4341.6254      3283.8887      383.41765      184.39141      4902.9584     -4364.0979     -498.88556      78944.684      42.898387      42.898387      42.898387      1.1174364     -795.57815      1364.7254      244.13994    
     27000   27000          520.78141      77.43059       23532.934      23444.48       10088.726      13355.754      4553.0146      4303.0545      3423.7276      390.564        130.86038      4918.8375     -4364.3042     -502.80143      78329.854      42.786731      42.786731      42.786731      1.1262074      166.94399      1116.1943     -1050.8465    
     28000   28000          529.60417      515.48169      23923.366      23332.809      10259.643      13073.166      4412.6898      4344.5985      3227.2778      380.18982      130.04515      4935.8871     -4357.5221     -501.36123      78554.862      42.827661      42.827661      42.827661      1.1229816      104.36778      1603.086      -161.00869    
     29000   29000          506.03717      635.05717      23832.047      23104.911      9803.0961      13301.815      4594.7232      4308.3066      3276.582       379.4514       193.79152      4914.7494     -4365.7895     -501.64527      78510.383      42.819576      42.819576      42.819576      1.1236178      97.323294      1189.3093      618.53889    
     30000   30000          529.343        267.56114      23796.445      23490.715      10254.583      13236.132      4485.4239      4228.3526      3452.9501      400.66987      124.90336      4905.0004     -4361.1679     -502.67325      78349.827      42.790367      42.790367      42.790367      1.1259203      777.4066       222.41267     -197.13584    
     31000   31000          523.506       -144.63588      23248.035      23414.958      10141.507      13273.451      4452.1953      4236.3525      3426.5227      378.75225      244.6549       4898.0171     -4363.0435     -497.69049      79134.249      42.932696      42.932696      42.932696      1.1147596     -1844.7413      940.29267      470.54094    
     32000   32000          526.15826     -160.72208      23142.971      23326.88       10192.887      13133.992      4484.5806      4244.4888      3274.6133      383.82371      198.76943      4912.5789     -4364.8625     -501.96564      78460.277      42.810465      42.810465      42.810465      1.1243353      492.29669     -1170.5522      196.08923    
     33000   33000          529.47278     -73.492383      23538.933      23623.833      10257.097      13366.735      4541.6809      4310.8388      3295.5958      400.85314      277.3727       4901.3442     -4360.95       -497.20274      79211.877      42.94673       42.94673       42.94673       1.1136671      1236.6195     -742.29634     -714.80027    
     34000   34000          520.31049      1957.9557      25564.16       23343.534      10079.603      13263.931      4491.1664      4342.8405      3275.5536      390.5349       219.70325      4912.2294     -4368.0974     -506.43901      77767.236      42.684044      42.684044      42.684044      1.1343551      1718.8418      2800.8008      1354.2245    
     35000   35000          518.68498     -794.60827      22514.972      23433.783      10048.113      13385.67       4563.3995      4241.9402      3379.7128      387.00105      260.55166      4913.1609     -4360.0962     -496.73699      79286.148      42.960148      42.960148      42.960148      1.1126239     -1086.0386      711.20622     -2008.9924    
     36000   36000          521.89949     -1129.4052      22200.792      23501.076      10110.385      13390.691      4586.418       4300.625       3314.1657      403.82128      250.27755      4900.3656     -4364.982      -498.89721      78942.839      42.898053      42.898053      42.898053      1.1174625     -656.18114     -1775.4957     -956.53891    
     37000   37000          518.08517     -668.30304      22696.307      23464.925      10036.493      13428.432      4520.517       4250.9664      3457.4215      397.31457      241.04395      4922.894      -4361.7256     -499.41577      78860.87       42.8832        42.8832        42.8832        1.118624      -335.70476     -2179.7345      510.53019    
     38000   38000          526.69705     -1554.0367      21608.834      23412.109      10203.325      13208.784      4462.2619      4292.2031      3311.3736      400.2736       190.40746      4912.5293     -4360.2653     -494.99296      79565.501      43.010544      43.010544      43.010544      1.1087175     -836.11036     -361.4305      -3464.5693    
     39000   39000          520.34558     -3039.7877      19711.363      23187.215      10080.283      13106.932      4409.7995      4156.806       3480.5314      389.6055       104.56667      4927.8095     -4362.1863     -502.3215       78404.692      42.800353      42.800353      42.800353      1.1251324     -2605.1986     -3754.6568     -2759.5075    
     40000   40000          511.45451     -353.48526      22855.04       23259.415      9908.0423      13351.373      4573.8906      4250.8147      3368.5568      409.18594      184.07246      4923.7288     -4358.8765     -502.09535      78440.006      42.806778      42.806778      42.806778      1.1246259     -2062.903       1138.0479     -135.60069    
     41000   41000          517.64743      1308.9101      24899.628      23389.755      10028.013      13361.742      4599.63        4291.1426      3288.5384      390.07828      232.68555      4924.9294     -4365.2627     -497.93105      79096.016      42.925781      42.925781      42.925781      1.1152984     -195.73476      2219.3382      1903.1268    
     42000   42000          520.02654     -965.58754      22551.296      23664.802      10074.102      13590.699      4532.6963      4394.7967      3541.0279      399.22091      168.36758      4914.0337     -4359.4437     -498.08005      79072.355      42.9215        42.9215        42.9215        1.1156322     -2847.8359      258.25965     -307.18635    
     43000   43000          514.84032      1035.5369      24499.645      23304.626      9973.6332      13330.993      4495.5508      4353.9155      3309.463       407.71499      225.88479      4904.098      -4365.6338     -497.72658      79128.51       42.931658      42.931658      42.931658      1.1148404      3622.7412     -9.115073      -507.01538    
     44000   44000          526.11406     -534.48276      22849.474      23462.335      10192.031      13270.304      4634.6652      4293.8685      3255.4998      393.76548      149.7647       4909.9365     -4367.1965     -500.92349      78623.509      42.840133      42.840133      42.840133      1.1220011     -695.98819     -1161.4658      254.00572    
     45000   45000          527.94964     -354.22172      23035.231      23439.842      10227.591      13212.251      4568.2973      4277.194       3246.617       395.88522      177.63853      4912.8044     -4366.1851     -502.84908      78322.432      42.785379      42.785379      42.785379      1.1263141     -1178.948      -1510.0717      1626.3545    
     46000   46000          511.6223      -1957.8574      21022.321      23296.181      9911.2928      13384.888      4593.9329      4269.4234      3401.0009      375.4719       191.66311      4919.3802     -4365.9848     -494.55784      79635.503      43.023154      43.023154      43.023154      1.1077429     -1769.1481     -1527.0306     -2577.3934    
     47000   47000          517.77034      576.86782      24100.505      23446.223      10030.394      13415.829      4671.9822      4326.7736      3325.9344      372.26942      162.78383      4920.9348     -4364.849      -506.42086      77770.024      42.684554      42.684554      42.684554      1.1343145      819.5351      -187.93766      1099.006     
     48000   48000          515.40269     -1323.9529      21590.302      23115.068      9984.5276      13130.541      4512.1945      4221.6119      3242.27        365.85787      244.49859      4904.0355     -4359.9278     -498.73404      78968.668      42.902731      42.902731      42.902731      1.117097      -2777.974       494.4371      -1688.3219    
     49000   49000          515.47709     -2314.5577      20559.658      23217.914      9985.9689      13231.945      4535.8543      4252.4031      3371.4326      384.67258      138.94306      4910.2101     -4361.571      -500.11628      78750.412      42.863169      42.863169      42.863169      1.120193      -2538.8744     -2891.4579     -1513.3408    
     50000   50000          525.28593     -951.03133      22410.416      23515.324      10175.988      13339.336      4583.6018      4314.2224      3322.5118      376.73427      190.65698      4911.6728     -4360.0646     -494.38878      79662.735      43.028057      43.028057      43.028057      1.1073642     -2419.3782     -1182.409       748.69323    
     51000   51000          511.79576     -874.53852      22292.66       23294.173      9914.653       13379.52       4609.4682      4268.5864      3406.7639      396.20317      131.77739      4927.7026     -4360.9815     -501.55909      78523.874      42.822029      42.822029      42.822029      1.1234247     -1489.4483     -2238.7872      1104.62      
     52000   52000          515.98506      1857.179       25328.513      23188.169      9995.8094      13192.36       4665.941       4223.8594      3190.8815      385.08579      185.61572      4903.8371     -4362.8606     -498.39082      79023.049      42.912577      42.912577      42.912577      1.1163283      1243.1398      436.58121      3891.816     
     53000   53000          523.93805      325.94645      23799.157      23429.179      10149.877      13279.302      4500.4069      4388.1512      3272.8016      403.74358      166.74433      4907.9132     -4360.4588     -506.02255      77831.241      42.69575       42.69575       42.69575       1.1334223     -454.2065       2547.4928     -1115.447     
     54000   54000          510.93329     -258.37262      22759.082      23055.131      9897.945       13157.186      4422.0883      4245.2366      3336.4682      380.85171      215.54057      4916.6109     -4359.61       -501.28279      78567.154      42.829895      42.829895      42.829895      1.1228059     -1360.6161      2456.0224     -1870.5242    
     55000   55000          520.44727     -241.97396      22958.768      23235.363      10082.253      13153.11       4443.7293      4305.057       3269.0207      374.86837      237.13106      4887.3094     -4364.006      -502.48691      78378.883      42.795656      42.795656      42.795656      1.1255029     -159.31901      317.68126     -884.28414    
     56000   56000          525.14436     -1655.5213      21648.376      23553.948      10173.246      13380.702      4498.4232      4278.0285      3466.5118      419.09888      178.28546      4902.9184     -4362.5641     -499.00986      78925.018      42.894825      42.894825      42.894825      1.1177148     -2728.4835     -454.18214     -1783.8984    
     57000   57000          513.81816     -1201.8977      21835.052      23213.815      9953.8316      13259.983      4620.6546      4252.0258      3350.2732      373.9702       121.88787      4903.9459     -4362.7745     -500.7002       78658.572      42.8465        42.8465        42.8465        1.1215009     -259.70788     -937.97849     -2408.0067    
     58000   58000          521.45193     -2645.0199      20418.391      23483          10101.715      13381.285      4617.5574      4215.8678      3414.0001      407.56994      192.01031      4896.1095     -4361.8302     -495.73959      79445.668      42.98894       42.98894       42.98894       1.1103898     -2714.7221     -1251.4378     -3968.8999    
     59000   59000          520.01733     -1128.1483      22051.712      23344.186      10073.924      13270.262      4475.1829      4291.6148      3391.1934      398.36052      169.70018      4908.5399     -4364.3299     -501.35389      78556.013      42.82787       42.82787       42.82787       1.1229651     -454.45889     -2920.1316     -9.8543241    
     60000   60000          519.19243     -980.87771      22145.496      23278.783      10057.943      13220.84       4442.0078      4315.5795      3288.8256      388.67691      223.67966      4922.702      -4360.6316     -497.13498      79222.675      42.948681      42.948681      42.948681      1.1135153      361.78074     -723.26649     -2581.1474    
     61000   61000          517.83068      1528.6147      24985.826      23220.728      10031.563      13189.164      4529.2433      4223.4028      3194.8106      387.79205      307.36667      4906.7733     -4360.2242     -497.4264       79176.262      42.940292      42.940292      42.940292      1.1141681      964.47289      2379.2932      1242.078     
     62000   62000          518.46151     -3148.0664      19701.186      23295.954      10043.784      13252.17       4441.3347      4261.7485      3408.9579      373.21458      215.20218      4914.3633     -4362.6515     -503.00554      78298.07       42.780943      42.780943      42.780943      1.1266646     -4228.8307     -2315.4478     -2899.9208    
     63000   63000          515.91121      502.57215      23890.701      23304.772      9994.3787      13310.393      4638.5788      4273.1914      3224.0293      381.29698      239.14188      4915.7303     -4361.5754     -492.6667       79941.19       43.078133      43.078133      43.078133      1.103507       856.66308      1786.4656     -1135.4123    
     64000   64000          511.19969      688.38695      23682.836      22895.773      9903.1058      12992.668      4329.4898      4283.0344      3217.829       366.17002      238.51039      4916.1239     -4358.4899     -502.36943      78397.211      42.798992      42.798992      42.798992      1.1252398     -897.93554      1485.5606      1477.5358    
     65000   65000          523.32016      2205.6792      25891.738      23377.21       10137.907      13239.303      4692.5572      4126.5833      3258.1092      389.28375      212.88352      4920.7907     -4360.9051     -503.83181      78169.662      42.757543      42.757543      42.757543      1.1285153      2185.315       853.10806      3578.6145    
     66000   66000          512.48366      1739.0297      25261.843      23263.852      9927.9792      13335.873      4462.8669      4243.6875      3348.5238      393.69956      335.30683      4913.9421     -4362.1536     -499.93453      78779.04       42.868362      42.868362      42.868362      1.119786       1027.2436      1396.4796      2793.3658    
     67000   67000          520.06482     -412.02166      22871.861      23348.031      10074.844      13273.188      4679.0953      4143.9479      3210.8863      377.07495      308.54442      4913.9787     -4360.3398     -497.00094      79244.04       42.952542      42.952542      42.952542      1.1132151     -1692.3295      690.69714     -234.43258    
     68000   68000          518.4475      -433.16846      22732.254      23229.816      10043.512      13186.303      4482.5749      4217.0917      3352.4157      399.15132      170.9452       4924.4172     -4360.2931     -500.04625      78761.44       42.86517       42.86517       42.86517       1.1200362     -1314.4736     -1036.4386      1051.4068    
     69000   69000          511.96566      605.08182      23816.806      23120.952      9917.9445      13203.007      4482.5579      4148.9506      3374.875       393.94743      239.90349      4925.1556     -4362.383      -499.45372      78854.879      42.882114      42.882114      42.882114      1.118709       1265.3385     -351.76527      901.67223    
     70000   70000          517.02384     -777.62262      22340.619      23234.183      10015.933      13218.251      4487.9465      4235.2585      3297.0408      409.40203      232.93825      4916.3337     -4360.6693     -499.85352      78791.807      42.870678      42.870678      42.870678      1.1196045      363.78805     -757.35773     -1939.2982    
     71000   71000          513.49422     -402.90626      22801.833      23260.404      9947.5561      13312.848      4470.2984      4267.3237      3397.759       396.04563      215.87854      4920.6222     -4355.0797     -504.6583       78041.642      42.734189      42.734189      42.734189      1.1303666     -1049.2084     -304.1262       144.61578    
     72000   72000          518.05369     -1294.0733      21975.436      23472.572      10035.884      13436.688      4426.0653      4387.0605      3428.8732      404.34229      225.89442      4923.3661     -4358.9135     -496.47514      79327.965      42.9677        42.9677        42.9677        1.1120374      68.098371     -1205.8678     -2744.4504    
     73000   73000          515.84559      367.72628      23540.335      23116.57       9993.1075      13123.463      4433.9159      4218.8256      3313.0684      381.7132       231.16517      4906.487      -4361.7126     -498.42442      79017.723      42.911613      42.911613      42.911613      1.1164035      657.40646     -799.84331      1245.6157    
     74000   74000          515.10746      979.41396      24511.47       23384.253      9978.8083      13405.445      4500.4419      4347.6327      3363.9742      405.32211      213.3443       4932.6865     -4357.9571     -499.0667       78916.03       42.893196      42.893196      42.893196      1.1178421      354.62901      1072.0639      1511.549     
     75000   75000          518.07496      36.933059      23322.213      23280.028      10036.295      13243.733      4416.3252      4333.8953      3284.1595      389.75974      276.10751      4903.4907     -4360.005      -502.87716      78318.058      42.784583      42.784583      42.784583      1.126377      -83.909947     -227.8882       422.59732    
     76000   76000          516.6189       846.65761      24075.13       23105.135      10008.088      13097.046      4378.1835      4284.9992      3258.4618      392.8872       215.37884      4925.5314     -4358.3955     -501.34635      78557.194      42.828085      42.828085      42.828085      1.1229482      319.97442      1304.4456      915.55279    
     77000   77000          515.61796      490.55973      23860.672      23297.123      9988.6977      13308.426      4525.0039      4289.9512      3377.3521      398.54255      172.411        4910.0113     -4364.8464     -499.9885       78770.537      42.86682       42.86682       42.86682       1.1199068      1396.4725      739.12749     -663.92082    
     78000   78000          514.10344      276.93393      23395.671      23073.972      9959.3581      13114.614      4458.8507      4200.3899      3248.8022      395.07279      265.40702      4910.1047     -4364.0137     -494.45372      79652.273      43.026174      43.026174      43.026174      1.1075097      3.5015669     -143.69445      970.99468    
     79000   79000          528.92272     -1622.1402      21663.124      23536.301      10246.441      13289.859      4449.0474      4280.0196      3379.9107      392.69647      250.6868       4900.3986     -4362.9005     -497.40425      79179.787      42.94093       42.94093       42.94093       1.1141185     -2231.074      -1157.218      -1478.1287    
     80000   80000          520.90765      260.13974      23473.201      23175.923      10091.171      13084.752      4464.654       4171.5742      3252.3907      359.44474      294.49318      4908.0904     -4365.8952     -502.62555      78357.263      42.791721      42.791721      42.791721      1.1258135      150.82609     -649.42391      1279.017     
     81000   81000          518.45297     -519.09407      22639.99       23237.528      10043.618      13193.909      4389.366       4225.6849      3426.6216      389.68164      219.03767      4905.7536     -4362.2362     -498.97742      78930.15       42.895754      42.895754      42.895754      1.1176421     -86.456683     -716.65177     -754.17375    
     82000   82000          515.04474     -1463.8679      21446.589      23139.908      9977.5933      13162.315      4450.4234      4110.7443      3453.0809      397.65022      195.30021      4914.0226     -4358.9069     -496.54987      79316.027      42.965544      42.965544      42.965544      1.1122048     -1641.0533     -688.98173     -2061.5687    
     83000   83000          521.98565      785.21987      24206.727      23302.488      10112.055      13190.433      4540.3722      4260.8274      3219.4927      394.46253      227.66331      4908.5628     -4360.9475     -498.77862      78961.609      42.901452      42.901452      42.901452      1.1171969     -707.59351      1232.6418      1830.6113    
     84000   84000          508.48284     -810.09576      22309.263      23241.082      9850.4743      13390.608      4534.2657      4291.2628      3363.5628      396.97493      245.79159      4916.9069     -4358.1567     -499.34935      78871.361      42.885102      42.885102      42.885102      1.1184752     -380.57051     -708.80524     -1340.9115    
     85000   85000          521.39351     -1280.3292      21964.318      23432.439      10100.583      13331.856      4605.6902      4321.5771      3309.879       399.31539      134.53808      4922.9195     -4362.0634     -500.90985      78625.65       42.840522      42.840522      42.840522      1.1219705     -2796.6066     -141.04577     -903.33517    
     86000   86000          518.10076     -1118.2645      21910.311      23208.748      10036.795      13171.952      4434.1507      4228.4837      3369.0484      391.43606      210.64242      4901.3452     -4363.1541     -494.67899      79616          43.019641      43.019641      43.019641      1.1080143     -539.03563     -1921.3224     -894.43551    
     87000   87000          513.14645     -686.17075      22213.686      22999.905      9940.819       13059.086      4460.1367      4278.781       3216.6415      374.1314       183.67048      4908.2994     -4362.5747     -501.28916      78566.156      42.829713      42.829713      42.829713      1.1228201     -1526.9554      432.89894     -964.45575    
     88000   88000          518.15946      197.33942      23443.801      23217.281      10037.932      13179.348      4432.479       4219.4478      3364.7847      386.84447      224.0003       4917.4627     -4365.6707     -500.38729      78707.76       42.855429      42.855429      42.855429      1.1208001     -987.09291      2081.2985     -502.18735    
     89000   89000          514.47859      93.081898      23502.443      23394.835      9966.6256      13428.209      4541.2279      4325.4195      3328.0074      416.22508      269.61695      4907.7001     -4359.9876     -496.84549      79268.834      42.957021      42.957021      42.957021      1.1128669     -477.51572      549.18487      207.57654    
     90000   90000          509.64825      812.39473      24070.977      23124.344      9873.051       13251.293      4610.1682      4218.7897      3215.9121      385.38499      269.76418      4912.9564     -4361.6824     -492.92976      79898.529      43.070468      43.070468      43.070468      1.1040962      1583.6779      824.66097      28.845346    
     91000   91000          517.60474      172.43779      23442.092      23242.918      10027.186      13215.732      4613.1365      4238.9673      3224.4308      379.88784      216.48425      4904.6928     -4361.868      -497.2787       79199.777      42.944543      42.944543      42.944543      1.1138373     -72.137366      777.41353     -187.96279    
     92000   92000          519.60759      1969.6396      25419.361      23150.192      10065.986      13084.206      4447.5778      4250.4981      3201.5893      377.43171      254.67092      4913.4128     -4360.9748     -498.56254      78995.833      42.90765       42.90765       42.90765       1.1167129      1568.6036      2560.1534      1780.1619    
     93000   93000          513.74747     -339.698        22863.916      23254.678      9952.4621      13302.216      4516.5645      4325.6464      3358.3731      380.94188      160.51208      4920.6933     -4360.5153     -499.32097      78875.843      42.885914      42.885914      42.885914      1.1184117     -2001.3199     -415.76171      1397.9876    
     94000   94000          516.64886      1583.4609      25077.186      23260.516      10008.669      13251.847      4541.8631      4277.7851      3258           409.46434      216.36533      4910.7448     -4362.3752     -500.64651      78667.007      42.848032      42.848032      42.848032      1.1213807      1549.2053      1761.6137      1439.5638    
     95000   95000          514.62685     -684.30864      22523.224      23303.837      9969.4978      13334.339      4472.91        4363.7162      3320.9077      380.68769      232.45024      4922.5591     -4358.8921     -503.51917      78218.199      42.766391      42.766391      42.766391      1.1278151     -1419.2389      1197.999      -1831.686     
     96000   96000          514.12078     -1433.4528      21558.429      23206.4        9959.694       13246.706      4428.1349      4241.6603      3347.305       391.31709      290.93519      4907.1781     -4359.8243     -499.61259      78829.804      42.877568      42.877568      42.877568      1.1190648     -1389.4392     -2235.3803     -675.53901    
     97000   97000          513.59149      512.21018      23590.233      23003.753      9949.4404      13054.313      4507.3299      4111.1882      3320.7313      379.53919      171.09217      4925.3607     -4360.9287     -501.64285      78510.762      42.819645      42.819645      42.819645      1.1236124     -231.31694      2640.4746     -872.52712    
     98000   98000          511.33085      122.28919      23289.095      23148.167      9905.6466      13242.52       4608.381       4123.2006      3277.0645      383.11143      304.64287      4906.0344     -4359.9149     -498.41363      79019.433      42.911922      42.911922      42.911922      1.1163793     -397.75759      1050.0185     -285.39337    
     99000   99000          516.9966      -971.28916      22160.515      23280.293      10015.405      13264.887      4483.6039      4275.5568      3328.28        397.17703      238.95941      4901.6126     -4360.3022     -498.21459      79051.002      42.917636      42.917636      42.917636      1.1159335     -1545.3926     -1834.0961      465.6213     
    100000   100000         510.53266     -655.66525      22160.24       22913.945      9890.184       13023.761      4405.1299      4156.6424      3351.1544      369.31189      175.70056      4924.229      -4358.4068     -499.66638      78821.317      42.87603       42.87603       42.87603       1.1191853      1108.1795     -740.08421     -2335.091     
    101000   101000         519.60953      1016.4574      24389.399      23224.478      10066.024      13158.454      4558.9191      4244.7345      3214.0798      386.10675      215.29284      4906.3586     -4367.0375     -501.17821      78583.55       42.832874      42.832874      42.832874      1.1225716      1865.2321      1591.1039     -406.9638     
    102000   102000         512.65063      461.64416      23648.127      23117.626      9931.2138      13186.412      4483.8264      4308.4848      3248.7874      381.11473      215.84515      4906.6089     -4358.2552     -499.8285       78795.752      42.871394      42.871394      42.871394      1.1195484     -677.57375      1891.7943      170.71191    
    103000   103000         518.23188      765.76067      23913.576      23034.808      10039.335      12995.472      4509.2684      4160.0295      3173.8381      383.858        217.17626      4912.6687     -4361.3667     -500.51663      78687.42       42.851737      42.851737      42.851737      1.1210898     -97.370592      1075.6634      1318.9892    
    104000   104000         511.58474     -224.0852       22626.056      22882.588      9910.5651      12972.023      4401.4327      4183.3477      3301.2907      384.13577      139.12325      4922.8501     -4360.1569     -501.73097      78496.973      42.817138      42.817138      42.817138      1.1238097      144.19698      135.87236     -952.32493    
    105000   105000         518.45536     -186.8325       22964.476      23179.253      10043.665      13135.588      4453.6473      4258.2783      3284.5069      377.9745       183.4996       4935.3648     -4357.6831     -499.64917      78824.033      42.876522      42.876522      42.876522      1.1191468     -213.95546     -1889.2461      1542.7041    
    106000   106000         512.18917      488.06215      23509.485      22946.342      9922.2743      13024.068      4594.9867      4117.7656      3169.1363      378.72752      218.49824      4902.5783     -4357.6251     -497.80164      79116.578      42.9295        42.9295        42.9295        1.1150086      2037.2072     -560.54083     -12.479937    
    107000   107000         517.66425     -504.30031      22516.264      23096.511      10028.339      13068.171      4472.6617      4277.3274      3198.8765      384.63593      182.65322      4914.4228     -4362.4062     -499.2025       78894.561      42.889306      42.889306      42.889306      1.1181463     -1478.903       1306.7335     -1340.7314    
    108000   108000         522.76794      2048.3327      25662.735      23335.788      10127.209      13208.579      4499.3925      4165.9218      3371.2944      398.75297      221.03678      4917.1834     -4365.0027     -505.60786      77895.076      42.70742       42.70742       42.70742       1.1324934      359.65059      4870.108       915.23954    
    109000   109000         514.10837      245.73645      23321.57       23038.489      9959.4537      13079.035      4494.5501      4202.2172      3230.5856      360.76762      236.50643      4916.4412     -4362.0333     -498.60713      78988.767      42.90637       42.90637       42.90637       1.1168128      44.684005      50.948218      641.57712    
    110000   110000         516.72854      885.22345      24112.06       23104.52       10010.212      13094.307      4428.357       4281.7791      3221.2026      400.33018      224.89993      4903.5126     -4365.7742     -504.64982      78042.953      42.734428      42.734428      42.734428      1.1303476     -1378.0776      1344.7885      2688.9595    
    111000   111000         514.08094     -223.47501      22927.548      23183.507      9958.9223      13224.585      4463.691       4306.0626      3328.2723      393.39815      175.15469      4919.4066     -4361.4002     -501.48364      78535.687      42.824176      42.824176      42.824176      1.1232557      501.55585     -732.78911     -439.19177    
    112000   112000         517.07486     -189.89295      22831.847      23047.558      10016.921      13030.637      4362.2057      4288.8663      3288.926       362.02828      178.5215       4913.0848     -4362.996      -505.63471      77890.939      42.706664      42.706664      42.706664      1.1325536      575.53141     -56.735742     -1088.4745    
    113000   113000         506.57762     -228.18797      22631.923      22892.363      9813.5658      13078.798      4388.6755      4170.8239      3345.2852      395.15884      233.28029      4909.0481     -4363.4742     -503.25141      78259.815      42.773974      42.773974      42.773974      1.1272153      1728.7874     -1024.5197     -1388.8316    
    114000   114000         505.02436      179.74467      23396.584      23191.315      9783.4757      13407.84       4497.226       4407.8038      3299.3923      393.81646      262.64588      4907.4021     -4360.447      -502.95887      78305.334      42.782266      42.782266      42.782266      1.1265601      871.71495     -1067.7122      735.23127    
    115000   115000         510.05293     -464.95002      22470.258      23008.422      9880.8905      13127.532      4488.3895      4080.9346      3410.7335      385.6778       201.67226      4920.8794     -4360.7554     -496.23948      79365.637      42.9745        42.9745        42.9745        1.1115095      2007.3118     -880.66169     -2521.5001    
    116000   116000         502.26657      227.6159       23179.87       22920.471      9730.051       13190.42       4600.4398      4204.9073      3290.0288      398.90158      156.42927      4903.5038     -4363.7906     -504.00314      78143.09       42.752698      42.752698      42.752698      1.1288991      286.49254     -1245.1638      1641.5189    
    117000   117000         508.40748     -1098.8179      21759.254      23034.267      9849.0144      13185.253      4645.6351      4210.1937      3196.2916      381.08809      199.24943      4913.1441     -4360.3494     -495.00629      79563.358      43.010158      43.010158      43.010158      1.1087473     -37.974928     -405.75418     -2852.7246    
    118000   118000         509.83451     -1150.6164      21726.376      23055.075      9876.6592      13178.416      4499.6511      4136.2248      3366.6409      395.71926      211.64331      4923.5728     -4355.0363     -497.39757      79180.85       42.941122      42.941122      42.941122      1.1141035     -714.02033     -236.76777     -2501.0612    
    119000   119000         518.92046      920.36427      24359.197      23301.941      10052.675      13249.266      4498.2857      4233.9609      3362.0129      391.33906      211.57173      4915.0565     -4362.9611     -500.01056      78767.061      42.86619       42.86619       42.86619       1.1199562      2573.574       713.13534     -525.61652    
    120000   120000         518.79519      128.26511      23086.12       22939.638      10050.248      12889.39       4404.0188      4178.697       3224.1955      386.89597      146.86467      4909.5932     -4360.8754     -502.94827      78306.985      42.782567      42.782567      42.782567      1.1265363      506.97307     -1447.4683      1325.2905    
    121000   121000         506.06706      778.78276      24012.926      23122.696      9803.6751      13319.021      4481.0633      4377.6026      3317.8784      390.13304      197.29395      4917.5605     -4362.5105     -502.47417      78380.869      42.796018      42.796018      42.796018      1.1254744     -1478.0438      1894.6804      1919.7117    
    122000   122000         516.24809      32.355446      22850.519      22813.738      10000.905      12812.833      4371.5305      4133.626       3230.422       367.57928      146.72589      4922.8151     -4359.8657     -505.27192      77946.866      42.716883      42.716883      42.716883      1.131741       978.69791     -1635.6842      754.0526     
    123000   123000         507.78947     -328.76178      22718.291      23093.139      9837.042       13256.097      4660.1077      4174.5504      3299.2361      381.01853      196.05881      4908.6778     -4363.5522     -503.76182      78180.523      42.759523      42.759523      42.759523      1.1283586      2121.958      -1943.7329     -1164.5104    
    124000   124000         506.4539       1226.222       24483.104      23079.216      9811.169       13268.047      4566.608       4265.0496      3295.9489      400.93715      186.74815      4913.9917     -4361.2366     -501.69097      78503.232      42.818276      42.818276      42.818276      1.1237201      2031.4535     -124.77298      1771.9856    
    125000   125000         507.87165     -726.44406      22115.49       22938.876      9838.634       13100.242      4456.1442      4212.5463      3307.2469      379.18102      200.44183      4906.645      -4361.9636     -506.75545      77718.677      42.675157      42.675157      42.675157      1.1350639     -279.50719     -752.68512     -1147.1399    
    126000   126000         510.47964      686.20354      23881.506      23093.24       9889.1568      13204.083      4478.7118      4295.6948      3302.6689      397.78385      191.2173       4902.0318     -4364.0251     -500.0117       78766.882      42.866157      42.866157      42.866157      1.1199588     -947.87952      1089.4408      1917.0493    
    127000   127000         522.25925      361.95159      23625.344      23208.561      10117.355      13091.207      4456.3167      4151.0823      3324.2501      389.59994      222.53236      4907.1503     -4359.7249     -498.81583      78955.719      42.900386      42.900386      42.900386      1.1172802     -39.660379      777.07236      348.44278    
    128000   128000         513.99916     -2401.5628      20223.702      22947.31       9957.338       12989.972      4390.5914      4175.2363      3344.8645      387.07254      140.6687       4915.737      -4364.1983     -506.46446      77763.329      42.683329      42.683329      42.683329      1.1344121     -2066.503      -3064.1438     -2074.0417    
    129000   129000         502.71794      80.702168      22870.449      22777.534      9738.7949      13038.739      4411.8292      4184.1294      3279.2785      394.0138       223.59954      4907.315      -4361.4267     -498.8823       78945.199      42.89848       42.89848       42.89848       1.1174291      1271.5756     -182.83677     -846.63232    
    130000   130000         519.32376      1336.2556      24758.604      23219.525      10060.488      13159.037      4509.6446      4170.1136      3297.6746      384.90853      235.58414      4919.2708     -4358.159      -498.68741      78976.051      42.904068      42.904068      42.904068      1.1169926      2078.7267     -77.244364      2007.2845    
    131000   131000         509.60392      852.15751      23843.635      22860.58       9872.1921      12988.388      4483.6048      4219.9769      3179.9685      374.70921      179.23572      4914.0142     -4363.1214     -497.8995       79101.029      42.926688      42.926688      42.926688      1.1152277      1803.0692      1858.5583     -1105.155     
    132000   132000         511.18412     -42.932881      22825.521      22874.194      9902.8041      12971.39       4411.0398      4307.081       3200.1245      365.17183      132.03223      4915.8369     -4359.8961     -506.64302      77735.923      42.678314      42.678314      42.678314      1.134812       729.16357     -1.5594179     -856.4028     
    133000   133000         513.50619     -2369.2272      20096.468      22823.979      9947.788       12876.191      4348.746       4102.453       3346.1382      382.56055      136.51251      4916.6913     -4356.9105     -498.93024      78937.613      42.897106      42.897106      42.897106      1.1175365     -2965.968      -2634.7167     -1506.997     
    134000   134000         516.61665      1066.7016      24413.928      23201.934      10008.045      13193.89       4472.1926      4314.6637      3311.9585      403.78317      134.57175      4914.83       -4358.1103     -505.52446      77907.927      42.709768      42.709768      42.709768      1.1323066      2637.2139      1573.513      -1010.622     
    135000   135000         512.86701     -1678.7823      21152.513      23090.44       9935.4056      13155.034      4444.6877      4219.9649      3285.4839      388.64022      262.07495      4912.9008     -4358.7182     -497.57296      79152.94       42.936076      42.936076      42.936076      1.1144963     -196.89599     -3171.5562     -1667.8946    
    136000   136000         501.19396     -853.64801      21811.479      22786.298      9709.2721      13077.026      4428.175       4267.8568      3199.293       366.80711      261.6465       4909.364      -4356.1168     -502.98443      78301.355      42.781541      42.781541      42.781541      1.1266173      740.78415     -1091.5359     -2210.1923    
    137000   137000         511.4454       1355.0827      24548.382      22993.825      9907.8657      13085.96       4513.1112      4251.5154      3219.2292      395.70982      156.07607      4913.7732     -4363.4551     -500.67842      78661.994      42.847121      42.847121      42.847121      1.1214521     -174.07887      1641.0824      2598.2446    
    138000   138000         505.33595      16.949577      23053.529      23034.001      9789.5118      13244.489      4528.0998      4262.681       3272.8604      375.99722      240.17377      4920.8188     -4356.1417     -498.5536       78997.249      42.907906      42.907906      42.907906      1.1166928      657.02757     -584.28082     -21.898025    
    139000   139000         504.87508      2097.055       24936.233      22559.846      9780.5837      12779.262      4398.5881      4108.5477      3201.2874      372.29514      149.87206      4910.4331     -4361.7613     -506.86512      77701.86       42.672079      42.672079      42.672079      1.1353095      2262.2772      2410.7083      1618.1795    
    140000   140000         506.87512     -821.99282      21949.803      22892.86       9819.329       13073.531      4476.4314      4238.4903      3275.9017      391.28609      149.1624       4905.883      -4363.6243     -500.64505      78667.236      42.848073      42.848073      42.848073      1.1213774     -1016.9606     -1133.5454     -315.47251    
    141000   141000         517.02643      256.90568      23379.573      23085.346      10015.983      13069.363      4397.7072      4154.6275      3276.4508      389.9291       299.77743      4914.21       -4363.3387     -501.52459      78529.276      42.823011      42.823011      42.823011      1.1233475      995.39999     -945.28433      720.60138    
    142000   142000         496.9678       841.21239      23639.569      22677.671      9627.4016      13050.269      4298.1102      4312.0573      3280.0576      405.23833      198.19001      4918.9128     -4362.2968     -502.31537      78405.65       42.800527      42.800527      42.800527      1.1251187      302.22185      1478.5426      742.87273    
    143000   143000         507.33004     -731.69604      22089.15       22926.257      9828.1419      13098.115      4458.7488      4213.223       3326.7195      381.5955       186.28647      4895.6236     -4364.0816     -502.0529       78446.639      42.807984      42.807984      42.807984      1.1245308     -880.33775     -1349.0964      34.346044    
    144000   144000         504.60012      845.02542      23944.643      22970.179      9775.2571      13194.922      4507.7992      4289.4923      3229.1214      397.47702      225.92247      4907.1921     -4362.0823     -498.08564      79071.468      42.921339      42.921339      42.921339      1.1156447      700.13952      636.04991      1198.8868    
    145000   145000         502.72135     -173.96019      22606.778      22804.528      9738.8611      13065.667      4467.7138      4096.157       3392.8212      420.22059      147.73338      4906.74       -4365.7188     -505.27953      77945.693      42.716668      42.716668      42.716668      1.131758      -95.990124     -91.049257     -334.8412     
    146000   146000         511.59735      1346.4248      24603.169      23069.787      9910.8093      13158.977      4590.2084      4159.969       3310.5274      392.59677      140.15961      4929.499      -4363.9827     -504.34944      78089.435      42.742911      42.742911      42.742911      1.1296747      142.17976      3285.0582      612.03644    
    147000   147000         513.75547      916.90298      24019.225      22964.651      9952.6171      13012.034      4445.239       4192.4088      3225.0476      387.13171      201.90197      4924.0043     -4363.6997     -499.39704      78863.829      42.883737      42.883737      42.883737      1.118582       3412.2203     -826.0231       164.51177    
    148000   148000         506.87189     -1560.7012      21074.121      22856.393      9819.2665      13037.127      4405.3282      4267.818       3279.2198      376.80009      145.43779      4921.7529     -4359.2303     -502.97394      78302.989      42.781839      42.781839      42.781839      1.1265938     -2468.1992     -601.92264     -1611.9816    
    149000   149000         510.20407      169.39422      23274.276      23080.517      9883.8185      13196.699      4552.4713      4223.5233      3286.1429      385.18493      203.22242      4906.6673     -4360.5135     -502.15256      78431.07       42.805152      42.805152      42.805152      1.124754      -610.30403     -705.2676       1823.7543    
    150000   150000         509.75672      1572.8593      24689.72       22895.731      9875.1522      13020.578      4631.8229      4168.0584      3114.1666      374.95683      175.55167      4914.2584     -4358.2363     -503.58156      78208.508      42.764625      42.764625      42.764625      1.1279548      2303.0799      1745.8407      669.65736    
    151000   151000         504.67062     -776.874        21809.196      22693.786      9776.6227      12917.163      4366.3573      4153.1651      3308.6193      377.89201      163.0186       4908.3959     -4360.2853     -504.43896      78075.577      42.740382      42.740382      42.740382      1.1298753     -124.63846     -1274.1077     -931.87586    
    152000   152000         508.45381      438.91412      23310.449      22806.077      9849.912       12956.165      4375.5253      4124.5895      3280.0253      383.70967      239.33573      4914.3513     -4361.3714     -499.83677      78794.449      42.871157      42.871157      42.871157      1.119567      -1319.0739      836.49415      1799.3221    
    153000   153000         506.3642       776.45567      23736.298      22851.727      9809.4313      13042.295      4414.6311      4231.2987      3287.4979      399.80114      160.65602      4914.1018     -4365.6914     -504.17749      78116.067      42.747769      42.747769      42.747769      1.1292896     -592.61801      1788.8913      1133.0937    
    154000   154000         509.01366     -774.6916       22109.287      23004.858      9860.7575      13144.101      4439.2875      4266.0513      3292.69        383.67797      218.29576      4906.7327     -4362.6343     -496.85319      79267.606      42.956799      42.956799      42.956799      1.1128841     -2407.8945      1894.062      -1810.2423    
    155000   155000         514.05959     -1685.5379      20974.455      22902.625      9958.5085      12944.116      4418.9926      4073.2351      3393.9852      373.30447      134.58205      4912.8746     -4362.858      -502.10315      78438.788      42.806556      42.806556      42.806556      1.1246434     -2210.3032      209.62363     -3055.934     
    156000   156000         507.87263      1446.5782      24578.413      22927.709      9838.6531      13089.055      4492.3163      4228.6337      3274.4169      385.99967      155.25502      4916.9881     -4364.5541     -503.35274      78244.061      42.771104      42.771104      42.771104      1.1274423      2256.4809      1752.6816      330.57214    
    157000   157000         502.2777      -368.04541      22288.744      22710.167      9730.2666      12979.9        4438.5917      4237.6982      3235.2362      376.71277      147.03671      4907.477      -4362.8526     -501.62977      78512.81       42.820017      42.820017      42.820017      1.123583      -128.21364     -504.66339     -471.25919    
    158000   158000         517.24107     -821.82597      22062.307      23000.738      10020.141      12980.597      4437.9111      4232.3393      3272.2174      373.60931      111.89488      4914.8189     -4362.194      -503.01087      78297.239      42.780792      42.780792      42.780792      1.1266765     -1780.8187     -1651.8744      967.21518    
    159000   159000         504.31289      231.63272      22924.068      22660.077      9769.6928      12890.384      4534.1087      4145.7531      3138.2085      364.85601      151.90447      4917.983      -4362.4297     -503.97646      78147.227      42.753452      42.753452      42.753452      1.1288393      279.88548      350.1116       64.901088    
    160000   160000         511.01224     -1728.1641      20880.812      22852.411      9899.4746      12952.936      4363.7794      4218.6901      3315.9812      378.11366      137.5787       4901.8614     -4363.0684     -503.4613       78227.19       42.76803       42.76803       42.76803       1.1276854     -1213.9815     -2603.061      -1367.4498    
    161000   161000         508.58698      700.6511       23680.504      22878.555      9852.4916      13026.063      4519.4915      4140.8398      3232.2242      380.59844      205.91826      4911.1855     -4364.1944     -501.8277       78481.842      42.814387      42.814387      42.814387      1.1240264      1088.0613      1224.5162     -210.6242     
    162000   162000         509.83333      263.46334      23065          22762.177      9876.6363      12885.541      4419.095       4106.792       3255.6019      372.12511      182.86886      4913.614      -4364.5564     -499.72495      78812.08       42.874355      42.874355      42.874355      1.1193165     -448.22304      1641.5747     -402.96167    
    163000   163000         511.36355     -410.64886      22496.86       22967.133      9906.2803      13060.853      4409.1341      4265.9513      3221.4763      377.24072      235.36811      4912.7122     -4361.0302     -501.55681      78524.231      42.822094      42.822094      42.822094      1.1234196     -124.48421     -406.06722     -701.39515    
    164000   164000         502.59393     -212.84596      22455.52       22700.08       9736.3925      12963.687      4369.6952      4154.1305      3282.0286      407.76755      197.52849      4913.6908     -4361.1539     -499.89657      78785.023      42.869448      42.869448      42.869448      1.1197009     -97.187537     -111.21955     -430.13077    
    165000   165000         509.55743     -1325.427       21499.136      23037.137      9871.2914      13165.846      4509.6972      4256.9465      3251.4944      377.41248      229.51676      4907.3762     -4366.5977     -494.99284      79565.519      43.010547      43.010547      43.010547      1.1087172     -2493.2379     -1143.3328     -339.71031    
    166000   166000         504.57882     -1183.4875      21515.744      22877.766      9774.8444      13102.922      4470.849       4236.578       3276.2455      394.33805      191.48844      4896.4377     -4363.015      -499.09058      78912.254      42.892512      42.892512      42.892512      1.1178956     -1752.1222     -558.6632      -1239.6771    
    167000   167000         511.88012      1020.9072      24085.677      22911.22       9916.2873      12994.933      4460.8834      4198.8912      3213.5999      374.68648      181.63498      4924.3677     -4359.131      -499.28552      78881.443      42.886929      42.886929      42.886929      1.1183323      2233.3271     -225.44015      1054.8347    
    168000   168000         514.49182      2002.1779      25175.148      22885.905      9966.8819      12919.023      4394.8886      4147.2072      3157.4136      393.99315      286.99659      4904.8641     -4366.3405     -502.35466      78399.516      42.799411      42.799411      42.799411      1.1252067      1853.8757      2121.0936      2031.5645    
    169000   169000         504.1235      -382.00413      22222.337      22663.504      9766.0239      12897.48       4366.6482      4194.5379      3235.4005      385.82114      174.55176      4912.2058     -4371.6851     -497.35282      79187.975      42.94241       42.94241       42.94241       1.1140033     -2001.0092      402.52777      452.469      
    170000   170000         506.53422      831.69957      23757.665      22810.236      9812.725       12997.511      4380.604       4287.3203      3256.2224      374.38433      158.74756      4901.7143     -4361.482      -504.21912      78109.618      42.746593      42.746593      42.746593      1.1293828      1704.0235      871.86011     -80.784943    
    171000   171000         509.29552      1610.6372      24752.333      22920.495      9866.2177      13054.278      4502.3196      4291.285       3143.3825      391.07477      183.02964      4911.0524     -4367.8661     -505.02222      77985.406      42.723922      42.723922      42.723922      1.1311817      3249.7145      875.98955      706.20745    
    172000   172000         506.19996     -248.24823      22481.456      22767.28       9806.2497      12961.03       4445.2982      4098.0263      3245.8337      379.44359      250.86901      4906.5905     -4365.0311     -498.86931      78947.255      42.898853      42.898853      42.898853      1.1174        -2291.6325      524.61834      1022.2694    
    173000   173000         500.79299      504.23451      23060.416      22494.208      9701.5044      12792.704      4436.0395      4123.0101      3147.0501      356.49683      174.19062      4919.897      -4363.9805     -511.51274      76995.858      42.542446      42.542446      42.542446      1.1457196      1653.6489     -822.6171       681.67174    
    174000   174000         496.91676      460.9704       23224.842      22696.178      9626.4129      13069.766      4454.874       4216.7759      3237.4027      381.25209      232.8817       4911.5136     -4364.9346     -500.8333       78637.668      42.842704      42.842704      42.842704      1.1217991      885.16297      915.20147     -417.45324    
    175000   175000         513.5162      -702.03124      22151.984      22951.804      9947.982       13003.822      4563.8129      4195.3745      3152.1449      384.29076      163.71236      4905.8281     -4361.3418     -504.15484      78119.576      42.748409      42.748409      42.748409      1.1292389      134.21986     -1973.9025     -266.41105    
    176000   176000         508.10779      291.06972      23231.355      22896.766      9843.2087      13053.557      4313.2688      4173.2982      3344.5107      386.28233      293.16476      4906.4248     -4363.3928     -499.67078      78820.624      42.875904      42.875904      42.875904      1.1191952     -799.80627      2328.1224     -655.10702    
    177000   177000         509.80395      1506.9247      24569.184      22850.029      9876.0672      12973.962      4514.961       4203.9034      3171.5893      370.43811      164.48438      4911.3751     -4362.7892     -503.47311      78225.354      42.767695      42.767695      42.767695      1.1277119      1743.8951      1799.1298      977.74907    
    178000   178000         505.85187     -108.06632      22622.353      22745.94       9799.5064      12946.434      4335.7808      4355.5085      3130.7082      380.88676      204.17515      4901.9204     -4362.5457     -502.24664      78416.378      42.802479      42.802479      42.802479      1.1249648     -1820.8412     -279.43175      1776.074     
    179000   179000         503.63651     -150.82118      22508.575      22682.532      9756.5897      12925.942      4500.6922      4142.5546      3176.0326      374.07809      181.49551      4911.5869     -4360.4976     -497.98887      79086.833      42.924119      42.924119      42.924119      1.1154279     -371.41641     -380.36974      299.32263    
    180000   180000         506.44869     -353.16924      22367.211      22770.797      9811.0681      12959.729      4439.3148      4287.0693      3164.9733      382.79277      137.41563      4913.4097     -4365.2465     -502.62709      78357.024      42.791677      42.791677      42.791677      1.1258169      1066.7598     -1732.48       -393.78755    
    181000   181000         517.95549     -1215.7114      21586.397      22982.748      10033.981      12948.766      4454.7977      4141.7718      3220.7536      387.67465      200.79239      4904.7759     -4361.7996     -500.07567      78756.806      42.864329      42.864329      42.864329      1.1201021     -1299.4278     -302.51778     -2045.1884    
    182000   182000         510.92912      385.70781      23326.654      22884.639      9897.8644      12986.775      4462.9765      4220.9242      3208.1958      363.51534      189.06495      4903.7385     -4361.6404     -501.21146      78578.335      42.831926      42.831926      42.831926      1.1226461      598.47076      640.83521     -82.182543    
    183000   183000         512.26471     -690.66262      22197.137      22982.158      9923.7377      13058.42       4393.3109      4230.3691      3351.9491      410.24961      125.91275      4911.6947     -4365.0662     -505.34072      77936.253      42.714944      42.714944      42.714944      1.1318951      272.82011     -1058.0797     -1286.7283    
    184000   184000         503.77311     -1591.504       20853.463      22671.11       9759.236       12911.874      4299.8743      4218.9338      3263.6326      393.68034      186.51819      4910.6361     -4361.4016     -502.91899      78311.543      42.783397      42.783397      42.783397      1.1264707     -2470.9439     -1467.8889     -835.67932    
    185000   185000         501.4834       1779.8093      24598.56       22588.682      9714.8791      12873.803      4400.0414      4178.7727      3181.5318      366.41234      201.0858       4913.0167     -4367.0576     -508.63183      77431.965      42.622615      42.622615      42.622615      1.1392667      2755.0202      942.37727      1642.0303    
    186000   186000         509.57932      188.30702      23112.784      22897.592      9871.7156      13025.876      4415.5331      4200.3413      3302.6753      398.96058      156.79297      4913.9583     -4362.3853     -502.62009      78358.114      42.791876      42.791876      42.791876      1.1258012     -326.39265      514.93064      376.38306    
    187000   187000         501.19261     -438.63205      22300.387      22804.823      9709.2459      13095.577      4428.3243      4219.4029      3258.5822      396.96654      237.17777      4915.7185     -4360.5956     -499.45262      78855.053      42.882146      42.882146      42.882146      1.1187065     -1696.115       1963.0746     -1582.8558    
    188000   188000         509.88759     -2079.6822      20282.115      22648.367      9877.6874      12770.68       4444.0986      4056.706       3211.7316      385.46127      131.59689      4905.5896     -4364.5043     -504.81901      78016.798      42.729654      42.729654      42.729654      1.1307265     -1605.8599     -1940.8197     -2692.367     
    189000   189000         505.84563      1507.7493      24459.25       22734.257      9799.3854      12934.871      4537.7912      4139.6139      3149.0385      394.52322      168.51824      4906.1313     -4360.745      -502.04364      78448.087      42.808248      42.808248      42.808248      1.1245101      1522.1186      223.4115       2777.7179    
    190000   190000         512.56894     -844.06525      21968.47       22924.859      9929.6313      12995.228      4572.4504      4195.1625      3221.3394      373.77633      95.025146      4902.9761     -4365.5022     -506.92212      77693.122      42.67048       42.67048       42.67048       1.1354372     -1465.5411      958.44337     -2025.0981    
    191000   191000         502.06661     -340.17004      22306.674      22696.602      9726.1773      12970.425      4489.456       4241.8673      3171.1923      387.48765      111.24679      4926.1159     -4356.941      -501.08444      78598.255      42.835546      42.835546      42.835546      1.1223616      999.76714     -632.0762      -1388.2011    
    192000   192000         508.15465      1165.6837      24061.011      22733.291      9844.1165      12889.174      4512.9062      4099.6785      3180.4117      373.84497      168.6141       4915.7475     -4362.0289     -504.28228      78099.835      42.744808      42.744808      42.744808      1.1295243     -1323.5692      3298.7899      1521.8305    
    193000   193000         501.72369      747.05213      23679.735      22829.614      9719.5341      13110.08       4450.0651      4347.8163      3240.5208      373.86101      142.75985      4918.3265     -4363.2698     -504.74225      78028.663      42.73182       42.73182       42.73182       1.1305546      487.44983      1264.3465      489.36009    
    194000   194000         509.36931      1153.4435      24143.039      22825.052      9867.6472      12957.404      4519.4144      4103.3106      3259.4683      379.29077      142.41646      4913.0952     -4359.5912     -502.67201      78350.022      42.790403      42.790403      42.790403      1.1259175     -367.83161      1708.3434      2119.8188    
    195000   195000         507.0473      -807.47403      21670.771      22592.162      9822.6645      12769.498      4406.2122      4110.3004      3246.8497      378.70995      81.821867      4909.4173     -4363.8139     -503.36638      78241.941      42.770718      42.770718      42.770718      1.1274728     -71.037309     -1849.4377     -501.94709    
    196000   196000         508.7896      -503.66615      22220.368      22796.138      9856.4169      12939.721      4477.9059      4205.8422      3179.2216      378.39899      151.51158      4909.7325     -4362.8914     -502.45063      78384.542      42.796686      42.796686      42.796686      1.1254217     -770.34661      408.91091     -1149.5627    
    197000   197000         502.56374      1691.5253      24596.285      22672.2        9735.8078      12936.392      4466.9501      4219.0919      3138.6958      373.31131      196.58949      4902.6304     -4360.877      -504.95636      77995.577      42.725779      42.725779      42.725779      1.1310342      2340.3065      1108.2479      1626.0217    
    198000   198000         510.08622     -242.4189       22575.809      22852.226      9881.5354      12970.691      4496.309       4195.5273      3192.8012      392.93592      155.09303      4903.3029     -4365.2787     -503.73421      78184.809      42.760305      42.760305      42.760305      1.1282967     -124.96302     -139.61584     -462.67784    
    199000   199000         501.26335     -427.41577      22035.485      22522.665      9710.6163      12812.049      4370.3396      4159.4279      3139.6426      386.11317      210.11207      4908.2642     -4361.851      -503.91929      78156.092      42.755069      42.755069      42.755069      1.1287113      76.079354     -562.32009     -796.00659    
    200000   200000         497.5313       2061.1886      24856.235      22512.378      9638.3179      12874.06       4394.4315      4162.1157      3165.7716      389.4728       218.3134       4907.2575     -4363.3022     -505.11043      77971.786      42.721435      42.721435      42.721435      1.1313793      1160.5532      2284.7945      2738.2181    
    201000   201000         508.79856     -1388.6052      21323.509      22911.338      9856.5904      13054.747      4530.4316      4263.0709      3136.7291      377.06064      199.44556      4908.3185     -4360.309      -502.31335      78405.964      42.800585      42.800585      42.800585      1.1251142     -356.76554     -1359.9701     -2449.0798    
    202000   202000         503.70649     -802.26128      21638.281      22554.743      9757.9454      12796.798      4510.752       4020.9607      3247.7366      364.35346      124.79558      4894.418      -4366.2187     -502.8069       78329.001      42.786576      42.786576      42.786576      1.1262197     -1449.4664     -514.03973     -443.27765    
    203000   203000         509.11526     -1289.5857      21276.501      22755.529      9862.7256      12892.803      4313.4246      4165.6051      3340.5199      396.67936      140.15608      4900.5145     -4364.0961     -500.81072      78641.212      42.843348      42.843348      42.843348      1.1217485     -449.83965     -1269.386      -2149.5314    
    204000   204000         505.19515     -888.23595      21778.737      22795.901      9786.7842      13009.117      4388.6232      4294.8695      3253.2162      381.49328      134.38563      4918.1162     -4361.5872     -501.57653      78521.144      42.821532      42.821532      42.821532      1.1234638     -2245.3248      105.50775     -524.89077    
    205000   205000         504.43775      294.54173      22909.992      22574.33       9772.1116      12802.218      4366.3834      4155.9957      3227.9795      363.62145      144.64057      4909.4894     -4365.892      -504.01621      78141.064      42.752328      42.752328      42.752328      1.1289284      310.79338      832.65605     -259.82423    
    206000   206000         508.07506      1075.3997      23930.016      22705.686      9842.5747      12863.111      4416.4117      4076.5757      3207.7251      368.09275      264.33616      4895.2322     -4365.2625     -504.51171      78064.317      42.738327      42.738327      42.738327      1.1300382      1111.5475      900.31068      1214.341     
    207000   207000         498.98893     -713.27583      21880.31       22692.968      9666.5554      13026.412      4523.7385      4241.9228      3201.5855      385.64422      112.57221      4921.3598     -4360.4106     -504.1378       78122.217      42.748891      42.748891      42.748891      1.1292007     -877.12603     -3216.0735      1953.3721    
    208000   208000         491.03932     -587.41623      21791.124      22456.751      9512.5534      12944.198      4543.5864      4081.1267      3260.815       358.88335      145.53153      4917.6853     -4363.4307     -506.8913       77697.847      42.671345      42.671345      42.671345      1.1353682     -1802.4033      1134.8599     -1094.7053    
    209000   209000         505.27429     -28.622559      22855.774      22888.33       9788.3173      13100.013      4517.81        4173.6279      3248.5049      395.49734      211.36779      4914.2918     -4361.0871     -504.97944      77992.012      42.725128      42.725128      42.725128      1.1310859     -571.58376      1043.333      -557.61693    
    210000   210000         506.84698     -613.7054       21964.866      22660.525      9818.784       12841.741      4418.5798      4172.231       3230.1342      380.90678      103.79027      4901.0687     -4364.9697     -506.7146       77724.941      42.676304      42.676304      42.676304      1.1349724     -564.81587     -862.98018     -413.32016    
    211000   211000         501.70072     -908.58196      21257.167      22293.048      9719.089       12573.959      4269.6527      4049.0719      3205.5732      375.19758      141.99095      4895.244      -4362.7717     -503.7953       78175.328      42.758576      42.758576      42.758576      1.1284335     -2884.1501      291.49976     -133.09548    
    212000   212000         506.27742      0.69409796     22695.546      22694.747      9807.7502      12886.997      4302.8593      4236.2588      3244.9242      389.69786      177.22439      4896.5846     -4360.5521     -499.18697      78897.017      42.889751      42.889751      42.889751      1.1181115     -297.98863     -8.1447328      308.21566    
    213000   213000         504.78477      1925.6921      24698.613      22508.363      9778.8341      12729.529      4443.3777      4074.4625      3116.345       384.60304      151.53552      4922.2634     -4363.0581     -505.00169      77988.576      42.724501      42.724501      42.724501      1.1311357      1214.7217      3255.48        1306.8747    
    214000   214000         503.10918      1415.7173      24273.278      22653.764      9746.3741      12907.39       4381.2628      4141.1217      3219.2778      398.63402      224.24984      4904.7642     -4361.9201     -502.10176      78439.005      42.806596      42.806596      42.806596      1.1246402      1625.1597      1341.9953      1279.9969    
    215000   215000         496.42925     -39.479676      22254.69       22299.828      9616.9686      12682.86       4312.944       4070.2358      3233.9029      367.38982      154.82403      4906.5371     -4362.9739     -502.37496      78396.349      42.798835      42.798835      42.798835      1.1252522      1386.895      -841.80343     -663.53059    
    216000   216000         500.16496      2060.6749      24885.999      22527.299      9689.3378      12837.961      4494.3839      4123.2988      3050.4425      393.20062      227.17541      4909.8285     -4360.3684     -501.80669      78485.129      42.814985      42.814985      42.814985      1.1239793      1493.5536      618.67951      4069.7916    
    217000   217000         511.92614      2419.4479      25565.454      22798.357      9917.1788      12881.178      4350.6018      4195.7845      3166.3825      394.4498       231.68318      4905.458      -4363.1817     -502.21723      78420.971      42.803315      42.803315      42.803315      1.1248989      751.76764      3141.8605      3364.7157    
    218000   218000         501.02269      436.67103      23154.872      22655.099      9705.954       12949.145      4467.1532      4142.5241      3231.397       384.2645       189.11884      4899.8228     -4365.1353     -501.85877      78476.985      42.813504      42.813504      42.813504      1.124096      -806.38192      208.47099      1907.924     
    219000   219000         505.89222      378.54055      23163.421      22731.795      9800.288       12931.507      4461.7716      4188.8551      3205.0663      393.01165      126.53349      4917.3139     -4361.0453     -503.73688      78184.393      42.760229      42.760229      42.760229      1.1283027      767.60675      455.7757      -87.760813    
    220000   220000         503.22755      557.76566      23126.209      22490.683      9748.6673      12742.016      4381.1784      4256.9897      3049.0115      361.28283      158.26065      4898.9161     -4363.6231     -504.10161      78127.825      42.749914      42.749914      42.749914      1.1291196      1079.4109     -254.81689      848.70294    
    221000   221000         501.6387      -538.35569      21873.891      22491.635      9717.8875      12773.747      4374.6805      4083.4233      3233.3489      361.02067      184.16512      4902.0911     -4364.9826     -500.56526      78679.776      42.85035       42.85035       42.85035       1.1211987     -270.71071      454.21119     -1798.5676    
    222000   222000         499.70662      782.30959      23456.973      22564.994      9680.4588      12884.535      4434.3574      4116.9908      3248.7691      387.101        161.01061      4901.757      -4365.4509     -503.75989      78180.823      42.759578      42.759578      42.759578      1.1283542      1123.3505     -1094.8476      2318.4258    
    223000   223000         506.39841     -608.1615       22000.57       22686.455      9810.0941      12876.361      4445.9435      4177.0667      3233.3506      395.6185       51.261395      4936.321      -4363.2005     -509.29199      77331.596      42.604191      42.604191      42.604191      1.1407454     -678.42192      8.5154456     -1154.578     
    224000   224000         503.61898      1042.0885      23722.905      22539.08       9756.2501      12782.83       4410.5308      4084.6619      3217.6718      385.56578      124.03541      4925.4354     -4365.0711     -505.61152      77894.512      42.707317      42.707317      42.707317      1.1325016      2673.7787      321.33651      131.15014    
    225000   225000         502.23155     -976.01553      21300.672      22402.843      9729.3725      12673.47       4518.9377      4079.0969      3156.3182      360.17505      2.6716762      4918.8431     -4362.5723     -508.63661      77431.238      42.622482      42.622482      42.622482      1.1392774     -1311.3517      557.98617     -2174.6811    
    226000   226000         506.00688      1684.0617      24569.682      22654.241      9802.5092      12851.732      4478.4689      4148.7977      3111.9601      381.96227      169.10998      4924.2024     -4362.7695     -504.99715      77989.277      42.724629      42.724629      42.724629      1.1311255      830.75385      3514.2647      707.16647    
    227000   227000         515.18494     -248.42414      22527.042      22809.35       9980.3092      12829.041      4456.9215      4056.4253      3191.4506      369.1325       220.71405      4896.6854     -4362.2881     -505.44024      77920.908      42.71214       42.71214       42.71214       1.132118      -968.71034     -977.81481      1201.2527    
    228000   228000         500.78405      2053.7184      24806.497      22477.14       9701.3311      12775.809      4402.9016      4207.6853      3090.6639      363.26171      179.66888      4896.7286     -4365.1012     -506.4127       77771.277      42.684783      42.684783      42.684783      1.1342962      1520.3234      2017.2313      2623.6005    
    229000   229000         504.04651     -989.60226      21479.439      22598.149      9764.5324      12833.617      4428.9298      4229.7977      3197.6775      379.97769      52.413397      4909.7152     -4364.8941     -508.09254      77514.152      42.63769       42.63769       42.63769       1.1380588     -1294.0617      280.83229     -1955.5774    
    230000   230000         496.62899     -396.66585      21935.563      22388.395      9620.8381      12767.557      4426.8989      4129.3617      3109.3542      386.3326       172.28531      4906.2046     -4362.88       -503.1383       78277.409      42.77718       42.77718       42.77718       1.126962      -87.10319       565.73078     -1668.6251    
    231000   231000         509.02551      27.961459      22754.212      22722.296      9860.987       12861.309      4492.0712      4144.5556      3198.3283      380.9193       107.16521      4901.5243     -4363.2547     -503.22051      78264.621      42.77485       42.77485       42.77485       1.1271461     -819.83008      203.49082      700.22365    
    232000   232000         502.69651     -2257.0302      19941.226      22517.7        9738.3798      12779.321      4289.6937      4194.4451      3284.4848      362.91817      108.13365      4903.3538     -4363.7087     -503.16591      78273.113      42.776397      42.776397      42.776397      1.1270238     -942.93795     -2637.142      -3191.0106    
    233000   233000         498.20723      651.13571      23008.597      22265.854      9651.4122      12614.442      4366.0848      4100.3507      3126.7906      366.79387      113.46797      4904.9092     -4363.9549     -503.53891      78215.132      42.765832      42.765832      42.765832      1.1278593      1641.1821      346.87297     -34.647926    
    234000   234000         504.44478     -1275.4226      21043.533      22498.256      9772.2479      12726.008      4409.4193      4184.6879      3178.442       373.17282      36.645212      4908.6284     -4364.9876     -503.5858       78207.849      42.764505      42.764505      42.764505      1.1279643     -1284.5838     -1319.9471     -1221.7368    
    235000   235000         501.34055     -2035.2066      20419.322      22725.805      9712.1117      13013.693      4527.5091      4176.5592      3362.3031      361.95571      50.827161      4900.2742     -4365.735      -506.82495      77708.019      42.673207      42.673207      42.673207      1.1352196     -2901.6227     -2654.8342     -549.16294    
    236000   236000         512.78508     -1575.0881      20802.555      22604.197      9933.8184      12670.378      4280.8707      4181.7645      3184.1486      361.57706      117.87969      4904.8653     -4360.7275     -502.15308      78430.989      42.805138      42.805138      42.805138      1.1247552      68.410683     -2382.3301     -2411.345     
    237000   237000         501.76416     -1869.8046      20225.085      22364.398      9720.3181      12644.08       4384.715       3979.0707      3238.6333      377.85879      112.95964      4911.1991     -4360.3564     -502.0207       78451.671      42.8089        42.8089        42.8089        1.1244587     -1840.9644     -1692.2701     -2076.1791    
    238000   238000         501.45775     -462.43931      22151.079      22677.699      9714.3823      12963.317      4449.4663      4203.7453      3260.2892      390.92083      106.16302      4917.5564     -4364.8241     -504.37878      78084.891      42.742082      42.742082      42.742082      1.1297405     -1103.0354     -183.76258     -100.51996    
    239000   239000         491.22609     -211.83038      22146.555      22387.881      9516.1716      12871.709      4355.6829      4178.6264      3234.571       380.14835      180.66435      4902.7109     -4360.6948     -504.17899      78115.835      42.747727      42.747727      42.747727      1.129293      -178.1149       1311.6768     -1769.0531    
    240000   240000         497.31576      927.96977      23627.523      22575.055      9634.1424      12940.912      4497.4097      4147.1757      3227.921       369.08515      156.07416      4910.4081     -4367.1617     -506.43603      77767.694      42.684127      42.684127      42.684127      1.1343484      722.19367      394.00154      1667.7141    
    241000   241000         505.15162      870.29111      23501.964      22507.832      9785.9409      12721.891      4281.8538      4175.8245      3172.4489      380.69397      174.21794      4900.6121     -4363.7599     -502.82922      78325.525      42.785943      42.785943      42.785943      1.1262697      379.62482      1157.9029      1073.3456    
    242000   242000         511.32566     -111.73962      22786.183      22913.099      9905.5461      13007.553      4475.4869      4189.5057      3249.1076      398.74064      137.10367      4917.7708     -4360.1624     -505.69568      77881.549      42.704948      42.704948      42.704948      1.1326901     -192.94084      1186.85       -1329.128     
    243000   243000         498.98344     -665.5428       21748.087      22496.835      9666.4491      12830.386      4267.8291      4196.5656      3350.3381      375.77986      87.496991      4915.8353     -4363.4587     -510.55204      77140.74       42.569113      42.569113      42.569113      1.1435677     -831.88415     -1285.8871      121.14283    
    244000   244000         499.68475     -159.15062      22084.173      22266.541      9680.0351      12586.506      4163.13        4130.6935      3227.8126      374.34236      142.68968      4910.1255     -4362.2874     -501.25399      78571.669      42.830715      42.830715      42.830715      1.1227414      914.55913     -577.921       -814.08998    
    245000   245000         497.61345      1687.3857      24413.228      22515.485      9639.9092      12875.576      4429.1933      4135.0564      3205.4072      374.0806       173.03981      4918.4194     -4359.6206     -510.71276      77116.465      42.564647      42.564647      42.564647      1.1439277      2334.2334      1057.8205      1670.1034    
    246000   246000         497.80846      866.27236      23363.627      22370.314      9643.6872      12726.627      4334.309       4135.4365      3132.5479      363.69413      207.39917      4913.9064     -4360.6665     -500.91943      78624.146      42.840248      42.840248      42.840248      1.121992       1215.7015     -314.81888      1697.9344    
    247000   247000         496.11877     -623.05575      21708.396      22411.754      9610.954       12800.8        4370.1369      4195.1658      3223.8959      397.89544      72.817626      4902.0614     -4361.1731     -508.80372      77405.806      42.617815      42.617815      42.617815      1.1396517      44.35623      -204.39523     -1709.1283    
    248000   248000         498.10552      1320.6083      24094.011      22592.038      9649.4419      12942.596      4335.6244      4225.202       3271.5803      387.24425      177.80378      4904.0498     -4358.9087     -505.02335      77985.231      42.72389       42.72389       42.72389       1.1311842      1038.5791      2695.4715      227.77413    
    249000   249000         506.5758      -1969.8141      20326.178      22563.321      9813.5305      12749.79       4209.6478      4105.2339      3364.7278      389.95572      146.51797      4894.2508     -4360.5439     -505.74472      77873.997      42.703567      42.703567      42.703567      1.1328        -1020.0081     -1740.6519     -3148.7823    
    250000   250000         497.46266      261.66165      22636.019      22340.869      9636.9881      12703.881      4325.9689      4040.822       3260.8615      385.68037      150.77714      4900.5295     -4360.7584     -509.20955      77344.116      42.60649       42.60649       42.60649       1.1405607      676.54997     -1357.2979      1465.7329    
Loop time of 527.233 on 1 procs for 250000 steps with 6500 atoms

Performance: 40.969 ns/day, 0.586 hours/ns, 474.174 timesteps/s, 3.082 Matom-step/s
100.0% CPU use with 1 MPI tasks x 1 OpenMP threads

MPI task timing breakdown:
Section |  min time  |  avg time  |  max time  |%varavg| %total
---------------------------------------------------------------
Pair    | 52.283     | 52.283     | 52.283     |   0.0 |  9.92
Bond    | 68.34      | 68.34      | 68.34      |   0.0 | 12.96
Kspace  | 233.97     | 233.97     | 233.97     |   0.0 | 44.38
Neigh   | 72.764     | 72.764     | 72.764     |   0.0 | 13.80
Comm    | 10.516     | 10.516     | 10.516     |   0.0 |  1.99
Output  | 2.2906     | 2.2906     | 2.2906     |   0.0 |  0.43
Modify  | 76.854     | 76.854     | 76.854     |   0.0 | 14.58
Other   |            | 10.22      |            |       |  1.94

Nlocal:           6500 ave        6500 max        6500 min
Histogram: 1 0 0 0 0 0 0 0 0 0
Nghost:          17164 ave       17164 max       17164 min
Histogram: 1 0 0 0 0 0 0 0 0 0
Neighs:              0 ave           0 max           0 min
Histogram: 1 0 0 0 0 0 0 0 0 0
FullNghs:  3.47244e+06 ave 3.47244e+06 max 3.47244e+06 min
Histogram: 1 0 0 0 0 0 0 0 0 0

Total # of neighbors = 3472444
Ave neighs/atom = 534.22215
Ave special neighs/atom = 5.7630769
Neighbor list builds = 13708
Dangerous builds = 0

# --- Cleanup ---
unfix npt_fix

undump dump_npt

# --- Write Output ---
write_dump all custom cool_block_08_last.dump id type mol x y z xu yu zu vx vy vz modify sort id
write_data /home/alexzhao/PolyJarvis/data/PSU_1/attempts/cooling/attempt-0001/work/cool_block_08/cool_block_08_out.data
System init for write_data ...
PPPM Kokkos initialization ...
  using 12-bit tables for long-range coulomb
  G vector (1/distance) = 0.29996103
  grid = 30 30 30
  stencil order = 5
  estimated absolute RMS force accuracy = 0.00032402258
  estimated relative force accuracy = 9.7578438e-07
  using double precision cuFFT
  3d grid and FFT values/proc = 50653 27000
Generated 28 of 28 mixed pair_coeff terms from sixthpower/sixthpower mixing rule
write_restart /home/alexzhao/PolyJarvis/data/PSU_1/attempts/cooling/attempt-0001/work/cool_block_08/cool_block_08_out.restart
System init for write_restart ...
PPPM Kokkos initialization ...
  using 12-bit tables for long-range coulomb
  G vector (1/distance) = 0.29996103
  grid = 30 30 30
  stencil order = 5
  estimated absolute RMS force accuracy = 0.00032402258
  estimated relative force accuracy = 9.7578438e-07
  using double precision cuFFT
  3d grid and FFT values/proc = 50653 27000
Generated 28 of 28 mixed pair_coeff terms from sixthpower/sixthpower mixing rule

print "STAGE COMPLETE: NPT T=525.0->500.0K P=1.0->1.0atm steps=250000"
STAGE COMPLETE: NPT T=525.0->500.0K P=1.0->1.0atm steps=250000
quit
