units real
atom_style full
boundary p p p

# --- Force Field Styles ---
pair_style lj/class2/coul/long 9.5 9.5
kspace_style pppm 1e-6
dielectric 1.000000
bond_style class2
angle_style class2
dihedral_style class2
improper_style class2
special_bonds lj/coul 0 0 1
pair_modify mix sixthpower tail yes
neighbor 2.0 bin
neigh_modify delay 0 every 1 check yes
neigh_modify one 4000
# KOKKOS: package loaded via -pk kokkos on the command line

read_data /home/arz2/PolyJarvis_v2/data/aPS_3/attempts/equilibration/attempt-0001/work/npt_densify/npt_densify_out.data
Reading data file ...
  orthogonal box = (7.426014 7.426014 7.426014) to (46.857856 46.857856 46.857856)
  1 by 1 by 1 MPI processor grid
WARNING: Pair style lj/class2/coul/cut/kk in data file differs from currently defined pair style lj/class2/coul/long/kk (src/read_data.cpp:811)
  reading atoms ...
  7860 atoms
  reading velocities ...
  7860 velocities
  scanning bonds ...
  4 = max bonds/atom
  scanning angles ...
  14 = max angles/atom
  scanning dihedrals ...
  34 = max dihedrals/atom
  scanning impropers ...
  11 = max impropers/atom
  orthogonal box = (7.426014 7.426014 7.426014) to (46.857856 46.857856 46.857856)
  1 by 1 by 1 MPI processor grid
  reading bonds ...
  8340 bonds
  reading angles ...
  14700 angles
  reading dihedrals ...
  23430 dihedrals
  reading impropers ...
  6860 impropers
Finding 1-2 1-3 1-4 neighbors ...
  special bond factors lj:    0        0        1       
  special bond factors coul:  0        0        1       
     4 = max # of 1-2 neighbors
     8 = max # of 1-3 neighbors
    12 = max # of special neighbors
  special bonds CPU = 0.004 seconds
  read_data CPU = 0.298 seconds
include /home/arz2/PolyJarvis_v2/data/aPS_3/attempts/build/attempt-0001/work/cell/emc_build.params
# LAMMPS parameters created by EMC v9.4.4, build Jul 21 2026 07:58:38

# Variables

variable	seed		index	796234216
variable	ntotal		index	7860
variable	fshape		index	1
variable	output		index	emc_build
variable	field		index	pcff/pcff
variable	location1	index	/home/arz2/emc/field/
variable	nav		index	0.6022141179
variable	temperature	index	300
variable	radius		index	5
variable	nrelax		index	100
variable	weight_nonbond	index	0.0001
variable	weight_bond	index	0.0001
variable	weight_focus	index	1
variable	cutoff		index	9.5
variable	charge_cutoff	index	9.5
variable	kappa		index	4
variable	density1	index	0.53
variable	lprevious	index	0
variable	lphase		index	54.2838702926
variable	f_poly		index	10
variable	chem_repeat	index	*CC(*)c1ccccc1
variable	chem_cap	index	*[H]
variable	lg_repeat	index	16
variable	lg_cap		index	1
variable	norm_poly	index	100
variable	l_poly		index	786
variable	mg_repeat	index	92.14181
variable	mg_cap		index	1.00797
variable	m_poly		index	4516.96463
variable	n_poly		index	10
variable	mtotal		index	51055.1098
variable	nphase1		index	7860
variable	mphase1		index	51055.1098
variable	vphase1		index	159960.374534
variable	lbox		index	54.2838702926
variable	lphase1		index	54.2838702926
variable	lxx		index	54.2838702926
variable	lyy		index	54.2838702926
variable	lzz		index	54.2838702926
variable	lzy		index	0
variable	lzx		index	0
variable	lyx		index	0
variable	vtotal		index	159960.374534
variable	nl_poly		index	10

# Types

variable	type_c		index	1
variable	type_c1		index	2
variable	type_cp		index	3
variable	type_hc		index	4

variable	type_bond_c_c	index	1
variable	type_bond_c_c1	index	2
variable	type_bond_c_cp	index	3
variable	type_bond_c_hc	index	4
variable	type_bond_c1_cp	index	5
variable	type_bond_c1_hc	index	6
variable	type_bond_cp_cp	index	7
variable	type_bond_cp_hc	index	8

variable	type_angle_c_c_c1 index	1
variable	type_angle_c_c_cp index	2
variable	type_angle_c_c_hc index	3
variable	type_angle_c_c1_c index	4
variable	type_angle_c_c1_cp index	5
variable	type_angle_c_c1_hc index	6
variable	type_angle_c_cp_cp index	7
variable	type_angle_c1_c_c1 index	8
variable	type_angle_c1_c_hc index	9
variable	type_angle_c1_cp_cp index	10
variable	type_angle_cp_c_hc index	11
variable	type_angle_cp_c1_hc index	12
variable	type_angle_cp_cp_cp index	13
variable	type_angle_cp_cp_hc index	14
variable	type_angle_hc_c_hc index	15

# Clusters

variable	n0_poly		index	1
variable	n1_poly		index	10
variable	nl_poly		index	10

# Flags

variable	flag_charged	index	1

# Masses

mass		1    12.01115  # c
mass		2    12.01115  # c1
mass		3    12.01115  # cp
mass		4     1.00797  # hc

# Potentials

pair_modify	mix sixthpower tail yes
special_bonds	lj/coul 0 0 1

# Pair Coeffs

pair_coeff	 1  1    0.05400    4.01000  # c,c
pair_coeff	 2  2    0.05400    4.01000  # c1,c1
pair_coeff	 3  3    0.06400    4.01000  # cp,cp
pair_coeff	 4  4    0.02000    2.99500  # hc,hc

# Bond Coeffs

bond_coeff	1    1.53000  299.67000 -501.77000  679.81000  # c,c
bond_coeff	2    1.53000  299.67000 -501.77000  679.81000  # c,c1
bond_coeff	3    1.50100  321.90210 -521.82080  572.16280  # c,cp
bond_coeff	4    1.10100  345.00000 -691.89000  844.60000  # c,hc
bond_coeff	5    1.50100  321.90210 -521.82080  572.16280  # c1,cp
bond_coeff	6    1.10100  345.00000 -691.89000  844.60000  # c1,hc
bond_coeff	7    1.41700  470.83610 -627.61790 1327.63450  # cp,cp
bond_coeff	8    1.09820  372.82510 -803.45260  894.31730  # cp,hc

# Angle Coeffs

angle_coeff	 1  112.67000   39.51600   -7.44300   -9.55830  # c,c,c1
angle_coeff	 2  108.40000   43.95940   -8.39240   -9.33790  # c,c,cp
angle_coeff	 3  110.77000   41.45300  -10.60400    5.12900  # c,c,hc
angle_coeff	 4  112.67000   39.51600   -7.44300   -9.55830  # c,c1,c
angle_coeff	 5  108.40000   43.95940   -8.39240   -9.33790  # c,c1,cp
angle_coeff	 6  110.77000   41.45300  -10.60400    5.12900  # c,c1,hc
angle_coeff	 7  120.05000   44.71480  -22.73520    0.00000  # c,cp,cp
angle_coeff	 8  112.67000   39.51600   -7.44300   -9.55830  # c1,c,c1
angle_coeff	 9  110.77000   41.45300  -10.60400    5.12900  # c1,c,hc
angle_coeff	10  120.05000   44.71480  -22.73520    0.00000  # c1,cp,cp
angle_coeff	11  111.00000   44.32340   -9.44540    0.00000  # cp,c,hc
angle_coeff	12  111.00000   44.32340   -9.44540    0.00000  # cp,c1,hc
angle_coeff	13  118.90000   61.02260  -34.99310    0.00000  # cp,cp,cp
angle_coeff	14  117.94000   35.15580  -12.46820    0.00000  # cp,cp,hc
angle_coeff	15  107.66000   39.64100  -12.92100   -2.43180  # hc,c,hc

# BondBond Coeffs

angle_coeff	 1 bb    0.00000    1.53000    1.53000  # c,c,c1
angle_coeff	 2 bb    0.00000    1.53000    1.50100  # c,c,cp
angle_coeff	 3 bb    3.38720    1.53000    1.10100  # c,c,hc
angle_coeff	 4 bb    0.00000    1.53000    1.53000  # c,c1,c
angle_coeff	 5 bb    0.00000    1.53000    1.50100  # c,c1,cp
angle_coeff	 6 bb    3.38720    1.53000    1.10100  # c,c1,hc
angle_coeff	 7 bb   12.06760    1.50100    1.41700  # c,cp,cp
angle_coeff	 8 bb    0.00000    1.53000    1.53000  # c1,c,c1
angle_coeff	 9 bb    3.38720    1.53000    1.10100  # c1,c,hc
angle_coeff	10 bb   12.06760    1.50100    1.41700  # c1,cp,cp
angle_coeff	11 bb    2.91680    1.50100    1.10100  # cp,c,hc
angle_coeff	12 bb    2.91680    1.50100    1.10100  # cp,c1,hc
angle_coeff	13 bb   68.28560    1.41700    1.41700  # cp,cp,cp
angle_coeff	14 bb    1.07950    1.41700    1.09820  # cp,cp,hc
angle_coeff	15 bb    5.33160    1.10100    1.10100  # hc,c,hc

# BondAngle Coeffs

angle_coeff	 1 ba    8.01600    8.01600    1.53000    1.53000  # c,c,c1
angle_coeff	 2 ba    0.00000    0.00000    1.53000    1.50100  # c,c,cp
angle_coeff	 3 ba   20.75400   11.42100    1.53000    1.10100  # c,c,hc
angle_coeff	 4 ba    8.01600    8.01600    1.53000    1.53000  # c,c1,c
angle_coeff	 5 ba    0.00000    0.00000    1.53000    1.50100  # c,c1,cp
angle_coeff	 6 ba   20.75400   11.42100    1.53000    1.10100  # c,c1,hc
angle_coeff	 7 ba   47.05790   31.07710    1.50100    1.41700  # c,cp,cp
angle_coeff	 8 ba    8.01600    8.01600    1.53000    1.53000  # c1,c,c1
angle_coeff	 9 ba   20.75400   11.42100    1.53000    1.10100  # c1,c,hc
angle_coeff	10 ba   47.05790   31.07710    1.50100    1.41700  # c1,cp,cp
angle_coeff	11 ba   26.46080   11.77170    1.50100    1.10100  # cp,c,hc
angle_coeff	12 ba   26.46080   11.77170    1.50100    1.10100  # cp,c1,hc
angle_coeff	13 ba   28.87080   28.87080    1.41700    1.41700  # cp,cp,cp
angle_coeff	14 ba   20.00330   24.21830    1.41700    1.09820  # cp,cp,hc
angle_coeff	15 ba   18.10300   18.10300    1.10100    1.10100  # hc,c,hc

# Dihedral Coeffs

dihedral_coeff	 1    0.00000    0.00000    0.05140    0.00000   -0.14300    0.00000  # c,c,c1,c
dihedral_coeff	 2    0.00000    0.00000    0.00000    0.00000    0.15800  180.00000  # c,c,c1,cp
dihedral_coeff	 3    0.00000    0.00000    0.03160    0.00000   -0.16810    0.00000  # c,c,c1,hc
dihedral_coeff	 4   -0.28020    0.00000   -0.06780    0.00000   -0.01220    0.00000  # c,c,cp,cp
dihedral_coeff	 5    0.00000    0.00000    0.05140    0.00000   -0.14300    0.00000  # c,c1,c,c1
dihedral_coeff	 6    0.00000    0.00000    0.03160    0.00000   -0.16810    0.00000  # c,c1,c,hc
dihedral_coeff	 7   -0.28020    0.00000   -0.06780    0.00000   -0.01220    0.00000  # c,c1,cp,cp
dihedral_coeff	 8    0.00000    0.00000    4.40720    0.00000    0.00000    0.00000  # c,cp,cp,cp
dihedral_coeff	 9    0.00000    0.00000    1.55900    0.00000    0.00000    0.00000  # c,cp,cp,hc
dihedral_coeff	10    0.00000    0.00000    0.00000    0.00000    0.15800  180.00000  # c1,c,c,cp
dihedral_coeff	11    0.00000    0.00000    0.03160    0.00000   -0.16810    0.00000  # c1,c,c,hc
dihedral_coeff	12    0.00000    0.00000    0.00000    0.00000    0.15800  180.00000  # c1,c,c1,cp
dihedral_coeff	13    0.00000    0.00000    0.03160    0.00000   -0.16810    0.00000  # c1,c,c1,hc
dihedral_coeff	14    0.00000    0.00000    4.40720    0.00000    0.00000    0.00000  # c1,cp,cp,cp
dihedral_coeff	15    0.00000    0.00000    1.55900    0.00000    0.00000    0.00000  # c1,cp,cp,hc
dihedral_coeff	16   -0.02280    0.00000    0.02800    0.00000   -0.18630    0.00000  # cp,c,c,hc
dihedral_coeff	17   -0.02280    0.00000    0.02800    0.00000   -0.18630    0.00000  # cp,c1,c,hc
dihedral_coeff	18   -0.28010    0.00000   -0.06780    0.00000   -0.01220    0.00000  # cp,cp,c,hc
dihedral_coeff	19   -0.28010    0.00000   -0.06780    0.00000   -0.01220    0.00000  # cp,cp,c1,hc
dihedral_coeff	20    8.36670    0.00000    1.19320    0.00000    0.00000    0.00000  # cp,cp,cp,cp
dihedral_coeff	21    0.00000    0.00000    3.96610    0.00000    0.00000    0.00000  # cp,cp,cp,hc
dihedral_coeff	22   -0.14320    0.00000    0.06170    0.00000   -0.10830    0.00000  # hc,c,c,hc
dihedral_coeff	23   -0.14320    0.00000    0.06170    0.00000   -0.10830    0.00000  # hc,c,c1,hc
dihedral_coeff	24    0.00000    0.00000    1.87690    0.00000    0.00000    0.00000  # hc,cp,cp,hc

# MiddleBondTorsion Coeffs

dihedral_coeff	 1 mbt  -17.78700   -7.18770    0.00000    1.53000  # c,c,c1,c
dihedral_coeff	 2 mbt    0.00000    0.00000    0.00000    1.53000  # c,c,c1,cp
dihedral_coeff	 3 mbt  -14.87900   -3.65810   -0.31380    1.53000  # c,c,c1,hc
dihedral_coeff	 4 mbt    0.00000    0.00000    0.00000    1.50100  # c,c,cp,cp
dihedral_coeff	 5 mbt  -17.78700   -7.18770    0.00000    1.53000  # c,c1,c,c1
dihedral_coeff	 6 mbt  -14.87900   -3.65810   -0.31380    1.53000  # c,c1,c,hc
dihedral_coeff	 7 mbt    0.00000    0.00000    0.00000    1.50100  # c,c1,cp,cp
dihedral_coeff	 8 mbt    0.00000    9.17920    0.00000    1.41700  # c,cp,cp,cp
dihedral_coeff	 9 mbt    0.00000    3.94210    0.00000    1.41700  # c,cp,cp,hc
dihedral_coeff	10 mbt    0.00000    0.00000    0.00000    1.53000  # c1,c,c,cp
dihedral_coeff	11 mbt  -14.87900   -3.65810   -0.31380    1.53000  # c1,c,c,hc
dihedral_coeff	12 mbt    0.00000    0.00000    0.00000    1.53000  # c1,c,c1,cp
dihedral_coeff	13 mbt  -14.87900   -3.65810   -0.31380    1.53000  # c1,c,c1,hc
dihedral_coeff	14 mbt    0.00000    9.17920    0.00000    1.41700  # c1,cp,cp,cp
dihedral_coeff	15 mbt    0.00000    3.94210    0.00000    1.41700  # c1,cp,cp,hc
dihedral_coeff	16 mbt    0.00000    0.00000    0.00000    1.53000  # cp,c,c,hc
dihedral_coeff	17 mbt    0.00000    0.00000    0.00000    1.53000  # cp,c1,c,hc
dihedral_coeff	18 mbt   -5.56790    1.40830    0.30100    1.50100  # cp,cp,c,hc
dihedral_coeff	19 mbt   -5.56790    1.40830    0.30100    1.50100  # cp,cp,c1,hc
dihedral_coeff	20 mbt   27.59890   -2.31200    0.00000    1.41700  # cp,cp,cp,cp
dihedral_coeff	21 mbt    0.00000   -1.15210    0.00000    1.41700  # cp,cp,cp,hc
dihedral_coeff	22 mbt  -14.26100   -0.53220   -0.48640    1.53000  # hc,c,c,hc
dihedral_coeff	23 mbt  -14.26100   -0.53220   -0.48640    1.53000  # hc,c,c1,hc
dihedral_coeff	24 mbt    0.00000    4.82280    0.00000    1.41700  # hc,cp,cp,hc

# EndBondTorsion Coeffs

dihedral_coeff	 1 ebt   -0.07320    0.00000    0.00000   -0.07320    0.00000    0.00000    1.53000    1.53000  # c,c,c1,c
dihedral_coeff	 2 ebt    0.00000    0.00000    0.00000    0.00000    0.00000    0.00000    1.53000    1.50100  # c,c,c1,cp
dihedral_coeff	 3 ebt    0.24860    0.24220   -0.09250    0.08140    0.05910    0.22190    1.53000    1.10100  # c,c,c1,hc
dihedral_coeff	 4 ebt    0.00000    0.00000    0.00000    0.00000    0.00000    0.00000    1.53000    1.41700  # c,c,cp,cp
dihedral_coeff	 5 ebt   -0.07320    0.00000    0.00000   -0.07320    0.00000    0.00000    1.53000    1.53000  # c,c1,c,c1
dihedral_coeff	 6 ebt    0.24860    0.24220   -0.09250    0.08140    0.05910    0.22190    1.53000    1.10100  # c,c1,c,hc
dihedral_coeff	 7 ebt    0.00000    0.00000    0.00000    0.00000    0.00000    0.00000    1.53000    1.41700  # c,c1,cp,cp
dihedral_coeff	 8 ebt    0.00000    0.24210    0.00000    0.00000   -0.69180    0.00000    1.50100    1.41700  # c,cp,cp,cp
dihedral_coeff	 9 ebt    0.00000   -1.79700    0.00000    0.00000   -0.48790    0.00000    1.50100    1.09820  # c,cp,cp,hc
dihedral_coeff	10 ebt    0.00000    0.00000    0.00000    0.00000    0.00000    0.00000    1.53000    1.50100  # c1,c,c,cp
dihedral_coeff	11 ebt    0.24860    0.24220   -0.09250    0.08140    0.05910    0.22190    1.53000    1.10100  # c1,c,c,hc
dihedral_coeff	12 ebt    0.00000    0.00000    0.00000    0.00000    0.00000    0.00000    1.53000    1.50100  # c1,c,c1,cp
dihedral_coeff	13 ebt    0.24860    0.24220   -0.09250    0.08140    0.05910    0.22190    1.53000    1.10100  # c1,c,c1,hc
dihedral_coeff	14 ebt    0.00000    0.24210    0.00000    0.00000   -0.69180    0.00000    1.50100    1.41700  # c1,cp,cp,cp
dihedral_coeff	15 ebt    0.00000   -1.79700    0.00000    0.00000   -0.48790    0.00000    1.50100    1.09820  # c1,cp,cp,hc
dihedral_coeff	16 ebt    0.00000    0.00000    0.00000    0.00000    0.00000    0.00000    1.50100    1.10100  # cp,c,c,hc
dihedral_coeff	17 ebt    0.00000    0.00000    0.00000    0.00000    0.00000    0.00000    1.50100    1.10100  # cp,c1,c,hc
dihedral_coeff	18 ebt   -0.58350    1.12200    0.39780    1.39970    0.77560    0.00000    1.41700    1.10100  # cp,cp,c,hc
dihedral_coeff	19 ebt   -0.58350    1.12200    0.39780    1.39970    0.77560    0.00000    1.41700    1.10100  # cp,cp,c1,hc
dihedral_coeff	20 ebt   -0.11850    6.32040    0.00000   -0.11850    6.32040    0.00000    1.41700    1.41700  # cp,cp,cp,cp
dihedral_coeff	21 ebt    0.00000   -6.89580    0.00000    0.00000   -0.46690    0.00000    1.41700    1.09820  # cp,cp,cp,hc
dihedral_coeff	22 ebt    0.21300    0.31200    0.07770    0.21300    0.31200    0.07770    1.10100    1.10100  # hc,c,c,hc
dihedral_coeff	23 ebt    0.21300    0.31200    0.07770    0.21300    0.31200    0.07770    1.10100    1.10100  # hc,c,c1,hc
dihedral_coeff	24 ebt    0.00000   -0.68900    0.00000    0.00000   -0.68900    0.00000    1.09820    1.09820  # hc,cp,cp,hc

# AngleTorsion Coeffs

dihedral_coeff	 1 at    0.38860   -0.31390    0.13890    0.38860   -0.31390    0.13890  112.67000  112.67000  # c,c,c1,c
dihedral_coeff	 2 at    0.00000    0.00000    0.00000    0.00000    0.00000    0.00000  112.67000  108.40000  # c,c,c1,cp
dihedral_coeff	 3 at   -0.24540    0.00000   -0.11360    0.31130    0.45160   -0.19880  112.67000  110.77000  # c,c,c1,hc
dihedral_coeff	 4 at    0.00000    0.00000    0.00000    0.00000    0.00000    0.00000  108.40000  120.05000  # c,c,cp,cp
dihedral_coeff	 5 at    0.38860   -0.31390    0.13890    0.38860   -0.31390    0.13890  112.67000  112.67000  # c,c1,c,c1
dihedral_coeff	 6 at   -0.24540    0.00000   -0.11360    0.31130    0.45160   -0.19880  112.67000  110.77000  # c,c1,c,hc
dihedral_coeff	 7 at    0.00000    0.00000    0.00000    0.00000    0.00000    0.00000  108.40000  120.05000  # c,c1,cp,cp
dihedral_coeff	 8 at    0.00000   -4.46830    0.00000    0.00000    3.89870    0.00000  120.05000  118.90000  # c,cp,cp,cp
dihedral_coeff	 9 at    0.00000   -0.12420    0.00000    0.00000    3.46010    0.00000  120.05000  117.94000  # c,cp,cp,hc
dihedral_coeff	10 at    0.00000    0.00000    0.00000    0.00000    0.00000    0.00000  112.67000  108.40000  # c1,c,c,cp
dihedral_coeff	11 at   -0.24540    0.00000   -0.11360    0.31130    0.45160   -0.19880  112.67000  110.77000  # c1,c,c,hc
dihedral_coeff	12 at    0.00000    0.00000    0.00000    0.00000    0.00000    0.00000  112.67000  108.40000  # c1,c,c1,cp
dihedral_coeff	13 at   -0.24540    0.00000   -0.11360    0.31130    0.45160   -0.19880  112.67000  110.77000  # c1,c,c1,hc
dihedral_coeff	14 at    0.00000   -4.46830    0.00000    0.00000    3.89870    0.00000  120.05000  118.90000  # c1,cp,cp,cp
dihedral_coeff	15 at    0.00000   -0.12420    0.00000    0.00000    3.46010    0.00000  120.05000  117.94000  # c1,cp,cp,hc
dihedral_coeff	16 at    0.00000    0.00000    0.00000    0.00000    0.00000    0.00000  108.40000  110.77000  # cp,c,c,hc
dihedral_coeff	17 at    0.00000    0.00000    0.00000    0.00000    0.00000    0.00000  108.40000  110.77000  # cp,c1,c,hc
dihedral_coeff	18 at    0.22510    0.65480    0.12370    4.62660    0.16320    0.04610  120.05000  111.00000  # cp,cp,c,hc
dihedral_coeff	19 at    0.22510    0.65480    0.12370    4.62660    0.16320    0.04610  120.05000  111.00000  # cp,cp,c1,hc
dihedral_coeff	20 at    1.97670    1.02390    0.00000    1.97670    1.02390    0.00000  118.90000  118.90000  # cp,cp,cp,cp
dihedral_coeff	21 at    0.00000    2.50140    0.00000    0.00000    2.71470    0.00000  118.90000  117.94000  # cp,cp,cp,hc
dihedral_coeff	22 at   -0.80850    0.55690   -0.24660   -0.80850    0.55690   -0.24660  110.77000  110.77000  # hc,c,c,hc
dihedral_coeff	23 at   -0.80850    0.55690   -0.24660   -0.80850    0.55690   -0.24660  110.77000  110.77000  # hc,c,c1,hc
dihedral_coeff	24 at    0.00000    2.45010    0.00000    0.00000    2.45010    0.00000  117.94000  117.94000  # hc,cp,cp,hc

# AngleAngleTorsion Coeffs

dihedral_coeff	 1 aat  -22.04500  112.67000  112.67000  # c,c,c1,c
dihedral_coeff	 2 aat    0.00000  112.67000  108.40000  # c,c,c1,cp
dihedral_coeff	 3 aat  -16.16400  112.67000  110.77000  # c,c,c1,hc
dihedral_coeff	 4 aat    0.00000  108.40000  120.05000  # c,c,cp,cp
dihedral_coeff	 5 aat  -22.04500  112.67000  112.67000  # c,c1,c,c1
dihedral_coeff	 6 aat  -16.16400  112.67000  110.77000  # c,c1,c,hc
dihedral_coeff	 7 aat    0.00000  108.40000  120.05000  # c,c1,cp,cp
dihedral_coeff	 8 aat  -14.40970  120.05000  118.90000  # c,cp,cp,cp
dihedral_coeff	 9 aat    4.44440  120.05000  117.94000  # c,cp,cp,hc
dihedral_coeff	10 aat    0.00000  112.67000  108.40000  # c1,c,c,cp
dihedral_coeff	11 aat  -16.16400  112.67000  110.77000  # c1,c,c,hc
dihedral_coeff	12 aat    0.00000  112.67000  108.40000  # c1,c,c1,cp
dihedral_coeff	13 aat  -16.16400  112.67000  110.77000  # c1,c,c1,hc
dihedral_coeff	14 aat  -14.40970  120.05000  118.90000  # c1,cp,cp,cp
dihedral_coeff	15 aat    4.44440  120.05000  117.94000  # c1,cp,cp,hc
dihedral_coeff	16 aat    0.00000  108.40000  110.77000  # cp,c,c,hc
dihedral_coeff	17 aat    0.00000  108.40000  110.77000  # cp,c1,c,hc
dihedral_coeff	18 aat   -5.88880  120.05000  111.00000  # cp,cp,c,hc
dihedral_coeff	19 aat   -5.88880  120.05000  111.00000  # cp,cp,c1,hc
dihedral_coeff	20 aat    0.00000  118.90000  118.90000  # cp,cp,cp,cp
dihedral_coeff	21 aat   -4.81410  118.90000  117.94000  # cp,cp,cp,hc
dihedral_coeff	22 aat  -12.56400  110.77000  110.77000  # hc,c,c,hc
dihedral_coeff	23 aat  -12.56400  110.77000  110.77000  # hc,c,c1,hc
dihedral_coeff	24 aat    0.35980  117.94000  117.94000  # hc,cp,cp,hc

# BondBond13 Coeffs

dihedral_coeff	 1 bb13    0.00000    1.53000    1.53000  # c,c,c1,c
dihedral_coeff	 2 bb13    0.00000    1.53000    1.50100  # c,c,c1,cp
dihedral_coeff	 3 bb13    0.00000    1.53000    1.10100  # c,c,c1,hc
dihedral_coeff	 4 bb13    0.00000    1.53000    1.41700  # c,c,cp,cp
dihedral_coeff	 5 bb13    0.00000    1.53000    1.53000  # c,c1,c,c1
dihedral_coeff	 6 bb13    0.00000    1.53000    1.10100  # c,c1,c,hc
dihedral_coeff	 7 bb13    0.00000    1.53000    1.41700  # c,c1,cp,cp
dihedral_coeff	 8 bb13    2.50850    1.50100    1.41700  # c,cp,cp,cp
dihedral_coeff	 9 bb13    0.87430    1.50100    1.09820  # c,cp,cp,hc
dihedral_coeff	10 bb13    0.00000    1.53000    1.50100  # c1,c,c,cp
dihedral_coeff	11 bb13    0.00000    1.53000    1.10100  # c1,c,c,hc
dihedral_coeff	12 bb13    0.00000    1.53000    1.50100  # c1,c,c1,cp
dihedral_coeff	13 bb13    0.00000    1.53000    1.10100  # c1,c,c1,hc
dihedral_coeff	14 bb13    2.50850    1.50100    1.41700  # c1,cp,cp,cp
dihedral_coeff	15 bb13    0.87430    1.50100    1.09820  # c1,cp,cp,hc
dihedral_coeff	16 bb13    0.00000    1.50100    1.10100  # cp,c,c,hc
dihedral_coeff	17 bb13    0.00000    1.50100    1.10100  # cp,c1,c,hc
dihedral_coeff	18 bb13   -3.48260    1.41700    1.10100  # cp,cp,c,hc
dihedral_coeff	19 bb13   -3.48260    1.41700    1.10100  # cp,cp,c1,hc
dihedral_coeff	20 bb13   53.00000    1.41700    1.41700  # cp,cp,cp,cp
dihedral_coeff	21 bb13   -6.27410    1.41700    1.09820  # cp,cp,cp,hc
dihedral_coeff	22 bb13    0.00000    1.10100    1.10100  # hc,c,c,hc
dihedral_coeff	23 bb13    0.00000    1.10100    1.10100  # hc,c,c1,hc
dihedral_coeff	24 bb13   -1.70770    1.09820    1.09820  # hc,cp,cp,hc

# Improper Coeffs

improper_coeff	 1    0.00000    0.00000  # c,c,cp,hc
improper_coeff	 2    0.00000    0.00000  # c,c,hc,c1
improper_coeff	 3    0.00000    0.00000  # c,c,hc,cp
improper_coeff	 4    0.00000    0.00000  # c,c,hc,hc
improper_coeff	 5    0.00000    0.00000  # c,c1,c1,hc
improper_coeff	 6    0.00000    0.00000  # c,c1,hc,hc
improper_coeff	 7    0.00000    0.00000  # c,cp,hc,hc
improper_coeff	 8    0.00000    0.00000  # c,hc,hc,hc
improper_coeff	 9    0.00000    0.00000  # c1,c,c,cp
improper_coeff	10    0.00000    0.00000  # c1,c,c,hc
improper_coeff	11    0.00000    0.00000  # c1,c,cp,hc
improper_coeff	12    7.81530    0.00000  # cp,c,cp,cp
improper_coeff	13    7.81530    0.00000  # cp,c1,cp,cp
improper_coeff	14    4.89120    0.00000  # cp,cp,cp,hc

# AngleAngle Coeffs

improper_coeff	 1 aa    2.04030   -1.82020    1.08270  108.40000  110.77000  111.00000  # c,c,cp,hc
improper_coeff	 2 aa    0.11840   -1.31990   -1.31990  110.77000  112.67000  110.77000  # c,c,hc,c1
improper_coeff	 3 aa    1.08270   -1.82020    2.04030  110.77000  108.40000  111.00000  # c,c,hc,cp
improper_coeff	 4 aa    0.27380   -0.48250    0.27380  110.77000  110.77000  107.66000  # c,c,hc,hc
improper_coeff	 5 aa   -1.31990   -1.31990    0.11840  112.67000  110.77000  110.77000  # c,c1,c1,hc
improper_coeff	 6 aa    0.27380   -0.48250    0.27380  110.77000  110.77000  107.66000  # c,c1,hc,hc
improper_coeff	 7 aa    2.37940    3.01180    2.37940  111.00000  111.00000  107.66000  # c,cp,hc,hc
improper_coeff	 8 aa   -0.31570   -0.31570   -0.31570  107.66000  107.66000  107.66000  # c,hc,hc,hc
improper_coeff	 9 aa    0.00000    0.00000    0.00000  112.67000  108.40000  108.40000  # c1,c,c,cp
improper_coeff	10 aa   -1.31990   -1.31990    0.11840  112.67000  110.77000  110.77000  # c1,c,c,hc
improper_coeff	11 aa    2.04030   -1.82020    1.08270  108.40000  110.77000  111.00000  # c1,c,cp,hc
improper_coeff	12 aa    0.00000    0.00000    0.00000  120.05000  120.05000  118.90000  # cp,c,cp,cp
improper_coeff	13 aa    0.00000    0.00000    0.00000  120.05000  120.05000  118.90000  # cp,c1,cp,cp
improper_coeff	14 aa    0.00000    0.00000    0.00000  118.90000  117.94000  117.94000  # cp,cp,cp,hc


# --- Thermo Output ---
thermo_style custom step time temp press enthalpy etotal ke pe ebond eangle edihed eimp evdwl ecoul elong etail vol lx ly lz density pxx pyy pzz
thermo_modify flush yes
thermo 1000

# --- Trajectory ---
dump dump_npt all custom 1000 npt_ff_activate.dump id type mol x y z ix iy iz vx vy vz


# --- Restart Checkpointing ---
restart 10000 npt_1.rst npt_2.rst

# --- Initial Velocities (optional) ---
# Velocities read from data file

# --- SHAKE Constraints ---
# SHAKE disabled

# --- NPT Thermostat + Barostat (Nose-Hoover) ---
# T_damp = 100.0 fs  (heat bath coupling)
# P_damp = 1000.0 fs  (pressure bath coupling, ~10x T_damp typical)
# Ramp: T=300.0->300.0K  P=50000.0->1.0atm
timestep 1.0
fix npt_fix all npt temp 300.0 300.0 100.0 iso 50000.0 1.0 1000.0

run 100000
PPPM Kokkos initialization ...
  using 12-bit tables for long-range coulomb
  G vector (1/distance) = 0.3063026
  grid = 30 30 30
  stencil order = 5
  estimated absolute RMS force accuracy = 0.00026228138
  estimated relative force accuracy = 7.8985257e-07
  using double precision cuFFT
  3d grid and FFT values/proc = 50653 27000
Generated 6 of 6 mixed pair_coeff terms from sixthpower/sixthpower mixing rule
Neighbor list info ...
  update: every = 1 steps, delay = 0 steps, check = yes
  max neighbors/atom: 4000, page size: 100000
  master list distance cutoff = 11.5
  ghost atom cutoff = 11.5
  binsize = 11.5, bins = 4 4 4
  1 neighbor lists, perpetual/occasional/extra = 1 0 0
  (1) pair lj/class2/coul/long/kk, perpetual
      attributes: full, newton off, kokkos_device
      pair build: full/bin/kk/device
      stencil: full/bin/3d
      bin: kk/device
Per MPI rank memory allocation (min/avg/max) = 53.16 | 53.16 | 53.16 Mbytes
   Step          Time           Temp          Press         Enthalpy        TotEng         KinEng         PotEng         E_bond        E_angle        E_dihed        E_impro         E_vdwl         E_coul         E_long         E_tail         Volume           Lx             Ly             Lz          Density          Pxx            Pyy            Pzz      
         0   0              300.58776      48067.748      58705.88       15725.438      7041.6247      8683.8135      3455.2314      3959.6834     -2318.0407      285.85841      3551.4073      4722.8642     -4973.1906     -703.65893      61311.396      39.431842      39.431842      39.431842      1.3827608      48395.562      47310.242      48497.441    
      1000   1000           302.35648      49163.661      59857.226      15787.626      7083.0592      8704.5667      3583.4902      3952.0813     -2331.3265      278.92929      3459.589       4732.4094     -4970.6059     -701.9148       61463.743      39.464476      39.464476      39.464476      1.3793334      49990.27       48486.661      49014.052    
      2000   2000           296.02636      48690.573      59399.124      15707.665      6934.7687      8772.8968      3595.9054      4030.3195     -2329.7949      283.3883       3422.4142      4740.2088     -4969.5446     -701.17697      61528.42       39.478313      39.478313      39.478313      1.3778835      49055.728      48786.01       48229.981    
      3000   3000           299.026        46566.154      57576.73       15651.469      7005.0387      8646.4308      3645.0778      3973.644      -2358.4684      286.234        3353.8488      4719.3302     -4973.2357     -698.8338       61734.723      39.522387      39.522387      39.522387      1.373279       47700.597      43936.773      48061.093    
      4000   4000           299.63419      44444.943      55577.444      15520.508      7019.2863      8501.2215      3587.2781      3866.0374     -2250.1482      296.15516      3239.0695      4734.0127     -4971.1832     -698.11009      61798.722      39.53604       39.53604       39.53604       1.3718568      43669.037      45777.891      43887.9      
      5000   5000           303.49146      48154.073      58984.377      15646.433      7109.6475      8536.7859      3657.9446      3908.3543     -2403.3841      292.32749      3318.2199      4735.7744     -4972.4506     -699.10761      61710.545      39.517227      39.517227      39.517227      1.373817       47824.132      48808.318      47829.771    
      6000   6000           296.53454      48031.489      58643.365      15395.127      6946.6733      8448.4541      3626.2717      3888.2689     -2400.1582      285.63559      3288.9899      4729.2702     -4969.824      -698.77431      61739.978      39.523509      39.523509      39.523509      1.3731621      47563.813      46155.572      50375.082    
      7000   7000           298.23639      46799.748      57733.589      15455.767      6986.5413      8469.2262      3679.6648      3905.3691     -2396.1829      278.89504      3224.6586      4745.9157     -4969.0941     -696.4825       61943.137      39.566812      39.566812      39.566812      1.3686584      45627.119      47126.058      47646.066    
      8000   8000           298.79652      43658.309      54839.053      15295.195      6999.6629      8295.5316      3612.7291      3859.9961     -2281.1614      290.3407       3044.9462      4736.9487     -4968.268      -694.65179      62106.384      39.601541      39.601541      39.601541      1.3650609      44348.25       42417.578      44209.098    
      9000   9000           299.27297      46187.981      57213.39       15405.214      7010.8242      8394.3895      3623.9337      3922.0349     -2355.5569      286.27844      3157.5887      4728.8263     -4968.7155     -695.09962      62066.371      39.593034      39.593034      39.593034      1.3659409      48381.198      45446.728      44736.018    
     10000   10000          296.84707      44461.716      55653.008      15300.564      6953.9947      8346.5696      3696.5523      3858.3478     -2356.5435      294.10919      3066.1325      4752.737      -4964.7656     -693.25924      62231.137      39.628039      39.628039      39.628039      1.3623244      44766.137      45447.215      43171.795    
     11000   11000          298.19987      45012.783      56247.917      15473.462      6985.6856      8487.7767      3682.7661      3985.3911     -2349.08        290.59597      3103.4935      4741.0331     -4966.423      -694.58756      62112.127      39.602761      39.602761      39.602761      1.3649347      45139.19       45452.044      44447.116    
     12000   12000          300.15348      42168.903      53617.466      15224.187      7031.4514      8192.7351      3580.8466      3969.3862     -2324.2427      292.99712      2892.9785      4747.6594     -4966.89       -691.061        62429.092      39.670013      39.670013      39.670013      1.3580046      43367.787      41955.777      41183.144    
     13000   13000          297.79784      43323.402      54733.99       15333.449      6976.2677      8357.1818      3661.2204      3943.0093     -2302.4974      288.03353      3009.6097      4726.5902     -4968.784      -691.83043      62359.661      39.655301      39.655301      39.655301      1.3595167      44947.887      42988.862      42033.456    
     14000   14000          301.61293      43521.062      54759.457      15095.989      7065.6407      8030.3479      3581.3121      3892.6612     -2378.1254      281.34081      2874.4966      4743.9457     -4965.2831     -690.37983      62490.689      39.683055      39.683055      39.683055      1.3566661      44851.649      42482.502      43229.035    
     15000   15000          295.52752      42822.842      54071.223      14985.55       6923.0827      8062.4676      3628.8936      3875.8138     -2354.5159      280.68912      2858.439       4739.565      -4966.4171     -689.34588      62584.419      39.702886      39.702886      39.702886      1.3546342      42039.62       43641.641      42787.264    
     16000   16000          301.27693      40378.868      51997.554      15027.757      7057.7695      7969.9878      3578.4532      3872.6529     -2293.7034      280.40491      2760.7751      4737.9373     -4966.5322     -687.20509      62779.382      39.744071      39.744071      39.744071      1.3504274      41902.23       40015.698      39218.676    
     17000   17000          300.90652      43681.196      55068.69       15107.607      7049.0922      8058.5144      3610.9473      3917.5119     -2336.1454      294.39535      2791.8741      4743.7366     -4963.8054     -687.75944      62728.781      39.73339       39.73339       39.73339       1.3515167      45220.199      42421.181      43402.209    
     18000   18000          297.43613      42810.739      54100.637      14924.273      6967.7942      7956.479       3584.6449      3879.5983     -2324.3645      277.75812      2760.8921      4740.2356     -4962.2855     -687.55572      62747.367      39.737313      39.737313      39.737313      1.3511164      43950.834      41331.238      43150.145    
     19000   19000          300.56738      37876.88       49704.208      14786.397      7041.1474      7745.2496      3608.6751      3906.5739     -2357.7201      281.63743      2531.8853      4740.4887     -4966.2907     -682.506        63211.622      39.835075      39.835075      39.835075      1.3411932      38948.354      37066.783      37615.501    
     20000   20000          300.88792      41407.06       52981.572      14904.264      7048.6564      7855.6072      3691.1485      3816.6688     -2387.2821      278.41062      2672.3472      4749.4013     -4965.0871     -684.2069       63054.481      39.802039      39.802039      39.802039      1.3445356      42550.246      40385.968      41284.967    
     21000   21000          296.7161       39904.896      51418.7        14731.301      6950.9267      7780.3744      3564.0781      3838.1953     -2331.5989      296.05831      2623.4271      4750.6635     -4960.4489     -684.36621      63039.803      39.79895       39.79895       39.79895       1.3448487      40280.547      39569.789      39864.352    
     22000   22000          299.83202      39221.566      51044.638      14817.646      7023.9208      7793.7253      3632.9932      3901.3334     -2300.3368      284.16807      2484.559       4753.5771     -4962.5687     -681.19579      63333.203      39.860599      39.860599      39.860599      1.3386185      38956.784      38701.543      40006.371    
     23000   23000          302.60643      39993.638      51673.062      14737.708      7088.9145      7648.793       3563.952       3848.4574     -2350.8813      277.01676      2523.0661      4747.9077     -4960.7257     -681.2836       63325.039      39.858886      39.858886      39.858886      1.3387911      40552.59       39873.054      39555.272    
     24000   24000          300.82998      38797.912      50528.087      14669.768      7047.2991      7622.4688      3594.7789      3823.7951     -2385.1686      287.97126      2526.7385      4735.0029     -4960.6493     -680.76579      63373.207      39.868989      39.868989      39.868989      1.3377735      39430.55       37359.013      39604.174    
     25000   25000          302.6265       36853.795      48869.358      14704.199      7089.3847      7614.8142      3575.555       3841.9675     -2315.1829      296.7674       2425.3995      4749.5414     -4959.2336     -678.70034      63566.067      39.909392      39.909392      39.909392      1.3337147      38746.718      35669.879      36144.789    
     26000   26000          303.83506      37230.661      49277.861      14807.78       7117.6967      7690.0834      3687.5808      3800.8176     -2322.4217      286.90106      2452.4299      4745.5251     -4960.7495     -679.57555      63484.202      39.892252      39.892252      39.892252      1.3354346      37643.238      37768.085      36280.661    
     27000   27000          299.5413       37389.578      49258.555      14501.873      7017.1103      7484.7626      3655.4504      3812.7609     -2398.3566      272.27675      2358.9893      4743.318      -4959.6761     -676.84863      63739.97       39.945753      39.945753      39.945753      1.3300759      37319.434      38348.029      36501.272    
     28000   28000          293.70511      35937.063      47845.534      14443.807      6880.3905      7563.4169      3648.3394      3911.9934     -2392.5242      274.41015      2335.4858      4747.1311     -4961.4188     -676.94434      63730.958      39.943871      39.943871      39.943871      1.330264       37370.552      35949.242      34491.395    
     29000   29000          300.01563      35323.75       47404.535      14535.556      7028.222       7507.3338      3586.0024      3827.7805     -2331.8548      296.50578      2358.2692      4732.9901     -4962.3594     -676.17618      63803.358      39.958991      39.958991      39.958991      1.3287545      35562.769      34674.712      35733.768    
     30000   30000          293.09301      34205.549      46247.162      14326.494      6866.0514      7460.4431      3626.541       3874.6944     -2323.5794      281.05452      2205.5954      4755.7136     -4959.5765     -674.22351      63988.144      39.99753       39.99753       39.99753       1.3249173      33749.979      33700.605      35166.062    
     31000   31000          301.8422       34777.161      46993.541      14519.217      7071.0115      7448.2053      3653.9864      3914.8702     -2355.111       277.42459      2169.9135      4747.2388     -4960.1171     -673.80356      64028.025      40.005838      40.005838      40.005838      1.324092       32774.218      37774.826      33782.439    
     32000   32000          302.35737      35413.166      47490.999      14350.053      7083.0801      7266.9726      3630.6078      3796.327      -2442.4097      288.77512      2189.098       4760.9304     -4956.3559     -672.32483      64168.85       40.035146      40.035146      40.035146      1.3211862      35711.032      35673.695      34854.771    
     33000   33000          298.68748      33954.148      46284.277      14463.333      6997.1085      7466.2246      3744.3723      3876.3793     -2357.8308      294.25654      2110.6878      4756.1627     -4957.8032     -671.36558      64260.535      40.054205      40.054205      40.054205      1.3193011      34100.647      33892.639      33869.159    
     34000   34000          299.79776      31974.147      44400.688      14298.243      7023.1182      7275.1243      3651.2326      3913.3916     -2357.2865      292.52916      1969.6485      4763.0233     -4957.4144     -668.30773      64554.56       40.115201      40.115201      40.115201      1.3132922      31513.192      32550.318      31858.932    
     35000   35000          296.64217      33471.527      45635.489      14112.009      6949.1948      7162.8139      3638.4503      3826.7392     -2399.7009      275.14048      2034.8225      4747.2112     -4959.8488     -668.06799      64577.725      40.119999      40.119999      40.119999      1.3128211      33670.139      32322.853      34421.59     
     36000   36000          297.32395      31129.761      43529.074      14174.008      6965.1662      7208.8416      3647.0767      3895.2476     -2404.9911      274.31026      2006.2244      4749.2191     -4958.2453     -667.22455      64659.358      40.136897      40.136897      40.136897      1.3111636      29636.066      31931.423      31821.794    
     37000   37000          301.88717      30592.238      43063.29       14234.899      7072.065       7162.8338      3534.7414      3870.6238     -2278.197       281.44318      1977.4252      4735.7638     -4958.9666     -667.68274      64614.986      40.127714      40.127714      40.127714      1.312064       31448.13       28841.827      31486.758    
     38000   38000          299.06658      29375.017      41783.189      13926.552      7005.9894      6920.5627      3609.01        3779.9825     -2365.9147      275.67688      1806.8048      4766.6618     -4951.6586     -663.48137      65024.148      40.212236      40.212236      40.212236      1.3038079      30442.054      28421.119      29261.878    
     39000   39000          295.76643      30147.022      42460.12       13874.197      6928.6796      6945.5173      3520.146       3824.568      -2314.2963      270.56596      1840.3817      4758.7102     -4954.5583     -663.54668      65017.748      40.210917      40.210917      40.210917      1.3039362      30927.042      30261.864      29252.16     
     40000   40000          300.65822      29984.793      42547.756      14066.51       7043.2755      7023.2344      3654.1396      3835.0194     -2359.0014      280.00704      1806.305       4761.4781     -4954.7134     -662.40157      65130.146      40.234075      40.234075      40.234075      1.301686       32480.062      26556.819      30917.498    
     41000   41000          304.30742      29541.123      42098.977      14001.532      7128.7623      6872.7699      3603.5081      3813.7232     -2370.5143      269.10843      1752.2991      4762.6175     -4957.9722     -661.51465      65217.468      40.252048      40.252048      40.252048      1.2999431      29846.381      28693.439      30083.549    
     42000   42000          297.20035      28740.06       41278.046      13916.955      6962.2707      6954.6839      3609.8083      3821.9395     -2336.2806      283.83499      1769.1032      4759.8501     -4953.5716     -660.89664      65278.454      40.26459       40.26459       40.26459       1.2987286      28598.183      28068.968      29553.028    
     43000   43000          301.5815       29464.505      42020.301      13970.663      7064.9044      6905.7582      3551.2512      3838.7756     -2303.8456      286.35569      1728.0136      4760.043      -4954.8353     -660.92347      65275.804      40.264046      40.264046      40.264046      1.2987813      29352.708      29840.609      29200.198    
     44000   44000          298.67174      28464.013      41099.583      13885.74       6996.7398      6889.0006      3518.0718      3863.6315     -2259.774       280.88554      1674.9553      4766.3017     -4955.0712     -658.09041      65556.815      40.321742      40.321742      40.321742      1.2932141      29892.806      28943.366      26555.869    
     45000   45000          299.88317      28131.439      40778.796      13810.484      7025.119       6785.3652      3605.6434      3797.0744     -2345.2446      284.57066      1625.5699      4768.0991     -4950.3476     -656.32279      65733.374      40.357908      40.357908      40.357908      1.2897405      28106.886      28962.304      27325.127    
     46000   46000          297.47653      25037.81       37857.27       13754.213      6968.7406      6785.4726      3586.6245      3878.9621     -2278.8106      283.86216      1505.0522      4760.7996     -4951.0174     -653.58717      66008.504      40.414136      40.414136      40.414136      1.2843648      24549.794      25209.188      25354.448    
     47000   47000          293.50061      24984.411      37675.967      13672.358      6875.5999      6796.7583      3520.7407      3817.2707     -2253.0419      275.60302      1632.0663      4755.043      -4950.9235     -654.89528      65876.656      40.38721       40.38721       40.38721       1.2869353      26434.073      23441.989      25077.171    
     48000   48000          299.77378      25594.943      38395.038      13691.111      7022.5564      6668.5547      3556.3018      3961.0553     -2398.3179      269.18718      1469.7885      4766.2316     -4955.6918     -651.87972      66181.397      40.44939       40.44939       40.44939       1.2810095      26815.789      24891.13       25077.91     
     49000   49000          299.12268      24391.462      37217.989      13627.462      7007.3036      6620.1586      3591.6414      3798.0496     -2307.8394      282.10283      1459.138       4752.9437     -4955.8774     -650.54822      66316.854      40.476968      40.476968      40.476968      1.2783929      25690.356      24878.316      22605.714    
     50000   50000          299.81383      25653.68       38477.107      13536.653      7023.4947      6513.158       3645.1129      3788.0658     -2409.1276      274.62969      1404.5171      4761.8344     -4951.8743     -647.17928      66662.071      40.547082      40.547082      40.547082      1.2717726      26546.685      25731.118      24683.235    
     51000   51000          295.66429      22871.827      35613.173      13422.27       6926.2868      6495.9834      3560.4292      3881.6029     -2405.922       267.06344      1373.1989      4768.8637     -4949.2527     -648.49283      66527.044      40.519686      40.519686      40.519686      1.2743539      22009.78       23473.413      23132.289    
     52000   52000          299.61573      24337.194      37158.247      13491.339      7018.8538      6472.4848      3537.3308      3815.6522     -2327.7098      289.61126      1352.3793      4757.734      -4952.5129     -647.00593      66679.932      40.550702      40.550702      40.550702      1.271432       24328.233      24651.044      24032.305    
     53000   53000          297.21542      22963.992      35959.492      13567.01       6962.6237      6604.3862      3636.2904      3824.0462     -2245.3627      285.02442      1288.3715      4766.1268     -4950.1105     -645.24468      66861.939      40.587564      40.587564      40.587564      1.267971       22967.155      21749.179      24175.641    
     54000   54000          296.16472      22266.714      35058.254      13300.404      6938.0099      6362.3939      3570.6312      3838.3858     -2367.7065      259.94163      1234.2208      4776.8736     -4949.9526     -643.90151      67001.413      40.615766      40.615766      40.615766      1.2653315      23320.839      21672.134      21807.168    
     55000   55000          298.71991      23415.922      36379.381      13442.983      6997.8683      6445.1146      3676.9236      3885.3291     -2411.9681      284.2522       1175.8501      4781.0892     -4946.3615     -642.34054      67164.235      40.648641      40.648641      40.648641      1.262264       23103.824      22519.112      24624.83     
     56000   56000          304.07979      23016.894      35986.611      13425.665      7123.4299      6302.2347      3627.0602      3866.5552     -2402.6943      274.11934      1106.8123      4776.3573     -4945.9754     -641.90196      67210.125      40.657896      40.657896      40.657896      1.2614022      23658.633      22637.649      22754.401    
     57000   57000          298.05832      20342.148      33245.884      13237.635      6982.3696      6255.2649      3537.7761      3790.2529     -2340.4924      280.28624      1146.159       4789.9991     -4948.7159     -639.68626      67442.923      40.704785      40.704785      40.704785      1.2570481      20826.725      20204.235      19995.486    
     58000   58000          299.81807      21675.351      34741.246      13360.004      7023.5939      6336.4102      3634.5268      3799.5525     -2358.762       277.87931      1159.4415      4768.7849     -4945.0128     -637.84113      67638.02       40.743997      40.743997      40.743997      1.2534222      22777.337      19291.858      22956.859    
     59000   59000          296.55644      20303.979      33260.222      13177.5        6947.1865      6230.314       3647.3079      3738.4703     -2336.2558      282.77462      1065.083       4779.651      -4946.7171     -636.11828      67821.209      40.780747      40.780747      40.780747      1.2500367      21140.907      21024.622      18746.407    
     60000   60000          294.53755      20582.609      33413.646      12991.981      6899.8914      6092.0899      3504.5221      3793.4251     -2343.4574      272.70312      1040.0115      4770.8492     -4945.9637     -634.14501      68032.249      40.823002      40.823002      40.823002      1.246159       21520.326      21045.521      19181.98     
     61000   61000          301.18291      18675.871      31753.593      13218.701      7055.5668      6163.1345      3579.6154      3762.2256     -2296.8775      283.19992      997.31114      4782.8237     -4945.1637     -633.97206      68050.808      40.826714      40.826714      40.826714      1.2458191      19740.508      18034.336      18252.771    
     62000   62000          294.71432      18809.579      31561.688      12838.038      6904.0326      5934.0052      3524.45        3683.6882     -2293.9903      265.25438      918.2568       4782.0549     -4945.7088     -632.0739       68255.169      40.867542      40.867542      40.867542      1.242089       19955.409      17809.706      18663.623    
     63000   63000          301.33405      18530.341      31680.457      13224.066      7059.1075      6164.9585      3672.6237      3735.5295     -2341.2406      274.83784      977.86217      4788.7544     -4943.4086     -631.70733      68294.777      40.875445      40.875445      40.875445      1.2413687      18117.548      17969.835      19503.64     
     64000   64000          304.41609      18472.761      31749.418      13254.04       7131.3081      6122.7323      3612.6674      3836.0777     -2308.021       278.36805      858.45041      4787.9481     -4942.7584     -628.41695      68652.367      40.946662      40.946662      40.946662      1.2349028      20186.119      18238.181      16993.982    
     65000   65000          300.50744      17807.258      30921.395      13089.915      7039.7432      6050.1722      3613.8438      3737.0335     -2293.4134      275.9931       880.2041       4781.2261     -4944.715      -628.3317       68661.681      40.948514      40.948514      40.948514      1.2347352      20012.137      16278.863      17130.774    
     66000   66000          300.97884      15546.184      28613.805      12998.173      7050.7863      5947.3863      3596.7234      3788.7969     -2349.0069      263.28709      816.66745      4774.9444     -4944.026      -626.38812      68874.727      40.990822      40.990822      40.990822      1.2309159      15687.506      15588.812      15362.234    
     67000   67000          302.40438      17233.292      30406.142      13012.863      7084.1813      5928.6815      3643.3003      3719.5783     -2302.0615      279.96507      740.49732      4786.5518     -4939.1499     -623.39895      69204.979      41.056234      41.056234      41.056234      1.2250419      16916.214      16783.238      18000.424    
     68000   68000          302.04615      15689.123      28837.17       12956.227      7075.7893      5880.4381      3545.9593      3781.3481     -2260.2616      268.09048      703.55482      4783.2105     -4941.4634     -621.58665      69406.753      41.096097      41.096097      41.096097      1.2214805      15094.268      15427.108      16545.992    
     69000   69000          296.79385      14966.932      28063.283      12902.754      6952.7479      5950.0056      3643.1871      3812.4138     -2328.6358      276.85224      689.48088      4791.5929     -4934.8856     -621.15174      69455.349      41.105686      41.105686      41.105686      1.2206259      14421.468      14458.559      16020.768    
     70000   70000          302.6186       14293.787      27573.079      13063.797      7089.1997      5974.597       3567.2827      3749.2446     -2197.9429      277.44136      731.65133      4784.3686     -4937.4488     -619.84153      69602.163      41.134628      41.134628      41.134628      1.2180512      14586.868      14427.754      13866.737    
     71000   71000          297.31065      16065.931      29069.151      12720.151      6964.8547      5755.2964      3560.0634      3770.5786     -2376.7225      269.15379      676.34291      4791.4854     -4935.6052     -618.29255      69776.534      41.168951      41.168951      41.168951      1.2150073      17632.323      16607.767      13957.705    
     72000   72000          303.75055      14285.967      27499.44       12857.578      7115.7168      5741.861       3580.2623      3718.4742     -2316.6221      268.42406      637.3354       4787.1581     -4933.171      -613.89293      70276.605      41.267066      41.267066      41.267066      1.2063616      15139.961      13281.865      14436.076    
     73000   73000          296.74522      14519.246      27559.672      12688.695      6951.6089      5737.0859      3672.6979      3722.0022     -2345.4424      271.80863      562.18065      4789.7174     -4935.8785     -614.30472      70229.497      41.257843      41.257843      41.257843      1.2071708      16475.114      12752.277      14330.348    
     74000   74000          299.69942      12817.447      25902.305      12678.585      7020.8144      5657.7706      3633.0219      3706.0679     -2312.4909      258.40887      507.32656      4796.3128     -4930.8765     -609.8558       70741.823      41.357926      41.357926      41.357926      1.1984282      11086.131      13109.058      14257.151    
     75000   75000          304.0617       13787.291      26967.431      12756.157      7123.006       5633.1509      3542.8911      3711.4559     -2313.276       280.53279      556.63566      4788.6638     -4933.7523     -610.41506      70677.01       41.345291      41.345291      41.345291      1.1995272      14413.509      13130.476      13817.89     
     76000   76000          297.94834      12183.363      25258.413      12648.107      6979.7932      5668.3137      3593.2651      3758.5085     -2300.1217      269.68541      483.80988      4792.7758     -4929.6093     -607.8842       70971.266      41.402591      41.402591      41.402591      1.1945538      10921.804      12539.155      13089.13     
     77000   77000          299.43325      13038.992      26208.76       12619.641      7014.5791      5605.0616      3578.6125      3784.4383     -2370.2918      265.79952      493.4382       4785.5742     -4932.5093     -603.71503      71461.383      41.497679      41.497679      41.497679      1.186361       12404.93       13519.469      13192.577    
     78000   78000          299.0482       11356.002      24519.383      12707.32       7005.5588      5701.7617      3609.7489      3828.7353     -2292.2601      262.31455      433.05183      4790.0712     -4929.9        -604.89363      71322.145      41.470709      41.470709      41.470709      1.1886771      11913.431      11259.513      10895.062    
     79000   79000          301.26309      10725.751      23987.544      12751.27       7057.4452      5693.8251      3682.0136      3754.8864     -2271.6333      280.61273      376.44001      4794.0192     -4922.5136     -600.59911      71832.126      41.569319      41.569319      41.569319      1.1802379      10237.908      10423.663      11515.681    
     80000   80000          299.91171      10009.865      23010.816      12483.777      7025.7876      5457.9898      3540.9862      3728.5897     -2304.7104      268.08596      358.48735      4790.8277     -4924.2767     -598.27559      72111.1        41.623063      41.623063      41.623063      1.1756719      10093.73       10734.988      9200.8766    
     81000   81000          303.60351      8624.864       21681.103      12565.26       7112.2723      5452.9873      3606.977       3694.5359     -2310.502       262.48932      325.88385      4798.3384     -4924.7352     -595.29837      72471.744      41.692337      41.692337      41.692337      1.1698214      9366.2425      8106.102       8402.2476    
     82000   82000          298.15417      8741.1144      21742.71       12481.4        6984.6151      5496.7853      3593.7628      3745.7714     -2277.5621      271.33672      293.97392      4792.9261     -4923.4236     -593.84582      72649.011      41.726302      41.726302      41.726302      1.166967       9047.8837      8505.7705      8669.6891    
     83000   83000          300.04896      8528.9455      21655.621      12580.518      7029.0029      5551.5155      3697.1363      3702.001      -2288.5431      265.72062      318.74256      4780.4708     -4924.0126     -591.32072      72959.241      41.785612      41.785612      41.785612      1.1620049      9851.0297      8703.5412      7032.2656    
     84000   84000          301.48527      9286.8836      22360.409      12408.257      7062.65        5345.6069      3665.5008      3651.8601     -2393.9497      262.78548      286.54941      4795.3989     -4922.5382     -587.1273       73480.336      41.884858      41.884858      41.884858      1.1537644      9129.1154      9165.2251      9566.3103    
     85000   85000          295.61794      8006.1278      21070.147      12450.064      6925.2009      5524.8627      3695.6635      3687.7963     -2333.6403      274.23498      319.018        4796.8582     -4915.0679     -584.37331      73826.628      41.950552      41.950552      41.950552      1.1483526      7564.695       8798.3313      7655.3571    
     86000   86000          300.08904      6628.8351      19515.286      12310.56       7029.9416      5280.6179      3613.128       3683.4106     -2332.5048      260.96787      183.92429      4788.1006     -4916.4088     -578.89391      74525.418      42.082494      42.082494      42.082494      1.137585       4814.6725      7143.3219      7928.5108    
     87000   87000          301.10655      6839.4083      19844.826      12371.253      7053.7781      5317.4753      3597.9829      3739.301      -2346.48        261.62238      195.76396      4789.5827     -4920.2977     -575.79722      74926.223      42.157801      42.157801      42.157801      1.1314997      5991.3728      6814.0512      7712.801     
     88000   88000          301.50269      7627.8238      20830.641      12464.428      7063.0581      5401.3703      3694.3682      3724.2175     -2370.4776      269.14349      191.62364      4802.6445     -4910.1493     -573.65536      75205.976      42.210204      42.210204      42.210204      1.1272907      7646.3672      7671.124       7565.9803    
     89000   89000          297.18884      5725.8008      18602.059      12281.828      6962.0012      5319.8264      3622.3989      3785.0334     -2350.6359      266.14634      124.31664      4790.3822     -4917.8153     -570.01011      75686.922      42.299992      42.299992      42.299992      1.1201274      5481.1444      4643.7987      7052.4592    
     90000   90000          297.91261      5771.5552      18772.745      12353.337      6978.9563      5374.381       3629.5564      3812.3412     -2335.7415      263.62137      127.1084       4789.0866     -4911.5915     -565.68826      76265.169      42.407442      42.407442      42.407442      1.1116345      3769.6428      6475.763       7069.2598    
     91000   91000          302.01665      3029.3638      15844.67       12465.628      7075.0983      5390.5296      3689.0192      3732.9141     -2259.845       265.02636      84.871062      4791.0291     -4912.4852     -564.07531      76483.247      42.447825      42.447825      42.447825      1.1084649      3860.3857      1735.8087      3491.8971    
     92000   92000          295.99052      3226.9019      15720          12090.414      6933.9291      5156.4852      3588.3151      3702.8475     -2359.8604      261.13175      78.367894      4792.7244     -4907.041      -559.38139      77125.038      42.566224      42.566224      42.566224      1.0992409      4688.7057      1892.0648      3099.9351    
     93000   93000          299.36877      3527.3894      16333.409      12334.426      7013.0685      5321.3574      3728.5683      3681.6291     -2329.7033      267.84112      76.504287      4802.7715     -4906.2536     -554.98736      77735.664      42.678266      42.678266      42.678266      1.0906062      4195.8772      2779.2961      3606.9948    
     94000   94000          294.59592      3489.7511      16187.355      12194.72       6901.2589      5293.4609      3674.4915      3660.6802     -2288.7201      261.18454      87.75964       4797.3535     -4899.2884     -549.93852      78449.335      42.808475      42.808475      42.808475      1.0806847      3894.9893      3701.0491      2873.2149    
     95000   95000          301.74925      3467.1131      16327.389      12332.716      7068.8341      5263.8816      3556.7135      3675.2665     -2283.1639      276.78972      152.83665      4787.1152     -4901.676      -546.09229      79001.868      42.908742      42.908742      42.908742      1.0731265      3636.6756      3072.1042      3692.5596    
     96000   96000          297.17443      2627.2613      15366.513      12300.073      6961.6635      5338.4091      3571.5806      3732.7683     -2271.5698      276.94807      131.87216      4791.8393     -4895.0295     -539.07356      80030.471      43.094164      43.094164      43.094164      1.059334       3089.7997      2787.1742      2004.8098    
     97000   97000          298.5557       1184.9706      13592.514      12183.507      6994.0214      5189.4854      3623.1332      3597.5379     -2316.5801      268.13035      122.53365      4787.2672     -4892.5368     -529.1436       81532.33       43.362065      43.362065      43.362065      1.0398206      1766.4569      581.46208      1206.9928    
     98000   98000          300.32809      195.81081      12552.948      12317.79       7035.5418      5282.2478      3606.5627      3678.2579     -2254.2295      261.11158      86.13969       4791.898      -4887.4926     -523.90753      82347.186      43.506043      43.506043      43.506043      1.0295312      1582.3389     -203.54176     -791.36465    
     99000   99000          296.02318      1482.2704      14160.385      12353.401      6934.6942      5418.7069      3682.0306      3740.3229     -2355.9131      273.52078      181.79021      4783.7676     -4886.8122     -516.12216      83589.341      43.723706      43.723706      43.723706      1.0142321      2101.04       -7.1731343      2352.9443    
    100000   100000         300.15718      418.53016      12838.151      12319.193      7031.5381      5287.655       3654.5483      3577.6967     -2282.2075      263.61509      163.25137      4788.9076     -4878.1565     -507.42747      85021.632      43.972026      43.972026      43.972026      0.9971462      461.76423     -841.39325      1635.2195    
Loop time of 492.31 on 1 procs for 100000 steps with 7860 atoms

Performance: 17.550 ns/day, 1.368 hours/ns, 203.124 timesteps/s, 1.597 Matom-step/s
100.0% CPU use with 1 MPI tasks x 1 OpenMP threads

MPI task timing breakdown:
Section |  min time  |  avg time  |  max time  |%varavg| %total
---------------------------------------------------------------
Pair    | 264.95     | 264.95     | 264.95     |   0.0 | 53.82
Bond    | 72.98      | 72.98      | 72.98      |   0.0 | 14.82
Kspace  | 83.81      | 83.81      | 83.81      |   0.0 | 17.02
Neigh   | 31.274     | 31.274     | 31.274     |   0.0 |  6.35
Comm    | 2.2561     | 2.2561     | 2.2561     |   0.0 |  0.46
Output  | 1.5254     | 1.5254     | 1.5254     |   0.0 |  0.31
Modify  | 26.875     | 26.875     | 26.875     |   0.0 |  5.46
Other   |            | 8.644      |            |       |  1.76

Nlocal:           7860 ave        7860 max        7860 min
Histogram: 1 0 0 0 0 0 0 0 0 0
Nghost:          19837 ave       19837 max       19837 min
Histogram: 1 0 0 0 0 0 0 0 0 0
Neighs:              0 ave           0 max           0 min
Histogram: 1 0 0 0 0 0 0 0 0 0
FullNghs:  4.62525e+06 ave 4.62525e+06 max 4.62525e+06 min
Histogram: 1 0 0 0 0 0 0 0 0 0

Total # of neighbors = 4625246
Ave neighs/atom = 588.45369
Ave special neighs/atom = 5.8625954
Neighbor list builds = 2230
Dangerous builds = 0

# --- Cleanup ---
unfix npt_fix

undump dump_npt

# --- Write Output ---
write_dump all custom npt_ff_activate_last.dump id type mol x y z xu yu zu vx vy vz modify sort id
write_data /home/arz2/PolyJarvis_v2/data/aPS_3/attempts/equilibration/attempt-0001/work/npt_ff_activate/npt_ff_activate_out.data
System init for write_data ...
PPPM Kokkos initialization ...
  using 12-bit tables for long-range coulomb
  G vector (1/distance) = 0.29698488
  grid = 30 30 30
  stencil order = 5
  estimated absolute RMS force accuracy = 0.00036592228
  estimated relative force accuracy = 1.1019641e-06
  using double precision cuFFT
  3d grid and FFT values/proc = 50653 27000
Generated 6 of 6 mixed pair_coeff terms from sixthpower/sixthpower mixing rule
write_restart /home/arz2/PolyJarvis_v2/data/aPS_3/attempts/equilibration/attempt-0001/work/npt_ff_activate/npt_ff_activate_out.restart
System init for write_restart ...
PPPM Kokkos initialization ...
  using 12-bit tables for long-range coulomb
  G vector (1/distance) = 0.29698488
  grid = 30 30 30
  stencil order = 5
  estimated absolute RMS force accuracy = 0.00036592228
  estimated relative force accuracy = 1.1019641e-06
  using double precision cuFFT
  3d grid and FFT values/proc = 50653 27000
Generated 6 of 6 mixed pair_coeff terms from sixthpower/sixthpower mixing rule

print "STAGE COMPLETE: NPT T=300.0->300.0K P=50000.0->1.0atm steps=100000"
STAGE COMPLETE: NPT T=300.0->300.0K P=50000.0->1.0atm steps=100000
quit
