units real
atom_style full
boundary p p p

# --- Force Field Styles ---
pair_style lj/class2/coul/long 9.5 9.5
kspace_style pppm 1e-6
dielectric 1.000000
bond_style class2
angle_style class2
dihedral_style class2
improper_style class2
special_bonds lj/coul 0 0 1
pair_modify mix sixthpower tail yes
neighbor 2.0 bin
neigh_modify delay 0 every 1 check yes
neigh_modify one 4000
# KOKKOS: package loaded via -pk kokkos on the command line

read_data /home/alexzhao/PolyJarvis/data/PEEK_3/attempts/cooling/attempt-0001/work/cool_block_16/cool_block_16_out.data
Reading data file ...
  orthogonal box = (4.5370119 4.5370119 4.5370119) to (46.200968 46.200968 46.200968)
  1 by 1 by 1 MPI processor grid
  reading atoms ...
  6140 atoms
  reading velocities ...
  6140 velocities
  scanning bonds ...
  3 = max bonds/atom
  scanning angles ...
  9 = max angles/atom
  scanning dihedrals ...
  18 = max dihedrals/atom
  scanning impropers ...
  4 = max impropers/atom
  orthogonal box = (4.5370119 4.5370119 4.5370119) to (46.200968 46.200968 46.200968)
  1 by 1 by 1 MPI processor grid
  reading bonds ...
  6670 bonds
  reading angles ...
  10620 angles
  reading dihedrals ...
  15820 dihedrals
  reading impropers ...
  3420 impropers
Finding 1-2 1-3 1-4 neighbors ...
  special bond factors lj:    0        0        1       
  special bond factors coul:  0        0        1       
     3 = max # of 1-2 neighbors
     6 = max # of 1-3 neighbors
     9 = max # of special neighbors
  special bonds CPU = 0.003 seconds
  read_data CPU = 0.196 seconds


# --- Thermo Output ---
thermo_style custom step time temp press enthalpy etotal ke pe ebond eangle edihed eimp evdwl ecoul elong etail vol lx ly lz density pxx pyy pzz
thermo_modify flush yes
thermo 1000

# --- Trajectory ---
dump dump_npt all custom 1000 cool_block_17.dump id type mol x y z ix iy iz vx vy vz


# --- Restart Checkpointing ---
restart 10000 npt_1.rst npt_2.rst

# --- Initial Velocities (optional) ---
# Velocities read from data file

# --- SHAKE Constraints ---
# SHAKE disabled

# --- NPT Thermostat + Barostat (Nose-Hoover) ---
# T_damp = 100.0 fs  (heat bath coupling)
# P_damp = 1000.0 fs  (pressure bath coupling, ~10x T_damp typical)
# Ramp: T=370.0->345.0K  P=1.0->1.0atm
timestep 1.0
fix npt_fix all npt temp 370.0 345.0 100.0 iso 1.0 1.0 1000.0

run 250000
PPPM Kokkos initialization ...
  using 12-bit tables for long-range coulomb
  G vector (1/distance) = 0.30690496
  grid = 32 32 32
  stencil order = 5
  estimated absolute RMS force accuracy = 0.00038375517
  estimated relative force accuracy = 1.1556673e-06
  using double precision cuFFT
  3d grid and FFT values/proc = 59319 32768
Generated 21 of 21 mixed pair_coeff terms from sixthpower/sixthpower mixing rule
Neighbor list info ...
  update: every = 1 steps, delay = 0 steps, check = yes
  max neighbors/atom: 4000, page size: 100000
  master list distance cutoff = 11.5
  ghost atom cutoff = 11.5
  binsize = 11.5, bins = 4 4 4
  1 neighbor lists, perpetual/occasional/extra = 1 0 0
  (1) pair lj/class2/coul/long/kk, perpetual
      attributes: full, newton off, kokkos_device
      pair build: full/bin/kk/device
      stencil: full/bin/3d
      bin: kk/device
Per MPI rank memory allocation (min/avg/max) = 28.62 | 28.62 | 28.62 Mbytes
   Step          Time           Temp          Press         Enthalpy        TotEng         KinEng         PotEng         E_bond        E_angle        E_dihed        E_impro         E_vdwl         E_coul         E_long         E_tail         Volume           Lx             Ly             Lz          Density          Pxx            Pyy            Pzz      
         0   0              372.73623     -886.74549      20735.861      21671.173      6820.7722      14850.401      3324.491       4415.8227      3951.2056      378.24531     -881.68746      11078.111     -7415.7868     -549.76544      72323.848      41.663956      41.663956      41.663956      1.1919607     -1509.3562     -222.85342     -928.02685    
      1000   1000           371.5021      -408.64362      21355.796      21787.481      6798.1887      14989.292      3317.7575      4394.9559      4169.0532      390.62147     -944.72495      11081.699     -7420.0701     -548.92385      72434.732      41.685238      41.685238      41.685238      1.190136      -905.04248      838.39123     -1159.2796    
      2000   2000           367.56298      381.76002      22070.172      21669.441      6726.1059      14943.335      3332.8912      4358.5443      4084.5667      388.8989      -892.07658      11087.02      -7416.5098     -552.42323      71975.887      41.597032      41.597032      41.597032      1.1977231      653.45516      193.15673      298.66816    
      3000   3000           369.31596      540.56782      22223.52       21652.233      6758.184       14894.049      3324.2987      4402.7682      3998.6864      379.99232     -861.00434      11068.494     -7419.186      -548.69516      72464.922      41.691029      41.691029      41.691029      1.1896402      1655.3699     -522.27779      488.61137    
      4000   4000           371.30178     -91.106024      21724.216      21820.866      6794.5229      15026.343      3348.0672      4407.7641      4073.3002      386.09723     -852.47311      11080.851     -7417.2635     -546.61387      72740.84       41.743876      41.743876      41.743876      1.1851277      1329.1027     -839.91474     -762.50604    
      5000   5000           366.60868      268.87468      21870.607      21585.896      6708.6429      14877.254      3255.5246      4382.7796      4066.6527      372.28033     -869.03867      11085.936     -7416.8806     -547.62333      72606.754      41.718211      41.718211      41.718211      1.1873163      1863.2413     -262.92126     -793.69596    
      6000   6000           370.9338      -860.2582       20902.722      21811.326      6787.7892      15023.536      3328.2987      4394.9654      4174.3206      375.40857     -910.55511      11077.444     -7416.3459     -549.02152      72421.846      41.682766      41.682766      41.682766      1.1903478     -3354.401       588.83204      184.79431    
      7000   7000           367.99018     -132.92552      21476.552      21617.136      6733.9234      14883.213      3270.1771      4364.7849      4089.2195      380.75962     -878.44134      11072.316     -7415.6034     -548.2879       72518.748      41.701349      41.701349      41.701349      1.1887572     -1083.8947     -55.004964      740.12315    
      8000   8000           368.86803     -1824.5856      19560.332      21485.198      6749.9873      14735.211      3197.7612      4413.4231      4055.1401      359.00879     -952.77309      11080.981     -7418.33       -549.66546      72337.003      41.666482      41.666482      41.666482      1.1917439     -538.36272     -2702.6775     -2232.7165    
      9000   9000           365.815        966.47688      22597.25       21578.625      6694.1192      14884.505      3366.7343      4394.0204      3978.8805      377.63997     -901.24673      11084.822     -7416.345      -550.18876      72268.201      41.653268      41.653268      41.653268      1.1928785      1187.4469      835.26862      876.71512    
     10000   10000          372.58099      1051.6164      22828.318      21719.359      6817.9315      14901.427      3354.925       4378.4069      4009.4535      369.46397     -878.04699      11084.164     -7416.9385     -549.89086      72307.352      41.660788      41.660788      41.660788      1.1922326      1166.2449      2359.8593     -371.2549     
     11000   11000          369.30358      643.18898      22258.438      21579.483      6757.9575      14821.526      3305.1392      4413.2293      3953.5622      363.85143     -872.46265      11079.024     -7420.8177     -549.32891      72381.321      41.67499       41.67499       41.67499       1.1910142      2160.8925     -353.441        122.1154     
     12000   12000          364.46753      265.00519      21853.798      21574.545      6669.4616      14905.084      3332.1124      4422.0385      3997.5965      361.54045     -871.15456      11080.787     -7417.837      -550.29034      72254.86       41.650705      41.650705      41.650705      1.1930987      1226.6811     -368.82558     -62.839946    
     13000   13000          371.69551      1193.8393      22985.576      21725.088      6801.7278      14923.36       3384.9081      4403.8767      3986.8613      383.02536     -889.65171      11074.039     -7419.6983     -549.21446      72396.404      41.677884      41.677884      41.677884      1.1907661      734.75061      937.76992      1908.9973    
     14000   14000          365.08914      2216.8402      23801.511      21462.201      6680.8366      14781.364      3314.7584      4314.8885      3993.1226      367.87975     -878.2154       11086.918     -7417.9877     -549.51734      72356.502      41.670226      41.670226      41.670226      1.1914228      2805.0457      2018.1519      1827.3231    
     15000   15000          364.3909      -2052.5234      19470.396      21649.879      6668.0594      14981.82       3316.1627      4379.0226      4126.1707      370.85968     -874.3587       11084.39      -7420.4275     -546.09667      72809.732      41.75705       41.75705       41.75705       1.1840063     -1564.3506     -2144.9442     -2448.2753    
     16000   16000          364.8865      -361.79381      21230.164      21616.034      6677.1285      14938.906      3218.9885      4482.5896      4017.2476      381.84266     -817.21223      11074.598     -7419.1485     -543.69414      73131.47       41.818466      41.818466      41.818466      1.1787973     -1924.1273      23.944302      814.80153    
     17000   17000          362.45226     -1157.512       20234.744      21463.047      6632.5838      14830.463      3157.8188      4474.4199      4008.4059      389.19726     -866.05674      11086.089     -7419.4116     -546.45586      72761.873      41.747899      41.747899      41.747899      1.1847851     -36.863244     -2287.3842     -1148.2884    
     18000   18000          374.81802     -470.33385      21173.409      21673.543      6858.8673      14814.676      3281.826       4360.8453      3982.6306      366.36688     -852.81084      11089.435     -7413.6164     -545.32414      72912.877      41.776759      41.776759      41.776759      1.1823314      263.42062     -335.70218     -1338.72      
     19000   19000          367.98253     -1662.2148      19864.907      21629.319      6733.7833      14895.536      3258.5575      4343.4892      4110.4663      379.33802     -850.91798      11070.315     -7415.7122     -546.28824      72784.199      41.752168      41.752168      41.752168      1.1844217     -50.443314     -949.05928     -3987.1417    
     20000   20000          363.69505      680.94304      22188.434      21471.46       6655.3258      14816.134      3321.397       4440.3439      3865.9005      366.2899      -864.94996      11100.205     -7413.0517     -550.7349       72196.535      41.639495      41.639495      41.639495      1.1940626      247.59611      683.83332      1111.3997    
     21000   21000          365.3966      -111.78801      21464.301      21582.485      6686.4628      14896.022      3344.8998      4352.8645      4008.4314      383.34336     -851.01723      11072.996     -7415.4951     -548.49322      72491.602      41.696144      41.696144      41.696144      1.1892023     -595.12157      560.90888     -301.15133    
     22000   22000          372.74633     -228.26133      21526.857      21768.774      6820.9569      14947.817      3313.1664      4446.0128      4020.5327      374.42783     -862.327        11074.096     -7418.0914     -547.14317      72670.471      41.730411      41.730411      41.730411      1.1862753      255.19452      806.20196     -1746.1805    
     23000   23000          367.59458     -378.45532      21265.157      21666.828      6726.6842      14940.143      3362.6609      4360.7734      4021.8449      364.36506     -820.88283      11074.12      -7422.7378     -546.36108      72774.495      41.750313      41.750313      41.750313      1.1845796     -137.44768     -294.1359      -703.78238    
     24000   24000          368.33935      1039.3021      22657.797      21557.881      6740.3127      14817.568      3200.0517      4435.6004      4011.6587      353.57897     -846.74373      11082.167     -7418.7446     -547.92016      72567.419      41.710676      41.710676      41.710676      1.1879599      1862.2771      377.02613      878.60302    
     25000   25000          368.12651      551.97804      22203.655      21620.264      6736.4181      14883.846      3281.7743      4435.6358      3977.8935      388.47446     -854.7534       11074.922     -7420.1003     -548.65196      72470.628      41.692123      41.692123      41.692123      1.1895465     -813.31811     -132.67874      2601.931     
     26000   26000          372.92322      705.92953      22436.746      21686.108      6824.194       14861.914      3296.2058      4401.2933      3924.9317      378.93636     -803.97924      11077.823     -7413.2968     -545.33758      72911.08       41.776416      41.776416      41.776416      1.1823605      350.17081      87.863521      1679.7543    
     27000   27000          368.29011      99.844359      21748.986      21643.156      6739.4118      14903.745      3332.804       4366.655       4007.9209      385.03009     -849.24945      11077.373     -7416.7891     -547.08149      72678.664      41.731979      41.731979      41.731979      1.1861415     -493.34539     -474.17608      1267.0546    
     28000   28000          366.09085     -1187.1959      20227.492      21480.265      6699.1671      14781.098      3198.2422      4367.492       4097.4157      385.11336     -916.9009       11069.881     -7420.1446     -549.52156      72355.945      41.670119      41.670119      41.670119      1.1914319     -2782.5697     -947.47914      168.46118    
     29000   29000          373.60219      1224.7564      23167.511      21876.741      6836.6185      15040.122      3342.4367      4418.9472      4024.5671      370.58379     -770.81808      11075.332     -7420.9268     -550.21895      72264.236      41.652506      41.652506      41.652506      1.1929439      905.63797     -213.65857      2982.2897    
     30000   30000          365.88348      1180.5011      22791.21       21541.469      6695.3724      14846.097      3287.773       4374.4333      3952.4173      384.89928     -801.2785       11069.201     -7421.3489     -547.74844      72590.169      41.715034      41.715034      41.715034      1.1875876      2221.886       2048.7236     -729.10618    
     31000   31000          365.07815      1355.3263      22903.622      21469.183      6680.6355      14788.547      3243.2062      4397.0986      3939.994       365.77694     -831.05658      11092.651     -7419.1232     -547.89396      72570.889      41.711341      41.711341      41.711341      1.1879031      1131.7891      2178.2732      755.91668    
     32000   32000          370.92027      464.96234      22067.143      21577.861      6787.5416      14790.32       3245.6903      4344.4891      4057.5645      373.46602     -904.78         11095.28      -7421.3904     -551.05349      72154.796      41.631469      41.631469      41.631469      1.1947533      1085.9622     -146.74774      455.67256    
     33000   33000          368.04762     -923.23833      20652.631      21627.803      6734.9743      14892.829      3266.2488      4366.2655      4052.6683      382.91241     -832.27181      11074.535     -7417.5295     -548.99396      72425.481      41.683463      41.683463      41.683463      1.190288      -1917.9028      295.57896     -1147.3911    
     34000   34000          366.27738     -1541.9036      20095.775      21736.32       6702.5804      15033.74       3266.987       4444.957       4119.2264      384.86806     -844.4726       11081.422     -7419.2474     -545.00923      72955.007      41.784804      41.784804      41.784804      1.1816486     -1547.7578     -910.87041     -2167.0826    
     35000   35000          364.97312     -616.33987      20880.677      21529.893      6678.7135      14851.179      3229.8114      4410.0524      4039.7824      375.71873     -883.17583      11098.77      -7419.7803     -550.51139      72225.848      41.64513       41.64513       41.64513       1.193578       224.50131     -1150.6986     -922.82237    
     36000   36000          368.36607     -604.9685       20986.893      21626.673      6740.8017      14885.872      3240.639       4424.4969      4032.4641      370.73847     -822.35722      11061.964     -7422.0731     -548.32367      72514.017      41.700442      41.700442      41.700442      1.1888347     -806.85559     -522.2562      -485.79372    
     37000   37000          366.46467      251.92128      21897.315      21630.522      6706.0076      14924.515      3344.339       4418.031       3964.4781      360.58414     -804.6432       11062.929     -7421.2037     -547.5521       72616.198      41.720019      41.720019      41.720019      1.1871619      294.09339      896.47141     -434.80095    
     38000   38000          368.83862     -1359.9689      20095.467      21540.692      6749.4491      14791.243      3115.1178      4429.9611      4061.9853      368.09123     -852.82851      11086.339     -7417.4232     -545.66769      72866.971      41.76799       41.76799       41.76799       1.1830762      933.63592     -2046.341      -2967.2015    
     39000   39000          366.14848     -59.715406      21562.107      21625.549      6700.2217      14925.327      3325.6744      4412.7762      4010.7093      355.74316     -844.73679      11083.139     -7417.9783     -545.8096       72848.026      41.764369      41.764369      41.764369      1.1833839     -1926.4811      1432.293       315.04188    
     40000   40000          365.55331      710.90481      22246.09       21496.664      6689.3306      14807.333      3198.5525      4337.0588      4063.4874      361.04526     -816.93484      11079.732     -7415.6082     -550.06957      72283.861      41.656276      41.656276      41.656276      1.1926201      834.1078       508.49245      790.11418    
     41000   41000          370.18267      988.52895      22717.684      21672.728      6774.044       14898.684      3292.8563      4380.4057      4051.2813      367.21971     -852.54309      11078.509     -7419.0448     -548.56268      72482.422      41.694384      41.694384      41.694384      1.189353       1949.8916     -265.55214      1281.2474    
     42000   42000          367.35863      1607.0562      23186.421      21485.245      6722.3664      14762.878      3250.4036      4401.6612      3945.7837      365.69106     -863.62919      11081.178     -7418.2105     -547.79326      72584.23       41.713896      41.713896      41.713896      1.1876847      541.19038      4366.174      -86.195819    
     43000   43000          371.98976      214.82268      21723.806      21495.731      6807.1123      14688.618      3263.4154      4298.305       3956.4705      362.71812     -845.84759      11074.273     -7420.7162     -546.18059      72798.544      41.754911      41.754911      41.754911      1.1841883      703.12521      679.86001     -738.51717    
     44000   44000          369.70652      451.97074      22204.308      21723.205      6765.331       14957.874      3274.6603      4485.9745      3974.8193      365.94531     -810.36404      11084.644     -7417.8046     -544.76305      72987.975      41.791097      41.791097      41.791097      1.1811149     -1005.8546      1305.8332      1055.9337    
     45000   45000          364.54781      429.10938      21857.012      21402.737      6670.9308      14731.806      3208.7466      4398.391       3954.546       383.91423     -879.35966      11081.963     -7416.395      -547.75248      72589.633      41.714931      41.714931      41.714931      1.1875963      640.72366     -235.25217      881.85664    
     46000   46000          361.46692      1030.4495      22510.369      21416.262      6614.5528      14801.71       3255.7772      4398.4507      3942.8139      380.33927     -826.0402       11071.119     -7420.7502     -546.13754      72804.283      41.756008      41.756008      41.756008      1.1840949      36.845693      936.94018      2117.5627    
     47000   47000          369.76678      280.64678      21952.471      21657.163      6766.4336      14890.729      3276.1123      4401.8949      4092.3323      383.30013     -929.59305      11082.35      -7415.6677     -551.08674      72150.442      41.630632      41.630632      41.630632      1.1948254      1726.9386     -190.84201     -694.15627    
     48000   48000          365.27802      232.52046      21904.551      21658.519      6684.293       14974.226      3218.6488      4483.7113      4036.0292      392.58854     -812.01964      11075.476     -7420.2083     -548.02854      72553.068      41.707926      41.707926      41.707926      1.1881949      282.50834      627.28074     -212.22769    
     49000   49000          364.43182     -593.97709      20864.552      21493.52       6668.8081      14824.712      3199.7601      4322.6406      4047.8452      386.55703     -801.64176      11087.124     -7417.5733     -547.6158       72607.752      41.718402      41.718402      41.718402      1.1873         516.85903      8.3661845     -2307.1565    
     50000   50000          364.78369      2.7045022      21570.277      21567.412      6675.247       14892.165      3258.3294      4379.1278      4125.2502      368.98415     -891.20309      11068.808     -7417.1314     -547.41222      72634.754      41.723573      41.723573      41.723573      1.1868586     -1099.132       157.78517      949.46032    
     51000   51000          361.42127      930.17851      22460.834      21466.834      6613.7175      14853.117      3278.9815      4367.3929      3933.6021      357.42094     -762.67733      11094.822     -7416.4253     -542.64391      73273.009      41.845427      41.845427      41.845427      1.1765203      276.02605      393.83371      2120.6758    
     52000   52000          367.58489      139.34264      21788.893      21640.857      6726.5069      14914.35       3348.3903      4353.0276      3992.8517      376.65187     -821.62533      11082.134     -7417.0797     -545.82026      72846.603      41.764098      41.764098      41.764098      1.183407       1486.3766     -534.63124     -533.71743    
     53000   53000          361.2558       367.67081      21838.25       21449.869      6610.6896      14839.179      3314.2272      4356.0117      3956.4176      379.11114     -830.16604      11082.695     -7419.1173     -548.95428      72430.717      41.684468      41.684468      41.684468      1.190202       369.69735      372.96294      360.35215    
     54000   54000          368.80154      534.15246      22194.319      21629.392      6748.7705      14880.621      3309.0575      4406.2552      3977.6961      385.23626     -858.67059      11079.848     -7418.801      -548.28675      72518.9        41.701378      41.701378      41.701378      1.1887547      1769.1169     -1457.2836      1290.6241    
     55000   55000          369.61794     -171.15706      21390.745      21571.045      6763.7099      14807.335      3248.4664      4302.3239      4153.9402      384.27229     -932.74228      11071.808     -7420.7336     -550.47003      72231.275      41.646172      41.646172      41.646172      1.1934883      219.38165     -2390.2891      1657.4363    
     56000   56000          363.62223      1833.5058      23341.479      21409.371      6653.9933      14755.377      3190.5812      4382.2491      4016.7473      366.27049     -865.2721       11083.498     -7418.6963     -550.28229      72255.918      41.650908      41.650908      41.650908      1.1930813      1223.3696      1786.4072      2490.7406    
     57000   57000          365.97496     -1950.8347      19410.334      21480.908      6697.0463      14783.862      3175.0723      4384.8635      4066.6912      368.77706     -858.61817      11068.71      -7421.6334     -546.34197      72777.04       41.7508        41.7508        41.7508        1.1845382     -2089.616      -1718.0557     -2044.8325    
     58000   58000          363.48153     -495.80989      20925.001      21451.092      6651.4186      14799.673      3229.6937      4369.7912      4065.6451      356.69881     -879.11795      11072.99      -7416.0277     -546.49922      72756.1        41.746795      41.746795      41.746795      1.1848791     -714.75463      857.65521     -1630.3302    
     59000   59000          367.66983      684.71984      22255.35       21539.955      6728.0612      14811.894      3288.7808      4357.4667      4040.3347      377.48013     -926.30028      11088.85      -7414.7179     -555.01132      71640.254      41.532274      41.532274      41.532274      1.2033344      1310.3316      752.81372     -8.985756     
     60000   60000          359.5982      -558.37676      20697.306      21287.087      6580.3569      14706.73       3231.0571      4303.801       4024.8742      358.12831     -864.69387      11070.24      -7416.676      -548.99904      72424.811      41.683335      41.683335      41.683335      1.190299       695.69306     -3559.5903      1188.767     
     61000   61000          362.73009     -1030.8287      20373.731      21469.322      6637.6679      14831.654      3268.8237      4417.9159      3999.3298      354.64199     -860.01197      11073.421     -7422.4656     -545.59809      72876.267      41.769766      41.769766      41.769766      1.1829253     -1114.5506      195.5235      -2173.4591    
     62000   62000          365.1292       435.46456      21994.324      21534.041      6681.5696      14852.472      3284.0288      4400.7347      3982.1082      377.69948     -850.14162      11074.56      -7416.5178     -548.60888      72476.319      41.693214      41.693214      41.693214      1.1894531      1425.2474      540.97401     -659.82773    
     63000   63000          362.17464     -725.36384      20772.068      21543.925      6627.5036      14916.421      3223.9362      4387.9473      4096.3388      375.28727     -839.35776      11089.2       -7416.9306     -544.94691      72963.35       41.786397      41.786397      41.786397      1.1815135     -1756.6456     -437.56684      18.120905    
     64000   64000          365.69699     -429.91438      21049.824      21505.988      6691.9598      14814.028      3216.007       4374.928       4039.1977      383.1584      -859.68007      11076.176     -7415.7585     -546.50651      72755.13       41.746609      41.746609      41.746609      1.1848949     -1238.4769      335.18804     -386.45429    
     65000   65000          370.76024     -443.55727      21171.857      21641.185      6784.6131      14856.571      3191.6574      4424.9471      4084.769       348.09948     -863.54475      11086.321     -7415.678      -548.03549      72552.148      41.70775       41.70775       41.70775       1.1882099     -323.46479     -2076.2152      1069.0082    
     66000   66000          365.6308      -3115.0188      18135.936      21455.384      6690.7485      14764.635      3261.6597      4344.8501      4058.0333      367.69947     -933.63953      11080.271     -7414.2393     -544.16381      73068.35       41.806432      41.806432      41.806432      1.1798156     -3175.8201     -2630.4591     -3538.7774    
     67000   67000          363.67972     -232.04049      21205.54       21451.522      6655.0453      14796.477      3187.7106      4409.7472      4036.5261      373.01795     -890.72724      11097.934     -7417.7322     -547.0106       72688.083      41.733782      41.733782      41.733782      1.1859878     -1582.5475     -178.65269      1065.0787    
     68000   68000          368.42801      363.00909      21964.386      21580.517      6741.9352      14838.582      3303.3087      4397.6138      3976.9795      380.43716     -870.99484      11074.709     -7423.4708     -548.36555      72508.479      41.69938       41.69938       41.69938       1.1889255      1195.2371      1016.7236     -1122.9334    
     69000   69000          360.66362      649.75973      22025.726      21338.063      6599.8532      14738.21       3255.9986      4403.4351      3939.832       363.04928     -882.06529      11072.238     -7414.2782     -547.91313      72568.35       41.710854      41.710854      41.710854      1.1879446      1496.2361      91.283868      361.75922    
     70000   70000          355.3298       234.30277      21712.429      21464.344      6502.2485      14962.095      3298.9881      4343.0788      4127.1482      383.97621     -853.78939      11082.386     -7419.693      -547.6609       72601.773      41.717257      41.717257      41.717257      1.1873978     -399.76839      1028.3815      74.295217    
     71000   71000          373.0456      -185.57198      21411.413      21607.615      6826.4333      14781.182      3221.9506      4292.1408      4089.7882      377.38256     -859.09061      11078.154     -7419.1436     -548.45964      72496.04       41.696995      41.696995      41.696995      1.1891296     -497.82075     -533.50104      474.60584    
     72000   72000          367.60429      1885.7174      23535.447      21536.06       6726.8618      14809.198      3215.4385      4405.6972      4011.2223      385.42399     -862.76611      11074.431     -7420.2484     -546.90844      72701.661      41.73638       41.73638       41.73638       1.1857663      1801.178       475.48348      3380.4908    
     73000   73000          364.85266      662.43216      22078.288      21380.33       6676.5093      14703.821      3167.2823      4422.1775      3925.9232      377.67568     -844.15181      11076.63      -7421.716      -550.36009      72245.703      41.648945      41.648945      41.648945      1.19325        77.170789      890.72601      1019.3997    
     74000   74000          365.97316     -684.06987      20883.242      21610.102      6697.0135      14913.089      3191.6675      4290.8374      4238.136       395.51855     -861.15058      11075.417     -7417.3377     -545.73847      72857.521      41.766184      41.766184      41.766184      1.1832297     -1214.0118     -580.86666     -257.33114    
     75000   75000          362.57353      1581.0407      22922.761      21255.162      6634.8029      14620.359      3193.9342      4321.1692      3938.4851      364.11198     -858.39694      11079.255     -7418.1995     -549.77659      72322.381      41.663675      41.663675      41.663675      1.1919849      1407.448       1729.0914      1606.5827    
     76000   76000          363.92529     -657.13961      20837.602      21532.123      6659.5391      14872.584      3299.2605      4362.9951      4073.0798      361.13531     -888.3091       11082.316     -7417.8935     -548.66419      72469.012      41.691813      41.691813      41.691813      1.189573      -602.15945      225.14235     -1594.4017    
     77000   77000          357.05227     -513.62434      20828.033      21372.633      6533.7684      14838.864      3247.2815      4441.4764      4019.1833      356.41247     -882.0213       11072.196     -7415.6644     -546.89412      72703.564      41.736744      41.736744      41.736744      1.1857353     -181.65419     -638.0808      -721.13801    
     78000   78000          367.02089      930.16657      22479.178      21496.571      6716.1861      14780.385      3199.9239      4379.7517      4028.7014      371.92356     -854.01988      11074.938     -7420.8332     -548.92831      72434.144      41.685125      41.685125      41.685125      1.1901457     -22.60729       2095.5755      717.53145    
     79000   79000          355.1123       1229.1757      22560.9        21264.248      6498.2684      14765.98       3259.8289      4362.9925      3962.5308      359.9072      -833.33438      11070.917     -7416.8618     -549.69972      72332.495      41.665617      41.665617      41.665617      1.1918182      1201.0596      1759.1918      727.27558    
     80000   80000          360.14754      88.542273      21582.196      21488.519      6590.4093      14898.109      3264.1607      4449.2957      4036.1309      367.31762     -875.73057      11077.186     -7420.2507     -548.09135      72544.753      41.706333      41.706333      41.706333      1.1883311      13.466459      242.39432      9.7660354    
     81000   81000          362.7725      -796.07096      20639.636      21486.965      6638.444       14848.521      3288.6427      4372.9898      4021.4297      362.57696     -865.63566      11086.212     -7417.6943     -544.79688      72983.443      41.790232      41.790232      41.790232      1.1811882     -2488.0546      531.346       -431.50424    
     82000   82000          360.79939      1126.3753      22479.023      21296.412      6602.3377      14694.074      3227.9525      4268.2724      4022.01        376.02401     -866.32707      11083.036     -7416.8937     -552.30098      71991.819      41.600101      41.600101      41.600101      1.1974581      75.811794      2813.7126      489.60137    
     83000   83000          358.94718      992.74989      22447.242      21397.058      6568.4437      14828.614      3312.8364      4337.0075      3960.4762      364.74014     -791.36674      11064.228     -7419.3068     -548.16224      72535.372      41.704535      41.704535      41.704535      1.1884847      2374.6295      271.18579      332.43435    
     84000   84000          359.1267      -214.6747       21134.387      21361.66       6571.7288      14789.932      3283.4258      4382.4048      3983.0231      375.61068     -892.48611      11075.372     -7417.4188     -547.72982      72592.636      41.715507      41.715507      41.715507      1.1875472     -1442.1173      196.45901      601.63418    
     85000   85000          369.45613     -1294.5836      20004.887      21381.377      6760.749       14620.628      3180.4138      4293.2788      3992.5822      369.96647     -884.16755      11086.115     -7417.5612     -545.37096      72906.618      41.775564      41.775564      41.775564      1.1824329     -1873.7774     -629.6767      -1380.2966    
     86000   86000          361.89503      262.14722      21653.327      21376.386      6622.387       14753.999      3284.4765      4382.0355      3955.1847      356.24459     -874.85613      11072.087     -7421.1729     -548.90039      72437.828      41.685832      41.685832      41.685832      1.1900851      724.47193     -248.19158      310.16131    
     87000   87000          363.65846     -72.582097      21183.052      21259.324      6654.6564      14604.667      3178.2625      4304.2149      4021.1889      353.58652     -905.72219      11072.88      -7419.7434     -551.82245      72054.249      41.612122      41.612122      41.612122      1.1964205     -531.88959     -368.25631      682.39961    
     88000   88000          365.21706      1330.9643      22789.966      21391.251      6683.1775      14708.073      3280.5022      4379.8853      3891.0788      363.25064     -864.78642      11075.388     -7417.2455     -551.78764      72058.794      41.612997      41.612997      41.612997      1.1963451      2059.6927      1873.5621      59.637958    
     89000   89000          360.08805     -96.553442      21184.354      21286.146      6589.3208      14696.825      3211.1517      4368.2859      3988.5081      346.03789     -881.09926      11080.535     -7416.5942     -550.03313      72288.649      41.657196      41.657196      41.657196      1.1925411      56.729345      3.5829996     -349.97267    
     90000   90000          359.41317      67.982233      21270.038      21197.805      6576.9709      14620.834      3177.0861      4360.0855      3956.307       350.02395     -893.24054      11087.758     -7417.1856     -545.74833      72856.205      41.765932      41.765932      41.765932      1.1832511     -1436.5019      862.837        777.61164    
     91000   91000          365.61567      864.517        22410.359      21497.95       6690.4717      14807.478      3265.2099      4400.5529      3983.3157      359.52453     -857.45673      11078.677     -7422.345      -549.43784      72366.97       41.672235      41.672235      41.672235      1.1912504      654.56482      1089.1243      849.86188    
     92000   92000          357.81257      1476.3129      22930.352      21364.721      6547.6812      14817.04       3319.5705      4327.3073      3971.5632      361.92772     -829.83496      11086.15      -7419.6437     -546.79398      72716.88       41.739292      41.739292      41.739292      1.1855182      1911.4919      1304.8583      1212.5884    
     93000   93000          362.78737     -455.13614      20839.515      21318.087      6638.7161      14679.371      3256.8628      4410.7185      3880.193       359.8696      -879.93559      11069.559     -7417.8962     -551.47857      72099.179      41.62077       41.62077       41.62077       1.195675       758.00928     -473.47035     -1649.9474    
     94000   94000          356.30947      904.10609      22182.487      21228.167      6520.1756      14707.991      3260.4257      4424.9499      3908.2299      363.30065     -897.00758      11068.438     -7420.3452     -549.36389      72376.711      41.674105      41.674105      41.674105      1.1910901      332.84818      2215.0766      164.39352    
     95000   95000          362.79617     -420.52895      20926.58       21372.03       6638.8772      14733.153      3200.0358      4329.5071      4025.9351      370.84086     -858.67768      11082.527     -7417.016      -547.43476      72631.764      41.723         41.723         41.723         1.1869075      518.96774     -1639.0634     -141.49119    
     96000   96000          353.72793     -104.57925      21021.942      21132.693      6472.9356      14659.757      3272.7147      4360.4174      3873.6105      358.99131     -866.59724      11079.454     -7418.8336     -547.56338      72614.702      41.719733      41.719733      41.719733      1.1871863      169.04713     -754.74806      271.96317    
     97000   97000          361.57862      611.13831      21999.066      21354.915      6616.5969      14738.318      3295.224       4351.6968      3977.2238      369.50733     -912.47472      11075.903     -7418.7629     -550.15662      72272.423      41.654079      41.654079      41.654079      1.1928088      1328.7758      517.37875     -12.739658    
     98000   98000          357.4945      -937.69094      20246.036      21235.666      6541.8608      14693.806      3194.0254      4443.9715      3956.6118      373.99609     -928.16892      11070.472     -7417.1022     -549.44164      72366.47       41.672139      41.672139      41.672139      1.1912586     -2902.3904      1443.0638     -1353.7461    
     99000   99000          357.03143      172.90838      21410.451      21227.683      6533.387       14694.296      3201.1407      4315.0389      3999.8412      373.87052     -849.28698      11077.055     -7423.3636     -548.59468      72478.194      41.693574      41.693574      41.693574      1.1894223     -1132.3845      726.4351       924.67456    
    100000   100000         356.44884      909.58825      22201.289      21244.954      6522.726       14722.228      3165.4886      4381.8307      4037.0014      379.9142      -892.73333      11069.616     -7418.8905     -551.53024      72092.425      41.61947       41.61947       41.61947       1.195787       968.98137      1315.395       444.38834    
    101000   101000         365.11151     -23.787518      21382.057      21407.224      6681.246       14725.978      3185.0723      4296.1935      4042.7967      375.25579     -827.84657      11075.634     -7421.1279     -548.09224      72544.635      41.70631       41.70631       41.70631       1.188333       85.314656      168.73703     -325.41424    
    102000   102000         353.28538      9.2752252      21205.617      21195.797      6464.8373      14730.96       3171.2387      4382.4032      4012.1883      368.45996     -867.8523       11080.764     -7416.2416     -547.7437       72590.797      41.715154      41.715154      41.715154      1.1875773      67.287394      312.47269     -351.93441    
    103000   103000         360.72576      940.35292      22237.73       21246.789      6600.9903      14645.798      3180.5209      4307.3569      4011.4878      371.1431      -869.69427      11064.574     -7419.5899     -550.27268      72257.18       41.651151      41.651151      41.651151      1.1930604      1386.4931      743.99524      690.57038    
    104000   104000         360.14688     -1118.48        20093.701      21271.042      6590.3972      14680.645      3190.319       4375.2855      4034.0909      353.12055     -924.3654       11068.58      -7416.3858     -550.88448      72176.933      41.635726      41.635726      41.635726      1.1943869     -560.69063     -1377.563      -1417.1862    
    105000   105000         362.87969      129.25251      21410.419      21274.25       6640.4055      14633.844      3164.4949      4343.4619      3993.1492      372.63414     -906.22767      11081.31      -7414.9785     -550.41873      72238.007      41.647466      41.647466      41.647466      1.1933771      36.758535     -156.49774      507.49673    
    106000   106000         361.7305      -615.67071      20732.869      21383.31       6619.3762      14763.934      3322.1956      4403.6302      3930.9058      355.31515     -888.32348      11062.563     -7422.3519     -548.87692      72440.925      41.686426      41.686426      41.686426      1.1900343     -1229.3448     -213.25646     -404.41086    
    107000   107000         367.40912      1170.9658      22622.711      21390.185      6723.2903      14666.895      3171.6815      4341.5542      4008.2441      365.86295     -866.16453      11066.998     -7421.2811     -550.91328      72173.159      41.635         41.635         41.635         1.1944494      2020.3884      589.42885      903.08013    
    108000   108000         368.3938       282.90224      21714.7        21417.801      6741.3092      14676.492      3175.3701      4362.5399      4017.2889      346.41833     -878.05079      11073.857     -7420.9318     -552.53815      71960.917      41.594148      41.594148      41.594148      1.1979723      1960.9894     -219.22984     -893.05284    
    109000   109000         362.88663     -300.91687      20947.674      21266.694      6640.5325      14626.162      3229.9914      4269.4534      3953.2263      350.49797     -833.29282      11076.687     -7420.4016     -546.96958      72693.534      41.734825      41.734825      41.734825      1.1858989     -1330.6587     -46.147881      474.05597    
    110000   110000         359.27157      2047.3975      23380.362      21210.989      6574.3797      14636.609      3204.2821      4291.2406      3898.1722      360.41111     -776.17153      11075.253     -7416.5782     -547.27127      72653.462      41.727155      41.727155      41.727155      1.186553       2469.4508      1285.8076      2386.934     
    111000   111000         358.72258     -2174.8535      18906.602      21205.785      6564.3337      14641.451      3113.7885      4361.2617      4073.6767      370.27207     -933.60552      11072.032     -7415.9744     -548.51846      72488.266      41.695505      41.695505      41.695505      1.1892571     -2394.273      -2355.7702     -1774.5174    
    112000   112000         358.81887     -2608.4354      18586.547      21323.778      6566.0957      14757.683      3238.6088      4364.9115      4135.5028      346.68245     -973.46699      11069.713     -7424.2687     -552.59061      71954.085      41.592831      41.592831      41.592831      1.198086      -3362.7144     -1548.8641     -2913.7278    
    113000   113000         356.47983     -1641.1593      19441.154      21168.414      6523.2932      14645.121      3169.4419      4279.2348      4081.7862      355.74381     -903.66717      11079.79      -7417.2079     -550.96965      72165.775      41.63358       41.63358       41.63358       1.1945716     -1832.1343     -1698.5433     -1392.8002    
    114000   114000         359.37271      207.34099      21394.865      21177.105      6576.2306      14600.874      3215.0706      4291.8032      3925.3404      350.42791     -857.48534      11094.522     -7418.8045     -552.13096      72013.988      41.60437       41.60437       41.60437       1.1970894     -840.32484      1839.212      -376.86418    
    115000   115000         360.86046      224.48525      21508.851      21272.843      6603.4551      14669.387      3244.346       4313.6179      4016.7353      360.83868     -922.55579      11076.509     -7420.1033     -551.5641       72087.998      41.618618      41.618618      41.618618      1.1958604      954.4209      -1590.6546      1309.6894    
    116000   116000         353.58426      893.27016      22049.702      21109.896      6470.3066      14639.589      3227.8083      4367.6278      3884.4818      375.72399     -883.71983      11087.866     -7420.1993     -551.16214      72140.572      41.628733      41.628733      41.628733      1.1949889     -188.06878      1420.1153      1447.7639    
    117000   117000         359.33064      139.2349       21442.763      21295.785      6575.4606      14720.324      3218.6144      4335.2716      4011.5427      362.97107     -864.73798      11076.743     -7420.0811     -549.32667      72381.616      41.675046      41.675046      41.675046      1.1910094      28.183173     -829.04773      1218.5693    
    118000   118000         361.18151     -1636.2393      19495.502      21227.583      6609.3301      14618.253      3149.4625      4329.7889      4029.6374      352.43232     -893.85426      11071.479     -7420.6929     -547.78903      72584.79       41.714004      41.714004      41.714004      1.1876756      1128.5861     -4557.1019     -1480.202     
    119000   119000         360.94828     -191.83917      21002.902      21205.77       6605.0622      14600.708      3203.2978      4316.4896      3941.9747      355.07658     -882.1218       11085.359     -7419.3677     -548.34879      72510.695      41.699805      41.699805      41.699805      1.1888892     -356.16857      793.22905     -1012.578     
    120000   120000         359.15457      1559.9104      22900.159      21263.166      6572.2388      14690.928      3224.9581      4384.5415      3955.663       375.46099     -917.65631      11085.974     -7418.0141     -552.57081      71956.664      41.593328      41.593328      41.593328      1.1980431      122.74127      1289.1005      3267.8895    
    121000   121000         355.05137     -540.21433      20836.627      21404.511      6497.1535      14907.358      3338.0609      4506.3253      3976.501       364.48117     -933.87343      11074.453     -7418.5896     -551.62175      72080.464      41.617168      41.617168      41.617168      1.1959854     -758.02172     -446.19643     -416.42485    
    122000   122000         358.96528     -194.03635      21041.183      21246.906      6568.7749      14678.131      3246.8272      4342.5232      3981.3302      367.05986     -922.45615      11083.485     -7420.6385     -546.9345       72698.197      41.735717      41.735717      41.735717      1.1858228      793.81582     -596.38732     -779.53755    
    123000   123000         356.96961     -134.30524      21148.843      21291.014      6532.2558      14758.758      3274.2124      4413.5533      3963.9642      360.83109     -903.2982       11071.048     -7421.5525     -547.79569      72583.908      41.713835      41.713835      41.713835      1.18769       -559.91595     -52.076105      209.07632    
    124000   124000         356.4127      -348.75428      20900.1        21269.444      6522.0647      14747.379      3187.6643      4431.7489      3986.8447      367.01923     -871.86619      11065.812     -7419.8436     -547.54861      72616.661      41.720108      41.720108      41.720108      1.1871543     -627.91861     -771.54728      353.20305    
    125000   125000         355.12586     -124.13195      21051.606      21182.634      6498.5166      14684.117      3194.1493      4335.1386      3991.107       368.40388     -854.21698      11069.187     -7419.6516     -549.35684      72377.641      41.674283      41.674283      41.674283      1.1910748     -1357.9204      249.63651      735.88808    
    126000   126000         359.63661     -1405.254       19848.517      21338.802      6581.0597      14757.743      3215.5841      4354.2077      4024.8488      356.65358     -857.0171       11082.415     -7418.9493     -546.78951      72717.474      41.739406      41.739406      41.739406      1.1855085     -1056.5812     -1317.9144     -1841.2664    
    127000   127000         356.13094     -531.89175      20495.17       21057.03       6516.9088      14540.121      3138.1462      4363.9387      3951.3303      359.08645     -919.17816      11067.814     -7421.0164     -548.94663      72431.727      41.684662      41.684662      41.684662      1.1901854      181.96946     -244.25136     -1533.3934    
    128000   128000         358.61537     -1101.0408      20101.504      21257.449      6562.3719      14695.077      3253.8415      4253.284       4031.8814      385.55241     -884.95774      11071.777     -7416.3012     -552.33307      71987.636      41.599295      41.599295      41.599295      1.1975276     -1482.2733     -873.84643     -947.00268    
    129000   129000         362.78802      978.93589      22337.928      21301.187      6638.728       14662.459      3185.3992      4344.4614      3961.6505      366.62553     -869.13929      11088.373     -7414.9106     -547.54376      72617.305      41.720231      41.720231      41.720231      1.1871438     -5.7778038      660.11973      2282.4657    
    130000   130000         351.72932     -587.28873      20461.849      21080.152      6436.3627      14643.789      3149.7892      4337.3614      3984.5444      358.85553     -843.07072      11075.917     -7419.608      -550.78953      72189.375      41.638118      41.638118      41.638118      1.194181      -751.11581     -57.358275     -953.39209    
    131000   131000         360.77372     -53.349861      21233.88       21290.267      6601.8679      14688.399      3183.2397      4333.6096      4019.301       371.63047     -857.47823      11062.931     -7424.8353     -548.64388      72471.695      41.692327      41.692327      41.692327      1.189529       2678.6458     -1251.4595     -1587.2359    
    132000   132000         355.64067     -1422.2798      19723.407      21236.82       6507.9372      14728.883      3202.2969      4375.6569      4024.0186      346.37196     -891.38508      11089.527     -7417.6032     -544.95716      72961.977      41.786135      41.786135      41.786135      1.1815357     -2087.1331     -588.32589     -1591.3803    
    133000   133000         362.63198      1340.2159      22629.374      21219.132      6635.8726      14583.259      3164.0231      4237.4869      4028.8905      359.16772     -856.96837      11070.288     -7419.6289     -551.08167      72151.106      41.630759      41.630759      41.630759      1.1948144      3389.108       638.79947     -7.2597216    
    134000   134000         360.90197      1957.0823      23370.505      21294.656      6604.2147      14690.442      3310.8738      4308.1265      3842.8446      379.42624     -789.74295      11059.333     -7420.4192     -546.69895      72729.519      41.74171       41.74171       41.74171       1.1853122      2320.9911      729.21941      2821.0365    
    135000   135000         352.46607     -2463.6842      18557.505      21168.559      6449.8447      14718.714      3185.8594      4403.6592      4004.6278      379.72722     -907.52877      11075.696     -7423.3266     -547.1471       72669.949      41.730311      41.730311      41.730311      1.1862838     -3726.33       -2684.2238     -980.4989     
    136000   136000         353.53915      532.23765      21639.133      21079.125      6469.4811      14609.644      3122.0854      4382.934       3938.5332      378.28388     -871.63268      11081.01      -7421.57       -551.12028      72146.052      41.629787      41.629787      41.629787      1.1948981      1769.6372      202.29383     -375.21807    
    137000   137000         352.91032      1335.2135      22639.704      21232.329      6457.9741      14774.355      3243.9739      4421.7395      3890.4892      373.37173     -814.95299      11077.48      -7417.7466     -550.14344      72274.154      41.654412      41.654412      41.654412      1.1927802      2261.3855     -118.76654      1863.0215    
    138000   138000         356.71329      190.74253      21292.928      21090.762      6527.5652      14563.197      3208.5163      4342.7332      3866.2596      359.15794     -864.6637       11070.31      -7419.1163     -547.10944      72674.951      41.731268      41.731268      41.731268      1.1862021     -191.01826      1386.5486     -623.30279    
    139000   139000         358.90829      380.45921      21589.164      21191.803      6567.732       14624.071      3204.5956      4307.3193      3951.1247      366.88473     -875.5469       11089.502     -7419.8084     -555.21123      71614.459      41.527288      41.527288      41.527288      1.2037679     -216.80926     -405.62985      1763.8167    
    140000   140000         356.11214      553.0402       21901.266      21316.349      6516.5647      14799.785      3160.1439      4393.5737      4016.4806      367.14424     -794.10827      11071.287     -7414.7362     -548.27354      72520.647      41.701713      41.701713      41.701713      1.1887261     -456.69787      721.95646      1393.862     
    141000   141000         364.28748      727.82802      21985.413      21217.896      6666.1669      14551.729      3178.2059      4371.6564      3849.2433      354.31172     -859.7724       11079.489     -7421.4049     -549.88968      72307.507      41.660818      41.660818      41.660818      1.19223       -900.96417      1741.4151      1343.0331    
    142000   142000         358.13731      671.42508      21938.88       21228.763      6553.6237      14675.14       3153.7774      4338.3846      4007.7557      363.8992      -835.25263      11070.172     -7423.5959     -548.28083      72519.682      41.701528      41.701528      41.701528      1.1887419      790.67581     -372.53572      1596.1351    
    143000   143000         359.59978      768.81735      22050.398      21244.333      6580.3858      14663.947      3266.208       4380.3576      3899.5734      380.30679     -913.35307      11071.795     -7420.9409     -553.07945      71890.488      41.580574      41.580574      41.580574      1.1991459      1296.054       279.20532      731.19272    
    144000   144000         356.17117     -697.03965      20564.866      21300.614      6517.6449      14782.969      3285.8709      4299.5717      4049.0635      365.35515     -870.96041      11070.352     -7416.284      -549.36813      72376.154      41.673998      41.673998      41.673998      1.1910993     -1390.8517      75.426998     -775.69424    
    145000   145000         353.45804     -319.46736      20798.711      21135.403      6467.9969      14667.406      3183.2698      4339.1704      4044.1452      359.51562     -927.0635       11087.236     -7418.8678     -550.21093      72265.289      41.652709      41.652709      41.652709      1.1929266      905.27253     -1333.1877     -530.48691    
    146000   146000         359.51993     -73.87925       21235.406      21313.686      6578.9246      14734.761      3257.1955      4321.5618      3965.2082      358.95605     -828.75099      11078.523     -7417.9323     -547.27923      72652.405      41.726952      41.726952      41.726952      1.1865703     -1285.3688      136.81844      926.91259    
    147000   147000         359.28389      388.80704      21630.79       21220.372      6574.6052      14645.767      3174.7522      4307.9743      4033.8043      378.47884     -897.98866      11071.334     -7422.5883     -549.34192      72379.607      41.674661      41.674661      41.674661      1.1910424      1876.08       -1510.9972      801.33832    
    148000   148000         358.00866      758.50514      21920.041      21116.008      6551.2696      14564.738      3146.2195      4366.229       3886.8771      364.05216     -873.02696      11095.732     -7421.3445     -547.04059      72684.098      41.733019      41.733019      41.733019      1.1860529      660.18332      1492.4565      122.87554    
    149000   149000         355.08349     -1279.3008      19798.138      21151.279      6497.7413      14653.538      3121.1461      4354.4795      4076.3987      351.50403     -909.89107      11079.704     -7419.8034     -548.23202      72526.14       41.702765      41.702765      41.702765      1.188636      -1622.0894     -267.61153     -1948.2016    
    150000   150000         353.96015     -618.93864      20447.833      21101.565      6477.185       14624.38       3152.1618      4335.0279      3978.3394      374.95777     -869.29052      11068.856     -7415.6727     -549.01305      72422.963      41.68298       41.68298       41.68298       1.1903294     -1662.6642     -1258.6239      1064.4722    
    151000   151000         353.34108     -565.00427      20337.344      20934.578      6465.8565      14468.721      3155.1722      4354.9617      3897.796       349.08655     -934.04456      11068.507     -7422.7578     -548.58291      72479.75       41.693872      41.693872      41.693872      1.1893968      100.79365     -1626.1706     -169.6359     
    152000   152000         355.3478      -1743.0589      19293.62       21136.68       6502.578       14634.102      3169.2185      4344.8456      4021.8937      359.41982     -919.75117      11077.596     -7419.1206     -548.41258      72502.261      41.698188      41.698188      41.698188      1.1890275     -2628.5306     -1369.0065     -1231.6395    
    153000   153000         359.65359     -675.10187      20530.137      21241.733      6581.3704      14660.362      3231.3259      4280.5613      3990.5798      364.18271     -867.03239      11084.659     -7423.9142     -550.13726      72274.966      41.654568      41.654568      41.654568      1.1927668     -283.6997      -2105.9172      364.31132    
    154000   154000         351.20171     -1264.5687      19681.337      21019.899      6426.7078      14593.192      3252.5332      4320.9934      3895.899       355.99589     -873.83559      11064.652     -7423.0463     -547.8208       72580.581      41.713197      41.713197      41.713197      1.1877445     -1839.471      -1131.1257     -823.10942    
    155000   155000         353.38705      2154.3097      23528.599      21245.095      6466.6978      14778.397      3300.9572      4373.804       3911.0135      369.10105     -829.57028      11073.934     -7420.8419     -547.06795      72680.464      41.732323      41.732323      41.732323      1.1861122      1447.8225      3432.4344      1582.6722    
    156000   156000         349.48583     -75.564727      20920.887      21001.044      6395.3087      14605.735      3134.1249      4314.2451      3974.1935      369.13695     -846.52976      11078.349     -7417.7849     -546.65776      72734.999      41.742759      41.742759      41.742759      1.1852228     -563.43069     -1380.6422      1717.3787    
    157000   157000         369.25467      160.91837      21490.115      21320.74       6757.0624      14563.678      3170.4611      4344.8463      3918.4117      366.85951     -884.81863      11069.348     -7421.4307     -550.92217      72171.995      41.634776      41.634776      41.634776      1.1944686     -498.27503      35.278698      945.75145    
    158000   158000         354.25534     -1088.2687      19928.326      21074.75       6482.5868      14592.163      3177.1084      4301.7728      4028.7095      361.59779     -930.87675      11073.376     -7419.5254     -550.46019      72232.566      41.646421      41.646421      41.646421      1.193467      -531.525       -1514.4471     -1218.8341    
    159000   159000         353.84663      315.29897      21440.49       21108.917      6475.1077      14633.809      3228.9324      4334.0989      3948.6528      359.94719     -912.12909      11093.181     -7418.8738     -551.41436      72107.574      41.622385      41.622385      41.622385      1.1955358     -37.74503       317.09106      666.55088    
    160000   160000         357.35487      1183.2622      22384.078      21130.291      6539.3057      14590.986      3189.5357      4408.9197      3825.0924      364.86579     -862.82544      11084.2       -7418.802      -547.25824      72655.192      41.727486      41.727486      41.727486      1.1865248      1135.7433      1310.5972      1103.4461    
    161000   161000         357.89766      196.2531       21488.692      21281.618      6549.2384      14732.38       3228.1393      4434.4582      3897.9065      363.06584     -847.05712      11077.427     -7421.5599     -549.57253      72349.234      41.668831      41.668831      41.668831      1.1915424     -650.08819     -1090.8195      2329.667     
    162000   162000         352.83194      889.04593      22010.229      21076.995      6456.5396      14620.456      3259.5376      4267.2969      3969.7477      360.8536      -900.8713       11081.188     -7417.297      -552.41917      71976.416      41.597134      41.597134      41.597134      1.1977143      283.27845      448.66697      1935.1924    
    163000   163000         343.39349      915.06816      21765.739      20801.215      6283.8237      14517.392      3156.3282      4323.7708      3857.5429      348.63029     -823.96647      11074.81      -7419.7242     -550.14282      72274.236      41.654427      41.654427      41.654427      1.1927789     -89.943483      1618.1493      1216.9986    
    164000   164000         352.68139      580.90407      21775.145      21159.821      6453.7847      14706.036      3204.9843      4340.2784      3971.8806      366.37945     -844.64004      11087.028     -7419.8741     -547.43859      72631.255      41.722903      41.722903      41.722903      1.1869158     -721.24645      316.22496      2147.7337    
    165000   165000         355.03012      1204.8505      22339.514      21068.381      6496.7646      14571.616      3218.2755      4314.1769      3895.5376      364.41429     -874.57768      11074.688     -7420.8987     -549.63811      72340.602      41.667173      41.667173      41.667173      1.1916846     -838.58565      2013.0416      2440.0956    
    166000   166000         360.01515     -1003.5202      20132.56       21188.3        6587.9867      14600.314      3258.1503      4309.2447      3976.2966      348.65749     -952.04667      11080.525     -7420.5143     -551.19314      72136.515      41.627953      41.627953      41.627953      1.1950561     -1339.0345      185.13987     -1856.666     
    167000   167000         354.45711     -872.33687      20060.532      20980.6        6486.279       14494.321      3121.0013      4335.7797      3899.4853      371.79809     -898.52418      11085.096     -7420.315      -549.79242      72320.299      41.663275      41.663275      41.663275      1.1920192     -1419.6904      1912.49       -3109.8102    
    168000   168000         356.23075     -83.997895      21056.613      21145.876      6518.7352      14627.141      3197.2704      4364.0766      3955.0317      358.89547     -900.17821      11075.83      -7423.7852     -545.67385      72866.149      41.767833      41.767833      41.767833      1.1830896     -253.00373      1262.8692     -1261.8592    
    169000   169000         348.81235     -1252.0843      19727.061      21047.815      6382.9845      14664.83       3174.3766      4343.0141      4063.9322      364.44514     -929.12587      11070.657     -7422.4682     -549.72621      72329.009      41.664947      41.664947      41.664947      1.1918756     -1355.0716     -819.39014     -1581.7911    
    170000   170000         350.15004     -101.81715      20933.028      21040.967      6407.4632      14633.503      3176.0004      4295.1067      4001.1492      349.64749     -844.15185      11075.426     -7419.6746     -546.98923      72690.923      41.734325      41.734325      41.734325      1.1859415     -102.83907     -838.6487       636.03633    
    171000   171000         351.77173      1419.1702      22578.002      21085.789      6437.1387      14648.65       3193.2632      4363.472       3908.5271      358.82106     -813.97501      11062.513     -7423.9705     -551.49136      72097.506      41.620448      41.620448      41.620448      1.1957027      1629.2731      575.4705       2052.7669    
    172000   172000         347.49718     -304.89464      20556.235      20877.511      6358.9179      14518.593      3184.4501      4317.5866      3920.3606      350.96189     -924.93838      11087.657     -7417.4847     -550.30878      72252.44       41.65024       41.65024       41.65024       1.1931387     -1135.0532      723.15622     -502.78691    
    173000   173000         348.69836     -943.00945      20044.957      21039.265      6380.8986      14658.367      3259.8117      4277.819       3994.0403      363.25595     -881.75953      11069.948     -7424.7487     -549.95855      72298.452      41.659079      41.659079      41.659079      1.1923794     -1254.7467     -1109.0922     -465.18939    
    174000   174000         355.29079     -1495.6516      19626.276      21210.056      6501.5348      14708.521      3127.2256      4395.1384      4024.3539      366.93145     -860.79246      11074.54      -7418.8765     -547.60896      72608.659      41.718576      41.718576      41.718576      1.1872852     -1024.7694     -2086.7576     -1375.4277    
    175000   175000         351.10124     -462.03797      20517.938      21005.592      6424.8692      14580.723      3204.847       4300.7012      3965.6901      350.45123     -904.79138      11084.941     -7421.1162     -549.41534      72369.935      41.672804      41.672804      41.672804      1.1912016     -1029.2279      544.5121      -901.39809    
    176000   176000         355.40606      1564.0565      22815.308      21162.785      6503.644       14659.141      3223.7685      4310.1604      4008.2908      356.5764      -908.29184      11089.891     -7421.2542     -548.8326       72446.775      41.687548      41.687548      41.687548      1.1899382      1080.2004      2533.0035      1078.9657    
    177000   177000         349.33085      80.349573      21085.734      21000.953      6392.4726      14608.48       3170.8151      4319.6325      3956.16        369.24343     -856.17741      11068.973     -7420.1661     -549.56516      72350.205      41.669017      41.669017      41.669017      1.1915264     -1961.5861      2179.2917      23.34311     
    178000   178000         361.21468      735.80998      21880.33       21106.985      6609.937       14497.048      3182.6252      4338.6687      3824.8426      356.61724     -867.03238      11083.371     -7422.0442     -551.73147      72066.13       41.614409      41.614409      41.614409      1.1962233      516.31392      2038.0166     -346.90056    
    179000   179000         358.7105       1215.7866      22461.167      21184.799      6564.1126      14620.687      3185.4334      4279.0572      4029.8794      362.01428     -890.37018      11074.653     -7419.9805     -552.35255      71985.098      41.598806      41.598806      41.598806      1.1975699      694.54797      1564.4708      1388.341     
    180000   180000         355.72977      80.270755      21053.09       20968.453      6509.5676      14458.886      3124.6972      4283.5361      3923.796       340.07178     -869.73372      11076.831     -7420.3124     -549.96042      72298.206      41.659032      41.659032      41.659032      1.1923834     -221.23181      499.67244     -37.628372    
    181000   181000         353.76135     -913.68108      20139.233      21098.328      6473.5473      14624.781      3211.745       4393.6483      3929.0871      360.69419     -928.5038       11077.502     -7419.392      -552.418        71976.568      41.597163      41.597163      41.597163      1.1977118     -703.40798     -1088.5694     -949.06589    
    182000   182000         352.90483      975.75386      21977.323      20948.603      6457.8736      14490.73       3233.0723      4216.4959      3909.577       335.17627     -858.07002      11075.717     -7421.2389     -550.01944      72290.448      41.657542      41.657542      41.657542      1.1925114      724.35493      938.09699      1264.8097    
    183000   183000         357.10368     -394.61894      20772.535      21188.292      6534.7092      14653.583      3240.0944      4311.8226      4002.6384      370.43985     -938.08308      11083.575     -7416.904      -550.39343      72241.328      41.648104      41.648104      41.648104      1.1933222     -80.081313     -263.27861     -840.4969     
    184000   184000         355.80997      584.29002      21723.924      21107.516      6511.0354      14596.481      3159.3908      4419.0744      3945.1476      340.38693     -922.91884      11078.523     -7423.1232     -549.66123      72337.56       41.666589      41.666589      41.666589      1.1917347      267.26749      922.05235      563.55023    
    185000   185000         352.94948      630.91227      21532.024      20867.044      6458.6906      14408.353      3071.5249      4309.2896      3880.4033      363.26828     -875.03653      11078.121     -7419.2167     -550.16753      72270.989      41.653804      41.653804      41.653804      1.1928325      1.9666535      1055.9572      834.81298    
    186000   186000         351.51384      1157.5866      22158.167      20942.644      6432.4196      14510.224      3156.9292      4284.1917      3904.9396      358.81517     -856.27109      11081.004     -7419.3848     -552.23641      72000.236      41.601722      41.601722      41.601722      1.1973181      1195.4539      539.99486      1737.311     
    187000   187000         349.30437      1223.1583      22208.673      20928.716      6391.988       14536.728      3152.167       4224.2745      4014.6522      368.92758     -880.04647      11080.475     -7423.7219     -554.14305      71752.504      41.553954      41.553954      41.553954      1.2014519      2621.0449     -163.42359      1211.8536    
    188000   188000         358.21409      418.23717      21623.089      21182.158      6555.0287      14627.129      3231.5303      4334.408       3925.1324      360.75385     -870.46067      11067.841     -7422.0757     -550.03031      72289.019      41.657267      41.657267      41.657267      1.192535       1565.1747      312.15688     -622.62008    
    189000   189000         345.04221     -1205.8352      19782.99       21054.386      6313.994       14740.392      3220.51        4346.8617      4060.1237      369.88369     -920.32498      11082.39      -7419.0522     -549.97361      72296.473      41.658699      41.658699      41.658699      1.192412      -2169.4776     -1107.655      -340.37307    
    190000   190000         349.73707      21.383131      20941.916      20919.308      6399.9061      14519.402      3154.8301      4313.7865      3927.7569      352.4394      -888.79842      11080.18      -7420.7922     -548.45224      72497.019      41.697183      41.697183      41.697183      1.1891135     -600.65088      48.017474      616.7828     
    191000   191000         350.01113      68.759945      21061.481      20989.22       6404.9211      14584.299      3170.9436      4336.9497      3928.1305      364.72044     -864.02286      11068.498     -7420.9201     -551.78559      72059.062      41.613049      41.613049      41.613049      1.1963406      184.53655      1424.9683     -1403.225     
    192000   192000         346.33093      59.781625      20917.556      20854.248      6337.5765      14516.671      3143.5613      4249.5657      3955.3469      360.05564     -852.3828       11081.943     -7421.4185     -547.57352      72613.358      41.719476      41.719476      41.719476      1.1872083     -1644.1625      1011.1297      812.37775    
    193000   193000         352.36037      220.8675       21240.162      21007.119      6447.9104      14559.209      3107.3691      4316.2099      3948.4469      357.6123      -846.08605      11092.135     -7416.4789     -549.58067      72348.163      41.668625      41.668625      41.668625      1.1915601     -587.29351     -340.75921      1590.6552    
    194000   194000         352.06651     -1238.2185      19656.752      20960.663      6442.5331      14518.13       3059.3782      4402.6958      3931.6952      362.4191      -893.20551      11076.545     -7421.3975     -550.66066      72206.269      41.641366      41.641366      41.641366      1.1939016      335.8654      -1661.4422     -2389.0787    
    195000   195000         355.57598     -667.03116      20325.359      21031.712      6506.7534      14524.959      3031.3678      4241.3008      4077.1466      366.38772     -852.10116      11078.131     -7417.2742     -547.59456      72610.568      41.718941      41.718941      41.718941      1.1872539     -1154.4594     -402.42054     -444.2135     
    196000   196000         346.84849      2228.1088      23248.111      20897.519      6347.0474      14550.471      3240.9657      4338.1045      3817.724       352.16467     -856.37658      11075.008     -7417.1189     -549.65978      72337.751      41.666626      41.666626      41.666626      1.1917316      2691.9169      2137.5158      1854.8938    
    197000   197000         352.33521     -159.38434      20834.286      21003.208      6447.4499      14555.758      3164.6217      4335.4142      3932.0269      365.70857     -903.93601      11079.686     -7417.7628     -547.13288      72671.838      41.730672      41.730672      41.730672      1.186253       356.86435     -541.96143     -293.05594    
    198000   198000         347.28633     -1000.6741      19697.512      20752.563      6355.0595      14397.503      3175.8946      4239.2851      3893.2678      359.60863     -922.97006      11075.69      -7423.273      -549.9889       72294.462      41.658313      41.658313      41.658313      1.1924452     -7.3778177     -2226.7657     -767.87889    
    199000   199000         355.81056      381.26222      21375.786      20973.481      6511.0461      14462.435      3131.3875      4287.6713      3923.9723      360.04955     -888.83059      11069.216     -7421.0319     -549.54434      72352.947      41.669543      41.669543      41.669543      1.1914813     -1024.6974      740.93982      1427.5442    
    200000   200000         351.37753     -1825.9105      19039.173      20970.95       6429.9252      14541.025      3126.9369      4299.1554      4028.26        363.19658     -928.75699      11068.893     -7416.66       -548.09668      72544.048      41.706197      41.706197      41.706197      1.1883426     -2874.5305      28.75544      -2631.9565    
    201000   201000         351.29656      184.52803      21227.404      21033.021      6428.4435      14604.577      3127.4878      4327.886       4009.2839      354.71318     -864.35343      11072.039     -7422.4791     -550.47579      72230.519      41.646027      41.646027      41.646027      1.1935008      399.63985     -657.23801      811.18224    
    202000   202000         348.81057     -2219.2131      18443.593      20791.242      6382.9519      14408.29       3066.157       4277.1882      3961.9179      355.16748     -908.4039       11078.372     -7422.1087     -548.15158      72536.783      41.704805      41.704805      41.704805      1.1884616     -2320.4465     -2455.5035     -1881.6894    
    203000   203000         348.44238      108.93334      21052.401      20938.308      6376.2142      14562.094      3173.3273      4414.8434      3825.4901      364.32436     -885.78873      11086.58      -7416.6827     -553.6537       71815.924      41.566193      41.566193      41.566193      1.2003909      105.74822      48.767814      172.28399    
    204000   204000         346.17706      755.09826      21630.606      20834.062      6334.7607      14499.301      3228.3868      4313.7118      3869.1538      361.54202     -935.31601      11081.443     -7419.6204     -549.70325      72332.031      41.665528      41.665528      41.665528      1.1918258      1084.667      -471.17437      1651.8021    
    205000   205000         348.76914      324.74733      21344.228      21001.698      6382.1937      14619.505      3168.0581      4336.8926      3955.093       361.9907      -862.74886      11080.876     -7420.6567     -549.77132      72323.074      41.663808      41.663808      41.663808      1.1919734     -1218.6864     -29.906757      2222.8351    
    206000   206000         343.43765      431.51699      21222.961      20769.313      6284.6318      14484.681      3142.3376      4249.773       4001.2349      345.39795     -901.15544      11068.418     -7421.3251     -551.58754      72084.936      41.618029      41.618029      41.618029      1.1959112      504.55929      718.23295      71.758724    
    207000   207000         345.1507      -630.74524      20167.207      20835.832      6315.9793      14519.852      3116.0481      4347.667       3917.185       351.02802     -871.0324       11079.435     -7420.478      -547.02381      72686.328      41.733446      41.733446      41.733446      1.1860165     -725.25997      865.72458     -2032.7003    
    208000   208000         350.53021     -542.4824       20406.402      20979.857      6414.42        14565.437      3090.6172      4279.0973      4077.7692      359.18198     -913.26271      11090.053     -7418.0197     -548.55639      72483.254      41.694544      41.694544      41.694544      1.1893393     -187.33521     -1005.8578     -434.25418    
    209000   209000         351.79112      184.84839      21175.79       20980.9        6437.4935      14543.407      3160.3176      4300.23        3952.8178      337.97826     -862.43294      11073.888     -7419.3914     -549.99923      72293.105      41.658052      41.658052      41.658052      1.1924676      528.88835     -109.9686       135.62541    
    210000   210000         348.48455      960.4127       21872.36       20860.454      6376.9861      14483.468      3184.0847      4325.3503      3890.4794      350.46057     -930.03348      11081.98      -7418.8532     -550.3673       72244.757      41.648763      41.648763      41.648763      1.1932656      1405.7573      257.29726      1218.1835    
    211000   211000         350.78271     -1221.3887      19574.688      20863.439      6419.0405      14444.398      3115.5814      4302.9978      3957.4438      339.91445     -926.2876       11073.761     -7419.0129     -549.56618      72350.071      41.668991      41.668991      41.668991      1.1915287     -307.88569     -1197.8168     -2158.4636    
    212000   212000         349.10846     -535.8173       20381.311      20949.426      6388.4031      14561.023      3107.9748      4348.1807      4003.5298      348.71137     -902.03175      11076.98      -7422.3223     -546.90958      72701.509      41.736351      41.736351      41.736351      1.1857688      895.10506     -837.79895     -1664.758     
    213000   213000         348.48145     -805.97605      20072.333      20920.657      6376.9292      14543.728      3225.4545      4334.7906      3912.4014      346.04945     -916.14513      11062.463     -7421.2865     -550.92821      72171.204      41.634624      41.634624      41.634624      1.1944817      1086.0132     -2133.376      -1370.5654    
    214000   214000         346.33538     -113.24544      20717.283      20836.175      6337.658       14498.517      3144.9989      4339.0917      3919.3408      357.58513     -918.39795      11073.19      -7417.2914     -552.33601      71987.253      41.599221      41.599221      41.599221      1.197534       1285.3447     -134.30307     -1490.778     
    215000   215000         351.00848      1250.3068      22285.071      20973.692      6423.1719      14550.521      3126.1845      4334.8868      3949.3436      364.31096     -895.37643      11089.894     -7418.7233     -552.8706       71917.645      41.585809      41.585809      41.585809      1.1986931      1566.8627     -638.89313      2822.9507    
    216000   216000         345.49764      684.88896      21579.4        20856.965      6322.3279      14534.637      3102.942       4312.8381      3876.3106      366.03808     -783.85454      11079.649     -7419.2869     -549.73832      72327.416      41.664642      41.664642      41.664642      1.1919019      290.57438      431.58939      1332.5031    
    217000   217000         355.52098     -500.23608      20497.094      21021.995      6505.747       14516.248      3117.7067      4308.7396      3941.3538      361.38439     -884.1552       11090.165     -7418.9465     -552.6278       71949.243      41.591898      41.591898      41.591898      1.1981666     -176.00188     -423.70605     -901.0003     
    218000   218000         350.76068     -384.35314      20421.561      20825.478      6418.6373      14406.841      3107.2536      4318.7533      3895.6565      334.99739     -897.31165      11070.794     -7423.3025     -551.78903      72058.612      41.612962      41.612962      41.612962      1.1963481      462.82071     -123.55313     -1492.327     
    219000   219000         349.83952     -74.193282      20823.634      20902.101      6401.7808      14500.32       3148.6921      4419.5342      3849.0404      360.04348     -940.13694      11080.676     -7417.5288     -548.29271      72518.111      41.701226      41.701226      41.701226      1.1887676      664.0424      -980.11047      93.488225    
    220000   220000         339.78938     -431.91681      20290.99       20745.148      6217.8714      14527.277      3119.6402      4332.42        3941.0524      367.61962     -880.64988      11066.917     -7419.7225     -551.47734      72099.339      41.6208        41.6208        41.6208        1.1956723      653.03288     -450.10411     -1498.6792    
    221000   221000         353.39827      1383.5197      22397.802      20927.574      6466.9031      14460.671      3085.4698      4326.9476      3909.299       339.45956     -860.78678      11079.897     -7419.6146     -545.67699      72865.73       41.767752      41.767752      41.767752      1.1830964      788.52231      1008.3689      2353.6679    
    222000   222000         348.73093      1155.8403      22184.563      20966.899      6381.4946      14585.404      3253.2212      4270.674       3909.3075      367.24212     -888.26542      11092.436     -7419.211      -550.43381      72236.028      41.647086      41.647086      41.647086      1.1934098      628.92992      2592.0131      246.5779     
    223000   223000         353.30713      345.63334      21307.842      20944.295      6465.2353      14479.06       3103.5409      4282.4122      3984.7305      348.16753     -897.69033      11075.734     -7417.8353     -551.30202      72122.267      41.625212      41.625212      41.625212      1.1952922      542.77503     -698.38672      1192.5117    
    224000   224000         351.5221       570.5029       21544.057      20946.396      6432.5708      14513.825      3214.0713      4271.4786      3961.7039      337.05316     -921.04841      11073.226     -7422.6596     -553.52546      71832.562      41.569403      41.569403      41.569403      1.2001129      1386.7831      717.13456     -392.40894    
    225000   225000         348.83131      846.36502      21787.642      20902.213      6383.3315      14518.881      3170.8281      4362.1162      3908.3346      361.55838     -928.01584      11065.959     -7421.8991     -554.29217      71733.201      41.550227      41.550227      41.550227      1.2017752      294.40763      2404.1089     -159.42151    
    226000   226000         344.76798     -741.70777      20030.486      20812.797      6308.9758      14503.822      3200.4962      4275.4287      3913.2745      361.44785     -894.32846      11065.814     -7418.3115     -549.77874      72322.098      41.66362       41.66362       41.66362       1.1919895     -61.717233     -527.73662     -1635.6695    
    227000   227000         354.9063      -738.64842      20231.723      21005.785      6494.4989      14511.286      3155.4314      4246.3341      3996.0444      348.50694     -893.36056      11075.753     -7417.4236     -553.34643      71855.803      41.573886      41.573886      41.573886      1.1997247      644.24176     -2053.8078     -806.37918    
    228000   228000         344.07079     -737.85069      20035.415      20812.304      6296.2178      14516.086      3173.7427      4271.5399      4001.429       341.49728     -930.57344      11077.805     -7419.3539     -550.73716      72196.24       41.639438      41.639438      41.639438      1.1940675      84.599277     -250.36924     -2047.7821    
    229000   229000         348.1926       1214.3362      22038.436      20762.093      6371.6435      14390.45       3141.4603      4265.3754      3851.4871      353.23109     -897.59439      11094.252     -7417.7616     -551.70443      72069.663      41.615089      41.615089      41.615089      1.1961646      373.44104      1281.5942      1987.9732    
    230000   230000         353.15397     -519.7074       20384.057      20933.147      6462.4326      14470.714      3240.8368      4247.6101      3865.968       347.92882     -900.81472      11084.626     -7415.4406     -548.84583      72445.028      41.687213      41.687213      41.687213      1.1899669      884.93482     -1485.9452     -958.11182    
    231000   231000         350.45572     -402.93533      20511.8        20937.513      6413.0568      14524.456      3190.8088      4288.089       3912.1545      346.33338     -866.31639      11073.151     -7419.7646     -548.84971      72444.517      41.687115      41.687115      41.687115      1.1899753     -1222.4053     -310.30131      323.90059    
    232000   232000         342.74205     -161.33517      20625.601      20795.228      6271.9029      14523.325      3171.3887      4291.0034      3944.9489      354.52181     -885.77187      11067.092     -7419.858      -551.52744      72092.79       41.61954       41.61954       41.61954       1.1957809      1102.8689     -1181.1093     -405.76504    
    233000   233000         346.53574      1608.3953      22575.924      20883.181      6341.3244      14541.857      3236.196       4307.8315      3890.8066      359.21554     -924.28203      11090.835     -7418.7461     -550.98104      72164.284      41.633294      41.633294      41.633294      1.1945962      2313.1479      488.66322      2023.3749    
    234000   234000         346.28374      782.56171      21645.884      20823.926      6336.713       14487.213      3193.8896      4261.3003      3922.1914      346.03641     -886.01856      11073.214     -7423.3996     -552.08252      72020.306      41.605587      41.605587      41.605587      1.1969844      378.32559      341.89152      1627.468     
    235000   235000         347.75297      1033.9388      21874.994      20788.361      6363.5988      14424.762      3155.3275      4291.9457      3909.1337      342.40799     -928.40324      11075.622     -7421.2715     -551.75583      72062.949      41.613797      41.613797      41.613797      1.1962761      928.92582      1863.4096      309.48106    
    236000   236000         347.69755      636.32937      21431.982      20760.366      6362.5845      14397.781      3148.9717      4297.5504      3901.4139      351.86864     -955.16408      11074.023     -7420.8825     -549.40897      72370.774      41.672965      41.672965      41.672965      1.1911878      832.29035      1831.1561     -754.45832    
    237000   237000         349.61279     -592.05225      20203.309      20828.873      6397.6319      14431.241      3136.1406      4297.9987      3969.1269      331.2801      -958.43433      11073.387     -7418.2581     -548.81142      72449.571      41.688084      41.688084      41.688084      1.1898922     -157.44114     -1517.1991     -101.51649    
    238000   238000         348.05073      1078.813       21972.499      20835.352      6369.0474      14466.304      3125.0911      4265.4477      3945.364       356.46482     -884.75476      11076.364     -7417.6726     -550.12851      72276.116      41.654789      41.654789      41.654789      1.1927479      322.99871     -53.867533      2967.3077    
    239000   239000         344.58561     -3222.7373      17393.765      20790.773      6305.6385      14485.135      3055.3176      4315.3031      4092.7489      350.39827     -985.74837      11072.046     -7414.931      -550.12717      72276.292      41.654822      41.654822      41.654822      1.192745      -3281.4356     -2062.994      -4323.7824    
    240000   240000         348.82384     -1522.1075      19142.992      20747.51       6383.1947      14364.316      3058.0785      4193.8109      4021.1658      363.28281     -922.17196      11070.298     -7420.1484     -550.09227      72280.878      41.655703      41.655703      41.655703      1.1926693     -847.99701     -2290.861      -1427.4644    
    241000   241000         349.67547      181.35406      21083.675      20892.778      6398.7789      14493.999      3100.4157      4264.2158      3988.4676      360.33976     -881.62587      11083.923     -7421.7372     -550.88737      72176.554      41.635653      41.635653      41.635653      1.1943932      450.93281     -313.34739      406.47674    
    242000   242000         350.12263      402.64674      21267.296      20841.241      6406.9615      14434.28       3103.1971      4304.4859      3873.6119      348.59202     -864.35047      11086.74      -7417.9969     -548.01644      72554.669      41.708233      41.708233      41.708233      1.1881686     -627.10796      2109.4757     -274.42751    
    243000   243000         345.22149      103.64892      20902.771      20793.41       6317.2747      14476.135      3078.6742      4302.8729      4009.2657      347.28541     -933.95408      11090.475     -7418.4839     -549.58874      72347.101      41.668421      41.668421      41.668421      1.1915776     -719.31346      721.32932      308.93091    
    244000   244000         347.25914     -1300.6744      19317.362      20684.972      6354.562       14330.41       3049.2455      4295.5183      3909.8253      342.39185     -932.74241      11081.721     -7415.5502     -551.49466      72097.075      41.620365      41.620365      41.620365      1.1957099     -903.61616     -1851.6717     -1146.7352    
    245000   245000         346.45862      539.97237      21346.07       20777.054      6339.9131      14437.141      3162.6926      4212.6169      3933.2528      343.4119      -857.34831      11061.597     -7419.0819     -550.27788      72256.497      41.651019      41.651019      41.651019      1.1930717      1438.178      -1066.8504      1248.5895    
    246000   246000         348.83248      1897.3265      22863.887      20873.196      6383.3529      14489.843      3201.7242      4242.1803      3908.6576      363.3647      -867.4281       11066.513     -7425.1692     -552.67917      71942.556      41.59061       41.59061       41.59061       1.198278       2132.1439      1333.5077      2226.328     
    247000   247000         350.35404     -687.60654      20091.681      20810.795      6411.1962      14399.599      3087.3674      4315.3986      3913.8853      352.36985     -933.6321       11080.235     -7416.0258     -554.46881      71710.349      41.545815      41.545815      41.545815      1.2021582     -718.45945     -819.10714     -525.25303    
    248000   248000         346.10774     -1104.7511      19533.875      20692.114      6333.4923      14358.621      3147.9565      4239.0489      3952.5557      346.24773     -972.96183      11067.416     -7421.6414     -553.097        71888.208      41.580134      41.580134      41.580134      1.1991839     -2527.2883      45.020289     -831.98516    
    249000   249000         337.94722      458.70533      21138.904      20657.003      6184.1614      14472.841      3208.7055      4304.5894      3879.8752      347.69375     -925.93544      11077.801     -7419.888      -551.9642       72035.744      41.60856       41.60856       41.60856       1.1967279     -217.88845      267.12179      1326.8827    
    250000   250000         349.05845     -420.21398      20338.873      20778.822      6387.4879      14391.334      3159.1791      4224.3408      3906.851       341.98061     -877.8369       11056.003     -7419.1836     -553.8632       71788.759      41.560952      41.560952      41.560952      1.2008451     -1142.901       586.23682     -703.97777    
Loop time of 478.625 on 1 procs for 250000 steps with 6140 atoms

Performance: 45.129 ns/day, 0.532 hours/ns, 522.330 timesteps/s, 3.207 Matom-step/s
100.0% CPU use with 1 MPI tasks x 1 OpenMP threads

MPI task timing breakdown:
Section |  min time  |  avg time  |  max time  |%varavg| %total
---------------------------------------------------------------
Pair    | 51.19      | 51.19      | 51.19      |   0.0 | 10.70
Bond    | 66.236     | 66.236     | 66.236     |   0.0 | 13.84
Kspace  | 234.27     | 234.27     | 234.27     |   0.0 | 48.95
Neigh   | 31.985     | 31.985     | 31.985     |   0.0 |  6.68
Comm    | 6.117      | 6.117      | 6.117      |   0.0 |  1.28
Output  | 2.127      | 2.127      | 2.127      |   0.0 |  0.44
Modify  | 76.831     | 76.831     | 76.831     |   0.0 | 16.05
Other   |            | 9.865      |            |       |  2.06

Nlocal:           6140 ave        6140 max        6140 min
Histogram: 1 0 0 0 0 0 0 0 0 0
Nghost:          16770 ave       16770 max       16770 min
Histogram: 1 0 0 0 0 0 0 0 0 0
Neighs:              0 ave           0 max           0 min
Histogram: 1 0 0 0 0 0 0 0 0 0
FullNghs:  3.34176e+06 ave 3.34176e+06 max 3.34176e+06 min
Histogram: 1 0 0 0 0 0 0 0 0 0

Total # of neighbors = 3341758
Ave neighs/atom = 544.26026
Ave special neighs/atom = 5.6319218
Neighbor list builds = 7441
Dangerous builds = 0

# --- Cleanup ---
unfix npt_fix

undump dump_npt

# --- Write Output ---
write_dump all custom cool_block_17_last.dump id type mol x y z xu yu zu vx vy vz modify sort id
write_data /home/alexzhao/PolyJarvis/data/PEEK_3/attempts/cooling/attempt-0001/work/cool_block_17/cool_block_17_out.data
System init for write_data ...
PPPM Kokkos initialization ...
  using 12-bit tables for long-range coulomb
  G vector (1/distance) = 0.30708939
  grid = 32 32 32
  stencil order = 5
  estimated absolute RMS force accuracy = 0.00038101928
  estimated relative force accuracy = 1.1474282e-06
  using double precision cuFFT
  3d grid and FFT values/proc = 59319 32768
Generated 21 of 21 mixed pair_coeff terms from sixthpower/sixthpower mixing rule
write_restart /home/alexzhao/PolyJarvis/data/PEEK_3/attempts/cooling/attempt-0001/work/cool_block_17/cool_block_17_out.restart
System init for write_restart ...
PPPM Kokkos initialization ...
  using 12-bit tables for long-range coulomb
  G vector (1/distance) = 0.30708939
  grid = 32 32 32
  stencil order = 5
  estimated absolute RMS force accuracy = 0.00038101928
  estimated relative force accuracy = 1.1474282e-06
  using double precision cuFFT
  3d grid and FFT values/proc = 59319 32768
Generated 21 of 21 mixed pair_coeff terms from sixthpower/sixthpower mixing rule

print "STAGE COMPLETE: NPT T=370.0->345.0K P=1.0->1.0atm steps=250000"
STAGE COMPLETE: NPT T=370.0->345.0K P=1.0->1.0atm steps=250000
quit
