units real
atom_style full
boundary p p p

# --- Force Field Styles ---
pair_style lj/class2/coul/long 9.5 9.5
kspace_style pppm 1e-6
dielectric 1.000000
bond_style class2
angle_style class2
dihedral_style class2
improper_style class2
special_bonds lj/coul 0 0 1
pair_modify mix sixthpower tail yes
neighbor 2.0 bin
neigh_modify delay 0 every 1 check yes
neigh_modify one 4000
# KOKKOS: package loaded via -pk kokkos on the command line

read_data /home/alexzhao/PolyJarvis/data/PSU_3/attempts/cooling/attempt-0001/work/cool_block_11/cool_block_11_out.data
Reading data file ...
  orthogonal box = (4.9013814 4.9013814 4.9013814) to (47.304329 47.304329 47.304329)
  1 by 1 by 1 MPI processor grid
  reading atoms ...
  6500 atoms
  reading velocities ...
  6500 velocities
  scanning bonds ...
  4 = max bonds/atom
  scanning angles ...
  16 = max angles/atom
  scanning dihedrals ...
  38 = max dihedrals/atom
  scanning impropers ...
  12 = max impropers/atom
  orthogonal box = (4.9013814 4.9013814 4.9013814) to (47.304329 47.304329 47.304329)
  1 by 1 by 1 MPI processor grid
  reading bonds ...
  6970 bonds
  reading angles ...
  11760 angles
  reading dihedrals ...
  17500 dihedrals
  reading impropers ...
  4800 impropers
Finding 1-2 1-3 1-4 neighbors ...
  special bond factors lj:    0        0        1       
  special bond factors coul:  0        0        1       
     4 = max # of 1-2 neighbors
    10 = max # of 1-3 neighbors
    14 = max # of special neighbors
  special bonds CPU = 0.003 seconds
  read_data CPU = 0.246 seconds


# --- Thermo Output ---
thermo_style custom step time temp press enthalpy etotal ke pe ebond eangle edihed eimp evdwl ecoul elong etail vol lx ly lz density pxx pyy pzz
thermo_modify flush yes
thermo 1000

# --- Trajectory ---
dump dump_npt all custom 1000 cool_block_12.dump id type mol x y z ix iy iz vx vy vz


# --- Restart Checkpointing ---
restart 10000 npt_1.rst npt_2.rst

# --- Initial Velocities (optional) ---
# Velocities read from data file

# --- SHAKE Constraints ---
# SHAKE disabled

# --- NPT Thermostat + Barostat (Nose-Hoover) ---
# T_damp = 100.0 fs  (heat bath coupling)
# P_damp = 1000.0 fs  (pressure bath coupling, ~10x T_damp typical)
# Ramp: T=425.0->400.0K  P=1.0->1.0atm
timestep 1.0
fix npt_fix all npt temp 425.0 400.0 100.0 iso 1.0 1.0 1000.0

run 250000
PPPM Kokkos initialization ...
  using 12-bit tables for long-range coulomb
  G vector (1/distance) = 0.30035878
  grid = 30 30 30
  stencil order = 5
  estimated absolute RMS force accuracy = 0.00031938323
  estimated relative force accuracy = 9.6181311e-07
  using double precision cuFFT
  3d grid and FFT values/proc = 50653 27000
Generated 28 of 28 mixed pair_coeff terms from sixthpower/sixthpower mixing rule
Neighbor list info ...
  update: every = 1 steps, delay = 0 steps, check = yes
  max neighbors/atom: 4000, page size: 100000
  master list distance cutoff = 11.5
  ghost atom cutoff = 11.5
  binsize = 11.5, bins = 4 4 4
  1 neighbor lists, perpetual/occasional/extra = 1 0 0
  (1) pair lj/class2/coul/long/kk, perpetual
      attributes: full, newton off, kokkos_device
      pair build: full/bin/kk/device
      stencil: full/bin/3d
      bin: kk/device
Per MPI rank memory allocation (min/avg/max) = 45.05 | 45.05 | 45.05 Mbytes
   Step          Time           Temp          Press         Enthalpy        TotEng         KinEng         PotEng         E_bond        E_angle        E_dihed        E_impro         E_vdwl         E_coul         E_long         E_tail         Volume           Lx             Ly             Lz          Density          Pxx            Pyy            Pzz      
         0   0              422.53564     -655.39444      18634.439      19363.17       8185.4807      11177.689      3857.7988      3779.0481      2801.5548      329.68984     -107.86343      4903.0608     -4385.6001     -516.57775      76240.92       42.402947      42.402947      42.402947      1.1570645     -1715.967      -1211.8599      961.64358    
      1000   1000           419.51022     -375.5797       18874.631      19292.172      8126.8713      11165.3        3910.3703      3732.6415      2818.8741      313.84096     -126.86641      4900.1889     -4383.7491     -516.65815      76229.056      42.400747      42.400747      42.400747      1.1572446     -926.08385     -284.57649      83.921243    
      2000   2000           422.88369      2481.356       22088.82       19329.071      8192.2231      11136.848      3890.7527      3781.5496      2676.846       311.0466      -26.856696      4890.7163     -4387.2067     -516.43924      76261.367      42.406738      42.406738      42.406738      1.1567543      2090.6805      1114.2849      4239.1024    
      3000   3000           415.80301      380.19548      19577.731      19154.575      8055.0543      11099.521      3915.8193      3687.4072      2740.9016      321.85275     -88.294476      4904.78       -4382.9452     -516.06747      76316.305      42.416918      42.416918      42.416918      1.1559216     -329.32725      1652.4577     -182.544      
      4000   4000           426.70442      2372.5346      22066.614      19426.99       8266.2394      11160.751      3947.9491      3741.3423      2679.7162      313.7274      -46.762664      4907.4785     -4382.6998     -516.2621       76287.534      42.411587      42.411587      42.411587      1.1563575      584.96049      3053.8337      3478.8096    
      5000   5000           426.26312      607.82418      20055.372      19383.041      8257.6904      11125.351      3814.1239      3748.9409      2773.8174      326.45734     -61.442526      4904.3367     -4380.8833     -519.27145      75845.423      42.329499      42.329499      42.329499      1.163098       473.25021     -411.13546      1761.3578    
      6000   6000           417.77229      1592.1109      21049.88       19290.399      8093.2038      11197.195      3895.7948      3796.627       2776.4087      316.13376     -98.669687      4897.3801     -4386.4793     -519.74291      75776.623      42.316696      42.316696      42.316696      1.164154       1348.403       1203.7542      2224.1757    
      7000   7000           426.56855      684.27032      20189.705      19429.016      8263.6073      11165.408      3843.7705      3721.0413      2824.9204      329.24269     -65.46748       4897.1155     -4385.2144     -516.67794      76226.135      42.400206      42.400206      42.400206      1.1572889      2048.2491     -691.93242      696.49431    
      8000   8000           425.37951      455.97994      19902.537      19396.286      8240.5729      11155.713      3813.0152      3721.4897      2839.6901      315.63311     -48.402784      4897.96       -4383.6725     -517.34368      76128.044      42.382011      42.382011      42.382011      1.1587801     -155.99129      779.90915      744.02195    
      9000   9000           421.76211     -282.20995      18976.53       19288.863      8170.4955      11118.367      3779.7082      3720.701       2859.0274      321.31646     -93.307821      4913.9076     -4382.9854     -518.98388      75887.449      42.337316      42.337316      42.337316      1.1624539     -537.19731      51.35118      -360.78372    
     10000   10000          423.44584      565.67239      20076.865      19450.069      8203.1132      11246.956      3891.4018      3698.3531      2842.2499      332.53308     -43.397582      4908.1028     -4382.2876     -518.36787      75977.631      42.35408       42.35408       42.35408       1.1610741      1318.2958      111.66318      267.05817    
     11000   11000          427.64646      128.334        19607.424      19465.749      8284.4889      11181.26       3857.1966      3657.7894      2931.4325      333.53837     -128.77587      4912.714      -4382.6346     -520.29553      75696.139      42.301709      42.301709      42.301709      1.1653918      777.08751     -73.134361     -318.95115    
     12000   12000          424.12632      155.95756      19491.728      19318          8216.2957      11101.705      3784.5824      3752.8254      2811.3622      324.10903     -102.5545       4913.3136     -4381.9335     -515.63038      76380.996      42.4289        42.4289        42.4289        1.1549425     -109.48815      796.01203     -218.6512     
     13000   13000          424.05215     -1035.5308      18195.011      19340.293      8214.859       11125.434      3776.1562      3715.9727      2914.0675      328.80631     -128.69524      4905.4595     -4386.3328     -519.33825      75835.667      42.327684      42.327684      42.327684      1.1632477     -206.04861     -1212.3633     -1688.1805    
     14000   14000          423.79743     -356.93525      18883.571      19279.964      8209.9244      11070.039      3765.9801      3750.5705      2863.8668      318.64997     -135.73636      4893.7129     -4387.0047     -517.20648      76148.239      42.385758      42.385758      42.385758      1.1584728     -965.74028      110.52994     -215.59541    
     15000   15000          426.68332      1135.0109      20799.477      19546.036      8265.8306      11280.205      3870.8084      3855.556       2780.0444      325.6883      -68.299183      4900.9539     -4384.5468     -520.11062      75723.05       42.306721      42.306721      42.306721      1.1649777      1165.0665     -30.925903      2270.8921    
     16000   16000          419.0729      -1391.0834      17720.102      19253.589      8118.3995      11135.19       3802.6807      3741.4461      2863.3877      325.02936     -110.40727      4896.3647     -4383.3114     -521.04179      75587.723      42.281503      42.281503      42.281503      1.1670634     -1580.2047     -2733.1336      140.08821    
     17000   17000          422.99808     -1149.0068      18083.316      19363.779      8194.4391      11169.34       3761.348       3795.9732      2875.3137      324.72938     -111.11503      4905.5171     -4382.426      -515.41291      76413.224      42.434867      42.434867      42.434867      1.1544554     -707.15443     -260.11496     -2479.751     
     18000   18000          423.24499     -1168.5557      17887.53       19192.962      8199.2224      10993.74       3747.6115      3693.5419      2848.4145      317.19472     -128.43185      4900.2205     -4384.8113     -514.15581      76600.053      42.469423      42.469423      42.469423      1.1516397     -1025.1031     -1377.8072     -1102.7568    
     19000   19000          431.62294      1485.9244      21173.245      19520.579      8361.5224      11159.056      3849.197       3698.9038      2857.8457      317.76632     -94.809087      4912.56       -4382.4073     -516.42987      76262.751      42.406994      42.406994      42.406994      1.1567333      666.99029      1920.4234      1870.3595    
     20000   20000          428.40273      1498.189       21011.189      19351.152      8299.1396      11052.013      3803.5873      3659.0051      2792.1517      326.22428     -39.325578      4893.5798     -4383.21       -518.38038      75975.797      42.353739      42.353739      42.353739      1.1611022      1696.5318      2138.5056      659.5295     
     21000   21000          416.33586      674.6523       19944.662      19199.579      8065.3767      11134.202      3912.1226      3679.9882      2768.0512      315.10536     -58.548594      4898.5075     -4381.0241     -520.08588      75726.652      42.307392      42.307392      42.307392      1.1649223      364.29392      1524.8928      134.77015    
     22000   22000          426.89906      791.32112      20297.904      19422.101      8270.0101      11152.091      3878.3871      3770.1279      2750.9509      313.68496     -77.132502      4898.6432     -4382.5706     -518.97466      75888.797      42.337566      42.337566      42.337566      1.1624333      781.11851      345.918        1246.9268    
     23000   23000          418.31484     -184.28373      19155.924      19361.427      8103.7141      11257.712      3886.8088      3723.294       2855.3534      321.09037     -59.682344      4913.5929     -4382.7447     -515.0746       76463.415      42.444155      42.444155      42.444155      1.1536977     -1272.056       440.02457      279.18018    
     24000   24000          420.52533      53.500096      19374.819      19315.26       8146.5364      11168.724      3865.0054      3651.5718      2870.545       315.61398     -51.69654       4901.7155     -4384.0314     -515.95014      76333.66       42.420133      42.420133      42.420133      1.1556588      945.70451     -1436.9024      651.69815    
     25000   25000          408.87378     -309.16338      18570.849      18916.544      7920.8192      10995.724      3823.6401      3696.093       2746.4354      308.96474     -118.68215      4919.5216     -4380.2483     -513.68352      76670.481      42.482434      42.482434      42.482434      1.1505818      1300.2512     -2209.1028     -18.638561    
     26000   26000          422.5064      -1499.8225      17659.694      19331.511      8184.9143      11146.597      3850.3632      3679.9387      2838.6058      317.24201     -63.642713      4904.4638     -4380.3739     -515.28891      76431.613      42.43827       42.43827       42.43827       1.1541777     -1996.3856     -704.25536     -1798.8264    
     27000   27000          420.65448     -1035.6477      18019.527      19170.864      8149.0384      11021.826      3778.1235      3763.2084      2786.7222      316.90216     -147.38277      4904.8626     -4380.6102     -516.66516      76228.02       42.400556      42.400556      42.400556      1.1572603     -1782.9684     -1183.6683     -140.30625    
     28000   28000          427.44517      33.632913      19479.455      19442.185      8280.5894      11161.596      3847.7057      3774.1323      2778.0842      321.35437     -82.917371      4901.4613     -4378.2244     -518.32879      75983.358      42.355144      42.355144      42.355144      1.1609866      2047.2615      35.371002     -1981.7338    
     29000   29000          420.93726      450.96868      19765.115      19266.002      8154.5164      11111.485      3861.4595      3871.9333      2658.3201      294.3006      -104.18538      4909.7884     -4380.1313     -518.97506      75888.738      42.337555      42.337555      42.337555      1.1624342      894.94393      982.66879     -524.70667    
     30000   30000          420.6498      -1334.5437      17736.477      19205.314      8148.9476      11056.366      3828.905       3721.3924      2828.4589      303.2743      -149.25445      4907.5874     -4383.9977     -521.86611      75468.328      42.25923       42.25923       42.25923       1.1689097     -1162.8778     -600.47646     -2240.2767    
     31000   31000          424.96209      72.537511      19441.965      19361.491      8232.4865      11129.004      3816.8778      3733.4943      2838.9201      331.75367     -111.24924      4902.244      -4383.0362     -517.73393      76070.662      42.371359      42.371359      42.371359      1.1596542      237.91655     -869.90408      849.60006    
     32000   32000          421.55893      165.22621      19423.007      19239.019      8166.5596      11072.459      3764.648       3724.4357      2849.7445      318.41992     -110.73043      4910.7428     -4384.8014     -515.80808      76354.684      42.424027      42.424027      42.424027      1.1553405      125.8085      -1802.9359      2172.806     
     33000   33000          422.42738      1161.1619      20532.451      19248.296      8183.3835      11064.913      3827.2895      3697.0735      2782.3857      307.83789     -75.048439      4906.7017     -4381.3269     -519.36784      75831.347      42.32688       42.32688       42.32688       1.1633139      1939.6496      990.75679      553.07936    
     34000   34000          413.08648      237.44362      19521.373      19256.798      8002.4288      11254.369      3847.5935      3717.6739      2892.3901      331.25122     -63.148678      4910.756      -4382.1466     -515.4801       76403.265      42.433023      42.433023      42.433023      1.1546059     -525.4313       1003.6817      234.08043    
     35000   35000          422.90018      579.45538      19954.01       19307.994      8192.5425      11115.452      3772.6427      3748.1739      2821.2073      312.46397     -56.271129      4899.1202     -4381.8851     -515.20058      76444.717      42.440696      42.440696      42.440696      1.1539798      961.77306      321.91695      454.67612    
     36000   36000          419.95881      898.50173      20137.552      19136.1        8135.5616      11000.538      3839.0786      3687.3211      2731.8282      309.59827     -98.905018      4910.5744     -4378.9574     -515.3333       76425.029      42.437052      42.437052      42.437052      1.1542771      1215.1385      521.12661      959.24009    
     37000   37000          424.87922     -590.31276      18683.389      19341.498      8230.8812      11110.617      3794.0923      3642.6137      2887.771       319.14576     -78.828619      4928.3571     -4382.5347     -515.20985      76443.342      42.440441      42.440441      42.440441      1.1540006     -1261.7266      252.30265     -761.51433    
     38000   38000          413.76855     -1293.3423      17564.091      19005.924      8015.6421      10990.282      3773.3327      3656.9074      2819.1376      313.6661      -79.070276      4890.2838     -4383.9751     -515.22626      76440.906      42.43999       42.43999       42.43999       1.1540374     -168.99747     -1182.3363     -2528.6932    
     39000   39000          420.76065      306.4937       19581.366      19240.201      8151.095       11089.106      3831.1219      3801.028       2727.7519      302.00977     -96.865424      4907.1189     -4383.0588     -516.008        76325.101      42.418548      42.418548      42.418548      1.1557883      157.01566      1810.9978     -1048.5324    
     40000   40000          423.70754     -7.4067169      19109.164      19117.384      8208.183       10909.201      3704.3602      3651.5877      2765.4025      329.45705     -66.079209      4905.0268     -4380.5543     -517.54952      76097.767      42.376391      42.376391      42.376391      1.1592411     -1301.5904     -707.3666       1986.7368    
     41000   41000          417.28061     -1069.9671      17903.394      19089.059      8083.6787      11005.381      3820.4822      3712.2863      2750.4145      319.01961     -126.89959      4910.0707     -4379.993      -518.33184      75982.911      42.355061      42.355061      42.355061      1.1609934      264.99055     -1077.5999     -2397.2918    
     42000   42000          423.4215      -511.67494      18722.157      19289.96       8202.6418      11087.318      3833.3202      3701.776       2805.4388      327.09732     -88.628074      4891.8569     -4383.5433     -517.60224      76090.016      42.374952      42.374952      42.374952      1.1593592     -128.10907     -1957.2325      550.31678    
     43000   43000          413.03789      791.88724      19893.119      19013.468      8001.4875      11011.981      3828.1335      3648.8497      2743.5266      318.10549     -48.003404      4903.8186     -4382.4497     -517.07434      76167.699      42.389368      42.389368      42.389368      1.1581768      166.96007      1041.4042      1167.2975    
     44000   44000          422.51612      603.89955      19849.531      19178.738      8185.1024      10993.636      3829.4965      3739.0164      2764.3718      324.1363      -182.60863      4904.7153     -4385.4916     -517.10219      76163.596      42.388607      42.388607      42.388607      1.1582392      2035.1865     -1195.3795      971.89167    
     45000   45000          425.64433     -607.20796      18680.098      19354.185      8245.7031      11108.481      3849.4421      3717.7873      2795.2954      309.98544     -99.70375       4914.0425     -4378.3675     -517.39388      76120.658      42.38064       42.38064       42.38064       1.1588925      564.28035     -1286.8684     -1099.0358    
     46000   46000          420.73543     -14.3857        19202.387      19218.423      8150.6065      11067.817      3793.83        3718.4185      2807.5944      299.19248     -82.852759      4912.9056     -4381.2714     -515.26674      76434.901      42.438879      42.438879      42.438879      1.154128       116.72317     -202.04801      42.167741    
     47000   47000          418.70091     -528.90684      18713.892      19302.361      8111.1932      11191.168      3886.7158      3722.7914      2782.5042      318.31554     -45.357546      4905.0924     -4378.8938     -516.24436      76290.155      42.412073      42.412073      42.412073      1.1563178     -397.92481      799.94533     -1988.741     
     48000   48000          417.6447       1.5293922      19135.895      19134.179      8090.7319      11043.447      3835.9137      3667.609       2749.4254      311.40738     -45.700521      4902.9882     -4378.1961     -511.86245      76943.255      42.532755      42.532755      42.532755      1.1465029     -147.47637     -811.41509      963.47964    
     49000   49000          421.18676      2242.8647      21874.906      19377.45       8159.3498      11218.1        3850.2502      3768.11        2803.4939      318.69116     -49.049976      4909.7593     -4383.1545     -515.82795      76351.742      42.423483      42.423483      42.423483      1.1553851      2570.0032      2108.6948      2049.8962    
     50000   50000          417.36127      833.77663      20046.511      19124.808      8085.2412      11039.567      3866.0061      3734.3688      2668.5076      312.42575     -71.619335      4912.8764     -4382.998      -519.5877       75799.259      42.320909      42.320909      42.320909      1.1638064      1336.6466     -56.192201      1220.8755    
     51000   51000          417.2432       1353.1359      20594.321      19088.472      8082.9539      11005.518      3720.6925      3772.5887      2725.6604      308.09197     -53.913515      4916.7081     -4384.3104     -516.13074      76306.95       42.415185      42.415185      42.415185      1.1560633      3123.5234     -749.44904      1685.3333    
     52000   52000          424.66035      381.27193      19717.236      19293.544      8226.6411      11066.902      3798.9957      3697.8832      2792.1173      328.71733     -76.753302      4910.359      -4384.4168     -516.87336      76197.315      42.394862      42.394862      42.394862      1.1577266      155.72193     -162.85759      1150.9515    
     53000   53000          415.71357      771.70279      19922.721      19066.185      8053.3215      11012.864      3762.5221      3661.6068      2776.4849      321.35936     -34.694981      4906.6651     -4381.0797     -517.49282      76106.105      42.377939      42.377939      42.377939      1.1591141      1503.5505     -145.81392      957.37181    
     54000   54000          422.16002      685.56927      19986.566      19228.261      8178.2041      11050.057      3826.6456      3672.8602      2800.3103      316.12988     -97.541498      4910.0294     -4378.377      -519.2863       75843.253      42.329095      42.329095      42.329095      1.1631313      2039.9806      281.37594     -264.64869    
     55000   55000          422.09788      199.53596      19545.254      19321.876      8177.0002      11144.876      3871.1228      3828.5624      2732.53        312.78996     -138.73275      4921.6312     -4383.028      -513.07334      76761.662      42.499269      42.499269      42.499269      1.1492151      631.24509     -238.43325      205.79606    
     56000   56000          419.04506     -627.42763      18349.109      19045.091      8117.8602      10927.231      3748.7021      3729.5843      2779.5236      301.91392     -157.4808       4907.9149     -4382.927      -517.80362      76060.423      42.369458      42.369458      42.369458      1.1598103      794.7761       34.706327     -2711.7653    
     57000   57000          417.78066     -781.63654      18316.032      19192.559      8093.3659      11099.193      3773.2567      3806.7851      2770.6565      321.05848     -106.74816      4912.7263     -4378.5419     -512.19955      76892.614      42.523422      42.523422      42.523422      1.1472579     -1691.3568      185.88505     -839.43785    
     58000   58000          421.72445      24.543057      19358.154      19330.926      8169.7661      11161.16       3894.2179      3774.7291      2803.3509      322.67832     -155.13009      4902.4198     -4381.106      -517.75         76068.3        42.370921      42.370921      42.370921      1.1596902      791.25879     -1516.5297      798.90004    
     59000   59000          415.08588      63.57685       19169.757      19098.237      8041.1618      11057.076      3775.7975      3805.6563      2661.5771      312.46619     -25.890113      4908.2283     -4380.7599     -510.59267      77134.603      42.567984      42.567984      42.567984      1.1436587      1114.8927      506.64026     -1430.8024    
     60000   60000          418.33697     -1961.3385      16980.881      19160.378      8104.1428      11056.236      3773.421       3749.0839      2855.3729      314.52441     -148.15951      4896.385      -4384.392      -516.88735      76195.253      42.394479      42.394479      42.394479      1.157758      -2377.0206     -1825.2627     -1681.7323    
     61000   61000          422.59473      151.38842      19303.447      19136.039      8186.6253      10949.413      3793.275       3688.6003      2766.5502      315.9934      -147.57221      4916.2712     -4383.7046     -519.41479      75824.492      42.325604      42.325604      42.325604      1.1634191      95.574384     -294.22228      652.81317    
     62000   62000          419.2949      -1760.6928      17300.521      19266.515      8122.7002      11143.815      3897.0274      3711.3123      2799.8287      307.09151     -96.707662      4908.266      -4383.0035     -514.4003       76563.646      42.462693      42.462693      42.462693      1.1521873     -2358.4692     -2825.3627     -98.246443    
     63000   63000          412.45613     -426.20508      18504.421      18978.058      7990.2175      10987.841      3771.8254      3652.8149      2800.0354      314.96369     -65.969768      4895.9071     -4381.7362     -516.85925      76199.396      42.395248      42.395248      42.395248      1.157695       478.46831     -1261.8512     -495.23238    
     64000   64000          418.71746      57.582498      19093.476      19029.153      8111.5137      10917.639      3676.5312      3599.2405      2844.048       320.71586     -39.881127      4898.6112     -4381.6265     -514.18953      76595.03       42.468494      42.468494      42.468494      1.1517152      1078.3607     -1050.8553      145.24206    
     65000   65000          425.7767       1056.8079      20554.15       19379.195      8248.2673      11130.928      3783.1393      3781.3568      2788.2686      322.35488     -64.768595      4903.5247     -4382.9477     -516.62401      76234.092      42.401681      42.401681      42.401681      1.1571681     -273.84103      1785.7604      1658.5043    
     66000   66000          422.84796      2242.0336      21682.536      19198.176      8191.5311      11006.645      3870.7686      3631.6706      2731.513       302.97562     -52.539738      4907.2721     -4385.0156     -518.35496      75979.524      42.354431      42.354431      42.354431      1.1610452      3309.2961      838.84591      2577.9589    
     67000   67000          416.33318     -541.87426      18326.922      18933.195      8065.3249      10867.87       3717.2714      3645.4514      2790.8333      300.12009     -114.70671      4910.4229     -4381.5227     -513.37003      76717.3        42.49108       42.49108       42.49108       1.1498796     -576.28825      660.06466     -1709.3992    
     68000   68000          420.69657      82.441771      19324.003      19231.762      8149.8537      11081.908      3770.5799      3746.4089      2770.5104      310.09076     -40.944979      4908.6102     -4383.3472     -513.35943      76718.885      42.491373      42.491373      42.491373      1.1498559     -65.379292      75.510793      237.19381    
     69000   69000          417.46626     -792.10351      18258.592      19136.098      8087.2752      11048.823      3825.6522      3626.4205      2905.8537      313.47159     -141.83378      4903.3295     -4384.0709     -518.47949      75961.275      42.35104       42.35104       42.35104       1.1613241      807.50419     -1276.2469     -1907.5678    
     70000   70000          420.49457     -1577.7429      17348.159      19102.045      8145.9405      10956.105      3688.3614      3791.2821      2734.2609      298.52195     -83.7641        4910.2099     -4382.7671     -516.69515      76223.596      42.399735      42.399735      42.399735      1.1573275     -667.74475     -1414.6367     -2650.8472    
     71000   71000          415.02807      1275.6741      20400.265      18976.176      8040.0418      10936.134      3684.3793      3807.0408      2657.9664      296.68158     -42.026093      4910.9122     -4378.8204     -514.51973      76545.875      42.459408      42.459408      42.459408      1.1524548      1238.6483      1918.7961      669.5779     
     72000   72000          417.88186      252.22731      19276.862      18996.061      8095.3264      10900.735      3677.7937      3670.7224      2735.9777      315.91092     -17.109967      4899.8088     -4382.3687     -515.93426      76336.009      42.420568      42.420568      42.420568      1.1556232      809.1884      -396.65086      344.14439    
     73000   73000          418.02504     -175.79232      18902.777      19098.531      8098.0999      11000.431      3778.8211      3662.2134      2808.1085      325.09909     -102.32455      4908.9937     -4380.4804     -515.80875      76354.584      42.424009      42.424009      42.424009      1.1553421      624.36701     -886.50064     -265.24333    
     74000   74000          415.157        289.65724      19358.609      19036.208      8042.5394      10993.668      3859.4134      3646.8099      2786.9101      307.13051     -132.07285      4909.7445     -4384.2673     -516.04432      76319.729      42.417553      42.417553      42.417553      1.1558697      1228.5583      683.48678     -1043.0734    
     75000   75000          418.31473     -387.51285      18725.67       19155.976      8103.7119      11052.264      3843.2422      3671.3705      2835.2454      311.25044     -126.97137      4898.4303     -4380.3031     -517.25879      76140.538      42.384329      42.384329      42.384329      1.15859       -651.38115     -1496.1059      984.94845    
     76000   76000          418.60642      584.65118      19861.258      19210.817      8109.3626      11101.454      3890.1646      3694.8323      2762.607       310.25113     -81.045831      4909.3584     -4384.7134     -516.28416      76284.275      42.410983      42.410983      42.410983      1.1564069      1939.8722      181.10666     -367.02529    
     77000   77000          416.37642     -993.44247      17992.517      19101.5        8066.1626      11035.337      3804.2649      3763.0355      2756.9518      313.00988     -119.24988      4900.9281     -4383.6031     -514.53796      76543.163      42.458906      42.458906      42.458906      1.1524957      392.7854      -590.96989     -2782.1429    
     78000   78000          416.22918      567.83108      19691.083      19059.668      8063.3101      10996.358      3808.3499      3776.6367      2696.6921      308.45987     -115.01147      4904.3591     -4383.1285     -516.54015      76246.469      42.403976      42.403976      42.403976      1.1569803      1862.3702     -113.26686     -45.610094    
     79000   79000          419.49686      1111.5525      20486.655      19260.121      8126.6125      11133.508      3835.6338      3713.7399      2810.5828      307.46905     -64.651666      4911.0884     -4380.3541     -520.53489      75661.331      42.295224      42.295224      42.295224      1.165928       968.2389       174.43221      2191.9864    
     80000   80000          412.88029     -302.5518       18767.172      19104.844      7998.4344      11106.409      3786.1094      3716.1961      2821.034       319.66481     -64.475468      4906.5389     -4378.6583     -514.64214      76527.668      42.456041      42.456041      42.456041      1.152729      -1036.7752     -32.15586       161.27565    
     81000   81000          413.52721     -766.94198      18022.88       18871.08       8010.9667      10860.113      3786.897       3614.6909      2774.8228      317.29738     -155.07422      4903.164      -4381.6848     -519.35466      75833.271      42.327238      42.327238      42.327238      1.1632844     -714.26965     -1285.0095     -301.54681    
     82000   82000          412.50956     -1898.8246      16895.333      19010.538      7991.2527      11019.285      3811.1303      3625.1945      2855.5781      320.0671      -110.27749      4898.0218     -4380.4292     -515.62284      76382.114      42.429107      42.429107      42.429107      1.1549256     -2744.3072     -3226.3412      274.17471    
     83000   83000          423.07565     -129.95766      19133.248      19277.353      8195.9418      11081.412      3769.0573      3787.8948      2827.8646      333.78661     -157.1047       4901.5342     -4381.6212     -517.9891       76033.188      42.364401      42.364401      42.364401      1.1602257     -1678.9475     -8.1727782      1297.2473    
     84000   84000          415.0438      -511.93333      18367.872      18936.972      8040.3466      10896.626      3654.9133      3670.2149      2892.7565      317.40259     -145.58638      4891.7728     -4384.8479     -516.68347      76225.32       42.400055      42.400055      42.400055      1.1573013     -1460.9981     -780.59052      705.78861    
     85000   85000          422.13377     -1331.3982      17754.862      19228.494      8177.6955      11050.799      3837.2357      3673.2955      2809.5479      312.37404     -114.54387      4915.8958     -4383.0061     -518.94163      75893.628      42.338465      42.338465      42.338465      1.1623593     -744.23761     -714.81621     -2535.1408    
     86000   86000          416.56778      564.13535      19689.69       19062.832      8069.8696      10992.962      3826.7088      3689.4712      2751.3461      320.66827     -110.49302      4898.6058     -4383.3452     -516.90814      76192.188      42.393911      42.393911      42.393911      1.1578045      2197.5742      1121.8271     -1626.9952    
     87000   87000          420.93227      1702.8871      20921.241      19036.245      8154.4196      10881.825      3727.1285      3744.2548      2686.5526      318.7036      -111.64874      4902.1679     -4385.3332     -518.88994      75901.188      42.33987       42.33987       42.33987       1.1622435      947.92464      244.91114      3915.8254    
     88000   88000          407.79499      186.14599      19144.997      18937.163      7899.9206      11037.242      3724.8103      3718.6288      2827.9687      326.29914     -89.391469      4911.2072     -4382.2806     -514.44284      76557.315      42.461523      42.461523      42.461523      1.1522826      16.832395     -331.68338      873.28896    
     89000   89000          419.37016     -623.74506      18489.763      19182.059      8124.158       11057.901      3767.4719      3690.3387      2876.5553      318.37235     -120.49662      4907.226      -4381.567      -517.50586      76104.187      42.377583      42.377583      42.377583      1.1591434      552.70674     -1909.6078     -514.33414    
     90000   90000          408.63302      921.18801      19898.026      18880.082      7916.1551      10963.927      3808.6101      3610.0432      2753.8634      323.46832     -53.106351      4905.091      -4384.0425     -519.78543      75770.425      42.315542      42.315542      42.315542      1.1642493      510.6097       387.61426      1865.3401    
     91000   91000          411.2322      -201.09207      18701.38       18924.344      7966.5073      10957.837      3781.7034      3700.1152      2760.2017      313.61382     -114.9887       4898.9812     -4381.7896     -518.03545      76026.385      42.363137      42.363137      42.363137      1.1603296      1120.7933     -989.97173     -734.09781    
     92000   92000          418.1664       90.17582       19233.748      19133.933      8100.8384      11033.094      3789.1234      3784.0912      2764.9256      302.0408      -139.3284       4908.4213     -4376.1796     -518.9089       75898.415      42.339355      42.339355      42.339355      1.162286       92.40402      -1484.0221      1662.1455    
     93000   93000          412.62278     -2987.0746      15581.78       18889.911      7993.446       10896.465      3742.9188      3660.1248      2857.2461      303.41505     -182.35824      4898.8366     -4383.7179     -518.6364       75938.292      42.346769      42.346769      42.346769      1.1616756     -2468.521      -1680.6302     -4812.0725    
     94000   94000          414.19667      1087.6662      20250.251      19042.409      8023.9357      11018.474      3854.8769      3747.9559      2693.7629      310.58773     -118.26278      4910.8287     -4381.2759     -517.23177      76144.516      42.385067      42.385067      42.385067      1.1585294      692.1454       355.70435      2215.149     
     95000   95000          415.43121      1390.5986      20601.538      19068.992      8047.8516      11021.14       3851.6597      3742.316       2737.0639      311.57351     -143.30257      4906.6803     -4384.8506     -521.18039      75567.622      42.277755      42.277755      42.277755      1.1673738      922.62732      2270.2476      978.92092    
     96000   96000          409.38295      559.42807      19552.538      18933.273      7930.683       11002.59       3885.6177      3713.0619      2720.6771      308.43209     -144.18757      4902.534      -4383.545      -518.88044      75902.577      42.340129      42.340129      42.340129      1.1622222      1985.2384     -1457.1979      1150.2438    
     97000   97000          418.31448      169.46061      19342.752      19153.227      8103.7071      11049.52       3864.6416      3761.9068      2701.8437      317.67149     -134.2655       4917.7047     -4379.9828     -513.57198      76687.132      42.48551       42.48551       42.48551       1.150332      -246.31448     -335.41495      1090.1113    
     98000   98000          410.29959     -201.33969      18773.397      18995.428      7948.4405      11046.988      3831.0686      3703.8357      2743.082       326.56244     -85.011363      4909.0859     -4381.6351     -520.85246      75615.199      42.286626      42.286626      42.286626      1.1666393     -1208.4997     -522.51572      1126.9964    
     99000   99000          409.87859      1729.2054      20860.89       18958.988      7940.2846      11018.704      3829.0687      3781.4715      2658.8573      322.5887      -92.920548      4902.7904     -4383.1523     -522.22572      75416.36       42.249527      42.249527      42.249527      1.1697152      1712.8307      1745.7574      1729.0281    
    100000   100000         419.34631     -83.378196      19009.507      19102.067      8123.696       10978.371      3712.7713      3706.2817      2794.2275      309.26318     -70.56354       4907.1417     -4380.7512     -517.40396      76119.175      42.380365      42.380365      42.380365      1.1589151      821.62049     -412.79562     -658.95946    
    101000   101000         422.39352     -1442.6812      17556.637      19155.029      8182.7275      10972.301      3682.4249      3773.1793      2818.4331      317.42128     -146.98649      4908.0729     -4380.2438     -518.42611      75969.095      42.352494      42.352494      42.352494      1.1612046     -1268.6025     -906.90492     -2152.5363    
    102000   102000         417.455        371.02484      19263.629      18851.393      8087.0571      10764.336      3675.3968      3651.3881      2708.7428      295.30441     -94.706875      4909.4057     -4381.1945     -516.9598       76184.575      42.392499      42.392499      42.392499      1.1579203     -1582.1593      1353.731       1341.5028    
    103000   103000         410.6853      -1294.7         17586.276      19025.881      7955.9125      11069.968      3774.3634      3736.5538      2853.8737      313.68289     -142.05115      4915.8191     -4382.2736     -516.56588      76242.671      42.403272      42.403272      42.403272      1.1570379     -1396.6929     -1371.2708     -1116.1361    
    104000   104000         412.72013      356.78398      19240.753      18843.61       7995.3318      10848.279      3790.5695      3647.1319      2654.4264      306.41892     -72.008624      4904.8364     -4383.0959     -516.01018      76324.778      42.418488      42.418488      42.418488      1.1557932     -148.88277     -86.904765      1306.1395    
    105000   105000         411.29892      543.33215      19553.561      18952.903      7967.7998      10985.103      3779.6408      3758.1433      2720.2794      308.29022     -110.12461      4909.4815     -4380.6078     -519.56259      75802.922      42.321591      42.321591      42.321591      1.1637502     -279.50996      692.72229      1216.7841    
    106000   106000         419.6604       1535.6732      20741.318      19031.589      8129.7807      10901.809      3776.3733      3719.6255      2644.4729      318.88245     -82.302491      4903.7231     -4378.9662     -515.90694      76340.052      42.421317      42.421317      42.421317      1.155562       1101.3783      2629.4471      876.19411    
    107000   107000         407.2785      -851.19303      17771.501      18720.083      7889.9149      10830.168      3707.2131      3638.5321      2757.9483      293.79041     -91.530693      4902.4689     -4378.2543     -515.41001      76413.655      42.434946      42.434946      42.434946      1.1544489     -301.05995     -1440.9819     -811.53729    
    108000   108000         411.53356      754.74756      19872.282      19036.387      7972.3453      11064.042      3811.5642      3704.3029      2837.1875      328.98041     -135.58326      4898.0505     -4380.4607     -518.62077      75940.581      42.347194      42.347194      42.347194      1.1616406      2142.1444     -174.34831      296.44662    
    109000   109000         410.0921       2257.0937      21369.901      18865.437      7944.4209      10921.016      3814.43        3717.5496      2624.0855      303.87919     -71.97684       4914.9803     -4381.9315     -517.64807      76083.28       42.373702      42.373702      42.373702      1.1594619      4071.3249      1508.3004      1191.6559    
    110000   110000         418.23418     -710.54128      18172.24       18967.246      8102.1516      10865.094      3712.3205      3678.8228      2739.7337      302.09222     -95.872443      4911.3609     -4383.3633     -513.35582      76719.423      42.491472      42.491472      42.491472      1.1498478      761.14706     -1225.3995     -1667.3714    
    111000   111000         407.31747      79.775014      18785.929      18697.102      7890.6699      10806.432      3710.8235      3637.6576      2746.336       312.55477     -146.78861      4922.9712     -4377.1225     -515.84758      76348.836      42.422944      42.422944      42.422944      1.155429       568.34738      8.3705999     -337.39294    
    112000   112000         411.52636     -440.72397      18470.211      18960.53       7972.2058      10988.324      3840.9677      3696.8064      2755.4472      319.62652     -151.70451      4910.534      -4383.3533     -516.28319      76284.418      42.41101       42.41101       42.41101       1.1564047     -2064.0855      572.83834      169.07522    
    113000   113000         407.67389      1251.1781      20261.652      18862.724      7897.5746      10965.15       3919.4971      3663.8535      2652.8188      300.11335     -98.254361      4908.625      -4381.5037     -513.71639      76665.575      42.481528      42.481528      42.481528      1.1506554      1608.9283      1239.1027      905.50332    
    114000   114000         418.52735     -1154.0975      17632.57       18914.798      8107.8309      10806.967      3670.7978      3634.6643      2790.4369      309.96939     -128.02791      4911.7888     -4382.6623     -516.98388      76181.027      42.391841      42.391841      42.391841      1.1579742     -2199.0788      99.573387     -1362.7869    
    115000   115000         409.94427     -8.2722395      18830.263      18839.379      7941.5571      10897.822      3770.9693      3678.7799      2766.1245      302.7364      -152.87294      4913.9025     -4381.818      -521.22558      75561.07       42.276533      42.276533      42.276533      1.167475      -1031.2498      692.14195      314.29117    
    116000   116000         412.43505     -1072.9118      17834.976      19028.4        7989.8091      11038.591      3830.7347      3607.8666      2843.1414      331.59782     -91.835236      4898.4351     -4381.3491     -516.37914      76270.243      42.408383      42.408383      42.408383      1.1566197     -1203.0168     -780.89011     -1234.8285    
    117000   117000         412.40217     -395.28823      18491.921      18932.372      7989.1721      10943.2        3726.6943      3681.64        2795.5987      317.17008     -101.1355       4905.8631     -4382.6305     -515.4843       76402.642      42.432908      42.432908      42.432908      1.1546153     -3798.3449      2553.6818      58.798407    
    118000   118000         403.77084      1027.4498      19809.211      18670.231      7821.9637      10848.267      3766.4936      3672.1469      2637.8311      317.7744      -59.589239      4899.3752     -4385.7647     -518.13665      76011.536      42.360379      42.360379      42.360379      1.1605562      1298.1998      2104.3775     -320.22793    
    119000   119000         419.70127     -187.91204      18859.677      19067.83       8130.5724      10937.257      3760.2326      3763.7693      2705.2496      302.02186     -132.20061      4916.48       -4378.2953     -518.5276       75954.226      42.34973       42.34973       42.34973       1.1614319     -985.60378      1354.6125     -932.74485    
    120000   120000         411.50853     -174.98698      18663.455      18858.068      7971.8604      10886.208      3734.5769      3648.7132      2744.2256      315.53179     -89.132371      4912.8303     -4380.538      -516.45669      76258.791      42.40626       42.40626       42.40626       1.1567934     -67.302789      711.24349     -1168.9016    
    121000   121000         408.09594      811.81015      19817.774      18906.622      7905.7506      11000.872      3728.3319      3683.4726      2758.6313      308.80252     -7.2997743      4909.7194     -4380.7862     -511.75654      76959.179      42.535689      42.535689      42.535689      1.1462656      1009.3153      658.6894       767.42575    
    122000   122000         421.12973     -1791.263       17088.107      19082.386      8158.2449      10924.141      3683.8454      3736.8105      2778.4574      313.46499     -97.626478      4893.1534     -4383.9644     -515.90922      76339.715      42.421255      42.421255      42.421255      1.1555671     -634.67649     -4946.2531      207.14074    
    123000   123000         408.95438     -2902.1537      15601.326      18820.235      7922.3807      10897.855      3759.2163      3599.4148      2839.3891      304.9824      -134.93381      4910.6159     -4380.8301     -517.85875      76052.327      42.367955      42.367955      42.367955      1.1599338     -2944.5378     -4259.1595     -1502.7636    
    124000   124000         424.04473      1205.5079      20511.862      19165.244      8214.7152      10950.529      3769.8426      3722.8671      2734.8567      308.93374     -101.77027      4899.4071     -4383.608      -514.19219      76594.634      42.468421      42.468421      42.468421      1.1517212      2038.4763      129.79084      1448.2565    
    125000   125000         417.24693      1148.7261      20108.565      18839.599      8083.0262      10756.573      3743.2819      3583.3738      2663.6851      307.88512     -47.484802      4892.2284     -4386.3967     -519.95563      75745.622      42.310924      42.310924      42.310924      1.1646305      1018.7331      335.12177      2092.3235    
    126000   126000         404.78736     -88.930204      18745.77       18844.301      7841.656       11002.645      3808.3971      3686.0429      2811.0273      323.50624     -141.81051      4896.8777     -4381.3955     -518.41391      75970.884      42.352826      42.352826      42.352826      1.1611773      226.74309     -1262.3032      768.76948    
    127000   127000         413.38547     -214.87595      18717.436      18957.073      8008.2209      10948.852      3728.7239      3713.9258      2772.8293      308.23006     -89.198111      4898.6523     -4384.3111     -515.03029      76469.993      42.445373      42.445373      42.445373      1.1535984     -556.00727     -749.81854      661.19796    
    128000   128000         417.43146     -574.37971      18038.226      18674.966      8086.6011      10588.365      3508.2513      3612.9167      2733.4038      312.96176     -100.40023      4902.7776     -4381.5459     -518.12713      76012.933      42.360638      42.360638      42.360638      1.1605349     -50.94043      -1658.3497     -13.848994    
    129000   129000         415.41974     -480.56845      18377.307      18913.687      8047.6294      10866.058      3718.0853      3674.5903      2742.3946      307.87691     -103.80791      4910.4522     -4383.5338     -514.61529      76531.661      42.456779      42.456779      42.456779      1.1526689     -562.16557     -430.82256     -448.71724    
    130000   130000         417.05611     -928.29737      17895.278      18927.182      8079.3296      10847.852      3768.3279      3625.9921      2758.1087      307.25929     -135.01683      4909.3903     -4386.2094     -516.71087      76221.277      42.399305      42.399305      42.399305      1.1573627     -1463.7386     -229.13258     -1092.0209    
    131000   131000         415.16464      231.84342      19301.757      19044.338      8042.6875      11001.65       3733.3655      3727.6476      2813.409       312.2886      -92.982197      4893.5397     -4385.6182     -517.3135       76132.485      42.382835      42.382835      42.382835      1.1587125     -253.07741     -380.73077      1329.3384    
    132000   132000         411.81413      955.74749      19877.628      18812.626      7977.7804      10834.846      3744.653       3655.3656      2693.2228      306.56633     -81.131208      4903.5137     -4387.3442     -515.45704      76406.683      42.433656      42.433656      42.433656      1.1545543      2709.8528      1240.38       -1082.9903    
    133000   133000         415.25197      623.60826      19632.011      18942.42       8044.3793      10898.041      3689.3495      3666.4746      2835.6798      305.27481     -99.25552       4887.721      -4387.2031     -519.42161      75823.496      42.325419      42.325419      42.325419      1.1634344      784.35171      1153.5744     -67.101302    
    134000   134000         411.8324       176.18183      19133.86       18937.872      7978.1344      10959.738      3732.4177      3802.9699      2725.5913      302.42918     -121.89173      4905.25       -4387.0285     -516.33545      76276.697      42.409579      42.409579      42.409579      1.1565218      254.42477      54.896807      219.22392    
    135000   135000         411.98251     -1139.8167      17544.966      18823.896      7981.0424      10842.853      3675.7119      3714.5172      2746.8541      308.77927     -132.77646      4910.9386     -4381.1715     -511.90343      76937.095      42.53162       42.53162       42.53162       1.1465947     -433.95664     -411.80072     -2573.6928    
    136000   136000         410.90818      198.3442       18993.99       18773.816      7960.2301      10813.586      3706.1447      3608.4534      2714.8278      310.93772     -39.871331      4897.6334     -4384.5401     -517.4303       76115.3        42.379646      42.379646      42.379646      1.1589741      451.15898     -263.94276      407.81639    
    137000   137000         408.22176     -1417.1504      17385.58       18962.925      7908.1882      11054.737      3721.1073      3751.4684      2801.8829      315.8413      -64.000553      4909.8642     -4381.4271     -516.04668      76319.38       42.417488      42.417488      42.417488      1.155875      -1661.5258     -1105.1708     -1484.7547    
    138000   138000         409.14739     -1200.2931      17590.786      18923.126      7926.1197      10997.006      3669.1198      3692.6609      2914.0921      317.80766     -107.1811       4895.2538     -4384.747      -517.45414      76111.794      42.378995      42.378995      42.378995      1.1590275     -1629.1165     -923.44146     -1048.3213    
    139000   139000         406.67428     -47.230035      18661.517      18714.459      7878.2099      10836.249      3738.6799      3670.1189      2698.6554      317.02147     -103.14105      4904.1543     -4389.24       -512.41529      76860.241      42.517454      42.517454      42.517454      1.1477412      579.68579     -408.51111     -312.86478    
    140000   140000         410.45079      495.10797      19298.162      18746.917      7951.3694      10795.548      3605.0139      3711.1264      2791.8676      315.18251     -162.77618      4918.6086     -4383.4751     -515.88744      76342.938      42.421852      42.421852      42.421852      1.1555183      85.102724      1850.3599     -450.13871    
    141000   141000         413.61468      408.89837      19399.41       18942.168      8012.6613      10929.506      3754.5168      3591.2189      2798.594       310.7188      -68.969928      4924.9168     -4381.489      -513.6519       76675.201      42.483306      42.483306      42.483306      1.150511      -248.06642      160.63545      1314.1261    
    142000   142000         412.31272     -1640.8039      17031.244      18858.527      7987.4394      10871.087      3725.4233      3645.6816      2832.3736      303.79477     -151.84566      4901.6879     -4386.0284     -515.76358      76361.271      42.425247      42.425247      42.425247      1.1552409     -2118.78       -432.18875     -2371.4431    
    143000   143000         415.90585      487.3631       19462.761      18921.508      8057.0465      10864.461      3780.0826      3623.3109      2725.6951      294.83612     -75.809401      4903.0186     -4386.6727     -517.192        76150.371      42.386154      42.386154      42.386154      1.1584404      239.20748      1208.0764      14.805382    
    144000   144000         408.85423      1862.0178      20912.789      18854.778      7920.4405      10934.338      3768.8195      3751.4228      2659.8722      300.90728     -72.613865      4908.7544     -4382.8244     -519.67995      75785.804      42.318405      42.318405      42.318405      1.164013       2894.7011      605.53396      2085.8183    
    145000   145000         419.34395      956.6363       20210.937      19140.9        8123.6504      11017.25       3841.8723      3705.8039      2666.0331      320.58585     -27.087184      4896.3616     -4386.3199     -513.50885      76696.56       42.487251      42.487251      42.487251      1.1501906      83.447152      2147.2108      639.25094    
    146000   146000         409.15386     -1088.9346      17536.703      18744.877      7926.245       10818.632      3690.4884      3619.0303      2812.8041      305.17036     -122.45218      4898.6103     -4385.0197     -517.69299      76076.678      42.372476      42.372476      42.372476      1.1595625      471.10249     -2524.7426     -1213.1638    
    147000   147000         408.96194      771.36733      19608.149      18752.316      7922.527       10829.789      3725.8742      3618.2939      2700.0543      306.78413     -36.305683      4900.2211     -4385.1326     -517.69275      76076.713      42.372483      42.372483      42.372483      1.159562       594.26114      820.64883      899.19202    
    148000   148000         408.73757     -675.84698      18158.567      18905.315      7918.1805      10987.134      3712.7084      3723.9419      2781.5831      311.63813     -69.908912      4906.3728     -4379.2012     -519.84548      75761.672      42.313913      42.313913      42.313913      1.1643838     -942.55555     -1432.1044      347.11906    
    149000   149000         409.7987      -308.67632      18253.485      18595.943      7938.7371      10657.206      3704.8578      3632.1526      2659.1609      297.92942     -158.74689      4906.7505     -4384.8981     -517.72057      76072.625      42.371724      42.371724      42.371724      1.1596243     -1442.8956      371.27421      145.5924     
    150000   150000         408.63197      131.45328      18869.948      18723.73       7916.1348      10807.595      3694.1449      3681.4287      2723.5165      316.5786      -136.9345       4909.4692     -4380.6085     -516.38183      76269.845      42.408309      42.408309      42.408309      1.1566257     -564.10521      339.08558      619.37946    
    151000   151000         407.63807      482.61358      19258.141      18718.847      7896.8806      10821.966      3661.7447      3669.8202      2669.9085      302.40722     -14.49849       4914.2372     -4381.6532     -514.01212      76621.467      42.47338       42.47338       42.47338       1.1513178      1206.5954     -1082.3097      1323.555     
    152000   152000         414.6844      -1797.9208      16840.844      18851.901      8033.3841      10818.517      3730.4976      3635.5991      2738.041       301.82363     -111.02352      4904.5154     -4380.936      -513.50627      76696.946      42.487322      42.487322      42.487322      1.1501848     -4201.5246     -136.02421     -1056.2135    
    153000   153000         410.94709      749.29158      19714.993      18873.811      7960.9839      10912.827      3648.8859      3723.8794      2754.1054      303.34151     -36.879585      4904.235      -4384.7405     -511.63573      76977.35       42.539037      42.539037      42.539037      1.145995       1758.9744     -792.81046      1281.7107    
    154000   154000         401.74118     -425.68507      18052.98       18525.54       7782.6444      10742.895      3645.9511      3602.3223      2755.8674      307.02005     -78.385206      4893.5288     -4383.409      -517.4057       76118.919      42.380317      42.380317      42.380317      1.158919       288.47566     -240.86086     -1324.67      
    155000   155000         412.35789     -580.5782       18223.001      18866.858      7988.3143      10878.543      3727.6797      3580.461       2834.9186      320.19186     -100.34073      4896.954      -4381.321      -517.9299       76041.879      42.366015      42.366015      42.366015      1.1600931     -7.9059931     -541.65065     -1192.1779    
    156000   156000         410.71877     -1365.7246      17288.893      18804.577      7956.5609      10848.016      3692.524       3599.0019      2808.6107      307.00465     -73.633591      4899.1984     -4384.6901     -517.55215      76097.38       42.37632       42.37632       42.37632       1.159247      -1727.4416     -1080.6272     -1289.105     
    157000   157000         405.96412      289.99217      19004.556      18683.252      7864.4525      10818.799      3705.9334      3687.5482      2723.4746      307.33767     -127.94346      4907.9406     -4385.4918     -518.40599      75972.043      42.353041      42.353041      42.353041      1.1611595      521.93893     -2149.2696      2497.3071    
    158000   158000         406.32429      529.78355      19230.148      18641.521      7871.4298      10770.091      3712.2216      3643.0172      2703.5098      302.09813     -104.6442       4899.5416     -4385.6532     -516.96096      76184.403      42.392467      42.392467      42.392467      1.1579229      91.217811      2536.0554     -1037.9226    
    159000   159000         407.65466     -1514.6485      17181.371      18869.359      7897.2021      10972.157      3787.6522      3649.3876      2779.8958      316.73875     -83.961513      4904.8089     -4382.365      -515.3974       76415.524      42.435292      42.435292      42.435292      1.1544207     -2139.8834     -1425.9578     -978.10417    
    160000   160000         406.91326      1055.4931      19813.085      18643.933      7882.8395      10761.093      3786.9904      3593.2403      2675.1878      313.15588     -122.44134      4904.0725     -4389.1125     -518.54214      75952.097      42.349334      42.349334      42.349334      1.1614645      2488.2674      1396.3743     -718.16248    
    161000   161000         401.34176      1410.4916      20216.116      18654.147      7774.9069      10879.24       3767.879       3736.0458      2682.425       312.5311      -148.87959      4914.6688     -4385.4298     -518.67814      75932.181      42.345632      42.345632      42.345632      1.1617691      2818.3376      344.89094      1068.2462    
    162000   162000         412.00022      477.72063      19403.447      18873.046      7981.3856      10891.661      3779.0781      3599.383       2753.684       317.28451     -75.844585      4900.6481     -4382.5726     -517.33171      76129.806      42.382338      42.382338      42.382338      1.1587533      796.83707      236.54731      399.77751    
    163000   163000         405.07969      1307.4111      20250.698      18797.185      7847.319       10949.866      3845.7385      3686.8387      2622.3468      315.85576     -39.163628      4905.4502     -4387.2007     -516.6458       76230.878      42.401085      42.401085      42.401085      1.1572169      867.86999      2025.9917      1028.3718    
    164000   164000         412.11399      949.95468      19869.214      18819.815      7983.5895      10836.225      3716.9397      3730.4913      2719.1072      293.95239     -148.7848       4907.8422     -4383.3229     -519.95031      75746.397      42.311069      42.311069      42.311069      1.1646186     -930.85165      2007.7285      1772.9872    
    165000   165000         410.78399     -1131.9331      17376.442      18632.09       7957.8243      10674.266      3698.5142      3592.8437      2683.2617      303.57996     -122.77072      4902.0034     -4383.1665     -517.78882      76062.597      42.369862      42.369862      42.369862      1.1597771     -827.92663     -2295.35       -272.52269    
    166000   166000         410.11        -563.46131      18228.643      18854.291      7944.7676      10909.523      3775.8013      3688.2257      2734.7682      319.87835     -120.11977      4895.6504     -4384.6808     -517.28953      76136.013      42.38349       42.38349       42.38349       1.1586588     -44.276519      192.73774     -1838.8451    
    167000   167000         407.78867      853.31143      19597.545      18647.131      7899.7981      10747.332      3849.8207      3575.9545      2637.38        289.77183     -134.24831      4911.0768     -4382.4231     -515.69642      76371.216      42.427089      42.427089      42.427089      1.1550905      1575.9307     -782.47901      1766.4826    
    168000   168000         411.64635      727.54282      19752.798      18944.98       7974.5301      10970.45       3770.2974      3714.0903      2734.0812      310.76962     -70.771175      4897.1046     -4385.1218     -517.30287      76134.05       42.383125      42.383125      42.383125      1.1586887      985.98341      433.4648       763.18023    
    169000   169000         412.37175      30.495853      18856.591      18822.847      7988.5829      10834.264      3842.4592      3638.9186      2666.2851      313.2016      -142.78427      4902.7779     -4386.5937     -519.10032      75870.427      42.33415       42.33415       42.33415       1.1627147      819.85725     -1441.5394      713.16972    
    170000   170000         405.31052     -259.08042      18264.841      18551.474      7851.7906      10699.683      3739.6882      3518.027       2756.5942      300.567       -111.16445      4884.2461     -4388.2748     -519.1683       75860.492      42.332302      42.332302      42.332302      1.162867       264.62305     -1151.6892      109.82483    
    171000   171000         411.29772      1681.3298      20646.408      18799.245      7967.7764      10831.468      3740.8042      3700.524       2677.1755      311.20754     -112.1541       4900.0261     -4386.115      -522.81411      75331.484      42.233672      42.233672      42.233672      1.1710331      2095.303       1483.8205      1464.8657    
    172000   172000         406.71025     -354.88237      18304.132      18701.062      7878.9067      10822.155      3737.6786      3645.3894      2713.0673      302.06391     -83.572184      4892.5037     -4384.976      -513.53621      76692.475      42.486496      42.486496      42.486496      1.1502519     -1500.3305     -401.12979      836.81313    
    173000   173000         406.67882     -433.18589      18393.606      18873.427      7878.2978      10995.129      3772.9509      3652.4284      2845.6906      308.22807     -89.508525      4890.123      -4384.7831     -518.5548       75950.241      42.34899       42.34899       42.34899       1.1614929     -566.21732     -709.50192     -23.838424    
    174000   174000         407.40894      1461.6004      20339.752      18720.404      7892.4419      10827.962      3825.1396      3612.5384      2677.2783      301.62089     -115.46313      4913.1199     -4386.2716     -518.42783      75968.844      42.352447      42.352447      42.352447      1.1612084      1678.1768      1655.1113      1051.5129    
    175000   175000         399.80885      1698.4683      20525.904      18650.661      7745.2107      10905.451      3846.5856      3659.9576      2670.6695      306.79626     -77.609155      4889.7124     -4390.6616     -520.23499      75704.948      42.303349      42.303349      42.303349      1.1652562      1280.4031      1872.9582      1942.0436    
    176000   176000         407.77306      651.62384      19473.969      18749.059      7899.4957      10849.563      3757.4595      3674.5413      2691.9623      305.99643     -92.427252      4896.6932     -4384.6625     -516.31214      76280.141      42.410217      42.410217      42.410217      1.1564696      341.42945      309.40905      1304.033     
    177000   177000         405.916        1123.1454      19784.893      18537.558      7863.5202      10674.038      3646.2889      3640.1302      2686.1524      289.69822     -100.48789      4900.579      -4388.3232     -517.1928       76150.254      42.386132      42.386132      42.386132      1.1584421     -579.37736      2594.7128      1354.1007    
    178000   178000         410.61218      200.60172      18851.822      18628.778      7954.4959      10674.282      3671.7207      3599.0134      2682.6575      295.67671     -86.848393      4898.6542     -4386.5922     -516.5882       76239.377      42.402661      42.402661      42.402661      1.1570879      359.88368      187.98026      53.941224    
    179000   179000         405.45093      1531.9583      20318.786      18620.895      7854.5108      10766.384      3725.0607      3639.982       2662.217       305.05507     -90.616055      4909.13       -4384.4442     -518.24716      75995.327      42.357368      42.357368      42.357368      1.1608038      2372.3971      1176.219       1047.2588    
    180000   180000         402.64093      1271.2999      19955.875      18545.824      7800.0746      10745.749      3578.2107      3678.9256      2770.2         325.46482     -115.3674       4895.2173     -4386.902      -517.8604       76052.084      42.36791       42.36791       42.36791       1.1599375      839.77483      2442.1415      531.98338    
    181000   181000         400.33335      924.15845      19545.814      18523.419      7755.3716      10768.048      3759.2164      3595.2303      2641.9033      314.4284      -63.169762      4908.094      -4387.655      -519.19161      75857.087      42.331668      42.331668      42.331668      1.1629192      4070.8087      5.9928588     -1304.3262    
    182000   182000         404.80306     -1273.1819      17309.27       18725.936      7841.9601      10883.976      3725.3114      3637.9432      2812.6063      320.95594     -132.81478      4904.7506     -4384.7771     -516.20578      76295.858      42.41313       42.41313       42.41313       1.1562313      91.667357     -2450.0475     -1461.1655    
    183000   183000         409.82191      487.33307      19464.812      18924.686      7939.1867      10985.499      3810.0703      3743.6794      2727.8883      314.03766     -118.80942      4894.3052     -4385.6721     -518.23936      75996.472      42.35758       42.35758       42.35758       1.1607863      2462.135      -1782.8023      782.66656    
    184000   184000         405.9995      -235.32357      18421.119      18680.659      7865.1378      10815.521      3683.5747      3678.4559      2734.967       324.91499     -128.06085      4906.6401     -4384.9708     -520.789        75624.413      42.288343      42.288343      42.288343      1.1664971      176.67799     -1441.175       558.52629    
    185000   185000         396.82238     -872.8366       17537.364      18499.441      7687.356       10812.085      3635.4243      3627.3597      2870.3038      326.36882     -156.67215      4897.4835     -4388.1829     -521.10209      75578.976      42.279872      42.279872      42.279872      1.1671984     -1304.6967     -2873.6938      1559.8808    
    186000   186000         407.143        872.91368      19709.442      18737.058      7887.2901      10849.768      3722.9431      3707.9219      2669.737       307.92207     -75.886175      4900.7065     -4383.5769     -515.62373      76381.982      42.429083      42.429083      42.429083      1.1549276     -1876.953       1570.2788      2925.4152    
    187000   187000         409.76611      215.58975      19038.544      18798.616      7938.1057      10860.51       3756.8132      3668.3836      2746.9134      316.66195     -141.41981      4899.4383     -4386.2804     -516.11631      76309.084      42.41558       42.41558       42.41558       1.1560309      2143.4077     -324.503       -1172.1354    
    188000   188000         402.47898     -614.63018      17826.323      18504.278      7796.9373      10707.341      3683.5406      3701.9988      2679.432       311.38781     -195.19368      4910.2159     -4384.0406     -520.7303       75632.938      42.289932      42.289932      42.289932      1.1663657     -662.48568     -1294.8028      113.39794    
    189000   189000         403.96422      567.70184      19196.531      18568.167      7825.7097      10742.458      3748.6988      3521.529       2762.602       312.33702     -114.14376      4897.29       -4385.8556     -518.92981      75895.355      42.338786      42.338786      42.338786      1.1623328      62.207435      760.12367      880.77442    
    190000   190000         405.82241      235.34365      18946.379      18685.629      7861.7072      10823.922      3678.2626      3623.2904      2827.4986      328.56436     -139.74798      4890.1086     -4384.0546     -518.41608      75970.564      42.352767      42.352767      42.352767      1.1611821     -20.383088     -470.97099      1197.385     
    191000   191000         405.59329     -8.9134383      18686.27       18696.222      7857.2686      10838.953      3729.9106      3664.2471      2707.6581      312.08755     -101.95879      4912.5257     -4385.5169     -514.43872      76557.929      42.461636      42.461636      42.461636      1.1522734      674.57496     -954.37129      253.05601    
    192000   192000         406.74723     -51.221445      18443.718      18500.802      7879.6231      10621.179      3683.4298      3519.6132      2731.8513      316.9477      -144.32455      4898.6923     -4385.031      -515.39782      76415.462      42.435281      42.435281      42.435281      1.1544216      663.57954     -626.21973     -191.02415    
    193000   193000         406.14183     -579.05919      18059.075      18705.661      7867.8951      10837.766      3827.6414      3591.7303      2705.8776      303.0324      -114.42213      4909.4298     -4385.5235     -514.39486      76564.455      42.462843      42.462843      42.462843      1.1521751     -19.405108     -332.79468     -1384.9778    
    194000   194000         399.79664     -1053.8185      17434.257      18600.282      7744.9743      10855.307      3704.624       3672.6953      2811.9438      305.89213     -158.32547      4904.7086     -4386.231      -519.10798      75869.306      42.333941      42.333941      42.333941      1.1627319     -877.11253     -1577.4521     -706.89086    
    195000   195000         406.45968      144.84564      18760.757      18600.526      7874.0525      10726.473      3690.9234      3616.5374      2726.0158      304.8673      -130.23038      4902.0516     -4383.6922     -519.22747      75851.847      42.330694      42.330694      42.330694      1.1629995      2148.5443     -658.85748     -1055.1499    
    196000   196000         402.2785      -505.88027      18032.886      18595.098      7793.0535      10802.045      3691.2504      3648.8218      2770.6052      309.83705     -136.68444      4902.6197     -4384.4048     -516.829        76203.855      42.396075      42.396075      42.396075      1.1576273     -392.68831     -916.85572     -208.09679    
    197000   197000         402.21751      882.02174      19325.876      18352.706      7791.872       10560.834      3650.6067      3583.3073      2623.6591      315.45163     -144.56674      4915.2353     -4382.8591     -520.58352      75654.264      42.293907      42.293907      42.293907      1.1660369     -538.48722      1584.6087      1599.9438    
    198000   198000         402.77797     -707.11167      17879.296      18665.54       7802.7294      10862.811      3734.3783      3615.7461      2795.4554      314.45366     -131.38144      4916.0388     -4381.8799     -516.57103      76241.91       42.403131      42.403131      42.403131      1.1570495     -1717.7915     -339.13392     -64.409592    
    199000   199000         401.85372     -923.02265      17458.069      18475.961      7784.8246      10691.136      3673.7809      3630.4024      2762.1985      293.93666     -164.16125      4881.2904     -4386.3112     -520.84733      75615.944      42.286765      42.286765      42.286765      1.1666278     -582.85095     -1976.2831     -209.93393    
    200000   200000         394.21537     -261.23592      18150.504      18440.016      7636.8523      10803.164      3711.4361      3712.5569      2737.8813      305.14579     -181.71627      4902.4729     -4384.6129     -518.28235      75990.167      42.356409      42.356409      42.356409      1.1608826     -169.63989     -78.310794     -535.75709    
    201000   201000         406.96315     -340.70236      18321.458      18696.39       7883.806       10812.584      3732.3593      3634.9784      2828.1144      305.71634     -213.33614      4907.9368     -4383.1849     -521.94176      75457.39       42.257188      42.257188      42.257188      1.1690792     -651.13688     -760.63351      389.6633     
    202000   202000         407.50869      604.34301      19158.911      18487.319      7894.3742      10592.945      3641.1674      3507.8514      2721.5909      313.81735     -93.091995      4887.5995     -4385.9897     -516.86579      76198.431      42.395069      42.395069      42.395069      1.1577097      172.31344     -494.46377      2135.1794    
    203000   203000         402.19699      470.94515      19125.342      18606.218      7791.4746      10814.744      3780.731       3622.6869      2723.4091      319.48564     -148.65888      4903.2259     -4386.1359     -521.07345      75583.13       42.280647      42.280647      42.280647      1.1671343      536.21767      2668.0443     -1791.4265    
    204000   204000         408.05279      1405.6146      20158.282      18598.953      7904.9148      10694.038      3727.9434      3581.292       2675.7622      296.4649      -110.56148      4908.9981     -4385.861      -517.75975      76066.868      42.370655      42.370655      42.370655      1.159712       664.60641      1243.5429      2308.6944    
    205000   205000         397.27718     -717.71118      17572.931      18364.811      7696.1666      10668.644      3670.0995      3573.6266      2780.9629      298.08456     -173.33307      4905.6957     -4386.4922     -520.58358      75654.255      42.293905      42.293905      42.293905      1.166037      -1460.1401     -377.61892     -315.37449    
    206000   206000         398.95728     -32.353507      18449.233      18484.984      7728.7139      10756.27       3653.8611      3634.8911      2754.6286      302.28312     -96.069752      4894.9305     -4388.2543     -519.79559      75768.943      42.315266      42.315266      42.315266      1.164272       539.69733     -955.84922      319.09137    
    207000   207000         405.44455     -510.64696      18137.499      18701.967      7854.3871      10847.58       3699.3199      3696.6913      2770.64        305.20894     -126.24959      4889.9859     -4388.0169     -519.61468      75795.323      42.320176      42.320176      42.320176      1.1638668      450.6789       1097.0586     -3079.6784    
    208000   208000         403.02061      176.15352      18781.147      18584.394      7807.4299      10776.964      3688.2027      3601.0126      2791.9907      302.68144     -102.6783       4887.4172     -4391.6626     -514.24257      76587.13       42.467034      42.467034      42.467034      1.151834       1311.3794     -1432.1673      649.24846    
    209000   209000         401.29914     -139.48852      18380.079      18535.281      7774.081       10761.2        3674.99        3698.0415      2712.2259      303.64099     -133.67132      4893.1245     -4387.1511     -516.22702      76292.719      42.412548      42.412548      42.412548      1.1562789      160.22823      216.97027     -795.66407    
    210000   210000         406.66585      1687.0529      20436.6        18581.264      7878.0465      10703.218      3667.9225      3650.9123      2674.8769      292.87464     -105.94314      4906.6496     -4384.0748     -522.283        75408.089      42.247983      42.247983      42.247983      1.1698435      2332.3245      2485.6574      243.17682    
    211000   211000         404.1043       257.65112      18781.349      18495.671      7828.4235      10667.247      3658.5113      3632.5501      2672.9433      307.28031     -126.31382      4902.9107     -4380.6344     -518.03024      76027.149      42.363279      42.363279      42.363279      1.1603179     -1041.0024      275.30644      1538.6493    
    212000   212000         403.43217     -330.98247      18128.151      18497.903      7815.4029      10682.5        3696.0919      3569.8868      2711.2068      307.34501     -135.0451       4911.0374     -4378.0229     -514.1553       76600.129      42.469437      42.469437      42.469437      1.1516386     -1646.7924     -931.59697      1585.442     
    213000   213000         409.73272     -480.51645      18247.391      18784.372      7937.4589      10846.913      3720.0096      3714.4897      2715.3826      304.85988     -137.80974      4911.0512     -4381.0703     -513.98408      76625.648      42.474152      42.474152      42.474152      1.151255      -169.95137     -390.67361     -880.92438    
    214000   214000         401.13937      477.55348      18990.957      18464.62       7770.9861      10693.634      3676.7945      3629.587       2685.9605      296.95092     -119.0915       4908.5292     -4385.0963     -521.14412      75572.88       42.278736      42.278736      42.278736      1.1672926      1796.6024     -1150.8919      786.94988    
    215000   215000         400.93083      880.1004       19525.721      18547.667      7766.9461      10780.721      3617.9152      3687.5715      2697.9182      311.31065     -56.46368       4903.9991     -4381.5304     -516.85521      76199.992      42.395358      42.395358      42.395358      1.157686       1610.2652      1137.0981     -107.06214    
    216000   216000         402.04563      786.99022      19603.123      18730.079      7788.5423      10941.537      3718.8186      3702.2586      2772.6635      322.734       -89.404046      4898.9941     -4384.5275     -517.76542      76066.035      42.3705        42.3705        42.3705        1.1597247      1846.8786     -1635.6145      2149.7065    
    217000   217000         405.06703      2296.941       21117.304      18568.87       7847.0738      10721.796      3720.3778      3617.9205      2647.8458      298.27873     -87.225866      4908.3414     -4383.7418     -517.69763      76075.995      42.37235       42.37235       42.37235       1.1595729      3683.148       1319.9342      1887.7407    
    218000   218000         397.05942     -1843.5546      16298.258      18354.117      7691.948       10662.169      3597.7902      3593.6987      2849.5758      307.62803     -201.11559      4901.8741     -4387.2821     -515.06543      76464.776      42.444407      42.444407      42.444407      1.1536771     -1775.8665     -1069.3782     -2685.4191    
    219000   219000         413.16417     -1321.1254      17253.207      18720.609      8003.9339      10716.675      3615.171       3615.8866      2816.0225      321.76665     -187.25059      4915.617      -4380.5384     -517.12389      76160.4        42.388014      42.388014      42.388014      1.1582878     -773.81719     -1502.0443     -1687.5148    
    220000   220000         403.71895      1604.794       20364.026      18570.34       7820.9584      10749.382      3810.11        3522.1879      2665.7756      305.43435     -74.239499      4902.5615     -4382.4482     -513.89276      76639.263      42.476668      42.476668      42.476668      1.1510505      1861.2423      2897.9156      55.22404     
    221000   221000         404.06639      497.36181      19085.322      18537.872      7827.6891      10710.183      3747.3858      3581.4725      2732.5528      305.20541     -160.0932       4890.5442     -4386.8846     -521.82861      75473.751      42.260242      42.260242      42.260242      1.1688257      572.96492      1036.4024     -117.28191    
    222000   222000         402.32559     -47.168988      18512.254      18564.381      7793.9659      10770.415      3747.9423      3550.353       2759.8302      302.40778     -97.511287      4893.1922     -4385.7995     -519.75132      75775.398      42.316468      42.316468      42.316468      1.1641729     -380.05251      354.05041     -115.50487    
    223000   223000         401.26541      516.84269      19096.193      18523.316      7773.4276      10749.889      3715.344       3582.4033      2731.8235      300.14895     -93.584312      4899.2714     -4385.5181     -518.19911      76002.374      42.358677      42.358677      42.358677      1.1606961      1528.3409     -712.33458      734.52177    
    224000   224000         399.35794     -907.91033      17369.826      18378.615      7736.4756      10642.14       3681.5253      3564.4651      2692.7887      304.81342     -127.21142      4907.4777     -4381.719      -516.94226      76187.16       42.392978      42.392978      42.392978      1.157881      -1520.0546     -335.68072     -867.99568    
    225000   225000         401.54427      1197.9619      19742.855      18420.547      7778.8299      10641.717      3588.4093      3567.5233      2724.7788      304.82985     -59.50445       4899.3252     -4383.6452     -520.36714      75685.722      42.299768      42.299768      42.299768      1.1655522     -1062.9353      2001.9574      2654.8636    
    226000   226000         403.36782      31.252595      18699.217      18664.71       7814.1561      10850.554      3759.1137      3650.5351      2774.7106      303.00505     -148.79623      4895.3075     -4383.3215     -520.21817      75707.396      42.303805      42.303805      42.303805      1.1652186     -96.078443     -333.35421      523.19043    
    227000   227000         397.27092     -1903.6578      16281.322      18380.337      7696.0454      10684.291      3660.8831      3593.9205      2825.6269      308.20247     -210.54451      4892.1696     -4385.9667     -520.92245      75605.039      42.284732      42.284732      42.284732      1.1667961     -2044.4267     -2193.8642     -1472.6825    
    228000   228000         401.67798      1109.8748      19843.63       18619.889      7781.4201      10838.469      3715.1123      3683.6438      2732.7134      301.36825     -102.64959      4894.3215     -4386.0409     -520.93571      75603.116      42.284373      42.284373      42.284373      1.1668257      216.52309      1677.7095      1435.3918    
    229000   229000         394.60397     -421.558        17889.498      18354.207      7644.3804      10709.827      3629.8816      3690.8723      2708.4856      306.0913      -145.79322      4904.3943     -4384.1053     -521.04631      75587.068      42.281381      42.281381      42.281381      1.1670735     -96.065977     -241.9844      -926.62361    
    230000   230000         400.02359      649.7176       19071.592      18358.251      7749.3709      10608.88       3647.9929      3586.7334      2722.8873      302.64579     -170.79357      4904.7513     -4385.3373     -523.15079      75283.004      42.22461       42.22461       42.22461       1.1717872      547.28844      1507.1496     -105.28522    
    231000   231000         407.33318     -1003.498       17508.588      18617.022      7890.9743      10726.048      3686.3155      3582.2819      2779.1126      300.09605     -135.70542      4897.4392     -4383.4917     -520.00363      75738.63       42.309622      42.309622      42.309622      1.164738      -792.04038     -1046.0687     -1172.385     
    232000   232000         403.39988     -47.773502      18351.752      18404.245      7814.7773      10589.468      3613.0934      3593.2939      2709.6597      307.43042     -153.04974      4901.9553     -4382.9154     -522.73579      75342.77       42.235781      42.235781      42.235781      1.1708577     -89.387423     -469.79479      415.86171    
    233000   233000         405.30895      1620.9751      20295.229      18499.748      7851.7603      10647.988      3669.6731      3561.99        2752.3075      304.09586     -146.64758      4893.6279     -4387.0589     -518.55567      75950.114      42.348966      42.348966      42.348966      1.1614948      2115.8765      1501.4823      1245.5667    
    234000   234000         402.2376       1730.2793      20480.49       18568.515      7792.2612      10776.254      3803.303       3603.4963      2642.8013      312.52326     -109.34375      4910.2995     -4386.8257     -519.79704      75768.732      42.315227      42.315227      42.315227      1.1642753      933.20985      1826.0069      2431.6212    
    235000   235000         399.69933      669.09725      19147.161      18409.614      7743.0891      10666.525      3589.4631      3680.1182      2721.068       316.53131     -167.91553      4911.8249     -4384.5652     -521.07394      75583.059      42.280634      42.280634      42.280634      1.1671354      613.8002       1278.4352      115.05637    
    236000   236000         400.8549      -294.45864      18267.334      18592.159      7765.4751      10826.684      3728.9529      3631.8943      2777.0863      310.83121     -137.40012      4899.9271     -4384.6081     -520.68509      75639.505      42.291156      42.291156      42.291156      1.1662644      553.35913     -1484.5087      47.773708    
    237000   237000         398.7456       825.57569      19307.55       18400.036      7724.6132      10675.423      3728.8525      3640.4615      2669.8508      309.75617     -194.35739      4908.7416     -4387.8825     -522.52028      75373.844      42.241587      42.241587      42.241587      1.170375       2176.205      -1461.044       1761.5661    
    238000   238000         403.4439       2445.7953      21160.365      18464.716      7815.63        10649.086      3684.6148      3638.5548      2614.3891      301.6625      -100.66585      4899.3658     -4388.8351     -521.14247      75573.12       42.27878       42.27878       42.27878       1.1672889      2452.8317      2188.9641      2695.59      
    239000   239000         401.47561     -169.81761      18447.848      18635.822      7777.4998      10858.322      3689.3521      3654.01        2790.4529      313.59178     -109.49585      4906.1142     -4385.7033     -518.90191      75899.437      42.339545      42.339545      42.339545      1.1622703     -526.97485     -357.02782      374.54984    
    240000   240000         401.80205     -1152.9983      17137.63       18410.023      7783.8236      10626.199      3650.5326      3614.1855      2724.9072      297.77026     -175.09022      4899.5766     -4385.6828     -520.48394      75668.737      42.296604      42.296604      42.296604      1.1658139     -2083.8784     -2569.1035      1193.9868    
    241000   241000         406.90808     -1475.8517      16933.043      18558.78       7882.7391      10676.041      3615.7484      3595.7441      2775.4897      318.25388     -142.8736       4900.9447     -4387.2659     -521.42524      75532.137      42.271137      42.271137      42.271137      1.1679222     -1554.2927     -2379.8464     -493.41608    
    242000   242000         400.30833     -1797.4045      16483.017      18470.645      7754.8868      10715.759      3556.3851      3699.7831      2755.8803      308.26858     -114.16699      4892.7379     -4383.1294     -519.41003      75825.187      42.325734      42.325734      42.325734      1.1634084     -986.90936     -2120.1773     -2285.1269    
    243000   243000         394.04155     -2404.0019      15709.963      18379.999      7633.4849      10746.514      3728.6425      3626.3996      2747.2068      301.8295      -177.42487      4903.005      -4383.1446     -517.15109      76156.395      42.387271      42.387271      42.387271      1.1583487     -3458.11        642.53063     -4396.4262    
    244000   244000         410.00221     -551.71151      18120.036      18727.945      7942.6795      10785.265      3788.4211      3630.9629      2703.1933      304.99056     -156.71214      4900.6563     -4386.2467     -521.2825       75552.82       42.274994      42.274994      42.274994      1.1676025     -131.04484     -2124.8468      600.75709    
    245000   245000         402.47575     -1447.5551      16771.96       18365.988      7796.8748      10569.113      3665.8665      3583.2521      2735.9057      293.27017     -231.2722       4906.7772     -4384.6865     -521.60182      75506.567      42.266366      42.266366      42.266366      1.1683177     -883.73334     -1748.7054     -1710.2264    
    246000   246000         405.14669     -1080.9538      17482.128      18676.148      7848.617       10827.531      3687.0188      3658.5084      2762.0256      299.79227     -93.064447      4898.4919     -4385.2416     -519.99023      75740.581      42.309986      42.309986      42.309986      1.164708      -1659.9357     -1898.2597      315.33407    
    247000   247000         401.63381      596.30723      19157.441      18500.198      7780.5644      10719.633      3631.2659      3590.9066      2787.6389      322.68526     -112.40559      4884.2446     -4384.7023     -521.12733      75575.315      42.27919       42.27919       42.27919       1.167255       48.887233      499.92425      1240.1102    
    248000   248000         398.34391     -103.53506      18251.692      18366.13       7716.8317      10649.298      3674.1539      3549.9952      2732.495       297.96087     -110.24268      4890.7766     -4385.8411     -519.66124      75788.532      42.318912      42.318912      42.318912      1.1639711     -970.73597     -499.24358      1159.3744    
    249000   249000         404.62556     -72.606894      18467.292      18547.676      7838.5215      10709.155      3712.3482      3629.2569      2686.0999      309.66699     -141.32672      4901.346      -4388.2365     -518.80653      75913.391      42.342139      42.342139      42.342139      1.1620567      316.01123      27.051133     -560.88304    
    250000   250000         398.64473      342.71203      18595.537      18218.396      7722.6591      10495.737      3614.3594      3496.7611      2707.44        300.06346     -132.02122      4894.4556     -4385.3211     -521.94624      75456.741      42.257067      42.257067      42.257067      1.1690892     -57.1116        867.69096      217.55674    
Loop time of 508.204 on 1 procs for 250000 steps with 6500 atoms

Performance: 42.503 ns/day, 0.565 hours/ns, 491.929 timesteps/s, 3.198 Matom-step/s
100.0% CPU use with 1 MPI tasks x 1 OpenMP threads

MPI task timing breakdown:
Section |  min time  |  avg time  |  max time  |%varavg| %total
---------------------------------------------------------------
Pair    | 52.9       | 52.9       | 52.9       |   0.0 | 10.41
Bond    | 67.787     | 67.787     | 67.787     |   0.0 | 13.34
Kspace  | 231.94     | 231.94     | 231.94     |   0.0 | 45.64
Neigh   | 58.575     | 58.575     | 58.575     |   0.0 | 11.53
Comm    | 8.4178     | 8.4178     | 8.4178     |   0.0 |  1.66
Output  | 2.2852     | 2.2852     | 2.2852     |   0.0 |  0.45
Modify  | 76.083     | 76.083     | 76.083     |   0.0 | 14.97
Other   |            | 10.21      |            |       |  2.01

Nlocal:           6500 ave        6500 max        6500 min
Histogram: 1 0 0 0 0 0 0 0 0 0
Nghost:          17477 ave       17477 max       17477 min
Histogram: 1 0 0 0 0 0 0 0 0 0
Neighs:              0 ave           0 max           0 min
Histogram: 1 0 0 0 0 0 0 0 0 0
FullNghs:  3.55943e+06 ave 3.55943e+06 max 3.55943e+06 min
Histogram: 1 0 0 0 0 0 0 0 0 0

Total # of neighbors = 3559430
Ave neighs/atom = 547.60462
Ave special neighs/atom = 5.7630769
Neighbor list builds = 10762
Dangerous builds = 0

# --- Cleanup ---
unfix npt_fix

undump dump_npt

# --- Write Output ---
write_dump all custom cool_block_12_last.dump id type mol x y z xu yu zu vx vy vz modify sort id
write_data /home/alexzhao/PolyJarvis/data/PSU_3/attempts/cooling/attempt-0001/work/cool_block_12/cool_block_12_out.data
System init for write_data ...
PPPM Kokkos initialization ...
  using 12-bit tables for long-range coulomb
  G vector (1/distance) = 0.30064458
  grid = 30 30 30
  stencil order = 5
  estimated absolute RMS force accuracy = 0.00031608631
  estimated relative force accuracy = 9.5188455e-07
  using double precision cuFFT
  3d grid and FFT values/proc = 50653 27000
Generated 28 of 28 mixed pair_coeff terms from sixthpower/sixthpower mixing rule
write_restart /home/alexzhao/PolyJarvis/data/PSU_3/attempts/cooling/attempt-0001/work/cool_block_12/cool_block_12_out.restart
System init for write_restart ...
PPPM Kokkos initialization ...
  using 12-bit tables for long-range coulomb
  G vector (1/distance) = 0.30064458
  grid = 30 30 30
  stencil order = 5
  estimated absolute RMS force accuracy = 0.00031608631
  estimated relative force accuracy = 9.5188455e-07
  using double precision cuFFT
  3d grid and FFT values/proc = 50653 27000
Generated 28 of 28 mixed pair_coeff terms from sixthpower/sixthpower mixing rule

print "STAGE COMPLETE: NPT T=425.0->400.0K P=1.0->1.0atm steps=250000"
STAGE COMPLETE: NPT T=425.0->400.0K P=1.0->1.0atm steps=250000
quit
