units real
atom_style full
boundary p p p

# --- Force Field Styles ---
pair_style lj/cut/coul/long 9.5 9.5
kspace_style pppm 1e-6
dielectric 1.000000
bond_style harmonic
angle_style harmonic
dihedral_style multi/harmonic
improper_style none
special_bonds lj/coul 0 0 0.5
pair_modify mix geometric tail yes
neighbor 2.0 bin
neigh_modify delay 0 every 1 check yes
neigh_modify one 4000
# KOKKOS: package loaded via -pk kokkos on the command line

read_data /home/arz2/PolyJarvis_v2/data/PTFE_AI/attempts/cooling/attempt-0001/work/cool_block_13/cool_block_13_out.data
Reading data file ...
  orthogonal box = (4.9767967 4.9767967 4.9767967) to (40.384796 40.384796 40.384796)
  1 by 1 by 1 MPI processor grid
  reading atoms ...
  3020 atoms
  reading velocities ...
  3020 velocities
  scanning bonds ...
  4 = max bonds/atom
  scanning angles ...
  12 = max angles/atom
  scanning dihedrals ...
  24 = max dihedrals/atom
  orthogonal box = (4.9767967 4.9767967 4.9767967) to (40.384796 40.384796 40.384796)
  1 by 1 by 1 MPI processor grid
  reading bonds ...
  3010 bonds
  reading angles ...
  6000 angles
  reading dihedrals ...
  8910 dihedrals
Finding 1-2 1-3 1-4 neighbors ...
  special bond factors lj:    0        0        0.5     
  special bond factors coul:  0        0        0.5     
     4 = max # of 1-2 neighbors
     6 = max # of 1-3 neighbors
    12 = max # of 1-4 neighbors
    16 = max # of special neighbors
  special bonds CPU = 0.004 seconds
  read_data CPU = 0.074 seconds


# --- Thermo Output ---
thermo_style custom step time temp press enthalpy etotal ke pe ebond eangle edihed eimp evdwl ecoul elong etail vol lx ly lz density pxx pyy pzz
thermo_modify flush yes
thermo 1000

# --- Trajectory ---
dump dump_npt all custom 1000 cool_block_14.dump id type mol x y z ix iy iz vx vy vz


# --- Restart Checkpointing ---
restart 10000 npt_1.rst npt_2.rst

# --- Initial Velocities (optional) ---
# Velocities read from data file

# --- SHAKE Constraints ---
# SHAKE disabled

# --- NPT Thermostat + Barostat (Nose-Hoover) ---
# T_damp = 100.0 fs  (heat bath coupling)
# P_damp = 1000.0 fs  (pressure bath coupling, ~10x T_damp typical)
# Ramp: T=375.0->350.0K  P=1.0->1.0atm
timestep 1.0
fix npt_fix all npt temp 375.0 350.0 100.0 iso 1.0 1.0 1000.0

run 250000
PPPM Kokkos initialization ...
  using 12-bit tables for long-range coulomb
  G vector (1/distance) = 0.32882604
  grid = 36 36 36
  stencil order = 5
  estimated absolute RMS force accuracy = 0.0003783552
  estimated relative force accuracy = 1.1394054e-06
  using double precision cuFFT
  3d grid and FFT values/proc = 79507 46656
Generated 3 of 3 mixed pair_coeff terms from geometric mixing rule
Neighbor list info ...
  update: every = 1 steps, delay = 0 steps, check = yes
  max neighbors/atom: 4000, page size: 100000
  master list distance cutoff = 11.5
  ghost atom cutoff = 11.5
  binsize = 11.5, bins = 4 4 4
  1 neighbor lists, perpetual/occasional/extra = 1 0 0
  (1) pair lj/cut/coul/long/kk, perpetual
      attributes: full, newton off, kokkos_device
      pair build: full/bin/kk/device
      stencil: full/bin/3d
      bin: kk/device
Per MPI rank memory allocation (min/avg/max) = 25.92 | 25.92 | 25.92 Mbytes
   Step          Time           Temp          Press         Enthalpy        TotEng         KinEng         PotEng         E_bond        E_angle        E_dihed        E_impro         E_vdwl         E_coul         E_long         E_tail         Volume           Lx             Ly             Lz          Density          Pxx            Pyy            Pzz      
         0   0              376.58377     -892.0234       3253.1405      3830.6463      3388.9021      441.74421      1486.7286      2568.5664     -4402.848       0              201.38451      15047.583     -14459.67      -122.7555       44391.945      35.408         35.408         35.408         1.8713314      203.26967     -1804.0292     -1075.3106    
      1000   1000           372.98532      504.4853       4067.3962      3745.2494      3356.5193      388.73015      1451.7493      2541.0125     -4412.016       0              228.8855       15046.313     -14467.214     -124.45597      43785.409      35.245997      35.245997      35.245997      1.897254       320.29471      67.660812      1125.5004    
      2000   2000           374.73342     -776.97984      3319.1622      3816.6641      3372.2506      444.41345      1487.4214      2536.6681     -4399.3216      0              232.11576      15059.595     -14472.065     -124.11836      43904.508      35.277925      35.277925      35.277925      1.8921074     -1523.462      -277.46507     -530.01248    
      3000   3000           375.27056     -106.33797      3643.8624      3711.4609      3377.0843      334.37658      1423.4425      2503.5648     -4392.7712      0              210.13704      15069.596     -14479.593     -125.01795      43588.586      35.193106      35.193106      35.193106      1.905821      -1003.1434      644.37993      39.749586    
      4000   4000           375.45016      472.35276      4055.084       3750.4865      3378.7006      371.78581      1408.9605      2486.1878     -4392.6997      0              285.37069      15051.319     -14467.353     -123.24268      44216.463      35.361282      35.361282      35.361282      1.8787582     -82.811915      612.72995      887.14026    
      5000   5000           378.91735     -1234.1782      2976.8807      3780.3875      3409.902       370.48549      1411.0101      2550.5909     -4398.2742      0              232.82078      15027.179     -14452.841     -122.07012      44641.191      35.474144      35.474144      35.474144      1.8608832     -1485.9957      500.03201     -2716.571     
      6000   6000           379.62266     -546.97509      3487.8117      3841.3979      3416.2492      425.14871      1468.7089      2569.4741     -4413.8338      0              234.29254      15025.42      -14458.913     -122.94003      44325.314      35.390275      35.390275      35.390275      1.8741445      274.19425     -1472.4685     -442.65107    
      7000   7000           365.41629      443.33988      4012.8745      3726.2431      3288.4051      437.83797      1411.7211      2543.7743     -4402.5438      0              311.91087      15041.169     -14468.194     -122.92325      44331.365      35.391886      35.391886      35.391886      1.8738887      519.46502     -933.54703      1744.1016    
      8000   8000           374.16525     -1133.5386      3135.702       3868.8283      3367.1376      501.69062      1450.6868      2660.8264     -4401.2917      0              194.40579      15060.953     -14463.89      -122.87926      44347.238      35.396109      35.396109      35.396109      1.873218       619.35821     -933.38009     -3086.594     
      9000   9000           369.50745      1097.7482      4392.7887      3683.9153      3325.2218      358.69349      1410.5818      2493.9468     -4402.4815      0              265.90134      15055.528     -14464.783     -123.07081      44278.214      35.377736      35.377736      35.377736      1.8761381      1778.9562      2708.2543     -1193.9658    
     10000   10000          372.83654      982.75685      4392.7759      3761.932       3355.1805      406.75151      1458.6858      2499.931      -4396.2068      0              278.34563      15034.928     -14468.932     -123.80701      44014.921      35.307474      35.307474      35.307474      1.8873609      328.30298      1582.1686      1037.799     
     11000   11000          366.66326     -385.44277      3427.5991      3674.3471      3299.6268      374.72031      1460.7194      2523.9987     -4405.6281      0              219.85427      15056.18      -14480.404     -124.14448      43895.271      35.275451      35.275451      35.275451      1.8925055      49.525159     -741.13322     -464.72026    
     12000   12000          372.42003      177.15916      3842.5204      3729.1376      3351.4323      377.70539      1428.0936      2542.9493     -4401.0119      0              231.80673      15059.343     -14483.475     -124.17599      43884.133      35.272467      35.272467      35.272467      1.8929858     -94.857976      770.90915     -144.57369    
     13000   13000          374.70034     -415.50741      3423.864       3691.5908      3371.9529      319.63791      1417.3392      2497.435      -4413.7449      0              239.78369      15039.853     -14461.028     -123.34113      44181.173      35.351872      35.351872      35.351872      1.8802589     -1678.7578     -543.38283      975.61835    
     14000   14000          377.26417     -286.03369      3671.1645      3854.4407      3395.025       459.41568      1448.2332      2554.7494     -4397.8051      0              267.62608      15053.373     -14466.76      -124.03159      43935.223      35.28615       35.28615       35.28615       1.8907846      1156.6608     -2397.078       382.31614    
     15000   15000          363.72864      806.57972      4181.3038      3666.5304      3273.2179      393.31249      1476.6745      2501.8615     -4399.7447      0              259.68606      15030.52      -14475.685     -124.52376      43761.573      35.2396        35.2396        35.2396        1.8982874     -291.28622      1681.0959      1029.9295    
     16000   16000          385.24659      263.5198       4035.0036      3866.583       3466.8593      399.7237       1399.4131      2578.401      -4416.5261      0              251.2669       15063.147     -14475.978     -124.34809      43823.395      35.256187      35.256187      35.256187      1.8956095     -415.58571      227.52925      978.61585    
     17000   17000          375.52467      127.32365      3713.7471      3631.6978      3379.3711      252.32674      1384.9681      2502.7597     -4429.5938      0              220.47002      15039.794     -14466.071     -123.3263       44186.486      35.353289      35.353289      35.353289      1.8800328      308.95555     -334.0127       407.02811    
     18000   18000          370.72299     -1468.4799      2689.7844      3628.5581      3336.1605      292.39758      1458.783       2439.1584     -4413.7224      0              230.0295       15055.03      -14476.881     -124.31632      43834.596      35.25919       35.25919       35.25919       1.8951251     -368.1792      -2226.2548     -1811.0056    
     19000   19000          374.14357      761.41327      4224.6647      3741.3501      3366.9425      374.40755      1467.336       2525.2046     -4397.8496      0              198.44526      15060.128     -14478.857     -125.20207      43524.486      35.175846      35.175846      35.175846      1.9086278      2176.5026     -395.50696      503.24415    
     20000   20000          374.29268      520.44964      4072.5798      3742.0382      3368.2844      373.75379      1406.9354      2592.2061     -4384.8414      0              180.06498      15064.874     -14485.485     -125.13348      43548.344      35.182272      35.182272      35.182272      1.9075821      1905.7385      1001.0517     -1345.4413    
     21000   21000          360.66192      775.86086      4146.9879      3650.3885      3245.6203      404.76822      1407.0525      2590.0306     -4400.5446      0              238.23987      15039.974     -14469.984     -124.16485      43888.069      35.273522      35.273522      35.273522      1.8928161     -418.66273      449.88531      2296.36      
     22000   22000          374.06221      949.63043      4367.8104      3756.4473      3366.2104      390.23695      1444.1532      2516.6056     -4408.8987      0              264.16475      15036.133     -14461.921     -123.44584      44143.695      35.341873      35.341873      35.341873      1.8818552      711.88557      1534.1434      602.86228    
     23000   23000          365.68805      296.70206      3809.6702      3620.3435      3290.8507      329.49275      1392.5863      2521.2879     -4401.5711      0              241.4233       15049.33      -14473.564     -124.54599      43753.762      35.237504      35.237504      35.237504      1.8986263     -929.77131      595.21079      1224.6667    
     24000   24000          381.20489      575.18979      4068.3716      3707.6859      3430.4878      277.19806      1403.8986      2492.3056     -4394.9301      0              191.88373      15077.065     -14493.024     -126.73696      42997.366      35.033265      35.033265      35.033265      1.9320263      317.18427      31.25286       1377.1322    
     25000   25000          365.59545     -13.87147       3559.7588      3568.5973      3290.0174      278.57986      1425.054       2461.7008     -4402.4846      0              220.57739      15046.847     -14473.115     -124.72914      43689.516      35.220248      35.220248      35.220248      1.9014182     -71.921601     -279.26031      309.5675     
     26000   26000          371.572       -188.37625      3564.2834      3683.9221      3343.8008      340.1213       1416.603       2581.3131     -4407.9186      0              164.7887       15070.215     -14484.88      -125.13409      43548.131      35.182215      35.182215      35.182215      1.9075915      988.21693     -1225.4012     -327.9445     
     27000   27000          377.84788     -552.99925      3478.5454      3827.466       3400.2778      427.18819      1467.0462      2576.7699     -4402.7691      0              214.37861      15050.346     -14478.583     -125.95603      43263.951      35.105518      35.105518      35.105518      1.9201215     -652.52798      139.18789     -1145.6577    
     28000   28000          381.32415      647.67115      4124.0443      3710.6246      3431.561       279.06358      1378.1539      2530.444      -4418.3385      0              214.99209      15048.431     -14474.619     -124.50431      43768.409      35.241435      35.241435      35.241435      1.8979909      1955.7125     -314.78581      302.08677    
     29000   29000          372.79839     -804.34192      3255.319       3766.8996      3354.8371      412.06247      1499.7524      2519.6864     -4395.676       0              208.66822      15060.955     -14481.324     -124.95328      43611.144      35.199176      35.199176      35.199176      1.9048352     -2965.3858      1531.335      -978.97495    
     30000   30000          374.83749     -25.141866      3692.7378      3708.7659      3373.1872      335.57876      1467.974       2493.2743     -4409.4261      0              212.13949      15048.509     -14476.892     -124.66219      43712.978      35.226552      35.226552      35.226552      1.9003977     -596.2799       56.500306      464.354      
     31000   31000          371.49495      958.57054      4247.4129      3635.7759      3343.1074      292.66845      1383.1727      2550.846      -4408.8482      0              197.2903       15037.597     -14467.389     -124.55219      43751.583      35.236919      35.236919      35.236919      1.8987208     -99.921091      2051.433       924.19967    
     32000   32000          380.86518      1199.3736      4411.3286      3657.563       3427.4307      230.13228      1339.9756      2519.44       -4400.9562      0              188.52413      15065.155     -14482.007     -126.45592      43092.926      35.059199      35.059199      35.059199      1.927742       478.48386      1123.8059      1995.8309    
     33000   33000          365.03297     -982.53936      2985.2509      3616.3329      3284.9556      331.37728      1482.4739      2485.3151     -4410.7333      0              204.43573      15042.982     -14473.097     -123.73291      44041.28       35.31452       35.31452       35.31452       1.8862313     -1077.5076     -562.15422     -1307.9563    
     34000   34000          365.51801     -672.56124      3295.3259      3727.9689      3289.3205      438.64836      1495.3566      2572.6852     -4399.6792      0              184.3188       15061.844     -14475.877     -123.54445      44108.463      35.332468      35.332468      35.332468      1.8833584      1091.9973     -1495.5688     -1614.1121    
     35000   35000          369.66701      375.36278      3820.3955      3580.7641      3326.6577      254.10645      1401.9116      2434.1006     -4401.796       0              232.73777      15061.743     -14474.591     -124.48835      43774.022      35.242942      35.242942      35.242942      1.8977475     -536.63698      161.06497      1501.6603    
     36000   36000          379.02593      839.57013      4272.1348      3735.0896      3410.8792      324.21043      1434.2289      2503.1377     -4401.5585      0              206.79798      15058.345     -14476.741     -124.24165      43860.94       35.266252      35.266252      35.266252      1.8939869     -371.87645      1065.5025      1825.0843    
     37000   37000          370.41712      59.675939      3725.4956      3687.0954      3333.4079      353.68749      1455.8362      2502.8029     -4396.7038      0              201.05337      15060.694     -14469.995     -123.50562      44122.331      35.336171      35.336171      35.336171      1.8827664     -438.33157      450.11037      167.24901    
     38000   38000          364.14848     -347.29167      3375.8792      3599.9424      3276.996       322.94632      1438.2208      2496.0631     -4403.8329      0              218.32952      15039.655     -14465.489     -123.18136      44238.477      35.367149      35.367149      35.367149      1.8778233     -154.1101       389.51092     -1277.2758    
     39000   39000          366.81646     -925.45595      3021.7769      3611.4847      3301.0054      310.47931      1407.7533      2555.3582     -4409.602       0              167.47382      15059.044     -14469.548     -124.72111      43692.327      35.221003      35.221003      35.221003      1.9012959     -1983.6441      582.1481      -1374.8719    
     40000   40000          374.32997      625.92749      4096.4864      3699.1136      3368.62        330.4936       1431.7672      2498.2903     -4413.0373      0              245.39111      15045.81      -14477.727     -125.18345      43530.96       35.17759       35.17759       35.17759       1.9083439      1128.8053      367.03298      381.94423    
     41000   41000          380.98411     -474.70938      3446.6581      3750.709       3428.5009      322.20804      1432.378       2526.1352     -4411.9143      0              196.35936      15047.401     -14468.151     -124.08024      43917.996      35.281538      35.281538      35.281538      1.8915263     -1118.6015      307.55815     -613.08483    
     42000   42000          374.22273      550.89365      3949.4305      3603.5546      3367.6548      235.89981      1413.0221      2479.4466     -4402.2916      0              163.98725      15076.432     -14494.697     -126.58102      43050.337      35.047646      35.047646      35.047646      1.9296491     -392.81206      1393.9107      651.58232    
     43000   43000          366.46789     -1812.109       2502.8324      3662.998       3297.8685      365.1295       1463.964       2515.7977     -4417.467       0              233.9204       15034.481     -14465.566     -124.13246      43899.521      35.27659       35.27659       35.27659       1.8923223     -3149.4349      256.96337     -2543.8556    
     44000   44000          377.5402      -652.77187      3228.9095      3645.0584      3397.509       247.54944      1385.2791      2489.761      -4399.8969      0              190.96992      15055.553     -14474.116     -124.66188      43713.085      35.22658       35.22658       35.22658       1.900393       438.48476     -412.65627     -1984.1441    
     45000   45000          372.43109     -1204.3022      2902.5747      3671.5635      3351.5318      320.03176      1430.9608      2491.6195     -4397.4112      0              229.80471      15033.082     -14468.024     -124.46191      43783.32       35.245437      35.245437      35.245437      1.8973445      188.55053     -2596.2545     -1205.2025    
     46000   46000          366.81193     -823.48367      3116.003       3648.8262      3300.9646      347.86156      1475.1434      2505.6275     -4404.8152      0              178.18576      15054.136     -14460.416     -122.82673      44366.202      35.401154      35.401154      35.401154      1.8724173     -1612.4032     -126.78707     -731.26073    
     47000   47000          362.31429     -16.181558      3664.8493      3675.218       3260.49        414.72796      1438.581       2501.9982     -4393.4464      0              296.14455      15038.605     -14467.155     -124.02774      43936.587      35.286515      35.286515      35.286515      1.8907259      314.85446      472.535       -835.93414    
     48000   48000          366.29202     -1116.9241      2905.0221      3616.7139      3296.2859      320.42807      1407.9842      2483.6127     -4411.8346      0              263.27404      15046.783     -14469.392     -124.72477      43691.044      35.220659      35.220659      35.220659      1.9013517     -474.01863     -2058.163      -818.59069    
     49000   49000          364.08597      123.41745      3724.2588      3645.4247      3276.4335      368.99114      1409.6303      2555.1817     -4406.6162      0              209.64195      15080.393     -14479.24      -124.41801      43798.769      35.249582      35.249582      35.249582      1.8966753      133.41338      1481.032      -1244.193     
     50000   50000          363.40722     -654.96363      3188.6563      3605.3962      3270.3254      335.07078      1444.6725      2498.4958     -4404.0142      0              217.12248      15057.498     -14478.704     -124.90308      43628.674      35.203891      35.203891      35.203891      1.9040699      347.68909     -2060.2067     -252.37326    
     51000   51000          370.0969      -1678.0493      2576.2813      3641.1172      3330.5262      310.591        1439.6437      2498.9162     -4403.9056      0              208.78437      15044.849     -14477.697     -125.24         43511.303      35.172294      35.172294      35.172294      1.909206      -3414.4925     -749.16096     -870.49443    
     52000   52000          364.36623     -1772.4912      2444.716       3577.5417      3278.9556      298.58607      1497.5913      2426.2886     -4411.6582      0              209.6011       15051.381     -14474.618     -124.34893      43823.101      35.256108      35.256108      35.256108      1.8956222     -1032.7979     -1777.3761     -2507.2998    
     53000   53000          360.59961     -761.13948      3143.7816      3635.8934      3245.0595      390.83388      1470.8886      2483.4618     -4408.3948      0              269.08573      15038.482     -14462.689     -122.91971      44332.643      35.392226      35.392226      35.392226      1.8738347     -153.65347     -2127.8712     -1.8938146    
     54000   54000          368.39989     -861.18655      3073.5516      3624.1581      3315.2547      308.90336      1439.5414      2513.7497     -4413.3222      0              195.44049      15041.547     -14468.053     -124.30166      43839.765      35.260576      35.260576      35.260576      1.8949016     -358.45675     -1751.2574     -473.84553    
     55000   55000          370.44887      1.3610918      3776.3667      3775.4948      3333.6937      441.80111      1451.3985      2609.6113     -4398.9969      0              202.46012      15050.127     -14472.798     -124.05854      43925.679      35.283595      35.283595      35.283595      1.8911954     -273.80519      1763.1125     -1485.2241    
     56000   56000          363.17539      1125.8674      4201.2339      3485.2882      3268.2391      217.04908      1365.8394      2456.9414     -4404.3974      0              226.17137      15048.521     -14476.027     -124.97646      43603.057      35.197         35.197         35.197         1.9051885      308.90951      1046.7736      2021.9189    
     57000   57000          372.64232     -52.69672       3674.5927      3708.6648      3353.4326      355.23211      1396.9162      2557.9495     -4414.5166      0              228.07276      15048.209     -14461.398     -122.91526      44334.249      35.392653      35.392653      35.392653      1.8737668     -461.36056     -499.89932      803.16971    
     58000   58000          372.42605     -1600.0376      2599.9268      3615.3791      3351.4864      263.89264      1410.0013      2508.1182     -4413.51        0              185.4089       15045.872     -14471.997     -125.22519      43516.448      35.17368       35.17368       35.17368       1.9089803     -144.86226     -1649.7157     -3005.5348    
     59000   59000          363.35905     -1267.2397      2720.0027      3530.2495      3269.8919      260.3576       1368.9707      2498.438      -4408.912       0              218.05911      15052.589     -14468.787     -124.29754      43841.218      35.260966      35.260966      35.260966      1.8948388     -1768.5509     -1145.0598     -888.10858    
     60000   60000          362.65272     -1401.644       2615.045       3513.9536      3263.5356      250.41798      1441.8272      2469.3859     -4428.1475      0              184.91393      15050.718     -14468.28      -123.92052      43974.602      35.296689      35.296689      35.296689      1.8890914     -479.56825     -1808.4099     -1916.9539    
     61000   61000          371.54452     -1187.3868      2924.4582      3685.8225      3343.5534      342.26903      1454.3597      2508.3949     -4403.7054      0              211.45491      15039.093     -14467.328     -123.94265      43966.751      35.294589      35.294589      35.294589      1.8894287     -20.148313      219.2708      -3761.2828    
     62000   62000          361.33706      70.487571      3548.939       3504.0763      3251.6959      252.3804       1421.1123      2471.5313     -4408.6754      0              187.76111      15053.466     -14472.815     -124.86717      43641.22       35.207265      35.207265      35.207265      1.9035225      136.78036     -886.77383      961.45619    
     63000   63000          367.71395      984.91603      4276.9737      3646.8567      3309.082       337.77472      1419.9444      2512.5941     -4405.9452      0              233.7208       15045.553     -14468.093     -124.22214      43867.828      35.268099      35.268099      35.268099      1.8936894      1063.7847      949.51525      941.44816    
     64000   64000          366.37925     -55.002481      3543.0445      3577.9212      3297.0709      280.85027      1386.8458      2486.6844     -4405.538       0              252.57641      15037.639     -14477.357     -125.33373      43478.763      35.163524      35.163524      35.163524      1.9106349     -531.61101      398.32973     -31.726156    
     65000   65000          374.1659      -1196.2396      2923.6659      3684.7609      3367.1435      317.6174       1440.5248      2528.8819     -4406.0551      0              173.40554      15053.15      -14472.29      -124.91091      43625.938      35.203155      35.203155      35.203155      1.9041893     -1969.3572     -2022.1676      402.80594    
     66000   66000          365.6546       1113.6733      4307.0131      3589.7376      3290.5497      299.18788      1381.1793      2480.056      -4395.1267      0              259.84595      15039.423     -14466.19      -123.39366      44162.363      35.346854      35.346854      35.346854      1.8810597      2509.349       128.12328      703.54753    
     67000   67000          372.77109      607.80803      4035.2493      3648.8331      3354.5915      294.24163      1434.3584      2503.8257     -4399.9625      0              184.50449      15042.473     -14470.957     -125.00637      43592.622      35.194192      35.194192      35.194192      1.9056446      2864.1763     -855.17185     -185.58036    
     68000   68000          366.69445      762.57777      4104.2396      3620.9006      3299.9074      320.99318      1435.9075      2496.8234     -4414.6105      0              233.21305      15046.888     -14477.229     -125.38724      43460.209      35.158521      35.158521      35.158521      1.9114506      1749.3648      1545.2977     -1006.9291    
     69000   69000          375.46104      450.0653       4020.2995      3734.7997      3378.7985      356.00113      1448.9976      2540.5925     -4426.2258      0              205.34294      15059.101     -14471.807     -125.28258      43496.515      35.168309      35.168309      35.168309      1.9098552      333.37519      1656.685      -639.86428    
     70000   70000          373.1611       1028.866       4281.0933      3624.4972      3358.1012      266.39603      1398.0567      2441.9527     -4401.3127      0              256.4428       15048.589     -14477.332     -124.53217      43758.619      35.238807      35.238807      35.238807      1.8984156      1200.6437     -56.323193      1942.2774    
     71000   71000          369.46605      1686.1632      4739.5452      3673.3114      3324.8492      348.46215      1407.3256      2551.9934     -4412.3067      0              228.56936      15055.223     -14482.343     -125.68058      43358.772      35.131146      35.131146      35.131146      1.9159224      1568.5784      1053.6458      2436.2654    
     72000   72000          376.69279     -281.15599      3475.7591      3654.4015      3389.8831      264.51836      1443.385       2452.415      -4411.4123      0              224.35368      15023.332     -14467.555     -125.07885      43567.363      35.187393      35.187393      35.187393      1.9067494      142.20276     -1210.4643      224.79359    
     73000   73000          360.78963      1395.011       4398.5854      3505.9992      3246.7695      259.22963      1424.8238      2455.066      -4431.564       0              235.1786       15044.508     -14468.783     -124.20769      43872.934      35.269467      35.269467      35.269467      1.8934691      527.15777      2923.9128      733.96242    
     74000   74000          368.58822     -715.21304      3233.884       3690.1905      3316.9495      373.24094      1499.2761      2482.0866     -4379.8538      0              183.20972      15062.057     -14473.535     -124.56611      43746.696      35.235607      35.235607      35.235607      1.898933      -313.37022     -839.27451     -992.99438    
     75000   75000          361.17172     -47.866218      3523.0851      3554.0659      3250.208       303.858        1427.34        2435.0997     -4405.4735      0              274.02754      15035.004     -14462.139     -122.7881       44380.161      35.404866      35.404866      35.404866      1.8718283     -722.46532     -605.98333      1184.85      
     76000   76000          367.66984      1956.7897      4841.5405      3594.657       3308.685       285.97205      1372.421       2485.6416     -4414.0374      0              263.00415      15055.474     -14476.531     -124.72092      43692.393      35.221021      35.221021      35.221021      1.9012931      1692.0112      1041.8413      3136.5166    
     77000   77000          374.7098      -62.34146       3632.8128      3672.9418      3372.038       300.90382      1383.3051      2496.4823     -4396.8029      0              231.68021      15052.865     -14466.626     -123.46378      44137.282      35.340161      35.340161      35.340161      1.8821286     -733.62967     -389.28098      935.88627    
     78000   78000          378.40813      206.41711      3848.7397      3715.0932      3405.3195      309.7737       1445.3985      2446.2289     -4405.9585      0              239.96958      15055.392     -14471.256     -122.74651      44395.198      35.408865      35.408865      35.408865      1.8711943     -789.42669      956.27167      452.40635    
     79000   79000          367.14564     -350.15706      3329.6079      3554.9518      3303.9677      250.98419      1402.6206      2504.9163     -4410.8885      0              181.12868      15043.935     -14470.728     -123.49178      44127.273      35.33749       35.33749       35.33749       1.8825556      1919.951      -2126.128      -844.29416    
     80000   80000          364.5996      -1460.5457      2683.4882      3623.3436      3281.0557      342.28792      1477.5539      2473.4786     -4402.4765      0              233.40357      15024.26      -14463.931     -123.50233      44123.503      35.336483      35.336483      35.336483      1.8827164     -534.70083     -1349.1138     -2497.8225    
     81000   81000          378.05249     -1671.6649      2569.1915      3634.7841      3402.1191      232.66491      1435.3047      2466.9164     -4401.2264      0              159.24522      15050.681     -14478.256     -124.67491      43708.519      35.225354      35.225354      35.225354      1.9005916     -2296.7716     -2211.3476     -506.87544    
     82000   82000          360.4151       14.653368      3494.6029      3485.2902      3243.3991      241.89107      1362.1961      2478.8917     -4401.9274      0              239.69525      15041.493     -14478.457     -125.04961      43577.551      35.190135      35.190135      35.190135      1.9063036     -248.62427      476.82719     -184.24282    
     83000   83000          363.22547     -533.21942      3190.4239      3530.2893      3268.6898      261.59951      1392.7701      2496.7844     -4411.2799      0              218.12567      15037.08      -14471.881     -124.68667      43704.395      35.224246      35.224246      35.224246      1.9007709     -1286.3031      279.04537     -592.40051    
     84000   84000          377.45634      141.95961      3812.2461      3721.8131      3396.7543      325.05877      1451.163       2501.4724     -4405.6833      0              199.45784      15060.347     -14481.698     -124.75522      43680.383      35.217794      35.217794      35.217794      1.9018158      708.17215     -194.77453     -87.518795    
     85000   85000          359.00559      118.93604      3576.6151      3500.7095      3230.7149      269.99462      1425.2553      2464.0789     -4416.1971      0              223.93896      15041.982     -14469.064     -124.5262       43760.716      35.23937       35.23937       35.23937       1.8983246     -700.37596      1294.6793     -237.49526    
     86000   86000          369.70332     -312.22659      3292.4585      3490.2651      3326.9844      163.28075      1349.1887      2489.0151     -4426.9156      0              182.37448      15048.284     -14478.666     -125.44404      43440.529      35.153214      35.153214      35.153214      1.9123166      166.67676     -845.89966     -257.45687    
     87000   87000          363.59633     -556.53703      3215.3174      3573.3951      3272.0272      301.36791      1443.4773      2455.1234     -4411.3663      0              247.55893      15024.529     -14457.954     -123.52017      44117.131      35.334782      35.334782      35.334782      1.8829883     -1377.4645      360.91356     -653.06015    
     88000   88000          355.80594     -1446.2258      2547.0864      3474.2678      3201.921       272.34689      1405.4568      2491.7179     -4410.5392      0              223.43031      15023.704     -14461.423     -123.96309      43959.501      35.292649      35.292649      35.292649      1.8897403     -1625.2432      987.16362     -3700.5978    
     89000   89000          358.43891     -23.305035      3514.4051      3529.4753      3225.6153      303.86009      1380.1676      2528.9702     -4408.122       0              229.65224      15033.28      -14460.088     -122.89958      44339.904      35.394158      35.394158      35.394158      1.8735278      665.67659     -1142.6543      407.0626     
     90000   90000          364.76774     -2454.981       1988.3271      3571.7936      3282.5688      289.22481      1482.2679      2488.6358     -4419.9564      0              164.12235      15037.852     -14463.697     -123.21407      44226.732      35.364019      35.364019      35.364019      1.878322      -1939.0557     -2829.5        -2596.3874    
     91000   91000          356.4454      -579.57792      3159.5858      3531.3791      3207.6755      323.70352      1392.0319      2510.6381     -4398.5957      0              246.89385      15042.88      -14470.144     -123.8886       43985.931      35.29972       35.29972       35.29972       1.8886048     -1695.5082      182.31457     -225.5401     
     92000   92000          362.87447     -303.851        3298.8939      3492.083       3265.5312      226.55182      1424.0002      2459.6953     -4400.3472      0              173.74157      15048.691     -14479.229     -124.9969       43595.925      35.195081      35.195081      35.195081      1.9055002     -896.39917      189.26563     -204.41947    
     93000   93000          369.89109     -104.07214      3640.9045      3707.627       3328.6742      378.95281      1449.7839      2520.783      -4403.6242      0              253.68288      15021.495     -14463.168     -123.96052      43960.413      35.292893      35.292893      35.292893      1.8897012      663.02386     -227.05694     -748.18334    
     94000   94000          365.19241     -651.86178      3126.4385      3546.2845      3286.3904      259.89409      1429.8469      2448.5649     -4411.3602      0              225.53817      15026.502     -14459.197     -123.39188      44162.999      35.347024      35.347024      35.347024      1.8810326     -27.829331     -827.3375      -1100.4185    
     95000   95000          361.48212     -389.69142      3351.4811      3599.7033      3253.0013      346.70202      1455.8951      2540.6036     -4413.1059      0              200.27665      15038.616     -14475.583     -124.76743      43676.107      35.216644      35.216644      35.216644      1.902002      -1555.9826      61.218343      325.68995    
     96000   96000          361.92322      962.97445      4120.3328      3497.7107      3256.9707      240.73993      1339.6098      2514.4052     -4413.4141      0              223.22667      15039.325     -14462.413     -122.91679      44333.695      35.392506      35.392506      35.392506      1.8737902      659.46364      1806.6874      422.77233    
     97000   97000          360.79345     -2256.4028      1985.3416      3438.1881      3246.8039      191.38427      1385.1287      2466.7421     -4409.5997      0              175.17876      15032.859     -14458.925     -123.4292       44149.648      35.343462      35.343462      35.343462      1.8816015     -3142.1297     -2425.675      -1201.4036    
     98000   98000          365.60644     -1552.1733      2585.1397      3580.7559      3290.1164      290.63958      1433.0222      2449.4217     -4393.3035      0              236.27725      15035.728     -14470.506     -123.89943      43982.089      35.298692      35.298692      35.298692      1.8887698     -2117.3322     -580.99742     -1958.1903    
     99000   99000          363.76196     -179.38436      3457.1523      3571.2523      3273.5178      297.73451      1419.6991      2459.5862     -4405.8416      0              272.69705      15027.385     -14475.791     -124.94534      43613.916      35.199921      35.199921      35.199921      1.9047141      138.70894      325.09085     -1001.9529    
    100000   100000         374.16601      202.04986      3798.5654      3669.0896      3367.1445      301.94513      1393.7772      2520.8848     -4410.6234      0              232.11428      15028.546     -14462.754     -124.01984      43939.386      35.287265      35.287265      35.287265      1.8906055      771.37706      1457.2832     -1622.5106    
    101000   101000         363.61789     -40.31844       3499.246       3524.8592      3272.2212      252.63795      1416.8213      2511.6076     -4420.0175      0              162.61827      15059.455     -14477.846     -125.10114      43559.6        35.185303      35.185303      35.185303      1.9070892     -2453.1037      1666.7428      665.40565    
    102000   102000         364.91508      2996.823       5512.5688      3609.253       3283.8948      325.35821      1389.9861      2514.1773     -4416.6204      0              261.07932      15047.01      -14470.274     -125.13283      43548.568      35.182332      35.182332      35.182332      1.9075723      1973.3163      4595.6984      2421.4543    
    103000   103000         362.29781      911.40495      4089.6063      3508.5773      3260.3418      248.23556      1404.9302      2467.384      -4416.0807      0              230.50627      15036.745     -14475.249     -124.66216      43712.99       35.226555      35.226555      35.226555      1.9003972      732.0925       2189.4709     -187.34857    
    104000   104000         372.3008      -311.44999      3335.0829      3533.7819      3350.3593      183.4226       1405.4418      2442.2712     -4411.6473      0              180.86258      15039.594     -14473.1       -124.57005      43745.311      35.235235      35.235235      35.235235      1.8989931     -1329.4593      1147.1298     -752.02046    
    105000   105000         369.51884     -700.02992      3090.9566      3534.2167      3325.3243      208.89245      1385.3967      2475.6834     -4406.5033      0              190.87269      15040.814     -14477.371     -125.51018      43417.637      35.147038      35.147038      35.147038      1.9133248      411.88697     -1773.0109     -738.96583    
    106000   106000         370.1645      -538.37119      3361.4726      3706.3903      3331.1346      375.25579      1478.7398      2539.6561     -4417.5838      0              200.73224      15042.448     -14468.736     -124.0473       43929.659      35.28466       35.28466       35.28466       1.8910241     -1556.2409     -382.85508      323.98242    
    107000   107000         359.51892      546.07967      3790.1437      3446.4352      3235.3343      211.10082      1394.3018      2460.4441     -4424.8112      0              220.77095      15035.196     -14474.801     -126.26607      43157.718      35.076762      35.076762      35.076762      1.9248479      305.33168     -22.202159      1355.1095    
    108000   108000         360.65282     -529.83818      3229.2018      3569.8404      3245.5384      324.30202      1420.9712      2530.478      -4419.5867      0              211.69344      15048.165     -14467.419     -123.6148       44083.358      35.325763      35.325763      35.325763      1.8844309     -1392.1792      1216.8095     -1414.1448    
    109000   109000         361.05244     -1091.5805      2706.8772      3405.7784      3249.1346      156.64386      1381.8681      2403.1305     -4402.4344      0              191.9503       15054.148     -14472.018     -124.1255       43901.983      35.277249      35.277249      35.277249      1.8922162     -1876.9474     -226.77958     -1171.0145    
    110000   110000         365.27863     -170.13593      3463.8266      3571.9873      3287.1663      284.82098      1429.3692      2515.6689     -4419.8507      0              167.55872      15062.375     -14470.3       -125.01084      43591.065      35.193773      35.193773      35.193773      1.9057126      158.82597     -457.61744     -211.61632    
    111000   111000         361.25665      527.69138      3834.6174      3497.3224      3250.9723      246.35015      1433.423       2443.9439     -4414.312       0              211.06126      15038.911     -14466.677     -124.33436      43828.236      35.257485      35.257485      35.257485      1.8954001      2074.953      -1263.0006      771.12171    
    112000   112000         357.78931     -1119.9563      2765.5746      3483.2371      3219.7694      263.46769      1436.0268      2480.1844     -4415.005       0              196.40434      15029.591     -14463.733     -124.02289      43938.304      35.286975      35.286975      35.286975      1.890652      -2028.6094     -2128.5011      797.24173    
    113000   113000         359.55975     -293.70838      3225.9494      3415.2611      3235.7017      179.55934      1402.8547      2466.5329     -4434.5892      0              183.63111      15019.657     -14458.528     -123.29916      44196.211      35.355882      35.355882      35.355882      1.8796191      1724.0971     -1769.7899     -835.43241    
    114000   114000         363.2237       1336.697       4423.8217      3571.2097      3268.6739      302.53579      1407.6722      2480.727      -4412.0194      0              265.75152      15023.604     -14463.199     -124.59557      43736.352      35.232829      35.232829      35.232829      1.8993821      1579.2727      826.09332      1604.7251    
    115000   115000         361.33171     -1142.3706      2787.5777      3518.2616      3251.6478      266.61379      1448.3023      2489.5911     -4414.753       0              170.45054      15046.019     -14472.996     -124.25062      43857.773      35.265404      35.265404      35.265404      1.8941236     -398.53182     -338.46824     -2690.1119    
    116000   116000         360.15748      1330.335       4286.1435      3436.2633      3241.0808      195.18252      1346.4363      2473.2796     -4427.7384      0              220.52744      15049.551     -14466.874     -124.40112      43804.714      35.251177      35.251177      35.251177      1.8964179     -423.84702      2794.6373      1620.2146    
    117000   117000         366.85836     -100.48827      3541.0586      3605.6914      3301.3824      304.30897      1384.981       2529.245      -4412.872       0              215.95944      15051.12      -14464.124     -123.56155      44102.356      35.330837      35.330837      35.330837      1.8836192      605.97693     -1554.1864      646.74463    
    118000   118000         354.22775      1023.6768      4097.0357      3441.3384      3187.7187      253.61964      1395.7203      2399.9459     -4403.9572      0              288.49101      15045.968     -14472.548     -124.07391      43920.236      35.282138      35.282138      35.282138      1.8914298      2484.8987      560.34493      25.786799    
    119000   119000         371.55374     -411.87187      3273.5521      3537.3391      3343.6365      193.70266      1431.9694      2442.641      -4416.9696      0              158.88971      15045.243     -14468.071     -124.08799      43915.256      35.280804      35.280804      35.280804      1.8916443     -47.551194     -1619.5881      431.52367    
    120000   120000         356.99676     -268.1989       3317.5857      3487.8987      3212.6372      275.26145      1414.9222      2481.9655     -4423.2513      0              215.10198      15061.579     -14475.055     -125.1498       43542.665      35.180743      35.180743      35.180743      1.9078309      979.38774     -1228.3112     -555.67319    
    121000   121000         354.52661     -1003.2641      2832.4811      3474.1986      3190.4082      283.7904       1462.6552      2481.9683     -4418.9517      0              164.93479      15063.033     -14469.849     -124.24887      43858.391      35.265569      35.265569      35.265569      1.8940969     -257.51668     -969.74741     -1782.5283    
    122000   122000         367.13471      1167.2293      4301.2629      3550.9899      3303.8693      247.12064      1391.2257      2452.6339     -4410.6757      0              235.01943      15039.686     -14460.769     -123.63968      44074.487      35.323394      35.323394      35.323394      1.8848102     -245.90072      1950.7169      1796.8717    
    123000   123000         349.21062      1625.4292      4418.9519      3384.506       3142.5692      241.9368       1358.5354      2492.039      -4422.0308      0              243.53771      15042.084     -14472.228     -124.87667      43637.901      35.206373      35.206373      35.206373      1.9036673      1876.667       2694.1357      305.48482    
    124000   124000         365.21703      1757.2918      4599.2862      3475.0483      3286.612       188.4363       1373.6851      2447.4546     -4428.714       0              212.53854      15054.382     -14470.91      -124.22434      43867.051      35.26789       35.26789       35.26789       1.893723       868.0373       887.12802      3516.7102    
    125000   125000         357.10246      317.18903      3684.9267      3481.0192      3213.5884      267.43083      1390.778       2516.8378     -4404.868       0              185.33212      15049.256     -14469.905     -123.62492      44079.752      35.3248        35.3248        35.3248        1.8845851     -317.64487     -41.902025      1311.114     
    126000   126000         364.96337      889.73776      4136.8372      3567.6212      3284.3293      283.29186      1374.1773      2497.7929     -4418.8704      0              251.95911      15043.909     -14465.676     -124.22411      43867.133      35.267912      35.267912      35.267912      1.8937194      203.97454      2724.0751     -258.83635    
    127000   127000         366.81941     -283.13506      3483.4931      3666.2323      3301.0319      365.20039      1400.752       2545.1524     -4405.7154      0              256.55464      15029.984     -14461.527     -123.1354       44254.988      35.371549      35.371549      35.371549      1.8771227     -1949.4828      787.67503      312.40256    
    128000   128000         358.46222      713.75059      3883.4884      3426.8777      3225.825       201.05272      1332.6502      2495.8484     -4430.9933      0              243.66879      15024.887     -14465.009     -124.22855      43865.567      35.267492      35.267492      35.267492      1.8937871     -386.10638      1218.0795      1309.2786    
    129000   129000         362.19094     -524.61347      3198.3125      3529.4222      3259.38        270.04225      1420.5934      2465.4139     -4423.8867      0              227.18096      15059.587     -14478.847     -125.91819      43276.953      35.109035      35.109035      35.109035      1.9195446     -1014.1527     -233.0032      -326.68453    
    130000   130000         360.19629     -731.13052      3064.9797      3531.7196      3241.4301      290.2895       1455.3309      2493.071      -4416.1076      0              189.57291      15037.848     -14469.426     -124.4919       43772.771      35.242606      35.242606      35.242606      1.8978018      56.431523     -2039.2463     -210.57674    
    131000   131000         368.9708      -1656.2821      2499.685       3562.9033      3320.3924      242.51093      1401.0279      2468.483      -4409.6818      0              206.15433      15045.498     -14468.971     -123.8035       44016.169      35.307807      35.307807      35.307807      1.8873074     -758.75606     -2438.8309     -1771.2594    
    132000   132000         356.88161      1249.4156      4212.5366      3420.2335      3211.601       208.63247      1363.3654      2455.1574     -4401.297       0              211.63415      15061.513     -14481.74      -125.32467      43481.907      35.164372      35.164372      35.164372      1.9104968      1786.7259      1903.9202      57.600696    
    133000   133000         362.87014      170.59481      3617.9312      3506.8851      3265.4922      241.39293      1384.7761      2474.1554     -4426.2387      0              228.33775      15025.244     -14444.881     -122.09097      44633.569      35.472125      35.472125      35.472125      1.861201       599.06564      1078.138      -1165.4192    
    134000   134000         370.17403      110.00971      3615.1291      3544.014       3331.2203      212.7937       1397.3466      2441.9795     -4417.277       0              229.513        15016.712     -14455.48      -122.93919      44325.618      35.390356      35.390356      35.390356      1.8741316     -498.71759      71.546052      757.20067    
    135000   135000         358.32743      1533.1002      4370.9096      3396.6416      3224.612       172.0296       1331.3303      2459.092      -4415.932       0              241.13435      15020.621     -14464.216     -125.05847      43574.461      35.189304      35.189304      35.189304      1.9064388      1235.8042      1330.5058      2032.9906    
    136000   136000         363.06193      1147.6301      4256.6673      3524.9275      3267.2181      257.70938      1360.3493      2514.4292     -4413.2398      0              234.18515      15021.442     -14459.456     -124.64254      43719.87       35.228403      35.228403      35.228403      1.9000981      1026.3064      1705.8882      710.69576    
    137000   137000         363.28361      185.12032      3643.356       3523.4622      3269.213       254.24921      1365.2532      2505.6601     -4416.4774      0              215.51036      15044.1       -14459.797     -122.70961      44408.549      35.412414      35.412414      35.412414      1.8706318     -1329.1423      245.84367      1638.6596    
    138000   138000         365.59369     -246.10877      3306.4158      3463.2727      3290.0016      173.27114      1382.3573      2418.9497     -4404.9709      0              208.60322      15032.803     -14464.472     -124.69366      43701.947      35.223588      35.223588      35.223588      1.9008774     -1065.4314      1578.7748     -1251.6698    
    139000   139000         359.90801      828.31483      3943.8761      3418.2203      3238.8358      179.38448      1341.8513      2440.5948     -4408.5968      0              230.11982      15056.515     -14481.099     -125.2319       43514.118      35.173053      35.173053      35.173053      1.9090825      1906.0374      552.48791      26.41917     
    140000   140000         359.70734     -1783.8397      2381.6745      3517.0659      3237.0299      280.03604      1429.539       2507.4571     -4395.1085      0              168.63365      15044.68      -14475.166     -124.86228      43642.928      35.207725      35.207725      35.207725      1.903448      -1253.7771     -3649.6741     -448.0679     
    141000   141000         360.9312      -281.78536      3338.9098      3516.3235      3248.0435      268.27998      1426.4692      2496.7504     -4400.9417      0              179.20358      15050.441     -14483.642     -126.22703      43171.068      35.080378      35.080378      35.080378      1.9242527      1044.7967     -1094.9142     -795.23865    
    142000   142000         354.62747      1243.029       4149.409       3361.4551      3191.3158      170.13921      1350.599       2434.1347     -4411.1189      0              221.2505       15054.215     -14478.941     -125.37226      43465.401      35.159922      35.159922      35.159922      1.9112223      1220.7374      715.81292      1792.5367    
    143000   143000         368.99463      793.51918      4016.3815      3511.4874      3320.6069      190.88052      1319.7456      2508.401      -4425.0253      0              210.36308      15054.144     -14476.748     -124.90454      43628.164      35.203754      35.203754      35.203754      1.9040921      1067.6155      857.17753      455.7645     
    144000   144000         362.70321     -1601.5276      2548.6836      3577.1681      3263.99        313.17808      1450.8662      2471.4805     -4412.9704      0              230.13201      15035.645     -14461.975     -123.75357      44033.925      35.312554      35.312554      35.312554      1.8865464     -2964.365      -311.8483      -1528.3696    
    145000   145000         351.85299     -345.8839       3204.6036      3426.8022      3166.3481      260.45408      1369.4564      2466.5346     -4402.5399      0              262.44689      15033.3       -14468.743     -123.71149      44048.904      35.316558      35.316558      35.316558      1.8859049      339.21954      156.30434     -1533.1756    
    146000   146000         360.01085      509.40859      3831.7632      3502.6688      3239.7612      262.90756      1369.5777      2475.0082     -4413.2251      0              251.81306      15043.721     -14463.988     -123.01744      44297.423      35.382851      35.382851      35.382851      1.8753245      634.29549      155.28725      738.64303    
    147000   147000         366.24282     -264.95341      3451.2241      3622.1516      3295.8431      326.30848      1394.2362      2521.2746     -4409.4391      0              234.88347      15043.321     -14457.967     -123.19087      44235.062      35.366239      35.366239      35.366239      1.8779683     -1084.483       635.95795     -346.33522    
    148000   148000         364.87392     -927.96892      2888.3026      3476.2044      3283.5243      192.68006      1412.4272      2443.2231     -4411.3563      0              158.62121      15068.334     -14478.569     -125.44394      43440.564      35.153223      35.153223      35.153223      1.912315      -1891.5129     -993.12597      100.73207    
    149000   149000         366.34421      63.04483       3634.2811      3593.3742      3296.7556      296.61867      1379.4577      2514.935      -4406.3475      0              219.06618      15047.975     -14458.467     -122.4824       44490.927      35.434297      35.434297      35.434297      1.8671682      1094.5931     -1503.5296      598.07096    
    150000   150000         355.5062      -445.7839       3144.0643      3427.9888      3199.2236      228.76519      1450.2484      2471.1498     -4428.064       0              146.87474      15059.025     -14470.469     -124.77932      43671.946      35.215526      35.215526      35.215526      1.9021832      554.21916     -860.48689     -1031.084     
    151000   151000         362.92794     -493.11127      3250.2209      3568.9283      3266.0123      302.91597      1417.3512      2484.8522     -4413.6629      0              225.43782      15051.374     -14462.437     -122.9628       44317.108      35.388091      35.388091      35.388091      1.8744915     -550.65713      646.82638     -1575.5031    
    152000   152000         355.60827     -217.48412      3297.9626      3437.4371      3200.1421      237.29497      1373.3596      2508.0325     -4416.7052      0              192.34593      15049.11      -14468.848     -123.92355      43973.529      35.296402      35.296402      35.296402      1.8891375     -1183.7287      441.56517      89.711128    
    153000   153000         362.39265      248.3141       3692.8792      3535.1413      3261.1952      273.94606      1422.1932      2477.0011     -4416.6961      0              214.38977      15053.813     -14476.755     -125.10835      43557.09       35.184627      35.184627      35.184627      1.9071991      1262.4297     -598.72594      81.238498    
    154000   154000         355.25265     -275.88995      3220.2382      3395.3679      3196.9418      198.42604      1360.633       2488.8799     -4414.9103      0              173.23262      15065.553     -14474.962     -125.19796      43525.914      35.17623       35.17623       35.17623       1.9085652     -186.47585      223.35692     -864.55093    
    155000   155000         372.2172      -1962.4668      2265.0952      3511.3878      3349.6069      161.78083      1424.6268      2427.4182     -4412.9932      0              142.59777      15051.428     -14471.297     -125.14207      43545.352      35.181466      35.181466      35.181466      1.9077132     -2487.343      -119.18855     -3280.869     
    156000   156000         367.97718      776.3051       3955.7511      3461.0798      3311.4508      149.62906      1361.3221      2388.5192     -4417.7305      0              247.96483      15044.142     -14474.588     -124.7202       43692.647      35.221089      35.221089      35.221089      1.901282       2793.5609     -1358.7051      894.05952    
    157000   157000         357.83857      606.29057      3775.766       3389.022       3220.2127      168.80925      1366.3408      2435.5663     -4428.8073      0              214.3372       15053.456     -14472.084     -124.58857      43738.807      35.233488      35.233488      35.233488      1.8992755     -682.26388      647.4828       1853.6528    
    158000   158000         362.42964      1135.285       4194.0754      3471.5685      3261.5281      210.04044      1323.4016      2476.6097     -4411.0716      0              240.46413      15053.828     -14473.191     -124.87742      43637.637      35.206302      35.206302      35.206302      1.9036788      985.58538      1377.2593      1043.0103    
    159000   159000         354.86707      123.76865      3432.6348      3353.2475      3193.472       159.77553      1360.9564      2398.3595     -4418.3789      0              246.18471      15033.96      -14461.306     -123.90274      43980.912      35.298378      35.298378      35.298378      1.8888204      850.84607      616.94639     -1096.4865    
    160000   160000         367.28596      2025.8165      4774.7815      3480.8824      3305.2305      175.65197      1342.2574      2423.7888     -4418.5932      0              247.28166      15046.022     -14465.104     -124.42875      43794.99       35.248568      35.248568      35.248568      1.896839       1426.8609      869.10727      3781.4813    
    161000   161000         361.01992     -1067.6411      2783.3493      3466.8157      3248.8419      217.97374      1421.5952      2444.2524     -4423.465       0              197.00453      15033.458     -14454.872     -124.14497      43895.097      35.275405      35.275405      35.275405      1.892513       157.18229     -2322.732      -1037.3736    
    162000   162000         355.37307      88.329041      3456.2122      3400.1477      3198.0256      202.1221       1355.0113      2481.0262     -4408.8219      0              195.76307      15056.975     -14477.831     -125.20912      43522.033      35.175185      35.175185      35.175185      1.9087353     -306.47115      183.88614      387.57213    
    163000   163000         362.51881     -734.91526      3048.5208      3519.876       3262.3305      257.54548      1382.0378      2533.712      -4410.1517      0              170.98561      15048.051     -14467.09      -123.91105      43977.964      35.297589      35.297589      35.297589      1.888947       570.63792     -2996.593       221.2093     
    164000   164000         351.95482     -361.25629      3119.5054      3348.0829      3167.2645      180.81843      1363.198       2429.3247     -4412.9206      0              229.55199      15045.445     -14473.781     -125.60389      43385.246      35.138295      35.138295      35.138295      1.9147533     -61.700257     -1238.0228      215.9542     
    165000   165000         359.79987     -1069.978       2706.1644      3386.1414      3237.8626      148.27879      1388.251       2447.5096     -4409.7173      0              141.07195      15050.051     -14468.887     -125.05517      43575.611      35.189613      35.189613      35.189613      1.9063885     -2735.0166      265.45887     -740.37632    
    166000   166000         365.38656      0.55561405     3479.9522      3479.5973      3288.1376      191.45969      1337.1308      2487.8193     -4420.4156      0              196.22846      15056.812     -14466.116     -124.41332      43800.419      35.250024      35.250024      35.250024      1.8966038     -610.57936     -992.1831       1604.4293    
    167000   167000         354.10444      723.54512      3907.9694      3441.996       3186.609       255.38694      1402.5313      2491.4609     -4422.1999      0              207.87529      15033.721     -14458.002     -123.40294      44159.043      35.345968      35.345968      35.345968      1.8812012      1109.7953      1966.3561     -905.51595    
    168000   168000         353.15945     -671.52888      2945.6627      3372.4144      3178.105       194.30937      1360.9184      2466.7998     -4398.9793      0              187.64738      15052.276     -14474.353     -125.05771      43574.727      35.189376      35.189376      35.189376      1.9064271      252.99582     -880.71235     -1386.8701    
    169000   169000         352.10735      362.3574       3602.6631      3373.6725      3168.6371      205.03533      1353.5609      2453.7298     -4417.1518      0              228.01885      15065.252     -14478.374     -125.75937      43331.606      35.123808      35.123808      35.123808      1.9171236      1266.2333      376.78877     -555.94988    
    170000   170000         344.6565      -683.82169      2864.371       3302.0288      3101.5865      200.44235      1340.7854      2481.1039     -4420.3896      0              210.00152      15054.651     -14465.71      -124.1736       43884.979      35.272694      35.272694      35.272694      1.8929494     -1271.585       100.37584     -880.25587    
    171000   171000         364.28738     -909.84206      2862.569       3443.531       3278.246       165.28499      1366.9318      2433.2133     -4415.9083      0              208.26649      15042.77      -14469.988     -124.46273      43783.03       35.245359      35.245359      35.245359      1.8973571     -2099.1543      607.44741     -1237.8193    
    172000   172000         362.87456      2259.7412      4945.6671      3501.079       3265.5319      235.54708      1361.8056      2477.724      -4431.9515      0              254.1811       15033.601     -14459.813     -124.31848      43833.833      35.258986      35.258986      35.258986      1.8951581      1994.251       3828.6857      956.28683    
    173000   173000         359.61446     -803.94808      2933.8293      3446.4636      3236.1941      210.26943      1380.1938      2434.2065     -4399.7086      0              226.40178      15040.481     -14471.305     -124.6354       43722.374      35.229075      35.229075      35.229075      1.8999893     -52.622431     -1031.019      -1328.2028    
    174000   174000         358.55234      156.25075      3526.4006      3425.856       3226.636       199.21993      1430.6208      2394.439      -4411.1875      0              191.77141      15059.373     -14465.797     -123.50493      44122.577      35.336236      35.336236      35.336236      1.8827559     -451.64154      255.37638      665.01739    
    175000   175000         364.26175      1016.2357      4162.3629      3510.9889      3278.0153      232.97353      1342.5501      2483.6243     -4412.4469      0              234.59028      15048.245     -14463.589     -123.98955      43950.12       35.290138      35.290138      35.290138      1.8901437     -726.33776      1690.6785      2084.3664    
    176000   176000         349.64682     -217.15404      3207.3459      3346.8263      3146.4947      200.33161      1371.5478      2485.3851     -4431.3534      0              198.88843      15034.866     -14459.002     -123.73022      44042.238      35.314776      35.314776      35.314776      1.8861903     -1205.1213      734.20364     -180.54451    
    177000   177000         364.35541     -1265.2633      2680.304       3506.6039      3278.8582      227.74569      1390.1014      2462.9101     -4417.3588      0              214.55561      15029.135     -14451.598     -121.69263      44779.669      35.510787      35.510787      35.510787      1.8551285     -1121.1126     -1574.7886     -1099.8888    
    178000   178000         352.44172      298.91244      3508.5244      3318.0247      3171.6462      146.37857      1362.3336      2397.1068     -4407.6048      0              215.6363       15044.388     -14465.481     -124.70123      43699.293      35.222875      35.222875      35.222875      1.9009928      519.35476      1639.0311     -1261.6485    
    179000   179000         363.25028      555.70845      3862.8367      3512.5119      3268.9131      243.59887      1354.8172      2477.5768     -4412.602       0              244.39744      15063.224     -14483.815     -126.06578      43226.286      35.095328      35.095328      35.095328      1.9217946      624.03055      435.2643       607.83049    
    180000   180000         352.18604     -653.14905      2992.5564      3411.4919      3169.3452      242.1467       1455.7604      2405.9985     -4400.1068      0              218.40472      15028.857     -14466.767     -123.90424      43980.382      35.298236      35.298236      35.298236      1.8888431      1331.3705     -3222.9513     -67.866296    
    181000   181000         364.21342      799.17216      4024.0978      3511.9072      3277.5804      234.32684      1366.429       2484.9356     -4406.1299      0              214.91781      15034.498     -14460.324     -124.00232      43945.594      35.288926      35.288926      35.288926      1.8903384      869.4096       1726.772      -198.6651     
    182000   182000         350.11142      891.79264      3930.1458      3356.0467      3150.6756      205.3711       1384.7805      2426.4681     -4400.9228      0              223.43414      15037.38      -14465.769     -123.45199      44141.496      35.341286      35.341286      35.341286      1.881949       296.77082      2786.034      -407.42688    
    183000   183000         357.42999      166.72318      3591.9468      3484.1489      3216.5359      267.61297      1402.1496      2439.9349     -4394.9381      0              240.6241       15038.477     -14458.634     -122.91551      44334.159      35.392629      35.392629      35.392629      1.8737706      528.33285     -4.5094941     -23.65382     
    184000   184000         353.85059      1175.7786      4186.2525      3437.9805      3184.3247      253.65583      1417.3606      2440.3904     -4414.7712      0              230.41037      15056.19      -14475.925     -124.87834      43637.316      35.206216      35.206216      35.206216      1.9036928      878.06578      931.90085      1717.3691    
    185000   185000         350.97074     -777.01647      2877.9656      3373.9063      3158.4087      215.49752      1341.7784      2521.3897     -4412.8165      0              186.24278      15038.473     -14459.57      -124.51497      43764.662      35.240429      35.240429      35.240429      1.8981534     -1093.1596     -1423.8235      185.93374    
    186000   186000         362.39478     -178.85897      3338.0106      3451.3118      3261.2144      190.09744      1370.7614      2384.5569     -4405.5532      0              258.66275      15053.944     -14472.274     -125.45765      43435.817      35.151943      35.151943      35.151943      1.912524      -883.0497       1273.0293     -926.55648    
    187000   187000         353.68442      577.49331      3680.809       3311.3861      3182.8293      128.55676      1342.8253      2385.2644     -4418.5203      0              253.73623      15030.558     -14465.307     -124.23503      43863.276      35.266879      35.266879      35.266879      1.893886       1568.9837      148.03552      15.460705    
    188000   188000         362.25306     -1737.7306      2268.6314      3375.031       3259.939       115.09203      1374.6901      2438.9205     -4422.3382      0              156.758        15035.107     -14468.046     -124.82209      43656.981      35.211503      35.211503      35.211503      1.9028353     -1574.0753     -1772.9858     -1866.1307    
    189000   189000         355.9371      -588.63751      2979.9434      3358.9213      3203.1013      155.82003      1335.2616      2464.8097     -4428.0528      0              213.15107      15025.28      -14454.63      -123.43977      44145.868      35.342453      35.342453      35.342453      1.8817626      133.5663      -2584.8661      685.38722    
    190000   190000         367.75629      1715.2931      4554.7665      3453.0909      3309.463       143.62795      1355.9507      2391.2053     -4417.759       0              236.74949      15033.484     -14456.003     -123.73873      44039.208      35.313967      35.313967      35.313967      1.8863201      2877.0177     -1145.6231      3414.4847    
    191000   191000         361.4818       776.01589      3935.2708      3443.0355      3252.9984      190.03712      1412.6622      2399.1853     -4402.5648      0              207.62202      15047.739     -14474.607     -125.29072      43493.69       35.167548      35.167548      35.167548      1.9099792      848.94212      1714.5709     -235.46539    
    192000   192000         357.23336      122.46883      3614.6724      3536.604       3214.7664      321.83762      1466.7984      2489.9925     -4403.4935      0              205.69686      15030.249     -14467.406     -124.67273      43709.283      35.225559      35.225559      35.225559      1.9005583      1453.1067     -850.14897     -235.55122    
    193000   193000         352.26188     -333.0957       3112.4115      3323.6234      3170.0278      153.59567      1365.0143      2420.1057     -4408.1085      0              218.80846      15027.897     -14470.122     -125.33481      43478.388      35.163423      35.163423      35.163423      1.9106514      618.50455     -989.8458      -627.94585    
    194000   194000         351.4542      -277.02898      3147.179       3323.0703      3162.7594      160.31092      1333.9561      2495.3894     -4421.1608      0              178.70389      15045.484     -14472.061     -125.17045      43535.48       35.178807      35.178807      35.178807      1.9081458      13.519216     -1434.7825      590.17633    
    195000   195000         356.76936      1069.9333      4207.7628      3517.3023      3210.5909      306.71142      1374.5028      2509.5034     -4411.2325      0              259.6885       15029.979     -14455.73      -123.15127      44249.286      35.37003       35.37003       35.37003       1.8773646      1150.2541      433.30987      1626.236     
    196000   196000         349.94938     -416.33263      3069.2377      3334.8029      3149.2174      185.58542      1403.2376      2431.873      -4422.0543      0              193.08558      15056.799     -14477.356     -124.59206      43737.585      35.23316       35.23316       35.23316       1.8993285      789.38498     -2262.6003      224.21742    
    197000   197000         350.02864      966.82889      4060.6715      3446.1073      3149.9307      296.17659      1426.8095      2516.2867     -4421.3409      0              195.45855      15045.321     -14466.358     -125.02687      43585.475      35.192268      35.192268      35.192268      1.905957       1138.1846      1366.12        396.18205    
    198000   198000         351.31726     -110.05541      3329.8845      3400.7149      3161.5271      239.18786      1428.8773      2460.3978     -4416.8852      0              192.38007      15033.502     -14459.084     -123.48451      44129.873      35.338184      35.338184      35.338184      1.8824446      304.16749      526.2642      -1160.5979    
    199000   199000         347.01271     -338.25457      2962.2366      3176.9213      3122.7901      54.131207      1355.1591      2399.466      -4420.0332      0              154.66334      15032.743     -14467.867     -125.2171       43519.26       35.174438      35.174438      35.174438      1.908857      -2014.2395      751.93514      247.54062    
    200000   200000         351.64673     -357.57511      3109.089       3338.2225      3164.4919      173.73051      1414.2333      2409.837      -4416.3286      0              196.9332       15032.14      -14463.084     -124.02233      43938.506      35.287029      35.287029      35.287029      1.8906433     -2066.452       950.88449      42.84222     
    201000   201000         352.49662      122.55101      3466.3829      3389.381       3172.1402      217.24087      1397.616       2445.7383     -4407.898       0              210.56766      15051.772     -14480.555     -126.48427      43083.268      35.05658       35.05658       35.05658       1.9281741     -1012.4744      1413.024      -32.896609    
    202000   202000         351.45653     -950.91132      2728.3413      3329.9981      3162.7804      167.21768      1388.2881      2456.3127     -4421.3709      0              178.95318      15038.979     -14473.945     -125.60653      43384.333      35.138049      35.138049      35.138049      1.9147936     -2670.0807     -1318.1597      1135.5064    
    203000   203000         353.16644      1373.2878      4239.0898      3373.2437      3178.168       195.07574      1379.7514      2431.5188     -4424.9886      0              243.50355      15048.041     -14482.751     -126.04973      43231.793      35.096818      35.096818      35.096818      1.9215498     -394.3991       2347.9268      2166.3358    
    204000   204000         350.17147      425.52184      3595.3919      3328.7774      3151.2161      177.56132      1418.5074      2421.4163     -4417.1681      0              180.3369       15067.144     -14492.675     -126.84082      42962.162      35.023701      35.023701      35.023701      1.9336095     -344.8216       3.7425357      1617.6446    
    205000   205000         356.92342     -195.60857      3227.6693      3353.4983      3211.9772      141.52101      1383.6535      2385.0219     -4415.5884      0              226.41587      15016.623     -14454.605     -123.54595      44107.927      35.332325      35.332325      35.332325      1.8833812     -194.86939     -947.7247       555.76839    
    206000   206000         361.31216     -2405.7455      1941.8001      3475.1979      3251.4718      223.72606      1456.4428      2462.8306     -4409.5674      0              149.75135      15033.162     -14468.894     -124.68548      43704.812      35.224358      35.224358      35.224358      1.9007528     -3156.0348     -1739.4584     -2321.7434    
    207000   207000         344.66581     -306.28023      3106.0001      3299.5421      3101.6702      197.87187      1413.4565      2455.5242     -4416.7031      0              179.57576      15043.681     -14477.663     -125.76647      43329.161      35.123148      35.123148      35.123148      1.9172317      786.06816      1160.6415     -2865.5504    
    208000   208000         351.75391      440.51671      3560.7638      3279.4423      3165.4565      113.98581      1363.7843      2419.0118     -4424.5026      0              195.0554       15020.832     -14460.195     -124.44588      43788.961      35.24695       35.24695       35.24695       1.8971001     -2029.1258      723.47012      2627.2058    
    209000   209000         355.31329      1192.9685      4113.8748      3361.6261      3197.4875      164.13857      1360.9001      2418.3977     -4416.9591      0              232.39313      15048.172     -14478.765     -126.03425      43237.102      35.098255      35.098255      35.098255      1.9213139      733.80235      1646.7059      1198.3973    
    210000   210000         356.61622     -1422.5632      2522.2214      3423.5367      3209.2127      214.32403      1410.5185      2487.8753     -4418.964       0              164.4103       15044.894     -14474.41      -125.43417      43443.949      35.154136      35.154136      35.154136      1.912166      -1380.8498     -1151.814      -1735.0257    
    211000   211000         358.51006     -441.23558      3094.4843      3377.8384      3226.2555      151.58287      1383.3811      2408.4872     -4414.6517      0              196.13202      15044.057     -14465.822     -123.75479      44033.491      35.312438      35.312438      35.312438      1.886565      -162.05797     -344.1837      -817.46506    
    212000   212000         348.10869      470.65         3608.6469      3306.5765      3132.6529      173.92356      1383.3442      2452.4374     -4416.5136      0              182.4945       15034.784     -14462.624     -123.82572      44008.268      35.305694      35.305694      35.305694      1.8876463      117.31473      343.64916      950.98611    
    213000   213000         359.62999      1081.0025      4127.4508      3434.7069      3236.3339      198.37303      1364.6932      2439.8047     -4408.267       0              226.53189      15043.533     -14467.923     -124.01522      43941.022      35.287703      35.287703      35.287703      1.8905351      522.56208      1107.0844      1613.3612    
    214000   214000         346.11367      555.34825      3627.296       3273.5196      3114.6996      158.82006      1335.1941      2424.8871     -4401.5347      0              235.78827      15040.901     -14476.416     -124.75492      43680.487      35.217822      35.217822      35.217822      1.9018113      1893.1539     -1147.1389      920.02973    
    215000   215000         343.19533     -1001.9734      2738.4709      3381.4685      3088.4372      293.0313       1423.9148      2453.1551     -4408.0701      0              259.39659      15026.638     -14462.004     -123.84198      44002.492      35.30415       35.30415       35.30415       1.887894      -1634.0044     -981.77263     -390.14315    
    216000   216000         342.58631      225.47221      3430.0971      3286.8948      3082.9566      203.93822      1374.2128      2448.4064     -4407.7329      0              215.92238      15040.463     -14467.334     -125.13082      43549.267      35.182521      35.182521      35.182521      1.9075417      1073.4059     -336.48088     -60.508378    
    217000   217000         351.10445      748.6058       3839.2658      3363.2789      3159.6119      203.66696      1332.6262      2499.4204     -4407.9577      0              192.65585      15063.759     -14476.836     -124.99113      43597.939      35.195623      35.195623      35.195623      1.9054122      704.24351      1046.9891      494.5848     
    218000   218000         356.58839      985.59048      3968.3885      3345.2114      3208.9623      136.24915      1320.4597      2446.3707     -4407.4783      0              214.07383      15036.595     -14473.771     -125.69155      43354.986      35.130124      35.130124      35.130124      1.9160897      721.63172      3151.9054     -916.76566    
    219000   219000         354.49794     -1782.732       2198.6277      3357.1112      3190.1502      166.961        1381.6274      2389.532      -4414.8217      0              241.82083      15016.222     -14447.419     -122.29741      44558.226      35.452154      35.452154      35.452154      1.8643481     -2931.4167     -684.10547     -1732.6737    
    220000   220000         349.27414     -253.78301      3180.1078      3342.3092      3143.1409      199.16826      1361.276       2459.4499     -4420.9458      0              214.49067      15051.279     -14466.382     -124.34526      43824.395      35.256455      35.256455      35.256455      1.8955662     -728.43825     -900.01558      867.1048     
    221000   221000         350.70382      144.60592      3508.618       3416.736       3156.0067      260.72932      1409.9497      2464.1508     -4417.0267      0              217.54956      15065.544     -14479.438     -125.07685      43568.061      35.187581      35.187581      35.187581      1.9067189     -765.19048      234.05872      964.94951    
    222000   222000         356.49309     -5.2872216      3327.0913      3330.4799      3208.1047      122.37522      1350.7507      2420.674      -4413.265       0              192.74992      15038.838     -14467.373     -124.00081      43946.128      35.289069      35.289069      35.289069      1.8903154     -164.73828      737.33606     -588.45944    
    223000   223000         358.34837     -241.91091      3206.5451      3360.9466      3224.8005      136.14613      1340.4331      2453.1113     -4428.2142      0              195.89449      15038.332     -14463.41      -124.51595      43764.318      35.240337      35.240337      35.240337      1.8981683     -869.67999     -880.85357      1024.8008    
    224000   224000         361.30698     -1229.1632      2602.8576      3388.5232      3251.4252      137.09794      1419.0044      2382.9716     -4410.6532      0              170.77509      15041.332     -14466.332     -124.33485      43828.064      35.257439      35.257439      35.257439      1.8954075     -2484.3987     -965.43019     -237.66063    
    225000   225000         348.67909     -1669.7935      2248.2698      3328.4531      3137.7859      190.66719      1403.7261      2451.2589     -4407.249       0              157.12078      15041.448     -14455.637     -122.85316      44356.659      35.398615      35.398615      35.398615      1.8728201     -1443.8787     -2991.583      -573.91886    
    226000   226000         357.54646      6.7392592      3326.7691      3322.4487      3217.584       104.8647       1304.891       2437.4455     -4414.4892      0              203.00964      15041.005     -14466.997     -123.96755      43957.919      35.292225      35.292225      35.292225      1.8898084      835.77106      847.059       -1662.6123    
    227000   227000         347.79283      328.20139      3553.214       3343.3762      3129.8105      213.5657       1383.066       2464.8978     -4420.2543      0              209.75821      15039.358     -14463.26      -124.30188      43839.688      35.260556      35.260556      35.260556      1.894905       160.547        666.73505      157.32211    
    228000   228000         349.27631      307.20441      3541.4187      3344.8997      3143.1604      201.73928      1380.2923      2460.4301     -4416.3512      0              199.39193      15037.217     -14459.241     -124.23496      43863.302      35.266885      35.266885      35.266885      1.8938848     -102.55928      612.98299      411.18952    
    229000   229000         357.96341      897.60307      3938.3457      3368.6018      3221.3362      147.26558      1356.2661      2409.2893     -4417.1614      0              235.64123      15039.776     -14476.546     -125.20615      43523.067      35.175464      35.175464      35.175464      1.90869        511.03525      902.1941       1279.5799    
    230000   230000         353.46188     -790.88895      2868.3698      3371.9432      3180.8266      191.11657      1410.7375      2428.6148     -4413.4718      0              200.66652      15032.233     -14467.663     -124.817        43658.76       35.211982      35.211982      35.211982      1.9027577     -728.36703     -275.15678     -1369.143     
    231000   231000         347.09257     -1107.6835      2597.1149      3304.2744      3123.5087      180.76565      1376.4834      2453.7979     -4415.3384      0              192.58819      15037.52      -14464.285     -124.48566      43774.965      35.243195      35.243195      35.243195      1.8977067     -778.22795     -925.71545     -1619.1071    
    232000   232000         360.52137      54.121349      3496.8002      3462.3015      3244.3555      217.94599      1394.6412      2471.282      -4420.6766      0              213.53663      15025.284     -14466.121     -124.67716      43707.73       35.225142      35.225142      35.225142      1.9006259     -138.9366      -98.850087      400.15073    
    233000   233000         345.79135     -445.27609      3010.8509      3296.915       3111.799       185.11605      1376.282       2450.4724     -4421.6002      0              207.1911       15037.082     -14464.311     -123.70492      44051.245      35.317184      35.317184      35.317184      1.8858047     -940.56058     -370.513       -24.754688    
    234000   234000         360.87894      220.10655      3616.2625      3473.979       3247.5733      226.40569      1351.36        2468.9005     -4419.1708      0              246.11946      15034.327     -14455.13      -122.94174      44324.697      35.390111      35.390111      35.390111      1.8741706      2837.1165     -1853.0209     -323.77592    
    235000   235000         342.98954      842.66989      3878.633       3338.3495      3086.5853      251.7642       1381.4011      2492.7197     -4415.1817      0              221.73137      15038.846     -14467.752     -123.95294      43963.101      35.293612      35.293612      35.293612      1.8895856      432.72363      1639.83        455.45606    
    236000   236000         354.29748      94.96083       3324.047       3263.0931      3188.3463      74.746801      1353.3727      2397.2402     -4416.4796      0              163.67371      15041.865     -14464.926     -123.8123       44013.039      35.30697       35.30697       35.30697       1.8874417      790.0452       301.24375     -806.40646    
    237000   237000         352.3906       953.85359      3937.7482      3325.0566      3171.1861      153.87049      1340.8207      2455.9812     -4424.3439      0              202.24384      15051.16      -14471.992     -123.72596      44043.754      35.315182      35.315182      35.315182      1.8861254      2545.4384      819.25617     -503.13384    
    238000   238000         348.17147      654.32591      3626.6486      3209.9748      3133.2179      76.756929      1330.6055      2409.5408     -4416.41        0              189.49776      15034.518     -14470.995     -124.80127      43664.266      35.213462      35.213462      35.213462      1.9025178      252.29344      430.50855      1280.1757    
    239000   239000         354.50694     -717.0624       2897.8992      3354.2555      3190.2312      164.02428      1335.9673      2518.5645     -4422.438       0              151.14828      15054.751     -14473.969     -124.87456      43638.638      35.206571      35.206571      35.206571      1.9036351      580.8485      -1614.8704     -1117.1653    
    240000   240000         351.44843     -492.0353       2931.7597      3244.1774      3162.7075      81.469896      1357.8435      2392.3985     -4408.5071      0              169.44777      15040.222     -14469.935     -125.16465      43537.497      35.179351      35.179351      35.179351      1.9080574     -2822.7411      49.409007      1297.2262    
    241000   241000         338.19347     -1114.5677      2393.259       3110.0842      3043.4252      66.659005      1302.7875      2420.946      -4424.0911      0              207.62618      15018.471     -14459.081     -123.57032      44099.227      35.330002      35.330002      35.330002      1.8837528     -1885.6721     -594.09181     -863.93911    
    242000   242000         355.94747     -481.68889      3004.504       3312.3594      3203.1947      109.16478      1366.4354      2421.9761     -4405.3209      0              154.80241      15041.613     -14470.342     -124.3486       43823.218      35.256139      35.256139      35.256139      1.8956171     -605.49538     -2212.7933      1373.222     
    243000   243000         352.20476     -2012.726       2011.6423      3307.8316      3169.5137      138.31791      1335.0366      2388.5512     -4398.0795      0              244.86373      15029.307     -14461.361     -123.40628      44157.846      35.345649      35.345649      35.345649      1.8812522     -2752.0217     -1093.4556     -2192.7008    
    244000   244000         344.08468     -495.51155      2903.0468      3221.5403      3096.4406      125.09964      1393.4479      2393.3407     -4423.9743      0              185.27524      15045.163     -14468.153     -123.64437      44072.818      35.322948      35.322948      35.322948      1.8848816     -1616.7756      236.04715     -105.80624    
    245000   245000         360.49422     -236.7112       3351.8952      3502.1632      3244.1111      258.05209      1402.2325      2462.6111     -4405.5878      0              236.5774       15037.132     -14474.913     -125.19107      43528.311      35.176876      35.176876      35.176876      1.9084601     -944.60279     -1162.5879      1397.0571    
    246000   246000         354.78336      2818.2413      5018.4184      3223.403       3192.7187      30.684312      1286.5345      2368.1219     -4417.5711      0              224.29309      15039.297     -14469.992     -124.776        43673.109      35.215839      35.215839      35.215839      1.9021326      3095.409       2055.2239      3304.091     
    247000   247000         353.55668      2549.8284      4980.9055      3339.0265      3181.6797      157.34675      1363.8763      2419.9417     -4417.177       0              215.05528      15044.296     -14468.645     -123.42151      44152.398      35.344195      35.344195      35.344195      1.8814843      1389.3874      2414.2291      3845.8687    
    248000   248000         345.41071      1834.4101      4371.3324      3199.7788      3108.3736      91.405113      1285.6712      2444.7438     -4431.7641      0              225.07918      15036.589     -14468.914     -124.43865      43791.505      35.247633      35.247633      35.247633      1.8969899      1672.6591      2552.8442      1277.727     
    249000   249000         349.02488     -734.3218       2782.7111      3248.5948      3140.8977      107.69704      1361.5524      2400.9422     -4423.7552      0              203.44053      15029.779     -14464.262     -125.26507      43502.594      35.169947      35.169947      35.169947      1.9095883     -2673.9115     -1108.1431      1579.0892    
    250000   250000         351.69274      699.76017      3693.2058      3246.925       3164.906       82.019053      1336.7395      2402.6473     -4416.5382      0              180.28887      15056.622     -14477.741     -124.61264      43730.36       35.23122       35.23122       35.23122       1.8996423     -1228.6336      1580.1163      1747.7978    
Loop time of 523.989 on 1 procs for 250000 steps with 3020 atoms

Performance: 41.222 ns/day, 0.582 hours/ns, 477.109 timesteps/s, 1.441 Matom-step/s
100.0% CPU use with 1 MPI tasks x 1 OpenMP threads

MPI task timing breakdown:
Section |  min time  |  avg time  |  max time  |%varavg| %total
---------------------------------------------------------------
Pair    | 144.25     | 144.25     | 144.25     |   0.0 | 27.53
Bond    | 34.882     | 34.882     | 34.882     |   0.0 |  6.66
Kspace  | 230.76     | 230.76     | 230.76     |   0.0 | 44.04
Neigh   | 11.26      | 11.26      | 11.26      |   0.0 |  2.15
Comm    | 2.8503     | 2.8503     | 2.8503     |   0.0 |  0.54
Output  | 1.4719     | 1.4719     | 1.4719     |   0.0 |  0.28
Modify  | 66.751     | 66.751     | 66.751     |   0.0 | 12.74
Other   |            | 31.77      |            |       |  6.06

Nlocal:           3020 ave        3020 max        3020 min
Histogram: 1 0 0 0 0 0 0 0 0 0
Nghost:          10727 ave       10727 max       10727 min
Histogram: 1 0 0 0 0 0 0 0 0 0
Neighs:              0 ave           0 max           0 min
Histogram: 1 0 0 0 0 0 0 0 0 0
FullNghs:  1.31882e+06 ave 1.31882e+06 max 1.31882e+06 min
Histogram: 1 0 0 0 0 0 0 0 0 0

Total # of neighbors = 1318822
Ave neighs/atom = 436.69603
Ave special neighs/atom = 11.86755
Neighbor list builds = 2531
Dangerous builds = 0

# --- Cleanup ---
unfix npt_fix

undump dump_npt

# --- Write Output ---
write_dump all custom cool_block_14_last.dump id type mol x y z xu yu zu vx vy vz modify sort id
write_data /home/arz2/PolyJarvis_v2/data/PTFE_AI/attempts/cooling/attempt-0001/work/cool_block_14/cool_block_14_out.data
System init for write_data ...
PPPM Kokkos initialization ...
  using 12-bit tables for long-range coulomb
  G vector (1/distance) = 0.32916551
  grid = 36 36 36
  stencil order = 5
  estimated absolute RMS force accuracy = 0.00037305789
  estimated relative force accuracy = 1.1234528e-06
  using double precision cuFFT
  3d grid and FFT values/proc = 79507 46656
Generated 3 of 3 mixed pair_coeff terms from geometric mixing rule
write_restart /home/arz2/PolyJarvis_v2/data/PTFE_AI/attempts/cooling/attempt-0001/work/cool_block_14/cool_block_14_out.restart
System init for write_restart ...
PPPM Kokkos initialization ...
  using 12-bit tables for long-range coulomb
  G vector (1/distance) = 0.32916551
  grid = 36 36 36
  stencil order = 5
  estimated absolute RMS force accuracy = 0.00037305789
  estimated relative force accuracy = 1.1234528e-06
  using double precision cuFFT
  3d grid and FFT values/proc = 79507 46656
Generated 3 of 3 mixed pair_coeff terms from geometric mixing rule

print "STAGE COMPLETE: NPT T=375.0->350.0K P=1.0->1.0atm steps=250000"
STAGE COMPLETE: NPT T=375.0->350.0K P=1.0->1.0atm steps=250000
quit
