units real
atom_style full
boundary p p p

# --- Force Field Styles ---
pair_style lj/cut/coul/long 9.5 9.5
kspace_style pppm 1e-6
dielectric 1.000000
bond_style harmonic
angle_style harmonic
dihedral_style multi/harmonic
improper_style none
special_bonds lj/coul 0 0 0.5
pair_modify mix geometric tail yes
neighbor 2.0 bin
neigh_modify delay 0 every 1 check yes
neigh_modify one 4000
# KOKKOS: package loaded via -pk kokkos on the command line

read_data /home/arz2/PolyJarvis_v2/data/PTFE_AI/attempts/cooling/attempt-0001/work/cool_block_06/cool_block_06_out.data
Reading data file ...
  orthogonal box = (4.137197 4.137197 4.137197) to (41.224396 41.224396 41.224396)
  1 by 1 by 1 MPI processor grid
  reading atoms ...
  3020 atoms
  reading velocities ...
  3020 velocities
  scanning bonds ...
  4 = max bonds/atom
  scanning angles ...
  12 = max angles/atom
  scanning dihedrals ...
  24 = max dihedrals/atom
  orthogonal box = (4.137197 4.137197 4.137197) to (41.224396 41.224396 41.224396)
  1 by 1 by 1 MPI processor grid
  reading bonds ...
  3010 bonds
  reading angles ...
  6000 angles
  reading dihedrals ...
  8910 dihedrals
Finding 1-2 1-3 1-4 neighbors ...
  special bond factors lj:    0        0        0.5     
  special bond factors coul:  0        0        0.5     
     4 = max # of 1-2 neighbors
     6 = max # of 1-3 neighbors
    12 = max # of 1-4 neighbors
    16 = max # of special neighbors
  special bonds CPU = 0.004 seconds
  read_data CPU = 0.075 seconds


# --- Thermo Output ---
thermo_style custom step time temp press enthalpy etotal ke pe ebond eangle edihed eimp evdwl ecoul elong etail vol lx ly lz density pxx pyy pzz
thermo_modify flush yes
thermo 1000

# --- Trajectory ---
dump dump_npt all custom 1000 cool_block_07.dump id type mol x y z ix iy iz vx vy vz


# --- Restart Checkpointing ---
restart 10000 npt_1.rst npt_2.rst

# --- Initial Velocities (optional) ---
# Velocities read from data file

# --- SHAKE Constraints ---
# SHAKE disabled

# --- NPT Thermostat + Barostat (Nose-Hoover) ---
# T_damp = 100.0 fs  (heat bath coupling)
# P_damp = 1000.0 fs  (pressure bath coupling, ~10x T_damp typical)
# Ramp: T=550.0->525.0K  P=1.0->1.0atm
timestep 1.0
fix npt_fix all npt temp 550.0 525.0 100.0 iso 1.0 1.0 1000.0

run 250000
PPPM Kokkos initialization ...
  using 12-bit tables for long-range coulomb
  G vector (1/distance) = 0.33345341
  grid = 40 40 40
  stencil order = 5
  estimated absolute RMS force accuracy = 0.00026991162
  estimated relative force accuracy = 8.1283082e-07
  using double precision cuFFT
  3d grid and FFT values/proc = 103823 64000
Generated 3 of 3 mixed pair_coeff terms from geometric mixing rule
Neighbor list info ...
  update: every = 1 steps, delay = 0 steps, check = yes
  max neighbors/atom: 4000, page size: 100000
  master list distance cutoff = 11.5
  ghost atom cutoff = 11.5
  binsize = 11.5, bins = 4 4 4
  1 neighbor lists, perpetual/occasional/extra = 1 0 0
  (1) pair lj/cut/coul/long/kk, perpetual
      attributes: full, newton off, kokkos_device
      pair build: full/bin/kk/device
      stencil: full/bin/3d
      bin: kk/device
Per MPI rank memory allocation (min/avg/max) = 28.31 | 28.31 | 28.31 Mbytes
   Step          Time           Temp          Press         Enthalpy        TotEng         KinEng         PotEng         E_bond        E_angle        E_dihed        E_impro         E_vdwl         E_coul         E_long         E_tail         Volume           Lx             Ly             Lz          Density          Pxx            Pyy            Pzz      
         0   0              562.23595      675.90677      7833.4396      7330.5939      5059.5982      2270.9957      2024.3757      3222.7864     -4289.0073      0              650.82012      15169.338     -14507.318     -106.82504      51011.971      37.087199      37.087199      37.087199      1.6284813      1127.9082      609.01982      290.79228    
      1000   1000           549.40989     -985.70058      6472.8348      7195.6163      4944.1756      2251.4407      2031.8294      3282.3234     -4312.8939      0              593.78538      15175.801     -14519.405     -108.38247      50278.941      36.908697      36.908697      36.908697      1.6522234     -22.713163     -351.7916      -2582.597     
      2000   2000           548.6604       150.26016      7203.717       7094.6828      4937.4309      2157.2519      1973.8462      3234.7255     -4319.0411      0              626.973        15157.843     -14517.094     -109.52215      49755.738      36.780226      36.780226      36.780226      1.6695972      138.96957     -1121.8548      1433.6657    
      3000   3000           550.82616     -1529.8379      6197.8869      7315.3647      4956.9207      2358.444       2123.5605      3309.667      -4315.6152      0              605.09932      15156.882     -14521.149     -108.79966      50086.145      36.86146       36.86146       36.86146       1.6585833     -1326.204      -3082.6036     -180.70601    
      4000   4000           555.15573     -1757.2989      5988.8282      7267.4969      4995.8828      2271.6141      2090.8846      3302.7633     -4313.9461      0              539.10478      15183.895     -14531.088     -109.22162      49892.644      36.813929      36.813929      36.813929      1.6650158     -3791.3186     -2685.5441      1204.9661    
      5000   5000           561.0591      -1452.237       6273.3371      7353.8066      5049.0076      2304.799       2127.3921      3187.3638     -4330.3405      0              673.67048      15154.878     -14508.165     -106.81838      51015.149      37.087969      37.087969      37.087969      1.6283799     -3107.8063     -441.28691     -807.61777    
      6000   6000           545.35471     -1160.9485      6343.221       7201.8341      4907.6828      2294.1513      2046.8493      3304.1559     -4315.2798      0              629.8995       15135.834     -14507.307     -107.45745      50711.753      37.0143        37.0143        37.0143        1.6381221     -2063.9651     -760.35356     -658.52691    
      7000   7000           546.54524      864.80513      7831.39        7203.4944      4918.3965      2285.0979      1963.2392      3384.2694     -4336.7944      0              617.91403      15175.279     -14518.809     -109.45909      49784.403      36.787288      36.787288      36.787288      1.6686359      1150.6892      105.5434       1338.1828    
      8000   8000           534.86983     -1556.6038      5866.225       7023.4945      4813.3287      2210.1658      1993.2869      3252.4642     -4304.0391      0              634.67417      15144.3       -14510.52      -106.89678      50977.735      37.0789        37.0789        37.0789        1.629575      -1403.8698     -1527.1036     -1738.838     
      9000   9000           556.52524     -1332.9726      6292.1956      7280.231       5008.2071      2272.0239      2066.2449      3306.3429     -4317.1014      0              557.78783      15172.077     -14513.327     -107.21851      50824.768      37.041776      37.041776      37.041776      1.6344795     -2423.0725     -1900.8412      324.99585    
     10000   10000          542.38432     -218.63251      7142.6695      7304.8011      4880.952       2423.8491      2075.41        3348.5966     -4304.3804      0              649.27628      15165.558     -14510.612     -107.16871      50848.382      37.047512      37.047512      37.047512      1.6337205      1308.8055     -1929.2776     -35.425447    
     11000   11000          556.06142     -260.43584      6937.1906      7129.9747      5004.0332      2125.9415      1936.6948      3277.2842     -4322.6928      0              582.64939      15166.261     -14514.255     -107.36198      50756.847      37.025268      37.025268      37.025268      1.6366667     -785.25973     -1261.0023      1264.9545    
     12000   12000          556.10042      342.37134      7518.7756      7259.9997      5004.3841      2255.6156      1977.0135      3273.9599     -4318.2069      0              665.95059      15156.046     -14499.148     -105.14646      51826.335      37.283514      37.283514      37.283514      1.6028925      33.445937     -612.16785      1605.8359    
     13000   13000          547.61353     -248.48201      6838.072       7023.6116      4928.01        2095.6015      1933.9108      3236.5342     -4314.3924      0              589.06033      15161.214     -14510.726     -106.43375      51199.507      37.132591      37.132591      37.132591      1.6225165      570.15321     -443.96899     -871.63026    
     14000   14000          554.14003      1154.5236      8111.627       7260.2803      4986.7425      2273.5378      1922.8         3363.9747     -4309.9763      0              634.3422       15186.201     -14523.803     -107.77484      50562.411      36.97793       36.97793       36.97793       1.6429605      1997.353       3181.725      -1715.5071    
     15000   15000          549.51915      74.673383      7208.4257      7153.5635      4945.1589      2208.4047      1986.7495      3254.1497     -4327.7656      0              637.70186      15165.7       -14508.13      -108.17177      50376.874      36.932645      36.932645      36.932645      1.6490115     -736.331        1288.3728     -328.02167    
     16000   16000          528.89888      1625.7843      8283.5691      7123.3153      4759.5957      2363.7196      2016.8553      3345.038      -4303.7227      0              640.72109      15206.102     -14541.274     -111.36044      48934.393      36.576718      36.576718      36.576718      1.6976208     -758.83601      2913.0827      2723.1062    
     17000   17000          559.75303     -734.35503      6904.2133      7436.4864      5037.2542      2399.2322      2052.3564      3346.6385     -4299.6322      0              634.45855      15191.814     -14526.403     -109.64594      49699.566      36.766379      36.766379      36.766379      1.6714843      1844.9641     -1216.6549     -2831.3743    
     18000   18000          533.10617     -1780.1451      5792.1148      7082.145       4797.4573      2284.6877      2090.6866      3251.3379     -4283.1603      0              570.48729      15182.175     -14526.839     -109.66715      49689.954      36.764009      36.764009      36.764009      1.6718076     -901.06061     -3117.1992     -1322.1755    
     19000   19000          554.28476     -632.34011      6786.3877      7251.8202      4988.0449      2263.7753      2020.0138      3274.5902     -4293.3563      0              606.81837      15177.275     -14521.565     -107.97298      50469.625      36.955297      36.955297      36.955297      1.645981      -416.61599     -1493.8548      13.450457    
     20000   20000          541.36033      766.22955      7567.4409      7010.2791      4871.7371      2138.542       1987.1605      3230.6404     -4318.6291      0              586.08146      15185.771     -14532.483     -109.29458      49859.342      36.805737      36.805737      36.805737      1.666128      -944.99056      1038.0306      2205.6486    
     21000   21000          550.57921     -355.23096      6950.7587      7217.5233      4954.6984      2262.8249      2034.5824      3240.6422     -4313.1182      0              627.97348      15178.602     -14505.857     -105.82873      51492.215      37.203219      37.203219      37.203219      1.6132933     -1284.5759      286.02271     -67.139639    
     22000   22000          538.37214     -109.47939      6945.8732      7027.8063      4844.8462      2182.9601      1974.2993      3277.7452     -4327.1318      0              597.92419      15170.449     -14510.326     -106.19254      51315.806      37.160686      37.160686      37.160686      1.6188393     -1173.3106     -163.92455      1008.797     
     23000   23000          555.74662      1711.0588      8494.3548      7233.7132      5001.2003      2232.5129      2012.4136      3275.6183     -4323.7955      0              597.82559      15185.189     -14514.738     -107.86842      50518.544      36.967233      36.967233      36.967233      1.6443871      274.10564      4296.6152      562.45564    
     24000   24000          526.50668     -582.10179      6434.4933      6865.9158      4738.0681      2127.8477      1974.7854      3263.4706     -4329.6846      0              581.40661      15149.886     -14512.017     -107.23022      50819.217      37.040427      37.040427      37.040427      1.6346581     -1382.0515     -127.6687      -236.58514    
     25000   25000          554.85258     -457.07063      6846.4037      7186.3851      4993.1547      2193.2304      1965.7153      3319.0949     -4337.4341      0              587.81265      15168.165     -14510.123     -106.84378      51003.023      37.08503       37.08503       37.08503       1.628767      -1034.3808     -2344.6125      2007.7814    
     26000   26000          566.79049     -1369.6799      6239.0304      7257.6459      5100.5847      2157.0611      2032.1324      3235.6993     -4342.1242      0              585.65024      15157.821     -14512.117     -106.86362      50993.554      37.082735      37.082735      37.082735      1.6290695     -3114.5527     -510.76499     -483.72202    
     27000   27000          524.27173      1291.8536      7781.7779      6813.0796      4717.9557      2095.1239      1893.2818      3264.521      -4324.483       0              599.95061      15180.473     -14518.619     -105.98534      51416.127      37.184886      37.184886      37.184886      1.6156807      1751.2248     -1510.9923      3635.3283    
     28000   28000          550.49339     -3172.9674      4824.88        7180.5688      4953.9261      2226.6427      2113.7244      3244.4238     -4321.357       0              547.28474      15159.104     -14516.538     -107.04558      50906.871      37.061711      37.061711      37.061711      1.6318434     -2211.1166     -3530.8425     -3776.9431    
     29000   29000          554.37637      465.46366      7400.393       7065.4539      4988.8693      2076.5846      2000.0817      3239.9152     -4344.129       0              520.71775      15193.398     -14533.399     -110.44368      49340.583      36.677643      36.677643      36.677643      1.6836454      1651.5249      705.68216     -960.81604    
     30000   30000          564.97991      550.13849      7699.1898      7300.3737      5084.2913      2216.0824      1988.4566      3339.6033     -4343.7325      0              582.07918      15165.3       -14515.624     -109.62772      49707.827      36.768416      36.768416      36.768416      1.6712065      2110.7906     -453.22437     -7.1508054    
     31000   31000          543.21704      2418.1122      8962.544       7173.3244      4888.4457      2284.8786      1978.107       3315.8515     -4325.6582      0              658.42543      15182.383     -14524.23      -107.40731      50735.426      37.020059      37.020059      37.020059      1.6373578      648.97275      2758.4492      3846.9147    
     32000   32000          547.94531     -337.93         6904.2018      7153.0497      4930.9957      2222.054       2089.607       3189.8947     -4315.4108      0              596.04124      15175.936     -14514.014     -107.92291      50493.038      36.96101       36.96101       36.96101       1.6452178      733.18325      53.936849     -1800.9101    
     33000   33000          543.24027      1261.165       7882.9803      6972.1333      4888.6548      2083.4785      1896.8813      3262.6281     -4327.3994      0              605.91004      15172.242     -14526.784     -110.03923      49521.937      36.722525      36.722525      36.722525      1.6774797      1865.4805      1883.0728      34.941668    
     34000   34000          534.44833      1986.7549      8500.7029      7058.4085      4809.5355      2248.873       1970.7111      3316.3384     -4341.2876      0              626.43645      15205.941     -14529.267     -109.47411      49777.573      36.785605      36.785605      36.785605      1.6688649      2539.7325      2521.8667      898.66564    
     35000   35000          548.99472     -0.014839077    7093.6461      7093.6568      4940.4395      2153.2173      1993.5239      3243.0791     -4335.5506      0              595.99876      15179.931     -14523.765     -110.67533      49237.31       36.652036      36.652036      36.652036      1.6871767     -1998.0281      1271.4909      726.49266    
     36000   36000          544.9927      -262.63389      7011.7533      7201.0679      4904.4251      2296.6428      2028.3856      3373.0186     -4325.6655      0              556.24275      15187.967     -14523.306     -110.25234      49426.211      36.698849      36.698849      36.698849      1.6807285     -1994.0419     -364.62752      1570.7677    
     37000   37000          539.36889      300.03236      7216.3383      6998.3563      4853.816       2144.5404      1967.8482      3206.6665     -4326.3252      0              634.76658      15182.645     -14521.061     -109.38771      49816.89       36.795288      36.795288      36.795288      1.6675477      390.87528     -316.82776      826.04956    
     38000   38000          530.06827      708.05777      7535.108       7023.3325      4770.1191      2253.2134      1960.0954      3315.5743     -4302.8104      0              620.93744      15186.002     -14526.586     -109.95378      49560.419      36.732035      36.732035      36.732035      1.6761772      753.15885     -1356.0504      2727.0649    
     39000   39000          559.27994      175.13963      7317.8432      7193.8939      5032.9968      2160.8971      2039.1285      3205.2235     -4324.7719      0              596.9154       15177.798     -14533.396     -112.29529      48527.017      36.474935      36.474935      36.474935      1.711872      -394.11892      2074.6354     -1155.0976    
     40000   40000          536.03695      376.71133      7375.4537      7105.1199      4823.8317      2281.2883      2010.7444      3319.8079     -4311.8942      0              595.7994       15193.046     -14526.216     -110.74636      49205.733      36.644199      36.644199      36.644199      1.6882594     -54.680633      808.81632      375.99829    
     41000   41000          537.27398      2662.3016      8811.4334      6926.1579      4834.9638      2091.1941      1948.1062      3198.6878     -4295.8406      0              586.19902      15197.482     -14543.44      -112.22858      48555.863      36.482161      36.482161      36.482161      1.710855       3427.3831      1195.5353      3363.9863    
     42000   42000          536.85765     -594.83496      6631.9521      7063.1399      4831.2172      2231.9227      2069.8869      3242.7722     -4316.5557      0              589.30871      15167.097     -14520.587     -109.63545      49704.319      36.767552      36.767552      36.767552      1.6713244      644.44345     -1499.4541     -929.49424    
     43000   43000          554.53269     -952.689        6615.184       7288.11        4990.2761      2297.8339      2053.9948      3314.0147     -4316.7184      0              588.26539      15214.378     -14556.1       -112.51357      48432.875      36.451333      36.451333      36.451333      1.7151995     -1357.1576     -665.99281     -834.91664    
     44000   44000          541.89822      171.5696       7170.5569      7047.968       4876.5776      2171.3904      1946.6547      3259.4627     -4288.5083      0              589.81669      15202.11      -14538.145     -111.22701      48993.096      36.591338      36.591338      36.591338      1.6955867     -1158.7943      1075.467       598.03616    
     45000   45000          543.2662      -1028.2381      6456.6026      7194.0869      4888.8882      2305.1987      2047.3624      3375.6856     -4317.9663      0              541.75         15191.929     -14533.562     -110.80566      49179.398      36.637661      36.637661      36.637661      1.6891635     -1894.3531     -438.48485     -751.87639    
     46000   46000          552.42206      0.81418389     7167.2915      7166.7096      4971.2823      2195.4273      1973.6497      3260.6857     -4302.7841      0              611.04819      15188.852     -14536.025     -111.18963      49009.569      36.595439      36.595439      36.595439      1.6950168     -521.45439      478.42219      45.474744    
     47000   47000          549.73471     -1140.7714      6413.7127      7236.9661      4947.0987      2289.8673      2062.439       3252.4055     -4286.6167      0              599.39574      15192.877     -14530.633     -110.12506      49483.34       36.712982      36.712982      36.712982      1.6787881      1055.8322     -2978.3379     -1499.8087    
     48000   48000          546.27143      130.46796      7205.1268      7112.4725      4915.9324      2196.5401      1996.1207      3273.1914     -4300.7424      0              575.33361      15192.791     -14540.155     -111.90757      48695.147      36.517011      36.517011      36.517011      1.7059614     -97.041344      74.473792      413.97144    
     49000   49000          542.01999     -178.30124      6971.5729      7101.2621      4877.6734      2223.5887      1991.1825      3229.0806     -4305.5709      0              673.80924      15151.587     -14516.5       -109.26259      49873.936      36.809327      36.809327      36.809327      1.6656404     -1186.3401     -35.854445      687.29081    
     50000   50000          547.10821      777.901        7619.6947      7055.0094      4923.4626      2131.5468      2004.531       3189.6907     -4301.862       0              598.85395      15168.213     -14527.88      -109.48103      49774.426      36.78483       36.78483       36.78483       1.6689704     -1377.0721      892.68628      2818.0889    
     51000   51000          548.11433     -1977.6866      5650.6139      7113.1117      4932.5168      2180.595       2029.1036      3302.0402     -4317.9139      0              511.41469      15171.576     -14515.625     -107.46902      50706.293      37.012972      37.012972      37.012972      1.6382985     -2951.1692     -2244.8008     -737.08987    
     52000   52000          556.82913     -648.20698      6773.3948      7248.7936      5010.9418      2237.8518      2019.7225      3324.9051     -4337.917       0              580.76048      15161.79      -14511.41      -108.36192      50288.476      36.91103       36.91103       36.91103       1.6519101     -782.58839      90.759315     -1252.7919    
     53000   53000          554.75014     -638.88577      6689.0796      7153.3778      4992.2329      2161.1449      2032.0246      3196.1429     -4292.3756      0              573.9065       15181.667     -14530.221     -109.35717      49830.805      36.798713      36.798713      36.798713      1.6670821     -638.0712      -1130.1227     -148.46341    
     54000   54000          539.81161      643.62371      7425.4185      6958.3736      4857.8001      2100.5736      1950.3029      3295.9377     -4327.5857      0              522.34929      15192.32      -14532.75      -109.52026      49756.598      36.780438      36.780438      36.780438      1.6695684      1716.5512     -988.95151      1203.2714    
     55000   55000          542.64021     -739.61144      6487.3829      7022.6182      4883.2548      2139.3633      2066.3595      3259.9884     -4337.2974      0              525.64116      15152.587     -14527.915     -109.81963      49620.961      36.746986      36.746986      36.746986      1.6741321     -477.34575     -1015.4411     -726.04743    
     56000   56000          550.4805       166.26233      7356.4402      7234.1896      4953.8101      2280.3795      2043.9402      3297.6418     -4320.9504      0              609.49724      15161.708     -14511.457     -108.08468      50417.468      36.942562      36.942562      36.942562      1.6476838     -1010.4819      1306.4367      202.83219    
     57000   57000          541.57188     -418.28135      6844.5202      7146.8616      4873.6409      2273.2207      2099.2443      3234.4271     -4321.8755      0              619.58958      15164.402     -14522.567     -109.94917      49562.498      36.732549      36.732549      36.732549      1.6761069      1795.1485     -579.12064     -2470.8719    
     58000   58000          543.91992      49.505252      7066.2753      7030.5918      4894.771       2135.8209      2004.3916      3238.932      -4326.306       0              563.59092      15182.038     -14526.826     -110.25693      49424.157      36.69834       36.69834       36.69834       1.6807984     -376.85234     -2051.2388      2576.6068    
     59000   59000          544.12371     -753.99993      6549.6313      7087.7349      4896.6049      2191.13        2033.3724      3246.3179     -4304.6834      0              577.74574      15174.333     -14535.956     -111.35929      48934.898      36.576844      36.576844      36.576844      1.6976033     -735.71697     -1129.1961     -397.0867     
     60000   60000          539.1878      -2524.327       5340.8915      7106.5702      4852.1863      2254.3839      2044.9083      3416.7213     -4315.4522      0              465.03617      15189.919     -14546.749     -113.62005      47961.216      36.332621      36.332621      36.332621      1.7320671     -2747.9922     -2053.0739     -2771.9148    
     61000   61000          538.58602     -1378.0684      6020.123       6994.8992      4846.7709      2148.1283      2055.9837      3236.2013     -4311.3377      0              529.65541      15176.759     -14539.134     -112.35358      48501.842      36.468627      36.468627      36.468627      1.7127606     -10.208513     -558.38499     -3565.6117    
     62000   62000          547.26333      813.26756      7616.5832      7036.1863      4924.8586      2111.3277      1997.3664      3166.5022     -4309.1015      0              620.17536      15158.889     -14522.504     -111.36006      48934.563      36.57676       36.57676       36.57676       1.6976149      369.50829      1352.7158      717.57854    
     63000   63000          537.13062      1177.9877      7830.6745      7001.7425      4833.6736      2168.0689      2045.8277      3228.4641     -4321.1151      0              561.82455      15203.839     -14550.771     -112.93873      48250.549      36.405535      36.405535      36.405535      1.7216808      2866.6465     -646.0776       1313.3941    
     64000   64000          541.57498      1450.0174      8070.7623      7051.946       4873.6687      2178.2773      1953.0083      3360.172      -4322.9982      0              533.45033      15201.235     -14546.59      -113.10932      48177.778      36.387224      36.387224      36.387224      1.7242813      1477.1825      1711.4235      1161.4462    
     65000   65000          555.15144     -38.628116      7056.8155      7084.1865      4995.8442      2088.3422      2028.3475      3239.9387     -4336.5958      0              534.96715      15163.284     -14541.599     -112.15893      48586.016      36.489711      36.489711      36.489711      1.7097933     -205.33388      888.57066     -799.12113    
     66000   66000          546.37858     -1146.7468      6222.2473      7040.4619      4916.8967      2123.5653      2042.0222      3193.0796     -4310.8852      0              561.99189      15164.15      -14526.793     -111.38362      48924.211      36.574181      36.574181      36.574181      1.6979741     -1499.116      -615.21558     -1325.9087    
     67000   67000          520.68755     -481.79907      6506.8055      6848.2545      4685.7014      2162.5531      2014.7478      3251.7958     -4309.3515      0              542.02152      15213.374     -14550.034     -112.14014      48594.157      36.491749      36.491749      36.491749      1.7095068      511.84401      1212.1038     -3169.3451    
     68000   68000          546.85768     -1558.167       5956.9807      7075.2716      4921.2081      2154.0635      2039.5331      3255.9589     -4319.1201      0              511.4753       15192.104     -14525.888     -110.73382      49211.304      36.645582      36.645582      36.645582      1.6880683     -839.05144     -3113.4925     -721.95704    
     69000   69000          545.70577     -165.35459      6804.6597      6921.4861      4910.842       2010.6441      1932.5065      3208.4861     -4319.3752      0              548.61024      15190.071     -14549.654     -112.48548      48444.968      36.454367      36.454367      36.454367      1.7147714      518.04039     -727.04686     -287.05729    
     70000   70000          526.6732       414.49747      7343.5433      7040.3517      4739.5667      2300.785       2011.5316      3332.5174     -4314.1707      0              623.41951      15161.814     -14514.327     -108.64899      50155.604      36.878492      36.878492      36.878492      1.6562864      3.0527568     -230.32117      1470.7608    
     71000   71000          539.49221      3019.5689      9233.7653      7081.4324      4854.9257      2226.5067      1920.4153      3371.6031     -4334.3054      0              631.94745      15168.364     -14531.518     -111.49529      48875.208      36.561966      36.561966      36.561966      1.6996765      2583.2622      2944.561       3530.8834    
     72000   72000          548.58071     -1776.6253      5660.9131      6957.7207      4936.7137      2021.007       1968.9417      3169.932      -4314.2671      0              549.80717      15161.331     -14514.738     -108.8783       50049.969      36.852584      36.852584      36.852584      1.6597821     -2273.6957     -2439.134      -617.04622    
     73000   73000          548.15007     -453.07723      6865.1066      7185.9862      4932.8384      2253.1478      2105.6774      3219.2684     -4347.6352      0              623.10752      15194.623     -14541.893     -112.21506      48561.716      36.483627      36.483627      36.483627      1.7106488     -558.10051     -782.28752     -18.843644    
     74000   74000          547.2754      -39.98487       7090.6021      7119.3724      4924.9672      2194.4052      2049.2981      3280.8856     -4322.6708      0              542.9506       15171.153     -14527.211     -110.45183      49336.941      36.676741      36.676741      36.676741      1.6837696     -248.39114      1578.5506     -1450.1141    
     75000   75000          554.1661       626.09512      7441.3769      7000.9889      4986.9771      2014.0119      1953.6526      3198.2511     -4333.5928      0              560.47419      15194.381     -14559.154     -112.98634      48230.215      36.40042       36.40042       36.40042       1.7224066      296.12331      74.309291      1507.8528    
     76000   76000          552.26179      570.84823      7331.9613      6930.4473      4969.8401      1960.6072      1904.9269      3172.2716     -4327.2112      0              567.15222      15184.673     -14541.205     -112.99025      48228.548      36.400001      36.400001      36.400001      1.7224662     -59.085307      791.04518      980.58481    
     77000   77000          548.59496     -530.46718      6804.0496      7186.8675      4936.842       2250.0255      1967.9835      3379.1792     -4316.8145      0              583.33052      15157.015     -14520.668     -110.12535      49483.21       36.71295       36.71295       36.71295       1.6787925     -444.90969     -1327.7928      181.30098    
     78000   78000          528.30763      540.20292      7376.5616      6986.2018      4754.275       2231.9268      2001.2062      3308.4319     -4331.9929      0              598.13175      15179.075     -14522.925     -109.97979      49548.7        36.72914       36.72914       36.72914       1.6765736      727.68997     -16.843125      909.76191    
     79000   79000          544.21741     -369.64735      6777.5422      7043.2678      4897.4482      2145.8196      2049.2914      3188.5761     -4334.6459      0              607.97968      15156.714     -14522.096     -110.55417      49291.27       36.665421      36.665421      36.665421      1.6853297     -530.91545      87.274207     -665.30079    
     80000   80000          556.3444      -117.5451       7031.8281      7116.1695      5006.5797      2109.5898      1950.2261      3305.3359     -4321.0057      0              543.20393      15165.265     -14533.436     -110.7605       49199.45       36.64264       36.64264       36.64264       1.688475       102.90008      360.68172     -816.2171     
     81000   81000          545.20915      1981.8937      8419.0537      6989.4739      4906.3729      2083.101       1899.2988      3293.9259     -4341.9178      0              592.91638      15162.233     -14523.355     -110.17752      49459.777      36.707154      36.707154      36.707154      1.6795879      2571.5797      2045.416       1328.6853    
     82000   82000          521.92709     -1729.9259      5589.3852      6881.2613      4696.8561      2184.4052      2042.3792      3250.6309     -4335.7332      0              581.6633       15147.338     -14501.873     -106.42109      51205.6        37.134064      37.134064      37.134064      1.6223234     -665.53936     -2433.5336     -2090.7047    
     83000   83000          549.56536     -1475.5154      5932.0423      7014.0528      4945.5747      2068.4782      2045.2842      3181.7702     -4345.2476      0              569.62712      15126.689     -14509.644     -108.37604      50281.923      36.909426      36.909426      36.909426      1.6521254     -2592.3078     -1357.1398     -477.09843    
     84000   84000          538.92233     -2009.6746      5492.8347      6973.6085      4849.7974      2123.8112      2019.7748      3215.8038     -4331.2477      0              570.43236      15154.28      -14505.232     -107.85941      50522.763      36.968262      36.968262      36.968262      1.6442498     -2795.4794     -3132.007      -101.53748    
     85000   85000          529.67616     -1572.3515      5697.1552      6824.7673      4766.5905      2058.1768      2007.8337      3197.8187     -4320.4559      0              540.23015      15168.037     -14535.287     -110.81817      49173.848      36.636282      36.636282      36.636282      1.6893541     -1945.1364     -1233.373      -1538.5453    
     86000   86000          539.40416     -1331.1802      6021.2775      6996.5581      4854.1334      2142.4247      2037.1075      3227.9702     -4342.1618      0              565.20522      15160.851     -14506.548     -108.47467      50236.205      36.898236      36.898236      36.898236      1.6536289     -766.27254      804.53931     -4031.8073    
     87000   87000          550.79154     -479.40389      6794.013       7142.2697      4956.6092      2185.6606      2021.7923      3286.8521     -4333.3795      0              581.70066      15146.63      -14517.935     -109.40144      49810.641      36.793749      36.793749      36.793749      1.667757       9.0637981     -823.00049     -624.27497    
     88000   88000          550.38663      1053.6011      7757.515       6990.4688      4952.9653      2037.5034      1936.7392      3183.1995     -4340.8934      0              611.69787      15165.811     -14519.051     -109.16306      49919.41       36.820511      36.820511      36.820511      1.6641231      16.659205      994.96387      2149.1801    
     89000   89000          537.05084     -499.16099      6659.9747      7021.9161      4832.9557      2188.9604      2053.3156      3272.0002     -4340.2895      0              550.62865      15181.48      -14528.175     -109.60326      49718.919      36.771151      36.771151      36.771151      1.6708336      766.65729     -1507.283      -756.85724    
     90000   90000          540.09384     -466.63635      6557.6905      6887.4209      4860.3398      2027.0811      1951.7126      3215.7255     -4338.3604      0              550.20099      15192.235     -14544.433     -112.47102      48451.2        36.45593       36.45593       36.45593       1.7145508      565.94071     -1072.7718     -893.07797    
     91000   91000          541.58509     -409.61275      6702.6596      6991.8756      4873.7597      2118.1159      1943.9804      3315.9864     -4328.3097      0              563.35092      15153.065     -14529.957     -112.55692      48414.221      36.446653      36.446653      36.446653      1.7158604     -2596.3047      1038.9405      328.5259     
     92000   92000          542.59516      852.38304      7636.4182      7024.1316      4882.8494      2141.2822      2044.5921      3227.5385     -4320.253       0              552.38812      15169.876     -14532.859     -110.63718      49254.289      36.656249      36.656249      36.656249      1.6865951      880.0826       218.21293      1458.8536    
     93000   93000          545.04321     -420.97032      6695.0883      6998.3633      4904.8796      2093.4837      2024.2468      3234.7908     -4325.4042      0              515.67023      15171.255     -14527.075     -110.31535      49397.98       36.69186       36.69186       36.69186       1.6816891     -331.67244     -656.59617     -274.64235    
     94000   94000          533.09247      1148.8551      7710.9325      6904.2963      4797.3341      2106.9621      1945.1972      3255.8548     -4329.0938      0              584.02666      15201.75      -14550.773     -113.19013      48143.382      36.378562      36.378562      36.378562      1.7255132     -1082.4493      606.19518      3922.8195    
     95000   95000          544.72495      115.16476      7124.1979      7043.5626      4902.0155      2141.5471      1984.5939      3255.3049     -4302.7118      0              557.21712      15203.55      -14556.407     -113.50501      48009.824      36.344891      36.344891      36.344891      1.7303134      1145.9768      293.93379     -1094.4163    
     96000   96000          535.89021     -1070.4599      6183.8027      6939.9754      4822.5111      2117.4643      2044.6809      3223.7097     -4326.0706      0              539.12889      15177.778     -14541.762     -112.50464      48436.72       36.452298      36.452298      36.452298      1.7150633     -1173.6567     -1138.9079     -898.81503    
     97000   97000          533.35871      468.539        7384.2491      7045.626       4799.73        2245.896       2037.3748      3271.6759     -4310.8938      0              585.909        15196.988     -14535.158     -109.9639       49555.859      36.730909      36.730909      36.730909      1.6763314      1983.1431     -1290.1437      712.61765    
     98000   98000          537.30633      981.85568      7570.0575      6875.8433      4835.2548      2040.5885      2010.5223      3169.6978     -4332.3519      0              563.50464      15169.082     -14539.867     -112.40231      48480.817      36.463357      36.463357      36.463357      1.7135034      1383.3657     -34.363761      1596.5651    
     99000   99000          527.12075     -197.87051      6705.2791      6842.6175      4743.5942      2099.0233      2018.9145      3154.2196     -4313.2541      0              617.55365      15179.665     -14558.075     -114.50124      47592.111      36.239177      36.239177      36.239177      1.7455003     -800.64946      137.59536      69.442554    
    100000   100000         536.3491       279.48363      7228.6891      7028.7481      4826.6407      2202.1074      2005.4041      3316.519      -4330.8698      0              552.09572      15189.162     -14530.204     -111.09011      49053.473      36.606363      36.606363      36.606363      1.6934997      73.792277     -824.80841      1589.467     
    101000   101000         531.07533     -634.46731      6352.8749      6802.2546      4779.1817      2023.0729      1963.1703      3172.941      -4326.9343      0              561.78023      15190.174     -14538.059     -112.20619      48565.552      36.484588      36.484588      36.484588      1.7105137     -545.96556     -908.57458     -448.86177    
    102000   102000         527.91014      2027.9788      8162.103       6726.3888      4750.6979      1975.6909      1915.6791      3214.4385     -4346.8838      0              565.76212      15168.04      -14541.345     -112.25778      48543.233      36.478998      36.478998      36.478998      1.7113002      2024.6062      2539.605       1519.7253    
    103000   103000         546.97877     -876.71402      6448.2473      7077.7138      4922.2978      2155.416       2065.4072      3292.1257     -4354.6345      0              523.49088      15155.102     -14526.075     -110.68948      49231.018      36.650475      36.650475      36.650475      1.6873923     -2951.9814     -694.66593      1016.5053    
    104000   104000         525.60322     -874.79922      6328.274       6948.6999      4729.9379      2218.762       2123.2003      3233.6042     -4337.0853      0              555.69363      15183.69      -14540.341     -112.05713      48630.153      36.500758      36.500758      36.500758      1.7082414     -110.90147     -860.10975     -1653.3864    
    105000   105000         529.28962     -1532.0521      5825.5244      6914.0762      4763.112       2150.9642      2025.3143      3328.5149     -4322.4495      0              478.83065      15177.282     -14536.528     -111.85244      48719.146      36.52301       36.52301       36.52301       1.7051211     -331.01091     -1300.2025     -2964.9429    
    106000   106000         543.55355     -65.137708      6947.0904      6993.2849      4891.4741      2101.8109      2035.3711      3234.7972     -4344.4721      0              549.76641      15158.146     -14531.798     -112.06313      48627.55       36.500106      36.500106      36.500106      1.7083329      1807.7277     -1578.0216     -425.11914    
    107000   107000         529.51869     -611.61452      6306.9678      6740.5434      4765.1734      1975.37        1953.01        3218.9678     -4328.9439      0              520.10156      15152.843     -14540.608     -112.10732      48608.383      36.49531       36.49531       36.49531       1.7090065     -2867.527       15.997799      1016.6856    
    108000   108000         543.37614      273.74007      7197.4358      7004.0576      4889.8775      2114.1801      2017.6314      3174.8805     -4322.0618      0              617.72772      15169.433     -14543.431     -112.4998       48438.804      36.452821      36.452821      36.452821      1.7149895      1288.9591     -1040.3261      572.58727    
    109000   109000         526.66291     -57.541108      6698.508       6739.5711      4739.4741      2000.097       1988.9476      3223.4972     -4345.6114      0              514.89555      15151.775     -14533.407     -111.36484      48932.461      36.576237      36.576237      36.576237      1.6976878     -42.611648     -1548.2943      1418.2826    
    110000   110000         540.06976     -605.55621      6532.6338      6958.2635      4860.1232      2098.1403      2090.6589      3198.237      -4358.6551      0              542.63122      15170.015     -14544.747     -113.06902      48194.949      36.391546      36.391546      36.391546      1.723667      -1760.0464     -218.77659      162.15433    
    111000   111000         540.95924      1197.8135      7920.4488      7076.505       4868.1276      2208.3773      2045.6104      3258.6279     -4336.3878      0              589.80407      15198.091     -14547.368     -112.79678      48311.27       36.4208        36.4208        36.4208        1.7195168     -199.74514      1875.2262      1917.9594    
    112000   112000         537.03879      852.71948      7437.9164      6837.5859      4832.8473      2004.7386      2002.4487      3144.3452     -4314.6459      0              538.27201      15192.215     -14557.896     -112.88515      48273.448      36.411294      36.411294      36.411294      1.7208641      698.44249      560.78374      1298.9322    
    113000   113000         548.1019      -2062.8053      5589.4319      7041.9665      4932.405       2109.5615      2067.279       3228.3006     -4313.8089      0              495.24824      15182.51      -14549.968     -112.86331      48282.789      36.413642      36.413642      36.413642      1.7205312     -3638.0038     -2098.5067     -451.90541    
    114000   114000         535.83025      1184.0947      7817.6247      7001.7148      4821.9715      2179.7433      2012.7766      3290.6313     -4332.7734      0              586.36385      15176.6       -14553.855     -115.33611      47247.611      36.151525      36.151525      36.151525      1.7582274      2021.1993      1120.2325      410.85235    
    115000   115000         520.36774     -920.2245       6076.1612      6715.9025      4682.8234      2033.0791      2048.1998      3216.7052     -4341.9522      0              479.2979       15181.471     -14550.642     -114.3169       47668.855      36.258645      36.258645      36.258645      1.7426901      2051.9224     -2465.0216     -2347.5743    
    116000   116000         546.98237      473.39103      7165.1678      6842.3909      4922.3302      1920.0607      1882.9621      3205.3325     -4336.0196      0              541.96417      15195.508     -14569.687     -116.55705      46752.69       36.024852      36.024852      36.024852      1.7768399     -418.91134      1436.269       402.81543    
    117000   117000         549.54123      1114.7228      7781.2863      7001.1584      4945.3576      2055.8008      2043.2575      3181.5048     -4327.3828      0              528.16537      15172.125     -14541.869     -113.55914      47986.939      36.339115      36.339115      36.339115      1.7311386      2753.4545      1181.0657     -590.35187    
    118000   118000         546.48923     -72.518789      6820.384       6870.977       4917.8924      1953.0846      2041.7788      3126.7246     -4340.9276      0              500.1553       15175.88      -14550.527     -113.9152       47836.951      36.301215      36.301215      36.301215      1.7365664     -613.63718      1318.3172     -922.23636    
    119000   119000         552.60473     -269.10848      6838.3297      7025.4722      4972.9262      2052.546       1991.8721      3198.36       -4328.5182      0              561.77711      15180.041     -14550.986     -114.28153      47683.606      36.262385      36.262385      36.262385      1.742151      -895.78283      1195.9284     -1107.471     
    120000   120000         539.88178     -69.512999      6841.4422      6890.573       4858.4315      2032.1415      2035.4897      3156.5866     -4328.2912      0              542.36349      15167.846     -14541.853     -112.44305      48463.25       36.458952      36.458952      36.458952      1.7141245      690.46235      392.17726     -1291.1786    
    121000   121000         542.52404      216.13598      7207.5403      7056.8324      4882.2094      2174.6231      2060.1444      3268.4897     -4329.0649      0              561.8362       15159.109     -14545.891     -113.97566      47811.571      36.294794      36.294794      36.294794      1.7374882      2472.9695      378.26983     -2202.8314    
    122000   122000         526.66466     -451.1652       6467.8392      6782.9311      4739.4898      2043.4413      1952.0858      3261.4129     -4306.2833      0              501.67145      15187.275     -14552.72      -113.79403      47887.888      36.314095      36.314095      36.314095      1.7347193      1512.8646     -230.03053     -2636.3297    
    123000   123000         537.54271      152.68017      7130.4987      7022.3713      4837.3821      2184.9891      1962.7919      3339.6475     -4299.8391      0              552.79883      15160.933     -14531.343     -112.21932      48559.871      36.483165      36.483165      36.483165      1.7107138      264.77095      641.21013     -447.94057    
    124000   124000         541.09147     -1854.8096      5656.0598      6972.7751      4869.3176      2103.4575      2109.3932      3228.5684     -4342.4951      0              485.94371      15152.818     -14530.771     -111.95114      48676.196      36.512274      36.512274      36.512274      1.7066256     -1075.175      -1226.7476     -3262.5063    
    125000   125000         538.12326     -1448.1676      5782.2074      6781.4761      4842.6065      1938.8696      2061.1208      3124.2285     -4325.3576      0              469.86999      15162.152     -14553.144     -115.17483      47313.772      36.168391      36.168391      36.168391      1.7557687      120.02079     -2456.8776     -2007.6459    
    126000   126000         546.50385     -1862.174       5665.9585      6974.9239      4918.0239      2056.8999      2016.4342      3210.0271     -4312.9999      0              514.0967       15170.43      -14541.088     -113.06108      48198.332      36.392398      36.392398      36.392398      1.723546      -2396.0654     -647.31143     -2543.1453    
    127000   127000         525.66018     -36.346494      6690.6805      6716.0341      4730.4504      1985.5837      1972.8487      3197.2083     -4327.7617      0              513.42976      15177.201     -14547.342     -113.93152      47830.099      36.299482      36.299482      36.299482      1.7368152      880.38496     -955.67905     -33.745395    
    128000   128000         531.36314      1452.6622      7969.9941      6956.652       4781.7717      2174.8802      2044.0263      3253.844      -4316.7243      0              562.03913      15173.44      -14541.745     -113.92777      47831.669      36.299879      36.299879      36.299879      1.7367582      2819.2692      1976.8808     -438.16327    
    129000   129000         524.29554      116.89684      6789.6135      6707.703       4718.1699      1989.5331      2023.3338      3126.5541     -4341.2227      0              534.47752      15184.274     -14537.884     -113.41868      48046.367      36.35411       36.35411       36.35411       1.7289974     -710.50062      1920.5187     -859.32759    
    130000   130000         532.71336      1115.4865      7677.7604      6899.7614      4793.9224      2105.8389      2026.4836      3237.7435     -4326.0497      0              551.26807      15150.548     -14534.155     -113.9479       47823.22       36.297742      36.297742      36.297742      1.737065      -1733.3951      1850.8873      3228.9674    
    131000   131000         546.65595     -834.90565      6421.3457      7005.1024      4919.3927      2085.7097      2013.5426      3239.0261     -4319.1913      0              527.70433      15164.625     -14539.997     -113.66495      47942.267      36.327836      36.327836      36.327836      1.7327517     -1144.8717     -1506.0063      146.16104    
    132000   132000         527.52733      558.7201       7162.0696      6777.4851      4747.253       2030.2321      1973.8525      3230.3911     -4312.5926      0              514.59087      15183.296     -14559.306     -115.45786      47197.79       36.138813      36.138813      36.138813      1.7600833     -165.57354      1832.2588      9.4750304    
    133000   133000         535.154        1343.4795      7854.6895      6920.5379      4815.8859      2104.6519      2001.578       3238.417      -4318.7009      0              564.98258      15179.582     -14561.207     -114.29696      47677.17       36.260753      36.260753      36.260753      1.7423862     -482.45219      2282.6294      2230.2611    
    134000   134000         527.98964     -428.17234      6539.1269      6841.2733      4751.4134      2089.8599      2039.3593      3163.5085     -4308.0171      0              577.61924      15148.902     -14531.512     -112.62175      48386.35       36.439658      36.439658      36.439658      1.7168487     -61.119295      1315.3507     -2538.7485    
    135000   135000         531.79697      773.16862      7407.5634      6870.3486      4785.6758      2084.6728      1970.5881      3256.3808     -4314.2173      0              538.21116      15190.855     -14557.145     -114.37927      47642.862      36.252054      36.252054      36.252054      1.7436409     -19.0651        2327.8897      10.681238    
    136000   136000         525.30049     -173.99949      6566.5539      6687.9753      4727.2136      1960.7617      1937.8264      3155.0035     -4344.6731      0              592.98529      15162.613     -14542.993     -113.88691      47848.831      36.30422       36.30422       36.30422       1.7361352      1602.8812     -49.24389      -2075.6358    
    137000   137000         540.95507     -3349.3209      4566.5348      6936.3805      4868.0901      2068.2905      2057.8529      3229.5041     -4341.0146      0              508.60856      15145.474     -14532.134     -112.32016      48516.273      36.472243      36.472243      36.472243      1.7122511     -3513.0032     -5010.9465     -1524.013     
    138000   138000         536.54118     -917.82558      6324.8733      6976.4579      4828.3692      2148.0887      2103.407       3200.591      -4333.3731      0              556.42314      15152.042     -14531.002     -111.94647      48678.226      36.512781      36.512781      36.512781      1.7065544     -2292.6498      640.92278     -1101.7497    
    139000   139000         536.58723     -877.81484      6253.829       6874.2665      4828.7837      2045.4829      1991.9683      3213.0689     -4324.5822      0              540.06916      15165.736     -14540.777     -112.44132      48463.996      36.459139      36.459139      36.459139      1.7140981     -1369.5321     -252.93171     -1010.9807    
    140000   140000         547.40651     -425.70874      6651.544       6959.4077      4926.147       2033.2607      1990.6215      3148.3654     -4317.69        0              576.20302      15157.805     -14522.044     -109.8943       49587.248      36.738662      36.738662      36.738662      1.6752703     -1496.2024      1580.471      -1361.3948    
    141000   141000         551.75676      1632.7697      8165.3828      6995.8359      4965.2952      2030.5407      1938.0278      3238.3563     -4333.9329      0              572.46883      15146.142     -14530.522     -110.95026      49115.304      36.621737      36.621737      36.621737      1.6913678      2663.1827      1357.0472      878.0791     
    142000   142000         532.51466     -1126.1684      5994.1206      6796.8043      4792.1343      2004.67        1978.4171      3187.4728     -4321.7021      0              546.01387      15144.363     -14529.895     -111.5013       48872.575      36.561309      36.561309      36.561309      1.6997681      3.115404      -1738.8678     -1642.7527    
    143000   143000         547.55016     -365.31419      6811.8007      7064.8791      4927.4397      2137.4394      2029.4081      3230.5495     -4308.9162      0              568.48906      15174.265     -14556.356     -114.71826      47502.079      36.21631       36.21631       36.21631       1.7488086     -2624.1965     -1669.1368      3197.3907    
    144000   144000         538.98469     -1182.6511      6091.5309      6929.4831      4850.3586      2079.1245      2016.7479      3192.83       -4315.0675      0              560.78387      15161.897     -14538.067     -112.16529      48583.263      36.489022      36.489022      36.489022      1.7098902     -894.11422     -1257.3939     -1396.4452    
    145000   145000         523.36291      76.454797      6796.5329      6743.2109      4709.7771      2033.4337      2008.4003      3145.2689     -4323.5067      0              579.33505      15170.15      -14546.214     -113.95136      47821.771      36.297375      36.297375      36.297375      1.7371177     -210.90654     -155.44441      595.71535    
    146000   146000         544.07032     -442.48267      6527.1466      6839.0749      4896.1245      1942.9504      1968.9431      3146.9567     -4328.6322      0              520.77599      15183.452     -14548.545     -112.73595      48337.338      36.42735       36.42735       36.42735       1.7185895     -1649.9177      115.54994      206.91978    
    147000   147000         528.84683     -689.23019      6409.775       6900.0882      4759.1272      2140.9609      2101.5116      3224.0616     -4343.6035      0              519.43477      15182.402     -14542.846     -111.71508      48779.05       36.537973      36.537973      36.537973      1.7030271     -613.34812     -3141.5242      1687.1817    
    148000   148000         533.77193     -836.45685      6352.6291      6942.2979      4803.4486      2138.8493      2046.6872      3207.8004     -4306.2745      0              554.7619       15182.516     -14546.641     -112.73439      48338.007      36.427518      36.427518      36.427518      1.7185657     -2155.3508     -274.68655     -79.333216    
    149000   149000         535.54127     -1013.6476      6095.8384      6816.949       4819.371       1997.578       2069.3459      3127.1493     -4322.6659      0              499.35657      15159.671     -14535.279     -111.71362      48779.688      36.538132      36.538132      36.538132      1.7030048     -3151.2224      387.89399     -277.61446    
    150000   150000         520.59927     -1421.1708      5762.3593      6781.3399      4684.907       2096.4329      2038.8271      3172.4279     -4318.2835      0              583.27613      15156.051     -14535.866     -110.84124      49163.61       36.63374       36.63374       36.63374       1.6897059     -1946.2282     -1927.2202     -390.06391    
    151000   151000         524.2837       1537.6394      7792.6779      6698.4533      4718.0634      1980.3899      1893.2535      3144.8942     -4336.4282      0              645.40965      15169.691     -14536.43      -111.67837      48795.088      36.541977      36.541977      36.541977      1.7024673      2055.477      -401.719        2959.1603    
    152000   152000         545.69746     -3225.8649      4677.8958      6961.7945      4910.7672      2051.0272      1970.802       3209.599      -4313.4285      0              544.12181      15181.129     -14541.196     -112.25104      48546.147      36.479728      36.479728      36.479728      1.7111974     -3542.9807     -2760.1674     -3374.4467    
    153000   153000         538.81427      793.67652      7415.8428      6852.3808      4848.8249      2003.5559      1947.5073      3160.9372     -4320.1923      0              591.24686      15159.428     -14535.371     -111.94376      48679.405      36.513076      36.513076      36.513076      1.7065131      84.107356      3107.0225     -810.10029    
    154000   154000         524.66129      1047.8937      7548.7214      6800.7788      4721.4613      2079.3175      1900.6231      3322.7139     -4323.847       0              526.01601      15192.824     -14539.012     -111.34483      48941.253      36.578427      36.578427      36.578427      1.6973828      953.92762      552.98006      1636.7735    
    155000   155000         532.44104     -1682.3961      5562.0998      6750.4733      4791.4719      1959.0014      1952.125       3218.9815     -4353.418       0              501.11116      15200.357     -14560.155     -112.51135      48433.829      36.451572      36.451572      36.451572      1.7151657     -1892.6971     -1436.4897     -1718.0016    
    156000   156000         527.75308      395.04027      7186.2933      6902.5604      4749.2846      2153.2758      1931.8169      3332.5858     -4304.8834      0              542.82996      15187.204     -14536.277     -110.65033      49248.437      36.654797      36.654797      36.654797      1.6867955     -365.79616      136.27604      1414.6409    
    157000   157000         526.66418      268.03752      6910.1251      6721.8963      4739.4855      1982.4108      1904.2449      3229.0039     -4318.1492      0              514.88845      15195.381     -14542.958     -113.1698       48152.029      36.38074       36.38074       36.38074       1.7252034      1349.0098     -624.89664      79.99938     
    158000   158000         525.26369      2266.5972      8291.7167      6726.893       4726.8823      2000.0107      1852.6833      3298.9995     -4316.7352      0              504.09502      15232.561     -14571.593     -115.11449      47338.573      36.17471       36.17471       36.17471       1.7548489      2768.4012      2794.3281      1237.0623    
    159000   159000         539.59094     -345.87673      6679.4747      6919.3814      4855.8142      2063.5672      2033.0848      3185.9726     -4317.7234      0              502.95214      15223.228     -14563.947     -114.57768      47560.358      36.231115      36.231115      36.231115      1.7466656      890.07547     -396.24901     -1531.4567    
    160000   160000         525.59323     -333.11393      6632.1807      6863.6669      4729.8479      2133.8189      1992.4475      3242.2347     -4316.2554      0              589.07068      15180.414     -14554.093     -114.36388      47649.271      36.253679      36.253679      36.253679      1.7434064      262.93673      857.14985     -2119.4284    
    161000   161000         525.1415       1030.1534      7363.3693      6657.8495      4725.7827      1932.0668      1904.1272      3159.3532     -4316.3607      0              560.50655      15203.115     -14578.675     -116.04161      46960.36       36.078112      36.078112      36.078112      1.7689822      758.88768      1339.7044      991.86823    
    162000   162000         542.43028     -69.974913      6964.4046      7012.5708      4881.3656      2131.2051      2018.2447      3243.8071     -4300.049       0              514.78201      15223.275     -14568.854     -115.45718      47198.066      36.138884      36.138884      36.138884      1.760073       76.287428     -476.68482      190.47265    
    163000   163000         533.87736      199.30215      7086.6035      6948.293       4804.3974      2143.8956      2017.227       3238.8025     -4317.7471      0              548.10277      15214.592     -14557.082     -114.51911      47584.684      36.237292      36.237292      36.237292      1.7457727     -825.06441      2294.0158     -871.04499    
    164000   164000         533.52398      617.57903      7233.3318      6799.7616      4801.2173      1998.5443      2005.9293      3112.9644     -4313.9551      0              552.78301      15192.957     -14552.134     -113.20202      48138.326      36.377289      36.377289      36.377289      1.7256945     -255.58629      1121.5842      986.7392     
    165000   165000         530.0033      -315.2481       6568.299       6782.8143      4769.5344      2013.2799      1954.8799      3176.5008     -4296.5543      0              530.28992      15235.535     -14587.372     -116.79253      46658.424      36.000624      36.000624      36.000624      1.7804297     -54.00383      -1767.8267      876.08626    
    166000   166000         531.98799     -590.2769       6367.7896      6780.2656      4787.3948      1992.8708      2002.5088      3142.4952     -4309.3076      0              538.38779      15173.111     -14554.324     -113.73081      47914.508      36.320823      36.320823      36.320823      1.7337555     -2420.7736      2324.5859     -1674.643     
    167000   167000         530.12602      247.99524      6981.1369      6808.5676      4770.6388      2037.9287      1968.5427      3304.5326     -4340.9563      0              459.68816      15203.769     -14557.647     -114.20915      47713.827      36.270044      36.270044      36.270044      1.7410476      857.48973     -396.89806      283.39406    
    168000   168000         531.7021      -603.59959      6389.6238      6805.5703      4784.822       2020.7483      1915.6097      3213.3302     -4311.2969      0              569.74436      15193.04      -14559.679     -115.32739      47251.184      36.152436      36.152436      36.152436      1.7580944     -2925.8046     -519.04293      1634.0487    
    169000   169000         526.89851      1150.0766      7481.7662      6683.2883      4741.5942      1941.694       1881.2519      3226.0847     -4320.0874      0              507.63917      15213.453     -14566.648     -114.46821      47605.842      36.242662      36.242662      36.242662      1.7449968      1260.8033      372.91028      1816.5162    
    170000   170000         533.56932     -411.3181       6583.0426      6872.7517      4801.6253      2071.1265      2059.1198      3133.8525     -4323.9611      0              563.56501      15182.635     -14544.084     -112.83315      48295.696      36.416886      36.416886      36.416886      1.7200713      324.71923     -1130.6        -428.0735     
    171000   171000         519.68852     -1119.8569      5819.4968      6574.3457      4676.711       1897.6347      1988.3746      3194.1272     -4345.9574      0              425.61902      15210.409     -14574.937     -117.90264      46219.115      35.88728       35.88728       35.88728       1.7973525     -894.65135     -3208.6366      743.71736    
    172000   172000         528.81247     -431.60908      6419.8305      6718.2871      4758.818       1959.4691      1977.6777      3213.0632     -4353.5423      0              470.34267      15212.869     -14560.941     -114.92921      47414.887      36.194138      36.194138      36.194138      1.7520245      1246.367      -2377.4653     -163.72899    
    173000   173000         521.43257      83.87197       6666.1782      6608.9232      4692.4059      1916.5173      1934.9593      3213.7797     -4340.3816      0              482.7023       15203.253     -14577.795     -116.41921      46808.043      36.039063      36.039063      36.039063      1.7747386      1241.7756     -693.65966     -296.50003    
    174000   174000         535.43956      1718.063       7912.988       6723.4704      4818.4557      1905.0147      1881.3406      3200.9746     -4353.4003      0              546.25671      15186.482     -14556.638     -114.78609      47474.006      36.209175      36.209175      36.209175      1.7498427      773.7942       1349.4681      3030.9266    
    175000   175000         533.49521      162.46059      6896.4783      6783.4759      4800.9583      1982.5176      1953.804       3186.4728     -4314.1999      0              516.837        15199.475     -14559.872     -114.25668      47693.98       36.265014      36.265014      36.265014      1.7417721     -136.46395      959.58521     -335.73948    
    176000   176000         513.50131      2461.3048      8240.7969      6542.4223      4621.0319      1921.3904      1839.7069      3239.9783     -4321.8422      0              522.97506      15213.554     -14572.981     -115.1736       47314.275      36.168519      36.168519      36.168519      1.7557501      1963.3638      1800.4475      3620.1031    
    177000   177000         528.46588     -863.89754      6119.172       6719.5574      4755.699       1963.8583      1887.7027      3235.0813     -4328.1994      0              546.64614      15179.131     -14556.503     -114.35447      47653.195      36.254674      36.254674      36.254674      1.7432628     -262.27704     -809.36861     -1520.047     
    178000   178000         543.70013     -727.16919      6474.1654      6967.7097      4892.7931      2074.9166      2014.4562      3234.5966     -4324.831       0              536.00424      15186.335     -14571.645     -117.09285      46538.757      35.96982       35.96982       35.96982       1.7850078      1170.0797     -1370.2416     -1981.3456    
    179000   179000         537.67903     -522.33219      6439.1439      6804.5395      4838.6088      1965.9307      1948.4249      3168.8428     -4317.72        0              535.20367      15185.56      -14554.38      -113.60683      47966.795      36.33403       36.33403       36.33403       1.7318656     -812.9882      -26.329858     -727.67852    
    180000   180000         526.8219      -498.22545      6326.4249      6677.6991      4740.9048      1936.7943      1881.3055      3225.5116     -4328.5267      0              528.93773      15180.208     -14550.641     -112.71995      48344.198      36.429073      36.429073      36.429073      1.7183457     -3096.9156      405.87669      1196.3626    
    181000   181000         533.90718      421.42155      7069.8689      6773.7243      4804.6657      1969.0586      1902.003       3267.5523     -4352.1154      0              514.11344      15189.698     -14552.192     -113.09252      48184.932      36.389025      36.389025      36.389025      1.7240253      1656.4557     -814.6308       422.43978    
    182000   182000         530.57687      587.37551      7212.9897      6799.502       4774.6961      2024.8059      1971.6442      3157.7257     -4332.9104      0              578.3214       15197.828     -14547.803     -112.89489      48269.285      36.410247      36.410247      36.410247      1.7210125      1516.624       587.95662     -342.45414    
    183000   183000         525.2857       162.599        6844.1845      6728.28        4727.0805      2001.1996      1915.4622      3185.1619     -4325.1987      0              558.72201      15209.536     -14542.484     -111.49071      48877.217      36.562467      36.562467      36.562467      1.6996066      1933.6209     -620.2928      -825.53109    
    184000   184000         517.43608     -1898.7383      5407.8764      6748.9667      4656.4412      2092.5255      2000.7283      3244.8824     -4323.3792      0              544.72697      15162.414     -14536.847     -112.51959      48430.285      36.450683      36.450683      36.450683      1.7152912     -1961.7408     -2605.4996     -1128.9744    
    185000   185000         528.58917     -573.25611      6421.9101      6832.5179      4756.8086      2075.7092      2004.6512      3172.3354     -4329.421       0              582.72831      15172.877     -14527.461     -110.9539       49113.69       36.621336      36.621336      36.621336      1.6914234     -806.39594     -1080.7304      167.35806    
    186000   186000         534.58267     -2347.9567      5106.4362      6785.1111      4810.7445      1974.3666      1984.5698      3163.5605     -4328.4745      0              513.58642      15176.374     -14535.25      -111.15898      49023.082      36.598802      36.598802      36.598802      1.6945496     -3158.6945     -2631.5996     -1253.5761    
    187000   187000         527.72683      515.79859      7253.6101      6890.4406      4749.0483      2141.3923      1992.3159      3236.1524     -4319.782       0              587.57873      15185.536     -14540.409     -112.87346      48278.451      36.412551      36.412551      36.412551      1.7206858      1047.0681      357.21255      143.11512    
    188000   188000         542.32101      413.85516      7071.8957      6783.4032      4880.3823      1903.0209      1876.8444      3119.5329     -4308.4234      0              580.82915      15191.568     -14557.33      -114.00785      47798.072      36.291378      36.291378      36.291378      1.7379789      312.66514     -277.79272      1206.6931    
    189000   189000         529.29081      535.70246      7134.4628      6760.6736      4763.1227      1997.551       1948.8227      3189.3565     -4298.2036      0              521.77123      15189.051     -14553.247     -113.89849      47843.968      36.30299       36.30299       36.30299       1.7363117     -478.34987      1878.2873      207.16992    
    190000   190000         531.27234     -1652.0324      5722.8078      6881.7588      4780.9546      2100.8042      1987.8248      3278.4292     -4315.9153      0              503.47703      15203.261     -14556.273     -113.28556      48102.828      36.368345      36.368345      36.368345      1.726968      -2303.8678     -1865.672      -786.55744    
    191000   191000         519.99886     -1075.7         5960.673       6720.2018      4679.5038      2040.698       2015.8743      3132.3671     -4295.5999      0              544.93939      15186.568     -14543.451     -112.55581      48414.698      36.446773      36.446773      36.446773      1.7158434      784.19973     -1083.9888     -2927.3109    
    192000   192000         523.96499     -1655.232       5531.8772      6711.9507      4715.1953      1996.7554      1904.4617      3230.9105     -4334.746       0              552.43856      15177.879     -14534.189     -111.4733       48884.852      36.564371      36.564371      36.564371      1.6993412     -1431.9082     -1138.4481     -2395.3396    
    193000   193000         512.44692      815.86243      7122.4733      6555.6139      4611.5434      1944.0705      1914.6977      3143.6421     -4318.6131      0              561.72823      15210.435     -14567.82      -114.3833       47641.184      36.251628      36.251628      36.251628      1.7437023     -121.23675      1065.9753      1502.8488    
    194000   194000         525.8403       111.74597      6854.696       6777.1637      4732.0713      2045.0924      1929.0459      3201.0319     -4293.0238      0              559.60467      15212.675     -14564.241     -114.54343      47574.579      36.234726      36.234726      36.234726      1.7461435      161.4          1319.2579     -1145.42      
    195000   195000         534.60897     -650.53534      6348.4008      6809.6698      4810.9812      1998.6886      1935.4575      3201.3508     -4314.9663      0              523.8177       15197.155     -14544.126     -112.08248      48619.156      36.498006      36.498006      36.498006      1.7086278      656.05746     -2387.1995     -220.46396    
    196000   196000         537.11845     -482.46962      6503.6043      6844.5176      4833.5641      2010.9535      2000.4811      3122.3385     -4305.3446      0              551.24713      15180.629     -14538.397     -112.47266      48450.49       36.455752      36.455752      36.455752      1.7145759      1643.8642     -1823.1792     -1268.0938    
    197000   197000         533.84572     -714.85087      6101.1215      6602.1367      4804.1126      1798.024       1889.9297      3086.7648     -4339.7256      0              511.59017      15198.725     -14549.26      -113.39285      48057.313      36.356871      36.356871      36.356871      1.7286036     -552.17396     -1415.6613     -176.71735    
    198000   198000         524.14837     -100.60512      6741.8532      6812.7154      4716.8455      2095.8699      2003.3379      3237.0393     -4319.7746      0              516.20282      15211.452     -14552.387     -112.83056      48296.805      36.417165      36.417165      36.417165      1.7200319      1009.2974     -1079.9187     -231.1941     
    199000   199000         533.03769     -268.84243      6556.2659      6743.036       4796.8412      1946.1948      1944.0808      3233.662      -4318.6159      0              456.49781      15189.724     -14559.154     -114.39619      47635.816      36.250266      36.250266      36.250266      1.7438988     -2060.8171      685.61824      568.67154    
    200000   200000         534.17698     -269.06306      6692.5407      6883.9309      4807.0937      2076.8373      1941.3442      3249.9127     -4289.6301      0              541.28337      15167.095     -14533.168     -111.72629      48774.158      36.536751      36.536751      36.536751      1.7031979      1380.9552      502.45332     -2690.5977    
    201000   201000         526.59872      1040.1389      7528.3284      6795.5864      4738.8964      2056.69        1949.2635      3179.5624     -4305.3854      0              594.7042       15186.727     -14548.182     -112.81356      48304.084      36.418994      36.418994      36.418994      1.7197727      2513.4239      1872.3881     -1265.3953    
    202000   202000         533.83515     -264.63472      6616.1385      6801.08        4804.0175      1997.0625      1929.0579      3208.921      -4319.2417      0              528.523        15205.315     -14555.512     -113.71914      47919.422      36.322064      36.322064      36.322064      1.7335778      267.57939     -1554.315       492.83146    
    203000   203000         542.22589      842.98872      7496.7065      6900.0591      4879.5263      2020.5328      1961.9761      3175.3274     -4324.9228      0              552.38915      15211.457     -14555.694     -112.28586      48531.093      36.475957      36.475957      36.475957      1.7117282      1391.6944      1605.19       -467.91824    
    204000   204000         532.96725     -940.20503      6087.8078      6746.4022      4796.2072      1950.195       1957.3003      3195.9717     -4325.0596      0              475.56099      15197.687     -14551.266     -113.45552      48030.768      36.350175      36.350175      36.350175      1.7295589     -2168.5176     -1445.3774      793.27989    
    205000   205000         520.6595      -685.31115      6021.1309      6495.1093      4685.449       1809.6603      1939.1041      3072.4712     -4324.4447      0              478.22709      15201.99      -14557.687     -114.908        47423.638      36.196365      36.196365      36.196365      1.7517012     -183.33097     -2317.375       444.77256    
    206000   206000         522.89771      1712.6529      7936.5142      6725.1293      4705.5908      2019.5386      2010.1353      3105.3505     -4314.4632      0              553.56041      15210.806     -14545.851     -112.35911      48499.457      36.468029      36.468029      36.468029      1.7128448     -357.63237      1962.0747      3533.5164    
    207000   207000         533.77791      808.29237      7340.9337      6779.1156      4803.5024      1975.6132      1891.654       3194.8626     -4324.0845      0              563.81037      15203.861     -14554.49      -114.33885      47659.705      36.256325      36.256325      36.256325      1.7430247      1786.1117      1374.9915     -736.22607    
    208000   208000         512.65753      717.30349      7069.424       6579.2892      4613.4387      1965.8505      1926.4457      3205.0389     -4320.1636      0              509.92533      15222.104     -14577.499     -116.30769      46852.928      36.050579      36.050579      36.050579      1.7730385      673.63355      848.69735      629.57958    
    209000   209000         533.0454       1275.139       7606.8237      6728.3682      4796.9105      1931.4577      1937.0629      3134.8713     -4341.0548      0              564.38         15195.58      -14559.381     -115.36094      47237.44       36.14893       36.14893       36.14893       1.758606       1495.1122      2459.4826     -129.17788    
    210000   210000         550.68125     -111.94194      6931.6714      7010.715       4955.6167      2055.0983      1960.0033      3263.0024     -4312.8697      0              488.18647      15199.88      -14543.105     -112.55054      48416.967      36.447342      36.447342      36.447342      1.715763      -265.2472       904.23563     -974.81424    
    211000   211000         527.95249      269.54842      6862.4704      6675.6432      4751.0791      1924.5641      1902.836       3169.3623     -4344.2684      0              541.23859      15207.263     -14551.867     -114.66151      47525.589      36.222284      36.222284      36.222284      1.7479435     -967.86361      1619.3984      157.1105     
    212000   212000         527.55017     -1218.4622      5944.9549      6796.6825      4747.4586      2049.2239      2012.0976      3203.9368     -4322.6892      0              520.70683      15187.374     -14552.202     -113.69264      47930.591      36.324886      36.324886      36.324886      1.7331738      33.19198      -1052.7323     -2635.8462    
    213000   213000         529.93274     -1205.9068      5953.3203      6805.2033      4768.8994      2036.3039      1976.331       3263.0035     -4332.1328      0              490.69313      15184.838     -14546.429     -112.50059      48438.462      36.452735      36.452735      36.452735      1.7150017     -997.50142     -3131.7453      511.52622    
    214000   214000         521.15687     -1950.8254      5351.4272      6716.8967      4689.9248      2026.9719      2052.2025      3186.0139     -4341.6997      0              490.75663      15192.924     -14553.225     -113.54223      47994.085      36.340919      36.340919      36.340919      1.7308809     -1921.338      -1445.1948     -2485.9434    
    215000   215000         537.24571     -3374.2986      4474.6532      6859.1419      4834.7094      2024.4325      2033.6422      3189.0318     -4318.8579      0              458.89385      15210.779     -14549.056     -112.4629       48454.696      36.456807      36.456807      36.456807      1.7144271     -3624.6608     -3228.3656     -3269.8694    
    216000   216000         522.37354      3219.8305      8945.3822      6674.0365      4700.8737      1973.1628      1915.9786      3154.6036     -4318.14        0              564.73911      15209.633     -14553.652     -112.66028      48369.804      36.435503      36.435503      36.435503      1.717436       3128.1052      2813.6907      3717.6957    
    217000   217000         544.20395      1358.2939      7676.5212      6740.5085      4897.3271      1843.1815      1902.3448      3121.3433     -4324.2738      0              497.10697      15209.223     -14562.563     -115.32756      47251.115      36.152418      36.152418      36.152418      1.758097       580.88661      2007.6029      1486.3923    
    218000   218000         524.24258     -1089.1435      6002.7311      6762.8528      4717.6934      2045.1595      2043.4067      3110.2988     -4302.3795      0              557.0019       15186.525     -14549.693     -113.87358      47854.432      36.305636      36.305636      36.305636      1.7359321     -803.27522      803.17048     -3267.3259    
    219000   219000         533.09412      855.90653      7460.8804      6859.4721      4797.3489      2062.1232      1924.4929      3270.4341     -4328.2938      0              541.72386      15202.822     -14549.056     -113.104        48180.044      36.387794      36.387794      36.387794      1.7242002      539.63136      653.83439      1374.2538    
    220000   220000         520.7346       1286.8225      7609.8654      6699.8797      4686.1248      2013.755       1983.0056      3129.2503     -4324.5841      0              578.23164      15200.689     -14552.837     -112.38416      48488.643      36.465318      36.465318      36.465318      1.7132268      159.07096      681.80392      3019.5927    
    221000   221000         531.51179     -514.05957      6406.5931      6770.6035      4783.1095      1987.4941      2025.87        3167.6062     -4343.5843      0              501.80465      15175.342     -14539.545     -112.23302      48553.943      36.48168       36.48168       36.48168       1.7109227     -548.75888      275.74647     -1269.1663    
    222000   222000         529.16308     -107.91489      6539.418       6614.9969      4761.9733      1853.0236      1889.7808      3134.7738     -4328.7774      0              510.69471      15194.232     -14547.68      -113.47553      48022.296      36.348038      36.348038      36.348038      1.7298641     -1203.7944      465.62977      414.41997    
    223000   223000         528.39873      560.44429      7219.6272      6815.4751      4755.0948      2060.3804      1940.0824      3209.7632     -4319.6118      0              584.30859      15165.178     -14519.341     -110.20688      49446.599      36.703894      36.703894      36.703894      1.6800355      1599.4868      1346.2428     -1264.3967    
    224000   224000         537.1972      -2295.9595      5199.3761      6821.2675      4834.2728      1986.9947      1959.8855      3160.3559     -4284.8548      0              524.72704      15177.265     -14550.384     -112.50284      48437.495      36.452492      36.452492      36.452492      1.7150359     -3411.3676     -1620.1413     -1856.3697    
    225000   225000         528.34066      423.10995      6874.9568      6575.5881      4754.5722      1821.0159      1869.7031      3139.1903     -4331.5038      0              502.93408      15182.935     -14542.243     -112.32279      48515.137      36.471959      36.471959      36.471959      1.7122912      874.18248      154.35656      240.79082    
    226000   226000         538.80136      821.62395      7353.3976      6772.4384      4848.7088      1923.7296      1910.5939      3159.9778     -4321.2745      0              538.29947      15174.6       -14538.467     -112.39538      48483.805      36.464106      36.464106      36.464106      1.7133978      393.74506     -1078.9713      3150.0981    
    227000   227000         517.2835      -173.31019      6454.3976      6574.6766      4655.0682      1919.6084      1915.843       3178.0343     -4336.4868      0              549.88596      15161.421     -14549.089     -114.51312      47587.173      36.237923      36.237923      36.237923      1.7456814      1826.5361     -746.43319     -1600.0335    
    228000   228000         531.96847     -1163.9608      5970.8585      6799.4993      4787.2191      2012.2802      1900.2026      3279.5185     -4339.1173      0              524.47231      15183.53      -14536.326     -111.63312      48814.863      36.546912      36.546912      36.546912      1.7017777     -315.89216     -3023.6193     -152.37087    
    229000   229000         528.43103     -2358.9177      5068.8383      6739.6333      4755.3855      1984.2478      2000.9375      3157.5487     -4322.1794      0              532.85924      15141.951     -14526.87      -112.2046       48566.241      36.48476       36.48476       36.48476       1.7104895     -1644.278      -2764.4107     -2668.0643    
    230000   230000         515.72808      1068.0438      7366.4794      6631.2834      4641.0708      1990.2125      1954.3513      3215.3426     -4324.7837      0              509.63953      15208.011     -14572.348     -115.45346      47199.589      36.139272      36.139272      36.139272      1.7600163      2236.602       1889.7067     -922.17734    
    231000   231000         517.47983     -422.04065      6238.2205      6534.7023      4656.8349      1877.8674      1893.6068      3194.7217     -4329.1194      0              472.6812       15198.352     -14552.375     -113.12985      48169.032      36.385022      36.385022      36.385022      1.7245944      847.33151     -2431.9644      318.511      
    232000   232000         527.55569     -1034.066       6014.3436      6738.9898      4747.5082      1991.4816      2003.5338      3182.0809     -4324.9993      0              506.41765      15175.699     -14551.251     -113.40789      48050.941      36.355264      36.355264      36.355264      1.7288328      308.17318     -1509.2282     -1901.1431    
    233000   233000         537.01271     -946.11554      6052.1654      6723.669       4832.6126      1891.0565      1991.425       3112.8923     -4343.7181      0              478.06738      15192.453     -14540.063     -111.97391      48666.297      36.509798      36.509798      36.509798      1.7069728     -1044.1722      632.72429     -2426.8987    
    234000   234000         513.2074      -1990.6271      5267.2165      6642.5867      4618.387       2024.1997      2044.9878      3187.9644     -4323.9438      0              492.42826      15186.874     -14564.111     -115.02476      47375.501      36.184114      36.184114      36.184114      1.7534811     -2384.6659     -595.2936      -2991.9217    
    235000   235000         518.50446      962.92507      7292.9921      6614.2071      4666.0556      1948.1515      1915.6078      3123.6111     -4312.2109      0              596.43601      15175.891     -14551.183     -112.74085      48335.238      36.426822      36.426822      36.426822      1.7186642     -162.05453      2323.364       727.4657     
    236000   236000         522.95518      1620.1957      7880.9489      6732.5453      4706.1079      2026.4373      1915.6448      3278.9075     -4343.0228      0              539.32821      15184.683     -14549.104     -112.1228       48601.672      36.49363       36.49363       36.49363       1.7092425      796.34582      2477.4473      1586.7939    
    237000   237000         519.35849      1280.4938      7414.9879      6517.8774      4673.7411      1844.1363      1854.6514      3140.1804     -4347.7426      0              559.19276      15189.32      -14551.465     -113.43645      48038.843      36.352212      36.352212      36.352212      1.7292682     -609.37596      1948.1908      2502.6667    
    238000   238000         519.42238     -1160.1405      5935.1666      6756.4162      4674.316       2082.1002      1962.2689      3228.0978     -4313.4903      0              548.08124      15196.045     -14538.902     -112.26812      48538.761      36.477878      36.477878      36.477878      1.7114578     -2785.0566      381.73402     -1077.0989    
    239000   239000         531.33325     -1069.2961      5983.4011      6734.5511      4781.5027      1953.0484      1994.4011      3094.2983     -4320.7447      0              555.17722      15177.123     -14547.206     -113.1338       48167.354      36.384599      36.384599      36.384599      1.7246545     -1634.4568     -1420.5781     -152.85341    
    240000   240000         529.26565      1406.9642      7610.1136      6630.1576      4762.8962      1867.2614      1877.8726      3121.0377     -4319.9392      0              545.7063       15191.92      -14549.336     -114.10312      47758.165      36.281275      36.281275      36.281275      1.7394312      2366.8322      213.52033      1640.54      
    241000   241000         509.2839      -231.00816      6366.7395      6527.7786      4583.0792      1944.6994      1935.2299      3204.7077     -4333.8275      0              503.17717      15177.252     -14541.84      -114.00319      47800.027      36.291873      36.291873      36.291873      1.7379079     -2176.3225      955.9105       527.38756    
    242000   242000         528.21095     -621.54556      6236.5832      6667.0707      4753.4049      1913.6658      1925.9361      3194.1231     -4321.1292      0              472.77752      15197.385     -14555.427     -114.74492      47491.04       36.213505      36.213505      36.213505      1.7492151     -1110.3807     -2575.1082      1820.8522    
    243000   243000         529.31408     -1053.9443      6055.3575      6799.1459      4763.3321      2035.8138      2021.9779      3221.0893     -4331.8291      0              482.79626      15186.438     -14544.658     -112.6132       48390.026      36.44058       36.44058       36.44058       1.7167183     -669.36613     -1439.5464     -1052.9202    
    244000   244000         525.15499      364.11405      6779.5043      6523.4891      4725.9042      1797.5849      1936.0696      3068.5875     -4357.4957      0              505.91011      15185.565     -14541.052     -113.02975      48211.692      36.39576       36.39576       36.39576       1.7230684      872.91002      324.53131     -105.09917    
    245000   245000         517.33694     -10.182378      6640.5871      6647.7358      4655.5491      1992.1868      1957.0074      3215.1334     -4326.2244      0              509.71958      15177.871     -14541.32      -113.19824      48139.933      36.377694      36.377694      36.377694      1.7256368     -17.295413      1446.6676     -1459.9193    
    246000   246000         519.02612      731.38505      7082.3564      6565.5372      4670.7501      1894.7872      1853.2788      3197.3358     -4326.7616      0              539.15191      15181.529     -14549.747     -112.46788      48452.551      36.456269      36.456269      36.456269      1.714503       1904.961      -758.52323      1047.7174    
    247000   247000         531.03686     -935.73546      6114.1071      6763.4918      4778.8355      1984.6562      1980.4239      3178.5008     -4329.2243      0              520.55371      15189.694     -14555.292     -114.51756      47585.326      36.237455      36.237455      36.237455      1.7457492     -802.69311      178.43467     -2182.9479    
    248000   248000         530.27064      41.24368       6716.7994      6688.2256      4771.9403      1916.2853      1919.9132      3190.7543     -4316.2581      0              482.54053      15197.149     -14557.814     -114.71248      47504.471      36.216918      36.216918      36.216918      1.7487205      1086.3573      596.42454     -1559.0508    
    249000   249000         532.68638      968.66162      7393.078       6729.6108      4793.6796      1935.9311      1903.2039      3254.7102     -4334.623       0              459.71177      15217.345     -14564.417     -116.0309       46964.693      36.079222      36.079222      36.079222      1.768819       3226.7736     -916.74961      595.96085    
    250000   250000         519.82188      1643.493       7615.5944      6485.0524      4677.9111      1807.1413      1819.9899      3171.9822     -4329.4711      0              491.98961      15218.881     -14566.23      -115.53197      47167.511      36.131084      36.131084      36.131084      1.7612132      1831.4089      1783.9743      1315.0958    
Loop time of 546.054 on 1 procs for 250000 steps with 3020 atoms

Performance: 39.557 ns/day, 0.607 hours/ns, 457.830 timesteps/s, 1.383 Matom-step/s
100.0% CPU use with 1 MPI tasks x 1 OpenMP threads

MPI task timing breakdown:
Section |  min time  |  avg time  |  max time  |%varavg| %total
---------------------------------------------------------------
Pair    | 134.31     | 134.31     | 134.31     |   0.0 | 24.60
Bond    | 35.125     | 35.125     | 35.125     |   0.0 |  6.43
Kspace  | 248.27     | 248.27     | 248.27     |   0.0 | 45.47
Neigh   | 15.023     | 15.023     | 15.023     |   0.0 |  2.75
Comm    | 3.4359     | 3.4359     | 3.4359     |   0.0 |  0.63
Output  | 1.471      | 1.471      | 1.471      |   0.0 |  0.27
Modify  | 68.636     | 68.636     | 68.636     |   0.0 | 12.57
Other   |            | 39.78      |            |       |  7.29

Nlocal:           3020 ave        3020 max        3020 min
Histogram: 1 0 0 0 0 0 0 0 0 0
Nghost:          10289 ave       10289 max       10289 min
Histogram: 1 0 0 0 0 0 0 0 0 0
Neighs:              0 ave           0 max           0 min
Histogram: 1 0 0 0 0 0 0 0 0 0
FullNghs:  1.22448e+06 ave 1.22448e+06 max 1.22448e+06 min
Histogram: 1 0 0 0 0 0 0 0 0 0

Total # of neighbors = 1224482
Ave neighs/atom = 405.45762
Ave special neighs/atom = 11.86755
Neighbor list builds = 3414
Dangerous builds = 0

# --- Cleanup ---
unfix npt_fix

undump dump_npt

# --- Write Output ---
write_dump all custom cool_block_07_last.dump id type mol x y z xu yu zu vx vy vz modify sort id
write_data /home/arz2/PolyJarvis_v2/data/PTFE_AI/attempts/cooling/attempt-0001/work/cool_block_07/cool_block_07_out.data
System init for write_data ...
PPPM Kokkos initialization ...
  using 12-bit tables for long-range coulomb
  G vector (1/distance) = 0.32742497
  grid = 36 36 36
  stencil order = 5
  estimated absolute RMS force accuracy = 0.00040077772
  estimated relative force accuracy = 1.2069302e-06
  using double precision cuFFT
  3d grid and FFT values/proc = 79507 46656
Generated 3 of 3 mixed pair_coeff terms from geometric mixing rule
write_restart /home/arz2/PolyJarvis_v2/data/PTFE_AI/attempts/cooling/attempt-0001/work/cool_block_07/cool_block_07_out.restart
System init for write_restart ...
PPPM Kokkos initialization ...
  using 12-bit tables for long-range coulomb
  G vector (1/distance) = 0.32742497
  grid = 36 36 36
  stencil order = 5
  estimated absolute RMS force accuracy = 0.00040077772
  estimated relative force accuracy = 1.2069302e-06
  using double precision cuFFT
  3d grid and FFT values/proc = 79507 46656
Generated 3 of 3 mixed pair_coeff terms from geometric mixing rule

print "STAGE COMPLETE: NPT T=550.0->525.0K P=1.0->1.0atm steps=250000"
STAGE COMPLETE: NPT T=550.0->525.0K P=1.0->1.0atm steps=250000
quit
