units real
atom_style full
boundary p p p

# --- Force Field Styles ---
pair_style lj/class2/coul/long 9.5 9.5
kspace_style pppm 1e-6
dielectric 1.000000
bond_style class2
angle_style class2
dihedral_style class2
improper_style class2
special_bonds lj/coul 0 0 1
pair_modify mix sixthpower tail yes
neighbor 2.0 bin
neigh_modify delay 0 every 1 check yes
neigh_modify one 4000
# KOKKOS: package loaded via -pk kokkos on the command line

read_data /home/alexzhao/PolyJarvis/data/PEG_2/attempts/cooling/attempt-0001/work/cool_block_01/cool_block_01_out.data
Reading data file ...
  orthogonal box = (3.5088237 3.5088237 3.5088237) to (48.013234 48.013234 48.013234)
  1 by 1 by 1 MPI processor grid
  reading atoms ...
  8000 atoms
  reading velocities ...
  8000 velocities
  scanning bonds ...
  4 = max bonds/atom
  scanning angles ...
  10 = max angles/atom
  scanning dihedrals ...
  16 = max dihedrals/atom
  scanning impropers ...
  7 = max impropers/atom
  orthogonal box = (3.5088237 3.5088237 3.5088237) to (48.013234 48.013234 48.013234)
  1 by 1 by 1 MPI processor grid
  reading bonds ...
  7990 bonds
  reading angles ...
  14820 angles
  reading dihedrals ...
  17070 dihedrals
  reading impropers ...
  9120 impropers
Finding 1-2 1-3 1-4 neighbors ...
  special bond factors lj:    0        0        1       
  special bond factors coul:  0        0        1       
     4 = max # of 1-2 neighbors
     6 = max # of 1-3 neighbors
     8 = max # of special neighbors
  special bonds CPU = 0.003 seconds
  read_data CPU = 0.194 seconds


# --- Thermo Output ---
thermo_style custom step time temp press enthalpy etotal ke pe ebond eangle edihed eimp evdwl ecoul elong etail vol lx ly lz density pxx pyy pzz
thermo_modify flush yes
thermo 1000

# --- Trajectory ---
dump dump_npt all custom 1000 cool_block_02.dump id type mol x y z ix iy iz vx vy vz


# --- Restart Checkpointing ---
restart 10000 npt_1.rst npt_2.rst

# --- Initial Velocities (optional) ---
# Velocities read from data file

# --- SHAKE Constraints ---
# SHAKE disabled

# --- NPT Thermostat + Barostat (Nose-Hoover) ---
# T_damp = 100.0 fs  (heat bath coupling)
# P_damp = 1000.0 fs  (pressure bath coupling, ~10x T_damp typical)
# Ramp: T=475.0->450.0K  P=1.0->1.0atm
timestep 1.0
fix npt_fix all npt temp 475.0 450.0 100.0 iso 1.0 1.0 1000.0

run 250000
PPPM Kokkos initialization ...
  using 12-bit tables for long-range coulomb
  G vector (1/distance) = 0.30169853
  grid = 32 32 32
  stencil order = 5
  estimated absolute RMS force accuracy = 0.00030915727
  estimated relative force accuracy = 9.3101793e-07
  using double precision cuFFT
  3d grid and FFT values/proc = 59319 32768
Generated 10 of 10 mixed pair_coeff terms from sixthpower/sixthpower mixing rule
Neighbor list info ...
  update: every = 1 steps, delay = 0 steps, check = yes
  max neighbors/atom: 4000, page size: 100000
  master list distance cutoff = 11.5
  ghost atom cutoff = 11.5
  binsize = 11.5, bins = 4 4 4
  1 neighbor lists, perpetual/occasional/extra = 1 0 0
  (1) pair lj/class2/coul/long/kk, perpetual
      attributes: full, newton off, kokkos_device
      pair build: full/bin/kk/device
      stencil: full/bin/3d
      bin: kk/device
Per MPI rank memory allocation (min/avg/max) = 34.94 | 34.94 | 34.94 Mbytes
   Step          Time           Temp          Press         Enthalpy        TotEng         KinEng         PotEng         E_bond        E_angle        E_dihed        E_impro         E_vdwl         E_coul         E_long         E_tail         Volume           Lx             Ly             Lz          Density          Pxx            Pyy            Pzz      
         0   0              475.83554      274.57324      14996.549      14643.574      11345.585      3297.9897      4407.168       7911.5863     -9049.6274     -88.470215     -2411.1794      7999.869      -5471.3566     -473.23734      88147.325      44.50441       44.50441       44.50441       0.94645567     362.05639      1098.6879     -637.02461    
      1000   1000           475.74866     -578.73112      13777.71       14519.459      11343.513      3175.9455      4248.3301      8020.7206     -9105.574      -91.610407     -2454.6497      8019.1236     -5460.3947     -474.66154      87882.842      44.459854      44.459854      44.459854      0.94930402     214.23877     -792.75055     -1157.6816    
      2000   2000           474.19634     -1313.8693      12746.913      14431.083      11306.5        3124.5828      4208.8987      7893.9641     -9116.463      -89.102346     -2361.311       8045.1499     -5456.5535     -474.60286      87893.709      44.461686      44.461686      44.461686      0.94918665    -1931.419      -1498.9162     -511.27266    
      3000   3000           476.50689      154.55967      14935.721      14736.664      11361.592      3375.0721      4325.3523      7911.132      -9085.5352     -96.570872     -2268.158       8051.1701     -5462.3183     -472.37137      88308.921      44.531589      44.531589      44.531589      0.94472375     102.11228     -50.84143       412.40816    
      4000   4000           478.65891      158.82086      15004.869      14801.429      11412.904      3388.525       4294.8976      8158.7272     -9132.0979     -94.438647     -2377.5436      8003.6002     -5464.6199     -474.93562      87832.127      44.4513        44.4513        44.4513        0.94985216     1675.1936      58.894821     -1257.6258    
      5000   5000           472.24374     -647.02177      13737.364      14564.549      11259.943      3304.6059      4302.8114      8050.9587     -9039.3587     -89.701827     -2451.3836      7991.5416     -5460.2616     -475.86128      87661.274      44.422459      44.422459      44.422459      0.95170343    -254.76323     -188.31299     -1497.9891    
      6000   6000           477.63345     -1140.0214      13371.148      14841.171      11388.453      3452.7181      4344.7338      8010.9735     -9040.3233     -91.458965     -2324.1433      8019.6136     -5466.6771     -471.79469      88416.861      44.549725      44.549725      44.549725      0.94357043    -1368.0339     -744.30881     -1307.7216    
      7000   7000           472.2802      -955.75093      13251.873      14481.849      11260.813      3221.0363      4214.1064      7986.8005     -9092.9685     -91.52947      -2385.1678      8047.3686     -5457.5734     -472.72867      88242.175      44.520367      44.520367      44.520367      0.94543834    -388.70651     -966.35559     -1512.1907    
      8000   8000           472.27645      564.03629      15324.917      14605.646      11260.723      3344.9229      4290.8205      8046.3616     -9003.8956     -92.102991     -2427.7915      7996.8793     -5465.3484     -477.0664       87439.832      44.385022      44.385022      44.385022      0.95411363    -1736.8123      2433.8844      995.03684    
      9000   9000           477.62069     -500.65248      14036.235      14677.594      11388.149      3289.4455      4268.0879      8039.1966     -9063.0977     -87.727822     -2413.0041      8015.9829     -5469.9922     -474.89653      87839.358      44.45252       44.45252       44.45252       0.94977397    -350.28776     -1732.5184      580.84872    
     10000   10000          471.77167     -500.86019      14027.86       14670.497      11248.688      3421.8094      4316.1361      8174.9776     -9133.8152     -97.685079     -2396.4923      8019.2869     -5460.5986     -474.14889      87977.862      44.475872      44.475872      44.475872      0.94827873    -2172.0474     -393.16135      1062.6282    
     11000   11000          472.18382      638.91738      15596.728      14772.229      11258.515      3513.7143      4333.4399      8114.1161     -9034.2292     -101.15519     -2340.8467      8007.5694     -5465.18       -471.43135      88485.005      44.561167      44.561167      44.561167      0.94284376     995.87325      1050.2954     -129.41655    
     12000   12000          473.50954      296.41869      14972.881      14594.433      11290.124      3304.3089      4293.33        8100.1904     -9107.6195     -93.159223     -2424.4398      7997.5138     -5461.5068     -476.50096      87543.593      44.402571      44.402571      44.402571      0.95298277     613.24595      156.86202      119.1481     
     13000   13000          465.90796     -488.5026       13840.313      14465.353      11108.876      3356.4768      4316.3326      7971.4684     -9000.5033     -88.303565     -2376.0199      8001.6034     -5468.1009     -475.46987      87733.437      44.434645      44.434645      44.434645      0.95092063    -1278.7615     -692.19989      505.45355    
     14000   14000          474.80334      791.08695      15360.652      14355.637      11320.973      3034.6641      4223.7591      7944.9172     -9155.2845     -87.047761     -2422.7027      7996.9335     -5465.9107     -478.86816      87110.836      44.329285      44.329285      44.329285      0.95771708    -70.610789      1419.802       1024.0696    
     15000   15000          473.79401      1823.3207      17032.346      14692.23       11296.907      3395.3226      4320.4856      8156.2973     -9191.1204     -93.168328     -2359.8627      8017.5515     -5454.8602     -474.01243      88003.19       44.480139      44.480139      44.480139      0.94800581     2599.2166      54.628137      2816.1175    
     16000   16000          468.57438     -1210.6087      12916.179      14467.422      11172.453      3294.9689      4299.5664      7943.9364     -8983.7072     -89.318101     -2438.2858      8019.2215     -5456.4441     -474.77516      87861.812      44.456307      44.456307      44.456307      0.94953124    -73.884699     -2282.0219     -1275.9194    
     17000   17000          466.88876     -1114.6693      13113.096      14543.303      11132.262      3411.0406      4278.548       8253.6111     -9169.1452     -90.160532     -2413.5918      8011.8918     -5460.1128     -474.14529      87978.53       44.475984      44.475984      44.475984      0.94827153    -45.606949     -1061.5354     -2236.8656    
     18000   18000          478.74449      263.57278      15070.382      14733.792      11414.944      3318.8479      4297.2695      7898.8086     -8987.9928     -90.123266     -2322.3466      7990.7114     -5467.479      -476.39053      87563.886      44.406002      44.406002      44.406002      0.95276192    -1588.5725      981.74287      1397.548     
     19000   19000          474.28202     -544.31936      13865.832      14561.008      11308.543      3252.465       4185.7411      8157.187      -9103.8463     -91.317049     -2431.6707      8007.6844     -5471.3135     -476.34625      87572.024      44.407378      44.407378      44.407378      0.95267337    -1039.4894     -430.2098      -163.25886    
     20000   20000          473.58732     -1408.9641      12715.094      14513.142      11291.979      3221.1628      4291.2027      7924.2236     -8999.0385     -94.226175     -2412.9174      7982.6952     -5470.7766     -476.71919      87503.516      44.395795      44.395795      44.395795      0.95341923    -2151.4483     -1029.318      -1046.1259    
     21000   21000          473.15341     -1617.0993      12593.902      14674.323      11281.633      3392.6899      4329.4914      8138.1468     -9070.7835     -92.531167     -2441.5833      7998.0477     -5468.098      -472.87845      88214.225      44.515666      44.515666      44.515666      0.9457379     -3418.0937      151.70248     -1584.9065    
     22000   22000          476.71574      1692.3831      16633.148      14481.417      11366.572      3114.8454      4236.6729      7903.2812     -9046.7635     -88.442823     -2434.5004      8013.6964     -5469.0984     -478.49213      87179.293      44.340894      44.340894      44.340894      0.95696504     907.70672      2626.3211      1543.1213    
     23000   23000          474.35229     -2264.8116      11553.636      14464.685      11310.219      3154.4668      4293.2704      7944.8508     -9118.2967     -94.510361     -2403.2663      7997.438      -5465.019      -473.31086      88133.633      44.502105      44.502105      44.502105      0.9466027     -464.96765     -2978.1528     -3351.3142    
     24000   24000          474.40888      478.77818      15200.96       14592.048      11311.568      3280.4801      4299.464       7960.6409     -9026.0302     -85.828241     -2403.5297      7998.5081     -5462.7447     -478.34828      87205.51       44.345339      44.345339      44.345339      0.95667734    -1328.1384      869.03467      1895.4383    
     25000   25000          469.29238      86.799738      14674.968      14563.951      11189.573      3374.3787      4306.7759      8103.9849     -9110.1421     -91.704566     -2380.9073      8003.6626     -5457.2907     -475.65746      87698.837      44.428803      44.428803      44.428803      0.9512958      1115.6786     -1430.2734      574.99403    
     26000   26000          470.4417       319.40262      14953.737      14543.574      11216.976      3326.5977      4346.7063      7952.0794     -9035.8953     -90.84558      -2381.6782      8007.1723     -5470.9412     -473.74709      88052.48       44.488442      44.488442      44.488442      0.94747514     362.4813       1175.4922     -579.76566    
     27000   27000          474.90658     -505.51246      13766.612      14407.263      11323.435      3083.8287      4261.0452      7907.3593     -9030.4093     -90.118535     -2475.7811      7983.5471     -5471.8139     -480.03623      86898.869      44.2933        44.2933        44.2933        0.96005318    -431.95697     -151.75378     -932.82663    
     28000   28000          470.43353      534.93833      15194.311      14512.857      11216.782      3296.0749      4359.4227      8000.9356     -9080.788      -94.837316     -2402.5145      7980.1436     -5466.2872     -477.56309      87348.89       44.369629      44.369629      44.369629      0.955107      -104.05828      76.259508      1632.6138    
     29000   29000          474.38578      380.66504      15196.531      14715.115      11311.017      3404.0973      4422.9808      8042.3375     -9090.6324     -98.27683      -2412.0794      8010.5855     -5470.8178     -481.04589      86716.478      44.26229       44.26229       44.26229       0.96207246     503.16143     -445.08172      1083.9154    
     30000   30000          477.87862      556.67803      15190.815      14485.676      11394.299      3091.3776      4242.8552      7923.9799     -9062.9516     -90.02498      -2471.9492      8011.2545     -5461.7862     -480.27928      86854.893      44.285827      44.285827      44.285827      0.96053926     1151.4373      1604.5003     -1085.9034    
     31000   31000          472.72561     -309.99483      14228.991      14625.135      11271.433      3353.7018      4382.6602      8090.4409     -9055.8619     -88.890487     -2507.5832      8006.5556     -5473.6193     -476.06436      87623.879      44.416141      44.416141      44.416141      0.95210959    -525.84782     -594.31078      190.17412    
     32000   32000          466.79519     -412.91493      13863.905      14388.786      11130.031      3258.755       4242.2575      8107.1108     -9176.7546     -95.91652      -2382.1176      8027.9587     -5463.7833     -478.59017      87161.434      44.337866      44.337866      44.337866      0.95716111    -867.61252     -549.52064      178.38837    
     33000   33000          478.46186     -5.1650958      14590.854      14597.474      11408.205      3189.2689      4236.2709      8075.8492     -9112.5582     -95.1317       -2447.3615      7999.4071     -5467.2069     -474.66903      87881.457      44.45962       44.45962       44.45962       0.94931898    -848.7549       841.63179     -8.3721865    
     34000   34000          476.90672     -632.93341      13802.144      14615.813      11371.125      3244.6881      4235.5553      8072.7761     -9155.613      -92.714539     -2351.0448      8002.0315     -5466.3025     -473.23184      88148.35       44.504582      44.504582      44.504582      0.94644466    -1143.8961     -469.74129     -285.16286    
     35000   35000          468.47683      1222.2263      15833.897      14267.05       11170.127      3096.9227      4267.7758      8041.5455     -9242.1662     -88.708402     -2400.4128      7988.0794     -5469.1907     -474.55771      87902.072      44.463096      44.463096      44.463096      0.94909634     2268.8308     -425.99536      1823.8433    
     36000   36000          464.82213     -538.5168       13817.151      14503.678      11082.986      3420.6917      4270.6313      8218.2917     -9078.2057     -92.300524     -2436.4264      7998.8241     -5460.1228     -477.20584      87414.282      44.380698      44.380698      44.380698      0.9543925     -1425.4226     -495.95634      305.8285     
     37000   37000          470.81491      696.73713      15282.642      14399.785      11225.875      3173.9095      4181.6858      8051.1571     -9035.3269     -89.953564     -2472.8842      8011.4811     -5472.2498     -480.11211      86885.136      44.290967      44.290967      44.290967      0.96020492     1926.2461      498.28022     -334.31496    
     38000   38000          473.6473      -7.1116663      14547.488      14556.633      11293.409      3263.2234      4301.0527      7861.983      -9002.7245     -89.765211     -2342.7825      8003.0982     -5467.6383     -473.11081      88170.899      44.508377      44.508377      44.508377      0.94620261    -36.885565     -7.1287005      22.679267    
     39000   39000          468.54385      741.16272      15306.639      14366.679      11171.725      3194.9541      4308.9402      7933.085      -9105.9195     -88.40555      -2394.4384      8007.4479     -5465.7554     -479.69854      86960.043      44.303692      44.303692      44.303692      0.95937781    -79.654283      271.16566      2031.9768    
     40000   40000          473.07342     -40.981904      14415.918      14468.317      11279.726      3188.5912      4250.8083      8103.6496     -9209.2738     -96.260772     -2431.122       8036.055      -5465.2652     -475.80916      87670.875      44.42408       44.42408       44.42408       0.95159921     37.938943     -338.38068      177.49603    
     41000   41000          469.28963     -1531.0399      12376.14       14314.785      11189.507      3125.2782      4332.5852      7878.1018     -9010.169      -90.39094      -2520.4804      8006.4833     -5470.8518     -480.4544       86823.236      44.280446      44.280446      44.280446      0.96088949     483.86551     -1976.2384     -3100.7468    
     42000   42000          469.22001     -1035.0527      13159.565      14480.245      11187.847      3292.3979      4330.3434      7890.9528     -9026.0039     -93.139207     -2340.821       8002.0996     -5471.0337     -476.79214      87490.13       44.393531      44.393531      44.393531      0.95356511    -2696.6072      827.01205     -1235.5631    
     43000   43000          475.00703      72.666086      14503.127      14409.966      11325.83       3084.1358      4185.673       7874.1492     -9013.6111     -94.418869     -2416.9922      8009.6148     -5460.279      -474.52754      87907.661      44.464039      44.464039      44.464039      0.94903601     160.00495      890.84848     -832.85517    
     44000   44000          472.2738       447.3981       14988.963      14423.435      11260.66       3162.7747      4344.5526      7927.5968     -9109.5343     -94.58515      -2473.3845      8025.517      -5457.3877     -481.287        86673.037      44.254897      44.254897      44.254897      0.96255465    -139.86846      896.47547      585.58728    
     45000   45000          478.02644     -958.08067      13271.932      14499.92       11397.823      3102.0966      4245.9808      7825.037      -9073.0421     -89.921501     -2366.7068      8013.9419     -5453.1927     -474.64861      87885.237      44.460258      44.460258      44.460258      0.94927816    -2218.0381      112.99369     -769.1976     
     46000   46000          471.30296      613.51813      15346.706      14565.557      11237.512      3328.0451      4298.3604      8156.5662     -9138.5835     -96.650267     -2429.4906      8006.6041     -5468.7613     -477.81273      87303.254      44.361901      44.361901      44.361901      0.95560625     1335.8713     -482.64589      987.32893    
     47000   47000          474.96821     -987.21674      13222.059      14479.377      11324.904      3154.473       4231.8166      8077.3443     -9061.9513     -91.470808     -2549.8787      8012.0004     -5463.3874     -477.67371      87328.662      44.366204      44.366204      44.366204      0.95532822    -2132.6942     -597.97215     -230.98382    
     48000   48000          469.36636     -315.3683       14140.13       14547.775      11191.337      3356.4382      4396.5838      8035.4998     -9188.3323     -95.880562     -2317.0968      7986.7556     -5461.0913     -470.65223      88631.485      44.585743      44.585743      44.585743      0.94128554    -396.56892      61.18099      -610.71697    
     49000   49000          470.7064      -592.14471      13727.481      14478.436      11223.288      3255.1485      4308.7657      7918.9268     -9055.7852     -89.105777     -2389.094       8020.2013     -5458.7602     -479.7087       86958.201      44.303379      44.303379      44.303379      0.95939813    -272.73703      1169.4015     -2673.0986    
     50000   50000          473.83143     -77.81325       14386.192      14485.408      11297.8        3187.6088      4217.4124      7977.5025     -9097.5778     -92.036973     -2363.2849      8006.9317     -5461.3383     -477.12645      87428.826      44.38316       44.38316       44.38316       0.95423373     465.89052     -1402.0814      702.75115    
     51000   51000          472.19811     -362.31961      13958.634      14421.137      11258.855      3162.281       4243.7627      7917.8906     -9078.9212     -92.429499     -2387.4133      8014.555      -5455.1633     -476.58663      87527.856      44.399911      44.399911      44.399911      0.95315411    -1062.3009     -449.58496      424.92705    
     52000   52000          464.89915      75.656873      14210.085      14114.35       11084.823      3029.5279      4202.1443      7897.5751     -9076.1066     -95.733805     -2435.5241      7997.8278     -5460.6549     -480.7773       86764.924      44.270531      44.270531      44.270531      0.96153528     839.90078     -283.61999     -329.31017    
     53000   53000          473.41374      750.14089      15449          14493.226      11287.84       3205.3858      4286.304       7933.3071     -9029.5015     -88.096168     -2448.9639      8009.034      -5456.6978     -477.47617      87364.791      44.372321      44.372321      44.372321      0.95493316     1353.8787     -180.18098      1076.725     
     54000   54000          464.51388      652.85749      14977.229      14150.367      11075.636      3074.7304      4218.3431      7900.6936     -9078.9894     -89.589252     -2394.6663      7989.2963     -5470.3577     -480.34063      86843.801      44.283942      44.283942      44.283942      0.96066195     878.76173     -491.00358      1570.8143    
     55000   55000          472.03183      1007.3857      15877.483      14584.89       11254.891      3329.9995      4283.3887      8099.7547     -9093.5916     -92.232826     -2416.555       8006.9252     -5457.6896     -474.13083      87981.214      44.476437      44.476437      44.476437      0.9482426     -459.03891      2502.8014      978.39472    
     56000   56000          471.06001     -1219.4855      12747.515      14309.492      11231.719      3077.7727      4200.8434      7894.2833     -9029.4413     -94.257997     -2460.3964      8021.7005     -5454.9589     -474.97003      87825.764      44.450227      44.450227      44.450227      0.94992097    -475.95543     -917.85021     -2264.6508    
     57000   57000          460.65913      237.12288      14668.046      14362.864      10983.726      3379.1386      4348.8484      8072.4819     -9104.0571     -98.07772      -2369.3575      7997.193      -5467.8925     -472.69205      88249.01       44.521516      44.521516      44.521516      0.94536511     1335.5691     -745.92945      121.72896    
     58000   58000          464.38884      59.946192      14295.811      14219.126      11072.655      3146.4709      4230.9045      7895.1731     -9034.1181     -90.043437     -2412.1446      8017.7945     -5461.0951     -475.57023      87714.923      44.431519      44.431519      44.431519      0.95112134     475.24224      640.32666     -935.73032    
     59000   59000          468.45648      905.1955       15416.013      14250.054      11169.642      3080.4123      4170.5324      8000.6352     -9157.7505     -89.276703     -2382.6628      8002.6999     -5463.7651     -472.3058       88321.181      44.53365       44.53365       44.53365       0.94459262     1272.1143     -567.3165       2010.7887    
     60000   60000          472.73584      407.71726      15033.008      14510.619      11271.677      3238.9417      4222.8312      7905.5281     -8990.7658     -91.435492     -2370.4757      8018.7043     -5455.4449     -474.81986      87853.54       44.454912      44.454912      44.454912      0.94962064     1032.4902     -1264.9159      1455.5775    
     61000   61000          469.18551      1327.6935      15947.351      14258.282      11187.024      3071.2574      4158.9159      7987.3405     -9088.8001     -89.532694     -2429.864       8005.8878     -5472.6901     -478.20521      87231.601      44.349761      44.349761      44.349761      0.9563912      673.36428      1774.9129      1534.8034    
     62000   62000          472.45495      806.39685      15467.349      14441.859      11264.979      3176.8794      4294.8992      7931.2793     -9046.7576     -93.266929     -2413.7119      7980.3242     -5475.8869     -478.38911      87198.068      44.344077      44.344077      44.344077      0.95675899     251.40989      2315.3222     -147.54156    
     63000   63000          471.82255      726.09134      15138.443      14211.94       11249.901      2962.0395      4159.183       7933.9708     -9095.2331     -91.031984     -2468.2837      7993.8834     -5470.4488     -476.7697       87494.247      44.394227      44.394227      44.394227      0.95352024     658.75007     -961.39121      2480.9152    
     64000   64000          473.67352      935.9889       15412.435      14220.567      11294.034      2926.5324      4198.2746      7866.2677     -9169.7725     -96.581192     -2386.5028      7990.4903     -5475.6436     -477.75624      87313.576      44.363649      44.363649      44.363649      0.95549328     114.76437      1482.0658      1211.1366    
     65000   65000          476.27341     -575.27199      13904.654      14636.126      11356.025      3280.1007      4334.4966      7976.0719     -9030.5102     -86.033062     -2419.143       7985.2598     -5480.0413     -478.4533       87186.369      44.342094      44.342094      44.342094      0.95688737    -893.75088      263.39493     -1095.46      
     66000   66000          462.66089     -335.06534      13715.814      14144.986      11031.455      3113.5311      4339.0322      7907.4355     -9084.2926     -95.771169     -2458.7629      7981.8752     -5475.9851     -474.96636      87826.442      44.450341      44.450341      44.450341      0.94991364    -16.771158      754.7008      -1743.1257    
     67000   67000          472.22937      671.92606      15122.508      14261.61       11259.601      3002.0094      4176.2612      7985.3506     -9083.3107     -94.394026     -2480.8984      7969.9077     -5470.9069     -474.82523      87852.546      44.454744      44.454744      44.454744      0.94963139    -1224.5142      1540.676       1699.6163    
     68000   68000          460.89208     -142.83135      14299.963      14481.889      10989.28       3492.6087      4385.2413      8183.869      -9106.8548     -94.959592     -2379.6176      7974.4956     -5469.5651     -477.63058      87336.547      44.367539      44.367539      44.367539      0.95524197     26.907208     -146.58909     -308.81218    
     69000   69000          463.0703      -713.90149      13380.902      14293.336      11041.217      3252.1193      4293.3685      7900.7828     -9071.2093     -91.113163     -2316.3315      7997.7191     -5461.0972     -475.99349      87636.925      44.418345      44.418345      44.418345      0.95196785    -17.166253      1117.2428     -3241.7811    
     70000   70000          462.10653      498.95525      14862.852      14229.863      11018.237      3211.6263      4283.6077      7989.017      -9066.7692     -84.371553     -2399.3574      7962.3214     -5472.8216     -479.54535      86987.822      44.308409      44.308409      44.308409      0.95907143     1121.0036      819.43647     -443.5743     
     71000   71000          462.87695     -667.57516      13294.713      14154.322      11036.606      3117.7159      4152.6961      7989.0517     -9054.8651     -94.722342     -2390.8298      7985.4456     -5469.0602     -472.45793      88292.741      44.528869      44.528869      44.528869      0.94489687    -2657.6456      1088.3805     -433.46031    
     72000   72000          462.40913      433.07248      14722.974      14167.44       11025.452      3141.9884      4358.1917      7901.17       -9084.9242     -87.718341     -2474.8319      7995.2048     -5465.1036     -474.25725      87957.761      44.472484      44.472484      44.472484      0.94849545     359.0411       664.00707      276.16928    
     73000   73000          470.76244      1501.7877      16228.93       14316.711      11224.624      3092.0866      4142.4236      7957.6254     -9133.5944     -87.76148      -2328.9158      8003.1808     -5460.8716     -477.78753      87307.858      44.36268       44.36268       44.36268       0.95555586    -573.5223       3172.8847      1906.0007    
     74000   74000          467.82577     -230.39068      14001.085      14294.124      11154.604      3139.5208      4209.1207      7948.9944     -9025.9872     -88.690763     -2437.2241      7999.1305     -5465.8228     -478.30232      87213.889      44.346759      44.346759      44.346759      0.95658542     283.97797      526.94545     -1502.0955    
     75000   75000          467.17875     -1203.3672      12646.05       14178.927      11139.176      3039.751       4226.6233      7973.4978     -9123.117      -87.179713     -2488.2406      8005.4865     -5467.3191     -477.5895       87344.06       44.368811      44.368811      44.368811      0.95515981    -1425.6904     -773.89818     -1410.5129    
     76000   76000          465.41554      1402.8807      15940.655      14145.794      11097.135      3048.6584      4136.6173      7886.5962     -9053.8315     -85.263562     -2392.1619      8015.9631     -5459.2613     -475.50363      87727.209      44.433593      44.433593      44.433593      0.95098815     1676.7731      793.29177      1738.5773    
     77000   77000          467.5624      -100.73594      13970.281      14097.293      11148.324      2948.969       4109.8977      7746.9532     -8948.6773     -89.475751     -2436.705       8022.3426     -5455.3664     -482.50806      86453.698      44.217535      44.217535      44.217535      0.96499673    -255.40371      41.562365     -88.366471    
     78000   78000          464.32663     -2086.5237      11740.57       14400.447      11071.172      3329.2747      4419.8937      7994.111      -9099.843      -93.94604      -2433.1241      8005.3057     -5463.1226     -477.228        87410.223      44.380011      44.380011      44.380011      0.95443682    -2941.2612     -1948.9206     -1369.3892    
     79000   79000          468.52557      1200.6094      15742.672      14225.334      11171.289      3054.0443      4212.0542      8006.9186     -9086.1985     -91.926666     -2524.3729      8002.8552     -5465.2857     -481.37487      86657.215      44.252204      44.252204      44.252204      0.96273041     2034.6737     -156.89713      1724.0516    
     80000   80000          460.16047     -611.22631      13207.641      13989.602      10971.836      3017.7663      4266.5846      7800.0252     -9049.5004     -89.264008     -2474.1646      8023.2408     -5459.1552     -475.53319      87721.755      44.432673      44.432673      44.432673      0.95104726    -789.13143     -560.00581     -484.54169    
     81000   81000          468.76207      1032.0716      15581.749      14269.051      11176.928      3092.1225      4229.5678      7871.1242     -9098.7399     -90.064799     -2350.7285      8001.5452     -5470.5814     -478.30959      87212.565      44.346534      44.346534      44.346534      0.95659995     255.10984      1712.0374      1129.0675    
     82000   82000          466.19568     -585.51102      13582.668      14325.827      11115.737      3210.09        4319.8161      7911.3497     -8981.0198     -89.275564     -2467.7422      7993.2215     -5476.2597     -479.31134      87030.291      44.315618      44.315618      44.315618      0.95860343     465.67968     -1607.9352     -614.27756    
     83000   83000          473.696        1066.417       15780.652      14426.613      11294.57       3132.0428      4286.8132      7962.1842     -9097.4212     -88.660329     -2471.5069      8013.8419     -5473.2081     -479.13732      87061.9        44.320983      44.320983      44.320983      0.95825539     2204.1504      1117.7994     -122.69891    
     84000   84000          465.36424     -485.41176      13552.539      14169.907      11095.912      3073.9955      4240.0897      7898.7327     -9020.4578     -92.239354     -2469.9587      7988.1438     -5470.3148     -478.33266      87208.358      44.345821      44.345821      44.345821      0.9566461      310.46572     -208.66842     -1558.0326    
     85000   85000          465.15273      48.618954      14203.897      14141.665      11090.869      3050.7956      4225.2838      7847.2631     -9030.2606     -94.214223     -2435.8836      8002.9228     -5464.3156     -475.28358      87767.824      44.440449      44.440449      44.440449      0.95054807    -503.8069      -501.11382      1150.7776    
     86000   86000          473.79114      992.28903      15606.038      14335.97       11296.839      3039.1309      4145.635       7916.2135     -9030.305      -87.885891     -2450.7651      8009.7957     -5463.5573     -475.30817      87763.284      44.439683      44.439683      44.439683      0.95059724     1577.633       1244.5415      154.69255    
     87000   87000          464.77526     -395.72892      13590.374      14094.059      11081.869      3012.1905      4224.2045      7883.7076     -9066.569      -88.022285     -2492.8287      8013.3655     -5461.667      -477.97166      87274.225      44.356983      44.356983      44.356983      0.95592411    -914.80076     -1319.4633      1047.0773    
     88000   88000          472.93638      839.48247      15630.314      14554.849      11276.458      3278.3906      4249.6543      8008.4418     -9103.9499     -88.225197     -2313.748       7990.9273     -5464.7097     -474.87506      87843.329      44.45319       44.45319       44.45319       0.94973103     759.14455      690.85579      1068.4471    
     89000   89000          462.4423      -952.67495      13017.018      14244.412      11026.243      3218.1697      4189.0999      7998.3893     -9036.819      -91.535995     -2398.1571      8015.5264     -5458.3339     -472.1984       88341.269      44.537026      44.537026      44.537026      0.94437782    -1261.3428      406.42683     -2003.1089    
     90000   90000          466.42405     -695.9304       13403.431      14291.704      11121.182      3170.522       4183.6106      8083.1292     -9086.2441     -85.366764     -2467.3647      8011.7662     -5469.0083     -476.63221      87519.485      44.398495      44.398495      44.398495      0.95324527    -902.87258      492.5504      -1677.469     
     91000   91000          462.70574     -1047.4907      12733.049      14069.711      11032.524      3037.1866      4178.4996      7986.2034     -9073.8022     -89.436781     -2482.5837      7993.6762     -5475.3699     -476.7522       87497.459      44.39477       44.39477       44.39477       0.95348524    -2286.6117     -481.91356     -373.94674    
     92000   92000          466.4202       842.45108      15130.882      14052.78       11121.09       2931.6904      4122.011       7800.6602     -9046.9077     -91.747591     -2403.8284      8016.0668     -5464.564      -475.38864      87748.428      44.437176      44.437176      44.437176      0.95075818     1507.0585     -808.31286      1828.6076    
     93000   93000          467.34204     -51.285407      14096.919      14162.338      11143.07       3019.2684      4106.2305      7997.0109     -9085.7625     -91.101709     -2459.1556      8010.2787     -5458.2319     -476.92971      87464.892      44.389262      44.389262      44.389262      0.95384026    -1499.9829      1876.8158     -530.68914    
     94000   94000          469.95189     -904.23362      13142.774      14309.307      11205.298      3104.0091      4268.9922      7853.7817     -9090.03       -96.320239     -2394.7262      8024.8676     -5462.556      -471.57155      88458.698      44.556751      44.556751      44.556751      0.94312416    -415.88796     -1659.6143     -637.19855    
     95000   95000          462.85448     -403.40577      13586.179      14102.581      11036.071      3066.5105      4189.8677      7868.9848     -9035.6214     -93.448526     -2422.9482      8024.7997     -5465.1235     -475.24587      87774.79       44.441625      44.441625      44.441625      0.95047263    -810.29058     -70.378305     -329.54843    
     96000   96000          464.33643     -72.730568      14112.962      14205.998      11071.406      3134.5929      4207.13        7957.294      -9124.2294     -88.837213     -2391.9115      8031.3319     -5456.1848     -475.58679      87711.869      44.431003      44.431003      44.431003      0.95115446    -225.61618     -1280.1032      1287.5277    
     97000   97000          460.99788     -32.765985      13913.414      13955.122      10991.803      2963.3192      4236.4113      7827.3098     -9091.77       -88.156288     -2483.7841      8026.7949     -5463.4863     -477.92962      87281.902      44.358284      44.358284      44.358284      0.95584003     863.70516      463.08421     -1425.0873    
     98000   98000          467.23199      740.95461      15111.132      14165.701      11140.446      3025.2555      4141.1871      7915.4434     -9118.7425     -92.425268     -2380.3512      8019.5496     -5459.4057     -476.78847      87490.802      44.393645      44.393645      44.393645      0.95355778     424.30803      118.30922      1680.2466    
     99000   99000          465.35692      679.21825      15211.715      14353.889      11095.738      3258.1512      4335.4086      8044.7621     -9120.3884     -93.188825     -2461.8504      8015.5937     -5462.1856     -481.69691      86599.28       44.242341      44.242341      44.242341      0.96337446    -825.75552      1778.7499      1084.6604    
    100000   100000         465.74337     -936.15478      13055.406      14267.161      11104.952      3162.2093      4165.6674      8051.5998     -9064.9012     -95.474642     -2425.9146      7996.7986     -5465.566      -469.99905      88754.661      44.606388      44.606388      44.606388      0.93997921     254.62893     -2547.8069     -515.2864     
    101000   101000         469.21144      486.07574      14730.836      14118.099      11187.643      2930.4567      4100.6801      8019.8987     -9110.5096     -92.756927     -2502.4853      7985.1506     -5469.5209     -482.60763      86435.86       44.214493      44.214493      44.214493      0.96519588    -622.69283      617.38543      1463.5346    
    102000   102000         464.92236      923.23297      15475.802      14298.961      11085.376      3213.585       4246.0171      8061.6296     -9133.7318     -94.462622     -2405.0924      8010.9703     -5471.7452     -477.26293      87403.824      44.378928      44.378928      44.378928      0.95450669     1683.0723      2227.5038     -1140.8771    
    103000   103000         465.53767     -69.276271      14008.735      14097.644      11100.047      2997.5963      4142.0368      7906.8345     -9076.4716     -92.516776     -2430.0891      8006.4476     -5458.6452     -474.03123      87999.699      44.479551      44.479551      44.479551      0.94804341    -223.3763       1560.6538     -1545.1063    
    104000   104000         463.87296      201.02091      14185.872      13931.033      11060.355      2870.6777      4041.7461      7880.9408     -9037.1568     -88.591936     -2458.1545      7995.166      -5463.2719     -479.88638      86926.004      44.29791       44.29791       44.29791       0.95975348    -365.09734     -166.65851      1134.8186    
    105000   105000         471.27354     -401.21179      13805.427      14317.864      11236.81       3081.0537      4262.8885      7863.7534     -9116.5607     -90.178175     -2392.5292      8009.481      -5455.8011     -476.3185       87577.128      44.40824       44.40824       44.40824       0.95261786    -24.197941     -1036.5785     -142.85891    
    106000   106000         457.64587     -1329.5781      12247.691      13945.22       10911.879      3033.3405      4167.526       7902.8125     -9078.0041     -90.311391     -2404.6525      8004.2048     -5468.2347     -476.4976       87544.21       44.402676      44.402676      44.402676      0.95297606    -2376.0486     -1218.6501     -394.03573    
    107000   107000         467.81943     -123.93267      13928.315      14087.591      11154.452      2933.1384      4188.9166      7701.361      -9027.1436     -92.9295       -2375.2586      8005.3286     -5467.1362     -473.37049      88122.531      44.500237      44.500237      44.500237      0.94672196     500.52659     -1002.885       130.56043    
    108000   108000         469.58728      255.02638      14644.381      14321.334      11196.604      3124.7298      4230.8225      8016.6523     -9095.316      -89.726799     -2482.4849      8007.8227     -5463.04       -480.26747      86857.03       44.286191      44.286191      44.286191      0.96051563    -424.21172      2167.9465     -978.65564    
    109000   109000         459.33915      426.53061      14362.004      13818.371      10952.253      2866.1178      4086.7731      7743.4921     -9060.8104     -87.800296     -2362.022       8013.7114     -5467.2262     -477.31828      87393.689      44.377213      44.377213      44.377213      0.95461739    -780.75106      2249.994      -189.65112    
    110000   110000         462.20445     -2115.1433      11538.918      14225.026      11020.572      3204.454       4280.6054      8035.8534     -9112.3006     -90.696613     -2449.5381      8005.4388     -5464.9083     -479.0495       87077.861      44.323691      44.323691      44.323691      0.95807975    -1436.4954     -3101.2991     -1807.6354    
    111000   111000         461.95949     -146.50945      13677.55       13862.353      11014.731      2847.622       4126.2093      7812.557      -9086.8732     -83.806573     -2467.6285      8012.2511     -5465.0872     -482.30531      86490.041      44.22373       44.22373       44.22373       0.96459123    -2071.1592      1656.4199     -24.789131    
    112000   112000         462.34048     -124.70286      13678.287      13836.788      11023.815      2812.9732      4197.821       7816.3488     -9142.6144     -84.94593      -2551.8216      8039.7943     -5461.6089     -478.63895      87152.552      44.33636       44.33636       44.33636       0.95725866    -169.69969     -656.21425      451.80537    
    113000   113000         461.02498     -1071.1087      12730.393      14093.291      10992.449      3100.8424      4273.3975      7994.7562     -9141.9227     -87.349423     -2486.5863      8010.4885     -5461.9413     -478.11709      87247.678      44.352485      44.352485      44.352485      0.95621497    -583.47696     -1771.6297     -858.21934    
    114000   114000         459.936        200.85748      14185.321      13928.539      10966.484      2962.0556      4235.4679      7814.6131     -9123.5388     -88.451021     -2450.1209      8032.2745     -5458.189      -475.86923      87659.809      44.422211      44.422211      44.422211      0.95171933    -92.381769      1779.9918     -1085.0376    
    115000   115000         459.58783     -633.9226       13392.467      14202.994      10958.182      3244.8114      4282.0673      7959.3449     -9029.726      -87.197016     -2430.9235      8017.0058     -5465.7601     -475.80901      87670.904      44.424085      44.424085      44.424085      0.9515989     -1038.2441      604.65198     -1468.1757    
    116000   116000         468.7498       1106.4854      15659.785      14260.177      11176.636      3083.5417      4258.0255      8047.2129     -9192.2617     -91.585434     -2488.964       8016.3203     -5465.2059     -480.95388      86733.069      44.265112      44.265112      44.265112      0.96188843     497.81582      912.91822      1908.7222    
    117000   117000         465.04387      1248.2795      15635.32       14059.729      11088.273      2971.4561      4276.2418      7939.7024     -9137.4934     -90.931782     -2543.4232      8001.3742     -5474.0139     -481.98396      86547.706      44.233556      44.233556      44.233556      0.96394855     1271.2271      676.8898       1796.7215    
    118000   118000         454.60026      298.32109      14155.893      13777.149      10839.261      2937.8876      4224.296       7907.1084     -9165.0902     -89.862087     -2465.3965      7995.0362     -5468.2043     -479.18335      87053.538      44.319564      44.319564      44.319564      0.95834744     1516.3573      607.93738     -1229.3314    
    119000   119000         459.31058      1239.3134      15458.17       13912.982      10951.572      2961.4106      4200.3211      7926.8286     -9091.8314     -93.888827     -2490.3337      7984.8515     -5474.5367     -487.93716      85491.758      44.052925      44.052925      44.052925      0.97585472     1121.237       1334.6582      1262.0449    
    120000   120000         464.20652      835.662        15029.687      13977.984      11068.308      2909.6758      4142.2885      7909.8903     -9100.2876     -94.197803     -2475.627       7998.2731     -5470.6637     -483.3944       86295.178      44.190493      44.190493      44.190493      0.96676938     1432.0637      391.45856      683.46377    
    121000   121000         455.41395     -153.647        13613.149      13805.702      10858.662      2947.0391      4292.3469      7881.378      -9156.2923     -91.829589     -2514.2251      8008.6387     -5472.9775     -485.44335      85930.945      44.128232      44.128232      44.128232      0.97086719    -658.392        353.35506     -155.90407    
    122000   122000         460.08026      810.93963      15078.027      14050.096      10969.923      3080.1722      4261.7609      7997.201      -9152.7148     -93.477292     -2465.7495      8001.8796     -5468.7276     -479.94155      86916.013      44.296213      44.296213      44.296213      0.95986381     1483.1934      56.787487      892.83803    
    123000   123000         460.38269     -841.51491      12791.754      13865.872      10977.135      2888.7375      4109.4822      7809.9363     -9015.8989     -89.153423     -2459.0338      8000.146      -5466.7409     -476.62193      87521.373      44.398814      44.398814      44.398814      0.95322471    -1131.5684     -98.984861     -1293.9915    
    124000   124000         466.64882     -299.66291      13681.293      14059.614      11126.541      2933.0732      4170.4566      7939.642      -9126.7951     -90.127566     -2480.1352      7992.0509     -5472.0184     -481.8774       86566.844      44.236816      44.236816      44.236816      0.96373544    -1829.6301      626.41187      304.22953    
    125000   125000         468.16731      1345.8301      15693.323      14006.192      11162.747      2843.4447      4132.0738      7776.841      -9056.0784     -86.838491     -2461.8067      8006.5782     -5467.3248     -485.2945       85957.301      44.132743      44.132743      44.132743      0.9705695      985.56955      1630.9331      1420.9878    
    126000   126000         463.68565     -273.687        13720.383      14067.394      11055.889      3011.5055      4234.3441      8008.2727     -9079.3802     -95.576505     -2585.8725      7992.9712     -5463.2534     -479.81622      86938.716      44.30007       44.30007       44.30007       0.95961315    -1064.1105      722.72931     -479.67979    
    127000   127000         458.18135      811.96035      14838.756      13816.422      10924.647      2891.7751      4112.3935      7973.7657     -9135.2767     -93.07393      -2492.0509      7994.7422     -5468.7247     -483.17653      86334.089      44.197134      44.197134      44.197134      0.96633365    -213.2448       688.28175      1960.8441    
    128000   128000         458.71499     -253.57817      13362.638      13683.364      10937.371      2745.9934      4093.7879      7853.8984     -9048.5069     -87.5298       -2597.1289      8001.8355     -5470.3629     -480.99655      86725.375      44.263803      44.263803      44.263803      0.96197376     315.40585     -2331.4575      1255.3172    
    129000   129000         463.70044      675.45494      14829.544      13983.678      11056.241      2927.4372      4160.2514      7932.4016     -9060.6381     -90.421292     -2534.6931      7989.3578     -5468.821      -485.8018       85867.541      44.117376      44.117376      44.117376      0.97158408     136.09338      1500.8331      389.43837    
    130000   130000         463.55511     -488.00628      13352.278      13974.49       11052.776      2921.7142      4167.1465      7858.326      -9117.0241     -90.132989     -2412.0597      7985.4145     -5469.9561     -477.14555      87425.326      44.382567      44.382567      44.382567      0.95427194    -17.985716     -693.9178      -752.11534    
    131000   131000         465.28019     -438.89055      13332.061      13887.353      11093.908      2793.445       4233.4221      7750.7267     -9129.0696     -88.211675     -2487.8051      7981.1313     -5466.7486     -480.83792      86753.986      44.268671      44.268671      44.268671      0.96165651    -1719.4431      469.24946     -66.478047    
    132000   132000         459.45935     -484.09678      13233.447      13850.894      10955.119      2895.7756      4198.2617      7908.5573     -9170.7726     -86.052792     -2489.8487      8005.9078     -5470.277      -476.97532      87456.528      44.387847      44.387847      44.387847      0.95393148     439.77422     -1283.863      -608.20154    
    133000   133000         460.04166     -899.03431      12678.546      13811.097      10969.003      2842.0938      4183.2463      8045.016      -9251.481      -92.075341     -2543.1936      7975.5556     -5474.9741     -482.9284       86378.449      44.204702      44.204702      44.204702      0.96583739    -904.61117     -499.60305     -1292.8887    
    134000   134000         463.74018      431.31582      14452.651      13909.351      11057.189      2852.1621      4120.4221      7999.2271     -9195.0301     -86.879239     -2501.8848      7985.7068     -5469.3998     -482.9692       86371.151      44.203457      44.203457      44.203457      0.96591899     1278.3248     -965.65746      981.28016    
    135000   135000         460.05653     -1144.5057      12225.697      13670.534      10969.358      2701.1758      4137.2887      7898.3479     -9149.215      -89.314236     -2620.1893      7993.211      -5468.9534     -481.90695      86561.537      44.235912      44.235912      44.235912      0.96379453    -1179.6243     -446.92119     -1806.9715    
    136000   136000         464.84295      467.84944      14478.262      13893.349      11083.483      2809.8666      4128.0037      7824.3725     -9052.3709     -84.213058     -2532.5926      7998.0814     -5471.4144     -486.60748      85725.368      44.093014      44.093014      44.093014      0.97319541     820.7599       879.95738     -297.16896    
    137000   137000         454.19063     -467.26803      13055.125      13642.834      10829.494      2813.3397      4162.4803      7696.0041     -9008.2043     -82.937609     -2484.31        7996.0648     -5465.7575     -483.69064      86242.326      44.181469      44.181469      44.181469      0.96736185    -453.53457     -1270.269       321.99952    
    138000   138000         459.61371     -953.49414      12649.03       13849.641      10958.799      2890.8422      4102.1803      7900.4848     -9073.6138     -89.997345     -2479.3936      7994.6126     -5463.4307     -483.14741      86339.294      44.198022      44.198022      44.198022      0.9662754      419.9772      -1561.7148     -1718.7449    
    139000   139000         467.21995     -1040.9953      12638.568      13967.46       11140.159      2827.3016      4123.8192      7891.0234     -9085.2058     -93.97982      -2509.1187      7972.2904     -5471.527      -476.56587      87531.668      44.400555      44.400555      44.400555      0.9531126     -1952.2234     -1258.7147      87.952069    
    140000   140000         460.81137     -1974.477       11266.316      13775.562      10987.356      2788.2068      4085.5834      7888.0071     -9114.5782     -89.469665     -2479.3506      7970.5951     -5472.5803     -478.71035      87139.553      44.334156      44.334156      44.334156      0.95740146    -1271.8512     -1182.5776     -3469.0023    
    141000   141000         466.27451     -163.27165      13860.698      14066.34       11117.616      2948.7239      4185.455       7820.6171     -9079.5328     -96.592823     -2393.6769      7982.4165     -5469.9621     -483.01803      86362.419      44.201967      44.201967      44.201967      0.96601666     636.6755       184.51053     -1311.001     
    142000   142000         463.27441      110.45294      14007.036      13866.042      11046.083      2819.9587      4177.1599      7741.6159     -9089.3584     -85.952062     -2437.6564      7983.3083     -5469.1585     -476.58452      87528.244      44.399976      44.399976      44.399976      0.95314988     617.3907       216.53682     -502.56869    
    143000   143000         457.64351     -225.38595      13452.95       13740.218      10911.823      2828.3948      4248.1368      7835.512      -9200.3684     -91.311503     -2486.7236      7995.9801     -5472.8306     -477.31419      87394.439      44.37734       44.37734       44.37734       0.9546092      221.06201      631.33386     -1528.5537    
    144000   144000         459.3977      -443.98728      13291.728      13859.207      10953.649      2905.5578      4238.071       7755.1952     -9048.5047     -90.026824     -2502.4805      8012.7874     -5459.4837     -475.97607      87640.133      44.418887      44.418887      44.418887      0.95193301     63.98725      -273.3414      -1122.6077    
    145000   145000         459.97918     -155.34495      13513.162      13709.461      10967.513      2741.9479      4187.8085      7637.6474     -9057.1583     -86.791794     -2487.7342      8015.1782     -5467.0019     -481.4394       86645.6        44.250227      44.250227      44.250227      0.96285946     1399.3916     -1158.6131     -706.81336    
    146000   146000         461.5171       572.70485      14623.476      13897.57       11004.183      2893.3867      4256.7719      7671.5573     -9064.3286     -87.29354      -2428.3212      8006.0739     -5461.0731     -479.97032      86910.803      44.295328      44.295328      44.295328      0.95992136     454.83258      766.18423      497.09773    
    147000   147000         457.72955     -285.9862       13423.573      13784.082      10913.874      2870.2072      4128.0067      7921.3464     -9087.2184     -88.027202     -2551.3757      8010.3519     -5462.8767     -482.60635      86436.09       44.214533      44.214533      44.214533      0.96519331     349.34933     -2454.2994      1246.9914    
    148000   148000         469.55061      90.238875      14004.742      13891.322      11195.73       2695.592       4086.7427      7742.0303     -9058.9276     -89.316613     -2541.0529      8017.721      -5461.6049     -484.02356      86183.006      44.171337      44.171337      44.171337      0.96802768    -536.36621     -40.807567      847.8904     
    149000   149000         455.98789      875.45106      14639.43       13537.81       10872.347      2665.4625      4098.4043      7727.3312     -9071.9514     -82.119166     -2537.8037      7995.0806     -5463.4794     -483.46392      86282.77       44.188375      44.188375      44.188375      0.96690841     1811.6974     -314.79895      1129.4547    
    150000   150000         465.11        -92.866903      13850.809      13967.638      11089.85       2877.7877      4181.1269      7792.9948     -9104.1472     -96.526742     -2437.6913      8012.0592     -5470.0279     -483.58554      86261.069      44.18467       44.18467       44.18467       0.96715165     1195.9344     -399.38218     -1075.153     
    151000   151000         464.82818      529.2136       14385.746      13723.075      11083.131      2639.9441      4032.1906      7891.5551     -9119.5982     -90.697008     -2591.9371      7987.4284     -5468.9976     -485.84427      85860.034      44.116091      44.116091      44.116091      0.97166902     25.868732      1077.5424      484.22972    
    152000   152000         464.32128     -1123.898       12569.056      13990.143      11071.044      2919.0988      4201.0478      8029.7713     -9187.7908     -90.403787     -2541.6272      7980.6405     -5472.5391     -481.13866      86699.759      44.259445      44.259445      44.259445      0.96225799    -2001.7963     -1019.2451     -350.65249    
    153000   153000         462.14679      1575.9877      15881.144      13899.591      11019.197      2880.3937      4094.4862      8009.7984     -9156.6822     -87.567565     -2487.9343      7985.025      -5476.7318     -483.85042      86213.846      44.176605      44.176605      44.176605      0.96768141     612.5897       3503.8954      611.47812    
    154000   154000         454.86333      191.15224      13786.722      13545.724      10845.534      2700.1907      4184.6337      7712.5936     -9141.7151     -85.860357     -2503.9739      8002.9379     -5468.4251     -482.53807      86448.321      44.216618      44.216618      44.216618      0.96505675     958.3233      -494.72174      109.85516    
    155000   155000         456.89936     -611.03358      12894.822      13662.185      10894.08       2768.1053      4073.5834      7814.4293     -9047.3208     -89.914437     -2510.3915      7995.7451     -5468.0258     -484.4268       86111.268      44.159078      44.159078      44.159078      0.96883413    -1926.7649      1668.8468     -1575.1827    
    156000   156000         463.91488      46.15517       13909.777      13851.695      11061.354      2790.3409      4182.1644      7781.2501     -9163.8217     -86.390794     -2462.558       8005.4529     -5465.756      -483.44562      86286.036      44.188932      44.188932      44.188932      0.96687181    -151.89756     -1844.7725      2135.1356    
    157000   157000         455.24195     -466.12478      12956.388      13542.318      10854.561      2687.7567      4098.8963      7891.572      -9154.9129     -89.809009     -2607.4811      8006.3493     -5456.858      -483.97197      86192.193      44.172907      44.172907      44.172907      0.9679245     -1100.2056      51.458371     -349.62713    
    158000   158000         459.23415      4.0242227      13711.538      13706.461      10949.749      2756.7117      4124.3643      7797.2852     -9122.7865     -91.062674     -2495.6388      8004.2557     -5459.7056     -482.18219      86512.124      44.227493      44.227493      44.227493      0.96434501     1199.4644     -322.70888     -864.68289    
    159000   159000         458.55049     -1763.4399      11554.915      13775.356      10933.448      2841.9076      4251.8019      7876.2629     -9101.0031     -89.049244     -2640.2428      8006.1509     -5462.0128     -483.15386      86338.14       44.197825      44.197825      44.197825      0.96628831     1187.2306     -4057.3237     -2420.2264    
    160000   160000         459.10933     -1265.9018      12080.103      13688.339      10946.773      2741.5659      4145.7915      7702.7799     -9084.72       -85.926519     -2476.9097      8009.6161     -5469.0653     -478.86628      87111.178      44.329343      44.329343      44.329343      0.95771332    -921.11688     -1065.0469     -1811.5417    
    161000   161000         465.54372     -596.93919      13273.508      14026.326      11100.191      2926.135       4134.2742      7922.508      -9070.6892     -90.17203      -2522.4769      8017.2524     -5464.5617     -482.39595      86473.789      44.22096       44.22096       44.22096       0.96477252     504.45786     -1071.3903     -1223.8851    
    162000   162000         456.76955     -1050.5278      12364.917      13702.465      10890.985      2811.4799      4076.8266      7772.9548     -9055.235      -81.191918     -2441.0278      8010.6799     -5471.5267     -477.81783      87302.322      44.361743      44.361743      44.361743      0.95561645    -1154.8496     -483.885       -1512.8489    
    163000   163000         454.85443     -524.69585      13050.567      13717.642      10845.321      2872.3206      4242.2754      7627.4857     -9011.2903     -85.401772     -2434.3299      8000.4712     -5466.8897     -478.5167       87174.817      44.340135      44.340135      44.340135      0.95701418    -1491.6758     -285.7913       203.37954    
    164000   164000         456.57639      121.75252      13664.614      13510.128      10886.379      2623.7491      4088.6836      7731.8357     -9158.835      -84.384436     -2456.6036      7973.906      -5470.8532     -479.46015      87003.28       44.311033      44.311033      44.311033      0.95890103     443.71465     -803.19944      724.74234    
    165000   165000         465.29682     -447.45151      13412.137      13989.871      11094.305      2895.5666      4237.3843      7832.8872     -9272.5532     -90.156604     -2340.8006      7990.9596     -5462.1542     -471.17496      88533.154      44.569249      44.569249      44.569249      0.942331      -27.192729     -298.7934      -1016.3684    
    166000   166000         462.4525      -57.18068       13733.934      13806.921      11026.486      2780.4347      4175.542       7693.2563     -9057.4324     -87.940705     -2452.9253      7984.2566     -5474.3218     -476.61561      87522.534      44.399011      44.399011      44.399011      0.95321206    -299.00189      298.38419     -170.92434    
    167000   167000         458.18649     -1372.2303      11873.638      13613.459      10924.769      2688.6893      4122.2915      7677.0632     -9078.6688     -86.658107     -2502.5735      8017.7008     -5460.4658     -479.82914      86936.374      44.299672      44.299672      44.299672      0.95963901    -1602.8568     -1727.8185     -786.01574    
    168000   168000         462.47824      218.75036      14040.911      13761.062      11027.1        2733.9625      4059.5632      7826.2802     -9152.8699     -88.676427     -2452.449       8010.0332     -5467.9188     -475.54303      87719.939      44.432366      44.432366      44.432366      0.95106695    -1357.491       945.31094      1068.4311    
    169000   169000         454.7063       29.326829      13556.226      13519.467      10841.789      2677.6771      4126.6924      7698.4459     -9047.1866     -89.107696     -2552.1571      8012.8804     -5471.8902     -485.36062      85945.592      44.130739      44.130739      44.130739      0.97070173    -98.896405     -329.42215      516.29904    
    170000   170000         453.88179      607.03429      14362.298      13588.279      10822.13       2766.1489      4150.6204      7798.6331     -9136.9214     -90.828922     -2476.4319      7990.9008     -5469.8232     -477.11799      87430.378      44.383422      44.383422      44.383422      0.9542168      1574.8312      94.6241        151.64753    
    171000   171000         457.34918     -71.10372       13482.718      13572.523      10904.805      2667.7185      4088.316       7800.0051     -9087.1359     -86.283055     -2577.4215      7989.0438     -5458.8059     -481.67387      86603.423      44.243046      44.243046      44.243046      0.96332838    -263.65304      1117.0012     -1066.6593    
    172000   172000         458.88893     -180.68565      13476.394      13706.703      10941.518      2765.185       4159.6917      7767.836      -9191.1921     -85.762741     -2426.5847      8003.8162     -5462.6195     -477.28385      87399.995      44.37828       44.37828       44.37828       0.95454852    -36.744515      1049.3523     -1554.6647    
    173000   173000         459.8863       719.35995      14677.318      13771.505      10965.299      2806.206       4085.6595      7889.256      -9096.5228     -93.733661     -2522.7653      8011.4788     -5467.1667     -483.13852      86340.881      44.198293      44.198293      44.198293      0.96625763     725.53006      608.14107      824.40873    
    174000   174000         455.84124      551.29969      14262.819      13570.886      10868.85       2702.0355      4133.8592      7736.0863     -9178.2003     -80.913589     -2474.4171      8024.4244     -5458.8033     -484.71618      86059.858      44.150288      44.150288      44.150288      0.96941289    -26.215482      113.60708      1566.5075    
    175000   175000         458.36884     -1365.4733      11959.625      13685.699      10929.117      2756.5818      4129.0239      7911.1916     -9263.7506     -89.482413     -2461.0262      7998.7278     -5468.1023     -481.26895      86676.288      44.255451      44.255451      44.255451      0.96251856    -1727.0892     -1238.9113     -1130.4193    
    176000   176000         465.8996      -525.89847      13082.117      13741.969      11108.677      2633.2917      4040.0435      7797.0095     -9173.5745     -86.65574      -2445.9509      7972.5276     -5470.1078     -484.86393      86033.634      44.145803      44.145803      44.145803      0.96970837     779.38346     -1716.2557     -640.82317    
    177000   177000         457.22451     -91.049134      13333.675      13449.052      10901.832      2547.2194      3997.8467      7809.7566     -9125.5097     -85.908461     -2555.4565      7978.2011     -5471.7103     -480.08793      86889.512      44.291711      44.291711      44.291711      0.96015656    -553.41726     -1121.2368      1401.5066    
    178000   178000         460.11989      1074.152       15099.12       13744.047      10970.868      2773.1788      4139.7922      7806.7323     -9127.6628     -88.872368     -2472.9507      7985.7558     -5469.6157     -482.24435      86500.974      44.225593      44.225593      44.225593      0.96446932     453.62829      1495.4019      1273.4258    
    179000   179000         449.81388     -582.19351      12747.915      13486.029      10725.137      2760.8923      4200.8145      7779.4326     -9163.3666     -89.891599     -2501.6041      8002.1869     -5466.6794     -479.85232      86932.175      44.298958      44.298958      44.298958      0.95968536    -2196.5078      109.98055      339.94672    
    180000   180000         454.63431     -11.596246      13635.427      13650.115      10840.073      2810.0422      4211.3084      7792.5203     -9094.3687     -87.699345     -2530.8584      7990.1184     -5470.9784     -480.31458      86848.51       44.284743      44.284743      44.284743      0.96060986    -468.30373      257.33396      176.18103    
    181000   181000         452.46061      678.29472      14334.016      13475.531      10788.244      2687.2863      4149.3246      7718.3406     -9107.8734     -89.206851     -2472.4315      7972.0022     -5482.8695     -480.67292      86783.764      44.273735      44.273735      44.273735      0.96132653    -45.301439     -610.06178      2690.2474    
    182000   182000         467.01172      1525.1884      15753.351      13837.014      11135.194      2701.8204      4088.3081      7880.2163     -9133.7153     -90.766072     -2549.3733      7984.4099     -5477.2593     -484.18987      86153.405      44.166279      44.166279      44.166279      0.96836028     1646.0966     -232.42113      3161.8897    
    183000   183000         455.17239      53.239108      13691.593      13623.827      10852.903      2770.9247      4163.9877      7880.3373     -9152.4032     -87.093423     -2536.5881      7976.419      -5473.7346     -477.95178      87277.855      44.357598      44.357598      44.357598      0.95588435     257.69669      205.69508     -303.67444    
    184000   184000         456.58333     -490.02138      13180.145      13801.345      10886.544      2914.8009      4253.7878      7937.9798     -9173.7063     -95.008402     -2508.1931      7975.7068     -5475.7658     -479.89666      86924.143      44.297594      44.297594      44.297594      0.95977404    -1294.8991     -851.96475      676.79966    
    185000   185000         455.08595      586.99935      14148.824      13410.951      10850.842      2560.1098      3996.79        7836.5674     -9159.5754     -90.164967     -2521.5616      7973.419      -5475.3647     -483.97235      86192.127      44.172895      44.172895      44.172895      0.96792525    -1118.4737      596.77533      2282.6964    
    186000   186000         454.57219     -611.66733      12694.251      13465.179      10838.592      2626.5869      4113.8711      7741.8632     -9080.0009     -90.597109     -2562.8058      7982.0431     -5477.7866     -482.68696      86421.655      44.212071      44.212071      44.212071      0.96535452    -47.593807     -647.72855     -1139.6796    
    187000   187000         464.90363      1393.459       15503.799      13750.976      11084.93       2666.0468      4158.0576      7717.8013     -9189.8763     -87.896724     -2446.6125      7983.2689     -5468.6955     -483.63781      86251.747      44.183078      44.183078      44.183078      0.96725619     43.655411      2182.6821      1954.0394    
    188000   188000         455.15502      438.13814      14031.498      13477.957      10852.488      2625.4689      4071.7136      7775.1487     -9155.9049     -90.273027     -2503.0871      7994.5627     -5466.6911     -481.53277      86628.8        44.247367      44.247367      44.247367      0.96304619     960.7653      -528.60162      882.25074    
    189000   189000         463.90302     -276.19867      13372.064      13722.118      11061.072      2661.0463      4038.8862      7722.8174     -8992.6398     -88.516358     -2560.6866      8009.1886     -5468.003      -480.01071      86903.49       44.294085      44.294085      44.294085      0.96000213    -2204.3213      148.46568      1227.2596    
    190000   190000         458.6903      -144.76469      13529.39       13713.794      10936.782      2777.0125      4226.8817      7626.1206     -9092.0448     -87.117919     -2408.2647      7986.1419     -5474.7043     -477.58941      87344.075      44.368814      44.368814      44.368814      0.95515964    -746.5809       639.15797     -326.87114    
    191000   191000         446.7265       133.31149      13628.957      13460.523      10651.523      2808.9995      4125.3188      7860.042      -9085.337      -90.627458     -2514.6028      7975.6137     -5461.4077     -481.50553      86633.7        44.248201      44.248201      44.248201      0.96299172     1625.0333     -991.31359     -233.78525    
    192000   192000         458.00483      14.018251      13627.059      13609.351      10920.438      2688.913       4117.3194      7796.5332     -9145.174      -89.47152      -2496.1662      7981.4786     -5475.6065     -481.58684      86619.073      44.245711      44.245711      44.245711      0.96315433    -1200.6625      883.60181      359.11544    
    193000   193000         453.49918     -739.83714      12730.88       13665.21       10813.008      2852.2028      4238.0496      7824.5794     -9161.1646     -91.95365      -2475.2162      7987.8766     -5469.9684     -481.72562      86594.118      44.241461      44.241461      44.241461      0.96343189    -1325.0908     -926.5797       32.159116    
    194000   194000         452.61909      957.70026      14672.871      13469.048      10792.023      2677.0245      4037.6702      7795.5163     -9069.1642     -87.704965     -2501.7837      7976.3496     -5473.8588     -483.98396      86190.059      44.172542      44.172542      44.172542      0.96794846     1332.022       1565.2557     -24.176951    
    195000   195000         460.11938      682.67013      14456.779      13597.116      10970.856      2626.2593      4121.2745      7607.2724     -9035.2785     -89.114608     -2485.9163      7984.2905     -5476.2686     -483.1107       86345.853      44.199141      44.199141      44.199141      0.96620199     2133.9678      887.16273     -973.12012    
    196000   196000         456.65735      1160.5583      15136.797      13666.208      10888.309      2777.8991      4063.8085      7784.8081     -9057.2107     -91.148465     -2433.23        7987.7718     -5476.9002     -480.10887      86885.722      44.291067      44.291067      44.291067      0.96019844     952.33253      1954.9834      574.35888    
    197000   197000         458.69397      57.452513      13767.903      13694.78       10936.869      2757.9104      4091.6054      7871.0803     -9109.2829     -85.670408     -2513.6716      7980.2806     -5476.4311     -477.9893       87271.004      44.356437      44.356437      44.356437      0.95595939    -645.34796      673.52349      144.18201    
    198000   198000         459.5408       618.34527      14515.864      13733.306      10957.061      2776.2453      4156.4316      7852.2528     -9146.6906     -88.826978     -2495.3631      7978.3117     -5479.8701     -480.70491      86777.989      44.272753      44.272753      44.272753      0.96139051     1429.0655      329.70281      96.267488    
    199000   199000         461.93151     -923.31095      12768.751      13937.072      11014.064      2923.0085      4167.5939      7936.5158     -9104.9175     -92.053807     -2510.8442      7995.7441     -5469.0299     -480.78387      86763.738      44.270329      44.270329      44.270329      0.96154842    -897.72015      115.4141      -1987.6268    
    200000   200000         454.98072     -386.75458      13091.177      13582.011      10848.333      2733.6785      4147.8027      7774.1856     -9152.9336     -87.30374      -2479.7741      8001.7069     -5470.0052     -479.36296      87020.92       44.314028      44.314028      44.314028      0.95870666    -668.06828      456.67454     -948.87       
    201000   201000         453.49657      602.14651      14213.873      13458.109      10812.945      2645.1633      4075.7892      7755.901      -9148.9881     -87.220542     -2490.9105      8009.1832     -5468.5909     -484.70732      86061.432      44.150557      44.150557      44.150557      0.96939516     601.3197       512.52811      692.59173    
    202000   202000         455.50599     -482.56055      13178.94       13791.17       10860.857      2930.3135      4191.7265      7838.3721     -9113.5173     -88.955444     -2425.8402      8001.7843     -5473.2565     -479.51396      86993.517      44.309375      44.309375      44.309375      0.95900866    -913.40697      72.999705     -607.27439    
    203000   203000         450.67409      665.01871      14578.953      13734.048      10745.647      2988.401       4131.5084      7860.3646     -9026.4733     -96.99543      -2391.1276      7985.2152     -5474.0909     -478.83962      87116.029      44.330166      44.330166      44.330166      0.95765999    -437.34377      1189.7041      1242.6958    
    204000   204000         450.77608      720.11208      14435.679      13528.454      10748.079      2780.3743      4045.1949      7891.4186     -9079.6604     -90.230425     -2493.7504      7982.9335     -5475.5315     -482.8909       86385.157      44.205846      44.205846      44.205846      0.96576239     1819.7354     -239.54296      580.14384    
    205000   205000         456.72023     -1860.4332      11321.032      13692.217      10889.809      2802.4089      4190.905       7796.7657     -9104.8311     -91.30703      -2501.6163      7981.652      -5469.1594     -477.32334      87392.763      44.377056      44.377056      44.377056      0.95462751    -4341.4305     -593.23054     -646.63842    
    206000   206000         458.11105      90.981271      14123.952      14008.419      10922.971      3085.4483      4139.2948      8032.3271     -8987.9968     -94.674672     -2515.1468      7986.6708     -5475.0263     -479.07988      87072.338      44.322754      44.322754      44.322754      0.95814052    -1062.0906      1568.4932     -233.45879    
    207000   207000         456.12144     -726.32229      12667.776      13586.035      10875.531      2710.5041      4104.3132      7785.9387     -9127.5872     -87.055487     -2478.1197      7985.19       -5472.1754     -481.20293      86688.18       44.257475      44.257475      44.257475      0.96238652    -1335.666      -278.85796     -564.44293    
    208000   208000         450.59934     -718.3533       12533.94       13444.25       10743.865      2700.3848      4060.2349      7833.828      -9061.1233     -92.574952     -2541.3235      7973.0423     -5471.6985     -480.07893      86891.141      44.291987      44.291987      44.291987      0.96013856    -32.373325      1150.2465     -3272.9331    
    209000   209000         455.2152      -713.68518      12764.871      13664.424      10853.923      2810.501       4072.3268      7912.2901     -9063.2103     -93.948746     -2511.37        7970.2638     -5475.8506     -482.66274      86425.991      44.21281       44.21281       44.21281       0.96530609    -923.58111      318.29497     -1535.7694    
    210000   210000         448.60587      1619.6984      15586.541      13539.279      10696.334      2842.9454      4106.1872      7882.5325     -9078.0763     -81.763608     -2511.2091      7999.1936     -5473.9188     -481.30982      86668.928      44.254198      44.254198      44.254198      0.9626003      2935.6727      419.11526      1504.3072    
    211000   211000         447.50568     -110.06764      13204.663      13344.088      10670.102      2673.9862      4093.0721      7797.7754     -9128.1583     -91.398251     -2529.2741      7997.8971     -5465.9278     -480.26795      86856.943      44.286176      44.286176      44.286176      0.96051659     1327.6588     -432.83839     -1225.0233    
    212000   212000         457.38787      91.69004       13764.555      13649.001      10905.727      2743.2739      4138.9097      7666.9652     -9006.9973     -86.383441     -2484.2613      7989.4644     -5474.4233     -482.72809      86414.291      44.210815      44.210815      44.210815      0.96543679    -726.38961      230.30552      771.15421    
    213000   213000         456.51055     -2043.3554      10877.991      13469.489      10884.809      2584.6798      4140.4822      7638.1168     -9086.2926     -89.637783     -2530.7963      7982.096      -5469.2886     -479.68598      86962.321      44.304078      44.304078      44.304078      0.95935268    -1194.1527     -1509.41       -3426.5035    
    214000   214000         447.34573     -724.77182      12497.559      13419.232      10666.288      2752.9446      4081.4511      7587.0297     -8972.462      -88.030246     -2383.3571      7995.3405     -5467.0274     -478.39672      87196.68       44.343842      44.343842      44.343842      0.95677422     91.453138     -1459.3668     -806.40175    
    215000   215000         450.49737     -90.807673      13315.815      13430.345      10741.434      2688.9113      4201.0835      7737.1695     -9064.9551     -85.494965     -2598.0877      7971.817      -5472.6209     -482.35469      86481.186      44.22222       44.22222       44.22222       0.96469       -980.64126     -1089.3145      1797.5328    
    216000   216000         451.18565     -287.07289      13268.019      13631.61       10757.845      2873.7655      4189.6273      7632.7641     -8959.6786     -84.476871     -2427.2986      7991.4264     -5468.5982     -480.33291      86845.196      44.284179      44.284179      44.284179      0.96064653     353.57611     -1380.6504      165.85558    
    217000   217000         450.73676     -606.13333      12347.208      13109.482      10747.142      2362.3407      3985.8717      7551.1427     -9107.7582     -82.140555     -2507.2254      7991.5793     -5469.1287     -483.74967      86231.803      44.179672      44.179672      44.179672      0.9674799     -314.79551     -1151.9918     -351.61271    
    218000   218000         451.45333     -192.81677      13225.605      13469.251      10764.227      2705.0241      4097.1612      7780.7357     -9141.3683     -85.741117     -2461.9701      7988.2386     -5472.032      -481.4475       86644.143      44.249979      44.249979      44.249979      0.96287565    -419.84208      79.932793     -238.54102    
    219000   219000         451.54133      521.01802      14246.032      13584.71       10766.326      2818.3843      4114.152       7824.6094     -9040.9403     -84.271317     -2513.3763      7993.9323     -5475.7215     -479.29597      87033.083      44.316092      44.316092      44.316092      0.95857268     1800.4953     -58.874513     -178.56669    
    220000   220000         450.24635      135.11258      13521.03       13349.111      10735.449      2613.6629      4070.4024      7768.9508     -9157.8153     -90.91769      -2491.2084      7988.8097     -5474.5586     -478.12114      87246.938      44.35236       44.35236       44.35236       0.95622308     227.06993     -1026.7151      1204.9829    
    221000   221000         453.28145      83.490494      13588.226      13483.077      10807.816      2675.2614      4117.4294      7768.6699     -9131.1113     -90.728742     -2520.0267      8001.4952     -5470.4663     -483.05823      86355.232      44.200741      44.200741      44.200741      0.96609705    -987.98068      909.56856      328.8836     
    222000   222000         453.86962      890.79016      14613.997      13491.749      10821.84       2669.909       4102.3936      7776.2838     -9165.9328     -88.124436     -2484.3175      7999.9022     -5470.296      -482.89276      86384.824      44.205789      44.205789      44.205789      0.96576611     1166.9116      1542.3041     -36.845183    
    223000   223000         450.71022      450.00886      13882.562      13311.113      10746.509      2564.6042      4114.0286      7723.551      -9205.7596     -88.732567     -2509.1067      8001.461      -5470.8376     -479.0797       87072.372      44.322759      44.322759      44.322759      0.95814015     1427.8108      1446.8883     -1524.6725    
    224000   224000         456.82468      269.79951      13869.381      13528.989      10892.299      2636.6901      4008.449       7922.0232     -9200.1636     -94.22364      -2537.7964      8005.3625     -5466.961      -482.19827      86509.241      44.227002      44.227002      44.227002      0.96437716    -530.28227      1865.2527     -525.5719     
    225000   225000         449.39617      1026.2027      14476.463      13186.801      10715.177      2471.6237      4042.9118      7672.4259     -9168.7728     -90.19243      -2539.1509      8013.5636     -5459.1615     -484.08463      86172.134      44.16948       44.16948       44.16948       0.96814981    -859.59891      1360.081       2578.1261    
    226000   226000         461.05397     -1144.3919      12159.874      13618.705      10993.14       2625.5647      4054.491       7772.66       -9180.927      -86.619956     -2484.4366      8011.5682     -5461.1709     -477.23685      87408.602      44.379737      44.379737      44.379737      0.95445453    -1533.9665     -333.95558     -1565.2537    
    227000   227000         449.1325      -86.08599       13354.98       13463.313      10708.891      2754.4228      4112.5504      7790.583      -9085.0747     -86.43764      -2490.45        7989.1404     -5475.8888     -483.43009      86288.807      44.189405      44.189405      44.189405      0.96684076    -42.457666     -69.628435     -146.17187    
    228000   228000         454.26395     -325.59491      13043.65       13453.398      10831.242      2622.1559      4035.8796      7745.2334     -9089.8879     -90.021991     -2547.6114      8030.1285     -5461.5644     -483.41963      86290.673      44.189724      44.189724      44.189724      0.96681984    -2467.2447      276.71868      1213.7413    
    229000   229000         454.36382      2148.9561      16121.583      13422.401      10833.623      2588.7774      3943.3371      7746.65       -9092.8231     -85.376702     -2466.9732      8004.3635     -5460.4002     -484.3501       86124.904      44.161409      44.161409      44.161409      0.96868074     1662.5464      2830.1713      1954.1505    
    230000   230000         450.0438      -199.50936      13099.85       13352.931      10730.619      2622.3114      4014.6409      7789.696      -9161.9337     -92.791025     -2463.5912      8000.5711     -5464.2807     -479.58762      86980.156      44.307107      44.307107      44.307107      0.95915597    -886.20431     -892.39854      1180.0748    
    231000   231000         461.68509     -83.578443      13425.877      13531.231      11008.188      2523.0432      4051.7805      7699.0192     -9098.6399     -90.009401     -2563.8258      7988.2608     -5463.5423     -482.62094      86433.477      44.214087      44.214087      44.214087      0.96522248     339.99596     -1253.0886      662.3573     
    232000   232000         450.56379      132.87332      13474.479      13307.563      10743.017      2564.545       4024.2873      7784.2063     -9123.5454     -88.314052     -2559.2401      7987.2413     -5460.0904     -484.28771      86135.999      44.163305      44.163305      44.163305      0.96855597     229.82626      157.26864      11.52507     
    233000   233000         456.52772      679.4802       14492.299      13628.493      10885.218      2743.275       4131.5575      7821.0104     -9175.3788     -87.847114     -2478.8099      7998.3727     -5465.6297     -478.547        87169.297      44.3392        44.3392        44.3392        0.95707477     1450.4952     -363.9189       951.86431    
    234000   234000         451.72619     -315.87929      13073.888      13469.598      10770.733      2698.8648      4133.5209      7749.6448     -9114.1454     -88.537236     -2491.7874      7991.0925     -5480.9234     -485.63282      85897.418      44.122492      44.122492      44.122492      0.97124613    -914.24882      539.36869     -572.75775    
    235000   235000         445.21002     -531.05268      12461.006      13131.537      10615.365      2516.1718      4059.7688      7702.309      -9164.959      -85.967248     -2511.4041      7986.565      -5470.1407     -481.81756      86577.595      44.238647      44.238647      44.238647      0.96361577    -867.05274     -1611.2507      885.14542    
    236000   236000         447.13126      41.55332       13571.129      13518.425      10661.174      2857.2514      4151.2168      7985.2102     -9214.8822     -88.562494     -2524.8032      8007.6558     -5458.5835     -479.65567      86967.816      44.305012      44.305012      44.305012      0.95929207     174.1396      -795.61648      746.13684    
    237000   237000         450.55551     -646.7956       12478.119      13295.182      10742.82       2552.362       4146.7156      7690.8759     -9166.6223     -83.124512     -2562.0317      7998.2244     -5471.6754     -481.58809      86618.848      44.245673      44.245673      44.245673      0.96315683    -1763.5539     -585.02127      408.18842    
    238000   238000         449.192       -36.182159      13303.751      13349.299      10710.309      2638.9895      4105.0304      7781.3442     -9160.5756     -89.778343     -2529.4163      8001.7903     -5469.4052     -483.27102      86317.209      44.194253      44.194253      44.194253      0.96652262     333.8187      -421.44002     -20.92516     
    239000   239000         457.17285      199.66316      13797.494      13543.61       10900.601      2643.0098      4107.4367      7714.3079     -9144.3261     -86.99708      -2517.6617      8027.6343     -5457.3842     -478.43918      87188.941      44.34253       44.34253       44.34253       0.95685914    -1585.9412      1367.2091      817.72159    
    240000   240000         452.53743     -1066.1144      11962.245      13316.337      10790.076      2526.2613      4049.6531      7660.7355     -9061.6024     -92.559771     -2533.42        7979.1909     -5475.736      -478.98255      87090.033      44.325756      44.325756      44.325756      0.95794585    -820.97419     -412.59774     -1964.7712    
    241000   241000         454.89225     -727.65224      12683.4        13605.023      10846.223      2758.7999      4167.0675      7894.8722     -9177.7335     -93.321739     -2557.6958      7995.6806     -5470.0693     -480.32441      86846.734      44.284441      44.284441      44.284441      0.96062951    -92.589618     -1610.6665     -479.70064    
    242000   242000         452.87304      318.2782       13613.017      13213.416      10798.078      2415.338       3961.9818      7715.0963     -9174.7814     -90.862538     -2501.6731      7978.0248     -5472.4479     -484.55613      86088.285      44.155149      44.155149      44.155149      0.96909279    -153.40381      116.62716      991.61126    
    243000   243000         451.07542     -991.62507      12094.386      13345.639      10755.217      2590.4222      4137.3025      7726.3613     -9124.6652     -87.581109     -2591.9152      7992.5511     -5461.6312     -482.13269      86521.006      44.229007      44.229007      44.229007      0.96424601    -2355.8526     -443.3272      -175.69544    
    244000   244000         444.85202     -775.047        12236.127      13219.969      10606.829      2613.1401      4072.4477      7684.4874     -9057.4898     -87.764623     -2507.37        7977.8458     -5469.0164     -479.25491      87040.539      44.317358      44.317358      44.317358      0.95849056     153.25252     -1140.2378     -1338.1558    
    245000   245000         443.06676      919.12545      14138.272      12989.358      10564.262      2425.0959      4100.7749      7542.5951     -9092.7566     -86.911301     -2600.5846      8019.5385     -5457.5601     -486.68866      85711.069      44.090562      44.090562      44.090562      0.97335777     2304.2328     -876.11513      1329.2587    
    246000   246000         455.4656      -716.8827       12525.878      13424.975      10859.894      2565.0813      4106.7468      7624.0506     -9063.4165     -86.888158     -2553.5712      8005.6055     -5467.4458     -485.0713       85996.855      44.139511      44.139511      44.139511      0.9701231     -200.62341     -407.97653     -1542.0482    
    247000   247000         449.40751     -217.45367      12884.26       13156.892      10715.448      2441.4436      4067.9557      7665.3212     -9178.7135     -86.590095     -2544.9132      7985.7877     -5467.4042     -485.23746      85967.406      44.134473      44.134473      44.134473      0.97045542     765.73861      765.41559     -2183.5152    
    248000   248000         448.1586       585.88483      13958.781      13223.347      10685.669      2537.6781      4152.879       7730.693      -9195.1077     -87.731792     -2600.6955      8005.108      -5467.4669     -484.65517      86070.691      44.152141      44.152141      44.152141      0.96929087     563.1037       467.57197      726.97882    
    249000   249000         449.97504      110.7287       13287.817      13147.506      10728.98       2418.5269      4038.038       7646.2992     -9199.0606     -87.726879     -2482.9364      7980.692      -5476.7784     -480.10318      86886.752      44.291241      44.291241      44.291241      0.96018707     1511.6942     -763.51808     -415.99004    
    250000   250000         452.50674     -481.07434      12546.984      13149.896      10789.344      2360.5516      4013.334       7634.5268     -9070.3946     -82.097752     -2634.7665      7972.3257     -5472.376      -485.42494      85934.204      44.12879       44.12879       44.12879       0.97083038    -1673.4325      70.639918      159.56955    
Loop time of 502.825 on 1 procs for 250000 steps with 8000 atoms

Performance: 42.957 ns/day, 0.559 hours/ns, 497.191 timesteps/s, 3.978 Matom-step/s
100.0% CPU use with 1 MPI tasks x 1 OpenMP threads

MPI task timing breakdown:
Section |  min time  |  avg time  |  max time  |%varavg| %total
---------------------------------------------------------------
Pair    | 62.882     | 62.882     | 62.882     |   0.0 | 12.51
Bond    | 54.432     | 54.432     | 54.432     |   0.0 | 10.83
Kspace  | 234.77     | 234.77     | 234.77     |   0.0 | 46.69
Neigh   | 52.868     | 52.868     | 52.868     |   0.0 | 10.51
Comm    | 8.3291     | 8.3291     | 8.3291     |   0.0 |  1.66
Output  | 2.7888     | 2.7888     | 2.7888     |   0.0 |  0.55
Modify  | 76.767     | 76.767     | 76.767     |   0.0 | 15.27
Other   |            | 9.988      |            |       |  1.99

Nlocal:           8000 ave        8000 max        8000 min
Histogram: 1 0 0 0 0 0 0 0 0 0
Nghost:          20181 ave       20181 max       20181 min
Histogram: 1 0 0 0 0 0 0 0 0 0
Neighs:              0 ave           0 max           0 min
Histogram: 1 0 0 0 0 0 0 0 0 0
FullNghs:  4.74576e+06 ave 4.74576e+06 max 4.74576e+06 min
Histogram: 1 0 0 0 0 0 0 0 0 0

Total # of neighbors = 4745758
Ave neighs/atom = 593.21975
Ave special neighs/atom = 5.7025
Neighbor list builds = 10294
Dangerous builds = 0

# --- Cleanup ---
unfix npt_fix

undump dump_npt

# --- Write Output ---
write_dump all custom cool_block_02_last.dump id type mol x y z xu yu zu vx vy vz modify sort id
write_data /home/alexzhao/PolyJarvis/data/PEG_2/attempts/cooling/attempt-0001/work/cool_block_02/cool_block_02_out.data
System init for write_data ...
PPPM Kokkos initialization ...
  using 12-bit tables for long-range coulomb
  G vector (1/distance) = 0.30239665
  grid = 32 32 32
  stencil order = 5
  estimated absolute RMS force accuracy = 0.00030137431
  estimated relative force accuracy = 9.0757979e-07
  using double precision cuFFT
  3d grid and FFT values/proc = 59319 32768
Generated 10 of 10 mixed pair_coeff terms from sixthpower/sixthpower mixing rule
write_restart /home/alexzhao/PolyJarvis/data/PEG_2/attempts/cooling/attempt-0001/work/cool_block_02/cool_block_02_out.restart
System init for write_restart ...
PPPM Kokkos initialization ...
  using 12-bit tables for long-range coulomb
  G vector (1/distance) = 0.30239665
  grid = 32 32 32
  stencil order = 5
  estimated absolute RMS force accuracy = 0.00030137431
  estimated relative force accuracy = 9.0757979e-07
  using double precision cuFFT
  3d grid and FFT values/proc = 59319 32768
Generated 10 of 10 mixed pair_coeff terms from sixthpower/sixthpower mixing rule

print "STAGE COMPLETE: NPT T=475.0->450.0K P=1.0->1.0atm steps=250000"
STAGE COMPLETE: NPT T=475.0->450.0K P=1.0->1.0atm steps=250000
quit
