units real
atom_style full
boundary p p p

# --- Force Field Styles ---
pair_style lj/class2/coul/long 9.5 9.5
kspace_style pppm 1e-6
dielectric 1.000000
bond_style class2
angle_style class2
dihedral_style class2
improper_style class2
special_bonds lj/coul 0 0 1
pair_modify mix sixthpower tail yes
neighbor 2.0 bin
neigh_modify delay 0 every 1 check yes
neigh_modify one 4000
# KOKKOS: package loaded via -pk kokkos on the command line

read_data /home/alexzhao/PolyJarvis/data/PEEK_1/attempts/cooling/attempt-0001/work/cool_block_09/cool_block_09_out.data
Reading data file ...
  orthogonal box = (4.2356321 4.2356321 4.2356321) to (46.502348 46.502348 46.502348)
  1 by 1 by 1 MPI processor grid
  reading atoms ...
  6140 atoms
  reading velocities ...
  6140 velocities
  scanning bonds ...
  3 = max bonds/atom
  scanning angles ...
  9 = max angles/atom
  scanning dihedrals ...
  18 = max dihedrals/atom
  scanning impropers ...
  4 = max impropers/atom
  orthogonal box = (4.2356321 4.2356321 4.2356321) to (46.502348 46.502348 46.502348)
  1 by 1 by 1 MPI processor grid
  reading bonds ...
  6670 bonds
  reading angles ...
  10620 angles
  reading dihedrals ...
  15820 dihedrals
  reading impropers ...
  3420 impropers
Finding 1-2 1-3 1-4 neighbors ...
  special bond factors lj:    0        0        1       
  special bond factors coul:  0        0        1       
     3 = max # of 1-2 neighbors
     6 = max # of 1-3 neighbors
     9 = max # of special neighbors
  special bonds CPU = 0.003 seconds
  read_data CPU = 0.188 seconds


# --- Thermo Output ---
thermo_style custom step time temp press enthalpy etotal ke pe ebond eangle edihed eimp evdwl ecoul elong etail vol lx ly lz density pxx pyy pzz
thermo_modify flush yes
thermo 1000

# --- Trajectory ---
dump dump_npt all custom 1000 cool_block_10.dump id type mol x y z ix iy iz vx vy vz


# --- Restart Checkpointing ---
restart 10000 npt_1.rst npt_2.rst

# --- Initial Velocities (optional) ---
# Velocities read from data file

# --- SHAKE Constraints ---
# SHAKE disabled

# --- NPT Thermostat + Barostat (Nose-Hoover) ---
# T_damp = 100.0 fs  (heat bath coupling)
# P_damp = 1000.0 fs  (pressure bath coupling, ~10x T_damp typical)
# Ramp: T=545.0->520.0K  P=1.0->1.0atm
timestep 1.0
fix npt_fix all npt temp 545.0 520.0 100.0 iso 1.0 1.0 1000.0

run 250000
PPPM Kokkos initialization ...
  using 12-bit tables for long-range coulomb
  G vector (1/distance) = 0.30581959
  grid = 32 32 32
  stencil order = 5
  estimated absolute RMS force accuracy = 0.00040012461
  estimated relative force accuracy = 1.2049634e-06
  using double precision cuFFT
  3d grid and FFT values/proc = 59319 32768
Generated 21 of 21 mixed pair_coeff terms from sixthpower/sixthpower mixing rule
Neighbor list info ...
  update: every = 1 steps, delay = 0 steps, check = yes
  max neighbors/atom: 4000, page size: 100000
  master list distance cutoff = 11.5
  ghost atom cutoff = 11.5
  binsize = 11.5, bins = 4 4 4
  1 neighbor lists, perpetual/occasional/extra = 1 0 0
  (1) pair lj/class2/coul/long/kk, perpetual
      attributes: full, newton off, kokkos_device
      pair build: full/bin/kk/device
      stencil: full/bin/3d
      bin: kk/device
Per MPI rank memory allocation (min/avg/max) = 28.4 | 28.4 | 28.4 Mbytes
   Step          Time           Temp          Press         Enthalpy        TotEng         KinEng         PotEng         E_bond        E_angle        E_dihed        E_impro         E_vdwl         E_coul         E_long         E_tail         Volume           Lx             Ly             Lz          Density          Pxx            Pyy            Pzz      
         0   0              535.99987     -1016.7011      27238.934      28358.538      9808.365       18550.173      4445.2908      5156.0013      5145.3018      560.16544     -464.74442      11094.338     -7386.1791     -526.57889      75508.443      42.266716      42.266716      42.266716      1.1416893     -1057.0525     -1518.6341     -474.41681    
      1000   1000           547.89986     -442.85213      28177.213      28663.124      10026.125      18636.999      4530.1487      5233.988       5069.7319      560.93492     -411.99783      11046.461     -7392.2681     -528.48981      75235.418      42.215712      42.215712      42.215712      1.1458324     -731.9873       1054.378      -1650.9471    
      2000   2000           549.59546     -1103.8794      27115.934      28332.787      10057.153      18275.634      4366.0453      5119.9651      5100.8544      533.62466     -553.36306      11094.551     -7386.0439     -526.03943      75585.878      42.281159      42.281159      42.281159      1.1405197     -1600.1724     -1257.5613     -453.90439    
      3000   3000           539.73933      428.23638      28577.135      28106.491      9876.7941      18229.697      4431.8787      5144.5521      4907.3648      518.85896     -458.05646      11074.244     -7389.1455     -527.62562      75358.645      42.238747      42.238747      42.238747      1.1439588      22.519079      1566.2001     -304.01003    
      4000   4000           549.3891       1067.2074      29690.261      28523.798      10053.377      18470.421      4484.2527      5233.0209      5006.5093      537.8016      -490.16353      11083.468     -7384.4681     -530.5335       74945.601      42.161435      42.161435      42.161435      1.1502634      966.72033     -105.45933      2340.3612    
      5000   5000           545.18334      1107.2803      29645.539      28431.419      9976.4151      18455.004      4566.8987      5129.2488      5007.1156      577.32389     -505.63095      11064.098     -7384.05       -528.84782      75184.487      42.206183      42.206183      42.206183      1.1466086      1036.4399      1067.7465      1217.6546    
      6000   6000           539.10094      2536.9194      30955.59       28182.134      9865.1121      18317.022      4408.1988      5212.6792      4899.1023      538.24301     -431.74634      11081.905     -7391.3602     -530.42044      74961.576      42.16443       42.16443       42.16443       1.1500183      1340.462       3497.7658      2772.5305    
      7000   7000           544.60781      369.89896      28892.843      28487.024      9965.8834      18521.141      4521.7209      5194.1026      5078.6096      538.71694     -499.99905      11082.039     -7394.0489     -528.55001      75226.849      42.214109      42.214109      42.214109      1.145963      -3177.36        1546.7301      2740.3268    
      8000   8000           540.67139      2586.4008      30950.368      28108.087      9893.85        18214.237      4315.5309      5201.5969      4942.6336      517.31182     -445.89634      11077.412     -7394.3521     -527.67151      75352.091      42.237523      42.237523      42.237523      1.1440583      867.69132      3319.3506      3572.1604    
      9000   9000           539.07425     -1202.0702      27074.053      28395.285      9864.6237      18530.662      4467.4035      5265.7164      5072.8916      562.02367     -509.65327      11062.062     -7389.7826     -527.57657      75365.652      42.240056      42.240056      42.240056      1.1438524      658.04619     -3344.922      -919.33488    
     10000   10000          548.73918      715.92658      29162.836      28374.349      10041.484      18332.865      4496.7448      5145.7533      4991.8984      516.82318     -509.85851      11076.338     -7384.8344     -526.51266      75517.942      42.268488      42.268488      42.268488      1.1415457      2059.8457     -1131.875       1219.8091    
     11000   11000          536.35599      475.22589      28578.523      28055.265      9814.8816      18240.384      4443.1338      5091.949       4963.9426      537.41708     -470.85099      11061.615     -7386.8223     -526.64654      75498.744      42.264906      42.264906      42.264906      1.141836       1356.1332     -484.27541      553.81985    
     12000   12000          542.11875      1296.7019      29781.702      28360.191      9920.3355      18439.855      4509.8356      5291.7011      4892.1351      565.72068     -514.42328      11083.661     -7388.7749     -528.96249      75168.188      42.203133      42.203133      42.203133      1.1468573      1722.9946      685.45123      1481.66      
     13000   13000          543.68602     -905.13703      27217.73       28213.637      9949.0154      18264.621      4412.9413      5184.4556      4975.5092      544.13374     -533.46999      11067.831     -7386.7796     -527.02401      75444.668      42.254813      42.254813      42.254813      1.1426544     -1269.2289     -723.05146     -723.13075    
     14000   14000          545.92592      588.80161      29089.617      28445.551      9990.0037      18455.548      4429.4349      5176.037       5034.1712      562.04581     -432.82299      11074.027     -7387.3453     -530.11969      75004.103      42.172402      42.172402      42.172402      1.1493662      1699.7407     -749.10749      815.77161    
     15000   15000          539.28614      631.3556       28978.479      28282.915      9868.501       18414.414      4392.4596      5327.3819      4916.3722      548.28583     -467.13855      11079.505     -7382.4515     -526.34624      75541.818      42.272942      42.272942      42.272942      1.1411849      1950.9894     -1809.1705      1752.2479    
     16000   16000          545.00641      573.08458      29051.216      28415.357      9973.1774      18442.18       4543.4992      5224.3385      4881.2671      545.01225     -422.04289      11060.821     -7390.7152     -522.62869      76079.161      42.372937      42.372937      42.372937      1.1331248      650.33488      437.41716      631.5017     
     17000   17000          532.90188     -328.78537      27728.92       28088.262      9751.6744      18336.587      4390.0657      5247.7662      4959.2731      553.3635      -511.17492      11083.272     -7385.9782     -530.56666      74940.916      42.160556      42.160556      42.160556      1.1503353     -1808.5426     -438.05779      1260.2442    
     18000   18000          532.79159      1914.1698      30228.484      28118.328      9749.656       18368.672      4492.1391      5238.1229      4871.1327      548.83354     -464.59728      11074.568     -7391.5262     -526.01828      75588.917      42.281726      42.281726      42.281726      1.1404738      1801.589       2014.5893      1926.3311    
     19000   19000          532.8556       580.88197      28689.916      28048.023      9750.8275      18297.195      4372.1696      5256.7742      4917.59        533.32671     -452.0833       11055.258     -7385.8399     -524.7594       75770.252      42.31551       42.31551       42.31551       1.1377444     -48.221356      2178.2047     -387.33747    
     20000   20000          546.76322      557.07099      29052.224      28442.372      10005.326      18437.047      4451.3684      5267.2045      4987.3186      536.47359     -486.04936      11064.684     -7383.9536     -529.68922      75065.059      42.183824      42.183824      42.183824      1.1484329      24.826141     -246.34611      1892.7329    
     21000   21000          537.19536     -335.75279      27788.598      28159.607      9830.2415      18329.366      4473.6187      5276.7737      4838.2022      529.41445     -471.30605      11068.8       -7386.137      -524.77039      75768.665      42.315214      42.315214      42.315214      1.1377683      1364.3252     -2000.5263     -371.0573     
     22000   22000          544.75002     -647.47261      27854.602      28572.863      9968.4857      18604.378      4568.4026      5218.4663      4980.5606      568.65437     -417.75944      11071.371     -7385.318      -522.72584      76065.022      42.370312      42.370312      42.370312      1.1333354     -453.06761     -943.35598     -545.99422    
     23000   23000          548.67676     -47.117321      28294.923      28346.711      10040.342      18306.369      4493.5911      5199.3734      4897.9702      521.89489     -490.47892      11071.913     -7387.8944     -527.58144      75364.956      42.239926      42.239926      42.239926      1.143863      -1715.8295      638.2843       936.19328    
     24000   24000          542.91097     -851.83431      27450.711      28388.638      9934.8326      18453.805      4480.6884      5207.7845      5090.5808      535.87402     -552.64586      11080.744     -7389.2209     -526.64879      75498.422      42.264846      42.264846      42.264846      1.1418409     -93.230134     -1055.3268     -1406.946     
     25000   25000          536.51465     -1607.9061      26524.34       28304.964      9817.7851      18487.179      4360.2796      5282.6101      5032.3922      569.36386     -448.74794      11078.663     -7387.382      -523.62873      75933.862      42.345945      42.345945      42.345945      1.135293      -1182.3805     -1120.7338     -2520.604     
     26000   26000          538.81871      207.16389      28592.33       28364.178      9859.9475      18504.23       4607.3006      5272.5763      4829.2312      542.37761     -416.07311      11056.668     -7387.8504     -526.53289      75515.039      42.267947      42.267947      42.267947      1.1415896      880.53107      58.778377     -317.81779    
     27000   27000          542.77266      50.194216      28211.306      28156.019      9932.3016      18223.717      4512.6254      5116.9415      4883.4705      557.93113     -527.69875      11067.883     -7387.436      -526.45975      75525.53       42.269904      42.269904      42.269904      1.141431      -2541.7659      658.85309      2033.4955    
     28000   28000          547.83721      886.13597      29240.352      28271.001      10024.979      18246.022      4482.6882      5058.8596      4932.5974      556.56437     -460.9007       11064.183     -7387.9691     -530.09565      75007.505      42.17304       42.17304       42.17304       1.1493141      877.01749      1097.7883      683.60215    
     29000   29000          532.11933      1943.4932      30127.971      28007.152      9737.3543      18269.798      4471.0282      5164.7798      4893.0811      540.65227     -494.00518      11077.969     -7383.7078     -531.3911       74824.647      42.138741      42.138741      42.138741      1.1521228      630.2822       3006.7429      2193.4547    
     30000   30000          552.81482      1656.8957      30241.922      28422.696      10116.065      18306.63       4562.4608      5147.0401      4820.9603      540.24284     -422.48719      11045.233     -7386.8192     -528.13295      75286.255      42.225218      42.225218      42.225218      1.1450587      534.99427      2445.0221      1990.6708    
     31000   31000          544.20901      1654.7726      29990.412      28164.672      9958.5856      18206.086      4423.4074      5270.3722      4700.2749      531.92689     -404.8388       11072.621     -7387.6778     -525.57438      75652.759      42.293626      42.293626      42.293626      1.1395114      181.21175      3338.6502      1444.4559    
     32000   32000          541.24672     -45.428648      28127.633      28177.59       9904.3781      18273.212      4417.052       5201.0808      4922.9265      542.87881     -529.13327      11103.085     -7384.6772     -527.31532      75402.99       42.247031      42.247031      42.247031      1.143286      -1108.9626      1771.9767     -799.30009    
     33000   33000          539.09542      2255.0219      30887.39       28406.706      9865.0111      18541.695      4594.7499      5266.0395      4808.8303      538.25906     -360.31935      11074.014     -7379.8788     -527.12565      75430.122      42.252097      42.252097      42.252097      1.1428748      2218.7655      3100.3298      1445.9702    
     34000   34000          536.65096      375.9301       28787.395      28370.813      9820.2794      18550.534      4504.2446      5232.8671      4976.3242      548.45846     -385.50567      11062.317     -7388.1711     -523.28906      75983.152      42.355106      42.355106      42.355106      1.1345566      210.6652       1679.5911     -762.46601    
     35000   35000          542.66571      550.28397      28997.154      28393.04       9930.3445      18462.696      4457.2484      5362.2829      4887.8775      543.45817     -484.3006       11077.296     -7381.1669     -528.20585      75275.864      42.223275      42.223275      42.223275      1.1452168     -819.8019       825.24964      1645.4042    
     36000   36000          535.12898     -834.05973      27117.514      28036.125      9792.4284      18243.697      4363.2566      5117.8532      5039.5859      555.82101     -526.93772      11080.492     -7386.3737     -526.50202      75519.467      42.268773      42.268773      42.268773      1.1415227     -1737.2092      565.81356     -1330.7835    
     37000   37000          535.40952      937.81824      29268.5        28235.86       9797.5622      18438.298      4523.1899      5288.0947      4843.2078      550.51078     -473.0593       11084.219     -7377.865      -526.6292       75501.229      42.26537       42.26537       42.26537       1.1417984      1376.1901      635.89556      801.36904    
     38000   38000          547.21872      2159.9303      30680.628      28301.608      10013.661      18287.947      4482.3921      5093.4265      4921.6512      534.88333     -460.20667      11095.623     -7379.8223     -526.47346      75523.565      42.269537      42.269537      42.269537      1.1414607      947.64954      3417.4854      2114.6559    
     39000   39000          527.84836     -1697.4936      26147.571      28016.116      9659.199       18356.918      4397.7158      5132.0085      5096.6716      550.74467     -497.29221      11064.537     -7387.4675     -526.79205      75477.889      42.261014      42.261014      42.261014      1.1421515     -1544.7929     -2612.9792     -934.70861    
     40000   40000          553.49468     -150.00881      28231.529      28397.381      10128.506      18268.875      4392.401       5188.3805      4896.4773      516.0053      -415.52298      11072.197     -7381.0633     -524.48198      75810.33       42.322969      42.322969      42.322969      1.137143       899.01284     -615.83697     -733.2023     
     41000   41000          541.24388      1209.7888      29528.5        28198.303      9904.3262      18293.976      4330.0389      5172.7067      4996.0441      532.48461     -444.06498      11089.49      -7382.7228     -527.38572      75392.925      42.245151      42.245151      42.245151      1.1434386      2213.3209      695.56179      720.48374    
     42000   42000          547.35597      118.93352      28538.684      28408.109      10016.172      18391.937      4302.1043      5197.9526      5081.3927      576.62895     -466.86915      11084.268     -7383.5406     -528.17788      75279.851      42.224021      42.224021      42.224021      1.1451561     -320.21625      641.19601      35.820801    
     43000   43000          544.89265     -1117.7546      26998.439      28228.398      9971.0958      18257.302      4418.694       5180.3441      4982.2824      519.28434     -515.42812      11059.138     -7387.0128     -526.97589      75451.558      42.256099      42.256099      42.256099      1.1425501     -700.99671     -1665.6137     -986.65349    
     44000   44000          548.04597      2376.6246      31065.513      28444.537      10028.799      18415.739      4514.2488      5218.3398      4846.4416      557.36813     -398.90877      11063.431     -7385.1818     -525.81438      75618.228      42.287191      42.287191      42.287191      1.1400318      3370.5313      2445.7245      1313.6179    
     45000   45000          545.67142      1445.0244      30034.618      28451.98       9985.3465      18466.634      4530.2052      5248.701       4930.827       544.69793     -484.69043      11078.981     -7382.0884     -529.45439      75098.352      42.190059      42.190059      42.190059      1.1479238      1707.0563      2641.8969     -13.880038    
     46000   46000          530.80758      698.97076      28830.476      28057.111      9713.3502      18343.761      4407.4697      5177.3335      4950.7471      547.04977     -425.14463      11068.94      -7382.6344     -524.09401      75866.45       42.33341       42.33341       42.33341       1.1363018      389.38149      950.3862       757.14459    
     47000   47000          547.88478      849.01256      29302.924      28365.097      10025.849      18339.248      4535.8812      5053.1927      4903.3689      535.91789     -388.10251      11083.707     -7384.717      -524.96035      75741.247      42.31011       42.31011       42.31011       1.1381801      1128.8327      444.29965      973.90537    
     48000   48000          537.63691     -403.84945      27627.214      28072.362      9838.3215      18234.04       4456.2197      5158.258       4844.5463      532.61523     -450.8417       11081.306     -7388.063      -526.07788      75580.354      42.280129      42.280129      42.280129      1.1406031     -2890.2813      1037.2749      641.45809    
     49000   49000          538.65911      916.59518      29317.36       28310.309      9857.027       18453.282      4488.9471      5328.9834      4879.6718      556.66684     -484.2689       11070.182     -7386.9009     -527.78942      75335.258      42.234377      42.234377      42.234377      1.1443139      2727.239      -6.6398618      29.186377    
     50000   50000          535.72948      562.95271      28881.413      28259.501      9803.417       18456.084      4594.6313      5142.9803      4982.1378      560.02415     -499.2704       11064.534     -7388.9525     -524.90168      75749.713      42.311686      42.311686      42.311686      1.1380529      658.69213      69.746101      960.4199     
     51000   51000          544.52184     -2612.0732      25636.884      28511.509      9964.3102      18547.199      4432.8715      5217.6536      5152.3994      554.23184     -517.61205      11091.147     -7383.4929     -526.91316      75460.541      42.257776      42.257776      42.257776      1.1424141     -736.76958     -3089.5158     -4009.9341    
     52000   52000          532.80959     -230.81975      27957.609      28211.84       9749.9855      18461.854      4473.5425      5051.8406      5189.88        568.6988      -507.17246      11073.576     -7388.5116     -526.47778      75522.944      42.269422      42.269422      42.269422      1.1414701     -714.25479      543.55807     -521.76253    
     53000   53000          548.05653      679.27897      29074.626      28326.181      10028.992      18297.189      4518.1115      5120.2941      4847.5042      539.23115     -426.5048       11086.914     -7388.3612     -526.28752      75550.246      42.274514      42.274514      42.274514      1.1410576     -46.371102      1721.3591      362.84891    
     54000   54000          542.92694      799.93014      29271.842      28396.422      9935.1248      18461.297      4470.2903      5317.5032      4926.2182      538.95203     -462.42824      11060.733     -7389.9721     -529.87108      75039.295      42.178997      42.178997      42.178997      1.1488272     -114.24578      1183.01        1331.0263    
     55000   55000          542.67646      2595.3005      31098.143      28248.197      9930.5413      18317.656      4443.6856      5189.0103      4812.299       525.68436     -326.0281       11061.12      -7388.1155     -528.06314      75296.207      42.227078      42.227078      42.227078      1.1449074      1201.0757      3259.8612      3324.9647    
     56000   56000          545.61905     -255.15491      27912.233      28192.41       9984.3883      18208.022      4424.2828      5171.641       4948.8495      538.9869      -557.58658      11070.092     -7388.2438     -528.08801      75292.662      42.226416      42.226416      42.226416      1.1449613      1058.9256     -2713.9079      889.51759    
     57000   57000          538.34915      2679.4091      31343.876      28392.924      9851.3549      18541.569      4562.0043      5246.579       4859.5106      530.28078     -332.70383      11059.913     -7384.0148     -526.51619      75517.435      42.268394      42.268394      42.268394      1.1415534      2174.3996      4681.5707      1182.257     
     58000   58000          544.66612     -632.00873      27423.706      28119.343      9966.9504      18152.392      4401.0137      5222.3224      4854.219       509.18173     -514.06724      11065.507     -7385.7846     -526.83574      75471.63       42.259846      42.259846      42.259846      1.1422462     -1445.289       512.25845     -962.99558    
     59000   59000          535.04975      1192.4568      29332.583      28018.626      9790.9785      18227.647      4402.2578      5188.1016      4903.4192      519.41386     -466.68276      11068.28      -7387.1426     -526.255        75554.916      42.275385      42.275385      42.275385      1.1409871      1307.6123      1253.8546      1015.9034    
     60000   60000          536.1464       275.09892      28626.202      28321.298      9811.0463      18510.252      4527.7029      5204.3617      4936.1484      560.25038     -416.44884      11082.669     -7384.431      -523.19176      75997.282      42.357731      42.357731      42.357731      1.1343456     -1318.1553      3317.6054     -1174.1533    
     61000   61000          535.87584      1956.5886      30118.15       27962.827      9806.0953      18156.731      4426.0513      5045.1864      4850.4838      555.95034     -395.22944      11061.561     -7387.2725     -526.40741      75533.039      42.271305      42.271305      42.271305      1.1413175      1683.555       1136.5281      3049.6827    
     62000   62000          541.59694      2630.2417      31105.659      28180.17       9910.7869      18269.383      4544.1699      5142.0118      4681.3313      538.65074     -338.17675      11082.117     -7380.721      -521.35318      76265.291      42.407465      42.407465      42.407465      1.1303593      5843.2506      597.77783      1449.6968    
     63000   63000          543.38104      1400.491       29967.431      28416.522      9943.4344      18473.088      4641.6028      5102.4651      4795.5768      560.00491     -318.56119      11071.561     -7379.5614     -523.63534      75932.904      42.345767      42.345767      42.345767      1.1353073      616.24179      1793.9871      1791.2441    
     64000   64000          539.94426      1790.3576      29995.042      28022.573      9880.5441      18142.029      4441.3073      5059.5752      4879.5094      516.41785     -452.67894      11077.345     -7379.4469     -526.33768      75543.046      42.273171      42.273171      42.273171      1.1411664      1248.9469      3279.3934      842.73256    
     65000   65000          538.95158      32.401907      28368.379      28332.572      9862.379       18470.193      4444.3861      5169.1847      5095.0742      541.73308     -487.97641      11086.05      -7378.2595     -524.72582      75775.101      42.316412      42.316412      42.316412      1.1376716      818.17426     -895.44706      174.47852    
     66000   66000          537.55766     -3044.9772      24705.942      28074.318      9836.8712      18237.447      4295.146       5187.8089      5052.2901      524.46003     -493.48826      11061.128     -7389.8974     -524.20155      75850.886      42.330515      42.330515      42.330515      1.136535      -2618.7204     -4965.4968     -1550.7143    
     67000   67000          543.14016     -128.84636      28103.071      28244.511      9939.0266      18305.485      4303.2012      5065.0738      5106.3248      572.36745     -441.37053      11077.549     -7377.6615     -528.24234      75270.665      42.222303      42.222303      42.222303      1.1452959     -74.003764      704.24789     -1016.7832    
     68000   68000          531.75534      417.94147      28548.527      28085.657      9730.6936      18354.964      4510.9614      5217.5452      4834.504       517.15928     -431.78551      11086.122     -7379.5428     -523.59058      75939.395      42.346973      42.346973      42.346973      1.1352103     -1082.4358      2339.3978     -3.1376166    
     69000   69000          535.19535      15.963174      28252.243      28234.614      9793.6429      18440.971      4531.9036      5184.1323      4953.0545      531.57947     -456.07956      11080.342     -7383.9611     -525.0651       75726.137      42.307296      42.307296      42.307296      1.1384072      762.29911      938.61252     -1653.0221    
     70000   70000          533.98782     -494.80494      27528.072      28076.21       9771.5461      18304.663      4521.8802      5190.7091      4869.0933      536.4715      -486.4895       11060.87      -7387.8717     -523.45457      75959.127      42.350641      42.350641      42.350641      1.1349154     -361.75879      992.92194     -2115.578     
     71000   71000          535.80336      2685.7183      31356.88       28389.693      9804.769       18584.924      4510.8336      5240.9062      4966.6995      573.23006     -427.67271      11098.462     -7377.5342     -524.86845      75754.509      42.312579      42.312579      42.312579      1.1379809      2631.8215      2631.7527      2793.5808    
     72000   72000          539.47405      1002.5078      29299.53       28197.622      9871.9397      18325.682      4512.3827      5100.4101      4942.7143      535.83232     -455.11817      11075.363     -7385.9023     -527.56632      75367.116      42.24033       42.24033       42.24033       1.1438302      843.66651      1813.9267      349.93022    
     73000   73000          539.98251      155.0082       28271.402      28101.319      9881.2442      18220.075      4381.1291      5017.5541      5047.3329      536.3706      -454.37973      11074.002     -7381.9336     -528.48127      75236.635      42.215939      42.215939      42.215939      1.1458139      376.93343     -537.15402      625.24519    
     74000   74000          544.07051     -607.95566      27547.829      28218.658      9956.0512      18262.607      4396.2769      5175.9779      4922.4985      532.8004      -412.98313      11037.994     -7389.9569     -525.52667      75659.627      42.294906      42.294906      42.294906      1.139408      -1081.4419      517.6725      -1260.0975    
     75000   75000          528.51416     -673.19872      27115.459      27859.71       9671.3825      18188.328      4339.7512      5170.9285      4878.2799      559.61332     -441.93085      11064.274     -7382.5885     -524.51583      75805.438      42.322059      42.322059      42.322059      1.1372163     -422.83004     -800.73073     -796.03538    
     76000   76000          542.80829     -1614.6403      26470.817      28251.997      9932.9537      18319.043      4327.3961      5173.7917      5124.763       542.45901     -545.11338      11076.616     -7380.8695     -525.65752      75640.793      42.291396      42.291396      42.291396      1.1396917     -832.72282     -246.10203     -3765.0962    
     77000   77000          541.45616      1143.4385      29346.397      28088.659      9908.2106      18180.449      4445.4665      5221.5801      4766.2352      521.05023     -456.93924      11069.339     -7386.2831     -527.17848      75422.562      42.250686      42.250686      42.250686      1.1429893      83.472957      4109.2475     -762.40492    
     78000   78000          538.93286      701.40786      28908.287      28134.979      9862.0364      18272.942      4581.8416      5040.2316      4883.9654      565.66406     -491.39234      11077.592     -7384.9597     -525.96039      75597.236      42.283277      42.283277      42.283277      1.1403483      3326.43       -251.57706     -970.62934    
     79000   79000          532.40865      340.83377      28678.272      28303.072      9742.6485      18560.424      4521.8285      5136.2404      5105.4826      565.62011     -472.44405      11085.189     -7381.4931     -526.76248      75482.126      42.261805      42.261805      42.261805      1.1420874      610.26806      638.23594     -226.00268    
     80000   80000          528.5921      -1793.5824      25979.171      27945.24       9672.8089      18272.431      4401.8509      5108.068       5062.4632      544.39142     -512.90167      11053.773     -7385.2143     -529.00227      75162.536      42.202075      42.202075      42.202075      1.1469435     -1874.1903     -936.21234     -2570.3444    
     81000   81000          533.15564      1458.2389      29631.831      28027.11       9756.3178      18270.792      4488.7562      5111.7881      4830.6273      549.01518     -374.70017      11052.448     -7387.1421     -526.94345      75456.202      42.256966      42.256966      42.256966      1.1424797     -368.12614      2660.9101      2081.9328    
     82000   82000          540.33434      2328.1858      30704.297      28145.561      9887.6824      18257.879      4490.4588      5186.353       4799.4771      509.7257      -390.50772      11052.362     -7389.9899     -527.62703      75358.444      42.23871       42.23871       42.23871       1.1439618      2511.1406      2146.0287      2327.3881    
     83000   83000          529.61531     -1109.8897      26758.114      27981.648      9691.5328      18290.115      4346.5522      5128.1244      5071.7793      526.8821      -460.25109      11067.806     -7390.7782     -526.01581      75589.272      42.281792      42.281792      42.281792      1.1404685     -1200.0006      946.46942     -3076.1378    
     84000   84000          539.68116     -1872.1571      26226.75       28282.407      9875.7296      18406.677      4574.1794      5125.0919      5000.4509      537.25645     -516.46213      11067.683     -7381.5229     -528.11263      75289.152      42.225759      42.225759      42.225759      1.1450147     -3629.1419     -975.86221     -1011.4671    
     85000   85000          533.16786      410.74166      28562.452      28108.248      9756.5416      18351.707      4507.1586      5151.8272      4918.9638      561.59373     -473.03638      11064.927     -7379.7271     -524.38838      75823.861      42.325487      42.325487      42.325487      1.13694        1014.5595     -497.9993       715.66479    
     86000   86000          525.50918     -1068.4426      26808.388      27991.084      9616.3939      18374.69       4437.6347      5095.7069      5031.6589      552.02372     -433.56374      11073.161     -7381.9313     -523.85708      75900.763      42.339791      42.339791      42.339791      1.1357881      980.75569     -1858.0994     -2327.9841    
     87000   87000          535.74154     -72.731526      28025.071      28105.431      9803.6379      18301.793      4464.7477      5201.762       4921.8407      532.02294     -502.78514      11070.673     -7386.4677     -524.82433      75760.877      42.313765      42.313765      42.313765      1.1378852      242.18633     -1756.3008      1295.9199    
     88000   88000          545.88213     -2145.9463      25862.645      28238.106      9989.2023      18248.904      4380.8717      5143.7113      5066.9052      540.12072     -560.01849      11061.001     -7383.6871     -523.84855      75901.999      42.340021      42.340021      42.340021      1.1357696     -3430.3976     -1423.8231     -1583.6183    
     89000   89000          529.96319     -441.1776       27387.07       27872.588      9697.8986      18174.69       4363.3264      5152.7744      4912.4117      534.52816     -461.3761       11063.423     -7390.3984     -526.91814      75459.828      42.257643      42.257643      42.257643      1.1424249      494.47471     -226.35303     -1591.6545    
     90000   90000          538.86987     -1310.97        26787.738      28233.1        9860.8837      18372.216      4386.9888      5211.2993      5011.6398      551.40497     -480.74691      11069.084     -7377.454      -525.95813      75597.561      42.283338      42.283338      42.283338      1.1403434      393.66377     -1007.0928     -3319.4809    
     91000   91000          542.56862      440.8525       28805.489      28322.319      9928.5679      18393.751      4394.3691      5202.8791      4978.4836      549.02509     -426.05284      11076.959     -7381.9119     -529.08817      75150.333      42.199791      42.199791      42.199791      1.1471298      203.50562      758.41754      360.63433    
     92000   92000          541.50336      226.23783      28360.648      28110.33       9909.0744      18201.255      4429.7753      5089.3192      4982.8632      538.80154     -503.18544      11054.965     -7391.2833     -524.09315      75866.574      42.333433      42.333433      42.333433      1.1362999      1495.2874      63.158633     -879.73249    
     93000   93000          531.59836     -721.39166      27098.371      27892.5        9727.821       18164.679      4429.9895      5144.286       4907.6627      527.78662     -522.33252      11065.134     -7387.8472     -526.76245      75482.131      42.261806      42.261806      42.261806      1.1420873     -536.29168     -1610.3154     -17.567903    
     94000   94000          536.66329     -1257.993       26685.741      28069.735      9820.5051      18249.23       4368.0933      5076.0289      5006.7935      566.8842      -450.94663      11069.902     -7387.526      -527.08293      75436.236      42.253239      42.253239      42.253239      1.1427821     -395.5497      -514.86501     -2863.5644    
     95000   95000          529.03964      314.16534      28290.903      27943.638      9680.9985      18262.64       4366.5242      5147.0792      4931.2851      547.62418     -408.86993      11072.251     -7393.2539     -524.60501      75792.551      42.31966       42.31966       42.31966       1.1374097      2144.7353     -499.46529     -702.77401    
     96000   96000          536.0797       23.214471      28216.373      28190.616      9809.8258      18380.791      4486.6149      5056.1829      5070.2023      555.86017     -470.07511      11069.478     -7387.4722     -522.64677      76076.528      42.372449      42.372449      42.372449      1.133164      -644.6833       669.99301      44.333703    
     97000   97000          544.85773     -1313.8245      26864.534      28330.744      9970.4566      18360.287      4424.3437      5065.8338      5045.795       558.02002     -421.3258       11071.625     -7384.004      -519.60828      76521.398      42.454881      42.454881      42.454881      1.1265762     -983.59961     -2879.0763     -78.797403    
     98000   98000          530.92746     -29.309067      28005.118      28037.56       9715.544       18322.016      4370.5398      5151.6629      5009.9188      534.25363     -426.33909      11074.041     -7392.0607     -523.86489      75899.632      42.339581      42.339581      42.339581      1.135805      -591.97076      1285.819      -781.77541    
     99000   99000          539.30847      88.744649      28445.319      28347.223      9868.9096      18478.314      4457.4313      5131.7502      5103.6178      551.2204      -438.76856      11061.982     -7388.9193     -524.59916      75793.397      42.319818      42.319818      42.319818      1.137397       1888.7833     -1229.2083     -393.34103    
    100000   100000         535.84444      387.08063      28666.678      28236.922      9805.5208      18431.401      4554.5301      5169.3859      4822.5701      544.98455     -343.97126      11072.338     -7388.4359     -522.29346      76127.991      42.382001      42.382001      42.382001      1.132398       2029.5205     -277.2198      -591.05881    
    101000   101000         524.68669     -2198.0235      25275.281      27688.778      9601.3429      18087.435      4327.7526      5176.7061      4928.0404      527.88773     -545.69592      11056.972     -7384.2283     -528.10523      75290.207      42.225957      42.225957      42.225957      1.1449986     -4790.5495     -1927.9574      124.43647    
    102000   102000         539.02423     -999.7792       27041.097      28142.833      9863.7084      18279.125      4476.222       5190.5563      4894.9658      526.45334     -497.14371      11075.245     -7387.1742     -526.21281      75560.974      42.276515      42.276515      42.276515      1.1408956     -3785.3476      309.27988      476.73015    
    103000   103000         530.70397     -2072.842       25507.294      27785.739      9711.4544      18074.284      4312.3543      5147.2704      4931.2569      511.68006     -498.74545      11057.005     -7386.5365     -527.54859      75369.649      42.240803      42.240803      42.240803      1.1437918     -1183.8124     -1127.3908     -3907.323     
    104000   104000         532.13483     -259.15437      27821.51       28108.426      9737.6378      18370.788      4370.2982      5258.7144      5014.0559      524.67375     -466.36511      11059.357     -7389.9458     -523.76666      75913.866      42.342228      42.342228      42.342228      1.135592      -121.33791     -241.43148     -414.69372    
    105000   105000         537.15751      178.76948      28462.052      28266.303      9829.5489      18436.754      4431.6748      5225.1861      4958.8953      524.226       -407.86998      11092.46      -7387.8182     -529.57552      75081.175      42.186842      42.186842      42.186842      1.1481864     -1202.0211      1795.1278     -56.798309    
    106000   106000         527.40509     -729.37889      27195.097      27999.791      9651.0875      18348.703      4450.6801      5169.5028      5030.3323      552.28787     -544.26578      11078.532     -7388.3663     -525.6026       75648.698      42.292869      42.292869      42.292869      1.1395726     -618.13484     -843.35851     -726.64333    
    107000   107000         533.16503     -1054.4043      26716.991      27885.18       9756.4897      18128.69       4348.9522      5079.8794      4987.9375      566.19516     -545.54537      11075.987     -7384.7157     -523.39441      75967.858      42.352264      42.352264      42.352264      1.134785      -66.339764     -3274.7093      177.83617    
    108000   108000         534.85647      521.70608      28771.583      28198.374      9787.4416      18410.933      4463.8439      5213.2905      5008.2932      550.55292     -508.4039       11067.129     -7383.7727     -527.77395      75337.466      42.23479       42.23479       42.23479       1.1442804      324.28021      1195.7614      45.07666     
    109000   109000         528.98502      114.40832      28081.7        27956.069      9679.9989      18276.07       4402.7509      5155.1189      4973.8993      538.4855      -490.65783      11083.076     -7386.6026     -528.07534      75294.468      42.226753      42.226753      42.226753      1.1449338     -283.57678      2862.2063     -2235.4046    
    110000   110000         537.60469     -398.42226      27664.033      28103.578      9837.7319      18265.846      4334.9019      5155.0798      5030.7698      527.842       -487.92567      11086.576     -7381.3972     -525.6241       75645.603      42.292293      42.292293      42.292293      1.1396192      1852.633      -2557.2057     -490.6941     
    111000   111000         531.57047     -895.16782      27016.693      28010.777      9727.3106      18283.467      4424.7481      5101.8976      5018.6742      546.40127     -505.75526      11083.88      -7386.3789     -522.1752       76145.233      42.3852        42.3852        42.3852        1.1321416     -107.95101     -621.38329     -1956.1692    
    112000   112000         529.14317      810.26222      28963.221      28073.471      9682.8929      18390.578      4474.0291      5179.8253      4908.6297      527.24529     -390.3552       11081.044     -7389.8397     -528.07143      75295.026      42.226857      42.226857      42.226857      1.1449253      482.21684      1266.3934      682.17639    
    113000   113000         529.34878     -796.53332      26894.74       27772.674      9686.6554      18086.019      4401.904       5077.5023      4876.195       528.75326     -468.66207      11057.141     -7386.8147     -526.11025      75575.702      42.279262      42.279262      42.279262      1.1406733     -1662.473      -490.64782     -236.47914    
    114000   114000         529.8789      -1741.0157      26085.333      27993.067      9696.3562      18296.711      4445.9936      5175.9163      4880.6721      528.39331     -404.15894      11059.583     -7389.689      -529.19998      75134.455      42.196819      42.196819      42.196819      1.1473722     -4054.4798     -1876.7546      708.18734    
    115000   115000         533.75696     -669.91862      27270.981      28006.841      9767.3215      18239.52       4465.07        5169.5994      4895.5489      524.25572     -469.18833      11043.074     -7388.8394     -527.91222      75317.734      42.231102      42.231102      42.231102      1.1445801      1847.4831     -754.01542     -3103.2235    
    116000   116000         530.66926      396.31644      28262.168      27822.556      9710.8191      18111.737      4312.9955      5202.7069      4810.4645      535.67153     -444.89633      11079.022     -7384.2274     -522.7661       76059.162      42.369224      42.369224      42.369224      1.1334227      449.91775     -1592.4185      2331.4501    
    117000   117000         531.68221      946.6314       29072.169      28038.766      9729.3553      18309.411      4362.5729      5153.7514      5019.9811      554.9074      -466.05344      11072.017     -7387.7653     -531.18556      74853.601      42.144176      42.144176      42.144176      1.1516772      3701.7047     -213.73927     -648.07121    
    118000   118000         529.82938      1501.0936      29653.608      28002.967      9695.4501      18307.517      4482.0857      5155.9         4882.325       527.47081     -418.27504      11068.325     -7390.3146     -527.3391       75399.59       42.246396      42.246396      42.246396      1.1433376      642.96938      1963.1195      1897.1921    
    119000   119000         526.24126      1244.8422      29241.307      27881.862      9629.7904      18252.071      4465.5119      5137.7262      4889.2462      533.70318     -478.64628      11091.099     -7386.5683     -530.99142      74880.969      42.149311      42.149311      42.149311      1.1512562     -1578.1929      3355.5148      1957.2046    
    120000   120000         534.71338     -1085.5399      26656.81       27841.332      9784.8232      18056.509      4319.1366      5073.8987      4986.178       548.68703     -547.84564      11068.353     -7391.8981     -531.41927      74820.682      42.137997      42.137997      42.137997      1.1521839     -2089.8978      625.66143     -1792.3832    
    121000   121000         538.30202     -1237.5633      26706.075      28066.174      9850.4924      18215.682      4413.3732      5224.1681      4945.1339      534.84201     -603.93753      11088.066     -7385.9641     -527.6325       75357.663      42.238564      42.238564      42.238564      1.1439737     -1485.1917     -2388.2279      160.72978    
    122000   122000         528.94492     -327.70975      27594.586      27952.882      9679.2652      18273.617      4436.819       5214.0391      4950.455       536.02651     -559.79735      11078.9       -7382.8259     -530.37425      74968.105      42.165654      42.165654      42.165654      1.1499181     -794.86622     -2146.7023      1958.4392    
    123000   123000         536.67655     -2.4639298      28034.923      28037.624      9820.7476      18216.876      4410.4338      5080.1148      4986.409       541.30153     -470.23415      11054.571     -7385.7197     -528.94226      75171.064      42.203671      42.203671      42.203671      1.1468134     -694.20781     -44.866294      731.68232    
    124000   124000         530.08007     -301.42282      27530.946      27859.23       9700.0375      18159.193      4348.0937      5146.5503      5027.9487      559.47856     -596.99748      11062.167     -7388.0479     -532.4279       74678.941      42.111371      42.111371      42.111371      1.1543707      1686.4208     -2830.6608      239.97156    
    125000   125000         537.25012      607.1835       28761.584      28093.467      9831.2436      18262.223      4373.9584      5262.696       4830.4671      549.60894     -428.31169      11064.512     -7390.7078     -526.98952      75449.607      42.255735      42.255735      42.255735      1.1425796     -1502.9261      2688.0623      636.41435    
    126000   126000         531.86097      1049.15        29177.525      28021.738      9732.6265      18289.112      4401.0727      5154.1125      4921.4097      540.45965     -408.38713      11064.544     -7384.0999     -526.37417      75537.81       42.272195      42.272195      42.272195      1.1412455     -162.84959      1929.2829      1381.0167    
    127000   127000         522.85823     -1087.8853      26652.606      27851.036      9567.8837      18283.153      4462.8564      5222.5178      4883.068       531.85465     -495.21242      11061.027     -7382.9584     -526.38684      75535.991      42.271855      42.271855      42.271855      1.1412729      542.09857     -1044.9417     -2760.8127    
    128000   128000         536.41489      1389.5663      29532.318      28002.508      9815.9596      18186.549      4465.2781      5162.2281      4868.0133      530.53241     -518.37043      11061.527     -7382.6593     -526.71627      75488.748      42.263041      42.263041      42.263041      1.1419872      1549.9379     -656.86596      3275.6269    
    129000   129000         542.52614     -902.57765      27151.331      28136.739      9927.7904      18208.949      4357.4817      5154.8181      5039.9479      518.56743     -560.64997      11084.573     -7385.7894     -531.13303      74861.004      42.145565      42.145565      42.145565      1.1515633     -39.17707      -2274.5706     -393.98531    
    130000   130000         534.06745     -87.335781      27866.461      27962.422      9773.0034      18189.419      4325.2351      5137.4374      5044.1729      516.55027     -530.5378       11083.841     -7387.2805     -527.75539      75340.115      42.235285      42.235285      42.235285      1.1442401     -629.97524     -206.65533      574.62323    
    131000   131000         522.88804     -1386.0591      26213.626      27725.811      9568.4292      18157.382      4395.0929      5114.6048      4984.1486      523.39798     -529.90406      11060.705     -7390.6626     -531.5102       74807.881      42.135594      42.135594      42.135594      1.152381      -1585.8521      223.4494      -2795.7747    
    132000   132000         533.38788     -959.76587      27018.455      28067.742      9760.5676      18307.174      4439.4796      5188.5811      4940.8654      518.93727     -468.92666      11075.412     -7387.175      -530.40296      74964.047      42.164893      42.164893      42.164893      1.1499804     -2254.007       244.94026     -870.2309     
    133000   133000         526.87071     -1210.8288      26580.083      27916.328      9641.3088      18275.02       4412.9563      5202.8566      4940.1546      539.67856     -503.16489      11071.12      -7388.5815     -525.44984      75670.691      42.296968      42.296968      42.296968      1.1392414     -1196.6543     -1210.7643     -1225.0679    
    134000   134000         538.18837      460.63275      28640.849      28134.187      9848.4128      18285.774      4519.2807      5198.6507      4832.3368      552.45876     -483.40753      11054.719     -7388.2644     -527.19438      75420.287      42.250261      42.250261      42.250261      1.1430238      1342.9648     -376.02072      414.95421    
    135000   135000         528.31706      870.31799      28863.648      27909.686      9667.7757      18241.91       4434.6274      5150.5382      4909.5338      525.36365     -459.37142      11073.052     -7391.8336     -529.03191      75158.324      42.201287      42.201287      42.201287      1.1470078      513.00941      1744.7758      353.1688     
    136000   136000         537.80097     -893.01166      27060.65       28039.705      9841.3237      18198.382      4335.9039      5147.9069      4958.4799      534.23141     -466.31176      11073.289     -7385.1176     -528.91336      75175.171      42.20444       42.20444       42.20444       1.1467507     -556.12262     -1292.0899     -830.82246    
    137000   137000         532.53514     -806.86478      26895.989      27775.564      9744.9633      18030.601      4355.5576      5062.4972      4979.7756      519.53736     -564.82681      11067.783     -7389.7229     -531.93965      74747.487      42.124252      42.124252      42.124252      1.1533121     -736.85755     -1291.3381     -392.3987     
    138000   138000         523.60132     -173.83148      27581.9        27773.528      9581.4816      18192.046      4460.7353      5115.484       4941.5742      536.21015     -538.74952      11067.074     -7390.2815     -526.02219      75588.355      42.281621      42.281621      42.281621      1.1404823      536.89981     -433.67632     -624.71794    
    139000   139000         528.46296     -625.82296      27306.531      28000.482      9670.4456      18330.036      4442.5262      5218.5066      4884.3939      501.7823      -424.53703      11092.682     -7385.3182     -522.94685      76032.874      42.364342      42.364342      42.364342      1.1338146     -193.04337     -1243.144      -441.28147    
    140000   140000         531.01136      1448.7329      29426.37       27837.211      9717.0793      18120.132      4395.0648      5136.7936      4785.9726      531.14038     -410.20913      11073.802     -7392.4323     -528.63482      75214.78       42.211851      42.211851      42.211851      1.1461468     -780.41086      2498.5894      2628.0201    
    141000   141000         530.58035     -606.31207      27241.14       27904.996      9709.1921      18195.804      4305.5129      5214.7884      4955.1431      536.29711     -479.01442      11054.889     -7391.8116     -529.61118      75076.119      42.185895      42.185895      42.185895      1.1482637     -1560.3261     -700.50303      441.89294    
    142000   142000         533.51344     -555.30771      27342.257      27955.799      9762.8654      18192.934      4349.9186      5221.7874      4847.2455      531.85636     -455.11912      11085.979     -7388.7341     -524.83662      75759.103      42.313434      42.313434      42.313434      1.1379119     -1422.6549     -1618.9384      1375.6702    
    143000   143000         535.50385      967.99303      29135.469      28073.993      9799.2883      18274.705      4530.8002      5129.7538      4889.0604      534.0481      -492.76402      11074.374     -7390.5673     -528.80678      75190.322      42.207275      42.207275      42.207275      1.1465197      3423.4097      306.1585      -825.58909    
    144000   144000         529.81669     -58.236117      27661.984      27725.19       9695.2179      18029.972      4420.6312      5032.7887      4922.9136      515.47421     -538.96976      11064.925     -7387.791      -534.28096      74419.931      42.06263       42.06263       42.06263       1.1583884     -776.39519      22.808357      578.87848    
    145000   145000         535.8014       556.76124      28666.67       28054.976      9804.7332      18250.243      4405.8618      5232.197       4868.7748      526.68962     -479.5267       11080.2       -7383.9537     -527.80094      75333.614      42.23407       42.23407       42.23407       1.1443389      187.14198      703.13334      780.0084     
    146000   146000         526.42387     -1066.8792      26750.128      27926.422      9633.1319      18293.29       4382.4261      5075.2854      5146.1902      536.74135     -543.49223      11075.842     -7379.7031     -525.93749      75600.527      42.283891      42.283891      42.283891      1.1402987     -929.505       -2473.6818      202.54934    
    147000   147000         518.85956     -1206.3419      26451.374      27778.506      9494.7112      18283.795      4343.8039      5144.0337      5049.6736      545.83953     -488.9014       11079.703     -7390.3573     -527.09773      75434.117      42.252843      42.252843      42.252843      1.1428142     -717.34886      768.15598     -3669.8327    
    148000   148000         532.97068     -2362.3312      25508.651      28125.799      9752.9333      18372.866      4302.6616      5251.8327      5054.0269      524.74466     -436.86659      11064.273     -7387.8068     -523.41627      75964.685      42.351674      42.351674      42.351674      1.1348324     -1484.7158     -1703.4624     -3898.8155    
    149000   149000         534.95922     -1162.6794      26516.844      27783.804      9789.322       17994.482      4216.6005      5160.0785      4912.7467      522.34339     -496.6362       11065.137     -7385.7872     -532.14714      74718.342      42.118776      42.118776      42.118776      1.153762      -1197.8981     -971.37795     -1318.7621    
    150000   150000         532.86693     -85.37376       27951.987      28045.412      9751.0347      18294.377      4469.6296      5096.2447      4977.9689      552.48121     -483.54372      11069.087     -7387.4906     -529.90633      75034.303      42.178062      42.178062      42.178062      1.1489036     -11.514142     -321.90232      77.295184    
    151000   151000         524.01491      640.5913       28513.529      27810.675      9589.0499      18221.625      4430.3436      5126.8206      4979.2353      523.16499     -508.32798      11060.635     -7390.2471     -528.50695      75232.979      42.215255      42.215255      42.215255      1.1458696      1252.4676      1404.3621     -735.05573    
    152000   152000         529.79836      1663.8508      29686.683      27862.492      9694.8824      18167.61       4378.8441      5151.769       4939.3531      560.19591     -554.1534       11082.529     -7390.9279     -528.90651      75176.144      42.204622      42.204622      42.204622      1.1467359      833.72808      2395.6622      1762.162     
    153000   153000         532.51597     -907.90275      27112.506      28114.609      9744.6124      18369.996      4398.6321      5177.2782      5012.2739      531.02814     -443.90463      11081.703     -7387.0138     -525.36606      75682.757      42.299216      42.299216      42.299216      1.1390598      162.68166     -2316.5414     -569.84855    
    154000   154000         533.08237     -967.87226      26737.522      27808.711      9754.9771      18053.733      4383.3026      5000.0032      4946.3847      540.87761     -495.28912      11067.106     -7388.6515     -523.94641      75887.822      42.337385      42.337385      42.337385      1.1359818      1460.7699     -365.13953     -3999.2471    
    155000   155000         536.03114     -1339.572       26472.008      27948.249      9808.9373      18139.312      4343.7232      5081.0425      5027.1003      532.66508     -526.47986      11069.341     -7388.08       -526.19111      75564.089      42.277096      42.277096      42.277096      1.1408486     -3322.9108     -693.50421     -2.3010266    
    156000   156000         518.30727      1256.9824      29025.139      27632.499      9484.6048      18147.894      4362.7679      5101.0871      4862.5027      536.76826     -385.12183      11057.78      -7387.8904     -523.38953      75968.566      42.352395      42.352395      42.352395      1.1347744      2442.4897     -501.61172      1830.0692    
    157000   157000         525.10922      869.40288      28678.436      27723.585      9609.0748      18114.51       4406.8782      5109.2243      4904.3296      510.36589     -491.80819      11068.93      -7393.41       -527.98318      75307.611      42.22921       42.22921       42.22921       1.144734       1365.2283     -466.04574      1709.0261    
    158000   158000         536.2633       2007.8841      30297.534      28083.272      9813.1855      18270.086      4448.9761      5099.0722      4958.9653      528.97966     -467.84765      11082.383     -7380.4427     -525.82889      75616.142      42.286802      42.286802      42.286802      1.1400632      1761.3315      1098.0009      3164.3197    
    159000   159000         517.53226     -2494.2882      24985.946      27741.625      9470.4227      18271.203      4342.6088      5250.6183      4938.9713      528.9466      -482.89175      11079.51      -7386.561      -524.87135      75754.091      42.312501      42.312501      42.312501      1.1379872     -2236.2403     -3071.2596     -2175.3648    
    160000   160000         528.1675       109.77932      28003.656      27882.841      9665.0389      18217.802      4365.1698      5149.9826      4935.562       520.5829      -435.2882       11071.129     -7389.3361     -526.90738      75461.368      42.257931      42.257931      42.257931      1.1424015      86.8458       -761.61006      1004.1022    
    161000   161000         520.22977      1035.0899      28804.565      27665.022      9519.7849      18145.237      4383.3305      5027.2385      4922.7337      532.83725     -432.95701      11097.205     -7385.1511     -526.72262      75487.838      42.262871      42.262871      42.262871      1.142001       999.98169      2558.9171     -453.62893    
    162000   162000         526.754        331.7491       28281.459      27915.901      9639.1731      18276.728      4337.4946      5223.2712      4955.8074      522.55218     -435.31628      11065.952     -7393.0332     -526.24568      75556.253      42.275635      42.275635      42.275635      1.1409669      27.001697      1639.2422     -670.99658    
    163000   163000         524.06813      203.35106      27891.481      27666.027      9590.0239      18076.003      4231.6406      5218.744       4847.3462      532.41022     -443.73619      11074.393     -7384.7949     -523.02536      76021.461      42.362223      42.362223      42.362223      1.1339848     -567.85065     -1296.2404      2474.1443    
    164000   164000         524.59828      1597.1306      29551.847      27793.645      9599.7252      18193.919      4316.0281      5160.5104      4912.777       531.27895     -441.68122      11102.912     -7387.9057     -526.75216      75483.605      42.262081      42.262081      42.262081      1.142065       2848.7245      1819.7961      122.87134    
    165000   165000         531.13071      925.49007      28832.591      27815.443      9719.2632      18096.18       4457.0645      5100.2502      4751.049       494.49735     -400.48315      11079.949     -7386.1468     -527.62149      75359.236      42.238857      42.238857      42.238857      1.1439498     -45.822238      1972.3345      849.95797    
    166000   166000         522.34058     -228.16313      27554.034      27805.524      9558.411       18247.113      4325.0617      5207.6011      4963.4849      539.27374     -490.12247      11089.073     -7387.2589     -526.08956      75578.675      42.279816      42.279816      42.279816      1.1406284      190.35046     -925.12814      50.288288    
    167000   167000         524.93655     -836.60172      26836.032      27762.976      9605.9151      18157.061      4483.5643      5131.7069      4750.9762      518.87284     -427.08378      11086.403     -7387.3792     -523.35942      75972.936      42.353207      42.353207      42.353207      1.1347091     -1049.533      -1768.2011      307.92888    
    168000   168000         530.13821     -1693.9943      25960.699      27836.013      9701.1014      18134.912      4257.1555      5190.199       4908.1762      521.66604     -430.53862      11078.009     -7389.755      -523.80882      75907.756      42.341092      42.341092      42.341092      1.1356835     -382.93969     -2482.5702     -2216.4729    
    169000   169000         534.19635      1713.6913      29763.731      27887.531      9775.362       18112.169      4313.7389      5199.9312      4780.7156      550.43328     -418.47949      11073.471     -7387.6421     -529.64919      75070.731      42.184886      42.184886      42.184886      1.1483461      1776.2888      407.31714      2957.468     
    170000   170000         531.32617     -1258.4848      26379.053      27769.761      9722.8401      18046.921      4157.1687      5213.657       4925.4507      533.57324     -463.59632      11069.329     -7388.6618     -524.74341      75772.561      42.31594       42.31594       42.31594       1.1377098     -999.93568     -196.79904     -2578.7198    
    171000   171000         536.03421     -820.29621      27071.568      27982.366      9808.9934      18173.373      4350.3228      5126.4701      4932.4613      542.49019     -479.61954      11084.869     -7383.6212     -522.25626      76133.413      42.383007      42.383007      42.383007      1.1323173     -454.63925     -1704.1367     -302.11273    
    172000   172000         532.46025      673.23312      28389.039      27649.365      9743.5928      17905.772      4204.0866      5218.7256      4753.3728      489.6028      -459.45247      11086.272     -7386.8351     -527.7888       75335.347      42.234394      42.234394      42.234394      1.1443126      1588.3399      1639.8837     -1208.5242    
    173000   173000         531.68891     -834.18378      27051.452      27969.844      9729.478       18240.366      4310.9691      5247.5652      4923.5693      530.91694     -458.3771       11072.19      -7386.4675     -526.70649      75490.15       42.263302      42.263302      42.263302      1.141966      -2017.5161      337.02581     -822.06103    
    174000   174000         529.1707      -275.85538      27476.057      27781.369      9683.3968      18097.972      4366.2777      5148.6357      4832.3558      532.1507      -466.88879      11075.388     -7389.9466     -523.92855      75890.409      42.337866      42.337866      42.337866      1.1359431     -761.17428     -1399.145       1332.7531    
    175000   175000         527.83625     -3413.0188      24116.884      27859.648      9658.9774      18200.671      4320.1197      5103.2804      5103.3715      514.78753     -512.98034      11062.61      -7390.5183     -528.78732      75193.089      42.207793      42.207793      42.207793      1.1464775     -3981.1185     -3551.7982     -2706.1397    
    176000   176000         521.53509      176.79444      27845.722      27651.041      9543.6712      18107.37       4362.0411      5073.6201      4957.0101      520.74013     -480.25016      11063.928     -7389.7197     -526.59896      75505.564      42.266179      42.266179      42.266179      1.1417328     -545.8161       420.56325      655.63617    
    177000   177000         522.43032      2569.4914      30428.767      27614.019      9560.0531      18053.966      4362.3311      5074.7836      4870.1352      520.39283     -454.05235      11072.304     -7391.9288     -529.34946      75113.237      42.192847      42.192847      42.192847      1.1476963      1983.5368      2676.8993      3048.038     
    178000   178000         526.17577     -972.12387      26655.114      27733.034      9628.5919      18104.442      4396.4172      5067.5082      4863.1895      530.92869     -421.55301      11062.32      -7394.3685     -522.96177      76030.705      42.36394       42.36394       42.36394       1.1338469     -2074.3554     -1229.2388      387.22268    
    179000   179000         531.63805      296.87362      28176.18       27848.342      9728.5473      18119.795      4306.4528      5111.0612      4956.1148      524.64164     -462.14832      11073.757     -7390.0847     -525.10596      75720.246      42.306199      42.306199      42.306199      1.1384958     -1376.3601      1514.4729      752.50811    
    180000   180000         536.17161     -20.541867      27971.025      27993.638      9811.5078      18182.13       4362.4573      5169.9766      4950.1807      546.20223     -521.83026      11064.791     -7389.6472     -526.76547      75481.698      42.261725      42.261725      42.261725      1.1420939      2330.4387     -653.79354     -1738.2708    
    181000   181000         519.96917      1497.6765      29151.237      27500.974      9515.0162      17985.958      4225.6126      5203.3809      4822.8973      531.97795     -487.71159      11078.647     -7388.8462     -526.25935      75554.291      42.275269      42.275269      42.275269      1.1409965      2172.0482      954.93459      1366.0466    
    182000   182000         524.65638      1861.5888      29861.72       27803.784      9600.7884      18202.996      4416.8391      5125.4673      4792.8702      522.92398     -339.6915       11073.214     -7388.6276     -524.54994      75800.509      42.321142      42.321142      42.321142      1.1372903      979.21036      1711.3095      2894.2466    
    183000   183000         530.6421       1304.4842      29176.245      27739.785      9710.3221      18029.463      4431.2294      5107.2562      4794.1266      523.49963     -501.44857      11064.428     -7389.6291     -526.59891      75505.572      42.26618       42.26618       42.26618       1.1417327      1405.5372      3472.9722     -965.05684    
    184000   184000         523.5677      -172.80197      27529.129      27719.669      9580.8664      18138.803      4349.8113      5070.5783      4932.5833      520.52284     -417.68345      11074.879     -7391.8887     -525.89364      75606.832      42.285066      42.285066      42.285066      1.1402036      8.5982653      532.61682     -1059.621     
    185000   185000         518.96646     -676.77185      26875.09       27621.239      9496.6673      18124.572      4286.8008      5148.7291      4947.1587      524.14928     -452.46844      11062.226     -7392.0234     -525.95824      75597.546      42.283335      42.283335      42.283335      1.1403437     -655.56075     -388.89406     -985.86074    
    186000   186000         523.78503     -1710.0771      25886.373      27755.934      9584.8433      18171.091      4349.9725      5156.3317      5005.3989      522.73743     -536.69609      11064.678     -7391.3322     -530.40887      74963.211      42.164737      42.164737      42.164737      1.1499932     -18.074085     -1391.7974     -3720.3598    
    187000   187000         530.86413      1453.3178      29413.949      27811.613      9714.3851      18097.228      4319.8651      5101.3268      4841.8039      550.20213     -386.0347       11058.992     -7388.9268     -525.94696      75599.166      42.283637      42.283637      42.283637      1.1403192      1591.9227      2157.325       610.70568    
    188000   188000         523.83391      768.76426      28582.121      27737.158      9585.7377      18151.42       4435.9437      5077.5832      4831.6241      557.6468      -418.99132      11063.544     -7395.9307     -527.58223      75364.843      42.239905      42.239905      42.239905      1.1438647      1393.5043     -139.92053      1052.7091    
    189000   189000         528.11956     -442.43028      27422.657      27913.787      9664.1616      18249.625      4416.6283      5136.9001      5006.1456      538.91093     -531.12813      11069.739     -7387.5703     -522.37615      76115.941      42.379765      42.379765      42.379765      1.1325772     -1458.8842     -1114.8004      1246.3938    
    190000   190000         529.08128     -1540.0002      25941.28       27631.358      9681.7604      17949.598      4249.2076      5092.209       4845.4016      548.60939     -445.25926      11051.424     -7391.9947     -528.38307      75250.617      42.218554      42.218554      42.218554      1.145601      -300.48784     -1943.5009     -2376.012     
    191000   191000         534.21769      429.00055      28189.586      27719.698      9775.7525      17943.945      4291.9821      5160.3014      4816.4922      519.49394     -527.5522       11071.768     -7388.5398     -529.41764      75103.565      42.191036      42.191036      42.191036      1.1478441      1239.6741     -850.19873      897.52628    
    192000   192000         519.99749      317.23319      28195.915      27845.536      9515.5344      18330.002      4455.4666      5299.5548      4816.349       536.60794     -471.79287      11082.61      -7388.7939     -525.01957      75732.704      42.308519      42.308519      42.308519      1.1383085      29.25534       893.25099      29.193249    
    193000   193000         524.50051     -1204.2945      26190.251      27511.773      9597.936       17913.838      4353.7447      5026.5796      4829.0556      512.65117     -487.27773      11067.947     -7388.8629     -528.43657      75242.999      42.217129      42.217129      42.217129      1.145717      -1812.4215     -1350.9539     -449.50817    
    194000   194000         516.89209     -188.23875      27409.684      27615.178      9458.7081      18156.47       4430.8462      5156.6991      4862.0365      541.17565     -509.93099      11069.326     -7393.6821     -531.1828       74853.99       42.144249      42.144249      42.144249      1.1516712     -1563.6664      1202.418      -203.4678     
    195000   195000         530.32208      444.01639      28251.148      27760.601      9704.4661      18056.135      4415.7759      5155.4634      4802.4837      519.42723     -510.13518      11059.375     -7386.2551     -524.87252      75753.922      42.31247       42.31247       42.31247       1.1379897      83.654655      946.29696      302.09755    
    196000   196000         522.02338     -662.913        26788.069      27523.002      9552.6066      17970.396      4441.1014      5066.1281      4787.3783      515.08751     -529.65197      11077.581     -7387.2288     -523.05038      76017.824      42.361547      42.361547      42.361547      1.1340391      37.818874      582.48643     -2609.0443    
    197000   197000         524.71783     -2832.2715      24553.66       27669.984      9601.9128      18068.071      4472.1047      5024.38        4914.9578      522.80613     -545.30845      11070.835     -7391.7046     -527.02013      75445.224      42.254917      42.254917      42.254917      1.142646      -2892.2507     -2636.8971     -2967.6668    
    198000   198000         529.68163     -213.50302      27501.984      27735.721      9692.7463      18042.975      4406.1509      5042.9332      4870.1027      533.88676     -473.77091      11056.311     -7392.6393     -529.67716      75066.767      42.184144      42.184144      42.184144      1.1484068     -826.55436      766.49285     -580.44754    
    199000   199000         527.14302     -66.582575      27423.804      27496.89       9646.2919      17850.598      4300.9772      5126.5484      4694.5224      534.66685     -488.11335      11073.709     -7391.7127     -528.2781       75265.57       42.22135       42.22135       42.22135       1.1453734     -1133.0637      276.36629      656.94964    
    200000   200000         528.59901      166.11123      27713.317      27530.708      9672.9353      17857.773      4394.4666      5046.9264      4812.8963      507.56543     -569.13788      11059.422     -7394.3662     -527.48783      75378.331      42.242425      42.242425      42.242425      1.14366        2527.7822     -1043.1365     -986.31203    
    201000   201000         522.20414     -913.1762       26660.963      27667.172      9555.9143      18111.257      4341.4723      5098.0047      4938.709       550.58336     -489.30143      11065.839     -7394.0496     -526.26101      75554.053      42.275224      42.275224      42.275224      1.1410001      158.97904     -1087.4406     -1811.067     
    202000   202000         523.56422      1381.8806      29245.792      27730.262      9580.8026      18149.46       4363.4734      5137.4923      4880.7824      548.6721      -461.51217      11077.312     -7396.7605     -528.73854      75200.026      42.209091      42.209091      42.209091      1.1463717      1956.1785      1162.2255      1027.2377    
    203000   203000         526.6221       1168.4515      28864.52       27576.937      9636.7593      17940.178      4333.6195      5142.084       4700.7928      509.0024      -416.08493      11061.9       -7391.1356     -526.2234       75559.453      42.276232      42.276232      42.276232      1.1409186     -70.192265      649.8522       2925.6947    
    204000   204000         522.75021      18.150849      27821.681      27801.653      9565.9069      18235.746      4544.7958      5142.9972      4828.2537      528.89883     -492.5326       11069.683     -7386.3495     -525.51256      75661.658      42.295285      42.295285      42.295285      1.1393774     -150.16041      1390.8085     -1186.1955    
    205000   205000         529.00657     -277.01305      27601.439      27906.13       9680.3932      18225.737      4471.5934      5124.8078      4844.307       537.99873     -425.99592      11066.396     -7393.3698     -527.20045      75419.419      42.250099      42.250099      42.250099      1.143037      -774.74353     -511.75173      455.4561     
    206000   206000         531.43415     -557.62194      27139.032      27754.19       9724.8161      18029.374      4412.1001      5092.9023      4836.5782      546.39109     -538.32071      11070.553     -7390.8294     -525.63963      75643.368      42.291876      42.291876      42.291876      1.1396529     -1409.9093      1322.237      -1585.1935    
    207000   207000         530.20986      1665.3828      29526.283      27726.621      9702.4126      18024.209      4434.364       5009.0708      4873.5771      522.91454     -472.6356       11048.023     -7391.1046     -536.60917      74097.042      42.001709      42.001709      42.001709      1.1634362      2016.9358      997.39316      1981.8196    
    208000   208000         520.51735      782.31579      28334.856      27477.6        9525.0474      17952.553      4356.6074      5116.5915      4807.9359      529.50225     -518.80441      11053.706     -7392.9864     -529.1834       75136.809      42.19726       42.19726       42.19726       1.1473362     -186.65065      1734.1669      799.43106    
    209000   209000         529.27417      322.35914      28165.231      27809.861      9685.2901      18124.571      4490.4064      5124.8621      4800.8788      512.01176     -473.03919      11061.039     -7391.5878     -526.00932      75590.204      42.281966      42.281966      42.281966      1.1404544      128.80319      609.86032      228.41391    
    210000   210000         511.42919     -596.11012      26708.76       27364.498      9358.7413      18005.757      4279.4975      5212.7682      4794.8737      524.83336     -485.25552      11066.612     -7387.5722     -527.1461       75427.196      42.251551      42.251551      42.251551      1.1429191     -725.78949      589.99232     -1652.5332    
    211000   211000         523.44326     -540.88669      27117.975      27708.981      9578.5892      18130.392      4332.5335      5131.3911      4971.6582      530.87203     -503.10942      11058.559     -7391.5131     -530.70002      74922.085      42.157025      42.157025      42.157025      1.1506245     -491.93245     -2252.2507      1121.5231    
    212000   212000         525.25137      1168.8348      29120.72       27826.658      9611.6762      18214.982      4511.9912      5132.5278      4816.289       532.17282     -449.00448      11061.835     -7390.8296     -523.76051      75914.757      42.342393      42.342393      42.342393      1.1355787     -187.94217      2963.5837      730.86293    
    213000   213000         518.92717     -1547.1963      25800.357      27504.839      9495.9485      18008.891      4351.3861      5197.5324      4798.0652      527.2133      -536.87259      11061.412     -7389.845      -526.36584      75539.006      42.272418      42.272418      42.272418      1.1412274     -851.81761     -1837.533      -1952.2384    
    214000   214000         520.63485      575.85104      28304.408      27672.709      9527.1976      18145.511      4365.8861      5169.1929      4896.4577      540.66432     -491.58364      11059.218     -7394.3242     -528.60895      75218.461      42.21254       42.21254       42.21254       1.1460908      1827.1984     -449.33942      349.69418    
    215000   215000         531.7139      -1745.6401      25884.201      27810.75       9729.9352      18080.815      4311.2415      5190.1845      4869.0723      514.20093     -473.93758      11057.553     -7387.4995     -525.42361      75674.467      42.297671      42.297671      42.297671      1.1391845     -3576.6372     -1693.7614      33.478273    
    216000   216000         526.40648     -1297.7229      26205.421      27629.796      9632.8137      17996.983      4296.9996      5216.8646      4839.6575      507.13568     -538.73969      11068.256     -7393.1912     -528.31446      75260.39       42.220382      42.220382      42.220382      1.1454523     -1201.7917     -1508.4453     -1182.9316    
    217000   217000         531.21467     -365.01055      27402.503      27804.196      9720.7997      18083.396      4367.5697      5090.1842      4771.508       541.94872     -354.10894      11054.579     -7388.2839     -526.92153      75459.342      42.257552      42.257552      42.257552      1.1424322     -1624.9821     -2037.6213      2567.5718    
    218000   218000         526.35521      562.6802       28134.1        27518.606      9631.8756      17886.73       4279.0475      5064.2673      4825.4306      518.17621     -464.4366       11059.499     -7395.2535     -530.11797      75004.347      42.172448      42.172448      42.172448      1.1493625      53.905573      981.46803      652.66699    
    219000   219000         519.45001      367.73019      27963.559      27556.736      9505.5159      18051.22       4503.3864      5145.3502      4693.5002      501.13588     -459.20711      11057.236     -7390.1815     -524.15419      75857.74       42.33179       42.33179       42.33179       1.1364323      606.35915      731.65496     -234.82355    
    220000   220000         517.50684     -479.29017      27091.438      27616.658      9469.9576      18146.701      4443.9377      5109.9803      4873.584       525.17374     -485.20208      11069.131     -7389.9038     -529.16564      75139.33       42.197732      42.197732      42.197732      1.1472977     -1746.3464      775.81275     -467.33681    
    221000   221000         516.25503     -977.64652      26331.976      27407.566      9447.0504      17960.515      4334.1334      5064.2892      4868.3282      506.05987     -497.65388      11074.728     -7389.3696     -527.0721       75437.786      42.253528      42.253528      42.253528      1.1427587     -1439.3304      24.339644     -1517.9488    
    222000   222000         517.16958     -1837.2901      25415.782      27418.91       9463.7858      17955.124      4264.3372      5051.86        4875.4727      530.07581     -445.60453      11068.817     -7389.8337     -531.86805      74757.549      42.126142      42.126142      42.126142      1.1531569     -157.35039     -3545.5945     -1808.9254    
    223000   223000         528.26697     -1960.1748      25500.148      27653.344      9666.8592      17986.485      4217.6863      5129.9461      4989.3865      519.30736     -537.41758      11059.845     -7392.2688     -527.8931       75320.462      42.231612      42.231612      42.231612      1.1445387     -1392.8621     -1843.0397     -2644.6226    
    224000   224000         526.62407     -749.07063      27043.691      27874.57       9636.7955      18237.774      4237.706       5252.0811      4999.2985      527.50594     -452.87708      11066.529     -7392.4688     -522.78106      76056.986      42.36882       42.36882       42.36882       1.1334551     -232.75534     -2168.926       154.46942    
    225000   225000         515.30692      391.28885      27980.453      27552.51       9429.7007      18122.81       4434.4646      5120.7424      4860.5468      508.0948      -495.81955      11084.477     -7389.6966     -530.20888      74991.486      42.170037      42.170037      42.170037      1.1495596      671.20193      1672.3009     -1169.6362    
    226000   226000         522.9135      -1810.1419      25592.803      27571.262      9568.895       18002.367      4255.6818      5089.2796      5045.8018      509.94875     -585.48613      11077.658     -7390.5171     -530.54296      74944.264      42.161184      42.161184      42.161184      1.1502839     -1807.5373     -3141.2928     -481.59556    
    227000   227000         521.91516      490.68671      28205.59       27665.397      9550.6262      18114.77       4356.6392      5142.3834      4910.323       528.83762     -495.93338      11060.96      -7388.439      -526.73251      75486.421      42.262606      42.262606      42.262606      1.1420224      1836.8626     -901.8498       537.04734    
    228000   228000         524.30704     -792.39969      26787.418      27657.189      9594.3957      18062.793      4316.9357      5107.6967      4921.638       514.63739     -470.02607      11060.687     -7388.7758     -528.29192      75263.601      42.220982      42.220982      42.220982      1.1454034     -3200.258      -655.23322      1478.2922    
    229000   229000         508.70852      1626.223       29095.226      27316.455      9308.9554      18007.5        4292.9427      5163.9642      4819.3268      527.70112     -485.7786       11076.753     -7387.4091     -530.14522      75000.491      42.171725      42.171725      42.171725      1.1494216     -87.185043      1905.6673      3060.1867    
    230000   230000         520.54064     -885.74639      26690.691      27659.703      9525.4735      18134.229      4439.6731      5086.8871      4938.5415      541.83712     -551.16786      11067.543     -7389.0854     -530.04831      75014.204      42.174295      42.174295      42.174295      1.1492115     -784.4507      -1186.8479     -685.94056    
    231000   231000         523.45177      80.43195       27625.163      27537.098      9578.7449      17958.353      4297.6815      5257.7721      4796.5041      506.10314     -578.17178      11070.386     -7391.9222     -529.6167       75075.336      42.185749      42.185749      42.185749      1.1482757     -161.62035      956.15616     -553.23996    
    232000   232000         521.35015      866.92603      28536.348      27584.392      9540.287       18044.105      4382.2298      5222.0643      4784.7254      518.64394     -526.03199      11055.871     -7393.3982     -528.08035      75293.754      42.22662       42.22662       42.22662       1.1449447      2758.3667     -227.60023      70.011587    
    233000   233000         526.68524      1977.5198      29964.059      27785.85       9637.9148      18147.935      4330.7835      5208.9732      4900.4655      533.0715      -514.65497      11080.374     -7391.078      -526.44865      75527.123      42.270201      42.270201      42.270201      1.1414069      2900.4898      1563.6026      1468.4669    
    234000   234000         520.51996     -44.301635      27506.132      27554.709      9525.0951      18029.613      4323.1197      5164.1203      4853.9957      514.76449     -509.3023       11067.22      -7384.3047     -528.84903      75184.315      42.206151      42.206151      42.206151      1.1466113     -753.39123      1061.8007     -441.31442    
    235000   235000         521.64594     -824.81011      26770.095      27673.966      9545.6996      18128.267      4397.1469      5154.5318      4894.5864      506.15326     -516.98664      11082.15      -7389.315      -529.15449      75140.914      42.198028      42.198028      42.198028      1.1472736     -136.42144     -1870.8709     -467.13795    
    236000   236000         526.24629     -1772.8271      25658.447      27603.296      9629.8824      17973.413      4301.1113      5130.3023      4900.2894      515.43208     -557.97988      11073.194     -7388.9356     -528.58575      75221.763      42.213157      42.213157      42.213157      1.1460404     -2485.0883     -2041.0424     -792.35073    
    237000   237000         512.1302      -603.45542      26627.681      27287.867      9371.5693      17916.298      4369.941       5036.1774      4918.8096      503.90216     -584.8909       11063.953     -7391.5941     -530.04621      75014.501      42.174351      42.174351      42.174351      1.1492069     -691.22774     -589.56886     -529.56965    
    238000   238000         521.91319     -57.667977      27614.318      27677.662      9550.5902      18127.072      4352.4828      5145.9605      4878.7395      547.11771     -484.67773      11074.768     -7387.3188     -527.91452      75317.406      42.231041      42.231041      42.231041      1.1445851      260.50103     -735.4052       301.90024    
    239000   239000         518.69283     -503.12013      26967.604      27523.753      9491.6602      18032.093      4273.6209      5057.8014      4923.2801      525.40122     -429.97727      11075.506     -7393.5391     -524.58364      75795.639      42.320235      42.320235      42.320235      1.1373634     -1077.124       123.95504     -556.19144    
    240000   240000         518.67676      1322.1291      28920.937      27467.229      9491.3661      17975.863      4346.9766      5156.6599      4834.3473      507.34521     -562.80551      11084.063     -7390.7235     -527.38977      75392.346      42.245043      42.245043      42.245043      1.1434474      1656.5489      1690.745       619.09321    
    241000   241000         529.91883     -1340.9441      26328.053      27791.33       9697.0869      18094.243      4320.5779      5125.7         4957.7654      523.61151     -502.6408       11058.631     -7389.4019     -531.3971       74823.803      42.138583      42.138583      42.138583      1.1521358      548.47145     -1401.0246     -3170.2793    
    242000   242000         523.50824      35.542585      27670.309      27631.363      9579.7783      18051.585      4394.8532      5197.3203      4704.0871      527.6435      -451.77586      11066.591     -7387.1336     -529.20457      75133.804      42.196697      42.196697      42.196697      1.1473821      1204.0468     -2498.2753      1400.8563    
    243000   243000         515.253        717.56138      28111.242      27329.094      9428.7141      17900.38       4248.2674      5095.4489      4814.3197      537.80614     -484.95315      11078.492     -7389.002      -531.99154      74740.196      42.122882      42.122882      42.122882      1.1534246      2091.8327      1345.1608     -1284.3094    
    244000   244000         522.98665     -934.94953      26446.21       27474.208      9570.2337      17903.974      4205.8349      5105.2011      4999.1483      522.36011     -592.54704      11054.748     -7390.7712     -527.38878      75392.488      42.245069      42.245069      42.245069      1.1434453      941.28666     -418.80222     -3327.333     
    245000   245000         530.00719     -839.61135      26516.847      27443.354      9698.7038      17744.65       4244.1571      5083.6839      4834.1723      508.56583     -577.53537      11045.541     -7393.934      -525.48981      75664.934      42.295895      42.295895      42.295895      1.1393281     -2045.0779     -1007.5183      533.76214    
    246000   246000         521.90145     -505.28765      27220.708      27777.36       9550.3752      18226.984      4349.0964      5143.0484      5009.3849      546.54659     -497.57717      11068.299     -7391.8132     -526.36899      75538.553      42.272333      42.272333      42.272333      1.1412342      668.80298     -1130.9224     -1053.7436    
    247000   247000         519.45156      1288.2836      28866.722      27441.989      9505.5443      17936.444      4268.584       5103.927       4740.7884      520.86547     -362.44513      11056.571     -7391.8463     -524.33953      75830.926      42.326802      42.326802      42.326802      1.1368341      696.47657      1683.4733      1484.9008    
    248000   248000         520.30932     -48.260969      27671.518      27724.601      9521.2407      18203.36       4372.9509      5313.568       4831.4267      518.55558     -505.87703      11063.932     -7391.1961     -527.19784      75419.793      42.250168      42.250168      42.250168      1.1430313      701.44992      719.26635     -1565.4992    
    249000   249000         519.65999      555.97254      27919.37       27308.885      9509.3583      17799.527      4333.6465      5143.1023      4632.0808      489.11701     -477.06889      11074.254     -7395.6047     -528.09681      75291.408      42.226181      42.226181      42.226181      1.1449804     -901.09594      1237.1013      1331.9123    
    250000   250000         513.97987      377.70968      27673.461      27260.548      9405.4168      17855.132      4248.2993      5135.3577      4764.5102      525.81014     -488.53832      11061.402     -7391.7089     -530.43763      74959.147      42.163975      42.163975      42.163975      1.1500556      2332.9153     -1853.5275      653.74125    
Loop time of 508.022 on 1 procs for 250000 steps with 6140 atoms

Performance: 42.518 ns/day, 0.564 hours/ns, 492.105 timesteps/s, 3.022 Matom-step/s
100.0% CPU use with 1 MPI tasks x 1 OpenMP threads

MPI task timing breakdown:
Section |  min time  |  avg time  |  max time  |%varavg| %total
---------------------------------------------------------------
Pair    | 49.939     | 49.939     | 49.939     |   0.0 |  9.83
Bond    | 65.113     | 65.113     | 65.113     |   0.0 | 12.82
Kspace  | 235.1      | 235.1      | 235.1      |   0.0 | 46.28
Neigh   | 59.273     | 59.273     | 59.273     |   0.0 | 11.67
Comm    | 10.541     | 10.541     | 10.541     |   0.0 |  2.07
Output  | 2.1299     | 2.1299     | 2.1299     |   0.0 |  0.42
Modify  | 75.985     | 75.985     | 75.985     |   0.0 | 14.96
Other   |            | 9.941      |            |       |  1.96

Nlocal:           6140 ave        6140 max        6140 min
Histogram: 1 0 0 0 0 0 0 0 0 0
Nghost:          16484 ave       16484 max       16484 min
Histogram: 1 0 0 0 0 0 0 0 0 0
Neighs:              0 ave           0 max           0 min
Histogram: 1 0 0 0 0 0 0 0 0 0
FullNghs:  3.20131e+06 ave 3.20131e+06 max 3.20131e+06 min
Histogram: 1 0 0 0 0 0 0 0 0 0

Total # of neighbors = 3201314
Ave neighs/atom = 521.38664
Ave special neighs/atom = 5.6319218
Neighbor list builds = 14095
Dangerous builds = 0

# --- Cleanup ---
unfix npt_fix

undump dump_npt

# --- Write Output ---
write_dump all custom cool_block_10_last.dump id type mol x y z xu yu zu vx vy vz modify sort id
write_data /home/alexzhao/PolyJarvis/data/PEEK_1/attempts/cooling/attempt-0001/work/cool_block_10/cool_block_10_out.data
System init for write_data ...
PPPM Kokkos initialization ...
  using 12-bit tables for long-range coulomb
  G vector (1/distance) = 0.30600531
  grid = 32 32 32
  stencil order = 5
  estimated absolute RMS force accuracy = 0.00039729081
  estimated relative force accuracy = 1.1964295e-06
  using double precision cuFFT
  3d grid and FFT values/proc = 59319 32768
Generated 21 of 21 mixed pair_coeff terms from sixthpower/sixthpower mixing rule
write_restart /home/alexzhao/PolyJarvis/data/PEEK_1/attempts/cooling/attempt-0001/work/cool_block_10/cool_block_10_out.restart
System init for write_restart ...
PPPM Kokkos initialization ...
  using 12-bit tables for long-range coulomb
  G vector (1/distance) = 0.30600531
  grid = 32 32 32
  stencil order = 5
  estimated absolute RMS force accuracy = 0.00039729081
  estimated relative force accuracy = 1.1964295e-06
  using double precision cuFFT
  3d grid and FFT values/proc = 59319 32768
Generated 21 of 21 mixed pair_coeff terms from sixthpower/sixthpower mixing rule

print "STAGE COMPLETE: NPT T=545.0->520.0K P=1.0->1.0atm steps=250000"
STAGE COMPLETE: NPT T=545.0->520.0K P=1.0->1.0atm steps=250000
quit
