units real
atom_style full
boundary p p p

# --- Force Field Styles ---
pair_style lj/class2/coul/long 9.5 9.5
kspace_style pppm 1e-6
dielectric 1.000000
bond_style class2
angle_style class2
dihedral_style class2
improper_style class2
special_bonds lj/coul 0 0 1
pair_modify mix sixthpower tail yes
neighbor 2.0 bin
neigh_modify delay 0 every 1 check yes
neigh_modify one 4000
# KOKKOS: package loaded via -pk kokkos on the command line

read_data /home/arz2/PolyJarvis_v2/data/sPVC_2/attempts/cooling/attempt-0001/work/cool_block_05/cool_block_05_out.data
Reading data file ...
  orthogonal box = (6.4613194 6.4613194 6.4613194) to (47.231374 47.231374 47.231374)
  1 by 1 by 1 MPI processor grid
  reading atoms ...
  4940 atoms
  reading velocities ...
  4940 velocities
  scanning bonds ...
  4 = max bonds/atom
  scanning angles ...
  12 = max angles/atom
  scanning dihedrals ...
  24 = max dihedrals/atom
  scanning impropers ...
  10 = max impropers/atom
  orthogonal box = (6.4613194 6.4613194 6.4613194) to (47.231374 47.231374 47.231374)
  1 by 1 by 1 MPI processor grid
  reading bonds ...
  4930 bonds
  reading angles ...
  9840 angles
  reading dihedrals ...
  14670 dihedrals
  reading impropers ...
  6560 impropers
Finding 1-2 1-3 1-4 neighbors ...
  special bond factors lj:    0        0        1       
  special bond factors coul:  0        0        1       
     4 = max # of 1-2 neighbors
     6 = max # of 1-3 neighbors
    10 = max # of special neighbors
  special bonds CPU = 0.003 seconds
  read_data CPU = 0.191 seconds


# --- Thermo Output ---
thermo_style custom step time temp press enthalpy etotal ke pe ebond eangle edihed eimp evdwl ecoul elong etail vol lx ly lz density pxx pyy pzz
thermo_modify flush yes
thermo 1000

# --- Trajectory ---
dump dump_npt all custom 1000 cool_block_06.dump id type mol x y z ix iy iz vx vy vz


# --- Restart Checkpointing ---
restart 10000 npt_1.rst npt_2.rst

# --- Initial Velocities (optional) ---
# Velocities read from data file

# --- SHAKE Constraints ---
# SHAKE disabled

# --- NPT Thermostat + Barostat (Nose-Hoover) ---
# T_damp = 100.0 fs  (heat bath coupling)
# P_damp = 1000.0 fs  (pressure bath coupling, ~10x T_damp typical)
# Ramp: T=446.0->421.0K  P=1.0->1.0atm
timestep 1.0
fix npt_fix all npt temp 446.0 421.0 100.0 iso 1.0 1.0 1000.0

run 250000
PPPM Kokkos initialization ...
  using 12-bit tables for long-range coulomb
  G vector (1/distance) = 0.29457374
  grid = 27 27 27
  stencil order = 5
  estimated absolute RMS force accuracy = 0.00038040035
  estimated relative force accuracy = 1.1455644e-06
  using double precision cuFFT
  3d grid and FFT values/proc = 39304 19683
Generated 6 of 6 mixed pair_coeff terms from sixthpower/sixthpower mixing rule
Neighbor list info ...
  update: every = 1 steps, delay = 0 steps, check = yes
  max neighbors/atom: 4000, page size: 100000
  master list distance cutoff = 11.5
  ghost atom cutoff = 11.5
  binsize = 11.5, bins = 4 4 4
  1 neighbor lists, perpetual/occasional/extra = 1 0 0
  (1) pair lj/class2/coul/long/kk, perpetual
      attributes: full, newton off, kokkos_device
      pair build: full/bin/kk/device
      stencil: full/bin/3d
      bin: kk/device
Per MPI rank memory allocation (min/avg/max) = 28.31 | 28.31 | 28.31 Mbytes
   Step          Time           Temp          Press         Enthalpy        TotEng         KinEng         PotEng         E_bond        E_angle        E_dihed        E_impro         E_vdwl         E_coul         E_long         E_tail         Volume           Lx             Ly             Lz          Density          Pxx            Pyy            Pzz      
         0   0              436.08566     -150.33742      3859.0143      4007.5966      6420.1493     -2412.5528      2618.5632      3697.5822     -2686.8048      24.766917     -824.27123     -2188.6289     -3053.7601     -348.44831      67767.875      40.770054      40.770054      40.770054      1.256274       1967.9252     -1996.783      -422.15442    
      1000   1000           450.32068      327.64943      4591.1092      4264.6663      6629.7205     -2365.0542      2602.5801      3671.3415     -2674.6115      23.644933     -751.46462     -2185.8476     -3050.697      -345.65294      68315.928      40.879665      40.879665      40.879665      1.2461958     -733.30291      213.85645      1502.3948    
      2000   2000           444.74491     -694.07065      3460.0325      4151.3913      6547.6328     -2396.2416      2583.8401      3762.7956     -2718.7799      26.019877     -818.2403      -2182.8935     -3048.9835     -345.73102      68300.501      40.876587      40.876587      40.876587      1.2464772     -1793.7264     -1039.6504      751.16493    
      3000   3000           443.58568     -174.63205      4089.5356      4261.1893      6530.5664     -2269.3771      2657.1664      3751.062      -2683.215       25.306861     -787.4586      -2182.8502     -3049.3886     -350.35532      67399.01       40.695948      40.695948      40.695948      1.2631494      641.24291     -1485.9837      320.84469    
      4000   4000           436.85508      331.50972      4362.2307      4030.6299      6431.4769     -2400.847       2543.9497      3702.6454     -2664.9813      24.890268     -771.80654     -2185.2609     -3050.2837     -344.28556      68587.256      40.933713      40.933713      40.933713      1.2412659     -892.53517      1062.4473      824.617      
      5000   5000           447.88114     -1526.4537      2686.5484      4198.1862      6593.8051     -2395.6188      2625.2859      3678.3788     -2693.5378      24.080202     -791.07844     -2191.6838     -3047.0637     -347.7555       67902.885      40.797111      40.797111      40.797111      1.2537762     -1351.0658     -520.15088     -2708.1446    
      6000   6000           448.00361     -828.89072      3429.3846      4252.6518      6595.6081     -2342.9563      2631.0713      3745.639      -2673.6932      26.674719     -839.99203     -2183.6622     -3048.9939     -346.73253      68103.22       40.837193      40.837193      40.837193      1.250088      -1398.9558      371.65526     -1459.3716    
      7000   7000           449.94728     -161.00263      3999.3058      4157.3189      6624.2233     -2466.9044      2547.6383      3669.8593     -2652.2713      24.039298     -836.52935     -2173.0284     -3046.6122     -350.89567      67295.221      40.675048      40.675048      40.675048      1.2650976     -401.81676      622.06273     -703.25386    
      8000   8000           431.75108      71.018327      4062.1293      3991.4223      6356.3347     -2364.9124      2518.9851      3803.5301     -2695.7781      25.177857     -792.94651     -2180.2315     -3043.6493     -345.89662      68267.802      40.870063      40.870063      40.870063      1.2470743      49.728407     -459.88804      623.21462    
      9000   9000           450.26904      979.03619      5126.879       4168.3005      6628.9603     -2460.6597      2602.7992      3641.2459     -2681.2003      23.870926     -802.09169     -2192.4298     -3052.8539     -351.72982      67135.626      40.642868      40.642868      40.642868      1.2681049      945.58202      1269.5948      721.93176    
     10000   10000          435.01674     -301.619        3719.6177      4013.8847      6404.4126     -2390.5279      2576.995       3687.5704     -2653.2816      25.421029     -800.43475     -2181.6315     -3045.1665     -352.98416      66897.058      40.594669      40.594669      40.594669      1.2726273     -769.72227     -1061.0633      925.92861    
     11000   11000          444.45866      204.86401      4389.4888      4187.5137      6543.4186     -2355.9049      2677.2809      3670.1894     -2684.2561      25.919754     -819.43096     -2177.0596     -3048.5483     -349.30596      67601.486      40.73666       40.73666       40.73666       1.2593661     -266.42581      75.964107      805.05374    
     12000   12000          444.47593      545.45043      4629.0264      4088.0888      6543.6727     -2455.5839      2527.9826      3686.6755     -2731.6714      24.94151      -728.59691     -2185.3961     -3049.5192     -347.25317      68001.112      40.816773      40.816773      40.816773      1.2519651      1752.4357      103.71266     -219.79705    
     13000   13000          437.54888      429.47729      4541.1485      4113.3604      6441.6912     -2328.3308      2551.702       3773.8989     -2707.2749      23.561745     -721.00139     -2197.4605     -3051.7566     -345.73993      68298.74       40.876236      40.876236      40.876236      1.2465094      410.3521       1063.095      -185.01517    
     14000   14000          442.2264       2547.6058      6576.4903      4075.3762      6510.5547     -2435.1785      2546.9155      3654.3925     -2667.2224      23.924189     -765.1455      -2182.6173     -3045.4254     -350.78164      67317.096      40.679455      40.679455      40.679455      1.2646864      2904.9183      1890.5915      2847.3077    
     15000   15000          440.06115     -527.15138      3636.2806      4158.8807      6478.6774     -2319.7967      2576.8863      3799.0322     -2701.5649      26.013125     -794.82626     -2182.1047     -3043.2326     -347.3793       67976.421      40.811833      40.811833      40.811833      1.2524198     -526.51512      893.68397     -1948.623     
     16000   16000          438.46135      1532.4731      5589.3142      4081.6182      6455.1248     -2373.5066      2535.9308      3733.3491     -2671.1813      25.919078     -768.81963     -2187.0846     -3041.62       -350.03961      67459.799      40.70818       40.70818       40.70818       1.2620112      1843.1223      372.00352      2382.2935    
     17000   17000          451.82317     -168.42277      4090.9822      4255.5201      6651.8404     -2396.3204      2617.182       3709.7892     -2678.3023      24.143564     -826.14575     -2192.4137     -3050.5734     -352.51134      66986.786      40.612811      40.612811      40.612811      1.2709226      720.11373      420.13524     -1645.5173    
     18000   18000          445.50226     -756.61037      3522.7512      4275.7357      6558.7827     -2283.047       2609.274       3813.6903     -2727.2324      27.558335     -792.34151     -2171.1669     -3042.8288     -346.03846      68239.818      40.864478      40.864478      40.864478      1.2475857     -989.49244     -1871.7777      591.43898    
     19000   19000          440.38646     -97.15709       3949.9316      4046.4767      6483.4668     -2436.9901      2601.829       3714.9468     -2698.5752      26.282624     -860.08315     -2173.9859     -3047.4042     -346.56316      68136.503      40.843844      40.843844      40.843844      1.2494774     -554.61064      539.54749     -276.40812    
     20000   20000          443.28538      405.48513      4466.7899      4064.896       6526.1452     -2461.2492      2635.4147      3595.0633     -2688.0551      24.767523     -794.38539     -2186.6052     -3047.449      -347.45748      67961.126      40.808772      40.808772      40.808772      1.2527017      116.57895     -676.04245      1775.9189    
     21000   21000          448.14513      1451.1845      5569.7114      4136.8649      6597.6916     -2460.8267      2589.9601      3643.3122     -2698.2         24.739437     -799.95685     -2180.4571     -3040.2245     -348.78762      67701.949      40.756829      40.756829      40.756829      1.2574973      1593.3353      1186.6806      1573.5375    
     22000   22000          448.97657      204.25106      4393.9591      4189.8405      6609.9322     -2420.0918      2585.1261      3653.6109     -2674.8913      23.233927     -766.56496     -2192.8098     -3047.7966     -344.60353      68523.969      40.921119      40.921119      40.921119      1.2424123     -887.15773      805.10208      694.80884    
     23000   23000          444.70641      247.28713      4266.1165      4022.8688      6547.066      -2524.1972      2519.4646      3659.4836     -2673.3821      24.452219     -789.82608     -2206.3886     -3058.0008     -350.09911      67448.335      40.705873      40.705873      40.705873      1.2622257      181.6164       91.53904       468.70595    
     24000   24000          450.73324      1557.7514      5744.9712      4208.7317      6635.7943     -2427.0627      2487.2937      3752.5507     -2728.704       23.340663     -715.24391     -2192.9348     -3053.365      -349.20251      67621.512      40.740682      40.740682      40.740682      1.2589931      433.16534      3155.8532      1084.2357    
     25000   25000          441.60516      4.2152674      3953.5501      3949.4055      6501.4087     -2552.0032      2578.0311      3672.7671     -2711.8779      23.297912     -870.58775     -2188.6913     -3054.9424     -350.24699      67419.855      40.700143      40.700143      40.700143      1.2627589      2094.2898     -915.65703     -1165.987     
     26000   26000          437.31692     -1125.1541      2757.8912      3865.5351      6438.2762     -2572.7411      2584.6872      3608.7083     -2726.6958      24.254882     -812.9665      -2193.3205     -3057.4086     -349.82433      67501.313      40.716528      40.716528      40.716528      1.261235      -1313.9241     -1898.9854     -162.55298    
     27000   27000          441.81723     -981.34575      3082.7328      4044.9875      6504.5308     -2459.5433      2542.0371      3677.625      -2661.0902      24.142071     -806.74532     -2186.6651     -3048.8468     -351.21263      67234.488      40.662808      40.662808      40.662808      1.2662403     -729.52561     -1344.1571     -870.35454    
     28000   28000          438.63986      814.46729      4844.5233      4049.3814      6457.7528     -2408.3714      2607.0682      3753.6213     -2702.8051      25.074728     -843.87537     -2193.0796     -3054.3756     -352.75012      66941.443      40.603645      40.603645      40.603645      1.2717835      594.07047      818.56074      1030.7707    
     29000   29000          441.98146      135.55504      4187.9308      4055.1494      6506.9487     -2451.7992      2608.784       3678.5666     -2689.4252      24.725612     -844.12911     -2180.8114     -3049.5097     -351.57402      67165.377      40.648871      40.648871      40.648871      1.2675432     -696.44866      1144.3544     -41.240645    
     30000   30000          448.16092      702.98045      4599.7446      3906.0337      6597.9241     -2691.8903      2429.1917      3635.7292     -2697.7391      23.709899     -855.05954     -2179.2301     -3048.4924     -348.98188      67664.263      40.749265      40.749265      40.749265      1.2581977     -517.04922      833.87649      1792.1141    
     31000   31000          442.64472     -69.362688      3908.1469      3975.8845      6516.7134     -2540.8289      2568.6198      3617.6604     -2670.1314      22.572077     -840.12165     -2185.6169     -3053.8113     -352.64249      66961.873      40.607775      40.607775      40.607775      1.2713954     -1403.1008     -374.50099      1569.5137    
     32000   32000          451.84523      199.32347      4274.3316      4077.6497      6652.1653     -2574.5156      2501.0601      3670.2433     -2714.9914      22.751417     -800.40165     -2196.1987     -3056.9786     -349.00552      67659.68       40.748345      40.748345      40.748345      1.2582829      503.88663      167.54062     -73.456828    
     33000   33000          451.4143      -1373.2478      2908.1634      4265.7282      6645.821      -2380.0928      2588.5879      3709.9639     -2653.1928      23.903929     -804.74525     -2189.5091     -3055.1013     -348.35855      67785.336      40.773555      40.773555      40.773555      1.2559504      197.62144     -2191.7741     -2125.5909    
     34000   34000          446.10385     -492.23182      3592.8693      4083.5991      6567.6394     -2484.0403      2511.1441      3725.6397     -2695.5013      24.946382     -819.70451     -2181.7611     -3048.8036     -345.43423      68359.183      40.888291      40.888291      40.888291      1.2454072      303.00133     -1782.2227      2.5259351    
     35000   35000          442.21876     -1703.8048      2367.5182      4057.6684      6510.4423     -2452.7739      2592.1716      3712.2248     -2704.6439      23.499977     -835.32641     -2188.8969     -3051.803      -347.16237      68018.898      40.820332      40.820332      40.820332      1.2516377     -939.23021     -1154.3032     -3017.8809    
     36000   36000          444.14166      798.13824      4821.8477      4031.3629      6538.7516     -2507.3888      2540.2153      3669.2849     -2718.5918      24.146651     -772.6867      -2193.5011     -3056.256      -347.71441      67910.908      40.798718      40.798718      40.798718      1.2536281      949.09862     -434.34737      1879.6635    
     37000   37000          445.68773     -725.78106      3437.2506      4163.0496      6561.5132     -2398.4636      2609.0934      3690.997      -2688.2703      24.724394     -783.7734      -2197.6333     -3053.6015     -344.37167      68570.104      40.930301      40.930301      40.930301      1.2415763     -1311.1778     -640.2832      -225.88223    
     38000   38000          445.07419     -605.9364       3409.931       4001.9769      6552.4806     -2550.5037      2581.7096      3623.9194     -2663.8604      24.414392     -863.6824      -2194.8363     -3058.168      -352.45996      66996.55       40.614784      40.614784      40.614784      1.2707374     -905.70002     -1211.9331      299.82397    
     39000   39000          432.89226      560.4711       4422.7115      3868.8402      6373.1355     -2504.2953      2538.1468      3618.5336     -2669.0273      22.763991     -762.07968     -2193.4747     -3059.158      -348.48368      67760.997      40.768675      40.768675      40.768675      1.2564015      251.78006      1213.2478      216.38548    
     40000   40000          439.15926     -237.46978      3809.8891      4047.6554      6465.3996     -2417.7442      2578.8733      3660.4718     -2678.6314      24.25677      -760.12349     -2187.8188     -3054.7725     -343.95074      68654.023      40.946991      40.946991      40.946991      1.2400587      2617.8481     -1713.8981     -1616.3594    
     41000   41000          443.41528      312.48816      4416.9139      4108.8272      6528.0577     -2419.2305      2556.3319      3727.439      -2692.0477      25.658213     -787.95237     -2195.6357     -3053.0238     -349.30011      67602.618      40.736887      40.736887      40.736887      1.259345      -120.79424      1339.8419     -281.58314    
     42000   42000          451.72929     -1438.6541      2680.1477      4114.8261      6650.4584     -2535.6324      2498.3816      3654.4173     -2699.6347      24.795252     -783.03129     -2183.1339     -3047.4267     -345.33451      68378.923      40.892226      40.892226      40.892226      1.2450477     -2265.4283     -370.99083     -1679.5432    
     43000   43000          444.56234     -874.9781       3165.8063      4037.0928      6544.9449     -2507.8521      2570.3079      3587.4422     -2675.4179      24.455013     -751.88709     -2206.5595     -3056.1927     -345.83928      68279.12       40.872321      40.872321      40.872321      1.2468676     -512.28386     -1147.548      -965.10249    
     44000   44000          439.40649      609.33335      4371.2534      3771.3583      6469.0394     -2697.6811      2469.9535      3546.8014     -2669.9107      24.143643     -822.32481     -2192.7293     -3053.6148     -349.79834      67506.328      40.717536      40.717536      40.717536      1.2611413     -1424.1928      1423.9393      1828.2535    
     45000   45000          450.48141      322.671        4543.3165      4226.6895      6632.0869     -2405.3973      2569.8175      3715.2524     -2690.2656      24.821999     -778.83338     -2191.5162     -3054.6741     -350.95391      67284.054      40.672798      40.672798      40.672798      1.2653075     -529.86594     -90.979319      1588.8582    
     46000   46000          437.30667     -528.82538      3439.7383      3967.2584      6438.1253     -2470.8669      2603.7011      3595.5294     -2720.9436      24.165289     -727.54389     -2197.3434     -3048.4318     -345.23229      68399.169      40.896261      40.896261      40.896261      1.2446792     -720.29451     -688.8173      -177.36434    
     47000   47000          437.11091      1445.4808      5380.2005      3948.883       6435.2434     -2486.3604      2544.1362      3610.7189     -2671.8804      25.434085     -736.25895     -2204.9914     -3053.5188     -347.7879       67896.559      40.795844      40.795844      40.795844      1.253893       286.23087      1608.2654      2441.9462    
     48000   48000          438.27856     -210.78005      3842.2057      4053.6556      6452.4338     -2398.7782      2597.4871      3682.2811     -2692.3913      25.241863     -781.31282     -2181.4341     -3048.65       -343.28925      68786.313      40.973275      40.973275      40.973275      1.2376738     -320.29147     -367.98566      55.936985    
     49000   49000          433.05496     -115.25762      3891.2531      4004.7882      6375.5307     -2370.7425      2551.4122      3715.0906     -2646.8493      25.256447     -771.21448     -2192.2892     -3052.1489     -349.60508      67543.646      40.725038      40.725038      40.725038      1.2604445     -916.86863     -202.88013      773.9759     
     50000   50000          430.95602      584.4918       4388.4409      3808.8314      6344.6297     -2535.7982      2488.4003      3639.5513     -2672.8474      23.492732     -782.25551     -2184.4683     -3047.6714     -347.28106      67995.65       40.815681      40.815681      40.815681      1.2520657      503.15404      104.45364      1145.8677    
     51000   51000          446.4261      -603.32038      3357.4593      3955.6161      6572.3837     -2616.7676      2493.0272      3623.6324     -2698.457       23.119136     -808.20584     -2194.7504     -3055.1331     -347.35301      67981.566      40.812862      40.812862      40.812862      1.2523251     -1060.1385     -640.21936     -109.60328    
     52000   52000          441.14407     -940.0327       3002.9846      3931.4964      6494.6204     -2563.1241      2563.0728      3628.1898     -2722.4106      23.762948     -816.89423     -2189.1363     -3049.7085     -348.65321      67728.049      40.762066      40.762066      40.762066      1.2570127     -555.45051     -281.53677     -1983.1108    
     53000   53000          442.69614      1097.5333      5140.5187      4055.1314      6517.4704     -2462.3389      2516.5724      3717.2639     -2702.5114      24.975402     -777.83044     -2186.0814     -3054.7275     -348.23393      67809.595      40.778419      40.778419      40.778419      1.2555011      168.49767      810.44013      2313.662     
     54000   54000          442.39855      1041.5897      5078.1445      4044.1489      6513.0891     -2468.9402      2525.7854      3636.172      -2699.0935      24.464201     -705.22296     -2204.2963     -3046.749      -346.90945      68068.488      40.83025       40.83025       40.83025       1.2507259      609.72366      1507.5058      1007.5397    
     55000   55000          437.93779     -30.47626       3905.791       3935.9848      6447.4169     -2511.4321      2553.4793      3623.0661     -2681.0042      22.958909     -791.73883     -2188.4853     -3049.708      -347.60181      67932.908      40.803123      40.803123      40.803123      1.2532221      135.39538     -499.36478      272.54062    
     56000   56000          444.62799      879.66576      4830.845       3966.4932      6545.9115     -2579.4183      2528.3803      3637.1531     -2680.2917      24.285795     -823.2499      -2204.8361     -3060.8598     -350.48163      67374.72       40.691059      40.691059      40.691059      1.2636048      1225.2484     -55.236503      1468.9853    
     57000   57000          433.46811      264.83669      4234.1932      3973.0284      6381.6133     -2408.5849      2610.8469      3716.4691     -2666.5191      25.073035     -828.73393     -2202.3583     -3063.3627     -349.22194      67617.749      40.739926      40.739926      40.739926      1.2590632      621.23904     -1155.1568      1328.4279    
     58000   58000          432.26273     -394.81363      3455.2873      3849.702       6363.8674     -2514.1653      2562.0624      3592.5876     -2662.0621      22.871764     -771.75978     -2197.3952     -3060.4701     -344.72842      68499.144      40.916177      40.916177      40.916177      1.2428625     -230.86716      1117.3303     -2070.904     
     59000   59000          438.07613     -12.910964      3971.5223      3984.1797      6449.4536     -2465.2739      2598.2695      3599.764      -2661.9118      22.893494     -759.08566     -2205.3478     -3059.8556     -351.27972      67221.647      40.660219      40.660219      40.660219      1.2664822     -871.38783      576.83093      255.824      
     60000   60000          443.91858     -104.82356      3820.6075      3924.125       6535.4674     -2611.3423      2543.4156      3571.7288     -2679.7093      23.104405     -815.28414     -2201.9498     -3052.6479     -348.72504      67714.099      40.759267      40.759267      40.759267      1.2572717     -15.098344      359.85468     -659.227      
     61000   61000          437.80549      129.46812      4069.4593      3940.7415      6445.4692     -2504.7277      2577.6316      3671.3484     -2710.0581      23.722916     -815.17928     -2196.4121     -3055.7812     -346.38771      68171.016      40.850739      40.850739      40.850739      1.2488448      299.98483      845.82223     -757.4027     
     62000   62000          439.56608     -155.81061      3787.7216      3941.8325      6471.389      -2529.5564      2513.6725      3638.765      -2701.7206      23.844287     -738.89856     -2205.7994     -3059.4197     -348.17845      67820.4        40.780585      40.780585      40.780585      1.2553011     -2168.1799      577.7171       1123.031     
     63000   63000          447.22823     -630.87327      3555.0095      4178.3699      6584.1927     -2405.8229      2599.1355      3752.8783     -2704.9337      24.504171     -829.69771     -2193.6222     -3054.0873     -348.53069      67751.857      40.766842      40.766842      40.766842      1.256571      -2159.6874     -45.090842      312.15843    
     64000   64000          437.7494      -44.620486      3822.3922      3866.656       6444.6433     -2577.9873      2503.3199      3608.1836     -2651.2267      23.767951     -813.14568     -2195.5861     -3053.3003     -347.15481      68020.379      40.820628      40.820628      40.820628      1.2516105      381.39548     -860.85205      345.59512    
     65000   65000          439.30239     -625.15227      3356.3408      3972.3339      6467.5068     -2495.173       2626.7712      3615.5021     -2669.1302      25.705176     -844.69824     -2188.7479     -3060.575      -349.50073      67563.812      40.729091      40.729091      40.729091      1.2600683      95.773701     -1691.1872     -280.04329    
     66000   66000          440.81956     -1041.7541      3034.7186      4052.3049      6489.8429     -2437.538       2678.0698      3633.3188     -2689.1223      24.120407     -838.01033     -2188.1828     -3057.7315     -352.55923      66977.686      40.610972      40.610972      40.610972      1.2710953     -1596.2453     -293.53125     -1235.4858    
     67000   67000          443.72682      426.76283      4442.9235      4026.9659      6532.6443     -2505.6784      2573.7035      3739.7623     -2717.4281      25.373745     -887.29768     -2189.1697     -3050.6226     -353.32599      66832.336      40.581573      40.581573      40.581573      1.2738597      974.45946      184.54606      121.28297    
     68000   68000          445.87718      278.02704      4231.5056      3960.571       6564.3023     -2603.7313      2528.6468      3654.82       -2696.4914      24.07669      -886.08118     -2182.5814     -3046.1208     -353.39523      66819.242      40.578923      40.578923      40.578923      1.2741093      262.67244     -678.69865      1250.1073    
     69000   69000          447.96474      757.06607      4838.8341      4094.6235      6595.0359     -2500.4123      2533.8359      3706.5651     -2700.6977      24.445635     -821.60637     -2191.7451     -3051.2098     -350.329        67404.074      40.696967      40.696967      40.696967      1.2630545      292.12265      2064.1581     -85.082536    
     70000   70000          428.57169     -473.82663      3414.0767      3883.8393      6309.5271     -2425.6877      2513.5097      3745.8265     -2677.7899      23.828836     -785.56795     -2194.6755     -3050.8195     -347.35943      67980.309      40.812611      40.812611      40.812611      1.2523482     -836.22801     -1159.5384      574.28653    
     71000   71000          433.86615      373.00562      4130.5105      3766.3187      6387.4733     -2621.1547      2526.1817      3585.4388     -2677.7705      23.428488     -844.25124     -2189.0432     -3045.1387     -352.71443      66948.215      40.605014      40.605014      40.605014      1.2716548      1528.5147     -135.21207     -274.28575    
     72000   72000          436.79092     -881.95484      3072.3811      3940.8346      6430.5324     -2489.6978      2549.3265      3670.3358     -2661.9483      23.867098     -846.99852     -2175.7943     -3048.486      -349.73405      67518.738      40.720032      40.720032      40.720032      1.2609095     -1516.0586     -696.33857     -433.46731    
     73000   73000          442.099        910.97822      4978.3368      4087.7678      6508.6791     -2420.9114      2543.8591      3757.1969     -2682.9678      24.114347     -838.47292     -2182.5322     -3042.1089     -352.27234      67032.234      40.621993      40.621993      40.621993      1.2700609      76.729188      15.688153      2640.5173    
     74000   74000          434.08606     -1835.4073      2018.9438      3831.5461      6390.7109     -2559.1648      2650.128       3589.3914     -2717.7351      24.276162     -867.83339     -2186.2448     -3051.1471     -348.71292      67716.451      40.759739      40.759739      40.759739      1.257228      -1221.4387     -2154.9056     -2129.8775    
     75000   75000          439.60013     -423.76678      3578.9822      3994.6086      6471.8902     -2477.2815      2620.222       3661.3227     -2681.0156      24.085014     -849.65463     -2201.6159     -3050.6251     -351.1251       67251.249      40.666187      40.666187      40.666187      1.2659247     -18.180563     -1480.4238      227.30399    
     76000   76000          446.40693      461.42201      4333.4692      3878.29        6572.1014     -2693.8114      2537.556       3539.1603     -2730.8831      24.747644     -825.43001     -2192.5235     -3046.4387     -349.1034       67640.709      40.744537      40.744537      40.744537      1.2586358      578.54167      587.37601      218.34836    
     77000   77000          434.38254     -125.22175      3647.7334      3769.655       6395.0758     -2625.4208      2519.243       3631.8767     -2707.6414      24.501914     -858.9944      -2191.3425     -3043.0641     -353.70171      66761.344      40.567199      40.567199      40.567199      1.2752143     -788.79531      819.2982      -406.16813    
     78000   78000          432.25375      1047.6481      4773.3634      3740.7175      6363.7352     -2623.0177      2449.7629      3623.4114     -2686.8227      22.922189     -790.53471     -2188.7096     -3053.0472     -349.38326      67586.528      40.733655      40.733655      40.733655      1.2596448      947.7075       2844.7313     -649.49459    
     79000   79000          438.06847     -511.52178      3459.5855      3964.8387      6449.3408     -2484.5021      2579.1741      3706.637      -2665.2315      25.277544     -898.48529     -2183.5887     -3048.2852     -348.65283      67728.123      40.762081      40.762081      40.762081      1.2570113      1091.8165     -1991.5061     -634.87574    
     80000   80000          437.25173      68.948999      3712.5778      3644.9069      6437.3165     -2792.4096      2521.53        3452.4554     -2692.735       23.2331       -847.52696     -2194.4915     -3054.8746     -350.88417      67297.426      40.675492      40.675492      40.675492      1.2650561     -1101.0564      832.74994      475.15345    
     81000   81000          440.02601     -376.37263      3614.9191      3988.9609      6478.1601     -2489.1992      2527.8175      3644.2171     -2681.3965      24.722541     -762.68044     -2194.8932     -3046.9862     -346.52614      68143.782      40.845299      40.845299      40.845299      1.2493439     -953.07351     -144.24589     -31.798508    
     82000   82000          439.14825     -922.40666      2989.4164      3900.6378      6465.2375     -2564.5997      2501.4223      3711.1096     -2742.9446      25.372829     -812.11408     -2193.0701     -3054.3756     -348.60742      67736.945      40.763851      40.763851      40.763851      1.2568476     -885.86659     -1222.5556     -658.79781    
     83000   83000          432.82655     -1045.2491      2798.5011      3824.4361      6372.168      -2547.7319      2528.1993      3681.7257     -2724.1788      23.912854     -814.02279     -2191.0994     -3052.2689     -350.86339      67301.411      40.676295      40.676295      40.676295      1.2649812     -825.43114     -800.34071     -1509.9754    
     84000   84000          428.19327      900.19904      4624.5912      3744.4869      6303.9559     -2559.469       2563.4942      3590.9647     -2691.3874      25.198147     -797.01616     -2198.0649     -3052.6575     -352.24314      67037.789      40.623116      40.623116      40.623116      1.2699557      680.46686      630.34315      1389.7871    
     85000   85000          444.05577      140.26474      3960.3348      3822.7542      6537.4871     -2714.7329      2501.7305      3630.9597     -2728.302       25.012137     -882.34009     -2207.2869     -3054.5062     -351.0991       67256.229      40.667191      40.667191      40.667191      1.265831      -861.62849     -437.11773      1719.5404    
     86000   86000          427.56513     -65.709736      3900.4309      3965.1527      6294.7083     -2329.5556      2568.2942      3839.43       -2707.3143      26.094903     -801.9264      -2198.8788     -3055.2553     -349.63686      67537.505      40.723804      40.723804      40.723804      1.2605591      88.193848     -496.31101      210.98795    
     87000   87000          434.16136     -427.85548      3453.7125      3872.2947      6391.8194     -2519.5247      2592.8028      3715.9108     -2705.3695      23.480963     -887.65593     -2203.6696     -3055.0243     -352.00959      67082.268      40.632098      40.632098      40.632098      1.2691136     -843.45085     -968.25128      528.13569    
     88000   88000          433.35344      129.68765      3727.0514      3600.7037      6379.925      -2779.2214      2470.5592      3624.6961     -2717.7422      25.418286     -929.67741     -2195.7657     -3056.7096     -353.48374      66802.512      40.575536      40.575536      40.575536      1.2744284     -607.15312      998.85452     -2.6384666    
     89000   89000          433.45999     -310.74261      3438.9006      3741.4916      6381.4937     -2640.0021      2488.4681      3653.3864     -2702.1953      24.165628     -859.7117      -2197.3727     -3046.7424     -353.65758      66769.675      40.568886      40.568886      40.568886      1.2750552     -243.24575     -1342.1888      653.20668    
     90000   90000          430.05311      209.67587      3928.5326      3719.1008      6331.3368     -2612.2361      2532.2185      3644.5912     -2729.4601      24.607625     -830.67268     -2201.0174     -3052.5032     -344.78146      68488.607      40.914079      40.914079      40.914079      1.2430537      34.856538     -646.65965      1240.8307    
     91000   91000          441.28227      264.35505      3995.6265      3737.9437      6496.655      -2758.7113      2471.2664      3615.551      -2702.7143      26.103033     -937.00532     -2189.9074     -3042.0047     -353.29738      66837.749      40.582669      40.582669      40.582669      1.2737565      857.51419      198.91851     -263.36757    
     92000   92000          438.25599      424.81867      4248.2089      3831.5242      6452.1015     -2620.5773      2488.0836      3635.3061     -2696.084       25.136724     -836.1117      -2187.7244     -3049.1836     -351.10271      67255.538      40.667051      40.667051      40.667051      1.265844       924.74634      1347.3509     -997.64125    
     93000   93000          433.66592      214.31157      3966.7027      3755.9731      6384.5254     -2628.5523      2464.297       3641.6164     -2677.5951      24.683616     -833.18787     -2191.6101     -3056.7564     -350.23392      67422.371      40.70065       40.70065       40.70065       1.2627117      924.23284      974.24874     -1255.5469    
     94000   94000          441.42101      347.04042      4135.1408      3796.9682      6498.6975     -2701.7294      2446.5869      3684.5047     -2718.3052      26.66088      -883.62831     -2201.0775     -3056.4709     -353.41075      66816.309      40.578329      40.578329      40.578329      1.2741653      446.23012     -283.35539      878.24653    
     95000   95000          446.78472      648.44536      4517.4428      3883.197       6577.6633     -2694.4664      2484.5623      3619.6094     -2710.2506      24.200926     -870.27501     -2189.2014     -3053.112      -352.09013      67066.922      40.628999      40.628999      40.628999      1.269404      -1053.2914      1488.446       1510.1814    
     96000   96000          442.81186     -1486.0354      2296.2311      3746.3807      6519.174      -2772.7933      2484.5982      3547.0349     -2695.7915      25.451257     -892.56917     -2192.8167     -3048.7002     -352.9023       66912.575      40.597808      40.597808      40.597808      1.2723321     -3160.842      -173.9456      -1123.3186    
     97000   97000          437.20891      549.54811      4413.7449      3878.1142      6436.6861     -2558.5719      2516.2332      3641.312      -2689.2082      24.192779     -786.99905     -2211.6006     -3052.5021     -353.32827      66831.907      40.581486      40.581486      40.581486      1.2738679      1654.8936     -502.98358      496.73427    
     98000   98000          431.7439      -13.006215      3518.8167      3531.5208      6356.229      -2824.7081      2489.6399      3525.1594     -2719.0675      24.859041     -883.99444     -2204.0815     -3057.223      -352.5693       66975.773      40.610585      40.610585      40.610585      1.2711316      2061.8953     -552.01559     -1548.8983    
     99000   99000          436.83845     -902.22668      2853.9202      3734.0807      6431.2322     -2697.1515      2539.7322      3594.0802     -2690.5425      24.452266     -931.69882     -2185.2244     -3047.9505     -353.01399      66891.405      40.593526      40.593526      40.593526      1.2727348     -1063.8031     -1064.6811     -578.19577    
    100000   100000         432.44578     -409.49622      3453.3443      3859.4708      6366.5623     -2507.0914      2555.7359      3661.3556     -2696.8697      23.956639     -795.70227     -2201.6053     -3053.9623     -347.23756      68004.169      40.817385      40.817385      40.817385      1.2519088     -982.22129      604.32765     -850.59502    
    101000   101000         430.68382     -748.1599       2804.7929      3534.8632      6340.6224     -2805.7591      2437.0866      3549.5425     -2686.6299      23.786983     -865.67188     -2207.3494     -3056.524      -352.91314      66910.519      40.597392      40.597392      40.597392      1.2723712      471.00649     -1293.5354     -1421.9508    
    102000   102000         441.64084     -260.19709      3553.1041      3809.2658      6501.9339     -2692.6682      2549.8477      3531.321      -2706.853       23.758        -839.90128     -2198.4953     -3052.3453     -349.80534      67504.978      40.717265      40.717265      40.717265      1.2611665      616.68632     -494.13788     -903.13971    
    103000   103000         428.87647      1862.3385      5514.8573      3689.3329      6314.0141     -2624.6812      2477.1055      3656.0303     -2710.0866      25.303885     -831.47617     -2191.7377     -3049.8204     -351.32504      67212.977      40.658471      40.658471      40.658471      1.2666456      2546.9091      1130.9424      1909.1639    
    104000   104000         428.6433      -728.4326       2992.6253      3711.6601      6310.5813     -2598.9211      2590.1693      3549.5398     -2723.6395      23.001892     -791.05062     -2197.3327     -3049.6093     -348.88119      67683.792      40.753185      40.753185      40.753185      1.2578347     -455.22075      661.4531      -2391.5301    
    105000   105000         431.89175      416.11954      4233.1471      3824.491       6358.4057     -2533.9148      2506.8285      3635.6044     -2664.2386      22.943425     -776.07612     -2201.874      -3057.1023     -350.66962      67338.6        40.683786      40.683786      40.683786      1.2642826     -295.55857      891.34241      652.57477    
    106000   106000         444.58614     -1235.693       2708.2534      3924.9558      6545.2953     -2620.3395      2531.8907      3632.6456     -2693.1648      23.525138     -870.26016     -2192.1855     -3052.7905     -349.75534      67514.627      40.719205      40.719205      40.719205      1.2609863     -1371.2377     -968.45466     -1367.3867    
    107000   107000         439.69527     -582.30808      3190.1574      3764.8402      6473.2909     -2708.4507      2503.6394      3530.2503     -2708.3321      23.849777     -812.36774     -2195.9812     -3049.5092     -348.94963      67670.517      40.750521      40.750521      40.750521      1.2580814     -505.72637     -945.61445     -295.58342    
    108000   108000         420.82269      241.59285      3861.6724      3624.7037      6195.4445     -2570.7408      2530.9895      3656.7738     -2718.0466      25.255932     -824.19392     -2193.7966     -3047.723      -351.10032      67255.996      40.667144      40.667144      40.667144      1.2658354      857.17203      492.07754     -624.47103    
    109000   109000         431.51888      1217.6099      4955.1838      3761.4572      6352.9162     -2591.459       2517.0666      3707.9187     -2735.518       24.592387     -859.0715      -2194.3086     -3052.1385     -351.27032      67223.447      40.660582      40.660582      40.660582      1.2664483      1925.7551      40.610551      1686.464     
    110000   110000         435.59812      283.02251      4019.522       3742.1484      6412.9718     -2670.8233      2494.9132      3555.2245     -2732.8682      23.555805     -744.17488     -2215.9551     -3051.5187     -351.39382      67199.821      40.655818      40.655818      40.655818      1.2668935     -1072.0947      1138.2692      782.89305    
    111000   111000         435.29609      74.816265      3672.7463      3599.7087      6408.5252     -2808.8165      2541.8412      3438.4463     -2703.2716      22.509959     -861.38595     -2199.4212     -3047.5352     -352.76682      66938.273      40.603004      40.603004      40.603004      1.2718437      1289.405      -2484.2381      1419.2819    
    112000   112000         436.72153      331.95175      3935.3552      3609.8968      6429.5109     -2819.614       2447.5096      3491.8177     -2686.1449      23.518719     -842.33691     -2200.5559     -3053.4223     -351.25105      67227.134      40.661326      40.661326      40.661326      1.2663788      356.36309      842.31894     -202.82677    
    113000   113000         430.26124      241.95824      3973.0493      3735.5668      6334.401      -2598.8342      2511.2017      3654.8579     -2693.5764      24.948109     -834.18949     -2203.3864     -3058.6895     -350.87056      67300.036      40.676018      40.676018      40.676018      1.265007       1747.3326     -1352.3999      330.94204    
    114000   114000         431.37367      1235.8905      4859.0183      3637.8816      6350.7785     -2712.8969      2446.5136      3599.9036     -2736.9352      23.613045     -807.46675     -2194.3849     -3044.1403     -348.54099      67749.855      40.76644       40.76644       40.76644       1.2566081      1109.1528      709.77489      1888.7439    
    115000   115000         442.11533      620.57343      4409.1592      3804.4939      6508.9195     -2704.4256      2510.1123      3575.2469     -2727.1189      24.208474     -822.27093     -2211.9818     -3052.6216     -353.44047      66810.689      40.577191      40.577191      40.577191      1.2742724      1059.329       835.24205     -32.850701    
    116000   116000         434.14816      386.27409      4051.1688      3669.6551      6391.6251     -2721.97        2530.5502      3481.3353     -2717.1125      21.651889     -793.12245     -2199.0734     -3046.199      -348.6772       67723.389      40.761131      40.761131      40.761131      1.2570992      241.60063     -973.28412      1890.5058    
    117000   117000         431.5045      -486.4557       3274.5827      3750.416       6352.7045     -2602.2886      2568.7974      3586.6415     -2707.4985      23.123442     -816.44945     -2205.8382     -3051.0647     -352.06807      67071.125      40.629848      40.629848      40.629848      1.2693245      417.61299     -1437.149      -439.83109    
    118000   118000         432.99322     -12.552485      3854.1966      3866.5506      6374.6218     -2508.0713      2547.0591      3641.3431     -2668.0264      23.661706     -822.71297     -2184.957      -3044.4388     -349.91325      67484.16       40.713079      40.713079      40.713079      1.2615556     -294.21235     -306.29213      562.84703    
    119000   119000         436.24495     -689.49833      3118.5135      3800.5324      6422.4945     -2621.9622      2583.4579      3536.2208     -2680.3693      23.519938     -854.22109     -2183.5593     -3047.0112     -348.15685      67824.607      40.781428      40.781428      40.781428      1.2552232     -883.73987     -403.8508      -780.90432    
    120000   120000         431.64365     -454.24382      3179.6125      3625.6841      6354.7532     -2729.0691      2443.1094      3640.247      -2731.6664      23.288438     -861.27901     -2191.2593     -3051.5092     -350.68933      67334.817      40.683024      40.683024      40.683024      1.2643536     -66.272714     -329.9303      -966.52845    
    121000   121000         446.39956     -1085.9357      2927.1163      3999.463       6571.9929     -2572.5299      2593.531       3610.4754     -2705.1901      22.933232     -856.69028     -2186.8061     -3050.783      -348.74424      67710.371      40.758519      40.758519      40.758519      1.2573409      40.672487     -3151.3924     -147.08719    
    122000   122000         430.16345      1156.6207      4770.8637      3642.3819      6332.9613     -2690.5794      2486.6142      3639.0502     -2727.6382      25.222291     -862.67829     -2197.0562     -3054.0933     -352.96737      66900.24       40.595313      40.595313      40.595313      1.2725667      1069.6664      788.68755      1611.5083    
    123000   123000         432.17431     -551.82257      3210.4083      3754.1735      6362.5656     -2608.3921      2574.2411      3592.3216     -2702.2097      23.981928     -849.75815     -2190.9407     -3056.0282     -349.48308      67567.224      40.729776      40.729776      40.729776      1.2600047     -589.24883      262.11221     -1328.3311    
    124000   124000         422.81346     -51.327878      3516.2397      3566.8207      6224.7532     -2657.9325      2524.2426      3540.2345     -2696.8439      24.460221     -813.24472     -2185.9142     -3050.867      -349.46514      67570.693      40.730473      40.730473      40.730473      1.25994       -379.10267     -19.576826      244.69586    
    125000   125000         434.66531      429.4535       4141.8875      3721.2595      6399.2387     -2677.9792      2492.907       3548.146      -2701.2096      24.531549     -802.18726     -2191.8671     -3048.2998     -351.60583      67159.3        40.647645      40.647645      40.647645      1.2676579      844.12645     -168.07795      612.31201    
    126000   126000         431.23143      220.93171      3854.3618      3637.6403      6348.6843     -2711.044       2513.6785      3582.9274     -2693.2335      24.945992     -896.46009     -2189.2925     -3053.6098     -351.07048      67261.713      40.668296      40.668296      40.668296      1.2657278     -451.6808       259.88654      854.58939    
    127000   127000         434.63393      333.81742      4068.6508      3740.1721      6398.7767     -2658.6046      2474.5451      3607.67       -2705.3167      24.162005     -817.30823     -2195.1751     -3047.1816     -349.97732      67471.805      40.710594      40.710594      40.710594      1.2617866      16.07327       1084.9995     -99.620472    
    128000   128000         433.21413      1077.4571      4768.5362      3709.0948      6377.8741     -2668.7793      2437.7796      3621.7892     -2722.524       25.292766     -789.68295     -2190.4193     -3051.0147     -350.2363       67421.914      40.700558      40.700558      40.700558      1.2627203      1106.6543      435.67577      1690.0411    
    129000   129000         432.68444      504.22622      4156.6962      3660.0201      6370.0759     -2710.0558      2523.911       3527.7692     -2713.8678      22.907096     -816.90975     -2205.6276     -3048.2379     -349.61517      67541.696      40.724646      40.724646      40.724646      1.2604809      1279.7911      625.59242     -392.70485    
    130000   130000         427.54863      1136.5864      4763.2866      3648.028       6294.4654     -2646.4373      2535.8281      3536.2158     -2690.4184      22.474481     -797.36413     -2199.6472     -3053.526      -350.96598      67281.74       40.672332      40.672332      40.672332      1.265351       1267.1005      161.67975      1980.979     
    131000   131000         436.29907     -455.71892      3360.3143      3810.0087      6423.2913     -2613.2826      2571.1215      3579.257      -2712.2492      23.92475      -836.03281     -2191.697      -3047.6068     -348.99375      67661.962      40.748804      40.748804      40.748804      1.2582405     -1444.8503      261.73848     -184.04492    
    132000   132000         434.92019     -168.2236       3509.1108      3675.5732      6402.9911     -2727.4179      2522.8564      3492.6887     -2711.0583      21.184372     -818.45369     -2188.5503     -3046.0851     -348.02385      67850.526      40.786622      40.786622      40.786622      1.2547437      244.64453      15.301533     -764.61687    
    133000   133000         430.93883     -932.74251      2835.169       3761.5809      6344.3767     -2582.7958      2508.6745      3694.6884     -2738.2755      25.374149     -824.99039     -2195.0244     -3053.2425     -346.73347      68103.035      40.837156      40.837156      40.837156      1.2500914     -1427.8512      5.6445868     -1376.0209    
    134000   134000         430.07842     -308.79996      3335.2416      3639.0922      6331.7095     -2692.6173      2503.3976      3594.2833     -2727.1284      24.127355     -859.68899     -2190.6938     -3036.9144     -349.98968      67469.422      40.710115      40.710115      40.710115      1.2618312     -29.205076     -168.63431     -728.5605     
    135000   135000         434.98506      330.93595      4060.0683      3735.2367      6403.9462     -2668.7094      2460.7764      3563.6378     -2686.2235      22.801861     -791.54719     -2194.1219     -3044.033      -350.85191      67303.614      40.676739      40.676739      40.676739      1.2649398      152.15287     -184.45305      1025.108     
    136000   136000         434.40297      690.52426      4315.9964      3642.7362      6395.3764     -2752.6402      2447.7306      3513.5061     -2689.5581      24.449848     -813.00546     -2190.6424     -3045.1208     -353.21094      66854.106      40.585979      40.585979      40.585979      1.2734449      1246.8171     -193.5938       1018.3495    
    137000   137000         435.19498      787.71452      4645.0632      3870.0574      6407.0366     -2536.9792      2522.9636      3680.7582     -2712.114       25.522301     -820.63939     -2188.9032     -3044.5667     -350.02736      67462.16       40.708654      40.708654      40.708654      1.261967       1338.2211     -39.975959      1064.8984    
    138000   138000         431.13002     -153.92423      3466.9579      3616.565       6347.1913     -2730.6263      2515.1368      3591.9731     -2687.6616      25.028706     -902.70954     -2210.9064     -3061.4874     -354.3178       66645.259      40.543673      40.543673      40.543673      1.2774355      101.341        300.57451     -863.68819    
    139000   139000         427.94221     -386.31036      3150.4037      3533.8839      6300.2597     -2766.3759      2396.3578      3624.8878     -2701.0417      25.093333     -863.75177     -2199.6964     -3048.2249     -346.92183      68066.059      40.829764      40.829764      40.829764      1.2507705      71.732492     -1081.7612     -148.90234    
    140000   140000         437.2666       1395.5284      5048.3013      3687.6676      6437.5354     -2749.8678      2463.0219      3528.603      -2695.747       23.526358     -809.97024     -2207.2699     -3052.032      -353.2121       66853.886      40.585935      40.585935      40.585935      1.2734491      1127.8579      2979.9598      78.767564    
    141000   141000         437.3902      -591.20188      3181.9943      3764.2884      6439.3551     -2675.0666      2529.8714      3571.2608     -2710.7513      24.884558     -836.72762     -2204.3244     -3049.28       -349.64838      67535.281      40.723357      40.723357      40.723357      1.2606007      471.51206     -208.58115     -2036.5365    
    142000   142000         432.96219      469.36243      4028.4345      3563.2074      6374.165      -2810.9577      2444.9984      3498.5535     -2723.6315      23.861227     -818.70873     -2197.2042     -3038.8264     -347.44129      67964.293      40.809405      40.809405      40.809405      1.2526434      447.80993     -7.9938085      968.27116    
    143000   143000         429.2411      -48.323037      3635.0458      3682.7494      6319.3823     -2636.6329      2502.7537      3599.634      -2710.2455      24.594334     -816.04894     -2191.4513     -3045.8692     -348.85174      67689.505      40.754332      40.754332      40.754332      1.2577285      880.8502      -1048.9787      23.159406    
    144000   144000         437.71158      35.150912      3759.9848      3725.3536      6444.0865     -2718.7329      2471.0259      3501.7927     -2711.3789      23.226009     -755.06645     -2206.5729     -3041.7592     -349.54807      67554.661      40.727252      40.727252      40.727252      1.260239       81.470838      568.88486     -544.90296    
    145000   145000         428.23158     -89.559077      3693.8361      3784.5347      6304.5199     -2519.9853      2546.422       3589.942      -2709.8173      24.202367     -717.85937     -2203.4952     -3049.3797     -340.0535       69440.842      41.102824      41.102824      41.102824      1.2260079     -526.36715     -390.83988      648.5298     
    146000   146000         425.0256       1445.7461      4953.3689      3529.9956      6257.3207     -2727.3252      2402.7604      3549.3999     -2664.3719      23.765266     -799.01484     -2193.1499     -3046.7141     -349.79318      67507.324      40.717737      40.717737      40.717737      1.2611227      1016.8367      760.68812      2559.7134    
    147000   147000         433.76238     -1845.3648      1848.4598      3675.6652      6385.9456     -2710.2804      2473.4686      3626.0786     -2697.3072      25.271724     -909.54809     -2183.246      -3044.998      -347.80275      67893.66       40.795263      40.795263      40.795263      1.2539465     -1610.519      -989.20025     -2936.3752    
    148000   148000         435.79858     -404.32988      3429.5617      3826.9694      6415.923      -2588.9536      2533.5155      3609.8855     -2684.307       23.822567     -842.06396     -2184.6904     -3045.1158     -350.37869      67394.514      40.695043      40.695043      40.695043      1.2632337      817.31369     -1609.2801     -421.02327    
    149000   149000         427.24072      78.104832      3675.679       3598.4398      6289.9322     -2691.4924      2515.7748      3570.4964     -2716.1448      23.40265      -832.33416     -2202.047      -3050.6403     -348.23997      67808.418      40.778183      40.778183      40.778183      1.2555229     -993.54145      782.16985      445.6861     
    150000   150000         431.04714     -267.7685       3362.9235      3628.8169      6345.9712     -2717.1542      2504.3278      3512.7316     -2688.5411      25.440094     -815.56723     -2198.1499     -3057.3954     -346.80872      68088.259      40.834202      40.834202      40.834202      1.2503627     -890.86853     -113.15118      200.71422    
    151000   151000         428.35573     -230.3752       3398.9546      3628.0193      6306.3477     -2678.3283      2549.7074      3541.3717     -2716.1004      23.933454     -828.33783     -2192.8588     -3056.0439     -346.35033      68178.372      40.852209      40.852209      40.852209      1.2487101      1083.2381     -1532.3209     -242.04285    
    152000   152000         430.8337       231.0955       4096.8215      3867.7645      6342.8289     -2475.0644      2633.9268      3633.7465     -2697.0461      23.616045     -833.43548     -2183.3483     -3052.5238     -347.445        67963.567      40.80926       40.80926       40.80926       1.2526567     -117.50587     -138.67442      949.46678    
    153000   153000         428.9347      -1100.8377      2654.1078      3736.4281      6314.8713     -2578.4432      2530.695       3598.8785     -2662.3495      23.593701     -819.22745     -2196.1007     -3053.9327     -350.27214      67415.015      40.699169      40.699169      40.699169      1.2628495     -1660.6178     -241.86943     -1400.0259    
    154000   154000         431.42983     -1942.3249      1640.9078      3581.5675      6351.6052     -2770.0377      2529.8887      3446.1463     -2689.4456      24.158095     -829.50389     -2192.5613     -3058.7201     -344.67568      68509.626      40.918264      40.918264      40.918264      1.2426724     -2264.7347     -2114.6207     -1447.6195    
    155000   155000         424.8224       114.45404      3826.9803      3714.9147      6254.3292     -2539.4145      2522.3189      3633.2331     -2664.5363      24.21918      -799.47455     -2198.0268     -3057.148      -351.72005      67137.49       40.643244      40.643244      40.643244      1.2680697     -166.90078     -2083.285       2593.5479    
    156000   156000         423.97699     -1582.5945      1847.7474      3419.7701      6241.8828     -2822.1127      2573.3162      3426.4721     -2709.4493      24.856456     -900.93184     -2183.4619     -3052.9145     -346.6961       68110.375      40.838623      40.838623      40.838623      1.2499567     -1434.5045     -1730.3589     -1582.92      
    157000   157000         432.44474     -407.22911      3315.7139      3715.5684      6366.547      -2650.9785      2532.3241      3613.8221     -2715.8627      25.900747     -853.76602     -2195.5144     -3057.8823     -350.73163      67326.695      40.681388      40.681388      40.681388      1.2645061      741.09806     -569.56693     -1393.2185    
    158000   158000         429.66471     -1024.2751      2653.1121      3660.9047      6325.6187     -2664.714       2583.8511      3464.2675     -2688.3715      23.527793     -815.82538     -2181.8437     -3050.3198     -350.01249      67465.025      40.709231      40.709231      40.709231      1.2619134     -131.57213     -1100.4486     -1840.8046    
    159000   159000         423.67507      53.421521      3591.162       3538.434       6237.4379     -2699.0039      2398.9552      3615.2104     -2693.9485      26.128171     -793.53846     -2195.5346     -3056.2761     -348.90982      67678.237      40.75207       40.75207       40.75207       1.2579379     -427.93299     -22.583529      610.78109    
    160000   160000         432.36311      1035.4809      4751.4674      3741.0915      6365.3453     -2624.2537      2464.6051      3602.0235     -2674.0676      22.621291     -785.89703     -2200.4622     -3053.0767     -352.93707      66905.983      40.596474      40.596474      40.596474      1.2724575      2041.5242      1487.5068     -422.58823    
    161000   161000         427.40962     -946.66581      2808.8902      3749.5113      6292.4188     -2542.9075      2527.9978      3651.935      -2723.2384      23.549533     -781.90254     -2197.2815     -3043.9675     -346.59326      68130.585      40.842662      40.842662      40.842662      1.2495859     -293.55695     -1515.4482     -1030.9923    
    162000   162000         428.7346      -755.5686       2698.5073      3437.2721      6311.9254     -2874.6533      2518.1402      3492.4187     -2703.2185      24.483655     -960.30451     -2196.8406     -3049.3323     -352.21336      67043.457      40.62426       40.62426       40.62426       1.2698483     -1573.5175     -794.32301      101.1347     
    163000   163000         427.8509      -1152.7476      2603.316       3747.091       6298.9155     -2551.8245      2611.0526      3566.1328     -2701.1628      24.55273      -816.05056     -2191.1912     -3045.158      -347.08173      68034.7        40.823493      40.823493      40.823493      1.251347      -1104.6882     -1745.5981     -607.95654    
    164000   164000         421.99588     -511.17457      2853.1451      3356.8013      6212.7165     -2855.9152      2401.0446      3519.3821     -2722.4055      23.324662     -835.73512     -2191.7627     -3049.7633     -349.52095      67559.903      40.728305      40.728305      40.728305      1.2601412     -781.10001     -1225.3203      472.89656    
    165000   165000         436.93699      1528.4497      5203.1532      3703.3618      6432.6828     -2729.321       2496.749       3574.1998     -2698.5594      23.790519     -872.8569      -2199.035      -3053.6091     -350.96065      67282.762      40.672538      40.672538      40.672538      1.2653318      844.39204      2264.3875      1476.5696    
    166000   166000         428.96013      834.89622      4466.4959      3645.9168      6315.2458     -2669.329       2527.0311      3516.9456     -2717.328       24.541012     -756.25132     -2209.2243     -3055.0431     -350.38875      67392.58       40.694654      40.694654      40.694654      1.2632699      1786.7345      717.41949      0.53467353   
    167000   167000         433.52795     -896.8647       2640.5858      3527.0329      6382.4941     -2855.4612      2473.2991      3455.4574     -2685.3207      24.416394     -872.22279     -2196.7503     -3054.3403     -348.42735      67771.952      40.770872      40.770872      40.770872      1.2561984     -1388.1373     -1497.0425      194.58573    
    168000   168000         423.66306      848.33219      4290.4596      3455.4639      6237.2612     -2781.7973      2429.6363      3569.6464     -2721.7285      23.94198      -843.71102     -2190.7815     -3048.801      -349.88061      67490.456      40.714345      40.714345      40.714345      1.2614379      581.11822     -1049.182       3013.0604    
    169000   169000         426.5161      -777.31727      2774.8178      3541.4605      6279.2642     -2737.8037      2525.7509      3542.4831     -2732.5821      23.508512     -849.29981     -2195.5422     -3052.1221     -349.17523      67626.796      40.741743      40.741743      40.741743      1.2588948     -1129.9277     -78.874632     -1123.1495    
    170000   170000         420.93546     -1695.6753      1853.217       3549.7822      6197.1048     -2647.3226      2575.7573      3580.8612     -2715.2579      24.779192     -862.08223     -2202.1066     -3049.2735     -344.19953      68604.398      40.937123      40.937123      40.937123      1.2409557     -1123.0881     -2738.4476     -1225.4903    
    171000   171000         425.8349      -593.80318      2895.6939      3485.932       6269.2354     -2783.3034      2452.5008      3512.642      -2696.6266      24.278425     -845.37498     -2184.6452     -3046.078      -346.46023      68156.745      40.847889      40.847889      40.847889      1.2491063      403.60534     -430.29743     -1754.7175    
    172000   172000         432.56552      526.91393      4292.8291      3775.9415      6368.3252     -2592.3837      2437.6228      3742.0058     -2741.5737      24.861549     -834.12424     -2181.3212     -3039.8547     -351.06023      67263.676      40.668691      40.668691      40.668691      1.2656909     -16.448977      602.47732      994.71344    
    173000   173000         431.02635      814.5458       4464.8583      3665.011       6345.6651     -2680.6541      2425.8722      3589.6033     -2669.6792      22.900196     -802.37633     -2196.4338     -3050.5405     -350.70873      67331.092      40.682274      40.682274      40.682274      1.2644236      2491.0344      676.43141     -723.82839    
    174000   174000         414.1966       1078.0596      4341.3749      3288.2306      6097.8938     -2809.6632      2453.8164      3521.9275     -2736.6412      23.483086     -816.7613      -2202.4553     -3053.0324     -352.52749      66983.716      40.61219       40.61219       40.61219       1.2709808      1373.5         1349.3763      511.30259    
    175000   175000         439.34985      1133.9007      4790.9023      3669.5416      6468.2056     -2798.664       2387.4986      3577.5864     -2702.3793      24.309554     -837.63046     -2196.6696     -3051.3791     -348.23129      67810.109      40.778522      40.778522      40.778522      1.2554916      1975.0059      1564.3862     -137.69015    
    176000   176000         434.47317     -379.13408      3351.2151      3726.1763      6396.41       -2670.2337      2513.2978      3584.1682     -2694.388       21.656138     -850.80501     -2193.4799     -3050.6829     -348.21272      67813.725      40.779247      40.779247      40.779247      1.2554246      470.81252     -831.87245     -776.34233    
    177000   177000         430.19892      235.91098      3765.4053      3535.781       6333.4835     -2797.7025      2460.8775      3479.7666     -2680.0262      22.295788     -843.88638     -2184.7742     -3051.9557     -353.80863      66741.169      40.563112      40.563112      40.563112      1.2755998      1253.9126      187.54735     -733.72705    
    178000   178000         425.70122      105.62972      3574.0758      3470.8453      6267.2674     -2796.4221      2465.3227      3520.314      -2705.8611      23.647503     -842.85218     -2202.1829     -3054.8101     -352.38402      67010.989      40.617701      40.617701      40.617701      1.2704636     -510.81659      617.65291      210.05284    
    179000   179000         429.85176      122.54903      3680.2764      3560.6121      6328.3725     -2767.7604      2446.5681      3578.547      -2719.6334      24.08842      -833.34451     -2209.7748     -3054.2113     -352.68201      66954.37       40.606259      40.606259      40.606259      1.2715379     -115.71738     -302.89578      786.26026    
    180000   180000         427.02665     -171.90018      3442.1314      3611.6918      6286.7806     -2675.0887      2505.8106      3583.9097     -2700.1768      22.881229     -840.83814     -2195.0499     -3051.6255     -349.13229      67635.113      40.743413      40.743413      40.743413      1.25874       -290.22227     -1086.3565      860.87819    
    181000   181000         426.89698      39.200731      3503.2156      3464.5241      6284.8716     -2820.3475      2429.8211      3479.7142     -2692.7667      21.796978     -788.61917     -2209.7446     -3060.5494     -348.91211      67677.794      40.751982      40.751982      40.751982      1.2579461      202.36878      592.75949     -677.52607    
    182000   182000         434.09997      1145.5058      4804.1667      3680.6252      6390.9156     -2710.2904      2458.7863      3532.3891     -2691.1292      22.70688      -782.78673     -2204.0553     -3046.2014     -351.11253      67253.658      40.666672      40.666672      40.666672      1.2658794     -22.535666      1691.8732      1767.1798    
    183000   183000         431.71597     -116.76594      3447.827       3562.8225      6355.8179     -2792.9954      2456.5905      3496.2041     -2682.7233      24.656177     -855.05488     -2186.4587     -3046.2091     -349.68195      67528.798      40.722054      40.722054      40.722054      1.2607217      707.4751      -529.22468     -528.54823    
    184000   184000         430.97242     -1525.7048      2167.6788      3679.4775      6344.8712     -2665.3937      2474.8354      3620.6536     -2684.3944      24.626642     -856.15761     -2195.1401     -3049.8173     -347.54792      67943.442      40.805232      40.805232      40.805232      1.2530278     -1601.8115     -1589.4036     -1385.8993    
    185000   185000         427.99575      508.10997      3921.589       3428.4873      6301.048      -2872.5606      2421.5532      3563.5157     -2727.1823      24.642037     -919.1611      -2189.4072     -3046.521      -354.86191      66543.071      40.52294       40.52294       40.52294       1.2793972     -162.22083      634.60371      1051.947     
    186000   186000         423.82009     -209.54457      3517.4797      3726.3977      6239.5729     -2513.1752      2529.8914      3649.1811     -2704.1354      25.900466     -781.40422     -2183.4878     -3049.1207     -345.41293      68363.398      40.889131      40.889131      40.889131      1.2453304     -845.39971      437.60998     -220.84397    
    187000   187000         432.5322       304.50124      3766.06        3462.905       6367.8346     -2904.9296      2440.6361      3428.7204     -2698.0095      21.76906      -857.63765     -2190.5222     -3049.8859     -345.9095       68265.26       40.869556      40.869556      40.869556      1.2471207     -1234.1008      188.66654      1958.938     
    188000   188000         430.63261     -446.95105      3214.9489      3659.155       6339.8684     -2680.7135      2474.9262      3582.6197     -2695.3036      23.213794     -814.88714     -2202.8263     -3048.4561     -346.50824      68147.302      40.846002      40.846002      40.846002      1.2492794     -2246.9489      1198.9439     -292.84816    
    189000   189000         424.16929      161.49348      3680.1587      3520.6521      6244.714      -2724.0619      2492.6291      3559.5595     -2715.878       22.4404       -836.40534     -2194.8446     -3051.563      -348.66991      67724.805      40.761415      40.761415      40.761415      1.2570729      1840.7943     -637.71014     -718.60374    
    190000   190000         429.44242     -634.85575      2839.2992      3463.933       6322.3461     -2858.4131      2487.5262      3481.2592     -2704.8885      23.933042     -896.0501      -2197.9729     -3052.2201     -350.01583      67464.382      40.709101      40.709101      40.709101      1.2619254     -461.04723      230.03668     -1673.5567    
    191000   191000         430.00344      875.80909      4232.7637      3381.3257      6330.6057     -2949.28        2440.559       3454.8507     -2757.8891      23.620506     -858.76406     -2202.5376     -3049.1195     -354.23747      66660.372      40.546737      40.546737      40.546737      1.2771459      1024.3925      468.20725      1134.8276    
    192000   192000         430.83555     -1716.9623      1989.5501      3665.7039      6342.8561     -2677.1522      2506.0979      3654.5194     -2732.2424      24.006073     -886.91305     -2191.5224     -3051.0977     -352.7646       66938.694      40.603089      40.603089      40.603089      1.2718357     -2595.0961     -1327.7502     -1228.0404    
    193000   193000         424.56352     -46.788991      3340.1615      3386.3844      6250.5179     -2864.1335      2456.2734      3459.5707     -2703.4179      23.319221     -854.32286     -2193.7221     -3051.834      -348.59794      67738.788      40.76422       40.76422       40.76422       1.2568135     -841.15354      1513.2427     -812.45609    
    194000   194000         430.1362       218.71384      3696.3564      3478.3446      6332.5602     -2854.2156      2416.3435      3499.602      -2738.5812      23.853225     -815.3708      -2189.6785     -3050.3837     -345.48914      68348.318      40.886124      40.886124      40.886124      1.2456052      1714.4121     -1093.0585      34.787878    
    195000   195000         432.86598     -617.32913      3034.1875      3639.3823      6372.7486     -2733.3663      2486.833       3605.7392     -2734.9551      22.140405     -868.21877     -2194.0387     -3050.8662     -351.28509      67220.62       40.660012      40.660012      40.660012      1.2665015     -1915.2885     -491.29089      554.59203    
    196000   196000         425.31283      664.52756      4275.9062      3616.7515      6261.5495     -2644.7979      2475.5927      3621.2823     -2727.1408      24.660393     -810.12145     -2187.4446     -3041.6265     -347.18727      68014.018      40.819356      40.819356      40.819356      1.2517275      369.37662      48.518661      1575.6874    
    197000   197000         423.4318       456.91066      3947.7467      3499.406       6233.8564     -2734.4504      2513.6315      3519.6017     -2700.627       23.232274     -831.15262     -2201.075      -3058.0612     -350.9629       67282.331      40.672451      40.672451      40.672451      1.2653399      275.80391      638.41893      456.50915    
    198000   198000         433.35865     -499.59017      3030.8037      3518.1689      6380.0017     -2861.8327      2500.7243      3444.2664     -2714.0215      22.105451     -876.8591      -2187.5116     -3050.5366     -353.01848      66890.553      40.593353      40.593353      40.593353      1.272751       169.6982      -1941.1743      272.70563    
    199000   199000         424.95814     -1558.2716      1924.3165      3440.4683      6256.3276     -2815.8592      2505.6754      3524.6777     -2715.6482      22.543471     -917.96791     -2189.018      -3046.1217     -353.94728      66715.024      40.557815      40.557815      40.557815      1.2760997     -1091.3096     -2192.8266     -1390.6787    
    200000   200000         418.51538     -1353.1915      2022.3295      3355.0414      6161.4758     -2806.4344      2460.4744      3517.2871     -2690.8978      24.035454     -875.33345     -2196.9507     -3045.0494     -349.6722       67530.681      40.722432      40.722432      40.722432      1.2606865     -1416.2315     -1569.162      -1074.181     
    201000   201000         434.36435     -1500.9551      2058.9949      3525.1776      6394.8079     -2869.6303      2495.3782      3535.5748     -2739.8791      26.45689      -958.21359     -2187.0106     -3041.9369     -352.54756      66979.903      40.61142       40.61142       40.61142       1.2710532     -1461.9426     -1513.9342     -1526.9884    
    202000   202000         430.49396      554.49472      4059.2339      3514.1943      6337.8271     -2823.6328      2445.5298      3563.2353     -2727.1095      25.319073     -894.23053     -2190.5452     -3045.8317     -350.35435      67399.197      40.695986      40.695986      40.695986      1.2631459      697.74757      327.75632      637.98026    
    203000   203000         419.21534      627.63832      4007.6672      3393.2821      6171.7808     -2778.4986      2516.2472      3488.9377     -2698.2964      23.484779     -866.1886      -2200.0946     -3042.5886     -351.80896      67120.525      40.63982       40.63982       40.63982       1.2683903      907.18891      172.02111      803.70493    
    204000   204000         413.39467      176.46076      3346.3262      3173.719       6086.0877     -2912.3687      2394.0095      3483.0726     -2686.7917      23.969832     -891.99731     -2194.8429     -3039.7886     -352.06873      67071          40.629823      40.629823      40.629823      1.2693268      1494.0742      272.58958     -1237.2815    
    205000   205000         427.33861     -181.80391      3386.2253      3565.3976      6291.3734     -2725.9758      2484.7416      3575.369      -2715.694       23.430983     -854.31224     -2192.2478     -3047.2633     -349.43828      67575.886      40.731517      40.731517      40.731517      1.2598432     -1471.0339     -739.28924      1664.9114    
    206000   206000         422.61138      917.53597      4211.8003      3317.7534      6221.7781     -2904.0248      2435.6257      3463.5476     -2721.0654      23.687826     -855.18617     -2201.5449     -3049.0895     -353.42798      66813.051      40.57767       40.57767       40.57767       1.2742274     -319.76726      1043.1082      2029.267     
    207000   207000         418.72733     -737.34862      2668.359       3394.7644      6164.5962     -2769.8318      2469.4865      3571.0516     -2725.1513      24.951021     -880.17492     -2185.0758     -3044.9188     -349.5682       67550.772      40.72647       40.72647       40.72647       1.2603116     -1766.7279     -320.16802     -125.14994    
    208000   208000         430.5366      -278.74112      3274.3106      3547.2491      6338.455      -2791.2059      2458.9871      3549.2531     -2701.0533      23.657585     -876.28547     -2196.4962     -3049.2686     -351.70164      67141.005      40.643954      40.643954      40.643954      1.2680033     -1103.2642     -821.65715      1088.6979    
    209000   209000         426.96772      343.80101      3800.1928      3461.8469      6285.913      -2824.0662      2474.4647      3513.212      -2705.4019      23.027718     -879.09103     -2202.6986     -3047.579      -349.9325       67480.447      40.712332      40.712332      40.712332      1.261625      -446.38728     -11.673623      1489.4639    
    210000   210000         423.85902     -20.503591      3500.3181      3520.4627      6240.1461     -2719.6834      2537.3773      3485.9258     -2684.2188      23.162421     -851.33326     -2189.8843     -3040.7126     -350.51695      67367.931      40.689692      40.689692      40.689692      1.2637321     -504.17011     -862.50065      1305.16      
    211000   211000         419.37356     -819.02923      2573.844       3375.5641      6174.1102     -2798.5461      2448.2463      3534.607      -2682.799       24.111326     -872.18295     -2200.5902     -3049.9386     -351.81533      67119.309      40.639575      40.639575      40.639575      1.2684132     -1913.712       217.09193     -760.46765    
    212000   212000         420.93385     -1002.2346      2325.8259      3306.234       6197.0811     -2890.847       2467.8011      3466.2661     -2726.5739      23.726359     -885.02377     -2193.7133     -3043.3296     -352.04696      67075.147      40.63066       40.63066       40.63066       1.2692484     -1314.6016     -763.83604     -928.26598    
    213000   213000         428.41581      81.169622      3558.6188      3479.0906      6307.2321     -2828.1414      2406.121       3602.0873     -2718.9012      24.266926     -891.60294     -2202.7685     -3047.344      -351.48839      67181.741      40.652172      40.652172      40.652172      1.2672345     -1524.286       931.08528      836.70957    
    214000   214000         416.36741     -223.79758      3134.9405      3355.0276      6129.8529     -2774.8254      2420.9802      3578.6475     -2723.418       24.592861     -820.74105     -2205.1236     -3049.7633     -350.18615      67431.569      40.7025        40.7025        40.7025        1.2625395     -252.19455     -817.73402      398.53584    
    215000   215000         427.20766     -84.556835      3432.3683      3514.8329      6289.4456     -2774.6127      2458.6737      3605.0439     -2712.2556      25.17021      -892.36958     -2207.8322     -3051.0432     -353.11751      66871.795      40.589558      40.589558      40.589558      1.273108      -1183.5423     -531.6026       1461.4744    
    216000   216000         419.61811      276.29055      3703.6825      3431.5143      6177.7105     -2746.1962      2445.7465      3601.7044     -2685.584       24.973588     -890.05082     -2195.9255     -3047.0602     -349.59627      67545.347      40.72538       40.72538       40.72538       1.2604128      537.84286      1105.4202     -814.39143    
    217000   217000         428.04656     -971.11636      2593.4659      3548.7397      6301.7959     -2753.0562      2547.0791      3536.1589     -2751.1386      23.784732     -867.49811     -2196.0843     -3045.3579     -350.09144      67449.811      40.70617       40.70617       40.70617       1.262198      -1075.8373     -1442.5032     -395.00857    
    218000   218000         428.9633       1160.4865      4587.2223      3455.7028      6315.2925     -2859.5897      2380.7676      3560.2875     -2751.0564      23.299559     -806.63508     -2214.4925     -3051.7604     -353.19629      66856.878      40.58654       40.58654       40.58654       1.2733921      2301.6852      234.31726      945.45694    
    219000   219000         423.9245      -1244.5559      2030.0263      3254.6438      6241.1101     -2986.4663      2399.6145      3471.7589     -2741.7985      24.143624     -879.41157     -2209.7368     -3051.0365     -349.98713      67469.913      40.710214      40.710214      40.710214      1.261822      -522.54954     -2056.8382     -1154.2801    
    220000   220000         421.55666      420.00547      3902.5387      3493.0334      6206.2502     -2713.2168      2488.8576      3632.6704     -2744.9826      25.872129     -846.83016     -2214.3823     -3054.4218     -353.21046      66854.196      40.585998      40.585998      40.585998      1.2734432      15.980945     -470.51709      1714.5526    
    221000   221000         426.14652      1030.1559      4408.8272      3407.4798      6273.8231     -2866.3434      2475.2109      3485.4561     -2717.3825      23.703465     -883.25064     -2201.0064     -3049.0743     -354.28786      66650.892      40.544815      40.544815      40.544815      1.2773275      2341.9525      388.61817      359.89698    
    222000   222000         409.86761     -646.1847       2575.8528      3206.6729      6034.1614     -2827.4885      2467.7701      3491.6626     -2695.1454      22.996739     -858.02138     -2204.4618     -3052.2893     -352.76806      66938.037      40.602956      40.602956      40.602956      1.2718482     -1624.6299     -142.52698     -171.3972     
    223000   223000         413.744        1785.1025      5024.5015      3273.9677      6091.2306     -2817.2629      2444.2         3497.5819     -2714.3915      24.769982     -813.12563     -2202.8107     -3053.4869     -351.1808       67240.583      40.664037      40.664037      40.664037      1.2661255      1075.1403      2411.1169      1869.0502    
    224000   224000         426.66436      159.69985      3570.786       3414.2303      6281.4469     -2867.2166      2427.4875      3490.002      -2690.5839      22.272152     -859.57637     -2207.1096     -3049.7084     -351.29638      67218.46       40.659577      40.659577      40.659577      1.2665423     -2045.3648      1963.5036      560.96076    
    225000   225000         420.36903     -294.45862      2950.3702      3237.3202      6188.7658     -2951.4456      2427.2148      3474.2774     -2721.5369      24.91029      -918.97877     -2189.6807     -3047.6517     -353.39159      66819.932      40.579062      40.579062      40.579062      1.2740962     -449.76621      509.73538     -943.34502    
    226000   226000         425.81885      1765.2578      5128.0513      3397.2442      6268.9991     -2871.7549      2481.0867      3449.7995     -2727.0412      23.793275     -855.17449     -2198.8785     -3045.3403     -351.23483      67230.24       40.661952      40.661952      40.661952      1.2663203      1824.8338      1261.9359      2209.0035    
    227000   227000         421.43094      756.37669      4019.2558      3285.6494      6204.3993     -2918.7499      2392.4372      3528.9506     -2738.3649      22.735448     -875.78602     -2202.1365     -3046.5858     -355.0693       66504.205      40.515049      40.515049      40.515049      1.2801449      1002.8767     -1736.2763      3002.5297    
    228000   228000         421.82398     -1250.0916      2100.3281      3332.2104      6210.1858     -2877.9754      2453.0883      3446.4563     -2697.8052      22.473343     -858.08511     -2195.5593     -3048.5438     -349.47067      67569.623      40.730258      40.730258      40.730258      1.25996       -1591.1858     -895.79128     -1263.2978    
    229000   229000         433.81755     -24.821727      3428.7178      3452.8074      6386.7577     -2933.9504      2392.8696      3526.4231     -2738.2129      24.031717     -890.48109     -2196.1091     -3052.4717     -354.84638      66545.984      40.523531      40.523531      40.523531      1.2793412     -441.44409     -826.93046      1193.9094    
    230000   230000         417.42989      1084.7279      4361.0414      3305.5194      6145.495      -2839.9757      2400.6828      3534.6655     -2706.8593      22.90304      -863.86529     -2190.0471     -3037.4553     -353.90902      66722.238      40.559277      40.559277      40.559277      1.2759617      1476.9194      1305.4254      471.83882    
    231000   231000         422.36066      121.52371      3618.5605      3500.1742      6218.0869     -2717.9127      2493.048       3580.0112     -2712.9045      23.584806     -882.4201      -2180.514      -3038.7181     -353.50683      66798.148      40.574652      40.574652      40.574652      1.2745117      40.646959     -251.15125      575.07541    
    232000   232000         422.70242      299.83861      3609.1479      3319.447       6223.1184     -2903.6713      2370.2491      3516.2461     -2684.4164      21.668208     -864.58618     -2212.9904     -3049.8418     -356.43135      66250.069      40.463376      40.463376      40.463376      1.2850556      1006.6707      108.9796      -216.13444    
    233000   233000         416.95472     -1195.0718      2077.2986      3238.5853      6138.4994     -2899.9142      2464.5259      3507.4815     -2759.0104      24.380901     -889.85302     -2200.9614     -3046.4777     -354.39915      66629.962      40.54057       40.54057       40.54057       1.2777288     -911.11196     -2361.4739     -312.62958    
    234000   234000         418.15551      346.69589      3710.503       3373.5425      6156.1778     -2782.6353      2487.8866      3585.4718     -2751.0615      24.28105      -884.15873     -2200.9525     -3044.1019     -354.32992      66642.98       40.543211      40.543211      40.543211      1.2774792     -1115.8377      2634.9222     -478.99686    
    235000   235000         411.74807     -142.79947      3011.2093      3150.0955      6061.8461     -2911.7505      2427.1613      3483.2954     -2693.7963      22.859511     -890.24726     -2211.4171     -3049.6061     -354.08341      66689.376      40.552617      40.552617      40.552617      1.2765904     -50.380279     -1493.8593      1115.8411    
    236000   236000         421.67003     -1772.4308      1484.1108      3240.022       6207.9193     -2967.8974      2446.8191      3467.5619     -2742.6858      24.716269     -908.62938     -2199.3705     -3056.309      -347.62008      67929.336      40.802408      40.802408      40.802408      1.253288      -3121.3082     -1582.8045     -613.17957    
    237000   237000         423.51552      322.35865      3623.8644      3310.4173      6235.089      -2924.6717      2405.7737      3514.9212     -2736.6133      23.012822     -867.4451      -2209.6366     -3054.6844     -354.17118      66672.85       40.549267      40.549267      40.549267      1.2769069     -997.86929     -69.980645      2034.9259    
    238000   238000         425.288        708.97123      4125.4147      3431.9466      6261.1838     -2829.2372      2446.5156      3517.1134     -2710.5164      23.071404     -841.00616     -2206.6059     -3057.8091     -352.07912      67069.021      40.629423      40.629423      40.629423      1.2693643      692.65228      747.43383      686.82759    
    239000   239000         418.3934      -510.4113       2684.8723      3183.3933      6159.68       -2976.2867      2448.0485      3416.1918     -2705.4219      23.084617     -876.86532     -2214.9694     -3066.3549     -352.59396      66971.089      40.609638      40.609638      40.609638      1.2712205     -1346.5963      152.23277     -336.87034    
    240000   240000         420.02835     -1055.9087      2355.9138      3386.568       6183.7501     -2797.1822      2562.435       3483.6522     -2730.8365      22.694636     -874.80841     -2202.2896     -3058.0295     -352.8186       66928.448      40.601018      40.601018      40.601018      1.2720304     -1114.0756     -221.26219     -1832.3882    
    241000   241000         425.68898     -63.082431      3154.4743      3216.0459      6267.0871     -3051.0412      2457.346       3418.4061     -2726.6496      23.876392     -945.20661     -2219.1892     -3059.6243     -352.83007      66926.273      40.600578      40.600578      40.600578      1.2720717      943.79356     -729.83348     -403.20737    
    242000   242000         425.31942     -1.5880478      3226.0809      3227.6323      6261.6465     -3034.0141      2387.0249      3426.5351     -2713.7237      22.652628     -870.1925      -2218.7969     -3067.5137     -352.51115      66986.823      40.612818      40.612818      40.612818      1.2709219      499.48374     -888.77662      384.52874    
    243000   243000         416.29721      1157.2656      4356.2509      3233.7215      6128.8195     -2895.098       2440.3114      3569.0814     -2771.3261      24.959282     -893.5836      -2207.8413     -3056.6991     -355.03684      66510.285      40.516284      40.516284      40.516284      1.2800279      812.40917      1017.4514      1641.9361    
    244000   244000         427.78836      1164.3451      4574.5744      3442.0824      6297.9947     -2855.9123      2393.0345      3555.7611     -2713.9667      22.610984     -834.48418     -2216.179      -3062.689      -354.0664       66692.581      40.553266      40.553266      40.553266      1.2765291      1693.9053      798.44822      1000.6819    
    245000   245000         413.30769      888.12694      3896.0871      3039.1404      6084.8071     -3045.6667      2347.4631      3452.2544     -2700.5938      22.630564     -893.47815     -2209.6441     -3064.2987     -356.91052      66161.124      40.445259      40.445259      40.445259      1.2867831      469.74145      2322.0978     -127.45845    
    246000   246000         422.77081      259.23151      3602.3743      3349.1098      6224.1253     -2875.0154      2431.2016      3516.4329     -2716.0735      21.98225      -868.30674     -2207.5634     -3052.6885     -352.49392      66990.096      40.61348       40.61348       40.61348       1.2708598     -457.01433     -752.90799      1987.6168    
    247000   247000         418.79217     -429.45041      2743.8716      3162.978       6165.5508     -3002.5727      2445.9886      3433.0161     -2717.1092      22.377106     -913.96599     -2215.9034     -3056.9759     -352.87985      66916.833      40.598669      40.598669      40.598669      1.2722512     -394.45665     -165.37296     -728.52161    
    248000   248000         424.20551     -917.12698      2470.2056      3357.0641      6245.2472     -2888.1832      2407.8453      3527.3102     -2705.4486      23.613855     -877.28896     -2209.309      -3054.9059     -356.13386      66305.41       40.474639      40.474639      40.474639      1.283983      -56.610195     -1215.9035     -1478.8673    
    249000   249000         423.37712      277.36779      3590.434       3318.3343      6233.0515     -2914.7171      2498.4397      3447.1297     -2722.7244      23.472345     -904.83205     -2201.7598     -3054.4426     -351.04765      67266.087      40.669177      40.669177      40.669177      1.2656455     -678.80947     -232.43725      1743.3501    
    250000   250000         421.08107      1441.4578      4666.9476      3276.8164      6199.2485     -2922.4321      2367.0659      3564.2978     -2710.4904      24.092836     -899.43672     -2215.0692     -3052.8923     -357.09542      66126.868      40.438278      40.438278      40.438278      1.2874497      1175.5297      1949.226       1199.6177    
Loop time of 691.918 on 1 procs for 250000 steps with 4940 atoms

Performance: 31.218 ns/day, 0.769 hours/ns, 361.314 timesteps/s, 1.785 Matom-step/s
100.0% CPU use with 1 MPI tasks x 1 OpenMP threads

MPI task timing breakdown:
Section |  min time  |  avg time  |  max time  |%varavg| %total
---------------------------------------------------------------
Pair    | 263.53     | 263.53     | 263.53     |   0.0 | 38.09
Bond    | 90.145     | 90.145     | 90.145     |   0.0 | 13.03
Kspace  | 194.09     | 194.09     | 194.09     |   0.0 | 28.05
Neigh   | 51.175     | 51.175     | 51.175     |   0.0 |  7.40
Comm    | 6.6606     | 6.6606     | 6.6606     |   0.0 |  0.96
Output  | 2.3852     | 2.3852     | 2.3852     |   0.0 |  0.34
Modify  | 64.031     | 64.031     | 64.031     |   0.0 |  9.25
Other   |            | 19.89      |            |       |  2.88

Nlocal:           4940 ave        4940 max        4940 min
Histogram: 1 0 0 0 0 0 0 0 0 0
Nghost:          14121 ave       14121 max       14121 min
Histogram: 1 0 0 0 0 0 0 0 0 0
Neighs:              0 ave           0 max           0 min
Histogram: 1 0 0 0 0 0 0 0 0 0
FullNghs:  2.33835e+06 ave 2.33835e+06 max 2.33835e+06 min
Histogram: 1 0 0 0 0 0 0 0 0 0

Total # of neighbors = 2338352
Ave neighs/atom = 473.35061
Ave special neighs/atom = 5.9797571
Neighbor list builds = 8548
Dangerous builds = 0

# --- Cleanup ---
unfix npt_fix

undump dump_npt

# --- Write Output ---
write_dump all custom cool_block_06_last.dump id type mol x y z xu yu zu vx vy vz modify sort id
write_data /home/arz2/PolyJarvis_v2/data/sPVC_2/attempts/cooling/attempt-0001/work/cool_block_06/cool_block_06_out.data
System init for write_data ...
PPPM Kokkos initialization ...
  using 12-bit tables for long-range coulomb
  G vector (1/distance) = 0.29520647
  grid = 27 27 27
  stencil order = 5
  estimated absolute RMS force accuracy = 0.00037149566
  estimated relative force accuracy = 1.1187481e-06
  using double precision cuFFT
  3d grid and FFT values/proc = 39304 19683
Generated 6 of 6 mixed pair_coeff terms from sixthpower/sixthpower mixing rule
write_restart /home/arz2/PolyJarvis_v2/data/sPVC_2/attempts/cooling/attempt-0001/work/cool_block_06/cool_block_06_out.restart
System init for write_restart ...
PPPM Kokkos initialization ...
  using 12-bit tables for long-range coulomb
  G vector (1/distance) = 0.29520647
  grid = 27 27 27
  stencil order = 5
  estimated absolute RMS force accuracy = 0.00037149566
  estimated relative force accuracy = 1.1187481e-06
  using double precision cuFFT
  3d grid and FFT values/proc = 39304 19683
Generated 6 of 6 mixed pair_coeff terms from sixthpower/sixthpower mixing rule

print "STAGE COMPLETE: NPT T=446.0->421.0K P=1.0->1.0atm steps=250000"
STAGE COMPLETE: NPT T=446.0->421.0K P=1.0->1.0atm steps=250000
quit
