units real
atom_style full
boundary p p p

# --- Force Field Styles ---
pair_style lj/class2/coul/long 9.5 9.5
kspace_style pppm 1e-6
dielectric 1.000000
bond_style class2
angle_style class2
dihedral_style class2
improper_style class2
special_bonds lj/coul 0 0 1
pair_modify mix sixthpower tail yes
neighbor 2.0 bin
neigh_modify delay 0 every 1 check yes
neigh_modify one 4000
# KOKKOS: package loaded via -pk kokkos on the command line

read_data /home/alexzhao/PolyJarvis/data/PEG_2/attempts/cooling/attempt-0001/work/cool_block_06/cool_block_06_out.data
Reading data file ...
  orthogonal box = (4.0760898 4.0760898 4.0760898) to (47.445967 47.445967 47.445967)
  1 by 1 by 1 MPI processor grid
  reading atoms ...
  8000 atoms
  reading velocities ...
  8000 velocities
  scanning bonds ...
  4 = max bonds/atom
  scanning angles ...
  10 = max angles/atom
  scanning dihedrals ...
  16 = max dihedrals/atom
  scanning impropers ...
  7 = max impropers/atom
  orthogonal box = (4.0760898 4.0760898 4.0760898) to (47.445967 47.445967 47.445967)
  1 by 1 by 1 MPI processor grid
  reading bonds ...
  7990 bonds
  reading angles ...
  14820 angles
  reading dihedrals ...
  17070 dihedrals
  reading impropers ...
  9120 impropers
Finding 1-2 1-3 1-4 neighbors ...
  special bond factors lj:    0        0        1       
  special bond factors coul:  0        0        1       
     4 = max # of 1-2 neighbors
     6 = max # of 1-3 neighbors
     8 = max # of special neighbors
  special bonds CPU = 0.003 seconds
  read_data CPU = 0.200 seconds


# --- Thermo Output ---
thermo_style custom step time temp press enthalpy etotal ke pe ebond eangle edihed eimp evdwl ecoul elong etail vol lx ly lz density pxx pyy pzz
thermo_modify flush yes
thermo 1000

# --- Trajectory ---
dump dump_npt all custom 1000 cool_block_07.dump id type mol x y z ix iy iz vx vy vz


# --- Restart Checkpointing ---
restart 10000 npt_1.rst npt_2.rst

# --- Initial Velocities (optional) ---
# Velocities read from data file

# --- SHAKE Constraints ---
# SHAKE disabled

# --- NPT Thermostat + Barostat (Nose-Hoover) ---
# T_damp = 100.0 fs  (heat bath coupling)
# P_damp = 1000.0 fs  (pressure bath coupling, ~10x T_damp typical)
# Ramp: T=350.0->325.0K  P=1.0->1.0atm
timestep 1.0
fix npt_fix all npt temp 350.0 325.0 100.0 iso 1.0 1.0 1000.0

run 250000
PPPM Kokkos initialization ...
  using 12-bit tables for long-range coulomb
  G vector (1/distance) = 0.29826543
  grid = 30 30 30
  stencil order = 5
  estimated absolute RMS force accuracy = 0.00038399302
  estimated relative force accuracy = 1.1563836e-06
  using double precision cuFFT
  3d grid and FFT values/proc = 50653 27000
Generated 10 of 10 mixed pair_coeff terms from sixthpower/sixthpower mixing rule
Neighbor list info ...
  update: every = 1 steps, delay = 0 steps, check = yes
  max neighbors/atom: 4000, page size: 100000
  master list distance cutoff = 11.5
  ghost atom cutoff = 11.5
  binsize = 11.5, bins = 4 4 4
  1 neighbor lists, perpetual/occasional/extra = 1 0 0
  (1) pair lj/class2/coul/long/kk, perpetual
      attributes: full, newton off, kokkos_device
      pair build: full/bin/kk/device
      stencil: full/bin/3d
      bin: kk/device
Per MPI rank memory allocation (min/avg/max) = 34.69 | 34.69 | 34.69 Mbytes
   Step          Time           Temp          Press         Enthalpy        TotEng         KinEng         PotEng         E_bond        E_angle        E_dihed        E_impro         E_vdwl         E_coul         E_long         E_tail         Volume           Lx             Ly             Lz          Density          Pxx            Pyy            Pzz      
         0   0              348.69531     -1088.5496      6295.7969      7590.8533      8314.1165     -723.2632       3188.9422      6373.4793     -9526.8054     -68.86395      -3090.8502      7838.128      -5437.2932     -511.35623      81576.41       43.369878      43.369878      43.369878      1.0226919     -1705.2818     -1522.9565     -37.41047     
      1000   1000           355.54588     -629.42367      7095.6832      7843.2699      8477.4581     -634.18819      3235.1754      6309.2942     -9476.2917     -71.980954     -3033.749       7839.417      -5436.0532     -512.20706      81440.903      43.34585       43.34585       43.34585       1.0243935      661.4072      -2391.4816     -158.19656    
      2000   2000           343.46612      223.37556      7695.6801      7429.9907      8189.4342     -759.44351      3096.2688      6399.0562     -9543.8261     -70.228652     -3073.3709      7866.66       -5434.0028     -511.4762       81557.276      43.366487      43.366487      43.366487      1.0229318      256.21572     -1087.1801      1501.0911    
      3000   3000           345.62153      1589.6731      9497.6954      7614.8105      8240.8268     -626.01623      3156.3657      6405.0425     -9463.8487     -72.044705     -3057.5809      7845.9654     -5439.9155     -513.62729      81215.711      43.305862      43.305862      43.305862      1.0272339      1816.5094      892.57075      2059.939     
      4000   4000           351.28744      430.73634      8039.9664      7527.2165      8375.922      -848.70548      3111.7114      6296.9015     -9543.0222     -71.538981     -3057.5199      7850.3092     -5435.5465     -511.05778      81624.051      43.378319      43.378319      43.378319      1.022095      -368.6166       1995.4716     -334.64602    
      5000   5000           350.9711      -1081.0981      6279.6876      7564.4153      8368.3792     -803.96387      3099.2532      6298.056      -9462.1418     -69.650174     -3075.4216      7844.8098     -5438.8693     -511.93882      81483.576      43.35342       43.35342       43.35342       1.0238571     -375.33952     -1749.879      -1118.0758    
      6000   6000           347.42509     -81.804304      7312.6916      7409.5878      8283.83       -874.24224      3105.285       6241.7274     -9454.979      -66.073828     -3105.2555      7847.3916     -5442.3379     -513.60992      81218.458      43.30635       43.30635       43.30635       1.0271992      403.38907      375.39379     -1024.1958    
      7000   7000           355.53189      1522.2195      9431.8552      7642.9851      8477.1244     -834.13932      3086.7774      6369.5461     -9517.6718     -67.159879     -3095.7961      7833.7546     -5443.5896     -517.68131      80579.702      43.192521      43.192521      43.192521      1.0353418      1265.7461      2125.7016      1175.2107    
      8000   8000           346.37745      1037.1015      8712.3015      7480.3101      8258.8507     -778.54058      3157.4779      6279.0825     -9449.5658     -70.717096     -3067.6083      7822.9758     -5450.1856     -512.12695      81453.643      43.34811       43.34811       43.34811       1.0242333      2204.7345      715.46797      191.10209    
      9000   9000           342.15481      461.41239      7783.7772      7238.9968      8158.168      -919.17126      3098.4412      6239.1451     -9476.3682     -69.650556     -3097.1802      7833.3104     -5446.8691     -515.26637      80957.362      43.259894      43.259894      43.259894      1.030512       44.20768       176.1975       1163.832     
     10000   10000          345.22858      425.75593      8049.2736      7546.5887      8231.4576     -684.86884      3142.2678      6383.891      -9463.2246     -71.084725     -3080.0333      7845.2396     -5441.9246     -515.26296      80957.897      43.259989      43.259989      43.259989      1.0305052      149.64563      65.310416      1062.3117    
     11000   11000          351.72026     -469.68357      7135.0283      7689.3198      8386.2419     -696.92218      3064.9177      6334.4973     -9357.8942     -72.874807     -3069.8941      7844.5555     -5440.2297     -515.50297      80920.204      43.253274      43.253274      43.253274      1.0309852      499.01238      399.4744      -2307.5375    
     12000   12000          338.54362      968.57644      8362.8637      7218.7161      8072.0647     -853.34864      3077.9944      6254.1876     -9436.6598     -73.524194     -3085.7619      7845.9096     -5435.4942     -515.01025      80997.623      43.267064      43.267064      43.267064      1.0299998      598.45658      1227.6435      1079.6293    
     13000   13000          355.66888      1261.7957      9091.4357      7587.2859      8480.3908     -893.10492      3034.3375      6247.6623     -9496.1569     -70.635348     -2993.5601      7828.6195     -5443.3719     -510.3428       81738.404      43.398567      43.398567      43.398567      1.0206651      2083.8822      2015.9139     -314.40891    
     14000   14000          345.90635     -139.66783      7245.0938      7410.178       8247.6179     -837.43991      3060.1072      6261.7387     -9418.9596     -72.663323     -3066.702       7837.6383     -5438.5992     -514.70099      81046.291      43.275728      43.275728      43.275728      1.0293813     -1500.4497     -106.18623      1187.6324    
     15000   15000          350.52156     -931.48096      6543.1959      7651.2896      8357.6607     -706.37103      3183.264       6332.7582     -9439.9655     -71.18468      -3120.2707      7846.9379     -5437.9104     -511.40091      81569.283      43.368615      43.368615      43.368615      1.0227813     -2466.7757      585.41282     -913.08002    
     16000   16000          345.20762      140.21184      7529.0736      7363.9689      8230.9579     -866.98893      3127.8848      6357.1613     -9534.8548     -66.369867     -3150.5876      7844.1564     -5444.3791     -516.64146      80741.886      43.22148       43.22148       43.22148       1.0332622      1.3331965     -205.92394      625.22627    
     17000   17000          350.6982      -441.09259      7028.5715      7552.1141      8361.8723     -809.75825      3100.7639      6300.6538     -9486.2393     -69.214819     -3054.1648      7840.5283     -5442.0853     -512.55657      81385.369      43.335996      43.335996      43.335996      1.0250926     -1370.4872     -77.950073      125.15946    
     18000   18000          348.49537     -17.415283      7423.4144      7444.1454      8309.3493     -865.20394      3104.1942      6372.3858     -9529.0275     -72.472625     -3127.5971      7832.239      -5444.9257     -511.06403      81623.052      43.378142      43.378142      43.378142      1.0221075     -706.94321     -746.95366      1401.651     
     19000   19000          347.09098     -458.64277      6919.6861      7465.5409      8275.8638     -810.32288      3080.7494      6411.2174     -9489.9457     -71.088972     -3097.8483      7808.4963     -5451.903      -511.16542      81606.861      43.375273      43.375273      43.375273      1.0223103     -2179.7276      1742.0573     -938.25803    
     20000   20000          350.91676      897.8999       8617.0642      7550.3099      8367.0836     -816.77368      3137.2939      6234.8562     -9463.5483     -67.794747     -3037.0456      7826.5415     -5447.0767     -512.06793      81463.032      43.349776      43.349776      43.349776      1.0241153      808.2171       1569.383       316.0996     
     21000   21000          353.42115     -651.14061      6921.6995      7694.9074      8426.7971     -731.88972      3119.0242      6288.9616     -9413.0325     -69.591722     -3042.9911      7828.5875     -5442.8477     -512.32141      81422.725      43.342625      43.342625      43.342625      1.0246222     -759.8898      -956.38961     -237.14241    
     22000   22000          343.87955      182.54958      7611.8732      7396.3245      8199.292      -802.96746      3114.1981      6269.2279     -9424.7646     -64.215265     -3084.9324      7828.1601     -5440.6414     -515.22807      80963.38       43.260966      43.260966      43.260966      1.0304354     -1145.0283      280.82757      1411.8495    
     23000   23000          351.22222      85.64292       7535.0296      7433.087       8374.3669     -941.27994      3041.8567      6316.9165     -9481.6133     -70.437463     -3110.1701      7808.4025     -5446.2349     -511.09295      81618.434      43.377324      43.377324      43.377324      1.0221654      689.49692      251.01585     -683.584      
     24000   24000          350.74179      515.4032       8217.7503      7609.4874      8362.9118     -753.42434      3153.1284      6389.6835     -9475.3267     -69.108217     -3109.7853      7802.2487     -5444.2648     -515.48952      80922.315      43.253651      43.253651      43.253651      1.0309583      1177.626       406.09841     -37.514753    
     25000   25000          342.27253     -411.85418      6826.431       7313.991       8160.9749     -846.98396      3094.334       6268.3014     -9448.7494     -69.194286     -3063.5544      7813.908      -5442.0292     -513.90097      81172.46       43.298173      43.298173      43.298173      1.0277813     -606.55118     -1266.8266      637.81525    
     26000   26000          344.72217      115.45565      7377.4181      7241.4987      8219.3829     -977.88421      3063.7782      6278.8898     -9491.6401     -67.452918     -3144.9864      7825.9849     -5442.4577     -516.77047      80721.729      43.217883      43.217883      43.217883      1.0335202     -297.77592      592.49978      51.6431      
     27000   27000          347.70162      744.12359      8219.9644      7340.8857      8290.4233     -949.53768      3100.9224      6272.6018     -9492.8209     -66.54497      -3151.0482      7830.6371     -5443.2851     -514.9693       81004.063      43.268211      43.268211      43.268211      1.0299179      991.57399      1298.0884     -57.291636    
     28000   28000          350.6308      -870.29905      6376.5935      7402.9797      8360.2654     -957.28579      3142.2604      6243.3074     -9490.2504     -67.669634     -3167.3414      7822.2554     -5439.8476     -515.84801      80866.078      43.243628      43.243628      43.243628      1.0316753     -656.37607     -1376.4933     -578.02775    
     29000   29000          348.27         379.21585      7801.9802      7355.5714      8303.9755     -948.40409      3193.9771      6250.0634     -9566.0333     -71.114282     -3123.5688      7812.3558     -5444.0839     -516.79434      80718.001      43.217217      43.217217      43.217217      1.0335679      426.56845      1388.3427     -677.26362    
     30000   30000          343.42709     -189.29027      7099.4934      7322.9428      8188.5038     -865.56095      3174.4397      6313.1738     -9489.5157     -71.208209     -3173.8032      7822.0408     -5440.688      -515.36278      80942.217      43.257196      43.257196      43.257196      1.0307049     -554.17966     -248.54843      234.85726    
     31000   31000          354.51236     -1082.7897      6300.8864      7572.5363      8452.8152     -880.27893      3184.9826      6328.5278     -9529.8463     -72.140803     -3180.4228      7822.6808     -5434.0601     -518.01292      80528.118      43.183302      43.183302      43.183302      1.036005       356.21255     -1406.7541     -2197.8275    
     32000   32000          346.44781      211.27822      7562.9292      7314.4907      8260.5282     -946.03752      3182.8533      6228.9781     -9527.7416     -67.644315     -3173.9782      7844.5693     -5433.0741     -517.36823      80628.464      43.201232      43.201232      43.201232      1.0347157     -637.7413       136.76783      1134.8081    
     33000   33000          343.4134       152.87057      7346.3563      7166.3504      8188.1772     -1021.8268      3077.8324      6200.7068     -9508.5933     -72.606367     -3114.339       7833.9469     -5438.7743     -516.65551      80739.691      43.221088      43.221088      43.221088      1.0332903      517.13772     -145.74509      87.219089    
     34000   34000          351.56731     -336.18673      7017.2051      7414.5196      8382.5949     -968.07527      3123.9749      6226.1448     -9519.0512     -68.729358     -3105.5368      7814.8057     -5439.6834     -514.76633      81036.003      43.273897      43.273897      43.273897      1.029512      -861.97439      450.00978     -596.59559    
     35000   35000          349.30471     -698.6439       6520.7708      7344.4836      8328.6467     -984.16306      3082.5592      6346.1026     -9553.4643     -71.138705     -3187.2628      7838.135      -5439.0942     -515.99331      80843.308      43.239569      43.239569      43.239569      1.0319659     -2994.3326      719.23758      179.16335    
     36000   36000          346.64456     -497.81785      6799.4586      7387.2959      8265.2194     -877.9235       3094.359       6356.8305     -9489.1526     -70.453603     -3150.3907      7825.65       -5444.766      -515.20184      80967.502      43.2617        43.2617        43.2617        1.030383      -851.44258      197.76631     -839.77729    
     37000   37000          342.23523     -12.265369      7179.2458      7193.7429      8160.0855     -966.34256      3085.9056      6284.347      -9493.1729     -64.063008     -3171.8677      7834.0559     -5441.5475     -514.71175      81044.596      43.275426      43.275426      43.275426      1.0294028      641.66564      593.58727     -1272.049     
     38000   38000          341.50217      332.11067      7695.3465      7303.8001      8142.6068     -838.80662      3116.712       6264.0419     -9402.3357     -67.445674     -3138.802       7830.3441     -5441.3213     -516.01663      80839.654      43.238918      43.238918      43.238918      1.0320125     -1009.1161      1919.6322      85.815914    
     39000   39000          349.56963      487.45498      8204.8807      7630.0389      8334.9633     -704.92443      3127.258       6439.3918     -9471.6394     -75.675271     -3110.6655      7827.197      -5440.791      -515.88174      80860.792      43.242686      43.242686      43.242686      1.0317427     -802.31532      1399.8214      864.85889    
     40000   40000          343.74546      324.01212      7622.7212      7237.6398      8196.0946     -958.45488      3121.3186      6235.2497     -9542.1379     -69.764093     -3105.3305      7842.986      -5440.7767     -511.88532      81492.093      43.35493       43.35493       43.35493       1.0237501      20.795284      1126.3558     -175.11469    
     41000   41000          341.6728       312.42404      7657.5966      7289.7583      8146.6752     -856.91694      3086.8712      6180.659      -9441.9428     -69.365612     -3023.2886      7848.3029     -5438.1531     -516.71553      80730.312      43.219414      43.219414      43.219414      1.0334103      106.64232      472.29064      358.33917    
     42000   42000          349.10949     -118.89247      7262.0203      7402.6297      8323.9919     -921.36222      3093.6933      6318.021      -9512.4369     -68.174934     -3143.6816      7831.2758     -5440.0588     -514.40373      81093.124      43.284062      43.284062      43.284062      1.0287868     -244.70162     -1515.1105      1403.1347    
     43000   43000          343.86091      300.11307      7602.444       7247.6803      8198.8476     -951.16731      3029.7666      6338.4141     -9532.363      -74.585824     -3102.5954      7834.6158     -5444.4196     -514.64736      81054.736      43.277231      43.277231      43.277231      1.029274       955.94149      852.06183     -907.66411    
     44000   44000          347.27442     -626.44327      6694.8795      7437.5788      8280.2374     -842.65864      3057.5015      6430.5478     -9517.9846     -71.001507     -3130.595       7829.9653     -5441.0921     -513.13633      81293.417      43.319669      43.319669      43.319669      1.026252      -547.60258     -1143.3901     -188.33707    
     45000   45000          339.495        680.56117      7890.1779      7086.5401      8094.7489     -1008.2088      3076.0759      6196.6027     -9505.6831     -68.477245     -3085.7306      7824.809      -5445.8054     -515.194        80968.733      43.261919      43.261919      43.261919      1.0303673      547.32634      1920.0598     -425.70259    
     46000   46000          347.42743      631.05904      8167.7572      7426.1174      8283.8858     -857.76843      3147.9483      6335.8697     -9529.9877     -72.28727      -3128.4225      7833.6495     -5444.5385     -517.65569      80583.691      43.193234      43.193234      43.193234      1.0352906      1279.8095      1286.3516     -672.98394    
     47000   47000          346.07962      612.41085      8061.1367      7337.4937      8251.7493     -914.25567      3179.5618      6244.4042     -9494.997      -69.929445     -3151.6976      7822.2512     -5443.8488     -514.85218      81022.49       43.271491      43.271491      43.271491      1.0296837      1246.1332      240.66394      350.43539    
     48000   48000          346.65998     -1178.2613      5917.7099      7308.26        8265.5871     -957.32714      3144.4202      6344.3066     -9622.7226     -70.029515     -3158.081       7847.7465     -5442.9673     -515.48853      80922.471      43.253678      43.253678      43.253678      1.0309563     -2001.7832     -498.64632     -1034.3544    
     49000   49000          342.55888     -216.65988      6984.2021      7241.4751      8167.8025     -926.3274       3122.8539      6192.8433     -9437.4856     -66.753804     -3128.0221      7838.3521     -5448.1152     -512.32825      81421.64       43.342432      43.342432      43.342432      1.0246359     -192.64941      63.211785     -520.54202    
     50000   50000          340.53175     -325.63581      6908.1317      7293.5978      8119.4686     -825.87075      3110.6074      6371.9927     -9520.434      -72.357622     -3084.6217      7819.9633     -5451.0209     -513.93714      81166.747      43.297157      43.297157      43.297157      1.0278536     -1062.4892     -1810.8181      1896.3998    
     51000   51000          344.30287      11.910382      7176.1099      7162.0937      8209.3854     -1047.2917      3101.9257      6189.4662     -9537.0257     -69.045015     -3102.2731      7818.224      -5448.5638     -516.96176      80691.86       43.212551      43.212551      43.212551      1.0339027      812.41061     -78.354046     -698.32542    
     52000   52000          342.19336     -909.17708      6095.2264      7170.5877      8159.0873     -988.49954      3105.5189      6248.8302     -9510.0219     -68.307915     -3152.7989      7832.2913     -5444.0112     -514.34923      81101.718      43.285591      43.285591      43.285591      1.0286778     -392.90162     -1103.1941     -1231.4355    
     53000   53000          343.47871     -241.67059      6938.7648      7225.049       8189.7345     -964.6855       3107.605       6204.922      -9537.2722     -67.510856     -3064.2056      7838.404      -5446.6277     -513.5591       81226.496      43.307778      43.307778      43.307778      1.0270976      91.296237      746.13961     -1562.4476    
     54000   54000          346.85418     -435.91216      6760.7102      7277.8148      8270.2174     -992.4026       3150.5602      6142.5154     -9452.3664     -71.3311       -3154.8428      7836.2586     -5443.1965     -512.8432       81339.882      43.327921      43.327921      43.327921      1.0256658     -103.18657     -456.21517     -748.33475    
     55000   55000          344.01115     -772.56574      6467.5623      7382.3192      8202.4296     -820.11044      3214.0108      6296.9706     -9548.3911     -70.336901     -3112.7171      7840.4864     -5440.1331     -513.79962      81188.471      43.301019      43.301019      43.301019      1.0275786      209.54226     -1471.4711     -1055.7684    
     56000   56000          342.49585     -912.04302      6162.1851      7245.1901      8166.2997     -921.10956      3153.2876      6328.4626     -9581.3595     -66.939498     -3148.4042      7837.1166     -5443.2732     -512.32893      81421.53       43.342413      43.342413      43.342413      1.0246373     -218.06005     -1756.0146     -762.05445    
     57000   57000          348.48176      394.16959      7845.5827      7374.8176      8309.0248     -934.20714      3045.7627      6340.6533     -9564.9354     -69.43938      -3096.3667      7847.5164     -5437.398      -509.38121      81892.705      43.425858      43.425858      43.425858      1.018742      -134.0378       92.168781      1224.3778    
     58000   58000          343.52095     -56.014136      7185.1344      7251.6729      8190.7415     -939.06859      3099.058       6223.0025     -9486.8141     -71.160072     -3114.5033      7845.0034     -5433.6551     -512.13994      81451.577      43.347744      43.347744      43.347744      1.0242593     -823.72976     -5.2178398      660.9052     
     59000   59000          345.03304     -1175.2295      6076.8305      7464.4716      8226.7951     -762.32344      3211.6116      6286.8217     -9511.4479     -68.598375     -3082.8763      7837.3211     -5435.1553     -515.24         80961.506      43.260632      43.260632      43.260632      1.0304593      64.541492     -2695.0002     -895.22977    
     60000   60000          346.22614      1182.9938      8656.9914      7265.3032      8255.2428     -989.93964      3147.3539      6194.4076     -9569.9435     -69.183368     -3103.2461      7848.1414     -5437.4696     -517.13574      80664.713      43.207705      43.207705      43.207705      1.0342507      687.6028       283.76633      2577.6121    
     61000   61000          339.90845      768.74263      8000.6592      7096.9098      8104.607      -1007.6972      3009.1697      6299.1219     -9524.7417     -69.223652     -3130.6143      7847.6811     -5439.0902     -517.48407      80610.415      43.198008      43.198008      43.198008      1.0349473      759.43326      1219.9519      326.84273    
     62000   62000          342.92051      212.71029      7462.9227      7210.0233      8176.425      -966.40164      3042.0447      6386.5778     -9610.466      -68.89136      -3110.4286      7837.998      -5443.2362     -511.68752      81523.593      43.360516      43.360516      43.360516      1.0233545     -398.65943      119.88605      916.90424    
     63000   63000          349.22215     -358.93282      7004.8542      7428.5551      8326.6782     -898.12315      3158.7352      6198.7114     -9424.5303     -65.870461     -3165.918       7847.7762     -5447.0272     -515.36846      80941.324      43.257037      43.257037      43.257037      1.0307162     -698.33412     -146.93643     -231.5279     
     64000   64000          347.80571     -316.5003       6866.9585      7240.8779      8292.9053     -1052.0274      3076.8029      6258.0398     -9568.2898     -71.237516     -3138.7857      7834.0238     -5442.5809     -514.94415      81008.019      43.268915      43.268915      43.268915      1.0298676      271.93416     -1346.6695      125.23439    
     65000   65000          342.80869      602.14262      7964.1932      7254.1503      8173.759      -919.60869      3069.5527      6357.0513     -9524.6161     -67.557381     -3148.4068      7837.1903     -5442.8227     -515.91575      80855.461      43.241736      43.241736      43.241736      1.0318108     -873.04137      34.538314      2644.9309    
     66000   66000          342.55161      610.48048      7818.4695      7103.2136      8167.6291     -1064.4155      3101.5916      6194.8855     -9464.1827     -65.929486     -3229.2684      7842.8214     -5444.3333     -519.24748      80336.656      43.149051      43.149051      43.149051      1.0384741      996.75062     -835.34067      1670.0315    
     67000   67000          345.17128      1183.6841      8638.5365      7238.1985      8230.0914     -991.89281      3140.4003      6121.5069     -9512.1417     -67.072848     -3082.658       7848.567      -5440.4944     -514.24133      81118.734      43.288618      43.288618      43.288618      1.028462       2026.7887      872.14609      652.11745    
     68000   68000          345.27584      1429.0116      8843.5021      7160.7045      8232.5844     -1071.8798      3040.5292      6179.305      -9551.9819     -68.132432     -3073.6124      7838.4347     -5436.4221     -516.61607      80745.855      43.222188      43.222188      43.222188      1.0332114      2390.1712      1033.5104      863.35312    
     69000   69000          339.59079     -340.06803      6593.1526      6991.1974      8097.0329     -1105.8354      3109.4229      6139.1201     -9541.3622     -66.124613     -3152.4295      7849.6546     -5444.1168     -519.75392      80258.376      43.135032      43.135032      43.135032      1.039487      -758.8635      -1441.5166      1180.176     
     70000   70000          341.37715      1402.6773      8805.8039      7152.7198      8139.6259     -986.90612      3034.17        6287.7166     -9589.9667     -67.782503     -3050.5998      7837.9774     -5438.4211     -516.21049      80809.295      43.233504      43.233504      43.233504      1.0324002      1764.2822      1338.9754      1104.7742    
     71000   71000          345.19456      204.67947      7345.1056      7105.0277      8230.6464     -1125.6187      3060.0499      6189.8926     -9538.9328     -72.374004     -3168.5445      7846.5549     -5442.2647     -518.66402      80427.028      43.165225      43.165225      43.165225      1.0373072      260.10721      1028.366      -674.4348     
     72000   72000          346.40487     -101.2543       7081.9974      7202.3748      8259.5043     -1057.1295      3060.1436      6298.2605     -9577.5913     -68.531729     -3154.8143      7834.6589     -5449.2552     -511.72022      81518.384      43.359592      43.359592      43.359592      1.0234199      452.52202     -355.41992     -400.86501    
     73000   73000          340.79694     -573.30605      6419.2443      7100.4129      8125.7918     -1025.3789      3096.8369      6133.9807     -9465.2681     -68.518569     -3136.4128      7852.761      -5438.7581     -512.03066      81468.961      43.350827      43.350827      43.350827      1.0240407     -493.51345     -592.72191     -633.6828     
     74000   74000          342.50535      2.8497428      7110.7117      7107.3619      8166.5262     -1059.1643      3065.2818      6154.0574     -9516.9682     -67.039594     -3100.1808      7843.4683     -5437.7831     -517.54347      80601.163      43.196355      43.196355      43.196355      1.0350662      1312.2547     -189.27614     -1114.4294    
     75000   75000          343.92307     -292.77085      6896.3334      7240.0103      8200.3296     -960.31924      3110.9885      6217.9847     -9534.8149     -70.161874     -3103.6551      7852.5172     -5433.1777     -518.25267      80490.865      43.176642      43.176642      43.176642      1.0364845     -2681.0945      1799.3468      3.4351712    
     76000   76000          341.49693     -125.05259      6937.7571      7085.509       8142.4819     -1056.9729      3012.0101      6253.1894     -9552.2567     -70.505031     -3103.7537      7845.3234     -5440.9804     -514.90098      81014.811      43.270124      43.270124      43.270124      1.0297813     -531.76496      247.95172     -91.344544    
     77000   77000          343.36214      1142.7234      8399.9477      7049.18        8186.9551     -1137.7752      2996.0352      6184.4408     -9566.4296     -66.676177     -3103.3187      7859.1396     -5440.9664     -514.66478      81051.992      43.276743      43.276743      43.276743      1.0293089      1064.7883      1896.3608      467.02104    
     78000   78000          342.291        451.30243      7410.856       6882.5837      8161.4154     -1278.8317      3001.9382      6047.2391     -9537.1162     -68.984917     -3130.97        7848.6114     -5439.5493     -519.72532      80262.794      43.135823      43.135823      43.135823      1.0394298      1272.5269      296.68011     -215.29969    
     79000   79000          341.72101     -84.613005      6998.2186      7097.8054      8147.8246     -1050.0192      3077.2375      6188.5884     -9533.4224     -69.081001     -3119.726       7848.3294     -5441.9451     -516.89108      80702.894      43.214521      43.214521      43.214521      1.0337614     -478.75215      645.14858     -420.23545    
     80000   80000          345.33251      1171.6288      8580.3696      7198.5652      8233.9355     -1035.3704      3044.7603      6192.0528     -9481.3781     -69.608921     -3117.4526      7839.5954     -5443.3393     -515.83108      80868.733      43.244102      43.244102      43.244102      1.0316414      571.79249      2042.1769      900.91696    
     81000   81000          335.41928      275.08559      7251.9525      6930.2513      7997.5694     -1067.3181      3045.0563      6253.5393     -9520.1127     -71.501868     -3169.832       7836.6069     -5441.0741     -520.21055      80187.927      43.122407      43.122407      43.122407      1.0404002      693.52447     -1272.0649      1403.7972    
     82000   82000          339.24499     -617.4412       6263.2455      6990.4066      8088.7877     -1098.3811      3066.4227      6252.6068     -9551.0841     -67.400697     -3182.4379      7830.3473     -5446.8352     -516.56984      80753.08       43.223477      43.223477      43.223477      1.0331189     -0.67162879    -178.75586     -1672.8961    
     83000   83000          342.04449      398.01063      7713.6933      7243.9673      8155.5377     -911.57045      3109.3417      6347.5866     -9551.6569     -73.94144      -3138.9024      7838.9566     -5442.9547     -515.48268      80923.39       43.253842      43.253842      43.253842      1.0309446      869.84444     -412.044        736.23146    
     84000   84000          341.30813      842.58909      7969.2889      6986.1144      8137.9802     -1151.8658      3041.5051      6205.9667     -9539.6282     -67.848381     -3189.1862      7841.1402     -5443.8149     -521.37385      80009.01       43.090311      43.090311      43.090311      1.0427268      19.118031      2756.9412     -248.29195    
     85000   85000          340.56214     -612.09115      6255.9969      6975.2199      8120.1933     -1144.9734      3056.4192      6165.3986     -9495.5769     -67.249793     -3196.9556      7835.374      -5442.383      -517.74578      80569.668      43.190728      43.190728      43.190728      1.0354708     -414.08898     -72.655896     -1349.5286    
     86000   86000          339.41624     -1386.9716      5562.4519      7193.1398      8092.8709     -899.73117      3148.8574      6260.8597     -9423.3144     -70.354592     -3213.7644      7839.7659     -5441.7807     -517.44089      80617.142      43.199209      43.199209      43.199209      1.034861      -822.44978     -1142.5947     -2195.8703    
     87000   87000          342.41981     -644.93949      6324.9258      7085.5222      8164.4866     -1078.9644      3087.2186      6182.9865     -9507.5644     -67.186874     -3156.8396      7826.0504     -5443.629      -515.85628      80864.783      43.243397      43.243397      43.243397      1.0316918     -903.01771     -946.36391     -85.436836    
     88000   88000          342.32956     -178.89925      6851.0753      7062.1639      8162.3348     -1100.1709      3073.9601      6181.1678     -9560.3229     -68.614691     -3137.2577      7849.0883     -5438.1917     -515.59395      80905.926      43.25073       43.25073       43.25073       1.0311672     -1059.0024     -1296.7632      1819.0678    
     89000   89000          347.32476      367.70238      7689.5963      7257.0554      8281.4377     -1024.3823      3056.4766      6233.4784     -9522.3329     -68.239003     -3138.9719      7854.2405     -5439.0341     -517.16991      80659.382      43.206753      43.206753      43.206753      1.034319       401.01558      217.85294      484.23864    
     90000   90000          343.84266     -1256.8665      5752.8506      7230.0325      8198.4124     -968.37989      3137.2222      6156.9842     -9452.763      -70.139886     -3151.4545      7853.8124     -5442.0412     -517.6297       80587.736      43.193956      43.193956      43.193956      1.0352386     -1026.5217     -1639.6991     -1104.3786    
     91000   91000          340.6023      -37.462247      7052.5886      7096.7505      8121.1508     -1024.4004      3072.7237      6150.098      -9460.3313     -71.442182     -3124.3242      7854.6099     -5445.7343     -516.07222      80830.946      43.237365      43.237365      43.237365      1.0321237     -1172.3241      180.12941      879.80794    
     92000   92000          338.46505     -539.15603      6146.2304      6782.6509      8070.1913     -1287.5404      2913.9716      6274.6442     -9571.5104     -68.942544     -3213.992       7826.7957     -5448.507      -515.38808      80938.243      43.256488      43.256488      43.256488      1.0307555     -1356.4624     -156.64986     -104.35585    
     93000   93000          338.84577     -753.82561      6035.1652      6920.1578      8079.269      -1159.1112      2993.4517      6179.5411     -9471.0319     -66.380341     -3190.6279      7840.8248     -5444.8887     -518.19749      80499.436      43.178175      43.178175      43.178175      1.0363742     -732.75127      274.16621     -1802.8918    
     94000   94000          344.69263      459.19924      7830.9435      7291.7287      8218.6785     -926.94987      3066.9418      6374.3155     -9520.0922     -71.004577     -3173.4948      7841.2567     -5444.8723     -518.08778      80516.483      43.181222      43.181222      43.181222      1.0361547     -393.23442     -213.09286      1983.925     
     95000   95000          340.69149      237.15921      7244.1882      6966.3052      8123.2774     -1156.9723      3046.5001      6277.2756     -9558.0189     -69.250655     -3233.3681      7829.2082     -5449.3185     -519.20883      80342.636      43.150122      43.150122      43.150122      1.0383968     -492.95433     -154.86483      1359.2968    
     96000   96000          346.67852      952.81318      8168.8045      7045.3312      8266.0291     -1220.6978      2995.822       6187.901      -9562.085      -68.898138     -3153.6071      7827.0822     -5446.9128     -515.95168      80849.83       43.240732      43.240732      43.240732      1.0318826     -720.78326      1484.3064      2094.9164    
     97000   97000          346.69308     -74.940509      7180.2366      7267.9268      8266.3764     -998.44954      3096.2575      6241.7748     -9462.4253     -69.589572     -3181.9039      7828.0053     -5450.5684     -519.91162      80234.032      43.13067       43.13067       43.13067       1.0398023      317.45005      647.22104     -1189.4926    
     98000   98000          339.34148     -65.400174      6893.0778      6970.0579      8091.0884     -1121.0305      3060.4775      6237.3375     -9541.012      -71.641476     -3175.9512      7820.8858     -5451.1266     -516.84957      80709.375      43.215678      43.215678      43.215678      1.0336784      117.76283      236.31281     -550.27616    
     99000   99000          341.33699      678.14274      7828.1476      7029.8647      8138.6683     -1108.8036      3032.9878      6169.8713     -9485.0316     -69.421243     -3139.4474      7828.5936     -5446.3561     -516.80696      80716.029      43.216865      43.216865      43.216865      1.0335932     -449.72019      665.39025      1818.7582    
    100000   100000         344.64632      1085.1918      8372.6648      7090.8282      8217.5743     -1126.7461      2945.8024      6278.2616     -9555.9325     -70.375318     -3111.6484      7836.3532     -5449.2072     -515.03634      80993.519      43.266333      43.266333      43.266333      1.030052       2134.6487      866.63487      254.29186    
    101000   101000         341.33722     -258.15599      6705.7017      7010.0892      8138.674      -1128.5847      2993.4247      6181.3545     -9465.0902     -67.731359     -3158.0695      7832.3302     -5444.8031     -515.96398      80847.903      43.240388      43.240388      43.240388      1.0319072      793.91054     -1097.3797     -470.99886    
    102000   102000         338.27022      1073.2856      8281.2181      7016.4793      8065.5459     -1049.0666      3083.4045      6222.8134     -9558.3643     -70.131312     -3126.283       7841.9006     -5442.4064     -516.27191      80799.682      43.23179       43.23179       43.23179       1.0325231      863.65808      1564.2949      791.90372    
    103000   103000         338.61748     -787.56384      6026.5042      6957.0476      8073.8257     -1116.7781      2992.2487      6247.5687     -9610.4114     -69.310811     -3069.085       7838.4828     -5446.271      -514.88848      81016.779      43.270474      43.270474      43.270474      1.0297563     -485.84916     -1407.5128     -469.32962    
    104000   104000         338.67562      134.43238      7017.8216      6858.8586      8075.2119     -1216.3533      2932.8423      6268.4756     -9586.1149     -67.485304     -3156.0395      7836.5908     -5444.6224     -514.48407      81080.461      43.281809      43.281809      43.281809      1.0289475     -403.08975      932.56375     -126.17686    
    105000   105000         341.81947     -868.73713      6086.1136      7112.1528      8150.1725     -1038.0196      3090.0369      6292.8796     -9539.1844     -68.440175     -3200.4217      7833.232      -5446.122      -515.09633      80984.086      43.264653      43.264653      43.264653      1.030172      -1356.023       188.8303      -1439.0187    
    106000   106000         337.99658     -670.13658      6062.3437      6846.475       8059.0214     -1212.5464      3072.2338      6205.1048     -9579.3938     -69.274583     -3228.7337      7833.5016     -5445.9846     -519.9225       80232.354      43.130369      43.130369      43.130369      1.0398241     -65.087872     -1171.9697     -773.35213    
    107000   107000         340.33795      590.47352      7681.7808      6990.498       8114.8478     -1124.3498      3091.5944      6191.0811     -9561.6119     -68.265893     -3173.7532      7843.3801     -5446.7745     -519.64733      80274.839      43.137981      43.137981      43.137981      1.0392738      24.510599      648.24661      1098.6633    
    108000   108000         340.6947      -4.5203239      6990.1084      6995.4034      8123.354      -1127.9506      3015.4562      6296.5669     -9604.4499     -71.286987     -3152.3217      7832.5665     -5444.4816     -519.35949      80319.329      43.145949      43.145949      43.145949      1.0386981     -1455.4595      122.71355      1319.185     
    109000   109000         340.3182       217.16503      7289.1338      7032.7114      8114.3768     -1081.6654      3144.7279      6093.4182     -9514.8046     -65.715711     -3133.9089      7838.1083     -5443.4906     -515.22617      80963.678      43.261019      43.261019      43.261019      1.0304316      180.66354      391.69016      79.141381    
    110000   110000         338.02619     -759.62311      6011.4738      6905.2032      8059.7274     -1154.5242      2958.8948      6331.7288     -9602.3667     -68.242913     -3167.7767      7833.4534     -5440.2148     -517.0781       80673.705      43.20931       43.20931       43.20931       1.0341354      890.33197     -2289.1072     -880.0941     
    111000   111000         340.90269      862.02392      7967.7604      6957.3517      8128.3131     -1170.9613      3022.9316      6195.9823     -9555.5867     -66.894739     -3164.0605      7842.7378     -5446.071      -519.02263      80371.458      43.155281      43.155281      43.155281      1.0380244      909.29615      666.79548      1009.9801    
    112000   112000         340.94258     -682.80565      6161.7515      6963.3785      8129.2643     -1165.8858      3008.5842      6254.5813     -9482.0289     -69.900543     -3274.4081      7843.4942     -5446.208      -518.18976      80500.637      43.178389      43.178389      43.178389      1.0363587     -1709.2723     -418.22384      79.079143    
    113000   113000         338.60889     -534.99077      6260.826       6892.2554      8073.6208     -1181.3654      3049.3594      6060.16       -9532.336      -64.242752     -3099.2798      7854.6845     -5449.7107     -515.44881      80928.708      43.254789      43.254789      43.254789      1.0308769     -467.17771     -65.648561     -1072.146     
    114000   114000         337.18981      4.0350654      6936.6119      6931.8551      8039.7851     -1107.93        3032.8767      6157.0651     -9498.6264     -66.783572     -3136.3913      7845.3019     -5441.3724     -516.0672       80831.732      43.237505      43.237505      43.237505      1.0321137     -186.58143      143.26856      55.418063    
    115000   115000         338.95512      548.47418      7569.4625      6923.7943      8081.8763     -1158.082       3020.6793      6205.2577     -9567.197      -63.485116     -3128.0725      7820.296      -5445.5604     -516.78617      80719.277      43.217445      43.217445      43.217445      1.0335516     -558.76569      995.42638      1208.7618    
    116000   116000         338.87142     -1521.2603      5021.5212      6817.8678      8079.8807     -1262.0129      3042.6566      6138.4903     -9570.2151     -65.336054     -3202.8883      7835.629      -5440.3493     -515.20186      80967.498      43.261699      43.261699      43.261699      1.030383      -2429.1091     -1431.4097     -703.26205    
    117000   117000         344.53377      384.48081      7537.4549      7083.7784      8214.8907     -1131.1123      3090.1481      6136.1829     -9534.3069     -66.421964     -3153.8529      7840.5592     -5443.4209     -515.57567      80908.795      43.251241      43.251241      43.251241      1.0311306     -180.75682      255.81329      1078.386     
    118000   118000         337.11715     -249.42362      6459.4507      6751.8788      8038.0526     -1286.1739      3094.0414      6044.9714     -9538.8019     -67.143381     -3230.3051      7850.6004     -5439.5367     -518.89865      80390.661      43.158718      43.158718      43.158718      1.0377765      635.0583      -1961.7734      578.44422    
    119000   119000         340.39351      96.313739      7131.0585      7017.6828      8116.1725     -1098.4897      2989.7086      6309.9411     -9558.9155     -68.677502     -3189.3501      7856.4628     -5437.6591     -516.81139      80715.338      43.216742      43.216742      43.216742      1.033602      -1965.216       525.13992      1729.0173    
    120000   120000         341.0991      -2026.9289      4562.4651      6944.0878      8132.9962     -1188.9084      3069.7246      6275.0637     -9631.2225     -69.99918      -3235.1773      7843.0007     -5440.2984     -517.76129      80567.254      43.190297      43.190297      43.190297      1.0355018     -3622.8179     -1841.8104     -616.15833    
    121000   121000         336.99216     -106.12708      6688.8064      6813.7861      8035.0725     -1221.2865      3029.971       6181.0374     -9585.6893     -69.08192      -3187.1688      7851.4835     -5441.8383     -516.59564      80749.047      43.222757      43.222757      43.222757      1.0331705      445.78596     -911.656        147.48881    
    122000   122000         341.28847     -111.3959       6727.7792      6859.0026      8137.5115     -1278.5089      3003.3108      6069.5063     -9541.0941     -67.284077     -3146.1798      7846.2189     -5442.9869     -516.44252      80772.988      43.227029      43.227029      43.227029      1.0328643     -1120.9355      1099.5737     -312.82587    
    123000   123000         336.9979      -782.9294       6095.5535      7025.2407      8035.2092     -1009.9685      3098.0961      6239.3299     -9592.6472     -64.487051     -3109.6724      7852.9271     -5433.515      -512.33005      81421.353      43.342382      43.342382      43.342382      1.0246395      21.514582     -867.99152     -1502.3113    
    124000   124000         334.792        333.8547       7157.6277      6764.8383      7982.613      -1217.7746      3065.0796      6080.3137     -9568.0932     -66.612011     -3141.455       7850.6548     -5437.6625     -517.08482      80672.656      43.209123      43.209123      43.209123      1.0341489     -179.18546     -56.765167      1237.5147    
    125000   125000         338.55912     -1155.4186      5628.2048      6993.8626      8072.4341     -1078.5716      3026.7697      6263.3538     -9555.732      -71.187168     -3133.1266      7834.4498     -5443.099      -514.7087       81045.076      43.275512      43.275512      43.275512      1.0293967     -1326.9123     -731.07559     -1408.268     
    126000   126000         338.79362      287.44306      7202.6102      6865.3037      8078.0255     -1212.7218      3101.6185      6021.2243     -9484.5317     -69.69102      -3188.168       7847.2349     -5440.4088     -518.43136      80463.122      43.171681      43.171681      43.171681      1.0368419      673.44117      1101.5417     -912.65369    
    127000   127000         332.88957     -896.0903       5754.8643      6816.2171      7937.2522     -1121.0351      3021.3474      6230.2626     -9592.3157     -66.445079     -3127.7012      7853.4099     -5439.5931     -513.63667      81214.229      43.305598      43.305598      43.305598      1.0272527     -1339.5047     -1276.1277     -72.63845     
    128000   128000         341.74333      358.20811      7422.7389      6999.3613      8148.357      -1148.9957      3099.7619      6143.0254     -9621.5044     -66.750409     -3108.4201      7849.0017     -5444.1099     -514.7206       81043.202      43.275178      43.275178      43.275178      1.0294205      887.27564     -126.97032      314.31901    
    129000   129000         334.55854      271.53353      7127.1604      6806.4483      7977.0463     -1170.5981      2998.7217      6133.6571     -9493.5195     -63.587909     -3151.1001      7848.6196     -5443.3889     -515.07693      80987.137      43.265197      43.265197      43.265197      1.0301332      508.27409     -644.06285      950.38936    
    130000   130000         340.43599      417.8344       7282.121       6786.2744      8117.1853     -1330.9109      2973.7642      6070.1991     -9580.2174     -70.065233     -3131.2999      7846.0166     -5439.3083     -512.64997      81370.543      43.333364      43.333364      43.333364      1.0252793     -43.58358       341.81138      955.27541    
    131000   131000         341.72095     -1719.7378      4966.9077      7008.8972      8147.8234     -1138.9263      3076.8387      6147.9272     -9556.7465     -65.152155     -3138.5023      7840.0097     -5443.301      -512.35712      81417.052      43.341618      43.341618      43.341618      1.0246936     -2693.2192     -2100.8149     -365.1794     
    132000   132000         335.70835     -383.3052       6342.6224      6797.2478      8004.4618     -1207.214       2992.6261      6039.0101     -9455.9669     -66.425267     -3121.4238      7847.7134     -5442.7477     -512.92639      81326.69       43.325578      43.325578      43.325578      1.0258322     -783.19096      490.926       -857.65064    
    133000   133000         337.03983     -988.92176      5780.0331      6956.896       8036.2092     -1079.3131      3053.1943      6179.5091     -9528.7896     -67.613104     -3117.199       7842.2172     -5440.632      -511.21086      81599.608      43.373988      43.373988      43.373988      1.0224012     -344.21263     -1039.1394     -1583.4133    
    134000   134000         335.94884     -157.01782      6552.399       6738.5182      8010.1961     -1271.6779      2958.4552      6138.6266     -9517.0187     -70.44556      -3182.5079      7845.0678     -5443.8553     -513.24155      81276.751      43.316708      43.316708      43.316708      1.0264625      437.21991      143.93695     -1052.2103    
    135000   135000         341.57542      93.450989      7091.334       6980.9514      8144.3534     -1163.402       3004.4676      6140.592      -9548.0228     -68.363137     -3098.7088      7847.8251     -5441.1919     -515.04762      80991.745      43.266017      43.266017      43.266017      1.0300745      623.80832     -1631.9676      1288.5123    
    136000   136000         336.34377      520.47214      7408.2722      6787.4016      8019.6125     -1232.2109      2968.7457      6098.5242     -9597.1599     -67.376842     -3040.6042      7845.5642     -5439.9041     -509.98855      81795.181      43.408613      43.408613      43.408613      1.0199566     -47.585942      674.22076      934.78159    
    137000   137000         340.23475      803.21169      7993.228       7037.287       8112.3872     -1075.1002      3064.0498      6241.4292     -9632.4296     -62.883373     -3077.7002      7836.0447     -5443.6108     -511.16717      81606.583      43.375224      43.375224      43.375224      1.0223138      1138.5107      93.707963      1177.4164    
    138000   138000         334.6708       401.31922      7226.3187      6753.3493      7979.723      -1226.3737      3011.9303      6042.7479     -9492.96       -72.442481     -3107.4605      7835.4483     -5443.6373     -516.20346      80810.395      43.233701      43.233701      43.233701      1.0323862     -67.465997      311.6571       959.76657    
    139000   139000         332.86382      96.36145       6753.7946      6640.4004      7936.6383     -1296.2379      3010.2255      6044.397      -9552.4494     -65.850145     -3133.0917      7843.6254     -5443.0946     -516.98359      80688.453      43.211943      43.211943      43.211943      1.0339464      1542.3743     -1812.4381      559.14813    
    140000   140000         337.13993     -325.44419      6415.9363      6798.5407      8038.5958     -1240.0551      3014.4606      6076.5379     -9511.3219     -66.062557     -3154.7613      7843.7561     -5442.664      -517.47646      80611.6        43.19822       43.19822       43.19822       1.0349321     -602.02523     -505.08334      130.77598    
    141000   141000         331.27778      397.48905      7123.3897      6650.8821      7898.8217     -1247.9396      2938.7316      6181.7391     -9608.9369     -70.330722     -3090.5602      7843.7374     -5442.3198     -511.7766       81509.404      43.358         43.358         43.358         1.0235326      623.84587     -338.56808      907.18937    
    142000   142000         337.94461     -974.17292      5653.2309      6799.7754      8057.7822     -1258.0068      3031.572       6085.1335     -9555.02       -64.324583     -3147.2292      7832.8263     -5440.9648     -516.90314      80701.01       43.214185      43.214185      43.214185      1.0337855     -356.54016     -1638.6602     -927.31842    
    143000   143000         335.88723     -793.60988      5905.3934      6842.5235      8008.7269     -1166.2034      3036.1544      6100.6157     -9526.4072     -61.632804     -3124.377       7848.4907     -5439.0472     -515.19446      80968.661      43.261906      43.261906      43.261906      1.0303682      154.79133     -608.0433      -1927.5777    
    144000   144000         332.90298      10.758035      6734.6748      6721.9477      7937.572      -1215.6243      2945.3586      6170.6589     -9556.494      -65.537944     -3106.5782      7836.4255     -5439.4571     -514.24156      81118.697      43.288611      43.288611      43.288611      1.0284625      1041.7526     -974.59285     -34.885659    
    145000   145000         333.45268      803.33607      7658.8113      6714.83        7950.6789     -1235.8489      2935.7636      6140.9821     -9538.2856     -65.795895     -3132.3604      7862.5082     -5438.6608     -517.72352      80573.132      43.191347      43.191347      43.191347      1.0354262      873.59025      535.02558      1001.3924    
    146000   146000         337.61333     -256.09173      6568.0124      6870.1964      8049.8832     -1179.6868      2987.8344      6141.4515     -9483.6601     -67.886789     -3156.1374      7841.4774     -5442.7659     -515.57065      80909.583      43.251382      43.251382      43.251382      1.0311206     -1065.1538     -146.6378       443.5164     
    147000   147000         336.33351     -73.292904      6677.3188      6763.4657      8019.3679     -1255.9022      2953.5581      6119.7758     -9547.7217     -69.046788     -3129.5387      7852.2666     -5435.1955     -517.59055      80593.832      43.195045      43.195045      43.195045      1.0351603      1013.4468     -334.85916     -898.46636    
    148000   148000         328.57852     -193.08091      6445.4695      6673.7198      7834.4617     -1160.7419      3043.7062      6151.6383     -9573.2834     -66.423217     -3123.1464      7849.1866     -5442.42       -514.62633      81058.048      43.27782       43.27782       43.27782       1.029232       690.6576      -1102.1039     -167.79648    
    149000   149000         338.10038      983.32644      8007.6038      6845.404       8061.4963     -1216.0923      2950.3925      6187.3914     -9572.0225     -68.055225     -3125.9725      7853.693      -5441.519      -514.73175      81041.447      43.274866      43.274866      43.274866      1.0294428      1757.1781      683.17685      509.62438    
    150000   150000         331.75145     -255.30145      6275.5592      6574.2553      7910.1156     -1335.8603      3005.6325      6055.0095     -9558.1232     -69.867431     -3168.0001      7843.9284     -5444.4399     -519.98129      80223.283      43.128744      43.128744      43.128744      1.0399417     -99.764679     -411.22799     -254.91168    
    151000   151000         341.53255     -288.72224      6610.1016      6948.1392      8143.3312     -1195.1921      3003.3139      6297.2911     -9567.9982     -71.227199     -3226.7303      7816.9724     -5446.8138     -519.61219      80280.268      43.138953      43.138953      43.138953      1.0392035      813.44298      221.30595     -1900.9157    
    152000   152000         333.08718     -1177.7799      5254.1763      6655.9885      7941.9641     -1285.9756      2962.6577      6126.8982     -9615.9903     -62.823171     -3105.7452      7850.5743     -5441.5471     -511.13819      81611.209      43.376044      43.376044      43.376044      1.0222559     -1712.8896     -1255.2016     -565.24847    
    153000   153000         338.9696      -302.63316      6461.5066      6816.2453      8082.2215     -1265.9762      3018.5431      6115.2108     -9518.4741     -70.296863     -3208.0428      7835.297      -5438.2134     -519.00551      80374.11       43.155756      43.155756      43.155756      1.0379902     -1127.9443      342.43847     -122.39368    
    154000   154000         328.20576     -409.8905       6043.9136      6522.7092      7825.5739     -1302.8646      3017.8304      6119.7514     -9522.7591     -70.583467     -3220.8063      7818.9953     -5445.2928     -520.81288      80095.189      43.105777      43.105777      43.105777      1.0416048     -2462.1488      165.76318      1066.7142    
    155000   155000         333.85306     -193.67547      6439.7796      6666.8964      7960.2252     -1293.3288      2958.4272      6162.3701     -9490.5398     -63.679627     -3227.2527      7817.0405     -5449.6945     -518.78736      80407.907      43.161804      43.161804      43.161804      1.0375539      309.66319      31.332316     -922.02191    
    156000   156000         337.72507     -116.56395      6455.2692      6592.6037      8052.5475     -1459.9438      2932.3031      6164.0758     -9656.5161     -66.13953      -3209.8479      7820.8817     -5444.7009     -516.35515      80786.656      43.229467      43.229467      43.229467      1.0326896      223.28817      954.82333     -1527.8034    
    157000   157000         331.45448     -754.09155      5703.7924      6591.2416      7903.0347     -1311.7931      3048.4981      5987.2626     -9523.9243     -66.080635     -3132.7234      7816.4591     -5441.2844     -516.94532      80694.425      43.213009      43.213009      43.213009      1.0338699     -1253.5454     -45.405687     -963.32353    
    158000   158000         337.47407     -180.3462       6634.8813      6846.1536      8046.5628     -1200.4091      2983.0496      6247.2994     -9549.8736     -70.138147     -3185.8182      7824.3737     -5449.3018     -519.31211      80326.657      43.147261      43.147261      43.147261      1.0386034     -1704.6547      751.55963      412.05652    
    159000   159000         334.19311     -791.26229      5709.6119      6637.6431      7968.3334     -1330.6903      3005.2722      6129.5864     -9542.0942     -64.329805     -3223.7406      7813.9791     -5449.3634     -518.70678      80420.398      43.164039      43.164039      43.164039      1.0373927     -1000.8326     -1350.3538     -22.600537    
    160000   160000         328.51705      636.66359      7120.1599      6379.5156      7832.9961     -1453.4805      2944.9344      6116.9106     -9573.6174     -67.027622     -3235.9538      7811.5346     -5450.2613     -522.95502      79767.1        43.046839      43.046839      43.046839      1.045889       1577.848       1796.558      -1464.4152    
    161000   161000         335.25756     -862.81555      5717.8842      6733.0619      7993.7136     -1260.6517      2936.1399      6174.4458     -9475.3767     -65.653833     -3198.7808      7816.557      -5447.9831     -517.0588       80676.716      43.209848      43.209848      43.209848      1.0340968     -26.178941     -2161.0097     -401.25802    
    162000   162000         333.36352     -97.175434      6537.4814      6651.1565      7948.553      -1297.3965      2940.2639      6185.195      -9497.2384     -65.404713     -3245.4288      7834.3103     -5449.0937     -520.06208      80210.82       43.12651       43.12651       43.12651       1.0401033     -30.260465      92.704208     -353.97005    
    163000   163000         328.78225     -576.89633      5775.9328      6452.9393      7839.3194     -1386.3801      2956.5401      6054.514      -9568.9376     -69.551533     -3140.5299      7823.1361     -5441.5513     -518.40475      80467.252      43.17242       43.17242       43.17242       1.0367887     -889.23965      300.86044     -1142.3098    
    164000   164000         334.35029      244.93115      6850.208       6562.9102      7972.0809     -1409.1707      2940.3907      6075.0563     -9556.938      -63.363106     -3181.0359      7823.0326     -5446.3133     -518.65167      80428.944      43.165567      43.165567      43.165567      1.0372825      1728.5477     -366.74448     -627.0098     
    165000   165000         337.24961     -867.70744      5705.498       6718.4025      8041.211      -1322.8085      2958.9384      6178.8784     -9541.8812     -65.273844     -3228.0783      7823.3675     -5448.7595     -521.15735      80042.247      43.096277      43.096277      43.096277      1.0422938     -699.90815     -807.19941     -1096.0148    
    166000   166000         330.64486      792.4288       7487.1939      6563.3647      7883.7307     -1320.366       2938.6601      6135.6251     -9544.1943     -61.881581     -3182.5695      7836.1154     -5442.1212     -521.83429      79938.415      43.077634      43.077634      43.077634      1.0436476      1175.1137      156.35933      1045.8134    
    167000   167000         329.74474      684.58338      7190.8664      6395.6594      7862.2687     -1466.6092      2941.8932      6054.3501     -9520.7144     -66.49825      -3275.7176      7839.5232     -5439.4455     -523.73331      79648.563      43.025506      43.025506      43.025506      1.0474456     -364.55685      2104.6039      313.7031     
    168000   168000         332.48698      387.40383      7063.5942      6610.9364      7927.6532     -1316.7168      2965.3952      6156.6133     -9577.3821     -69.007497     -3190.5699      7837.3411     -5439.1069     -520.66441      80118.028      43.109874      43.109874      43.109874      1.0413079     -218.00335      1550.0322     -169.81739    
    169000   169000         334.92405      673.46273      7513.7382      6721.1352      7985.7614     -1264.6262      2968.5925      6164.9049     -9549.2519     -66.825039     -3167.628       7829.4702     -5443.8889     -516.91829      80698.645      43.213762      43.213762      43.213762      1.0338158      1418.7639      988.22248     -386.59818    
    170000   170000         334.14013      1302.5505      8153.4625      6618.4967      7967.0699     -1348.5732      2940.1935      6131.1631     -9548.4683     -65.42916      -3190.3394      7826.7046     -5442.3976     -516.24982      80803.139      43.232407      43.232407      43.232407      1.0324789      1709.9848      1563.9911      633.67556    
    171000   171000         335.53994     -361.09292      6086.1772      6508.059       8000.4463     -1492.3873      2958.1376      5987.061      -9513.5438     -64.894446     -3242.3864      7827.1684     -5443.9296     -520.70555      80111.698      43.108738      43.108738      43.108738      1.0413902     -386.48352     -448.56133     -248.23391    
    172000   172000         337.63239      1545.519       8426.7496      6623.0383      8050.3377     -1427.2994      2900.6312      6207.2599     -9600.8157     -65.627262     -3255.0979      7829.9718     -5443.6214     -521.28034      80023.362      43.092888      43.092888      43.092888      1.0425397      1597.6735      1058.3455      1980.538     
    173000   173000         330.66118      943.25003      7618.59        6514.9657      7884.1197     -1369.154       2953.9997      6060.3606     -9549.3944     -66.209535     -3172.8868      7844.8288     -5439.8524     -519.95961      80226.628      43.129343      43.129343      43.129343      1.0398983     -83.601095      1748.5795      1164.7717    
    174000   174000         337.00171      1858.2678      8930.5209      6748.1664      8035.3002     -1287.1337      2966.1246      6170.6468     -9602.8882     -68.078622     -3136.4484      7829.4673     -5445.9574     -518.02062      80526.921      43.183088      43.183088      43.183088      1.0360204      2545.9761      1376.116       1652.7114    
    175000   175000         332.86728      399.28633      7076.583       6607.0182      7936.7209     -1329.7027      2937.6329      6191.2386     -9624.0774     -71.930716     -3131.1337      7811.9844     -5443.4168     -517.31242      80637.163      43.202785      43.202785      43.202785      1.0346041     -215.76228      881.87019      531.75109    
    176000   176000         328.83363     -1382.9536      4653.0349      6285.4949      7840.5446     -1555.0497      2936.547       6008.1272     -9577.236      -67.130687     -3218.0411      7811.9681     -5449.2842     -515.3818       80939.229      43.256664      43.256664      43.256664      1.0307429     -1735.2961     -1563.8468     -849.71775    
    177000   177000         333.37123     -989.93462      5453.0587      6615.5883      7948.7367     -1333.1485      3010.2949      6178.4107     -9614.2205     -64.316835     -3218.1799      7822.5499     -5447.6868     -518.04386      80523.309      43.182443      43.182443      43.182443      1.0360669     -847.77567      211.25844     -2333.2866    
    178000   178000         329.4291       83.386427      6398.4978      6299.9111      7854.7425     -1554.8314      2881.5711      6096.6514     -9649.7127     -64.63827      -3193.329       7823.0918     -5448.4659     -514.566        81067.551      43.279512      43.279512      43.279512      1.0291113      1307.4358      211.74911     -1269.0256    
    179000   179000         334.38745      2073.1253      8920.9392      6485.6399      7972.967      -1487.3271      2958.1833      5967.1265     -9565.53       -67.72549      -3157.6307      7824.3684     -5446.1193     -517.88965      80547.286      43.186728      43.186728      43.186728      1.0357585      1737.8768      2135.7887      2345.7103    
    180000   180000         330.99943     -325.07209      6100.9588      6482.9573      7892.1848     -1409.2275      2997.8342      6083.7571     -9584.9542     -66.697485     -3207.0615      7812.6363     -5444.742      -517.70468      80576.065      43.191871      43.191871      43.191871      1.0353886     -1705.8286     -251.47977      982.09214    
    181000   181000         336.18176     -95.978595      6504.7824      6617.6763      8015.7495     -1398.0732      2922.484       6162.2131     -9592.1705     -71.039219     -3177.8261      7806.0619     -5447.7964     -517.21108      80652.963      43.205607      43.205607      43.205607      1.0344014      1115.2656     -1058.9174     -344.28398    
    182000   182000         337.78825      103.13872      6841.4823      6719.7523      8054.054      -1334.3017      2926.4202      6132.9052     -9521.7337     -69.814531     -3177.7659      7822.9304     -5447.2434     -515.45176      80928.245      43.254707      43.254707      43.254707      1.0308828     -600.30207     -242.84108      1152.5593    
    183000   183000         328.39207     -101.10006      6295.9568      6414.4758      7830.0162     -1415.5404      2992.2753      5973.0413     -9524.026      -68.569554     -3179.2709      7829.8892     -5438.8797     -518.95224      80382.36       43.157232      43.157232      43.157232      1.0378836      784.84332     -183.58199     -904.56151    
    184000   184000         326.20755     -1608.0197      4478.6479      6369.4372      7777.9295     -1408.4923      2978.5131      6039.6659     -9524.3225     -67.60681      -3189.2378      7800.8203     -5446.3244     -517.38314      80626.14       43.200817      43.200817      43.200817      1.0347455     -1955.1587     -1995.0381     -873.86245    
    185000   185000         339.61775     -277.23986      6417.2128      6741.1134      8097.6756     -1356.5622      2961.6257      6109.7169     -9544.7805     -67.801643     -3178.8642      7809.5979     -5446.0564     -520.7244       80108.799      43.108218      43.108218      43.108218      1.0414279      338.54131     -755.8337      -414.42719    
    186000   186000         329.08318      55.088702      6601.2463      6536.8617      7846.4947     -1309.633       2981.173       6203.2581     -9596.653      -67.081869     -3191.8541      7806.2998     -5444.7749     -520.52873      80138.912      43.113619      43.113619      43.113619      1.0410365     -151.36108     -905.05009      1221.6773    
    187000   187000         331.14971      1376.645       8109.7334      6496.0458      7895.7681     -1399.7223      2952.3019      5969.1841     -9442.9701     -66.900055     -3193.6502      7822.6381     -5440.326      -518.99899      80375.12       43.155936      43.155936      43.155936      1.0379771      883.56445      635.06955      2611.301     
    188000   188000         327.1522       1380.9469      8118.8689      6494.8682      7800.4534     -1305.5851      3000.1139      6097.6465     -9507.8012     -68.450266     -3205.2007      7821.9522     -5443.8456     -517.31467      80636.812      43.202723      43.202723      43.202723      1.0346086      2749.5079      1425.8376     -32.504918    
    189000   189000         336.06454     -878.61738      5588.4847      6625.3459      8012.9546     -1387.6087      2986.3885      6101.2799     -9565.9892     -66.087798     -3221.9166      7821.2917     -5442.5752     -515.51723      80917.967      43.252876      43.252876      43.252876      1.0310137      52.481915     -1967.3337     -721.00034    
    190000   190000         337.10932     -737.12016      5668.4451      6530.6034      8037.866      -1507.2626      3024.9216      5963.7818     -9564.2752     -65.1814       -3250.5437      7826.9056     -5442.8713     -520.13407      80199.717      43.124521      43.124521      43.124521      1.0402472     -1295.3093     -39.018902     -877.03224    
    191000   191000         326.21335     -127.82684      6155.4778      6304.5098      7778.0679     -1473.5581      2977.1657      6040.7897     -9534.1106     -67.486205     -3254.1139      7811.8685     -5447.6713     -521.80313      79943.188      43.078492      43.078492      43.078492      1.0435853      361.53662     -55.856858     -689.16029    
    192000   192000         332.69911      181.79595      6757.3801      6544.5389      7932.7111     -1388.1722      3039.876       5995.8398     -9510.611      -65.391053     -3229.8234      7829.6512     -5447.7137     -519.6281       80277.81       43.138513      43.138513      43.138513      1.0392353      690.23139     -97.134804     -47.708744    
    193000   193000         330.68219     -601.38072      5663.2539      6366.1436      7884.6207     -1518.477       2979.9792      5995.9058     -9587.6994     -62.160732     -3225.7354      7827.0002     -5445.7668     -520.50669      80142.305      43.114228      43.114228      43.114228      1.0409925      381.04598     -1419.229      -765.95914    
    194000   194000         329.29961      154.4994       6491.982       6309.9789      7851.6551     -1541.6763      2869.4444      6014.9514     -9548.259      -64.742522     -3180.9643      7815.6684     -5447.7747     -516.43058      80774.856      43.227362      43.227362      43.227362      1.0328404      948.66553     -984.05127      498.88394    
    195000   195000         334.05181      628.27869      7123.3081      6385.1235      7964.9642     -1579.8407      2867.0591      5965.8047     -9534.2195     -63.081608     -3166.3491      7804.1218     -5453.1761     -517.78729      80563.209      43.189574      43.189574      43.189574      1.0355538     -59.786475      586.70821      1357.9143    
    196000   196000         334.69739     -333.24263      6295.2714      6685.8075      7980.3571     -1294.5496      3057.6007      6131.6799     -9566.1094     -68.14359      -3197.7132      7802.5049     -5454.3689     -519.11488      80357.176      43.152725      43.152725      43.152725      1.0382089      740.45975     -45.367227     -1694.8204    
    197000   197000         328.99751     -352.73908      6105.5735      6522.439       7844.4521     -1322.013       3032.0674      6111.2423     -9594.2771     -66.665681     -3158.3104      7802.9855     -5449.0551     -514.77989      81033.868      43.273517      43.273517      43.273517      1.0295391     -395.03578     -1333.4037      670.22229    
    198000   198000         329.62525     -1140.4598      5101.6196      6446.4369      7859.4195     -1412.9826      3082.0091      6021.8263     -9606.9886     -67.734377     -3186.6142      7798.0142     -5453.495      -515.91807      80855.097      43.241671      43.241671      43.241671      1.0318154     -1191.9978     -1126.4679     -1102.9137    
    199000   199000         334.3875      -10.232094      6361.2228      6373.1764      7972.9683     -1599.7919      2894.0271      6028.1745     -9594.1666     -66.585048     -3220.5013      7811.3016     -5452.0422     -520.74877      80105.049      43.107546      43.107546      43.107546      1.0414766     -1014.302       164.83138      818.77429    
    200000   200000         323.89322      951.43814      7411.7711      6298.1097      7722.7479     -1424.6382      2963.3131      6078.5681     -9601.3389     -70.149328     -3179.9593      7827.3544     -5442.4263     -519.74633      80259.548      43.135242      43.135242      43.135242      1.0394718      1364.0863      1126.1956      364.03253    
    201000   201000         333.85379     -260.09597      6222.3461      6526.7524      7960.2427     -1433.4902      2969.659       6063.5367     -9576.2572     -69.019515     -3193.9835      7823.3464     -5450.7721     -519.80914      80249.851      43.133504      43.133504      43.133504      1.0395974      1552.7638     -1314.4661     -1018.5856    
    202000   202000         327.47766     -724.90491      5572.0794      6422.8359      7808.2134     -1385.3775      3010.0147      6104.7723     -9616.4572     -67.17025      -3211.0211      7838.1424     -5443.6584     -518.36988      80472.666      43.173388      43.173388      43.173388      1.0367189     -1583.1658      992.65192     -1584.2008    
    203000   203000         332.52686      76.672113      6612.7572      6523.3943      7928.604      -1405.2097      3000.059       6124.134      -9547.3054     -66.848765     -3280.2638      7808.5581     -5443.5428     -521.96834      79917.886      43.073946      43.073946      43.073946      1.0439157     -412.48512      1061.9054     -419.40397    
    204000   204000         334.41863     -280.47188      6049.7362      6378.4474      7973.7106     -1595.2632      2924.4189      5936.2585     -9567.1384     -62.141142     -3215.9561      7832.6941     -5443.3991     -519.08542      80361.737      43.153541      43.153541      43.153541      1.03815       -432.33086     -212.35446     -196.73033    
    205000   205000         325.98273     -339.72509      6046.9673      6444.6189      7772.569      -1327.9501      2987.4273      6220.283      -9676.3817     -68.448452     -3176.183       7829.9602     -5444.6075     -519.74327      80260.021      43.135326      43.135326      43.135326      1.0394657     -1564.3927      225.87028      319.34718    
    206000   206000         324.8931      -537.53247      5780.8754      6407.9318      7746.5886     -1338.6567      2953.863       6271.4432     -9609.8557     -61.536935     -3259.3801      7815.39       -5448.5803     -521.50937      79988.219      43.086579      43.086579      43.086579      1.0429978     -1470.3013     -223.77573      81.479666    
    207000   207000         331.87025      1570.8138      8211.6347      6372.7051      7912.9483     -1540.2431      2928.1981      5986.6204     -9556.1104     -65.75682      -3206.1978      7818.2037     -5445.2002     -519.66523      80272.074      43.137486      43.137486      43.137486      1.0393096      1877.0075      1056.0216      1779.4124    
    208000   208000         329.35699     -3.3146392      6439.5209      6443.4029      7853.0232     -1409.6203      2991.0135      5981.6779     -9531.1822     -67.676781     -3140.576       7808.0751     -5450.9517     -519.45442      80304.651      43.14332       43.14332       43.14332       1.038888      -86.36179       461.13858     -384.72071    
    209000   209000         328.43259     -775.94494      5365.1548      6275.7791      7830.9822     -1555.2031      2941.2273      6015.8423     -9527.2996     -69.385046     -3280.4634      7816.6701     -5451.7949     -518.38891      80469.711      43.172859      43.172859      43.172859      1.036757      -1099.1722     -1305.3695      76.706846    
    210000   210000         327.18979      298.02676      6667.1347      6317.9943      7801.3497     -1483.3554      2930.5478      6037.4306     -9573.9373     -68.40309      -3176.1512      7815.6802     -5448.5224     -519.30096      80328.382      43.14757       43.14757       43.14757       1.0385811      1045.0336     -306.53249      155.57922    
    211000   211000         328.44663      284.51369      6754.0371      6419.906       7831.317      -1411.411       2969.0529      6068.8521     -9648.4295     -65.757671     -3081.9777      7802.5569     -5455.7081     -518.02436      80526.341      43.182985      43.182985      43.182985      1.0360279      937.98215     -958.32501      873.88392    
    212000   212000         327.56449     -1155.8124      4891.6953      6244.7594      7810.2837     -1565.5242      2990.176       5941.6345     -9534.7218     -62.212269     -3256.3199      7810.1245     -5454.2052     -519.67641      80270.348      43.137176      43.137176      43.137176      1.0393319     -662.72343     -1850.3144     -954.3992     
    213000   213000         332.17924     -2263.9599      3785.8194      6435.3761      7920.3156     -1484.9395      2997.4791      6029.2886     -9596.3436     -65.107161     -3207.9989      7810.1521     -5452.4096     -519.82786      80246.961      43.132987      43.132987      43.132987      1.0396348     -2032.8546     -2116.5552     -2642.47      
    214000   214000         331.36417      303.95352      6862.4845      6505.1667      7900.8815     -1395.7149      2989.4783      5983.8161     -9499.6636     -63.863664     -3179.95        7826.2404     -5451.7724     -517.5073       80606.797      43.197362      43.197362      43.197362      1.0349938      1236.071       845.56207     -1169.7725    
    215000   215000         326.49557      1037.2067      7532.1468      6313.3168      7784.7969     -1471.4801      2903.8969      6129.2306     -9565.5202     -69.452841     -3239.2214      7819.1446     -5449.5579     -517.7096       80575.299      43.191734      43.191734      43.191734      1.0353984      1118.6483      173.82421      1819.1476    
    216000   216000         329.21304      1258.7089      7944.4728      6461.3402      7849.5909     -1388.2507      2959.5         6045.4369     -9581.5164     -65.222764     -3122.1329      7823.5687     -5447.8844     -516.3086       80793.939      43.230766      43.230766      43.230766      1.0325965      1202.563       2743.6437     -170.08       
    217000   217000         329.8334       1064.25        7529.8787      6278.7211      7864.3825     -1585.6614      2884.1649      5930.8505     -9577.228      -64.386089     -3153.0495      7842.791      -5448.8043     -517.48252      80610.656      43.198051      43.198051      43.198051      1.0349443      275.03977      870.82643      2046.8837    
    218000   218000         331.16559      257.07438      6789.8252      6489.2905      7896.1466     -1406.8562      2989.6932      6000.502      -9480.5823     -68.314543     -3243.0371      7838.4516     -5443.5689     -520.389        80160.429      43.117477      43.117477      43.117477      1.0407571      760.16135      305.48028     -294.41848    
    219000   219000         328.03922      440.97865      6851.1048      6335.2496      7821.6031     -1486.3535      2938.6438      5968.068      -9587.892      -71.349004     -3141.2497      7847.7055     -5440.28       -520.06038      80211.082      43.126557      43.126557      43.126557      1.0400999     -228.04702     -138.29396      1689.2769    
    220000   220000         326.94385     -153.47314      6120.9645      6299.9186      7795.4855     -1495.567       2989.222       6029.0538     -9592.4009     -67.578295     -3244.731       7836.8506     -5445.9831     -521.74078      79952.741      43.080207      43.080207      43.080207      1.0434606      780.32302     -1472.2268      231.4844     
    221000   221000         324.55931     -136.39757      6050.8789      6210.907       7738.6298     -1527.7228      2956.5241      5904.8969     -9545.2878     -66.547863     -3154.434       7821.4065     -5444.2806     -518.53041      80447.753      43.168932      43.168932      43.168932      1.03704        366.69365     -2415.4312      1639.5448    
    222000   222000         327.69593      81.021866      6324.2284      6229.4764      7813.4177     -1583.9412      2839.5862      6097.3076     -9632.7618     -65.366712     -3197.7526      7822.9365     -5447.8904     -520.20936      80188.111      43.12244       43.12244       43.12244       1.0403978     -377.74171     -378.15048      998.95778    
    223000   223000         328.66122      770.78899      7391.1513      6485.9972      7836.4336     -1350.4364      2948.2511      6175.5558     -9635.8734     -69.035229     -3158.6522      7831.4003     -5442.0828     -518.05638      80521.362      43.182095      43.182095      43.182095      1.036092       1598.9565     -326.59703      1040.0075    
    224000   224000         324.34987      300.76091      6629.1272      6275.7694      7733.636      -1457.8666      2968.9491      6127.0527     -9607.7541     -66.788577     -3253.3237      7822.1802     -5448.1822     -517.81035      80559.622      43.188933      43.188933      43.188933      1.0355999      1118.9596     -1156.017       939.34012    
    225000   225000         329.42402      687.17079      7151.5926      6346.6819      7854.6214     -1507.9395      2948.3897      6091.5542     -9638.4081     -67.520077     -3219.9777      7824.0556     -5446.0332     -519.37499      80316.932      43.14552       43.14552       43.14552       1.0387291      177.46604      832.54713      1051.4992    
    226000   226000         332.1048       1234.4887      7804.443       6375.1647      7918.5407     -1543.3759      2935.4999      5988.7622     -9524.5743     -67.029996     -3244.6306      7814.4826     -5445.8858     -525.45358      79387.804      42.978501      42.978501      42.978501      1.0508861      1546.089       1285.806       871.571      
    227000   227000         328.25615      109.53093      6338.5433      6210.4107      7826.7753     -1616.3646      2870.9217      6033.4267     -9637.8491     -66.240998     -3189.4867      7820.3945     -5447.5307     -520.04511      80213.437      43.126979      43.126979      43.126979      1.0400693      291.27714     -44.890209      82.205861    
    228000   228000         332.26301     -1121.9526      5097.2359      6413.1772      7922.313      -1509.1358      2950.9066      6078.799      -9604.4873     -68.750747     -3245.4633      7826.5603     -5446.7003     -518.68305      80424.077      43.164697      43.164697      43.164697      1.0373453     -1112.1863     -1221.7695     -1031.9021    
    229000   229000         331.93802      280.46389      6604.7269      6275.7597      7914.564      -1638.8043      2868.8512      6010.0303     -9633.9799     -66.66382      -3212.8015      7835.6965     -5439.9371     -518.66673      80426.608      43.16515       43.16515       43.16515       1.0373126      1162.2932     -270.38693     -50.514546    
    230000   230000         324.24351      235.82734      6452.0589      6175.6644      7731.1        -1555.4356      2901.7797      6017.555      -9598.4835     -69.47916      -3196.619       7832.9963     -5443.185      -519.07347      80363.587      43.153872      43.153872      43.153872      1.0381261      519.25092      1583.956      -1395.7248    
    231000   231000         332.01129      411.33048      6950.8233      6469.474       7916.3109     -1446.8369      2952.0568      6095.6777     -9600.5081     -70.179387     -3205.5783      7828.2158     -5446.5215     -519.86979      80240.488      43.131827      43.131827      43.131827      1.0397187     -528.45221      1221.6555      540.78818    
    232000   232000         325.2936      -919.85816      5141.5963      6216.5843      7756.1378     -1539.5535      2902.5697      6047.3335     -9605.3644     -69.071712     -3212.9234      7840.7133     -5442.8104     -520.57253      80132.169      43.11241       43.11241       43.11241       1.0411241     -695.98319     -603.09858     -1460.4927    
    233000   233000         329.44519      183.58099      6540.1568      6326.6838      7855.1263     -1528.4425      2950.6595      5991.6        -9568.1172     -62.81065      -3226.0223      7834.1249     -5447.8768     -523.17731      79733.209      43.040742      43.040742      43.040742      1.0463336      654.33476     -304.21894      200.62716    
    234000   234000         325.99752     -438.1855       5819.0802      6334.7082      7772.9217     -1438.2135      2930.0102      5995.5515     -9554.6731     -64.393304     -3132.6577      7836.3752     -5448.4262     -516.99398      80686.83       43.211654      43.211654      43.211654      1.0339672      518.14071     -2330.1867      497.48947    
    235000   235000         329.26618      1428.9785      8058.1587      6387.7192      7850.8581     -1463.1389      2993.508       6063.5891     -9649.3189     -68.820694     -3200.1851      7841.0059     -5442.9173     -520.42599      80154.731      43.116456      43.116456      43.116456      1.0408311      2391.6103     -427.97073      2323.2958    
    236000   236000         323.07875     -936.45683      5094.1682      6195.9368      7703.328      -1507.3911      2994.9737      5926.5372     -9610.906      -68.358411     -3149.1294      7843.6912     -5444.1995     -517.08437      80672.726      43.209136      43.209136      43.209136      1.034148      -873.02445     -1711.2005     -225.14558    
    237000   237000         327.58994     -421.05477      5802.8048      6297.3614      7810.8905     -1513.5291      2926.9114      6049.6235     -9580.2379     -63.89814      -3240.6933      7837.6221     -5442.8567     -517.94857      80538.124      43.185091      43.185091      43.185091      1.0358763     -750.98546     -87.268004     -424.91084    
    238000   238000         327.16099      423.83414      6738.2442      6243.0734      7800.6629     -1557.5895      2955.8339      5914.3675     -9564.3983     -65.560666     -3188.3872      7834.9268     -5444.3715     -520.72085      80109.343      43.108316      43.108316      43.108316      1.0414208      1644.0963     -135.07808     -237.51579    
    239000   239000         325.60857     -1024.2564      4926.2119      6130.3681      7763.6477     -1633.2797      2879.5724      5988.1584     -9652.4028     -70.034327     -3176.8241      7840.5332     -5442.2824     -517.47563      80611.73       43.198243      43.198243      43.198243      1.0349305     -26.49299      -919.13171     -2127.1444    
    240000   240000         326.92315     -734.41586      5527.4014      6384.9228      7794.9919     -1410.0691      2999.0427      5944.5762     -9477.1876     -69.792023     -3200.7492      7832.7701     -5438.7294     -521.02805      80062.112      43.099842      43.099842      43.099842      1.0420352     -622.79545     -511.29284     -1069.1593    
    241000   241000         324.8565      -990.52654      4975.6198      6134.5039      7745.7159     -1611.2121      2898.6852      5987.1335     -9615.9878     -65.565055     -3227.5217      7846.2443     -5434.2005     -519.9842       80222.833      43.128663      43.128663      43.128663      1.0399475      273.15508     -2099.927      -1144.8077    
    242000   242000         325.34715      1089.6138      7324.6211      6059.163       7757.4147     -1698.2517      2890.3928      5941.5304     -9580.7095     -65.013548     -3272.8603      7833.9713     -5445.5629     -523.82818      79634.138      43.022908      43.022908      43.022908      1.0476353      1614.0796      673.67213      981.08966    
    243000   243000         324.86146      486.10526      6695.7254      6129.8036      7745.834      -1616.0305      2956.7034      5973.7157     -9603.9812     -63.789537     -3252.3196      7818.7909     -5445.1502     -522.56211      79827.077      43.057626      43.057626      43.057626      1.0451032      332.36552      88.394667      1037.5556    
    244000   244000         331.03659     -986.56323      5090.1487      6240.0647      7893.0709     -1653.0062      2915.1538      5965.2537     -9626.8929     -62.093831     -3232.1244      7832.9179     -5445.2205     -521.94276      79921.802      43.07465       43.07465       43.07465       1.0438645     -547.97772     -784.57597     -1627.136     
    245000   245000         324.53323     -96.662839      5978.534       6091.6139      7738.0079     -1646.3939      2928.6003      5949.6575     -9669.7689     -63.942221     -3181.7341      7834.8557     -5444.0621     -520.0416       80213.979      43.127077      43.127077      43.127077      1.0400623     -383.17384      983.4079      -890.22257    
    246000   246000         322.74502     -768.9382       5322.2317      6224.4351      7695.3709     -1470.9357      2969.9188      6004.7527     -9597.1153     -65.503003     -3184.1053      7837.7883     -5436.6719     -518.5027       80452.051      43.169701      43.169701      43.169701      1.0369846     -828.28908     -1441.8382     -36.687294    
    247000   247000         326.06285     -523.37954      5548.7137      6162.6997      7774.4794     -1611.7797      2902.833       5971.3096     -9666.597      -66.885338     -3153.1015      7843.12       -5442.4584     -518.58781      80438.848      43.167339      43.167339      43.167339      1.0371548      346.40774     -1098.175      -818.37139    
    248000   248000         323.8544      -299.70419      5715.4891      6066.6585      7721.8222     -1655.1637      2833.1369      5918.0449     -9604.1128     -60.461658     -3159.4018      7854.8062     -5437.1754     -519.20654      80342.989      43.150185      43.150185      43.150185      1.0383922      870.1782      -1803.5264      34.235637    
    249000   249000         329.57612     -129.52637      6183.4179      6334.419       7858.248      -1523.829       2981.1454      5956.8693     -9582.7306     -66.679464     -3217.7415      7842.891      -5437.5831     -521.84538      79936.716      43.077329      43.077329      43.077329      1.0436698      1015.3398     -1592.4502      188.53131    
    250000   250000         324.62615      967.24146      7351.5719      6216.6887      7740.2235     -1523.5348      2869.4478      5965.9552     -9533.0465     -62.933183     -3170.0127      7847.0188     -5439.9643     -518.49882      80452.654      43.169809      43.169809      43.169809      1.0369768      1488.1347      1001.6727      411.91701    
Loop time of 493.842 on 1 procs for 250000 steps with 8000 atoms

Performance: 43.739 ns/day, 0.549 hours/ns, 506.234 timesteps/s, 4.050 Matom-step/s
99.9% CPU use with 1 MPI tasks x 1 OpenMP threads

MPI task timing breakdown:
Section |  min time  |  avg time  |  max time  |%varavg| %total
---------------------------------------------------------------
Pair    | 66.383     | 66.383     | 66.383     |   0.0 | 13.44
Bond    | 55.041     | 55.041     | 55.041     |   0.0 | 11.15
Kspace  | 232.28     | 232.28     | 232.28     |   0.0 | 47.04
Neigh   | 43.574     | 43.574     | 43.574     |   0.0 |  8.82
Comm    | 6.9523     | 6.9523     | 6.9523     |   0.0 |  1.41
Output  | 2.79       | 2.79       | 2.79       |   0.0 |  0.56
Modify  | 76.795     | 76.795     | 76.795     |   0.0 | 15.55
Other   |            | 10.03      |            |       |  2.03

Nlocal:           8000 ave        8000 max        8000 min
Histogram: 1 0 0 0 0 0 0 0 0 0
Nghost:          20759 ave       20759 max       20759 min
Histogram: 1 0 0 0 0 0 0 0 0 0
Neighs:              0 ave           0 max           0 min
Histogram: 1 0 0 0 0 0 0 0 0 0
FullNghs:  5.06497e+06 ave 5.06497e+06 max 5.06497e+06 min
Histogram: 1 0 0 0 0 0 0 0 0 0

Total # of neighbors = 5064966
Ave neighs/atom = 633.12075
Ave special neighs/atom = 5.7025
Neighbor list builds = 8191
Dangerous builds = 0

# --- Cleanup ---
unfix npt_fix

undump dump_npt

# --- Write Output ---
write_dump all custom cool_block_07_last.dump id type mol x y z xu yu zu vx vy vz modify sort id
write_data /home/alexzhao/PolyJarvis/data/PEG_2/attempts/cooling/attempt-0001/work/cool_block_07/cool_block_07_out.data
System init for write_data ...
PPPM Kokkos initialization ...
  using 12-bit tables for long-range coulomb
  G vector (1/distance) = 0.29862106
  grid = 30 30 30
  stencil order = 5
  estimated absolute RMS force accuracy = 0.00037887169
  estimated relative force accuracy = 1.1409608e-06
  using double precision cuFFT
  3d grid and FFT values/proc = 50653 27000
Generated 10 of 10 mixed pair_coeff terms from sixthpower/sixthpower mixing rule
write_restart /home/alexzhao/PolyJarvis/data/PEG_2/attempts/cooling/attempt-0001/work/cool_block_07/cool_block_07_out.restart
System init for write_restart ...
PPPM Kokkos initialization ...
  using 12-bit tables for long-range coulomb
  G vector (1/distance) = 0.29862106
  grid = 30 30 30
  stencil order = 5
  estimated absolute RMS force accuracy = 0.00037887169
  estimated relative force accuracy = 1.1409608e-06
  using double precision cuFFT
  3d grid and FFT values/proc = 50653 27000
Generated 10 of 10 mixed pair_coeff terms from sixthpower/sixthpower mixing rule

print "STAGE COMPLETE: NPT T=350.0->325.0K P=1.0->1.0atm steps=250000"
STAGE COMPLETE: NPT T=350.0->325.0K P=1.0->1.0atm steps=250000
quit
