$ perl /home/alexzhao/emc/scripts/emc_setup.pl -field=pcff -seed=798838 -temperature=300.0 -replace emc_build.esh
# exit 0
EMC Setup v4.1.5 (March 30, 2024), (c) 2004-2024 Pieter J. in 't Veld

Info: reading script from "./emc_build.esh"
Info: phase1 = {poly}
Info: project = emc_build
Info: direction = x
Info: shape = 1
Info: force field type = "cff"
Info: force field name = "pcff/pcff"
Info: force field location = "~/emc/field"
Info: build for LAMMPS script in "../build"
Info: creating LAMMPS run script "emc_build.in"
Info: adding pressure sampling
Info: creating EMC build script "build.emc"

$ /home/alexzhao/emc/bin/emc_linux_x86_64 build.emc
# exit 0
(* EMC: Enhanced Monte Carlo simulations *)

version 9.4.4, build Jul 21 2026 07:58:38, date Sat Sep 12 15:52:37 2026

valid until Jun 30, 2027

Info: script v1.0 started at Sat Sep 12 15:52:37 2026
Info: variables = {seed -> 798838, ntotal -> 3000, fshape -> 1, output ->
        "emc_build", field -> "pcff/pcff", location1 -> "~/emc/field/", nav ->
        0.6022141179, temperature -> 300, radius -> 5, nrelax -> 100, 
        weight_nonbond -> 0.0001, weight_bond -> 0.0001, weight_focus -> 1, 
        cutoff -> 9.5, charge_cutoff -> 9.5, kappa -> 4, density1 -> 0.61, 
        lprevious -> 0, lphase -> 0, f_poly -> 10, chem_repeat -> "*CCO*", 
        chem_cap -> "*[H]"}
Info: output = 
      {detail -> 3, wide -> false, expand -> false, math -> true, reduced ->
        false, info -> true, strict -> true, warning -> true, message -> true,
        debug -> false, exit -> true, ignore -> false}
Info: field = {id -> pcff, mode -> cff, style -> none, name ->
        {"~/emc/field/pcff/pcff.frc", "~/emc/field/pcff/pcff_templates.dat"}, 
        compress -> false, error -> true, debug -> false, check -> {atomistic
          -> true, charge -> true}}
Info: importing '~/emc/field/pcff/pcff.frc'
Warning: duplicate field.bond entry 40 [c:c] omitted.
Warning: duplicate field.bond entry 51 [c:h] omitted.
Warning: duplicate field.bond entry 62 [c:o_2] omitted.
Warning: duplicate field.bond entry 176 [c=:c=1] omitted.
Warning: duplicate field.bond entry 328 [c_1:o_1] omitted.
Warning: duplicate field.bond entry 364 [cp:cp] omitted.
Warning: duplicate field.bond entry 365 [cp:cp] omitted.
Warning: duplicate field.bond entry 367 [cp:h] omitted.
Warning: duplicate field.bond entry 689 [o:p] omitted.
Info: groups = {ngroups -> 2, group -> {
          {id -> repeat, chemistry -> "*CCO*", depth -> 8, charges -> field, 
            charge -> 0, terminator -> false, nconnects -> 4, connects -> {
              {source -> $end1, destination -> {index -> cap, site -> $end1}}, 
              {source -> $end1, destination -> {index -> repeat, site ->
                  $end2}}, 
              {source -> $end2, destination -> {index -> cap, site -> $end1}}, 
              {source -> $end2, destination -> {index -> repeat, site ->
                  $end1}}}}, 
          {id -> cap, chemistry -> "*[H]", depth -> 8, charges -> field, 
            charge -> 0, terminator -> false, nconnects -> 2, connects -> {
              {source -> $end1, destination -> {index -> repeat, site ->
                  $end2}}, 
              {source -> $end1, destination -> {index -> repeat, site ->
                  $end1}}}}}, ndeletes -> 0, npolymers -> 0}
Info: field = {mode -> apply, style -> none, error -> true, debug -> false, 
        check -> {atomistic -> true, charge -> true}}
Info: applying '~/emc/field/pcff/pcff.frc'
Info: variables = {lg_repeat -> 7, lg_cap -> 1, norm_poly -> 100, l_poly ->
        800, mg_repeat -> 16.04303, mg_cap -> 0, m_poly -> 1828.90542, n_poly
        -> 10, ntotal -> 0, mtotal -> 0}
Info: simulation = {units -> {permittivity -> 1, seed -> seed}, types -> {
          coulomb -> {pair -> {active -> true, cutoff -> charge_cutoff}}}}
Info: clusters = {progress -> none, nbodys -> 0, nclusters -> 0, ngrafts -> 0,
        npolymers -> 1, 
        polymer -> 
        {id -> poly, system -> main, type -> alternate, niterations -> 1000, n
          -> 10, groups -> {repeat, cap}, weights -> {1, 1}, nrepeat -> {114, 
            0}}}
      delta = {systems -> 1, bodies -> 0, clusters -> 10, sites -> 8000}
Info: field = {mode -> apply, style -> none, error -> true, debug -> false, 
        check -> {atomistic -> true, charge -> true}}
Info: applying '~/emc/field/pcff/pcff.frc'
Info: types = {cff -> {pair -> {active -> true, mode -> repulsive}}}
Info: variables = {nphase1 -> 8000, mphase1 -> 50241.2406, vphase1 ->
        136766.45409, lbox -> 51.5220572359, lphase1 -> 51.5220572359, lxx ->
        51.5220572359, lyy -> 51.5220572359, lzz -> 51.5220572359, lzy -> 0, 
        lzx -> 0, lyx -> 0, lphase -> 51.5220572359, ntotal -> 8000, mtotal ->
        50241.2406, vtotal -> 136766.45409}
Info: build = {
        system -> {id -> main, temperature -> 300, density -> 0.61, split ->
          false, flag -> {charge -> true, map -> true, pbc -> true, geometry
            -> true}, periodic -> {x -> true, y -> true, z -> true}, geometry
          -> {xx -> 51.5220572359, yy -> 51.5220572359, zz -> 51.5220572359, 
            zy -> 0, zx -> 0, yx -> 0}, deform -> {xx -> 1, yy -> 1, zz -> 1, 
            zy -> 0, zx -> 0, yx -> 0}}, 
        select -> {progress -> list, frequency -> 1, message -> nkt, center ->
          false, origin -> {x -> 0, y -> 0, z -> 0}, order -> random, check ->
          true, nclusters -> 1, cluster -> poly, 
          relax -> {ncycles -> 100, radius -> 5}, name -> "error", type ->
          xyz, compress -> false, 
          grow -> {check -> all, method -> energetic, cutoff -> 0, focus ->
            all, 
            weight -> {nonbonded -> 0.0001, bonded -> 0.0001, focus -> 1}, 
            theta -> 0, dphi -> 1, nbonded -> 20, ntrials -> 20, niterations
            -> 1000}}}
Info: building 8000 sites.

   progress/%      E[0]/nkT
---------------------------
            0             0
            1      1.503855
            2      1.859395
            3      2.243833
            4      2.136858
            5      2.392406
            6      2.411905
            7      2.399731
            8      2.477627
            9      2.454097
           10      2.447198
           11       2.46127
           12      2.555337
           13      2.530717
           14      2.540236
           15      2.502025
           16      2.558674
           17      2.642193
           18      2.638546
           19      2.644548
           20      2.653734
           21      2.626258
           22      2.633801
           23      2.676991
           24      2.701685
           25      2.648578
           26      2.655616
           27      2.663806
           28      2.678204
           29      2.696876
           30      2.703702
           31      2.690092
           32       2.69644
           33      2.691878
           34      2.710512
           35      2.719276
           36      2.706224
           37      2.717786
           38      2.715741
           39      2.750567
           40      2.736398
           41       2.73659
           42      2.749304
           43      2.754558
           44      2.756277
           45      2.758478
           46      2.782731
           47      2.843544
           48      2.861925
           49      2.864611
           50      2.881293
           51      2.899284
           52      2.890243
           53      2.892042
           54      2.900373
           55      2.938796
           56      2.955431
           57      2.951907
           58      2.956478
           59      2.955051
           60      2.977325
           61       2.99338
           62      2.987043
           63      2.995046
           64      2.992495
           65      2.983454
           66      2.993035
           67      2.970334
           68      2.973705
           69       2.96557
           70      2.954063
           71      2.958922
           72      2.963748
           73      3.001894
           74      3.015005
           75      3.016005
           76      3.036909
           77      3.014161
           78      3.035201
           79      3.019962
           80      3.060727
           81      3.121293
           82       3.12867
           83      3.119099
           84      3.126976
           85      3.118275
           86      3.136047
           87       3.14862
           88      3.201044
           89      3.213684
           90      3.225625
           91      3.269577
           92      3.252115
           93      3.265978
           94       3.25457
           95      3.272101
           96       3.29295
           97      3.296807
           98      3.357401
           99      3.378877
          100      3.385418
---------------------------
      average       2.80868

      niterations = 8000, <niterations> = 1
Info: force = {style -> none, message -> nkt}

(* Energy *)

                         E[0]/nkT 
---------------------------------
cff.angle_angle_tor    -0.3095063 
cff.angle_angle       -0.01513336 
cff.angle_torsion      -0.1851786 
cff.angle                1.808777 
cff.bond_angle        -0.03036003 
cff.bond_bond_13                0 
cff.bond_bond        0.0002915111 
cff.bond                0.5901066 
cff.end_bond_torsio  -0.007877815 
cff.improper                    0 
cff.middle_bond_tor  -0.009687697 
cff.pair                 1.543986 
cff.torsion                     0 
---------------------------------
total                    3.385418 

Info: force = {style -> init, message -> nkt}

(* Energy *)

                         E[0]/nkT 
---------------------------------
cff.angle_angle_tor    -0.3095063 
cff.angle_angle       -0.01513336 
cff.angle_torsion      -0.1851786 
cff.angle                1.808777 
cff.bond_angle        -0.03036003 
cff.bond_bond_13                0 
cff.bond_bond        0.0002915111 
cff.bond                0.5901066 
cff.end_bond_torsio  -0.007877815 
cff.improper                    0 
cff.middle_bond_tor  -0.009687697 
cff.pair                 1.543986 
cff.torsion                     0 
---------------------------------
total                    3.385418 

Info: variables = {nl_poly -> 10}
Info: put = {name -> "emc_build", compress -> true, detail -> 3}
Info: pdb = {name -> "emc_build", compress -> true, extend -> false, mode ->
        put, system -> main, length -> auto, forcefield -> cff, atomistic ->
        full, depth -> auto, charges -> false, detect -> false, atom -> index,
        residue -> index, segment -> index, rank -> false, hexadecimal ->
        false, cut -> false, pbc -> true, map -> false, unwrap -> clusters, 
        rigid -> true, fixed -> true, licorice -> false, vdw -> false, 
        connectivity -> false, crystal -> false, element -> auto, parameters
        -> false, flag -> {charge -> true, map -> true, pbc -> true, geometry
          -> true}}
Info: lammps = {name -> "emc_build", compress -> false, system -> main, mode
        -> put, length -> auto, units -> none, forcefield -> cff, shake ->
        auto, atomistic -> none, detect -> true, cutoff -> false, charges ->
        true, ewald -> true, ellipsoid -> false, sphere -> false, bonds ->
        false, types -> false, data -> true, parameters -> true, cross ->
        false, variables -> true, coefficients -> true, comment -> true, map
        -> true, unwrap -> true, flag -> {charge -> true, map -> true, pbc ->
          true, geometry -> true}}
Info: tsc: bonded = {53.37, 16.52, 8.434, 25.22, 0.1156, 0.1122} s
Info: tsc: simulation = 144 s, threads = 79.68 s
Info: tsc: thread = 75.8 s
Info: script v1.0 finished at Sat Sep 12 15:55:01 2026

Info: Thank you for using EMC v9.4.4
Info: In any publication of scientific results based in part or
Info: completely on the use of EMC, please include this reference:
Info: P.J. in 't Veld and G.C. Rutledge, Macromolecules 2003, 36, 7358

