units real
atom_style full
boundary p p p

# --- Force Field Styles ---
pair_style lj/cut 14.0
dielectric 1.000000
bond_style harmonic
angle_style harmonic
dihedral_style multi/harmonic
improper_style none
special_bonds lj 0 0 0
pair_modify mix arithmetic tail yes
neighbor 2.0 bin
neigh_modify delay 0 every 1 check yes
neigh_modify one 4000
package gpu 1 neigh yes

read_data /home/alexzhao/PolyJarvis/data/PE_3/attempts/equilibration/attempt-0001/work/npt_densify/npt_densify_out.data
Reading data file ...
  orthogonal box = (5.0758209 5.0758209 5.0758209) to (45.458921 45.458921 45.458921)
  1 by 1 by 1 MPI processor grid
  reading atoms ...
  3600 atoms
  reading velocities ...
  3600 velocities
  scanning bonds ...
  2 = max bonds/atom
  scanning angles ...
  1 = max angles/atom
  scanning dihedrals ...
  2 = max dihedrals/atom
  orthogonal box = (5.0758209 5.0758209 5.0758209) to (45.458921 45.458921 45.458921)
  1 by 1 by 1 MPI processor grid
  reading bonds ...
  3590 bonds
  reading angles ...
  3580 angles
  reading dihedrals ...
  3570 dihedrals
Finding 1-2 1-3 1-4 neighbors ...
  special bond factors lj:    0        0        0       
  special bond factors coul:  0        0        0       
     2 = max # of 1-2 neighbors
     2 = max # of 1-3 neighbors
     4 = max # of 1-4 neighbors
     6 = max # of special neighbors
  special bonds CPU = 0.001 seconds
  read_data CPU = 0.033 seconds
include /home/alexzhao/PolyJarvis/data/PE_3/attempts/build/attempt-0001/work/cell/emc_build.params
# LAMMPS parameters created by EMC v9.4.4, build Jul 21 2026 07:58:38

# Variables

variable	seed		index	962891
variable	ntotal		index	3600
variable	fshape		index	1
variable	output		index	emc_build
variable	field		index	trappe/2014/trappe-ua
variable	location1	index	~/emc/field/
variable	nav		index	0.6022141179
variable	temperature	index	300
variable	radius		index	5
variable	nrelax		index	100
variable	weight_nonbond	index	0.0001
variable	weight_bond	index	0.0001
variable	weight_focus	index	1
variable	cutoff		index	14
variable	charge_cutoff	index	14
variable	kappa		index	4
variable	density1	index	0.65
variable	lprevious	index	0
variable	lphase		index	50.5347416859
variable	f_poly		index	10
variable	chem_repeat	index	*CC*
variable	chem_cap	index	*C
variable	lg_repeat	index	2
variable	lg_cap		index	1
variable	norm_poly	index	100
variable	l_poly		index	360
variable	mg_repeat	index	28.0536
variable	mg_cap		index	15.0347
variable	m_poly		index	5051.6638
variable	n_poly		index	10
variable	mtotal		index	50516.638
variable	nphase1		index	3600
variable	mphase1		index	50516.638
variable	vphase1		index	129053.607854
variable	lbox		index	50.5347416859
variable	lphase1		index	50.5347416859
variable	lxx		index	50.5347416859
variable	lyy		index	50.5347416859
variable	lzz		index	50.5347416859
variable	lzy		index	0
variable	lzx		index	0
variable	lyx		index	0
variable	vtotal		index	129053.607854
variable	nl_poly		index	10

# Types

variable	type_c4h2	index	1
variable	type_c4h3	index	2

variable	type_bond_c4h2_c4h2 index	1
variable	type_bond_c4h2_c4h3 index	2

variable	type_angle_c4h2_c4h2_c4h2 index	1
variable	type_angle_c4h2_c4h2_c4h3 index	2

# Clusters

variable	n0_poly		index	1
variable	n1_poly		index	10
variable	nl_poly		index	10

# Flags

variable	flag_charged	index	0

# Masses

mass		1    14.02680  # c4h2
mass		2    15.03470  # c4h3

# Potentials

pair_modify	mix arithmetic tail yes
special_bonds	lj 0 0 0 coul 0 0 0.5
Finding 1-2 1-3 1-4 neighbors ...
  special bond factors lj:    0        0        0       
  special bond factors coul:  0        0        0.5     
     2 = max # of 1-2 neighbors
     2 = max # of 1-3 neighbors
     4 = max # of 1-4 neighbors
     6 = max # of special neighbors
  special bonds CPU = 0.001 seconds

# Pair Coeffs

pair_coeff	1 1    0.09141    3.95000  # c4h2,c4h2
pair_coeff	2 2    0.19475    3.75000  # c4h3,c4h3

# Bond Coeffs

bond_coeff	1  260.00013    1.54000  # c4h2,c4h2
bond_coeff	2  260.00013    1.54000  # c4h2,c4h3

# Angle Coeffs

angle_coeff	1   62.10020  114.00000  # c4h2,c4h2,c4h2
angle_coeff	2   62.10020  114.00000  # c4h2,c4h2,c4h3

# Dihedral Coeffs

dihedral_coeff	1    2.00702   -4.01203    0.27102    6.29006    0.00000  # c4h2,c4h2,c4h2,c4h2
dihedral_coeff	2    2.00702   -4.01203    0.27102    6.29006    0.00000  # c4h2,c4h2,c4h2,c4h3


# --- Thermo Output ---
thermo_style custom step time temp press enthalpy etotal ke pe ebond eangle edihed eimp evdwl ecoul elong etail vol lx ly lz density pxx pyy pzz
thermo_modify flush yes
thermo 1000

# --- Trajectory ---
dump dump_npt all custom 1000 npt_ff_activate.dump id type mol x y z ix iy iz vx vy vz


# --- Restart Checkpointing ---
restart 10000 npt_1.rst npt_2.rst

# --- Initial Velocities (optional) ---
# Velocities read from data file

# --- SHAKE Constraints ---
# SHAKE disabled (TraPPE-UA united-atom)

# --- NPT Thermostat + Barostat (Nose-Hoover) ---
# T_damp = 100.0 fs  (heat bath coupling)
# P_damp = 1000.0 fs  (pressure bath coupling, ~10x T_damp typical)
# Ramp: T=300.0->300.0K  P=50000.0->1.0atm
timestep 2.0
fix npt_fix all npt temp 300.0 300.0 100.0 iso 50000.0 1.0 1000.0

run 50000

CITE-CITE-CITE-CITE-CITE-CITE-CITE-CITE-CITE-CITE-CITE-CITE-CITE

Your simulation uses code contributions which should be cited:

- GPU package (short-range, long-range and three-body potentials): doi:10.1016/j.cpc.2010.12.021, doi:10.1016/j.cpc.2011.10.012, doi:10.1016/j.cpc.2013.08.002, doi:10.1016/j.commatsci.2014.10.068, doi:10.1016/j.cpc.2016.10.020, doi:10.3233/APC200086

@Article{Brown11,
 author = {W. M. Brown and P. Wang and S. J. Plimpton and A. N. Tharrington},
 title = {Implementing Molecular Dynamics on Hybrid High Performance Computers---Short Range Forces},
 journal = {Comput.\ Phys.\ Commun.},
 year =    2011,
 volume =  182,
 pages =   {898--911},
 doi =     {10.1016/j.cpc.2010.12.021}
}

@Article{Brown12,
 author = {W. M. Brown and A. Kohlmeyer and S. J. Plimpton and A. N. Tharrington},
 title = {Implementing Molecular Dynamics on Hybrid High Performance Computers - Particle-Particle Particle-Mesh},
 journal = {Comput.\ Phys.\ Commun.},
 year =    2012,
 volume =  183,
 doi =     {10.1016/j.cpc.2011.10.012},
 pages =   {449--459}
}

@Article{Brown13,
 author = {W. M. Brown and Y. Masako},
 title = {Implementing Molecular Dynamics on Hybrid High Performance Computers---Three-Body Potentials},
 journal = {Comput.\ Phys.\ Commun.},
 year =    2013,
 volume =  184,
 pages =   {2785--2793},
 doi =     {10.1016/j.cpc.2013.08.002},
}

@Article{Trung15,
 author = {T. D. Nguyen and S. J. Plimpton},
 title = {Accelerating Dissipative Particle Dynamics Simulations for Soft Matter Systems},
 journal = {Comput.\ Mater.\ Sci.},
 year =    2015,
 doi =     {10.1016/j.commatsci.2014.10.068},
 volume =  100,
 pages =   {173--180}
}

@Article{Trung17,
 author = {T. D. Nguyen},
 title = {{GPU}-Accelerated {T}ersoff Potentials for Massively Parallel
    Molecular Dynamics Simulations},
 journal = {Comput.\ Phys.\ Commun.},
 year =    2017,
 doi =     {10.1016/j.cpc.2016.10.020},
 volume =  212,
 pages =   {113--122}
}

@inproceedings{Nikolskiy19,
 author = {V. Nikolskiy and V. Stegailov},
 title = {{GPU} Acceleration of Four-Site Water Models in {LAMMPS}},
 booktitle = {Proceedings of the International Conference on Parallel
    Computing (ParCo 2019), Prague, Czech Republic},
 doi =     {10.3233/APC200086},
 year =    2019
}

CITE-CITE-CITE-CITE-CITE-CITE-CITE-CITE-CITE-CITE-CITE-CITE-CITE

Generated 1 of 1 mixed pair_coeff terms from arithmetic mixing rule
Per MPI rank memory allocation (min/avg/max) = 15.02 | 15.02 | 15.02 Mbytes
   Step          Time           Temp          Press         Enthalpy        TotEng         KinEng         PotEng         E_bond        E_angle        E_dihed        E_impro         E_vdwl         E_coul         E_long         E_tail         Volume           Lx             Ly             Lz          Density          Pxx            Pyy            Pzz      
         0   0              296.83764      49502.943      54907.335      7362.2243      3184.455       4177.7693      1460.9148      1489.919       2879.7898      0             -1652.8544      0              0             -209.14935      65856.548      40.3831        40.3831        40.3831        1.273751       49287.131      50130.015      49091.682    
      1000   2000           300.20817      49920.233      55370.622      7367.7641      3220.6138      4147.1503      1495.9587      1512.6555      2828.4254      0             -1689.8894      0              0             -208.90117      65934.785      40.399085      40.399085      40.399085      1.2722396      50001.342      49476.845      50282.513    
      2000   4000           300.22319      47844.752      53437.406      7255.0955      3220.7749      4034.3206      1439.6354      1464.202       2860.5022      0             -1730.019       0              0             -208.1086       66185.896      40.450307      40.450307      40.450307      1.2674127      48489.617      47468.069      47576.572    
      3000   6000           300.04339      47834.516      53413.295      7220.6833      3218.8461      4001.8371      1488.4533      1450.6857      2883.9612      0             -1821.263       0              0             -208.01767      66214.827      40.4562        40.4562        40.4562        1.2668589      47709.834      48223.323      47570.39     
      4000   8000           292.03086      45472.84       51128.82       6987.8845      3132.8882      3854.9963      1481.7721      1500.9238      2824.2278      0             -1951.9273      0              0             -206.93879      66560.039      40.526384      40.526384      40.526384      1.2602884      45982.192      45125.78       45310.548    
      5000   10000          294.20303      44008.698      49596.959      6705.2163      3156.1911      3549.0252      1439.7613      1456.7177      2789.574       0             -2137.0279      0              0             -206.10863      66828.127      40.580721      40.580721      40.580721      1.2552326      44742.077      43748.48       43535.535    
      6000   12000          298.05555      44632.259      50367.186      6841.527       3197.5206      3644.0064      1443.1866      1492.8785      2822.1755      0             -2114.2342      0              0             -205.98466      66868.349      40.588861      40.588861      40.588861      1.2544776      44269.192      43966.924      45660.66     
      7000   14000          300.69552      43137.635      48838.746      6626.976       3225.8421      3401.134       1408.9639      1447.0813      2772.7538      0             -2227.665       0              0             -205.28354      67096.729      40.635017      40.635017      40.635017      1.2502076      44331.558      43427.235      41654.11     
      8000   16000          295.94876      42200.117      47917.51       6498.8329      3174.9192      3323.9137      1418.9649      1408.0353      2720.0709      0             -2223.1574      0              0             -204.66746      67298.7        40.675749      40.675749      40.675749      1.2464556      41727.385      42254.482      42618.484    
      9000   18000          298.55734      41036.432      46950.68       6563.6257      3202.9038      3360.7218      1417.4277      1429.5705      2778.8074      0             -2265.0838      0              0             -204.10741      67483.359      40.712918      40.712918      40.712918      1.2430449      40615.369      40415.13       42078.797    
     10000   20000          297.60067      41160.054      46973.071      6367.747       3192.6407      3175.1063      1408.0304      1403.6257      2760.2673      0             -2396.8171      0              0             -203.62182      67644.292      40.745256      40.745256      40.745256      1.2400875      41260.991      41241.73       40977.439    
     11000   22000          301.30412      39627.568      45599.317      6260.4668      3232.3712      3028.0956      1402.188       1387.1453      2780.0194      0             -2541.257       0              0             -202.35182      68068.842      40.83032       40.83032       40.83032       1.232353       39779.678      40462.717      38640.307    
     12000   24000          302.55468      37408.848      43318.718      6148.3846      3245.7871      2902.5975      1335.3718      1398.6052      2766.4829      0             -2597.8624      0              0             -202.16652      68131.231      40.842791      40.842791      40.842791      1.2312245      38948.957      37160.618      36116.968    
     13000   26000          296.00082      36958.697      42776.356      5938.02        3175.4777      2762.5423      1327.7179      1339.798       2731.4414      0             -2636.415       0              0             -201.53386      68345.112      40.885485      40.885485      40.885485      1.2273715      37481.671      37235.039      36159.38     
     14000   28000          294.14261      36520.541      42434.275      5954.0186      3155.5429      2798.4756      1407.9297      1318.2594      2756.5438      0             -2684.2574      0              0             -201.09936      68492.779      40.91491       40.91491       40.91491       1.2247254      37268.023      36314.012      35979.588    
     15000   30000          305.78036      34020.936      40044.633      5800.6345      3280.3919      2520.2426      1336.7339      1324.2444      2716.6983      0             -2857.434       0              0             -199.56903      69017.993      41.019224      41.019224      41.019224      1.2154054      35274.775      33711.329      33076.704    
     16000   32000          303.6341       34882.384      40878.19       5816.2527      3257.367       2558.8857      1350.772       1353.5332      2727.6344      0             -2873.0537      0              0             -199.84884      68921.362      41.000072      41.000072      41.000072      1.2171095      35525.648      35719.845      33401.66     
     17000   34000          303.01478      32024.777      38007.926      5564.0305      3250.7229      2313.3075      1269.7478      1339.2148      2705.3382      0             -3000.9934      0              0             -198.28254      69465.792      41.107746      41.107746      41.107746      1.2075705      32425.112      31567.604      32081.615    
     18000   36000          292.69814      32036.23       37884.322      5362.6264      3140.0467      2222.5797      1267.8935      1311.3575      2689.2027      0             -3045.874       0              0             -197.87894      69607.477      41.135675      41.135675      41.135675      1.2051125      31655.911      32184.013      32268.766    
     19000   38000          301.2591       31103.875      37018.822      5333.0538      3231.8881      2101.1656      1279.7588      1247.6171      2715.9366      0             -3142.1469      0              0             -197.18852      69851.197      41.183629      41.183629      41.183629      1.2009077      31180.277      30765.461      31365.888    
     20000   40000          290.92429      29814.388      35660.495      5150.0874      3121.0169      2029.0704      1252.1005      1340.1125      2663.8262      0             -3226.9687      0              0             -196.29501      70169.151      41.246022      41.246022      41.246022      1.1954661      30346.16       29571.076      29525.928    
     21000   42000          310.72134      28643.836      34742.512      5317.9675      3333.3985      1984.5691      1271.8075      1268.5446      2702.3367      0             -3258.1197      0              0             -195.54773      70437.298      41.298495      41.298495      41.298495      1.1909151      29576.846      28694.588      27660.074    
     22000   44000          297.26773      27807.091      33791.382      5159.0854      3189.069       1970.0164      1303.6546      1284.7969      2650.6873      0             -3269.1224      0              0             -195.08808      70603.258      41.330905      41.330905      41.330905      1.1881158      27820.681      28659.264      26941.328    
     23000   46000          301.67086      27718.109      33732.483      5099.6009      3236.3055      1863.2954      1322.747       1333.3162      2638.7736      0             -3431.5415      0              0             -194.45983      70831.359      41.375367      41.375367      41.375367      1.1842896      29225.269      27029.016      26900.042    
     24000   48000          302.98833      25680.942      31636.56       4921.5123      3250.4392      1671.073       1285.9532      1280.4479      2629.411       0             -3524.7391      0              0             -193.10182      71329.489      41.472133      41.472133      41.472133      1.1760191      25323.64       26274.206      25444.981    
     25000   50000          308.10692      23059.758      28952.072      4828.6078      3305.3511      1523.2566      1224.2337      1231.5129      2619.9944      0             -3552.4843      0              0             -192.01998      71731.358      41.549871      41.549871      41.549871      1.1694306      23437.538      23367.045      22374.691    
     26000   52000          299.40553      24338.056      30212.048      4658.8356      3212.0032      1446.8324      1264.2119      1227.1717      2615.0531      0             -3659.6042      0              0             -191.32501      71991.916      41.600119      41.600119      41.600119      1.1651981      23990.705      24470.794      24552.669    
     27000   54000          303.93011      23167.572      28985.183      4545.1567      3260.5426      1284.6141      1190.4937      1224.8956      2587.5387      0             -3718.314       0              0             -190.41897      72334.465      41.665995      41.665995      41.665995      1.1596802      23987.76       23206.106      22308.849    
     28000   56000          290.37782      20874.585      26458.541      4312.7828      3115.1545      1197.6283      1161.2147      1236.4709      2555.233       0             -3755.2902      0              0             -189.3471       72743.94       41.744469      41.744469      41.744469      1.1531523      21367.997      19722.881      21532.876    
     29000   58000          299.1901       20811.115      26544.805      4371.0827      3209.692       1161.3907      1185.2731      1229.3063      2566.0676      0             -3819.2564      0              0             -188.53331      73057.933      41.804445      41.804445      41.804445      1.1481962      21444.146      20528.083      20461.115    
     30000   60000          296.12056      20601.269      26303.197      4224.5482      3176.7622      1047.786       1201.7749      1193.3415      2596.4728      0             -3943.8032      0              0             -187.43593      73485.665      41.88587       41.88587       41.88587       1.141513       20990.471      19925.093      20888.243    
     31000   62000          302.44982      19352.864      25087.544      4213.5462      3244.6621      968.88407      1237.2197      1177.7489      2524.2779      0             -3970.3625      0              0             -186.23915      73957.888      41.975399      41.975399      41.975399      1.1342244      18876.134      19396.396      19786.061    
     32000   64000          308.0588       18023.937      23677.404      4149.1649      3304.8349      844.33003      1214.9417      1159.4565      2507.7771      0             -4037.8453      0              0             -185.4035       74291.23       42.038368      42.038368      42.038368      1.1291352      17653.695      18312.647      18105.468    
     33000   66000          297.99655      16569.865      22065.849      3982.085       3196.8877      785.19732      1204.6556      1158.4487      2518.5621      0             -4096.4691      0              0             -184.06088      74833.141      42.140336      42.140336      42.140336      1.1209585      16525.192      16651.608      16532.796    
     34000   68000          300.71788      16335.32       21863.647      3912.6037      3226.082       686.52173      1193.9893      1172.2007      2512.7217      0             -4192.3901      0              0             -182.79711      75350.501      42.237225      42.237225      42.237225      1.1132619      15546.945      17132.28       16326.735    
     35000   70000          298.47398      13830.901      19169.236      3880.613       3202.0095      678.60344      1182.1181      1167.0276      2536.5554      0             -4207.0978      0              0             -181.72449      75795.256      42.320164      42.320164      42.320164      1.1067295      13337.372      15030.637      13124.692    
     36000   72000          303.27511      14176.935      19506.515      3772.0653      3253.5158      518.54957      1180.8978      1132.0655      2444.7332      0             -4239.1469      0              0             -180.99316      76101.516      42.377087      42.377087      42.377087      1.1022756      14722.833      13148.199      14659.774    
     37000   74000          294.47583      13308.202      18574.449      3660.0347      3159.1177      500.91697      1154.7052      1157.3423      2456.7675      0             -4267.898       0              0             -179.24396      76844.175      42.514491      42.514491      42.514491      1.0916227      13935.777      12880.619      13108.209    
     38000   76000          303.25911      12454.306      17706.114      3639.7545      3253.3442      386.4103       1205.8635      1108.1697      2457.5566      0             -4385.1796      0              0             -177.85627      77443.736      42.624775      42.624775      42.624775      1.0831714      12698.501      12037.315      12627.102    
     39000   78000          294.77237      10680.747      15589.353      3374.034       3162.299       211.73503      1157.487       1078.3755      2427.6213      0             -4451.7488      0              0             -175.64191      78420.088      42.803154      42.803154      42.803154      1.0696857      10853.807      11133.341      10055.092    
     40000   80000          298.66592      9486.6118      14328.347      3454.4432      3204.0687      250.37442      1147.5425      1112.9735      2430.2262      0             -4440.3677      0              0             -175.2496       78595.639      42.83507       42.83507       42.83507       1.0672964      10118.773      9137.406       9203.6562    
     41000   82000          308.0238       8195.176       12973.316      3444.5708      3304.4594      140.11134      1153.2104      1116.0247      2368.8294      0             -4497.9532      0              0             -172.76428      79726.285      43.039496      43.039496      43.039496      1.0521604      8499.8449      8110.5428      7975.1404    
     42000   84000          295.69678      8376.0008      13065.409      3231.4269      3172.216       59.210891      1142.3875      1102.412       2371.3913      0             -4556.9799      0              0             -171.09553      80503.881      43.178969      43.178969      43.178969      1.0419975      8889.3074      8414.5153      7824.1797    
     43000   86000          296.50458      7480.9003      12086.37       3245.2733      3180.882       64.391355      1181.202       1110.4348      2341.5725      0             -4568.8179      0              0             -169.97267      81035.697      43.273842      43.273842      43.273842      1.0351592      7896.4347      7446.9791      7099.2871    
     44000   88000          297.56961      5150.2945      9428.0573      3230.835       3192.3075      38.527433      1178.6756      1108.763       2370.4704      0             -4619.3816      0              0             -166.94228      82506.682      43.534114      43.534114      43.534114      1.0167036      5433.5497      5223.7728      4793.561     
     45000   90000          301.40365      4863.24        9173.2906      3247.8204      3233.4389      14.381495      1204.0051      1072.8193      2334.5872      0             -4597.0301      0              0             -164.86719      83545.147      43.715999      43.715999      43.715999      1.004066       4919.0275      4471.9702      5198.7223    
     46000   92000          301.13983      3933.2401      8014.0111      3151.2078      3230.6087     -79.400843      1133.1306      1105.9181      2312.5215      0             -4630.971       0              0             -162.47821      84773.545      43.929216      43.929216      43.929216      0.98951676     4583.9431      3427.7714      3788.0059    
     47000   94000          302.64831      3431.8081      7384.3619      3072.4636      3246.7915     -174.32795      1124.0789      1050.083       2286.2305      0             -4634.7203      0              0             -159.87695      86152.844      44.166183      44.166183      44.166183      0.97367469     3126.5447      3443.4327      3725.447     
     48000   96000          294.33221      2041.0659      5639.0584      3004.7991      3157.577      -152.77786      1147.8926      1082.5051      2210.1738      0             -4593.3494      0              0             -155.6431       88496.402      44.563081      44.563081      44.563081      0.94788987     1908.8104      1812.7271      2401.6602    
     49000   98000          301.45841      1568.8966      5224.0557      3164.3341      3234.0264     -69.6923        1176.1831      1064.8002      2245.7141      0             -4556.3898      0              0             -153.00906      90019.859      44.817343      44.817343      44.817343      0.9318482      1445.3352      959.04398      2302.3106    
     50000   100000         300.44216     -541.80046      2484.9372      3224.0827      3223.1241      0.9585543      1169.0642      1100.2717      2188.6911      0             -4457.0684      0              0             -147.24509      93543.723      45.394672      45.394672      45.394672      0.89674476    -842.68867     -809.21666      26.503958    
Loop time of 26.6556 on 1 procs for 50000 steps with 3600 atoms

Performance: 324.134 ns/day, 0.074 hours/ns, 1875.778 timesteps/s, 6.753 Matom-step/s
98.4% CPU use with 1 MPI tasks x 1 OpenMP threads

MPI task timing breakdown:
Section |  min time  |  avg time  |  max time  |%varavg| %total
---------------------------------------------------------------
Pair    | 3.0076     | 3.0076     | 3.0076     |   0.0 | 11.28
Bond    | 18.099     | 18.099     | 18.099     |   0.0 | 67.90
Neigh   | 0.0039449  | 0.0039449  | 0.0039449  |   0.0 |  0.01
Comm    | 2.0791     | 2.0791     | 2.0791     |   0.0 |  7.80
Output  | 0.23222    | 0.23222    | 0.23222    |   0.0 |  0.87
Modify  | 2.7326     | 2.7326     | 2.7326     |   0.0 | 10.25
Other   |            | 0.5011     |            |       |  1.88

Nlocal:           3600 ave        3600 max        3600 min
Histogram: 1 0 0 0 0 0 0 0 0 0
Nghost:          14345 ave       14345 max       14345 min
Histogram: 1 0 0 0 0 0 0 0 0 0
Neighs:              0 ave           0 max           0 min
Histogram: 1 0 0 0 0 0 0 0 0 0

Total # of neighbors = 0
Ave neighs/atom = 0
Ave special neighs/atom = 5.9666667
Neighbor list builds = 1130
Dangerous builds = 0

# --- Cleanup ---
unfix npt_fix

undump dump_npt

# --- Write Output ---
write_dump all custom npt_ff_activate_last.dump id type mol x y z xu yu zu vx vy vz modify sort id
write_data /home/alexzhao/PolyJarvis/data/PE_3/attempts/equilibration/attempt-0001/work/npt_ff_activate/npt_ff_activate_out.data
System init for write_data ...
Generated 1 of 1 mixed pair_coeff terms from arithmetic mixing rule
write_restart /home/alexzhao/PolyJarvis/data/PE_3/attempts/equilibration/attempt-0001/work/npt_ff_activate/npt_ff_activate_out.restart
System init for write_restart ...
Generated 1 of 1 mixed pair_coeff terms from arithmetic mixing rule

print "STAGE COMPLETE: NPT T=300.0->300.0K P=50000.0->1.0atm steps=50000"
STAGE COMPLETE: NPT T=300.0->300.0K P=50000.0->1.0atm steps=50000
quit
