units real
atom_style full
boundary p p p

# --- Force Field Styles ---
pair_style lj/cut/coul/long 9.5 9.5
kspace_style pppm 1e-6
dielectric 1.000000
bond_style harmonic
angle_style harmonic
dihedral_style multi/harmonic
improper_style none
special_bonds lj/coul 0 0 0.5
pair_modify mix geometric tail yes
neighbor 2.0 bin
neigh_modify delay 0 every 1 check yes
neigh_modify one 4000
# KOKKOS: package loaded via -pk kokkos on the command line

read_data /home/arz2/PolyJarvis_v2/data/PTFE_AI/attempts/cooling/attempt-0001/work/cool_block_11/cool_block_11_out.data
Reading data file ...
  orthogonal box = (4.9877462 4.9877462 4.9877462) to (40.373847 40.373847 40.373847)
  1 by 1 by 1 MPI processor grid
  reading atoms ...
  3020 atoms
  reading velocities ...
  3020 velocities
  scanning bonds ...
  4 = max bonds/atom
  scanning angles ...
  12 = max angles/atom
  scanning dihedrals ...
  24 = max dihedrals/atom
  orthogonal box = (4.9877462 4.9877462 4.9877462) to (40.373847 40.373847 40.373847)
  1 by 1 by 1 MPI processor grid
  reading bonds ...
  3010 bonds
  reading angles ...
  6000 angles
  reading dihedrals ...
  8910 dihedrals
Finding 1-2 1-3 1-4 neighbors ...
  special bond factors lj:    0        0        0.5     
  special bond factors coul:  0        0        0.5     
     4 = max # of 1-2 neighbors
     6 = max # of 1-3 neighbors
    12 = max # of 1-4 neighbors
    16 = max # of special neighbors
  special bonds CPU = 0.004 seconds
  read_data CPU = 0.078 seconds


# --- Thermo Output ---
thermo_style custom step time temp press enthalpy etotal ke pe ebond eangle edihed eimp evdwl ecoul elong etail vol lx ly lz density pxx pyy pzz
thermo_modify flush yes
thermo 1000

# --- Trajectory ---
dump dump_npt all custom 1000 cool_block_12.dump id type mol x y z ix iy iz vx vy vz


# --- Restart Checkpointing ---
restart 10000 npt_1.rst npt_2.rst

# --- Initial Velocities (optional) ---
# Velocities read from data file

# --- SHAKE Constraints ---
# SHAKE disabled

# --- NPT Thermostat + Barostat (Nose-Hoover) ---
# T_damp = 100.0 fs  (heat bath coupling)
# P_damp = 1000.0 fs  (pressure bath coupling, ~10x T_damp typical)
# Ramp: T=425.0->400.0K  P=1.0->1.0atm
timestep 1.0
fix npt_fix all npt temp 425.0 400.0 100.0 iso 1.0 1.0 1000.0

run 250000
PPPM Kokkos initialization ...
  using 12-bit tables for long-range coulomb
  G vector (1/distance) = 0.32886816
  grid = 36 36 36
  stencil order = 5
  estimated absolute RMS force accuracy = 0.00037769508
  estimated relative force accuracy = 1.1374175e-06
  using double precision cuFFT
  3d grid and FFT values/proc = 79507 46656
Generated 3 of 3 mixed pair_coeff terms from geometric mixing rule
Neighbor list info ...
  update: every = 1 steps, delay = 0 steps, check = yes
  max neighbors/atom: 4000, page size: 100000
  master list distance cutoff = 11.5
  ghost atom cutoff = 11.5
  binsize = 11.5, bins = 4 4 4
  1 neighbor lists, perpetual/occasional/extra = 1 0 0
  (1) pair lj/cut/coul/long/kk, perpetual
      attributes: full, newton off, kokkos_device
      pair build: full/bin/kk/device
      stencil: full/bin/3d
      bin: kk/device
Per MPI rank memory allocation (min/avg/max) = 25.93 | 25.93 | 25.93 Mbytes
   Step          Time           Temp          Press         Enthalpy        TotEng         KinEng         PotEng         E_bond        E_angle        E_dihed        E_impro         E_vdwl         E_coul         E_long         E_tail         Volume           Lx             Ly             Lz          Density          Pxx            Pyy            Pzz      
         0   0              427.11484      149.58465      4793.7667      4697.1035      3843.6344      853.4691       1583.716       2735.9258     -4388.301       0              328.56254      15061.563     -14467.997     -122.98355      44309.63       35.386101      35.386101      35.386101      1.8748079      1214.144       1240.184      -2005.574     
      1000   1000           420.77185     -240.00103      4385.0489      4543.9524      3786.5535      757.39895      1564.5762      2696.2721     -4400.9064      0              316.75456      15010.305     -14429.603     -120.03299      45398.817      35.673702      35.673702      35.673702      1.8298284     -1065.5042     -612.65893      958.16001    
      2000   2000           416.57862      1432.455       5616.2818      4675.6461      3748.8183      926.82785      1615.5325      2749.2697     -4398.9317      0              357.78907      15055.607     -14452.438     -121.02653      45026.125      35.575815      35.575815      35.575815      1.8449743      1813.9751      1921.5683      561.82159    
      3000   3000           421.15064      1521.2839      5739.9835      4731.3196      3789.9622      941.35737      1591.5922      2767.4367     -4388.7563      0              374.68521      15038.174     -14441.774     -119.86291      45463.234      35.690567      35.690567      35.690567      1.8272357      1491.8193      2816.8451      255.18733    
      4000   4000           415.27235     -8.7920058      4538.9644      4544.7377      3737.0631      807.67461      1547.1983      2765.7956     -4395.0261      0              301.66193      15035.491     -14447.446     -121.0277       45025.689      35.5757        35.5757        35.5757        1.8449921      1365.1555     -1484.8128      93.281224    
      5000   5000           424.88256     -1518.2966      3744.5297      4744.4824      3823.546       920.93637      1644.7379      2765.8261     -4397.575       0              301.32722      15053.489     -14446.869     -120.6697       45159.269      35.610847      35.610847      35.610847      1.8395347     -3096.0215     -831.90669     -626.96177    
      6000   6000           418.13315      552.04311      4878.7153      4519.3124      3762.8077      756.5047       1575.0926      2662.559      -4408.1148      0              339.23357      15041.603     -14453.868     -122.07096      44640.883      35.474062      35.474062      35.474062      1.860896       382.84603      1096.9162      176.36713    
      7000   7000           424.52153      961.48094      5337.7831      4707.468       3820.2971      887.17088      1576.724       2758.6263     -4379.0195      0              330.84602      15053.166     -14453.172     -121.2283       44951.184      35.556067      35.556067      35.556067      1.8480502      171.36403      1816.4416      896.63713    
      8000   8000           428.03332      512.24294      4903.2549      4571.3947      3851.8999      719.49483      1531.0556      2703.3574     -4391.4171      0              290.20643      15046.809     -14460.517     -122.671        44422.527      35.416129      35.416129      35.416129      1.8700432     -508.44142      2574.5355     -529.36531    
      9000   9000           430.77244      1681.7435      5850.8461      4755.9227      3876.5494      879.37322      1594.578       2775.7921     -4391.7404      0              301.14683      15064.292     -14464.696     -122.06666      44642.458      35.47448       35.47448       35.47448       1.8608304      1359.5179      1086.4016      2599.311     
     10000   10000          425.36681      530.26255      5050.0121      4700.5434      3827.9038      872.6396       1608.9783      2710.5494     -4380.8536      0              349.88555      15026.275     -14442.195     -120.5879       45189.904      35.618898      35.618898      35.618898      1.8382877     -241.00683      376.84795      1454.9465    
     11000   11000          424.82804     -1206.7408      3879.6203      4674.4906      3823.0554      851.43526      1633.0484      2687.2551     -4387.6811      0              322.36729      15045.277     -14448.832     -120.65317      45165.457      35.612473      35.612473      35.612473      1.8392827     -2518.7672     -128.40852     -973.04667    
     12000   12000          422.63378     -396.82777      4452.9877      4711.0323      3803.3091      907.72319      1634.7721      2733.1399     -4385.6165      0              327.33412      15069.052     -14470.958     -122.21605      44587.889      35.46002       35.46002       35.46002       1.8631078      455.41919      463.74771     -2109.6502    
     13000   13000          418.32044      962.72361      5118.9802      4498.669       3764.4931      734.17589      1567.1577      2684.595      -4397.0929      0              301.61039      15038.932     -14461.026     -123.34258      44180.65       35.351732      35.351732      35.351732      1.8802811      286.23742      1307.0383      1294.8951    
     14000   14000          422.24034      1271.3216      5503.676       4672.2686      3799.7685      872.50013      1602.4472      2763.355      -4390.7259      0              311.75251      15029.632     -14443.96      -121.52415      44841.751      35.52719       35.52719       35.52719       1.8525602      1920.3968      702.81384      1190.7541    
     15000   15000          423.4718      -1145.6792      3791.8421      4544.1336      3810.8505      733.28312      1583.1248      2671.3281     -4397.4076      0              290.26072      15028.989     -14443.012     -121.03135      45024.331      35.575343      35.575343      35.575343      1.8450478     -257.2784      -2397.6122     -782.14697    
     16000   16000          413.62399     -868.32746      4075.5864      4644.8761      3722.2294      922.64674      1682.2835      2705.6819     -4376.2423      0              322.36709      15038.018     -14449.462     -121.21916      44954.575      35.556961      35.556961      35.556961      1.8479108     -297.96591      45.857897     -2352.8744    
     17000   17000          428.56655      325.97111      4869.4357      4656.1443      3856.6984      799.44589      1579.3125      2652.9742     -4389.59        0              371.8773       15037.43      -14452.559     -121.45821      44866.095      35.533618      35.533618      35.533618      1.851555      -859.18327      1840.8197     -3.723131     
     18000   18000          426.24772     -679.39836      4227.4748      4676.0097      3835.8312      840.17847      1612.5269      2725.4344     -4379.797       0              290.31501      15032.683     -14440.984     -120.37862      45268.468      35.639527      35.639527      35.639527      1.8350973     -2202.4438     -1142.2549      1306.5036    
     19000   19000          418.40085     -892.99307      4072.4249      4651.5285      3765.2167      886.31177      1607.1342      2774.7092     -4389.5622      0              288.25582      15059.372     -14453.598     -122.54989      44466.426      35.427791      35.427791      35.427791      1.868197      -2169.186      -135.15874     -374.63443    
     20000   20000          415.10823     -439.75889      4381.7735      4667.5954      3735.5862      932.00927      1672.6425      2779.7051     -4371.603       0              264.96979      15040.795     -14454.5       -122.27569      44566.141      35.454253      35.454253      35.454253      1.864017      -1434.4196      697.06491     -581.92195    
     21000   21000          431.26536      1374.6809      5620.9518      4727.4439      3880.9852      846.45867      1629.0419      2681.1197     -4396.2203      0              335.85973      15048.205     -14451.547     -122.2713       44567.74       35.454677      35.454677      35.454677      1.8639501      1106.1476      621.34353      2396.5517    
     22000   22000          436.43194      346.88929      5133.4593      4903.7205      3927.4797      976.24086      1664.0981      2723.0428     -4366.7498      0              351.62382      15056.504     -14452.278     -119.99899      45411.68       35.677071      35.677071      35.677071      1.8293101      2000.4565     -93.11528      -866.67336    
     23000   23000          418.48993     -173.36402      4471.5959      4584.8189      3766.0183      818.80054      1565.8722      2719.2503     -4389.1085      0              350.60489      15017.524     -14445.342     -121.68739      44781.595      35.511296      35.511296      35.511296      1.8550488      1390.7473     -967.53401     -943.30537    
     24000   24000          428.28737     -259.29983      4624.4089      4793.9144      3854.1861      939.72828      1639.2928      2775.4354     -4394.0934      0              305.73639      15065.457     -14452.1       -121.57369      44823.478      35.522363      35.522363      35.522363      1.8533154      918.01273      511.33765     -2207.2499    
     25000   25000          423.58046      1207.8578      5504.0688      4718.7329      3811.8283      906.90458      1646.4283      2688.4078     -4384.8614      0              361.94881      15051.954     -14456.973     -122.23101      44582.431      35.458573      35.458573      35.458573      1.8633359      1194.6292     -276.14261      2705.0869    
     26000   26000          434.25379      1407.3403      5559.9423      4652.6466      3907.8783      744.76829      1568.8361      2680.1629     -4403.9534      0              305.10703      15052.287     -14457.671     -123.27395      44205.25       35.358292      35.358292      35.358292      1.8792348      743.50209      2572.4918      906.02691    
     27000   27000          422.06536     -666.87912      4314.9914      4751.8456      3798.1939      953.65176      1657.0492      2743.6923     -4391.1046      0              343.33677      15045.448     -14444.77      -121.31979      44917.287      35.547127      35.547127      35.547127      1.8494448     -228.36162     -868.70427     -903.57147    
     28000   28000          415.34219      1285.5375      5383.4879      4546.6027      3737.6916      808.91107      1507.3623      2733.5418     -4372.3187      0              346.48063      15055.513     -14461.668     -122.0787       44638.055      35.473313      35.473313      35.473313      1.861014       1621.8485      1223.2568      1011.5072    
     29000   29000          425.81939      702.42041      5162.0538      4702.1621      3831.9766      870.18557      1584.0367      2776.7098     -4389.5575      0              308.02244      15036.65      -14445.676     -121.38433      44893.404      35.540826      35.540826      35.540826      1.8504287      1673.6469      1713.0173     -1279.403     
     30000   30000          416.95484      682.70019      4965.5028      4516.8437      3752.2039      764.63972      1574.7004      2639.3232     -4381.5657      0              340.08592      15042.117     -14450.021     -120.93014      45062.015      35.585265      35.585265      35.585265      1.8435048      589.91538      1990.0599     -531.87469    
     31000   31000          431.03709      1855.0742      5941.6939      4720.8167      3878.931       841.88568      1588.8606      2699.6356     -4373.0074      0              330.95704      15046.515     -14451.075     -120.75645      45126.827      35.602317      35.602317      35.602317      1.8408572      63.424175      4045.6057      1456.1929    
     32000   32000          419.75894     -1458.1731      3535.8067      4481.29        3777.4382      703.85178      1593.6455      2625.9748     -4390.0818      0              280.87543      15050.295     -14456.857     -122.56776      44459.941      35.426069      35.426069      35.426069      1.8684695      136.29286     -3218.9219     -1291.8903    
     33000   33000          420.91065     -280.21172      4498.0341      4684.6016      3787.8025      896.79911      1571.5325      2780.8824     -4402.2085      0              367.39248      15010.933     -14431.733     -119.36342      45653.48       35.740281      35.740281      35.740281      1.8196213      264.16144     -942.00608     -162.79052    
     34000   34000          414.9705      -1050.158       3786.072       4472.6175      3734.3467      738.27078      1575.8519      2652.5077     -4403.6906      0              328.85669      15031.993     -14447.248     -121.56439      44826.909      35.523269      35.523269      35.523269      1.8531736     -2167.2079     -2109.1635      1125.8975    
     35000   35000          420.24034     -358.0245       4393.8797      4628.6659      3781.7703      846.89558      1553.846       2822.2169     -4409.7607      0              274.66843      15057.508     -14451.583     -121.18842      44965.975      35.559966      35.559966      35.559966      1.8474423      1020.7084     -2652.4552      557.67327    
     36000   36000          421.21395      1510.7659      5657.6367      4679.5969      3790.532       889.06498      1559.6352      2766.2179     -4385.6453      0              336.22074      15062.487     -14449.85      -122.76137      44389.825      35.407436      35.407436      35.407436      1.8714208      779.57951      3159.3288      593.38947    
     37000   37000          424.16831     -1260.2099      3814.9138      4631.601       3817.1184      814.48255      1614.8428      2761.981      -4389.8742      0              229.03907      15063.593     -14465.099     -122.63323      44436.207      35.419764      35.419764      35.419764      1.8694675     -2394.1938      1187.1463     -2573.5821    
     38000   38000          438.15513     -25.383931      4711.3189      4727.8838      3942.9867      784.89711      1612.0013      2699.2368     -4397.9524      0              284.92752      15040.673     -14453.989     -121.78434      44745.945      35.50187       35.50187       35.50187       1.8565267     -1909.1891      1460.2031      372.83425    
     39000   39000          427.5862      -612.03647      4301.4455      4705.3937      3847.8762      857.51743      1568.0739      2753.4813     -4392.5261      0              338.87929      15029.608     -14439.999     -120.41281      45255.614      35.636153      35.636153      35.636153      1.8356185     -311.90209      809.53101     -2333.7383    
     40000   40000          418.33521     -378.78487      4367.4705      4619.0011      3764.626       854.3751       1625.7183      2722.6022     -4390.3532      0              308.44904      15027.24      -14439.282     -119.68035      45532.584      35.708705      35.708705      35.708705      1.8244526     -792.39022      164.89925     -508.86364    
     41000   41000          421.86813      472.34984      4943.9467      4633.6874      3796.419       837.26841      1599.7752      2704.013      -4385.5005      0              327.00084      15046.347     -14454.367     -120.99294      45038.623      35.579106      35.579106      35.579106      1.8444623     -1179.4223      494.4149       2102.057     
     42000   42000          420.36802      1074.5093      5356.6903      4649.2405      3782.9193      866.32113      1599.5368      2682.8145     -4374.744       0              359.19484      15055.17      -14455.652     -120.70787      45144.992      35.607094      35.607094      35.607094      1.8401165      922.12049      2216.2506      85.156731    
     43000   43000          433.0541      -57.344038      4815.2536      4852.7374      3897.0822      955.65519      1623.0701      2821.6607     -4364.4265      0              287.32992      15045.533     -14457.512     -121.58106      44820.761      35.521645      35.521645      35.521645      1.8534278     -1100.7635     -1543.2501      2471.9815    
     44000   44000          415.99767     -1429.6609      3618.119       4572.5678      3743.5903      828.97755      1593.1983      2748.5434     -4391.7091      0              281.21849      15032.613     -14434.887     -119.04234      45776.619      35.772386      35.772386      35.772386      1.8147265      982.93048     -1301.8187     -3970.0946    
     45000   45000          422.53748      227.63847      4712.6147      4564.1159      3802.4425      761.67341      1574.3278      2641.3915     -4377.3623      0              348.93625      15025.229     -14450.848     -121.82705      44730.259      35.497721      35.497721      35.497721      1.8571778      904.49238      332.02537     -553.60234    
     46000   46000          432.06522      469.65432      5116.5491      4806.3333      3888.1832      918.15006      1571.3161      2789.2794     -4383.2249      0              350.49779      15026.049     -14435.768     -120.31933      45290.776      35.64538       35.64538       35.64538       1.8341934     -665.46997      982.07179      1092.3611    
     47000   47000          422.471        637.38257      5017.4285      4604.5849      3801.8442      802.74065      1604.3202      2732.1645     -4404.7532      0              285.80379      15046.037     -14460.832     -122.69748      44412.94       35.413581      35.413581      35.413581      1.8704468      347.6852      -183.88781      1748.3503    
     48000   48000          424.33804     -1867.476       3470.5999      4690.0243      3818.6458      871.37847      1653.8932      2755.2425     -4377.1858      0              239.8294       15047.796     -14448.197     -121.70858      44773.801      35.509235      35.509235      35.509235      1.8553717     -1186.6168     -1587.9028     -2827.9084    
     49000   49000          424.91462     -356.69056      4420.7887      4652.3515      3823.8345      828.51699      1549.0411      2770.19       -4386.4958      0              298.74533      15050.584     -14453.547     -122.41758      44514.487      35.44055       35.44055       35.44055       1.86618       -879.14935     -986.76547      795.84314    
     50000   50000          410.63918     -782.65792      3958.934       4473.1711      3695.3689      777.80216      1638.1296      2636.8306     -4381.235       0              297.39093      15033.27      -14446.584     -120.95662      45052.148      35.582667      35.582667      35.582667      1.8439086     -2022.4024      1815.8402     -2141.4115    
     51000   51000          418.2571      -770.29267      4115.722       4613.3142      3763.9231      849.39111      1594.2143      2713.543      -4376.6029      0              327.63675      15054.307     -14463.707     -123.02779      44293.697      35.381859      35.381859      35.381859      1.8754822     -980.22581      399.76988     -1730.4221    
     52000   52000          412.51726      548.74567      4906.0782      4547.1801      3712.2699      834.91017      1603.7788      2687.5015     -4379.0947      0              336.49136      15036.679     -14450.445     -121.5125       44846.051      35.528325      35.528325      35.528325      1.8523826     -911.57036      127.14059      2430.6668    
     53000   53000          424.37604     -1068.505       3944.2497      4637.1902      3818.9878      818.20242      1592.9193      2742.8817     -4364.352       0              248.62345      15066.967     -14468.837     -122.54671      44467.58       35.428098      35.428098      35.428098      1.8681485     -2131.8374      385.60256     -1459.2801    
     54000   54000          416.89611      514.94052      4822.1428      4490.1138      3751.6754      738.43844      1543.3679      2706.2599     -4386.0675      0              279.50136      15066.208     -14470.831     -123.25432      44212.29       35.360169      35.360169      35.360169      1.8789355     -811.34423      698.60131      1657.5645    
     55000   55000          423.20073      47.660537      4656.0122      4624.9273      3808.4111      816.51617      1620.5077      2674.5193     -4382.0904      0              308.49962      15052.929     -14457.849     -121.85138      44721.33       35.495359      35.495359      35.495359      1.8575486     -1101.9587     -448.64088      1693.5812    
     56000   56000          420.81516     -269.54963      4381.22        4556.8704      3786.9432      769.92721      1558.0723      2705.189      -4390.3565      0              289.45745      15057.543     -14449.978     -121.95808      44682.204      35.485004      35.485004      35.485004      1.8591751     -1823.9295      1368.0108     -352.73026    
     57000   57000          417.03746     -1860.0517      3451.3174      4661.9082      3752.9474      908.96082      1664.1155      2713.2496     -4383.9726      0              325.15685      15050.78      -14460.368     -122.10928      44626.876      35.470352      35.470352      35.470352      1.8614801     -1365.8645     -598.3802      -3615.9105    
     58000   58000          411.29811      714.30554      4951.9694      4484.608       3701.2987      783.30935      1562.1453      2705.4363     -4385.3855      0              309.31626      15044.418     -14452.621     -121.46531      44863.473      35.532925      35.532925      35.532925      1.8516632     -1037.8521     -948.26157      4129.0303    
     59000   59000          424.9072       1306.219       5532.3196      4676.2957      3823.7677      852.52791      1615.2295      2755.0069     -4392.9094      0              283.61947      15044.601     -14453.019     -121.26937      44935.962      35.552053      35.552053      35.552053      1.8486762      1818.7877      1310.078       789.79115    
     60000   60000          418.44663      662.36373      4939.6072      4509.3477      3765.6286      743.71905      1586.1186      2659.0897     -4397.1589      0              313.66012      15034.281     -14452.272     -122.34524      44540.806      35.447534      35.447534      35.447534      1.8650772      2419.8601     -1329.5829      896.81405    
     61000   61000          416.4879       64.826081      4509.9068      4468.1042      3748.0019      720.10232      1555.9457      2735.4835     -4393.8831      0              239.66176      15049.734     -14466.84      -123.24442      44215.841      35.361116      35.361116      35.361116      1.8787846      1441.7076      1206.3943     -2453.6237    
     62000   62000          419.43761     -1264.8987      3742.2923      4564.8621      3774.5466      790.31548      1588.9914      2702.6706     -4399.9547      0              313.19422      15035.675     -14450.261     -122.20925      44590.371      35.460677      35.460677      35.460677      1.8630041     -426.59787     -2159.3514     -1208.747     
     63000   63000          416.00292     -201.08771      4353.8391      4483.9148      3743.6375      740.27726      1527.7959      2694.7889     -4396.836       0              338.37812      15030.735     -14454.585     -122.86005      44354.17       35.397953      35.397953      35.397953      1.8729252      181.76114      161.37621     -946.40047    
     64000   64000          417.03399      1976.567       5738.1822      4469.3119      3752.9162      716.39572      1529.142       2676.0132     -4392.4739      0              324.51382      15048.076     -14468.875     -123.79849      44017.949      35.308283      35.308283      35.308283      1.8872311      1090.0216      2627.6885      2211.991     
     65000   65000          424.89237     -847.91858      4133.0195      4687.0365      3823.6343      863.40222      1601.9484      2779.4214     -4382.6604      0              285.17317      15031.69      -14452.171     -121.6332       44801.548      35.516569      35.516569      35.516569      1.8542226     -842.93749     -2280.7751      579.95689    
     66000   66000          413.22187      827.30057      5061.6212      4525.7734      3718.6107      807.16272      1589.1498      2717.7583     -4392.3428      0              297.65469      15061.967     -14467.024     -122.69955      44412.189      35.413381      35.413381      35.413381      1.8704785      3497.151      -751.21765     -264.03165    
     67000   67000          411.26738     -1174.9093      3669.7448      4447.1204      3701.0221      746.09835      1599.1569      2693.2771     -4403.9227      0              284.22919      15010.764     -14437.406     -120.11423      45368.111      35.665657      35.665657      35.665657      1.8310668      181.41427     -3696.4688     -9.6733549    
     68000   68000          418.67431      649.57625      4999.6846      4575.2021      3767.6775      807.52452      1612.5716      2673.7356     -4395.8478      0              325.85251      15051.478     -14460.266     -121.61618      44807.818      35.518226      35.518226      35.518226      1.8539631      1345.0048      560.17717      43.546785    
     69000   69000          416.62004      1121.7935      5225.6328      4504.9383      3749.191       755.74731      1535.4667      2749.4132     -4388.9122      0              282.18467      15054.474     -14476.879     -123.70372      44051.67       35.317297      35.317297      35.317297      1.8857865      830.91069      1200.3185      1334.1514    
     70000   70000          424.8539       662.73416      5111.369       4683.2457      3823.2881      859.9576       1633.9732      2698.5123     -4406.9555      0              339.67069      15064.267     -14469.511     -123.02447      44294.893      35.382177      35.382177      35.382177      1.8754316      606.88438      469.05739      912.26071    
     71000   71000          407.83398      1388.6134      5441.9152      4541.3176      3670.1247      871.19288      1635.1364      2730.4009     -4390.4952      0              314.8978       15033.054     -14451.801     -122.53824      44470.655      35.428914      35.428914      35.428914      1.8680193     -180.6787       2506.8772      1839.6418    
     72000   72000          419.80951      1121.6149      5227.7743      4498.7994      3777.8933      720.90609      1538.2772      2681.9562     -4391.8192      0              310.03007      15036.448     -14453.986     -122.2791       44564.897      35.453924      35.453924      35.453924      1.864069       347.07442      2841.05        176.72038    
     73000   73000          412.41649      904.27241      5151.5792      4566.1789      3711.363       854.81587      1621.8928      2752.6766     -4394.4184      0              292.90179      15049.851     -14468.088     -122.76298      44389.243      35.407281      35.407281      35.407281      1.8714453      801.82068      555.99494      1355.0016    
     74000   74000          419.03039      245.47637      4722.7891      4563.7339      3770.8819      792.85194      1566.6054      2699.0156     -4400.5634      0              352.67223      15031.944     -14456.822     -122.65426      44428.589      35.41774       35.41774       35.41774       1.869788       1770.2154     -994.91764     -38.868679    
     75000   75000          419.36061     -651.64745      4111.5853      4535.451       3773.8536      761.59737      1593.631       2666.8157     -4390.2218      0              312.53685      15035.498     -14456.662     -122.18151      44600.493      35.46336       35.46336       35.46336       1.8625813     -1938.4915     -80.760197      64.309345    
     76000   76000          403.94495     -814.89607      3837.544       4368.4118      3635.1271      733.28471      1556.5723      2694.0157     -4392.4616      0              282.52169      15043.346     -14450.709     -121.99355      44669.209      35.481564      35.481564      35.481564      1.859716       568.63538     -537.12322     -2476.2004    
     77000   77000          421.42096      264.65341      4725.138       4553.6395      3792.3949      761.24462      1578.4814      2725.2654     -4387.2369      0              269.43492      15032.292     -14456.992     -122.6417       44433.14       35.418949      35.418949      35.418949      1.8695965      750.69645      197.2556      -153.99181    
     78000   78000          426.70604     -829.28199      4008.6219      4551.0211      3839.9557      711.06543      1566.9266      2722.3984     -4404.7203      0              220.98843      15055.22      -14449.748     -121.50783      44847.773      35.52878       35.52878       35.52878       1.8523114     -1430.8455      983.51629     -2040.5168    
     79000   79000          412.43735     -117.26992      4450.8015      4527.1452      3711.5508      815.59438      1565.1709      2763.8832     -4397.3345      0              302.4225       15038.685     -14457.233     -122.07723      44638.59       35.473455      35.473455      35.473455      1.8609917     -734.4072       625.25555     -242.65811    
     80000   80000          410.6332      -1239.2759      3710.3801      4510.8655      3695.3151      815.55041      1592.597       2704.3767     -4369.487       0              310.41804      15030.121     -14452.475     -123.03697      44290.39       35.380978      35.380978      35.380978      1.8756223     -2173.7657     -26.256816     -1517.8051    
     81000   81000          405.5429       534.55133      4762.5605      4410.1527      3649.5072      760.64555      1517.7367      2726.2784     -4398.8202      0              325.39584      15027.283     -14437.228     -120.54939      45204.34       35.62269       35.62269       35.62269       1.8377006     -398.47447      1199.7446      802.38386    
     82000   82000          413.66684      627.90998      4959.3087      4552.4443      3722.615       829.82926      1560.4851      2758.9886     -4403.5111      0              330.18885      15042.605     -14458.927     -122.65033      44430.011      35.418117      35.418117      35.418117      1.8697282      1313.1358      837.48884     -266.89468    
     83000   83000          409.05291      261.33881      4586.3467      4415.6525      3681.0939      734.55856      1582.471       2622.5266     -4401.656       0              343.34054      15036.024     -14448.148     -121.67633      44785.666      35.512372      35.512372      35.512372      1.8548801     -595.82128      112.12231      1267.7154    
     84000   84000          417.85706      2145.7505      5897.9944      4519.6356      3760.3231      759.31258      1535.6598      2723.8186     -4393.3466      0              286.89616      15084.682     -14478.397     -123.71945      44046.07       35.3158        35.3158        35.3158        1.8860262      1489.56        2096.085       2851.6064    
     85000   85000          416.05608     -798.63229      3982.7914      4507.7547      3744.116       763.63874      1572.5186      2722.7484     -4384.039       0              265.08483      15029.249     -14441.923     -120.90352      45071.935      35.587876      35.587876      35.587876      1.8430991      595.32297     -2185.5472     -805.67268    
     86000   86000          412.95942     -1975.5298      3240.4855      4516.9848      3716.2489      800.73587      1609.2465      2722.3407     -4393.599       0              279.77554      15041.738     -14458.766     -122.99404      44305.853      35.385095      35.385095      35.385095      1.8749677     -5110.536       1372.6205     -2188.6738    
     87000   87000          419.71883      475.74692      4893.3931      4584.9972      3777.0772      807.91993      1619.469       2690.1346     -4382.6114      0              286.85402      15056.258     -14462.184     -122.5994       44448.468      35.423021      35.423021      35.423021      1.8689518      137.37745      218.38232      1071.481     
     88000   88000          410.37048      1041.8343      5203.6507      4516.8011      3692.9509      823.85027      1590.33        2732.1329     -4404.5964      0              317.64138      15026.823     -14438.481     -120.54745      45205.067      35.622881      35.622881      35.622881      1.8376711     -797.56878      3292.0483      631.02331    
     89000   89000          411.4018      -104.82004      4423.7682      4492.2913      3702.2318      790.05953      1573.3248      2714.4172     -4397.7762      0              316.44955      15031.428     -14447.784     -121.57061      44824.615      35.522664      35.522664      35.522664      1.8532684     -1196.6314      585.3123       296.85902    
     90000   90000          420.58387     -849.57459      4111.2684      4666.0562      3784.8618      881.19435      1639.2389      2766.7542     -4384.7896      0              276.00946      15038.393     -14454.411     -121.70142      44776.434      35.509931      35.509931      35.509931      1.8552626      107.0478      -1605.7571     -1050.0145    
     91000   91000          434.54273     -1168.4212      3828.8092      4591.8808      3910.4785      681.40233      1538.602       2702.5827     -4409.2664      0              271.63481      15025.663     -14447.814     -121.69009      44780.605      35.511034      35.511034      35.511034      1.8550898     -271.09182     -1573.8559     -1660.316     
     92000   92000          418.82957     -398.59343      4230.7015      4496.0922      3769.0747      727.01745      1548.0419      2741.0904     -4402.3858      0              270.1888       14995.061     -14424.979     -119.36182      45654.091      35.740441      35.740441      35.740441      1.8195969     -1743.1031      289.66523      257.6576     
     93000   93000          404.59374      1206.6217      5231.0911      4450.5754      3640.9656      809.60979      1547.3144      2751.7674     -4382.9184      0              314.89204      15035.029     -14456.475     -122.86         44354.19       35.397959      35.397959      35.397959      1.8729244      1174.8794      2449.9764     -4.9905566    
     94000   94000          427.26902     -75.636574      4699.4473      4748.8048      3845.0219      903.78288      1580.9241      2824.4828     -4397.8         0              300.3643       15044.869     -14449.057     -121.78661      44745.114      35.50165       35.50165       35.50165       1.8565612     -1888.004       210.44147      1450.6528    
     95000   95000          413.28632     -1067.6424      3743.3731      4445.6944      3719.1907      726.50366      1589.5458      2677.7121     -4393.7318      0              266.4675       15030.306     -14443.796     -120.81227      45105.98       35.596834      35.596834      35.596834      1.841708      -1182.5571     -1221.4503     -798.91972    
     96000   96000          410.27521      1160.7023      5237.0385      4482.3194      3692.0935      790.22595      1505.0235      2710.4123     -4384.7797      0              375.48006      15035.443     -14451.353     -122.22403      44584.979      35.459248      35.459248      35.459248      1.8632294      3500.837       1042.8344     -1061.5643    
     97000   97000          418.71968      512.77187      4870.5112      4533.4417      3768.0859      765.3558       1554.6479      2709.91       -4409.425       0              323.57482      15033.595     -14446.947     -120.89984      45073.307      35.588237      35.588237      35.588237      1.843043       1089.9053      550.36604     -101.95574    
     98000   98000          420.91183      386.73439      4781.6521      4526.3919      3787.8131      738.57881      1550.1511      2666.1065     -4387.1792      0              327.57966      15015.979     -14434.059     -120.40673      45257.898      35.636753      35.636753      35.636753      1.8355259      1566.0413      676.45021     -1082.2884    
     99000   99000          413.43251      54.745367      4526.2469      4490.5701      3720.5063      770.06384      1520.4943      2695.262      -4378.6544      0              350.48874      15026.957     -14444.484     -121.95029      44685.057      35.48576       35.48576       35.48576       1.8590564      1159.5758      651.28731     -1646.627     
    100000   100000         415.21829      110.31561      4550.142       4477.1794      3736.5766      740.60274      1587.5278      2640.7935     -4393.0582      0              308.37282      15029.03      -14432.063     -120.15934      45351.079      35.661194      35.661194      35.661194      1.8317545      272.17303      1352.1084     -1293.3346    
    101000   101000         419.91005     -965.69251      3925.958       4561.9128      3778.7981      783.11479      1572.588       2713.9265     -4396.0555      0              295.46665      15043.441     -14446.252     -120.67953      45155.591      35.60988       35.60988       35.60988       1.8396846     -1652.6023     -236.34588     -1008.1294    
    102000   102000         424.62571     -8.6781305      4663.1001      4668.8181      3821.2346      847.58352      1584.6028      2734.8744     -4383.5922      0              342.64065      15008.579     -14439.521     -120.61683      45179.064      35.616049      35.616049      35.616049      1.8387287      8.9678226     -964.6459       929.64368    
    103000   103000         404.93087      502.7636       4798.7251      4469.7253      3643.9995      825.72585      1598.4569      2689.2387     -4374.7919      0              313.86292      15052.445     -14453.486     -121.44769      44869.983      35.534644      35.534644      35.534644      1.8513946     -57.215276      70.070026      1495.436     
    104000   104000         416.06401     -107.54158      4411.2625      4481.1671      3744.1873      736.97984      1494.2208      2732.7104     -4375.7173      0              302.5546       15037.643     -14454.432     -122.26196      44571.146      35.455581      35.455581      35.455581      1.8638076      1449.7563     -966.50573     -805.87535    
    105000   105000         419.8897       168.49566      4601.5579      4491.5837      3778.615       712.96872      1518.9022      2666.9181     -4382.0034      0              314.948        15049.807     -14455.603     -121.76397      44753.431      35.50385       35.50385       35.50385       1.8562162      725.54272     -620.38106      400.32533    
    106000   106000         426.1033       1870.7911      5714.2772      4501.143       3834.5315      666.61154      1475.3006      2675.3506     -4402.5358      0              353.23892      15026.554     -14461.297     -122.55682      44463.91       35.427123      35.427123      35.427123      1.8683027      1125.2054      2067.0352      2420.1326    
    107000   107000         413.43631     -551.80468      4222.2385      4583.7937      3720.5404      863.25325      1590.5939      2732.8834     -4393.5071      0              363.80057      15012.312     -14442.829     -121.29191      44927.609      35.54985       35.54985       35.54985       1.8490199      1978.5652     -809.79378     -2824.1855    
    108000   108000         413.24831     -559.33698      4091.8986      4452.7131      3718.8486      733.8645       1523.0724      2766.4785     -4395.347       0              260.38526      15038.046     -14458.77      -123.19995      44231.801      35.36537       35.36537       35.36537       1.8781067      1242.0617     -1336.1318     -1583.9409    
    109000   109000         429.03816      457.86183      4876.4872      4579.3389      3860.9426      718.39634      1547.5701      2649.3108     -4389.3108      0              316.56736      15051.505     -14457.246     -122.45662      44500.295      35.436784      35.436784      35.436784      1.8667751      1901.7005      139.37999     -667.49499    
    110000   110000         406.7198      -987.4441       3793.9991      4433.5264      3660.0981      773.42827      1593.164       2674.1652     -4377.8758      0              311.41664      15029.559     -14457.001     -122.70844      44408.97       35.412525      35.412525      35.412525      1.8706141      692.37794     -2736.6942     -918.01602    
    111000   111000         425.35459      686.50234      5029.4791      4579.6572      3827.7938      751.8634       1542.9767      2671.6945     -4380.2127      0              344.21878      15014.397     -14441.211     -121.28929      44928.581      35.550106      35.550106      35.550106      1.8489799      1844.4262     -682.72504      897.80581    
    112000   112000         405.85131      1253.8454      5172.2293      4356.3488      3652.2825      704.06628      1562.2885      2668.9748     -4402.1675      0              281.28657      15046.609     -14452.925     -122.13453      44617.648      35.467907      35.467907      35.467907      1.8618651      1868.7546     -79.020104      1971.8016    
    113000   113000         404.838        2091.1347      5781.3531      4425.4019      3643.1637      782.23828      1585.3185      2713.0237     -4402.0438      0              302.16601      15038.741     -14454.967     -122.56289      44461.709      35.426538      35.426538      35.426538      1.8683952      2540.3505      2083.0754      1649.9781    
    114000   114000         412.52821     -695.72749      4090.5642      4542.2504      3712.3684      829.882        1634.5117      2693.9263     -4382.4388      0              296.75275      15041.799     -14454.669     -122.41181      44516.584      35.441107      35.441107      35.441107      1.866092      -328.47917     -620.4456      -1138.2577    
    115000   115000         405.72755     -786.14203      3949.5129      4460.9185      3651.1688      809.74976      1595.6226      2715.9735     -4376.9143      0              291.28025      15033.604     -14449.816     -122.16775      44605.516      35.464692      35.464692      35.464692      1.8623715      408.67615     -1603.88       -1163.2222    
    116000   116000         411.07793      11.846941      4415.0573      4407.3984      3699.3172      708.08117      1579.1715      2630.1368     -4386.7913      0              304.21856      15042.71      -14461.364     -122.92969      44329.044      35.391268      35.391268      35.391268      1.8739868     -916.209        1771.3737     -819.6239     
    117000   117000         413.9267      -1228.5304      3625.937       4435.6161      3724.9535      710.66257      1572.0522      2645.6644     -4390.6163      0              306.04937      15020.034     -14442.521     -120.58521      45190.914      35.619163      35.619163      35.619163      1.8382466     -2364.366       732.92967     -2054.1549    
    118000   118000         423.23495     -692.18011      4093.2866      4543.5962      3808.7191      734.8771       1574.1798      2680.8187     -4393.724       0              293.04927      15034.39      -14453.837     -122.15999      44608.349      35.465443      35.465443      35.465443      1.8622532     -1607.6603     -2882.3642      2413.4842    
    119000   119000         404.00369     -868.25031      3848.587       4408.5801      3635.6557      772.92437      1581.4415      2725.282      -4379.9524      0              264.37005      15049.02      -14467.237     -123.2206       44224.386      35.363394      35.363394      35.363394      1.8784216     -1019.4656     -348.56995     -1236.7154    
    120000   120000         422.73727      973.49695      5298.5082      4670.8361      3804.2404      866.59578      1581.1902      2721.8714     -4376.4022      0              345.22571      15055.533     -14460.823     -123.2602       44210.181      35.359607      35.359607      35.359607      1.8790252      875.11643      231.95241      1813.422     
    121000   121000         410.83632      813.52266      4964.1923      4434.7384      3697.143       737.59537      1478.4479      2706.0033     -4393.3938      0              359.05255      15036.046     -14448.561     -122.11319      44625.447      35.469973      35.469973      35.469973      1.8615397      409.74194      1570.9353      459.8908     
    122000   122000         416.57271     -495.46286      4213.0895      4534.8644      3748.7651      786.09929      1567.1953      2720.0273     -4390.7952      0              306.73313      15032.903     -14449.965     -122.3714       44531.283      35.445007      35.445007      35.445007      1.8654761      48.330741      435.75462     -1970.4739    
    123000   123000         409.21052     -1572.5718      3369.9976      4389.4956      3682.5123      706.98333      1577.0383      2692.9719     -4404.2782      0              270.37731      15031.923     -14461.049     -122.58721      44452.888      35.424195      35.424195      35.424195      1.8687659      497.9449      -2330.2201     -2885.4404    
    124000   124000         412.73727     -23.382986      4325.9201      4341.1505      3714.2497      626.90073      1524.1481      2647.5684     -4390.1307      0              263.71227      15029.457     -14447.854     -122.01408      44661.695      35.479574      35.479574      35.479574      1.8600289     -2038.0508      595.64437      1372.2575    
    125000   125000         400.2913      -1091.2575      3636.9753      4351.6278      3602.2476      749.38015      1557.6226      2681.7666     -4375.2508      0              292.29729      15044.912     -14451.967     -121.3538       44904.698      35.543806      35.543806      35.543806      1.8499633     -224.06624     -2563.383      -486.32331    
    126000   126000         419.17718     -1244.3826      3673.5364      4493.1009      3772.2029      720.89796      1542.3303      2731.3519     -4400.1601      0              255.03541      15040.667     -14448.327     -120.66792      45159.936      35.611022      35.611022      35.611022      1.8395076     -1.7785444     -2163.0162     -1568.3531    
    127000   127000         402.54427      279.8327       4447.9255      4265.3408      3622.5222      642.81851      1546.5706      2597.5582     -4387.3391      0              300.33746      15039.203     -14453.512     -121.80215      44739.404      35.50014       35.50014       35.50014       1.8567982      510.2271      -2501.1478      2830.4188    
    128000   128000         414.66911     -1764.1391      3389.1547      4556.7036      3731.6345      825.06905      1677.1228      2682.126      -4395.8602      0              279.00732      15027.993     -14445.32      -120.08224      45380.195      35.668824      35.668824      35.668824      1.8305792     -3708.9964      1250.058      -2833.479     
    129000   129000         401.25322      2229.1749      5862.0795      4429.5742      3610.904       818.67019      1596.058       2702.8846     -4388.8415      0              319.98494      15060.154     -14471.57      -123.67131      44063.215      35.320382      35.320382      35.320382      1.8852924      2862.9192      1756.317       2068.2886    
    130000   130000         419.74495      54.632059      4573.0304      4537.156       3777.3123      759.84374      1533.5974      2735.3147     -4398.2541      0              298.39892      15047.168     -14456.382     -121.02759      45025.731      35.575711      35.575711      35.575711      1.8449904      1008.1334      1280.3517     -2124.5889    
    131000   131000         400.36806      535.86177      4725.997       4377.6173      3602.9384      774.67885      1564.2592      2704.013      -4393.1063      0              320.20778      15033.551     -14454.246     -122.24214      44578.373      35.457497      35.457497      35.457497      1.8635055     -763.22684      1233.1762      1137.6359    
    132000   132000         408.93996     -966.95002      3825.4093      4463.0061      3680.0775      782.92856      1555.2986      2769.6027     -4398.7285      0              276.941        15020.856     -14441.041     -120.52551      45213.298      35.625043      35.625043      35.625043      1.8373365     -564.80032     -3838.1553      1502.1055    
    133000   133000         426.03575     -1785.6245      3396.6266      4569.7228      3833.9236      735.79919      1576.6829      2679.8452     -4398.9914      0              307.00456      15012.643     -14441.385     -120.96997      45047.178      35.581359      35.581359      35.581359      1.844112      -3345.5657     -536.18128     -1475.1265    
    134000   134000         404.63714     -1912.8749      3137.9262      4396.0338      3641.3562      754.67761      1605.8556      2649.4368     -4397.1514      0              322.35055      15012.027     -14437.841     -120.83419      45097.797      35.594681      35.594681      35.594681      1.8420422     -3135.9425     -535.88389     -2066.7982    
    135000   135000         394.98073      357.41659      4426.6181      4194.7276      3554.4574      640.27012      1498.8778      2635.95       -4381.7556      0              320.62771      15026.716     -14460.146     -122.49339      44486.937      35.433238      35.433238      35.433238      1.8673356      1711.0864      82.39696      -721.23356    
    136000   136000         413.99499     -778.43587      3961.6579      4465.0441      3725.5681      739.47603      1594.2921      2710.1941     -4397.3829      0              247.01871      15042.135     -14456.78      -122.89736      44340.706      35.394371      35.394371      35.394371      1.8734939     -3484.4257      76.682913      1072.4352    
    137000   137000         412.19713     -308.36608      4189.0568      4388.1781      3709.389       678.78914      1536.6098      2677.6954     -4389.0757      0              278.8239       15031.455     -14456.719     -123.07499      44276.711      35.377335      35.377335      35.377335      1.8762018      384.05505     -241.09366     -1068.0596    
    138000   138000         419.04188      559.56706      4925.0685      4560.4405      3770.9854      789.45516      1503.8037      2758.3609     -4398.0496      0              339.67913      15030.21      -14444.549     -121.96163      44680.903      35.48466       35.48466       35.48466       1.8592293     -38.359025     -465.62586      2182.686     
    139000   139000         402.81647     -1410.4538      3556.329       4478.9614      3624.9718      853.98959      1632.0055      2738.2538     -4391.3183      0              277.69646      15049.012     -14451.66      -121.49298      44853.254      35.530227      35.530227      35.530227      1.8520851     -628.70169     -2259.9836     -1342.676     
    140000   140000         407.20558     -607.88515      3948.2576      4347.4234      3664.4697      682.95363      1572.1733      2658.69       -4402.3423      0              268.13543      15038.158     -14451.86      -121.02896      45025.22       35.575576      35.575576      35.575576      1.8450114      77.58473      -315.4966      -1585.7436    
    141000   141000         414.18976     -723.97689      3912.7678      4380.8386      3727.3208      653.51782      1592.8841      2560.2078     -4371.0326      0              291.87263      15043.683     -14464.097     -122.92329      44331.352      35.391882      35.391882      35.391882      1.8738892     -9.6359641     -926.80319     -1235.4915    
    142000   142000         401.58703     -2090.2509      3065.9069      4436.9095      3613.908       823.00147      1635.5408      2767.1211     -4389.6456      0              236.79283      15025.767     -14452.574     -121.16612      44974.254      35.562148      35.562148      35.562148      1.8471022     -165.47279     -1400.2916     -4704.9884    
    143000   143000         401.12078     -747.37792      3833.3058      4321.6441      3609.7121      711.93191      1572.8308      2691.1095     -4388.6096      0              245.88775      15043.931     -14453.217     -121.62995      44802.744      35.516885      35.516885      35.516885      1.8541731      47.649391     -1015.4578     -1274.3253    
    144000   144000         416.17211     -150.50407      4460.8526      4558.6232      3745.1601      813.46308      1584.7986      2764.7633     -4388.356       0              262.81422      15042.885     -14453.443     -122.33796      44543.457      35.448237      35.448237      35.448237      1.8649662      1087.4202     -1492.9613     -45.971177    
    145000   145000         410.98952     -1321.3146      3640.1565      4496.2076      3698.5216      797.68605      1640.7616      2676.3081     -4379.7729      0              289.96038      15030.78      -14460.352     -122.66695      44423.992      35.416518      35.416518      35.416518      1.8699815     -1058.6137     -152.00114     -2753.3291    
    146000   146000         412.26586     -1295.9279      3527.4352      4373.8464      3710.0075      663.83886      1584.3004      2655.823      -4390.8768      0              228.71626      15037.688     -14451.812     -121.68036      44784.186      35.511981      35.511981      35.511981      1.8549415      444.57043     -2963.2132     -1369.141     
    147000   147000         405.50743      346.86409      4622.374       4396.8288      3649.1879      747.64087      1604.8633      2689.4866     -4383.2082      0              229.67253      15066.231     -14459.405     -122.22126      44585.99       35.459516      35.459516      35.459516      1.8631872      443.80741     -1891.0791      2487.864     
    148000   148000         407.19418      147.5445       4559.9827      4464.5553      3664.3671      800.1882       1635.5065      2672.2529     -4391.2643      0              307.49823      15039.3       -14463.105     -122.87717      44347.99       35.396309      35.396309      35.396309      1.8731862     -353.92805      1448.8857     -652.32411    
    149000   149000         410.344       -264.26619      4192.501       4364.0425      3692.7126      671.32987      1552.6224      2596.0364     -4389.3633      0              329.99727      15041.271     -14459.234     -122.43163      44509.378      35.439195      35.439195      35.439195      1.8663941     -917.75529      542.8625      -417.90579    
    150000   150000         407.11593     -832.10405      3829.365       4376.0244      3663.6629      712.36141      1572.2772      2682.6107     -4383.0946      0              245.27005      15044.678     -14449.38      -120.97118      45046.728      35.58124       35.58124       35.58124       1.8441305     -1497.6674     -1131.3062      132.66142    
    151000   151000         414.51773      2034.4485      5670.4108      4367.7356      3730.2722      637.46344      1531.1324      2611.1607     -4402.4494      0              307.81347      15059.257     -14469.451     -124.1171       43904.956      35.278045      35.278045      35.278045      1.8920881      2225.9438      2076.4736      1800.928     
    152000   152000         402.18643     -0.9876244      4343.9701      4344.6145      3619.302       725.31244      1544.2545      2678.9753     -4389.9996      0              283.94651      15065.391     -14457.255     -121.8127       44735.529      35.499115      35.499115      35.499115      1.856959       1389.4284     -1479.1815      86.790224    
    153000   153000         414.49316     -1265.5955      3658.6686      4482.6633      3730.0511      752.61223      1557.9723      2740.3476     -4381.5416      0              244.80734      15051.834     -14460.807     -122.06511      44643.024      35.47463       35.47463       35.47463       1.8608068     -1126.6766     -1256.4223     -1413.6876    
    154000   154000         410.77512     -507.16545      4058.7951      4393.6305      3696.5923      697.03825      1533.8516      2667.716      -4381.7809      0              292.74325      15025.86      -14441.352     -120.37582      45269.52       35.639803      35.639803      35.639803      1.8350547      1412.4193     -2287.0543     -646.86131    
    155000   155000         411.6935      -1349.2042      3585.4259      4461.5316      3704.8568      756.67483      1571.9498      2734.2552     -4380.1343      0              248.47152      15034.719     -14452.587     -122.38895      44524.899      35.443313      35.443313      35.443313      1.8657435     -765.87923     -1731.3754     -1550.3581    
    156000   156000         409.96711     -1516.3976      3583.282       4575.6406      3689.3209      886.31968      1633.9216      2717.0287     -4369.8258      0              309.99729      15047.672     -14452.474     -121.44104      44872.44       35.535292      35.535292      35.535292      1.8512932     -2304.4515     -1086.3726     -1158.3687    
    157000   157000         409.59388     -590.3408       4023.4754      4412.876       3685.9621      726.91388      1522.3723      2718.9357     -4377.4112      0              278.6687       15020.039     -14435.69      -120.48339      45229.102      35.629193      35.629193      35.629193      1.8366945     -2267.2784     -422.59446      918.85043    
    158000   158000         409.84092      1106.3643      5153.3576      4430.3647      3688.1853      742.17942      1591.3145      2624.0302     -4385.1077      0              334.33606      15024.782     -14447.176     -121.61444      44808.458      35.518395      35.518395      35.518395      1.8539367      347.76753      715.19532      2256.1301    
    159000   159000         404.22888     -136.94625      4228.8013      4316.4272      3637.6822      678.74499      1568.6668      2593.324      -4371.0052      0              310.70638      15041.64      -14464.587     -124.20487      43873.929      35.269733      35.269733      35.269733      1.8934261      136.0694      -1.1451405     -545.76299    
    160000   160000         411.56051      179.47111      4519.7972      4403.0608      3703.66        699.40077      1524.6689      2665.2047     -4390.528       0              308.58419      15046.993     -14455.523     -122.18262      44600.088      35.463253      35.463253      35.463253      1.8625982      411.75301     -768.26344      894.92375    
    161000   161000         397.46245     -156.50235      4143.7351      4245.3353      3576.7907      668.54467      1541.4591      2697.6263     -4380.8359      0              229.20978      15039.449     -14458.364     -122.41857      44514.125      35.440454      35.440454      35.440454      1.8661951     -501.84703      1624.9307     -1592.5907    
    162000   162000         413.44493     -85.52411       4355.4537      4411.5157      3720.618       690.8977       1539.0602      2688.6153     -4409.7034      0              277.23476      15044.312     -14448.621     -121.23865      44947.347      35.555055      35.555055      35.555055      1.8482079     -104.16567     -224.52514      72.118486    
    163000   163000         413.33366     -100.60679      4259.9624      4325.2108      3719.6167      605.59411      1540.8341      2605.9528     -4385.0432      0              258.89893      15044.684     -14459.732     -122.54021      44469.938      35.428724      35.428724      35.428724      1.8680495     -1855.8213      2242.3584     -688.35749    
    164000   164000         405.24507      345.04407      4548.6419      4327.8368      3646.827       681.00979      1542.4595      2603.8024     -4386.6481      0              322.20547      15068.139     -14468.948     -124.18998      43879.191      35.271143      35.271143      35.271143      1.8931991     -1716.5909      2712.2926      39.430516    
    165000   165000         402.78374     -473.19265      4073.2479      4383.6567      3624.6773      758.97944      1551.8216      2725.8716     -4412.0529      0              303.28495      15031.022     -14440.968     -121.15042      44980.082      35.563684      35.563684      35.563684      1.8468629      300.15812     -308.56984     -1411.1662    
    166000   166000         407.80893      443.4589       4671.7264      4382.8244      3669.8993      712.92507      1556.3941      2674.0009     -4392.5189      0              269.62479      15060.406     -14454.982     -121.98991      44670.544      35.481917      35.481917      35.481917      1.8596604     -129.46337      1276.8823      182.95777    
    167000   167000         414.44635      1704.9293      5587.6463      4454.7873      3729.6299      725.15741      1502.7174      2669.6919     -4383.5503      0              336.36457      15036.578     -14436.644     -119.60561      45561.038      35.716142      35.716142      35.716142      1.8233132     -735.54066      1875.2302      3975.0983    
    168000   168000         406.51283     -311.10765      4181.3068      4384.5083      3658.2356      726.27268      1543.6039      2668.7505     -4397.5785      0              328.17218      15021.64      -14438.315     -121.67598      44785.795      35.512406      35.512406      35.512406      1.8548748      354.62655      214.64903     -1502.5985    
    169000   169000         404.15293     -543.46015      4084.7855      4438.9376      3636.9987      801.93897      1597.4684      2659.0016     -4385.5179      0              344.79915      15038.402     -14452.214     -121.95479      44683.407      35.485323      35.485323      35.485323      1.8591251     -122.10338     -1384.7707     -123.50636    
    170000   170000         410.57192     -555.58179      4032.6971      4394.4022      3694.7636      699.63864      1589.7245      2640.5461     -4407.0188      0              292.17702      15036.633     -14452.423     -122.07152      44640.679      35.474008      35.474008      35.474008      1.8609046     -185.4205      -1221.236      -260.08887    
    171000   171000         412.67549      981.36267      5125.6835      4487.0652      3713.6938      773.37137      1531.9792      2691.3894     -4365.1257      0              323.45726      15041.652     -14449.98      -122.1263       44620.656      35.468704      35.468704      35.468704      1.8617396      352.71889      1686.8703      904.4988     
    172000   172000         407.73617     -238.37891      4189.2884      4345.7654      3669.2445      676.52086      1558.4131      2592.1331     -4377.5386      0              308.5799       15043.777     -14448.844     -121.07054      45009.758      35.571504      35.571504      35.571504      1.8456452     -2568.3672      418.31047      1434.92      
    173000   173000         410.7647       439.58172      4696.4543      4410.4569      3696.4984      713.9585       1542.3768      2631.474      -4385.9841      0              326.16407      15050.614     -14450.687     -122.15147      44611.462      35.466267      35.466267      35.466267      1.8621233      575.49367      120.83921      622.41228    
    174000   174000         403.117       -554.29283      4023.6165      4382.0708      3627.6763      754.39445      1516.4764      2724.5079     -4385.1141      0              321.74199      15038.45      -14461.668     -122.89283      44342.338      35.394806      35.394806      35.394806      1.8734249     -894.3516       12.264323     -780.79122    
    175000   175000         408.10391      558.34501      4617.339       4253.356       3672.5538      580.80224      1494.5877      2601.3255     -4394.6611      0              295.85195      15031.644     -14447.946     -121.91094      44699.482      35.489578      35.489578      35.489578      1.8584565      633.78488     -425.20115      1466.4513    
    176000   176000         393.22791     -845.70142      3737.6094      4292.9925      3538.6837      754.30877      1530.8984      2736.7583     -4404.2753      0              304.09193      15030.978     -14444.143     -121.01674      45029.766      35.576774      35.576774      35.576774      1.8448251     -1083.2449     -933.63521     -520.22419    
    177000   177000         403.85098     -86.980208      4318.3739      4374.9021      3634.2814      740.6207       1525.6601      2709.2984     -4397.0351      0              325.88997      15031.991     -14455.184     -122.28589      44562.423      35.453267      35.453267      35.453267      1.8641725      1503.652      -1875.3639      110.77133    
    178000   178000         406.90595     -2028.2065      3005.6596      4341.7315      3661.7733      679.95819      1574.3017      2660.1346     -4391.6197      0              227.30003      15056.395     -14446.553     -120.64335      45169.134      35.61344       35.61344       35.61344       1.839133      -2644.696      -1556.9433     -1882.9802    
    179000   179000         410.47739     -244.29225      4339.6716      4500.7818      3693.9129      806.86886      1558.1233      2723.7689     -4394.0531      0              323.99379      15038.894     -14443.858     -120.50575      45220.709      35.626989      35.626989      35.626989      1.8370354      135.013       -913.22691      45.337174    
    180000   180000         402.76021     -915.84088      3751.6508      4353.6922      3624.4656      729.22667      1549.7604      2650.3789     -4389.9435      0              341.65629      15019.222     -14441.847     -120.89678      45074.45       35.588538      35.588538      35.588538      1.8429963     -100.00099     -2034.9522     -612.56941    
    181000   181000         408.94626     -800.52528      3855.8319      4383.3404      3680.1342      703.20622      1559.6048      2678.9951     -4383.2437      0              264.27888      15032.44      -14448.869     -120.60537      45183.359      35.617178      35.617178      35.617178      1.838554      -1868.2904     -990.09559      456.81013    
    182000   182000         403.21228      999.95271      4906.5369      4253.1004      3628.5338      624.56664      1482.005       2654.0593     -4401.212       0              302.22507      15038.194     -14450.704     -121.6178       44807.223      35.518069      35.518069      35.518069      1.8539878      919.50683      1944.4388      135.91253    
    183000   183000         411.58827      532.7037       4716.9681      4373.5012      3703.9098      669.59144      1537.5658      2663.054      -4388.1208      0              272.83451      15048.377     -14464.119     -123.25993      44210.278      35.359633      35.359633      35.359633      1.879021       455.15339      462.93757      680.02013    
    184000   184000         401.45591     -318.23064      4195.1304      4403.5821      3612.728       790.85408      1546.2794      2724.7735     -4387.2526      0              316.14295      15040.211     -14449.301     -121.32704      44914.601      35.546418      35.546418      35.546418      1.8495554      19.173552      865.72127     -1839.5867    
    185000   185000         408.4898      -950.84305      3624.1124      4247.9772      3676.0264      571.95079      1517.9825      2577.6231     -4399.6493      0              273.90035      15057.691     -14455.597     -121.12656      44988.941      35.566019      35.566019      35.566019      1.8464992     -608.75765     -1310.8221     -932.94937    
    186000   186000         406.56535      31.365922      4447.0653      4426.7919      3658.7082      768.08371      1572.5354      2687.2999     -4384.2675      0              302.11688      15050.873     -14460.474     -122.95706      44319.177      35.388642      35.388642      35.388642      1.874404      -103.89821     -97.072823      295.06879    
    187000   187000         411.96891      824.48336      4867.6777      4335.8636      3707.3352      628.52836      1453.7911      2647.3664     -4390.3638      0              309.65625      15073.423     -14465.344     -123.20917      44228.492      35.364488      35.364488      35.364488      1.8782473     -359.64256      1241.6284      1591.4642    
    188000   188000         414.56056      616.72411      4775.2279      4370.297       3730.6576      639.63937      1475.6796      2696.3901     -4391.5501      0              271.97986      15033.152     -14446.012     -121.04061      45020.888      35.574436      35.574436      35.574436      1.8451889      1281.6531      313.72269      254.79658    
    189000   189000         412.33204      1073.7789      5169.2123      4464.9721      3710.603       754.36913      1554.6937      2642.078      -4389.7277      0              371.17687      15026.312     -14450.164     -121.17558      44970.741      35.561222      35.561222      35.561222      1.8472465      2255.6469      2971.6915     -2006.0016    
    190000   190000         404.38779      14.755432      4262.9106      4253.1299      3639.1122      614.01767      1513.0278      2592.3493     -4401.9399      0              314.38454      15037.419     -14441.223     -119.89547      45450.889      35.687336      35.687336      35.687336      1.827732       555.67382      215.12893     -726.53645    
    191000   191000         409.14321      639.75589      4879.4113      4458.0436      3681.9066      776.137        1557.1091      2745.0808     -4400.4206      0              268.86102      15051.53      -14446.023     -120.66298      45161.784      35.611508      35.611508      35.611508      1.8394323     -478.99802      1139.2898      1258.9759    
    192000   192000         386.94743     -131.60599      4054.9721      4142.1774      3482.1653      660.01212      1509.1939      2628.4511     -4390.3109      0              318.23139      15033.894     -14439.448     -119.93718      45435.081      35.683198      35.683198      35.683198      1.8283679     -706.54333     -106.48449      418.20985    
    193000   193000         408.71517      440.38391      4688.9262      4401.7193      3678.0546      723.66475      1519.2898      2670.7306     -4389.657       0              338.639        15045.287     -14460.624     -121.859        44718.532      35.494618      35.494618      35.494618      1.8576648     -805.69661      695.1909       1431.6574    
    194000   194000         412.77049     -818.66562      3910.8986      4444.3954      3714.5487      729.84666      1515.5709      2676.5708     -4385.0423      0              322.75797      15044.356     -14444.367     -121.95392      44683.727      35.485407      35.485407      35.485407      1.8591118     -2347.7154     -402.83831      294.55689    
    195000   195000         407.01463      344.26248      4600.0272      4373.4557      3662.7514      710.70437      1505.9579      2712.1596     -4381.9278      0              261.93557      15060.611     -14448.031     -120.7551       45127.334      35.602451      35.602451      35.602451      1.8408365     -1265.4892      1393.3072      904.96947    
    196000   196000         402.6251       1996.2322      5470.9208      4169.1513      3623.2496      545.90165      1422.2581      2612.9788     -4395.6288      0              317.05067      15044.603     -14455.36      -121.87033      44714.374      35.493518      35.493518      35.493518      1.8578376      3277.228       1850.1786      861.29001    
    197000   197000         408.26597      1545.6751      5339.1504      4333.8444      3674.0122      659.83212      1506.7961      2646.8919     -4400.6174      0              317.14821      15054.817     -14465.204     -122.19149      44596.85       35.462395      35.462395      35.462395      1.8627334      2303.4364      414.13665      1919.4523    
    198000   198000         404.24491     -618.44603      3901.3512      4303.7795      3637.8264      665.95306      1544.5492      2666.6718     -4397.6062      0              255.52821      15057.811     -14461.001     -122.13338      44618.069      35.468018      35.468018      35.468018      1.8618475     -1192.7802     -345.58784     -316.97003    
    199000   199000         400.99199      454.49605      4614.7643      4315.7543      3608.5532      707.20116      1526.1366      2666.3925     -4386.0241      0              312.96667      15035.247     -14447.518     -120.7996       45110.71       35.598078      35.598078      35.598078      1.8415149      1875.9279      624.48664     -1136.9264    
    200000   200000         422.46851     -400.06664      4283.854       4544.9722      3801.8218      743.15041      1542.296       2731.4391     -4381.3742      0              267.528        15035.331     -14452.07      -121.76326      44753.695      35.503919      35.503919      35.503919      1.8562052     -118.52004      627.55046     -1709.2303    
    201000   201000         399.8303      -503.01075      3952.8176      4291.7766      3598.0991      693.67744      1528.0869      2656.006      -4398.0533      0              322.94308      15006.557     -14421.862     -117.9373       46205.532      35.883764      35.883764      35.883764      1.7978809      378.29833     -1320.1316     -567.19898    
    202000   202000         405.56816      964.0553       4994.2331      4364.7112      3649.7344      714.97673      1491.4646      2684.4226     -4395.6835      0              351.48991      15040.283     -14457         -121.70603      44774.736      35.509483      35.509483      35.509483      1.8553329      1577.3136      753.61905      561.23326    
    203000   203000         404.47503      710.52962      4782.9463      4322.6016      3639.8973      682.7043       1491.8929      2676.5067     -4420.2788      0              341.97344      15054.924     -14462.314     -122.66482      44424.765      35.416723      35.416723      35.416723      1.869949      -556.32929      2004.5954      683.32275    
    204000   204000         392.86539     -1324.9783      3301.2186      4171.7679      3535.4214      636.34652      1533.2283      2660.6243     -4389.8932      0              254.23636      15021.206     -14443.055     -120.95851      45051.445      35.582482      35.582482      35.582482      1.8439374     -2586.0036     -1056.0269     -332.90453    
    205000   205000         398.47672     -783.76509      3756.1615      4270.0472      3585.9181      684.12907      1522.5072      2719.8862     -4399.0307      0              248.18656      15041.69      -14449.11      -121.21054      44957.77       35.557803      35.557803      35.557803      1.8477794      1213.4416     -1981.3198     -1583.417     
    206000   206000         396.07642      2060.2874      5670.4389      4334.336       3564.3176      770.01839      1559.8278      2711.6        -4398.0395      0              291.14256      15067.236     -14461.748     -122.54877      44466.833      35.427899      35.427899      35.427899      1.8681799      1844.5647      937.07927      3399.2183    
    207000   207000         400.99453      1010.2448      4879.8106      4224.6091      3608.576       616.03304      1519.0532      2608.9741     -4398.622       0              291.93036      15048.758     -14454.06      -122.53856      44470.537      35.428883      35.428883      35.428883      1.8680243      845.25909      1171.2294      1014.2459    
    208000   208000         407.61924     -177.81743      4147.3644      4263.1859      3668.1923      594.99363      1497.1168      2604.8102     -4384.1008      0              270.18446      15064.888     -14457.905     -122.01298      44662.097      35.479681      35.479681      35.479681      1.8600121      998.33202     -1409.8993     -121.88497    
    209000   209000         403.86855      1914.2655      5475.9819      4233.3291      3634.4395      598.88957      1461.1811      2643.74       -4377.9622      0              293.6516       15038.458     -14460.179     -122.42593      44511.448      35.439744      35.439744      35.439744      1.8663073      1731.3791      1831.3897      2180.0278    
    210000   210000         402.71668     -36.094458      4258.3811      4282.0541      3624.0738      657.98031      1475.9118      2706.1411     -4386.1534      0              268.94429      15044.898     -14451.762     -121.17373      44971.427      35.561403      35.561403      35.561403      1.8472183      647.31729     -283.2039      -472.39676    
    211000   211000         411.11787     -290.92096      4206.2379      4397.4241      3699.6766      697.74749      1513.0509      2689.4431     -4394.9148      0              309.8889       15009.407     -14429.128     -120.93153      45061.495      35.585128      35.585128      35.585128      1.8435261      1391.1144     -1743.1855     -520.69187    
    212000   212000         399.52033     -634.09164      3866.8654      4276.7736      3595.3096      681.46397      1553.4089      2666.7817     -4407.5018      0              273.87766      15050.686     -14455.789     -122.93809      44326.013      35.390461      35.390461      35.390461      1.8741149     -1604.3324      455.3607      -753.3032     
    213000   213000         407.62322     -810.64173      3888.5084      4414.6746      3668.228       746.44654      1630.5002      2649.1565     -4387.5124      0              265.83532      15049.048     -14460.581     -122.44106      44505.951      35.438285      35.438285      35.438285      1.8665379     -1639.7393      542.43423     -1334.6201    
    214000   214000         402.86092      394.5702       4514.4124      4259.2151      3625.3718      633.84323      1506.8777      2631.2167     -4389.0666      0              305.81537      15041.167     -14462.167     -122.87658      44348.204      35.396366      35.396366      35.396366      1.8731772     -718.96446      1264.7409      637.93419    
    215000   215000         408.36321      244.92003      4522.0603      4363.46        3674.8873      688.57264      1515.5707      2747.7851     -4384.3108      0              236.03358      15030.681     -14457.187     -122.72733      44402.135      35.410709      35.410709      35.410709      1.870902       2916.101      -391.06861     -1790.2723    
    216000   216000         405.53718     -185.86637      4212.0378      4332.0408      3649.4557      682.58508      1523.2771      2663.4878     -4390.5671      0              306.24019      15045.875     -14465.728     -123.09198      44270.598      35.375707      35.375707      35.375707      1.8764608      843.17912     -540.26223     -860.51601    
    217000   217000         400.12115     -355.10334      4035.6039      4266.1682      3600.7165      665.45171      1551.8249      2594.5226     -4388.5531      0              327.11264      15042.67      -14462.125     -122.40067      44520.636      35.442182      35.442182      35.442182      1.8659222      331.35575      21.70594      -1418.3717    
    218000   218000         399.18593     -748.78384      3771.7328      4266.3732      3592.3003      674.07287      1499.5287      2677.2664     -4398.3806      0              297.87717      15038.411     -14440.63      -120.30617      45295.73       35.64668       35.64668       35.64668       1.8339928     -1279.868      -1230.2072      263.72362    
    219000   219000         400.77479      63.908916      4311.9793      4270.284       3606.5986      663.68536      1539.6274      2602.321      -4379.8085      0              327.84539      15029.057     -14455.357     -121.81345      44735.255      35.499042      35.499042      35.499042      1.8569704     -953.82802      145.69906      999.85571    
    220000   220000         398.57367      753.31716      4792.1692      4299.2797      3586.7906      712.48918      1484.0989      2684.3145     -4396.2221      0              346.7136       15048.515     -14454.93      -121.4645       44863.773      35.533004      35.533004      35.533004      1.8516509      765.3302       408.45457      1086.1667    
    221000   221000         409.42657      1267.2739      5170.2674      4337.2286      3684.4565      652.77208      1536.1706      2649.1819     -4391.6334      0              262.29889      15047.588     -14450.833     -120.9          45073.249      35.588222      35.588222      35.588222      1.8430454      788.19131      738.91932      2274.711     
    222000   222000         401.45314      2171.6057      5636.8433      4219.1307      3612.7031      606.4276       1508.5227      2617.5162     -4400.9269      0              281.89472      15054.31      -14454.889     -121.73454      44764.253      35.506711      35.506711      35.506711      1.8557675      3072.478       1878.3693      1563.9699    
    223000   223000         399.79069     -887.32815      3605.1649      4180.3142      3597.7426      582.5716       1505.0873      2576.0186     -4396.2883      0              318.6611       15035.235     -14456.142     -122.60967      44444.746      35.422032      35.422032      35.422032      1.8691083     -817.65844     -374.66609     -1469.6599    
    224000   224000         411.72691     -826.44872      3889.6998      4429.0168      3705.1575      723.85939      1559.3203      2667.9131     -4388.82        0              305.88592      15028.058     -14448.498     -121.78473      44745.803      35.501832      35.501832      35.501832      1.8565326     -1465.3731     -1474.5523      460.57917    
    225000   225000         400.30919      1366.8781      5061.2429      4177.1706      3602.4087      574.76195      1447.6978      2661.9292     -4401.5277      0              278.50547      15046.418     -14458.261     -122.87486      44348.825      35.396531      35.396531      35.396531      1.8731509      3145.8976      818.61356      136.12311    
    226000   226000         399.92149      304.18863      4506.4466      4306.211       3598.9197      707.29137      1547.9733      2693.9589     -4391.1281      0              248.95671      15060.785     -14453.254     -120.73211      45135.926      35.60471       35.60471       35.60471       1.840486       921.79684      395.64779     -404.87874    
    227000   227000         402.28949     -454.99187      3981.2445      4278.21        3620.2295      657.98044      1542.7667      2665.8105     -4386.9798      0              242.95248      15055.17      -14461.739     -121.76396      44753.437      35.503851      35.503851      35.503851      1.856216      -729.16809     -1215.9771      580.16959    
    228000   228000         390.25959     -109.30841      4187.2023      4258.114       3511.9716      746.14241      1589.7458      2690.5419     -4386.6404      0              276.92855      15036.636     -14461.07      -122.5057       44482.465      35.43205       35.43205       35.43205       1.8675234      942.52193     -140.37967     -1130.0675    
    229000   229000         405.07833      994.93347      5012.4658      4370.706       3645.3264      725.37961      1490.0364      2698.0086     -4407.9613      0              369.89755      15034.319     -14458.921     -123.20904      44228.539      35.364501      35.364501      35.364501      1.8782452      560.3032       1471.9021      952.5951     
    230000   230000         399.3761      -2060.4427      2870.7899      4230.9261      3594.0117      636.91434      1548.0659      2570.4116     -4382.4556      0              306.66717      15034.451     -14440.226     -120.39243      45263.273      35.638164      35.638164      35.638164      1.8353079     -1611.0201     -2745.3371     -1824.9708    
    231000   231000         412.49835     -315.1335       4159.6075      4363.2255      3712.0997      651.12573      1534.4881      2664.3518     -4380.4435      0              259.12844      15033.717     -14460.116     -122.99843      44304.269      35.384674      35.384674      35.384674      1.8750347     -1830.1971      2259.113      -1374.3164    
    232000   232000         396.5157       714.31107      4636.9763      4173.645       3568.2708      605.37422      1514.1102      2602.877      -4388.6694      0              291.60054      15052.486     -14467.03      -122.52276      44476.271      35.430405      35.430405      35.430405      1.8677834      1553.2519      2581.3572     -1991.6759    
    233000   233000         404.06242      1455.6989      5216.4505      4272.3502      3636.1842      636.166        1465.1333      2668.0875     -4378.8621      0              301.78242      15037.32      -14457.295     -122.53902      44470.369      35.428838      35.428838      35.428838      1.8680313      1670.6863      1006.6649      1689.7454    
    234000   234000         400.00404     -603.17373      3962.0462      4357.3236      3599.6625      757.66106      1577.2555      2726.2393     -4397.4008      0              263.28404      15035.286     -14447.003     -121.27225      44934.894      35.551771      35.551771      35.551771      1.8487201     -1019.1055     -1050.8156      260.39986    
    235000   235000         412.61905     -2122.6219      2990.8095      4367.1433      3713.1859      653.95735      1569.6446      2611.3031     -4374.9148      0              254.64607      15056.121     -14462.843     -122.56597      44460.592      35.426242      35.426242      35.426242      1.8684421     -2549.2524     -2248.4033     -1570.2099    
    236000   236000         391.21483     -227.41693      4046.1641      4194.3592      3520.5679      673.79127      1549.0135      2615.9853     -4386.7716      0              314.77505      15037.473     -14456.684     -121.95791      44682.263      35.48502       35.48502       35.48502       1.8591727      283.68217     -511.66558     -454.26737    
    237000   237000         407.37057     -694.54638      3865.1064      4312.0332      3665.9544      646.07873      1595.0265      2575.8816     -4370.6832      0              274.40852      15036.186     -14464.74      -123.50538      44122.413      35.336193      35.336193      35.336193      1.8827629      73.564414     -478.18389     -1679.0197    
    238000   238000         409.23596      682.24592      4731.2423      4290.898       3682.7412      608.15676      1481.4483      2667.5498     -4392.6412      0              271.39753      15043.029     -14462.627     -123.13161      44256.351      35.371912      35.371912      35.371912      1.8770649     -1049.0431      2255.6399      840.14094    
    239000   239000         409.18797      1609.5026      5422.5567      4390.2856      3682.3094      707.97624      1586.5432      2602.96       -4380.9817      0              318.38729      15053.634     -14472.566     -123.9136       43977.058      35.297347      35.297347      35.297347      1.8889859      4493.7649     -1072.2406      1406.9835    
    240000   240000         396.96438      1096.4493      4931.9321      4229.858       3572.3084      657.54953      1578.4428      2631.4471     -4397.7942      0              265.57837      15056.909     -14477.034     -124.11568      43905.458      35.27818       35.27818       35.27818       1.8920664      499.70228      2478.2134      311.43225    
    241000   241000         402.08048      2260.6654      5712.8736      4248.471       3618.3486      630.12242      1542.071       2583.3062     -4413.2859      0              330.84087      15048.176     -14460.986     -122.68651      44416.909      35.414635      35.414635      35.414635      1.8702797      3685.9222      1424.2315      1671.8425    
    242000   242000         400.52657     -1096.0105      3637.9253      4350.7292      3604.3649      746.36433      1622.9547      2676.1997     -4400.0829      0              256.65823      15045.352     -14454.718     -122.19843      44594.316      35.461723      35.461723      35.461723      1.8628393      610.82878     -4042.3465      143.48634    
    243000   243000         397.83562     -102.19312      4090.6321      4156.8694      3580.1488      576.72056      1539.181       2566.4567     -4391.5453      0              274.09677      15044.616     -14456.084     -122.61402      44443.167      35.421613      35.421613      35.421613      1.8691747      1658.0659     -299.76011     -1664.8852    
    244000   244000         404.38593     -916.61809      3773.06        4373.3128      3639.0955      734.21733      1554.8287      2714.5437     -4386.3411      0              272.41497      15024.564     -14445.793     -121.35991      44902.437      35.543209      35.543209      35.543209      1.8500564     -3006.5429      1522.1275     -1265.4389    
    245000   245000         383.92328     -846.25268      3598.6209      4143.8062      3454.9507      688.85545      1549.462       2633.6882     -4375.9621      0              306.30576      15040.308     -14464.947     -123.36074      44174.148      35.349998      35.349998      35.349998      1.8805579     -1876.1816     -665.85576      3.2793534    
    246000   246000         399.78609      1483.5783      5242.4399      4279.337       3597.7012      681.6358       1522.5364      2621.7044     -4383.3546      0              334.9561       15047.249     -14461.455     -122.42182      44512.945      35.440141      35.440141      35.440141      1.8662446      1268.2229      1392.2523      1790.2598    
    247000   247000         403.99962      454.40055      4633.5495      4335.3817      3635.619       699.76268      1575.6144      2714.605      -4396.1147      0              225.72179      15034.067     -14454.131     -121.11535      44993.106      35.567117      35.567117      35.567117      1.8463282     -1053.2827      374.91132      2041.573     
    248000   248000         398.44628      763.90228      4653.5822      4158.0295      3585.6442      572.38537      1522.9328      2599.9364     -4395.5651      0              280.72258      15029.411     -14465.053     -122.50928      44481.165      35.431705      35.431705      35.431705      1.867578       2357.8254     -599.25907      533.14054    
    249000   249000         401.13547      38.180447      4230.4837      4205.8652      3609.8443      596.02081      1564.1346      2564.1716     -4413.2447      0              306.49283      15042.57      -14468.104     -123.25362      44212.54       35.360236      35.360236      35.360236      1.8789249      364.04773      648.20789     -897.71428    
    250000   250000         398.78709      418.29138      4501.9575      4229.0425      3588.7111      640.33141      1563.7274      2602.5467     -4398.291       0              304.10597      15024.404     -14456.161     -121.80711      44737.582      35.499658      35.499658      35.499658      1.8568738      763.08495      527.51967     -35.730469    
Loop time of 522.391 on 1 procs for 250000 steps with 3020 atoms

Performance: 41.348 ns/day, 0.580 hours/ns, 478.569 timesteps/s, 1.445 Matom-step/s
100.0% CPU use with 1 MPI tasks x 1 OpenMP threads

MPI task timing breakdown:
Section |  min time  |  avg time  |  max time  |%varavg| %total
---------------------------------------------------------------
Pair    | 141.7      | 141.7      | 141.7      |   0.0 | 27.13
Bond    | 34.831     | 34.831     | 34.831     |   0.0 |  6.67
Kspace  | 230.82     | 230.82     | 230.82     |   0.0 | 44.19
Neigh   | 12.148     | 12.148     | 12.148     |   0.0 |  2.33
Comm    | 2.9992     | 2.9992     | 2.9992     |   0.0 |  0.57
Output  | 1.5014     | 1.5014     | 1.5014     |   0.0 |  0.29
Modify  | 66.712     | 66.712     | 66.712     |   0.0 | 12.77
Other   |            | 31.67      |            |       |  6.06

Nlocal:           3020 ave        3020 max        3020 min
Histogram: 1 0 0 0 0 0 0 0 0 0
Nghost:          10458 ave       10458 max       10458 min
Histogram: 1 0 0 0 0 0 0 0 0 0
Neighs:              0 ave           0 max           0 min
Histogram: 1 0 0 0 0 0 0 0 0 0
FullNghs:  1.28899e+06 ave 1.28899e+06 max 1.28899e+06 min
Histogram: 1 0 0 0 0 0 0 0 0 0

Total # of neighbors = 1288986
Ave neighs/atom = 426.81656
Ave special neighs/atom = 11.86755
Neighbor list builds = 2771
Dangerous builds = 0

# --- Cleanup ---
unfix npt_fix

undump dump_npt

# --- Write Output ---
write_dump all custom cool_block_12_last.dump id type mol x y z xu yu zu vx vy vz modify sort id
write_data /home/arz2/PolyJarvis_v2/data/PTFE_AI/attempts/cooling/attempt-0001/work/cool_block_12/cool_block_12_out.data
System init for write_data ...
PPPM Kokkos initialization ...
  using 12-bit tables for long-range coulomb
  G vector (1/distance) = 0.32864955
  grid = 36 36 36
  stencil order = 5
  estimated absolute RMS force accuracy = 0.00038113012
  estimated relative force accuracy = 1.147762e-06
  using double precision cuFFT
  3d grid and FFT values/proc = 79507 46656
Generated 3 of 3 mixed pair_coeff terms from geometric mixing rule
write_restart /home/arz2/PolyJarvis_v2/data/PTFE_AI/attempts/cooling/attempt-0001/work/cool_block_12/cool_block_12_out.restart
System init for write_restart ...
PPPM Kokkos initialization ...
  using 12-bit tables for long-range coulomb
  G vector (1/distance) = 0.32864955
  grid = 36 36 36
  stencil order = 5
  estimated absolute RMS force accuracy = 0.00038113012
  estimated relative force accuracy = 1.147762e-06
  using double precision cuFFT
  3d grid and FFT values/proc = 79507 46656
Generated 3 of 3 mixed pair_coeff terms from geometric mixing rule

print "STAGE COMPLETE: NPT T=425.0->400.0K P=1.0->1.0atm steps=250000"
STAGE COMPLETE: NPT T=425.0->400.0K P=1.0->1.0atm steps=250000
quit
