units real
atom_style full
boundary p p p

# --- Force Field Styles ---
pair_style lj/class2/coul/long 9.5 9.5
kspace_style pppm 1e-6
dielectric 1.000000
bond_style class2
angle_style class2
dihedral_style class2
improper_style class2
special_bonds lj/coul 0 0 1
pair_modify mix sixthpower tail yes
neighbor 2.0 bin
neigh_modify delay 0 every 1 check yes
neigh_modify one 4000
# KOKKOS: package loaded via -pk kokkos on the command line

read_data /home/alexzhao/PolyJarvis/data/PEG_3/attempts/cooling/attempt-0001/work/cool_block_02/cool_block_02_out.data
Reading data file ...
  orthogonal box = (3.6548964 3.6548964 3.6548964) to (47.867161 47.867161 47.867161)
  1 by 1 by 1 MPI processor grid
  reading atoms ...
  8000 atoms
  reading velocities ...
  8000 velocities
  scanning bonds ...
  4 = max bonds/atom
  scanning angles ...
  10 = max angles/atom
  scanning dihedrals ...
  16 = max dihedrals/atom
  scanning impropers ...
  7 = max impropers/atom
  orthogonal box = (3.6548964 3.6548964 3.6548964) to (47.867161 47.867161 47.867161)
  1 by 1 by 1 MPI processor grid
  reading bonds ...
  7990 bonds
  reading angles ...
  14820 angles
  reading dihedrals ...
  17070 dihedrals
  reading impropers ...
  9120 impropers
Finding 1-2 1-3 1-4 neighbors ...
  special bond factors lj:    0        0        1       
  special bond factors coul:  0        0        1       
     4 = max # of 1-2 neighbors
     6 = max # of 1-3 neighbors
     8 = max # of special neighbors
  special bonds CPU = 0.003 seconds
  read_data CPU = 0.198 seconds


# --- Thermo Output ---
thermo_style custom step time temp press enthalpy etotal ke pe ebond eangle edihed eimp evdwl ecoul elong etail vol lx ly lz density pxx pyy pzz
thermo_modify flush yes
thermo 1000

# --- Trajectory ---
dump dump_npt all custom 1000 cool_block_03.dump id type mol x y z ix iy iz vx vy vz


# --- Restart Checkpointing ---
restart 10000 npt_1.rst npt_2.rst

# --- Initial Velocities (optional) ---
# Velocities read from data file

# --- SHAKE Constraints ---
# SHAKE disabled

# --- NPT Thermostat + Barostat (Nose-Hoover) ---
# T_damp = 100.0 fs  (heat bath coupling)
# P_damp = 1000.0 fs  (pressure bath coupling, ~10x T_damp typical)
# Ramp: T=450.0->425.0K  P=1.0->1.0atm
timestep 1.0
fix npt_fix all npt temp 450.0 425.0 100.0 iso 1.0 1.0 1000.0

run 250000
PPPM Kokkos initialization ...
  using 12-bit tables for long-range coulomb
  G vector (1/distance) = 0.3022412
  grid = 32 32 32
  stencil order = 5
  estimated absolute RMS force accuracy = 0.00030309208
  estimated relative force accuracy = 9.127528e-07
  using double precision cuFFT
  3d grid and FFT values/proc = 59319 32768
Generated 10 of 10 mixed pair_coeff terms from sixthpower/sixthpower mixing rule
Neighbor list info ...
  update: every = 1 steps, delay = 0 steps, check = yes
  max neighbors/atom: 4000, page size: 100000
  master list distance cutoff = 11.5
  ghost atom cutoff = 11.5
  binsize = 11.5, bins = 4 4 4
  1 neighbor lists, perpetual/occasional/extra = 1 0 0
  (1) pair lj/class2/coul/long/kk, perpetual
      attributes: full, newton off, kokkos_device
      pair build: full/bin/kk/device
      stencil: full/bin/3d
      bin: kk/device
Per MPI rank memory allocation (min/avg/max) = 34.92 | 34.92 | 34.92 Mbytes
   Step          Time           Temp          Press         Enthalpy        TotEng         KinEng         PotEng         E_bond        E_angle        E_dihed        E_impro         E_vdwl         E_coul         E_long         E_tail         Volume           Lx             Ly             Lz          Density          Pxx            Pyy            Pzz      
         0   0              452.48148      651.64169      14136.255      13314.934      10788.742      2526.1922      4088.8788      7668.2332     -9155.6339     -90.420537     -2486.8616      7986.6739     -5484.6775     -482.68062      86422.789      44.212264      44.212264      44.212264      0.96534185    -323.52568      967.92305      1310.5277    
      1000   1000           447.98885      30.491016      13134.63       13096.113      10681.622      2414.4915      4012.4461      7729.8804     -9179.2152     -81.111078     -2579.1861      7992.9552     -5481.2778     -481.60205      86616.338      44.245245      44.245245      44.245245      0.96318475    -768.6724      -555.17228      1415.3177    
      2000   2000           449.35262     -955.59545      12001.71       13207.649      10714.139      2493.5104      4014.6717      7802.7273     -9182.807      -93.943408     -2561.9959      7993.4125     -5478.5547     -482.07295      86531.729      44.230834      44.230834      44.230834      0.96412653    -1690.5553     -981.06499     -195.16602    
      3000   3000           452.55525      510.67494      13791.079      13156.718      10790.501      2366.2175      4008.4357      7674.7391     -9075.6504     -84.223912     -2636.0648      7964.4631     -5485.4814     -489.74742      85175.753      43.99858       43.99858       43.99858       0.97947517     1625.5074     -207.70749      114.22492    
      4000   4000           453.30035     -1042.5828      12018.337      13325.298      10808.267      2517.0314      4123.9341      7749.7392     -9163.7977     -90.368697     -2615.9666      7995.274      -5481.783      -485.30185      85956          44.132521      44.132521      44.132521      0.97058419    -1206.1589     -838.37663     -1083.2129    
      5000   5000           453.4366      -595.90706      12540.723      13287.76       10811.515      2476.2448      4110.571       7680.0749     -9143.4363     -88.11905      -2581.859       7987.4232     -5488.41       -485.28891      85958.292      44.132913      44.132913      44.132913      0.97055833    -2119.9644     -287.2278       619.47102    
      6000   6000           446.47436     -88.851315      12791.402      12901.876      10645.511      2256.3643      3938.9524      7613.4193     -9141.668      -82.216453     -2587.0948      7998.8074     -5483.8355     -489.2917       85255.086      44.012236      44.012236      44.012236      0.97856373     299.5293       48.661492     -614.74473    
      7000   7000           455.86901      478.40213      13895.442      13298.462      10869.513      2428.949       4068.3926      7789.8354     -9202.0542     -88.949631     -2626.2498      7977.256      -5489.2813     -487.52554      85563.94       44.06532       44.06532       44.06532       0.97503149     1328.3751     -91.127075      197.95839    
      8000   8000           447.52451      79.79179       13190.334      13090.374      10670.55       2419.8231      4015.0058      7706.9769     -9162.411      -93.170292     -2565.8601      7999.5812     -5480.2994     -485.619        85899.864      44.122911      44.122911      44.122911      0.97121848     571.35081     -338.09311      6.1176787    
      9000   9000           456.85138      640.37372      14288.166      13481.409      10892.936      2588.4729      3954.5189      7786.0832     -9084.8892     -88.642713     -2490.1121      7996.7273     -5485.2124     -482.89726      86384.019      44.205652      44.205652      44.205652      0.96577511     501.91475      554.52857      864.67783    
     10000   10000          450.8192       859.92042      14205.571      13122.7        10749.107      2373.5924      4072.4478      7632.8726     -9207.6731     -86.17131      -2537.662       7983.2698     -5483.4914     -483.10952      86346.065      44.199177      44.199177      44.199177      0.96619962     948.67766      589.11536      1041.9682    
     11000   11000          453.12622      749.22298      14295.039      13350.884      10804.115      2546.769       4041.2292      7966.1657     -9192.7205     -92.767046     -2628.5449      7944.9188     -5491.5123     -482.76059      86408.474      44.209823      44.209823      44.209823      0.96550178     1155.0712      1039.8773      52.720457    
     12000   12000          449.05397      51.172951      13170.528      13106.481      10707.018      2399.4631      4068.2615      7639.9284     -9088.6343     -81.424945     -2626.8121      7977.8636     -5489.7191     -486.08357      85817.766      44.10885       44.10885       44.10885       0.9721476      362.52958     -1064.2374      855.22664    
     13000   13000          442.99317      675.09435      13667.052      12825.335      10562.508      2262.8275      3979.2821      7601.765      -9130.1293     -90.317611     -2599.3344      7985.9718     -5484.41       -487.9356       85492.031      44.052972      44.052972      44.052972      0.9758516      850.8911       428.16613      746.22583    
     14000   14000          445.11675      1041.9843      14402.184      13089.418      10613.141      2476.277       4044.9313      7673.8327     -9192.6272     -87.193583     -2503.0269      8013.0583     -5472.6976     -482.87869      86387.34       44.206219      44.206219      44.206219      0.96573798     1348.2844     -125.50307      1903.1715    
     15000   15000          450.41294     -149.20005      12975.779      13162.678      10739.421      2423.2573      4059.0587      7642.0226     -9126.8508     -84.616388     -2599.086       8004.2126     -5471.4834     -485.65273      85893.898      44.12189       44.12189       44.12189       0.97128594    -547.16761     -715.99936      815.56682    
     16000   16000          443.84194     -689.00611      12254.027      13120.44       10582.745      2537.695       4086.9616      7631.367      -9093.7536     -88.834157     -2490.7894      7978.958      -5486.2145     -483.79564      86223.608      44.178273      44.178273      44.178273      0.96757185    -630.51864     -2018.6805      582.18079    
     17000   17000          447.99623     -635.72827      12229.125      13026.082      10681.798      2344.2837      3985.0194      7661.633      -9129.557      -85.444915     -2569.1513      7972.9951     -5491.2106     -485.28937      85958.21       44.132899      44.132899      44.132899      0.97055925    -609.24565     -1188.1553     -109.78381    
     18000   18000          451.55412     -418.63927      12690.196      13224.727      10766.631      2458.0962      4008.0229      7606.9037     -9120.0751     -86.613913     -2465.8514      7994.9035     -5479.1934     -476.4656       87550.089      44.40367       44.40367       44.40367       0.95291206    -520.24085      12.150539     -747.82748    
     19000   19000          446.47059     -1224.9433      11488.99       13028.088      10645.421      2382.6662      4010.805       7733.1814     -9176.2714     -92.88672      -2599.9444      7987.8718     -5480.0896     -484.18788      86153.758      44.16634       44.16634       44.16634       0.96835631    -436.72208     -744.59358     -2493.5142    
     20000   20000          450.50507     -1299.4016      11586.275      13207.019      10741.617      2465.4014      4100.2578      7787.9867     -9118.5301     -86.052965     -2735.8924      7999.3117     -5481.6793     -487.7453       85525.388      44.058701      44.058701      44.058701      0.975471      -1904.5813     -1280.292      -713.33135    
     21000   21000          451.06517     -460.90364      12582.251      13160.414      10754.972      2405.4413      4126.1585      7676.2595     -9152.8309     -89.978863     -2683.0409      8008.7148     -5479.8407     -484.98034      86012.983      44.142271      44.142271      44.142271      0.96994119    -975.59253     -840.80917      433.69079    
     22000   22000          452.16713     -451.72717      12558.158      13124.259      10781.247      2343.0121      4091.6577      7476.9606     -9119.4527     -86.812115     -2542.709       8006.1214     -5482.7538     -485.4524       85929.344      44.127958      44.127958      44.127958      0.97088529     564.71167     -2135.9687      216.07552    
     23000   23000          441.53114     -823.9607       11700.681      12727.312      10527.647      2199.6645      3951.6709      7664.8703     -9161.5807     -89.435447     -2660.9022      7984.5784     -5489.5368     -488.26585      85434.206      44.043038      44.043038      44.043038      0.97651209    -1455.8299     -1100.2482      84.196018    
     24000   24000          443.85278     -153.32364      12771.451      12963.453      10583.004      2380.4491      4009.0334      7845.8695     -9242.6193     -92.88939      -2651.4304      7987.2305     -5474.7451     -485.81305      85865.552      44.117036      44.117036      44.117036      0.97160658    -893.27814      434.30563     -0.99840533   
     25000   25000          455.88264     -1198.5814      11761.492      13286.338      10869.837      2416.5001      4054.2412      7674.7894     -9152.969      -85.727158     -2564.5625      7977.9427     -5487.2146     -478.19569      87233.336      44.350055      44.350055      44.350055      0.95637217    -1257.1515     -1337.8457     -1000.7471    
     26000   26000          447.06605     -1297.6476      11696.801      13346.715      10659.619      2687.096       4249.1671      7701.4494     -9169.5525     -92.250707     -2506.5039      7986.2243     -5481.4376     -478.47524      87182.371      44.341416      44.341416      44.341416      0.95693125    -1593.5638     -1891.3245     -408.05438    
     27000   27000          446.53415      230.03606      13459.745      13169.009      10646.937      2522.0723      4002.3378      7752.8625     -9149.788      -90.219736     -2497.4199      7988.1984     -5483.8988     -481.35065      86661.576      44.252947      44.252947      44.252947      0.96268196     76.386234      611.72355      1.9983937    
     28000   28000          449.79531     -98.286363      13167.254      13290.407      10724.694      2565.7123      4066.9207      7797.6862     -9118.8048     -86.815461     -2590.1223      7979.3819     -5482.534      -485.52871      85915.838      44.125646      44.125646      44.125646      0.97103791    -126.67649      369.71814     -537.90073    
     29000   29000          442.07168     -909.49027      11753.815      12904.025      10540.536      2363.4889      4058.9376      7644.0662     -9132.8132     -83.297771     -2640.8284      7991.741      -5474.3165     -481.04413      86716.795      44.262344      44.262344      44.262344      0.96206894    -662.35659     -803.44736     -1262.6669    
     30000   30000          449.34376      322.25563      13335.023      12930.684      10713.928      2216.7558      4028.0577      7497.3514     -9198.9094     -81.102407     -2528.367       7984.3392     -5484.6136     -484.86224      86033.934      44.145854      44.145854      44.145854      0.969705       1704.5223     -241.50504     -496.25041    
     31000   31000          448.81471     -283.0823       12673.179      13029.311      10701.313      2327.9975      4031.5484      7607.2103     -9124.9957     -85.183941     -2601.0447      7986.316      -5485.8528     -483.57739      86262.523      44.184918      44.184918      44.184918      0.96713535     62.344326     -711.81338     -199.77786    
     32000   32000          452.07399      339.98439      13898.652      13469.884      10779.026      2690.8581      4137.8862      7761.7457     -9065.8127     -88.012149     -2572.1538      7995.5191     -5478.3142     -482.39262      86474.386      44.221061      44.221061      44.221061      0.96476586     2091.2651     -378.88727     -692.42466    
     33000   33000          446.02555     -1240.6015      11553.262      13105.813      10634.81       2471.0028      4079.4165      7694.8539     -9156.0753     -86.912876     -2571.4267      7991.7023     -5480.5551     -486.12794      85809.933      44.107508      44.107508      44.107508      0.97223634    -551.4721      -314.41965     -2855.9129    
     34000   34000          445.95713      725.54645      13863.125      12952.695      10633.179      2319.5166      3955.3613      7650.8239     -9125.7833     -87.112655     -2576.9778      7986.0621     -5482.857      -484.82257      86040.973      44.147058      44.147058      44.147058      0.96962567     610.92261      810.33041      755.38632    
     35000   35000          450.47354      363.59125      13535.058      13077.21       10740.866      2336.3442      3939.8586      7699.7565     -9213.9899     -91.65341      -2525.216       8002.641      -5475.0526     -483.12164      86343.898      44.198807      44.198807      44.198807      0.96622388     360.25901     -1456.3152      2186.83      
     36000   36000          441.48929     -129.38138      12882.473      13045.446      10526.65       2518.7963      4072.5208      7698.0246     -9224.9159     -90.547974     -2477.8871      8013.6854     -5472.0833     -482.96979      86371.046      44.203439      44.203439      44.203439      0.96592017    -719.76548      77.307451      254.31388    
     37000   37000          444.76734     -1504.6829      11034.759      12938.614      10604.81       2333.8041      4050.9741      7641.8458     -9201.2428     -85.739268     -2579.215       7988.2035     -5481.0222     -480.81185      86758.688      44.26947       44.26947       44.26947       0.96160439    -2312.4695     -436.45788     -1765.1215    
     38000   38000          444.49418      1331.5944      14688.483      13021.23       10598.297      2422.9335      4062.5841      7557.6378     -9107.1276     -85.671052     -2496.7715      7976.303      -5484.0212     -485.88628      85852.612      44.114819      44.114819      44.114819      0.97175303     1379.838       1526.9083      1088.0367    
     39000   39000          446.41806      779.03215      13914.18       12933.14       10644.169      2288.9711      3992.1061      7573.4936     -9155.4508     -90.690297     -2523.2736      7974.9005     -5482.1144     -483.09507      86348.648      44.199618      44.199618      44.199618      0.96617072     916.95719      397.06779      1023.0715    
     40000   40000          445.21629      341.80973      13603.4        13172.179      10615.515      2556.6641      4140.8464      7676.9098     -9114.4295     -88.369869     -2556.3531      7984.9153     -5486.855      -482.22317      86504.773      44.226241      44.226241      44.226241      0.96442696     466.20737      219.0226       340.19923    
     41000   41000          450.44701     -608.62236      12186.266      12949.586      10740.233      2209.3525      3922.3705      7564.9946     -9159.7195     -85.495688     -2528.6016      7980.7468     -5484.9427     -485.07101      85996.905      44.13952       44.13952       44.13952       0.97012254    -672.85147     -406.86007     -746.15554    
     42000   42000          450.55138     -714.97368      12060.648      12946.947      10742.722      2204.2258      4016.9802      7559.3425     -9172.802      -83.834699     -2608.0951      7979.0583     -5486.4235     -490.7651       84999.128      43.968146      43.968146      43.968146      0.98151049     571.58733     -1805.1407     -911.36766    
     43000   43000          444.07374     -1485.7433      11206.367      13075.747      10588.272      2487.4752      4067.2038      7763.9503     -9157.6739     -85.861952     -2595.6465      7980.0484     -5484.5448     -483.51514      86273.629      44.186814      44.186814      44.186814      0.96701085    -1854.9433     -1676.4364     -925.85013    
     44000   44000          436.00626     -795.94371      11827.593      12829.63       10395.915      2433.7149      4056.7706      7651.8592     -9070.2363     -89.258814     -2618.9797      7985.0732     -5481.5133     -483.23991      86322.767      44.195201      44.195201      44.195201      0.9664604     -2001.9051     -597.78229      211.85628    
     45000   45000          442.90866     -103.91132      12866.143      12997.073      10560.493      2436.5809      4057.196       7726.6174     -9130.2262     -89.424276     -2626.7749      7982.9586     -5483.7657     -482.82262      86397.373      44.20793       44.20793       44.20793       0.96562584     1193.9313      500.73566     -2006.4009    
     46000   46000          444.64187     -354.00732      12784.524      13230.091      10601.818      2628.2726      4122.6213      7758.3102     -9171.893      -91.780025     -2511.7415      8001.8503     -5479.0948     -483.35168      86302.805      44.191794      44.191794      44.191794      0.96668394    -1199.8759      1334.4142     -1196.5602    
     47000   47000          444.66978      1687.7837      15345.449      13240.174      10602.484      2637.6902      4033.0026      7911.5708     -9183.6508     -94.017081     -2552.6057      8002.268      -5478.8776     -487.72147      85529.566      44.059418      44.059418      44.059418      0.97542335     626.15013      2799.7132      1637.4879    
     48000   48000          440.9507       26.178836      12882.477      12849.798      10513.808      2335.9903      3954.3382      7521.9928     -9134.9732     -81.38135      -2476.8489      8023.5201     -5470.6573     -487.36105      85592.818      44.070277      44.070277      44.070277      0.97470252     1677.8039     -685.46057     -913.80684    
     49000   49000          445.09183      465.51848      13590.943      13009.948      10612.547      2397.4013      3962.624       7791.3053     -9197.986      -89.310327     -2612.8537      8019.1742     -5475.5521     -487.44881      85577.408      44.067632      44.067632      44.067632      0.97487803    -43.617113      1461.6953     -21.522781    
     50000   50000          446.81133      1083.5172      14430.106      13077.189      10653.546      2423.6434      3988.6369      7714.4845     -9168.7453     -84.30917      -2541.6785      7996.0929     -5480.838      -487.22394      85616.905      44.07441       44.07441       44.07441       0.9744283      765.31067      785.21208      1700.0288    
     51000   51000          448.96474     -703.71099      12327.586      13213.745      10704.891      2508.8544      3990.8128      7783.1226     -9112.1322     -95.614484     -2600.8989      8016.3548     -5472.7903     -483.1109       86345.818      44.199135      44.199135      44.199135      0.96620239    -272.61017     -552.21135     -1286.3115    
     52000   52000          440.68626     -338.87905      12511.622      12935.589      10507.503      2428.0866      3980.9698      7773.394      -9179.2073     -89.109869     -2578.2371      8002.0621     -5481.7851     -486.26902      85785.036      44.103242      44.103242      44.103242      0.97251851    -65.123052     -149.88882     -801.62529    
     53000   53000          445.3149      -195.16871      12718.691      12963.053      10617.866      2345.1876      4026.9235      7711.5783     -9228.776      -94.00594      -2604.077       8009.7418     -5476.1971     -485.89319      85851.39       44.11461       44.11461       44.11461       0.97176686    -1345.0517      830.91899     -71.373416    
     54000   54000          447.26784      234.10056      13205.572      12910.854      10664.431      2246.4233      3954.5074      7508.0654     -9143.558      -83.84775      -2503.4992      7993.2709     -5478.5155     -483.23669      86323.342      44.195299      44.195299      44.195299      0.96645396     1133.2985     -1500.9425      1069.9457    
     55000   55000          438.96904     -297.53569      12669.494      13044.536      10466.558      2577.9774      4106.8927      7631.6175     -9117.6642     -82.885961     -2510.872       8025.0234     -5474.134      -482.64042      86429.989      44.213492      44.213492      44.213492      0.96526144    -653.48594     -850.97471      611.85359    
     56000   56000          440.61911      934.5709       14032.464      12863.139      10505.902      2357.2373      4037.0498      7620.3833     -9177.3433     -96.59633      -2547.0998      8004.7349     -5483.8912     -486.22935      85792.035      44.104441      44.104441      44.104441      0.97243917     459.62607      2382.7464     -38.65977     
     57000   57000          445.2886       677.45278      13821.303      12972.96       10617.239      2355.7219      3964.223       7672.6106     -9112.566      -93.193105     -2597.3578      8003.491      -5481.4859     -485.81575      85865.075      44.116954      44.116954      44.116954      0.97161197     1309.7603     -525.70022      1248.2983    
     58000   58000          441.34347     -490.4783       12067.617      12685.152      10523.173      2161.9794      3978.9455      7492.4335     -9152.016      -84.551237     -2582.6907      7995.7742     -5485.9158     -483.19499      86330.79       44.196571      44.196571      44.196571      0.96637057    -750.50698     -756.65249      35.724573    
     59000   59000          443.82137      741.04162      14054.38       13124.802      10582.255      2542.5476      4060.1006      7667.6327     -9155.8021     -92.82546      -2449.8353      7991.017      -5477.7398     -484.9765       86013.664      44.142387      44.142387      44.142387      0.96993351     1076.643       231.81174      914.67018    
     60000   60000          445.51917     -76.386408      12817.045      12912.175      10622.736      2289.4386      4001.5254      7519.3302     -9101.6576     -83.697342     -2574.1188      8002.8618     -5474.8051     -488.49761      85393.674      44.036071      44.036071      44.036071      0.9769756     -1872.4412      239.89611      1403.3859    
     61000   61000          441.87998      321.50739      13146.59       12743.809      10535.965      2207.8436      3921.7145      7567.8622     -9176.5755     -92.207361     -2535.8341      7997.6852     -5474.8013     -485.60798      85901.812      44.123245      44.123245      44.123245      0.97119646     301.78092      143.96357      518.77769    
     62000   62000          446.87567      688.75809      13887.418      13021.573      10655.08       2366.493       3960.4292      7723.9263     -9185.5522     -85.94939      -2551.8919      7992.9656     -5487.4345     -483.93873      86198.114      44.173918      44.173918      44.173918      0.96785802     713.02252      1176.1741      177.07766    
     63000   63000          448.2371       786.76667      13934.228      12953.905      10687.541      2266.3641      3973.8435      7664.7599     -9191.8519     -89.758034     -2603.7852      7996.7271     -5483.5713     -488.24837      85437.266      44.043563      44.043563      44.043563      0.97647712     14.542091      1412.8588      932.89908    
     64000   64000          449.02858      309.86616      13491.487      13100.585      10706.413      2394.1719      4039.637       7622.419      -9156.0446     -90.21307      -2559.4069      8013.8685     -5476.0881     -482.24704      86500.491      44.225511      44.225511      44.225511      0.96447471     872.27562      2658.1313     -2600.8085    
     65000   65000          437.68183      380.34943      13246.668      12768.565      10435.866      2332.699       3996.5669      7579.8036     -9116.95       -84.703749     -2552.495       7991.0174     -5480.5402     -483.97785      86191.147      44.172728      44.172728      44.172728      0.96793625     2603.2988     -1429.6732     -32.577303    
     66000   66000          447.81828      986.43042      14119.875      12892.096      10677.555      2214.5409      3898.1416      7598.0094     -9159.1789     -89.988843     -2547.4823      7993.2159     -5478.176      -488.77662      85344.929      44.027691      44.027691      44.027691      0.97753359     569.13269      2392.1654     -2.0068347    
     67000   67000          441.51422     -225.84429      12515.727      12800.026      10527.244      2272.7819      3904.7999      7654.4305     -9087.791      -88.907765     -2638.633       8007.6765     -5478.7931     -483.2794       86315.712      44.193997      44.193997      44.193997      0.96653938     1270.8401     -1699.0788     -249.29416    
     68000   68000          439.66763     -165.19616      12645.441      12851.023      10483.215      2367.8081      4072.9009      7646.1001     -9180.4935     -93.324993     -2587.2656      7993.7717     -5483.8806     -488.85301      85331.593      44.025397      44.025397      44.025397      0.97768637     986.50289     -829.96903     -652.12234    
     69000   69000          436.33664     -1018.5716      11456.828      12718.132      10403.792      2314.3396      4011.0364      7685.221      -9213.514      -87.811868     -2604.5462      8000.9073     -5476.9531     -491.28745      84908.755      43.952558      43.952558      43.952558      0.98255516    -1392.2294     -838.12164     -825.36363    
     70000   70000          444.82135     -1165.9714      11333.89       12795.042      10606.098      2188.9444      4023.7723      7486.2583     -9161.5498     -87.871874     -2574.1572      7982.5522     -5480.0596     -485.46356      85927.368      44.12762       44.12762       44.12762       0.97090761    -785.5522      -1638.0741     -1074.2879    
     71000   71000          450.0478       308.70181      13429.485      13042.424      10730.715      2311.7092      3980.5938      7608.925      -9195.9043     -81.733902     -2518.1612      7996.751      -5478.7613     -485.20304      85973.504      44.135516      44.135516      44.135516      0.97038659     700.56008     -1138.2112      1363.7565    
     72000   72000          442.20783     -829.26081      11761.316      12808.181      10543.782      2264.3982      4035.4286      7476.9062     -9144.0973     -80.208185     -2534.872       7988.7052     -5477.4643     -481.90853      86561.253      44.235864      44.235864      44.235864      0.96379769    -1967.6444     -742.0251       221.88702    
     73000   73000          442.29708      891.10338      13950.377      12829.388      10545.91       2283.4778      3923.2541      7582.7377     -9137.8332     -88.517854     -2519.6154      7999.8365     -5476.384      -483.60511      86257.578      44.184074      44.184074      44.184074      0.9671908      1466.7774      1295.5966     -89.063798    
     74000   74000          442.01098      937.1247       14130.338      12953.872      10539.089      2414.7828      4074.2708      7641.2858     -9204.6946     -89.156805     -2519.9405      7994.696      -5481.6779     -484.59848      86080.761      44.153862      44.153862      44.153862      0.96917749     471.70132      2147.1337      192.53909    
     75000   75000          438.7389       249.32639      13209.185      12896.043      10461.071      2434.9719      4026.9433      7707.9428     -9195.757      -91.254837     -2551.3716      8009.2929     -5470.8237     -484.38485      86118.725      44.160352      44.160352      44.160352      0.96875024     730.06658     -691.54787      709.46045    
     76000   76000          442.01534      163.53748      12960.31       12755.259      10539.193      2216.0664      4012.9272      7530.2942     -9136.038      -82.077031     -2606.0537      7979.7763     -5482.7626     -485.19748      85974.49       44.135685      44.135685      44.135685      0.97037547     98.635119      1252.174      -860.19672    
     77000   77000          451.64578      30.744573      12961.261      12922.81       10768.816      2153.9942      4112.2922      7390.7094     -9178.3656     -77.915203     -2578.66        7977.4195     -5491.4861     -486.43322      85756.079      44.098279      44.098279      44.098279      0.9728469     -218.51044      938.38375     -627.63958    
     78000   78000          438.86505     -954.43179      11331.983      12519.14       10464.079      2055.0608      3961.3996      7441.0307     -9115.6649     -82.267599     -2635.6344      7966.4348     -5480.2375     -489.10379      85287.841      44.017872      44.017872      44.017872      0.97818792    -1307.444      -1100.2523     -455.59904    
     79000   79000          442.69482     -465.56411      12202.901      12783.074      10555.394      2227.6803      4060.1448      7523.1931     -9191.499      -92.165468     -2572.7742      7982.8387     -5482.0576     -488.18642      85448.108      44.045426      44.045426      44.045426      0.97635322    -423.779       -584.31531     -388.59802    
     80000   80000          445.07353     -414.86119      12337.358      12856.476      10612.111      2244.3655      4052.2459      7545.0257     -9175.4528     -89.746631     -2590.6187      7984.3152     -5481.4032     -486.1837       85800.09       44.105821      44.105821      44.105821      0.97234787    -1351.0381     -1090.3265      1196.7811    
     81000   81000          441.80236      1587.3675      14772.32       12786.668      10534.114      2252.5539      3945.5014      7643.5081     -9205.067      -85.3538       -2556.6719      7992.4961     -5481.8589     -486.33834      85772.809      44.101146      44.101146      44.101146      0.97265715     1439.8293      582.10358      2740.1694    
     82000   82000          432.04074      500.62374      12995.448      12365.842      10301.363      2064.4788      3913.3513      7502.5339     -9255.9765     -85.403581     -2535.7128      8005.6012     -5479.9147     -483.73419      86234.562      44.180143      44.180143      44.180143      0.96744894     303.90036     -156.76018      1354.7311    
     83000   83000          443.06097      143.66083      13030.895      12851.398      10564.124      2287.2735      3951.2762      7679.9279     -9132.3637     -91.179337     -2599.9535      7966.3351     -5486.7692     -486.90551      85672.898      44.084016      44.084016      44.084016      0.97379145    -371.07548      533.98642      268.07154    
     84000   84000          439.36147     -59.63643       12744.955      12819.623      10475.915      2343.7083      4009.8959      7687.5529     -9157.8245     -87.06138      -2640.5521      8010.4484     -5478.7508     -485.88832      85852.251      44.114757      44.114757      44.114757      0.97175712    -1204.6168      671.02667      354.6808     
     85000   85000          437.95035      860.16088      13769.284      12697.361      10442.269      2255.0916      4081.381       7593.5855     -9250.3614     -87.396041     -2609.8186      8009.8611     -5482.1601     -488.18017      85449.202      44.045614      44.045614      44.045614      0.97634072     3998.4068     -1496.5611      78.636866    
     86000   86000          447.00732     -13.596497      13029.85       13046.948      10658.219      2388.7289      4111.3167      7672.4525     -9276.5139     -85.670169     -2527.9067      7980.8279     -5485.7774     -483.78681      86225.182      44.178541      44.178541      44.178541      0.96755418    -1893.851       1105.7347      747.3268     
     87000   87000          438.79748      194.37393      12779.86       12537.245      10462.468      2074.777       3882.4042      7619.0779     -9179.5409     -85.256148     -2657.2146      7973.3957     -5478.0892     -487.39731      85586.45       44.069184      44.069184      44.069184      0.97477504     304.25029     -205.69288      484.56439    
     88000   88000          442.91578     -40.538778      12661.76       12712.995      10560.662      2152.3329      4019.3456      7387.8048     -9220.8027     -79.130554     -2464.7244      7985.1416     -5475.3015     -481.3569       86660.45       44.252755      44.252755      44.252755      0.96269446     1855.0748     -1439.7174     -536.97368    
     89000   89000          443.59582     -464.57844      12223.751      12800.31       10576.877      2223.4329      4027.0049      7549.8657     -9090.6518     -89.219338     -2664.5172      7978.4211     -5487.4706     -490.20716      85095.872      43.984821      43.984821      43.984821      0.98039462     160.15059     -602.51105     -951.37487    
     90000   90000          440.61773     -157.85888      12626.372      12824.557      10505.869      2318.688       3958.9467      7739.6096     -9173.4542     -87.860293     -2622.7959      7984.5882     -5480.3461     -484.57851      86084.309      44.154469      44.154469      44.154469      0.96913754    -2010.0022      584.0856       952.33999    
     91000   91000          441.88304      1007.1377      13935.883      12690.238      10536.038      2154.1994      4002.2024      7569.377      -9176.7833     -89.677241     -2653.5021      7988.2182     -5485.6355     -491.87911      84806.622      43.934928      43.934928      43.934928      0.98373846     1212.8125      2119.0051     -310.40453    
     92000   92000          438.36774     -235.13901      12254.073      12545.055      10452.221      2092.8341      3916.9073      7426.3277     -9106.7107     -92.155194     -2565.5143      7998.1008     -5484.1216     -491.61194      84852.711      43.942886      43.942886      43.942886      0.98320413    -1093.3505      936.50374     -548.57022    
     93000   93000          442.91938      1739.9352      14931.805      12753.425      10560.748      2192.6766      4022.3894      7440.1887     -9149.0687     -85.107642     -2538.8587      7985.6244     -5482.4909     -485.91838      85846.939      44.113848      44.113848      44.113848      0.97181724     502.05252      1892.2063      2825.5468    
     94000   94000          442.36704      731.93819      13477.093      12567.977      10547.578      2020.3984      3928.8515      7454.3103     -9214.6161     -86.499086     -2572.4939      7993.0358     -5482.1901     -489.80031      85166.557      43.996997      43.996997      43.996997      0.97958093     1551.9738     -212.7476       856.58835    
     95000   95000          444.02651     -965.56933      11614.567      12809.697      10587.146      2222.5509      4058.1674      7607.5098     -9194.2952     -87.482303     -2672.2861      7992.7806     -5481.8433     -491.51028      84870.261      43.945915      43.945915      43.945915      0.98300081    -1378.6673     -799.69356     -718.3471     
     96000   96000          444.69074      85.280449      12890.971      12785.231      10602.983      2182.2477      3929.9107      7652.3922     -9246.1739     -92.824663     -2578.2038      8001.8388     -5484.6917     -490.65512      85018.181      43.971431      43.971431      43.971431      0.98129053     635.02574     -2600.8859      2221.7015    
     97000   97000          435.1883       687.20413      13400.667      12547.162      10376.412      2170.7496      3912.6038      7617.6954     -9167.0908     -82.707222     -2614.8546      7991.4404     -5486.3373     -489.82781      85161.776      43.996173      43.996173      43.996173      0.97963593     998.37849      27.887692      1035.3462    
     98000   98000          440.20049      1535.8571      14380.33       12468.808      10495.92       1972.8873      3958.2607      7506.0296     -9274.7163     -86.869056     -2638.2923      7991.8091     -5483.3344     -488.80472      85340.022      44.026847      44.026847      44.026847      0.97758981     1646.9595      2440.5568      520.05504    
     99000   99000          444.81053      459.1178       13249.83       12677.109      10605.84       2071.2691      3889.216       7532.1743     -9170.8536     -88.535808     -2614.2965      8002.8132     -5479.2485     -487.69146      85534.83       44.060322      44.060322      44.060322      0.97536332     1307.8193      575.39335     -505.85922    
    100000   100000         442.81556     -1301.0571      11391.058      13018.748      10558.273      2460.4754      4040.9982      7805.2003     -9228.3956     -84.751588     -2602.4743      8004.4429     -5474.5446     -486.28268      85782.627      44.102829      44.102829      44.102829      0.97254583    -1788.444      -2577.3565      462.62907    
    101000   101000         437.1512      -814.99265      11682.468      12693.913      10423.215      2270.6984      4027.6806      7571.2121     -9135.4275     -88.233209     -2622.365       7994.3741     -5476.5427     -490.20245      85096.69       43.984962      43.984962      43.984962      0.9803852     -2116.4672     -262.02011     -66.490671    
    102000   102000         431.7016      -63.631372      12517.068      12596.579      10293.277      2303.3018      4050.6638      7549.808      -9185.8659     -85.03282      -2550.1581      8001.9158     -5478.029      -486.8678       85679.534      44.085154      44.085154      44.085154      0.97371603     1178.1192      89.178978     -1458.1923    
    103000   103000         443.47605      48.666381      12713.423      12652.687      10574.021      2078.6662      3974.5438      7442.0646     -9119.7824     -81.799004     -2624.5803      7974.7982     -5486.5786     -487.47337      85573.096      44.066891      44.066891      44.066891      0.97492716    -57.377379     -75.162822      278.53934    
    104000   104000         437.33373      605.53454      13395.102      12635.149      10427.567      2207.5826      4034.1553      7485.0627     -9119.9969     -88.659229     -2609.606       7995.0839     -5488.4572     -484.74862      86054.1        44.149303      44.149303      44.149303      0.96947776     1303.4789      954.7387      -441.61398    
    105000   105000         436.02039      1171.6435      14006.86       12533.361      10396.252      2137.1086      3901.6554      7581.5036     -9193.9131     -80.631569     -2572.0683      7987.0501     -5486.4875     -483.73718      86234.029      44.180052      44.180052      44.180052      0.96745491     1723.7276      466.85142      1324.3515    
    106000   106000         440.09431      138.65457      13091.578      12917.511      10493.388      2424.1222      3967.3162      7720.3093     -9082.4929     -82.053216     -2605.7666      7994.1915     -5487.3821     -484.59772      86080.896      44.153885      44.153885      44.153885      0.96917596     806.52225     -547.34467      156.78613    
    107000   107000         437.12948     -233.51307      12395.874      12687.31       10422.697      2264.6131      3999.2242      7644.1926     -9183.4002     -90.307473     -2617.3263      7990.4584     -5478.2281     -487.45344      85576.595      44.067492      44.067492      44.067492      0.9748873     -1705.37        1356.6196     -351.78878    
    108000   108000         440.34418     -791.95752      11915.556      12906.84       10499.346      2407.4934      4063.9922      7750.0188     -9194.7759     -91.499804     -2644.7898      8005.4711     -5480.9233     -486.03545      85826.262      44.110306      44.110306      44.110306      0.97205137    -2284.0534     -369.68046      277.86133    
    109000   109000         437.1297      -1056.9406      11317.901      12650.055      10422.702      2227.3529      4012.9611      7557.4733     -9212.7037     -83.809001     -2582.3334      8012.0506     -5476.286      -482.68111      86422.701      44.21225       44.21225       44.21225       0.96534283    -3144.8227      28.437017     -54.436208    
    110000   110000         432.03961     -842.42773      11462.488      12519.81       10301.336      2218.4742      3953.2156      7533.8105     -9124.3462     -84.374506     -2566.6317      7988.1347     -5481.3341     -484.71828      86059.485      44.150224      44.150224      44.150224      0.96941709    -553.48966     -1103.0439     -870.74964    
    111000   111000         446.47018     -2424.2639      9808.4213      12844.515      10645.412      2199.1037      3940.6313      7521.9892     -9117.1473     -90.767374     -2579.7973      8006.8162     -5482.6211     -485.7678       85873.551      44.118405      44.118405      44.118405      0.97151607    -2029.9297     -2651.6058     -2591.2562    
    112000   112000         437.2595       262.2766       12830.805      12503.801      10425.797      2078.0043      3932.1895      7515.6674     -9168.5958     -87.556379     -2628.165       7996.9949     -5482.5303     -487.94403      85490.555      44.052718      44.052718      44.052718      0.97586845     1173.1192     -423.49868      37.209283    
    113000   113000         440.20485     -319.96607      12206.212      12605.169      10496.024      2109.1447      4015.9433      7426.3524     -9158.5487     -87.458278     -2617.0321      8004.9174     -5475.0294     -487.91288      85496.012      44.053656      44.053656      44.053656      0.97580616     121.26673     -1271.0884      189.92346    
    114000   114000         439.36625      175.29811      12880.637      12663.697      10476.029      2187.6684      4073.793       7592.9573     -9197.7319     -84.514366     -2713.0823      7997.4093     -5481.1627     -491.58974      84856.542      43.943547      43.943547      43.943547      0.98315973    -176.51675      275.95295      426.45812    
    115000   115000         440.37277      1133.7426      14018.758      12615.425      10500.028      2115.3973      3970.5504      7582.7713     -9198.1401     -87.660248     -2663.2025      7991.3047     -5480.2262     -491.49363      84873.136      43.946411      43.946411      43.946411      0.98296751     1352.7403      2558.7582     -510.2708     
    116000   116000         438.70098      64.265092      12672.128      12592.282      10460.167      2132.1157      3974.0749      7571.6248     -9191.3856     -84.324379     -2683.8623      8023.4439     -5477.4556     -489.6516       85192.422      44.00145       44.00145       44.00145       0.97928353     889.5071       284.42517     -981.13699    
    117000   117000         437.26675      1128.4628      14076.454      12669.756      10425.97       2243.7863      3920.561       7609.631      -9128.9933     -92.332067     -2564.7664      7983.1398     -5483.4536     -488.03434      85474.734      44.050001      44.050001      44.050001      0.97604908     90.828056      1636.9853      1657.5751    
    118000   118000         441.58339      457.53419      13009.372      12436.453      10528.893      1907.5594      3824.5311      7337.8832     -9180.9628     -81.402849     -2521.0409      8004.1369     -5475.5852     -485.84078      85860.652      44.116196      44.116196      44.116196      0.97166203    -169.01343     -517.27093      2058.8869    
    119000   119000         437.71206      953.75843      13718.684      12519.411      10436.587      2082.8241      3975.777       7451.7361     -9162.7527     -84.834459     -2594.169       7980.2573     -5483.1901     -483.82075      86219.134      44.177508      44.177508      44.177508      0.96762205     731.83631     -115.47258      2244.9116    
    120000   120000         442.04568     -1284.7207      11164.945      12771.855      10539.916      2231.939       4053.7557      7505.8111     -9123.6        -87.040542     -2609.0173      7982.2525     -5490.2224     -486.38621      85764.368      44.0997        44.0997        44.0997        0.97275287    -2146.8163      325.76055     -2033.1064    
    121000   121000         441.03583     -553.99132      11897.013      12589.427      10515.838      2073.5895      3949.8668      7649.9351     -9225.3137     -84.754959     -2704.4432      7980.1742     -5491.8747     -486.74433      85701.267      44.088882      44.088882      44.088882      0.9734691     -971.37104     -703.94432      13.341412    
    122000   122000         437.18124      781.36527      13558.648      12586.336      10423.931      2162.4052      3907.2442      7619.9553     -9165.0024     -84.122671     -2632.2483      7998.4372     -5481.8581     -488.89127      85324.915      44.024249      44.024249      44.024249      0.97776289     490.49335     -246.89761      2100.5001    
    123000   123000         434.23772     -101.50031      12205.937      12332.463      10353.747      1978.7164      3959.8078      7434.039      -9204.0805     -82.170874     -2654.2559      8008.6147     -5483.2377     -488.03497      85474.624      44.049982      44.049982      44.049982      0.97605034    -2266.6407      2703.5036     -741.36376    
    124000   124000         436.02256     -894.19467      11546.876      12659.889      10396.304      2263.5856      4070.2112      7565.8289     -9147.2332     -85.622046     -2663.1972      8002.9437     -5479.3458     -488.76023      85347.79       44.028183      44.028183      44.028183      0.97750083     894.23783     -2473.1639     -1103.6579    
    125000   125000         433.37031      935.26143      13602.432      12435.681      10333.065      2102.6166      3864.2772      7544.166      -9217.2112     -85.771406     -2535.03        8014.9228     -5482.7368     -487.66226      85539.951      44.061201      44.061201      44.061201      0.97530492     163.78647      927.5154       1714.4824    
    126000   126000         445.03686     -267.48882      12390.41       12724.144      10611.236      2112.9081      3960.2738      7481.4435     -9202.3936     -85.33698      -2549.8629      7991.0639     -5482.2796     -487.60504      85549.989      44.062925      44.062925      44.062925      0.97519049    -897.53362      441.13263     -346.06546    
    127000   127000         436.87058     -286.31681      12010.909      12366.223      10416.523      1949.6993      3788.4532      7583.5909     -9188.0576     -91.30031      -2655.7893      7999.0317     -5486.2292     -490.2295       85091.994      43.984153      43.984153      43.984153      0.9804393      498.4445      -291.51865     -1065.8763    
    128000   128000         436.61364     -403.26875      12139.591      12640.798      10410.397      2230.4009      4092.7086      7434.2891     -9137.1927     -86.816741     -2593.5783      8006.2397     -5485.2488     -489.48773      85220.942      44.00636       44.00636       44.00636       0.9789558     -296.29366     -1245.9741      332.46149    
    129000   129000         442.20235      1315.3639      14059.404      12422.823      10543.651      1879.171       3809.9836      7556.9385     -9257.0476     -86.33427      -2675.1248      8009.8347     -5479.0791     -488.95883      85313.125      44.022221      44.022221      44.022221      0.97789802     1109.3539      3443.1972     -606.45939    
    130000   130000         430.79251      1456.7724      14174.61       12366.265      10271.601      2094.664       3833.8501      7647.8061     -9217.552      -88.011912     -2603.7937      8005.8265     -5483.4611     -490.08858      85116.461      43.988368      43.988368      43.988368      0.98015747     1697.216       1822.5103      850.59089    
    131000   131000         438.82664      299.30731      13050.3        12674.859      10463.163      2211.6963      4044.6158      7470.4247     -9155.823      -83.608042     -2575.1097      7989.9161     -5478.7196     -484.99719      86009.995      44.14176       44.14176       44.14176       0.96997489     1414.0514     -388.14492     -127.98452    
    132000   132000         428.64844     -667.20344      11498.448      12334.577      10220.479      2114.0981      3940.213       7581.8408     -9253.7833     -88.066506     -2575.7183      7996.1427     -5486.5303     -485.45483      85928.914      44.127884      44.127884      44.127884      0.97089014     1351.6936     -2911.1251     -442.17885    
    133000   133000         436.81341      689.37436      13351.989      12496.315      10415.16       2081.1544      3887.2633      7576.0787     -9192.8808     -83.692305     -2605.505       7977.7129     -5477.8224     -490.12911      85109.424      43.987156      43.987156      43.987156      0.98023852     376.86754      481.77872      1209.4768    
    134000   134000         440.96251      266.3209       12843.043      12511.639      10514.089      1997.5494      3943.144       7380.1542     -9155.385      -79.818395     -2611.788       8002.5824     -5481.3398     -488.89         85325.137      44.024287      44.024287      44.024287      0.97776035     447.22731      826.69393     -474.95855    
    135000   135000         434.84697     -830.64296      11485.545      12523.781      10368.274      2155.5079      3977.1066      7608.9756     -9214.0913     -84.268455     -2671.4294      8015.851      -5476.6363     -486.72324      85704.981      44.089518      44.089518      44.089518      0.97342691    -2165.1137      825.15493     -1151.9701    
    136000   136000         435.57579     -654.45712      11795.377      12606.553      10385.651      2220.9016      4047.1618      7625.293      -9228.5723     -85.77923      -2651.3591      7994.1412     -5479.9838     -490.82918      84988.031      43.966233      43.966233      43.966233      0.98163864    -14.313243     -550.5241      -1398.534     
    137000   137000         437.29053      61.161898      12608.107      12532.198      10426.537      2105.661       3858.7236      7684.2901     -9221.1643     -87.690195     -2644.6268      7999.0969     -5482.9683     -490.16954      85102.402      43.985946      43.985946      43.985946      0.98031939     1614.4636     -662.95135     -768.02658    
    138000   138000         431.40925     -421.77256      11839          12365.744      10286.306      2079.4378      3972.7841      7442.0843     -9121.3374     -85.015107     -2631.9309      7988.0892     -5485.2363     -487.12802      85633.763      44.077303      44.077303      44.077303      0.97423648    -197.05539      665.87387     -1734.1362    
    139000   139000         438.27127      436.06611      13069.068      12528.825      10449.921      2078.9036      3942.9135      7512.9976     -9227.7967     -80.170314     -2583.8271      7992.7867     -5478.0002     -491.05101      84949.638      43.959611      43.959611      43.959611      0.98208229     649.50779      867.51219     -208.82164    
    140000   140000         442.44184      1260.0211      14251.8        12687.06       10549.362      2137.6982      3832.5726      7601.8356     -9164.2884     -90.146489     -2561.7658      8004.9752     -5485.4845     -489.89117      85150.76       43.994276      43.994276      43.994276      0.97976266     2014.8544     -432.7776       2197.9865    
    141000   141000         436.98651     -1128.7901      11040.768      12444.179      10419.288      2024.8911      3922.966       7578.8536     -9179.9309     -85.41495      -2700.2831      7971.8978     -5483.1974     -489.31955      85250.233      44.011401      44.011401      44.011401      0.97861944    -1121.7838     -1167.2302     -1097.3562    
    142000   142000         436.53253     -809.66869      11598.186      12607.162      10408.463      2198.6988      3979.3872      7667.7835     -9232.1468     -83.451649     -2652.2184      8004.6184     -5485.2734     -488.19174      85447.177      44.045266      44.045266      44.045266      0.97636386    -390.42761     -1466.0035     -572.57496    
    143000   143000         432.65445      499.61484      13062.67       12443.712      10315.996      2127.716       3983.0939      7365.8151     -9094.9041     -85.731527     -2518.7487      7970.1482     -5491.9569     -491.0644       84947.322      43.959212      43.959212      43.959212      0.98210907     788.83514      216.57853      493.43087    
    144000   144000         441.93233      185.38135      12734.369      12502.053      10537.213      1964.8393      3899.4987      7434.7621     -9202.2432     -79.547731     -2574.1674      7978.1751     -5491.6383     -485.45665      85928.591      44.127829      44.127829      44.127829      0.97089379     152.16843      652.62148     -248.64585    
    145000   145000         437.56413      1069.4808      13927.372      12597.707      10433.06       2164.6465      3949.4688      7663.7372     -9223.2051     -87.656047     -2621.2956      7972.7429     -5489.1457     -489.32202      85249.803      44.011327      44.011327      44.011327      0.97862438     621.44543      960.34683      1626.6501    
    146000   146000         426.91438      62.640284      12406.313      12328.171      10179.133      2149.0382      3975.6188      7424.646      -9130.6854     -84.032349     -2543.7856      7990.26       -5482.9833     -487.67808      85537.176      44.060725      44.060725      44.060725      0.97533656    -1453.1754      80.287158      1560.8091    
    147000   147000         440.47657     -897.03983      11425.621      12541.493      10502.503      2038.9895      3958.5248      7458.3918     -9133.4601     -82.305091     -2678.9132      7997.114      -5480.3627     -489.0595       85295.565      44.0192        44.0192        44.0192        0.97809934     1052.046      -1827.8106     -1915.3548    
    148000   148000         440.26632     -29.963821      12446.523      12484.081      10497.49       1986.5911      3905.5449      7428.8397     -9170.2406     -85.631607     -2617.7463      7995.029      -5469.2039     -485.35117      85947.266      44.131026      44.131026      44.131026      0.97068283    -267.9747      -1462.2607      1640.344     
    149000   149000         432.48991      229.55461      12651.814      12366.476      10312.073      2054.403       3937.5675      7548.9587     -9235.5842     -85.465476     -2611.0548      7984.3925     -5484.4113     -489.42926      85231.124      44.008112      44.008112      44.008112      0.97883885    -944.28348     -894.52562      2527.4729    
    150000   150000         430.47577     -85.871247      12129.065      12236.033      10264.049      1971.9844      3813.5483      7602.32       -9255.3354     -87.066436     -2616.0222      7997.2714     -5482.7312     -488.37996      85414.246      44.039607      44.039607      44.039607      0.97674029     309.06075     -427.72537     -138.94912    
    151000   151000         430.30521     -1537.0756      10388.842      12302.481      10259.982      2042.4985      3997.7477      7480.4442     -9210.2374     -81.228848     -2690.0679      8018.0672     -5472.2265     -488.6517       85366.747      44.031442      44.031442      44.031442      0.97728376    -2547.2316     -356.08442     -1707.9109    
    152000   152000         436.01901     -966.94601      11395.553      12598.602      10396.219      2202.3826      3973.7869      7520.7114     -9121.5588     -83.816205     -2619.8585      8012.4952     -5479.3773     -488.9709       85311.018      44.021859      44.021859      44.021859      0.97792216    -2007.8425     -595.46485     -297.53067    
    153000   153000         429.48738     -486.43631      11699.415      12307.154      10240.482      2066.6721      3984.74        7577.4058     -9309.5538     -87.437281     -2644.9432      8020.8344     -5474.3737     -486.93715      85667.33       44.083061      44.083061      44.083061      0.97385474    -973.18495      407.79406     -893.91804    
    154000   154000         433.01748     -453.21113      11938.471      12507.3        10324.652      2182.6474      3956.4397      7500.8566     -9169.7626     -87.247239     -2566.9953      8028.9619     -5479.6056     -484.71133      86060.72       44.150435      44.150435      44.150435      0.96940318     1937.0621     -800.72291     -2495.9726    
    155000   155000         435.73683      450.38937      13223.533      12661.024      10389.491      2271.5331      4002.5348      7446.5369     -9092.787      -80.595778     -2530.2285      8006.9224     -5480.8496     -487.10495      85637.819      44.077999      44.077999      44.077999      0.97419033     411.45605      258.61704      681.09502    
    156000   156000         440.53715      13.23702       12559.087      12542.555      10503.947      2038.6076      3834.0044      7625.1203     -9260.7718     -87.879733     -2601.5275      8009.0046     -5479.3427     -487.1057       85637.688      44.077976      44.077976      44.077976      0.97419182    -564.14041     -405.55079      1009.4023    
    157000   157000         429.60724     -7.0730765      12309.667      12318.457      10243.34       2075.117       3959.7878      7478.9322     -9128.2356     -81.190416     -2694.4898      8017.2156     -5476.9028     -489.52646      85214.2        44.005199      44.005199      44.005199      0.97903326     1180.0444     -1222.8147      21.55114     
    158000   158000         440.69691      825.42125      13597.263      12573.287      10507.757      2065.5299      3944.8631      7461.191      -9220.1268     -82.283811     -2590.2471      8022.2432     -5470.1097     -490.39931      85062.529      43.979076      43.979076      43.979076      0.98077892     2052.2024      512.24671     -88.185412    
    159000   159000         427.7451       827.99498      13184.039      12151.065      10198.94       1952.1248      3868.3224      7542.8444     -9193.5105     -88.566173     -2697.7117      7997.619      -5476.8725     -487.6433       85543.276      44.061772      44.061772      44.061772      0.97526702     2080.8056      639.81361     -236.63424    
    160000   160000         431.36012      244.36826      12687.011      12378.905      10285.135      2093.7699      3897.5141      7481.2069     -9244.928      -80.226091     -2485.7121      8005.8506     -5479.9355     -482.51254      86452.895      44.217398      44.217398      44.217398      0.96500569    -151.02688      809.89822      74.233449    
    161000   161000         440.0388       554.62739      13057.107      12362.668      10492.065      1870.6027      3934.5154      7415.6735     -9266.7973     -85.38017      -2651.1887      8004.8102     -5481.0301     -485.88217      85853.337      44.114943      44.114943      44.114943      0.97174482    -312.88163      1070.9081      905.85566    
    162000   162000         443.89174      790.12157      13472.445      12488.383      10583.933      1904.4504      3919.0307      7454.4044     -9272.7739     -82.110767     -2623.5599      7991.0075     -5481.5477     -488.46718      85398.994      44.036986      44.036986      44.036986      0.97691473     66.734919      835.62326      1468.0065    
    163000   163000         430.18288     -936.11283      11051.039      12230.058      10257.065      1972.9927      3882.9619      7425.3296     -9170.2987     -83.84984      -2581.3881      7980.5364     -5480.2986     -483.02722      86360.776      44.201687      44.201687      44.201687      0.96603504    -2289.2718      340.91187     -859.97854    
    164000   164000         437.59936      968.26119      13630.142      12425.885      10433.9        1991.9848      3939.0563      7355.416      -9169.5139     -84.182497     -2564.0712      7991.7923     -5476.5122     -489.14493      85280.667      44.016638      44.016638      44.016638      0.9782702      813.63005      1603.5623      487.59127    
    165000   165000         432.97971     -608.92693      11733.664      12500.192      10323.752      2176.4402      4006.1166      7514.7723     -9174.7955     -83.015572     -2594.6777      7992.3451     -5484.305      -483.28254      86315.152      44.193902      44.193902      44.193902      0.96654566     110.92646     -1260.7674     -676.93985    
    166000   166000         437.53344     -1823.8929      10328.833      12600.048      10432.328      2167.7197      3964.1126      7659.0421     -9184.5959     -83.328694     -2701.1307      7994.633      -5481.0127     -488.54558      85385.29       44.03463       44.03463       44.03463       0.97707152    -38.48546      -3351.3052     -2081.8879    
    167000   167000         433.85004     -106.08523      12220.698      12353.88       10344.503      2009.3772      3900.344       7521.8745     -9225.1121     -82.599398     -2595.5272      7978.0029     -5487.6056     -484.58927      86082.397      44.154142      44.154142      44.154142      0.96915907    -1386.3634     -314.09258      1382.2003    
    168000   168000         433.10706      211.40875      12621.723      12360.926      10326.788      2034.1375      3940.941       7448.4934     -9093.8227     -84.647825     -2718.2236      8020.4614     -5479.0642     -493.15457      84587.284      43.897019      43.897019      43.897019      0.98628933     1434.1071      971.08453     -1770.9654    
    169000   169000         430.42055     -673.23949      11341.52       12168.937      10262.732      1906.2047      3876.6236      7548.0356     -9225.7103     -88.050891     -2705.6794      7992.5733     -5491.5873     -495.00479      84271.115      43.842258      43.842258      43.842258      0.9899897     -655.03732      312.66685     -1677.348     
    170000   170000         435.49766      48.68269       12466.893      12406.27       10383.788      2022.4815      3950.0148      7547.512      -9229.8402     -85.165972     -2642.7221      7969.383      -5486.6999     -488.54321      85385.703      44.034701      44.034701      44.034701      0.9770668      993.67204      771.25223     -1618.8762    
    171000   171000         426.23813      478.70737      12768.524      12177.833      10163.009      2014.8245      3913.8258      7476.2332     -9153.4395     -83.057803     -2651.9265      7998.0314     -5484.8422     -493.03081      84608.517      43.900692      43.900692      43.900692      0.98604181     353.97052      997.99646      84.155127    
    172000   172000         433.57221     -1465.0214      10500.706      12309.718      10337.879      1971.8392      3828.3585      7639.428      -9204.2725     -91.891551     -2720.9739      8003.8604     -5482.6697     -492.68187      84668.44       43.911053      43.911053      43.911053      0.98534395    -1230.4132     -847.74107     -2316.91      
    173000   173000         435.0182       403.90869      12839.091      12341.915      10372.356      1969.5591      3963.1369      7504.7028     -9245.2264     -84.548955     -2679.0297      7999.5353     -5489.0109     -494.23953      84401.598      43.864874      43.864874      43.864874      0.9884592     -399.44298     -236.7573       1847.9263    
    174000   174000         429.28666      235.8435       12492.215      12200.273      10235.696      1964.5769      3982.3163      7377.8233     -9161.0308     -83.629728     -2640.555       7980.8203     -5491.1675     -491.46452      84878.163      43.947279      43.947279      43.947279      0.9829093      14.77841      -577.13692      1269.889     
    175000   175000         436.35935      1271.3084      14124.936      12540.999      10404.334      2136.6653      4030.5732      7510.4908     -9239.0978     -86.596777     -2583.2336      7993.1871     -5488.6577     -488.28914      85430.131      44.042337      44.042337      44.042337      0.97655867     1030.4109      1026.915       1756.5993    
    176000   176000         429.81025     -1269.9054      10658.876      12247.081      10248.181      1998.9002      3861.0245      7551.918      -9267.0451     -92.744926     -2558.2732      7979.6895     -5475.6685     -486.43973      85754.931      44.098082      44.098082      44.098082      0.97285992    -2142.2078     -1194.5222     -472.98617    
    177000   177000         434.38402     -928.60953      11063.125      12214.249      10357.235      1857.0143      3959.9863      7299.3463     -9144.4316     -86.450975     -2663.6546      7978.1434     -5485.9246     -490.76629      84998.923      43.968111      43.968111      43.968111      0.98151285    -1973.9855     -327.53194     -484.31121    
    178000   178000         433.80586     -289.15806      12044.999      12408.179      10343.45       2064.7286      3925.7888      7541.3501     -9175.9882     -87.792443     -2604.1138      7952.9549     -5487.4706     -484.37112      86121.166      44.16077       44.16077       44.16077       0.96872278    -290.95195     -653.85568      77.333452    
    179000   179000         433.95051      1067.2342      13380.582      12062.855      10346.899      1715.9563      3871.3459      7239.2658     -9132.9756     -78.012451     -2653.5592      7963.5037     -5493.6118     -492.71791      84662.247      43.909983      43.909983      43.909983      0.98541603     1238.6076     -316.37439      2279.4695    
    180000   180000         427.52899     -2.7842716      12069.3        12072.745      10193.787      1878.9581      3888.1483      7428.3287     -9238.736      -81.179287     -2612.9414      7981.8296     -5486.4919     -491.68335      84840.388      43.940758      43.940758      43.940758      0.98334694     788.36769     -1091.627       294.90647    
    181000   181000         437.28717      641.30989      12929.442      12138.673      10426.456      1712.2162      3828.9428      7333.997      -9193.0176     -80.308357     -2658.1073      7975.9111     -5495.2013     -493.38045      84548.559      43.890319      43.890319      43.890319      0.98674107     2398.5545     -337.13077     -137.49406    
    182000   182000         432.26661     -1446.3372      10458.101      12249.204      10306.749      1942.4549      4019.8442      7412.914      -9206.6098     -80.959417     -2706.3678      7984.4712     -5480.8375     -491.26178      84913.192      43.953324      43.953324      43.953324      0.98250382    -644.61184     -1799.7779     -1894.6217    
    183000   183000         431.78107     -1644.8         10104.29       12140.87       10295.172      1845.6987      3963.7341      7377.6093     -9167.3629     -83.210669     -2748.8523      7986.9286     -5483.1475     -491.33252      84900.967      43.951214      43.951214      43.951214      0.98264529    -1198.2735     -1711.4677     -2024.6588    
    184000   184000         425.4019      -60.696621      11847.417      11922.945      10143.07       1779.8745      3898.0305      7353.3395     -9221.9439     -84.311869     -2670.5011      7991.0687     -5485.8074     -488.90511      85322.499      44.023833      44.023833      44.023833      0.97779058     251.56376      1712.0882     -2145.7419    
    185000   185000         427.90554      320.16571      12651.824      12256.332      10202.766      2053.5663      3957.5651      7471.7113     -9133.613      -87.094955     -2631.0813      7964.9961     -5488.9169     -492.4947       84700.618      43.916615      43.916615      43.916615      0.98496962    -793.32403     -512.63657      2266.4577    
    186000   186000         427.53236     -463.69159      11355.972      11929.618      10193.868      1735.7503      3876.7834      7367.1281     -9187.728      -83.570593     -2722.7427      7973.5574     -5487.6773     -491.75581      84827.886      43.9386        43.9386        43.9386        0.98349186     711.37951     -1427.311      -675.14324    
    187000   187000         432.50811      1816.0225      14531.612      12265.684      10312.507      1953.1774      3894.8521      7478.1763     -9216.1283     -83.086651     -2614.6518      7979.2034     -5485.1877     -487.57247      85555.703      44.063906      44.063906      44.063906      0.97512536     1020.5833      2258.8337      2168.6505    
    188000   188000         425.71869     -1230.1461      10584.323      12107.525      10150.623      1956.9011      3870.1162      7577.7232     -9175.2757     -82.216383     -2719.8009      7974.4011     -5488.0465     -491.31865      84903.364      43.951628      43.951628      43.951628      0.98261755    -1750.3682     -919.46305     -1020.607     
    189000   189000         439.56755     -995.47147      11288.763      12533.142      10480.829      2052.3134      4008.5801      7469.6272     -9175.5224     -81.907099     -2655.3347      7972.1506     -5485.2804     -486.67638      85713.232      44.090933      44.090933      44.090933      0.97333321    -1565.4354     -99.049658     -1321.9293    
    190000   190000         433.01278      342.61898      12789.38       12362.178      10324.54       2037.6381      3853.0723      7650.2174     -9182.3063     -87.059544     -2668.5618      7963.6259     -5491.3497     -487.91297      85495.997      44.053653      44.053653      44.053653      0.97580633     674.73687      641.47026     -288.35019    
    191000   191000         427.89703      402.2285       12492.293      11992.186      10202.563      1789.6232      3818.9387      7355.2115     -9215.0442     -79.348706     -2591.9896      7983.3722     -5481.5167     -489.298        85253.989      44.012047      44.012047      44.012047      0.97857633     1028.7089     -522.52583      700.50246    
    192000   192000         425.73061     -429.27641      11659.704      12191.272      10150.908      2040.3642      3959.3693      7625.6909     -9268.322      -86.989787     -2665.7696      7963.6965     -5487.3111     -491.29524      84907.409      43.952326      43.952326      43.952326      0.98257074    -1481.8211     -525.7328       719.72466    
    193000   193000         427.43226      456.14477      12792.888      12221.901      10191.481      2030.4202      3944.265       7422.4393     -9166.9139     -85.778699     -2570.3408      7969.5365     -5482.7873     -486.00514      85831.614      44.111222      44.111222      44.111222      0.97199076     1567.2031     -164.73037     -34.038443    
    194000   194000         427.8052      -847.73428      10978.599      12033.056      10200.373      1832.6826      3819.3551      7393.5083     -9164.9282     -88.003352     -2617.4125      7975.3875     -5485.2243     -489.09684      85289.052      44.01808       44.01808       44.01808       0.97817403    -44.469646     -2631.5059      132.77266    
    195000   195000         432.17676     -590.19288      11526.63       12263.237      10304.606      1958.6303      3839.8148      7481.655      -9200.1536     -84.723322     -2587.1731      7990.8004     -5481.5899     -487.44124      85578.736      44.06786       44.06786       44.06786       0.9748629     -991.64218     -539.53717     -239.39928    
    196000   196000         425.41614     -317.02961      11764.204      12158.387      10143.41       2014.9771      3951.8579      7440.8587     -9205.4349     -86.324638     -2610.8107      8008.1775     -5483.3467     -489.2896       85255.452      44.012299      44.012299      44.012299      0.97855953     321.98149     -1104.5838     -168.48652    
    197000   197000         428.38536     -750.14734      11083.56       12014.614      10214.206      1800.4079      3816.6192      7514.5628     -9185.5909     -86.324238     -2723.6656      7954.1719     -5489.3653     -490.15755      85104.485      43.986305      43.986305      43.986305      0.9802954     -920.93707     -1774.7283      445.22334    
    198000   198000         427.05946     -571.73346      11494.191      12205.101      10182.592      2022.5086      4010.0251      7422.1889     -9145.7823     -86.299437     -2690.1544      7987.8364     -5475.3057     -489.26362      85259.979      44.013078      44.013078      44.013078      0.97850757    -473.25537      379.99372     -1621.9387    
    199000   199000         433.40861      523.04506      12673.071      12021.064      10333.978      1687.0863      3814.9289      7266.3471     -9149.4676     -77.842029     -2619.1779      7947.1975     -5494.8995     -488.03554      85474.524      44.049965      44.049965      44.049965      0.97605147    -26.314143      1002.0513      593.39801    
    200000   200000         431.41271      13.042959      12063.294      12047.288      10286.389      1760.8991      3806.8938      7397.9998     -9114.1881     -87.296438     -2726.4467      7972.21       -5488.2733     -495.73548      84146.904      43.820707      43.820707      43.820707      0.99145104     425.76442      77.68356      -464.3191     
    201000   201000         428.61232     -1926.7999      9540.6815      11928.016      10219.618      1708.3981      3806.645       7399.4913     -9150.5707     -81.475747     -2718.4736      7948.153      -5495.3711     -491.00669      84957.307      43.960934      43.960934      43.960934      0.98199365    -3339.0914     -1407.7734     -1033.5349    
    202000   202000         430.16064      639.39991      12883.562      12091.733      10256.535      1835.1976      3814.7328      7529.7141     -9199.9765     -84.456418     -2700.5087      7971.7717     -5496.0793     -491.25278      84914.748      43.953592      43.953592      43.953592      0.98248582     884.73188      2061.859      -1028.3912    
    203000   203000         434.67519     -774.18357      11292.172      12250.395      10364.178      1886.2178      3881.6398      7580.3463     -9278.2173     -87.211476     -2676.6829      7955.678      -5489.3347     -491.52001      84868.58       43.945625      43.945625      43.945625      0.98302028    -1588.3684     -1481.7552      747.5729     
    204000   204000         423.2489       975.98292      13252.719      12030.108      10091.735      1938.3734      3896.2348      7394.2599     -9182.2961     -87.466821     -2559.7881      7967.5088     -5490.0791     -485.64422      85895.402      44.122147      44.122147      44.122147      0.97126893     2052.2156     -171.68303      1047.4162    
    205000   205000         432.91425      462.5346       12850.207      12275.039      10322.191      1952.8481      3850.6319      7482.0097     -9162.5862     -83.719827     -2620.6432      7968.9656     -5481.8099     -489.23048      85265.755      44.014072      44.014072      44.014072      0.9784413     -72.967103      346.90049      1113.6704    
    206000   206000         423.97235     -207.0675       11789.265      12048.921      10108.985      1939.936       3799.3306      7548.0975     -9152.0479     -88.858946     -2667.2342      7983.3902     -5482.7412     -485.15201      85982.548      44.137064      44.137064      44.137064      0.97028452    -1876.4651      927.0623       328.20027    
    207000   207000         436.33193     -1012.391       11041.037      12306.879      10403.68       1903.199       3910.2239      7411.4301     -9173.8523     -80.799145     -2667.4057      7979.3412     -5475.739      -486.55575      85734.482      44.094577      44.094577      44.094577      0.97309196    -1172.3197     -1653.0151     -211.83828    
    208000   208000         428.69238      287.18336      12417.333      12059.774      10221.527      1838.2471      3862.5834      7452.6633     -9227.8347     -80.357563     -2641.143       7962.2005     -5489.8649     -488.62497      85371.417      44.032245      44.032245      44.032245      0.9772303      1541.8505      85.409081     -765.70947    
    209000   209000         428.53196      1449.1565      13911.591      12105.318      10217.702      1887.6167      3846.8748      7500.1415     -9330.2935     -85.509326     -2519.1037      7965.1227     -5489.6158     -488.08572      85465.736      44.048455      44.048455      44.048455      0.97615184     1770.8156      1364.776       1211.8779    
    210000   210000         426.36357     -566.20864      11293.801      12006.186      10166          1840.187       3882.3784      7435.014      -9243.7523     -84.632583     -2636.6238      7971.6072     -5483.8038     -483.5322       86270.585      44.186294      44.186294      44.186294      0.96704497    -668.36343     -969.58986     -60.67263     
    211000   211000         433.91447      499.39014      12646.619      12026.986      10346.039      1680.9469      3893.3008      7289.3248     -9256.7862     -83.360999     -2654.0025      7976.4379     -5483.9669     -490.30845      85078.292      43.981792      43.981792      43.981792      0.9805972     -1136.78        1108.9675      1525.983     
    212000   212000         431.24883      933.29512      13352.478      12193.199      10282.481      1910.7181      3896.6818      7503.8945     -9245.8843     -85.680357     -2674.4728      8001.3036     -5485.1243     -489.77362      85171.198      43.997796      43.997796      43.997796      0.97952756     1084.1181      155.30338      1560.4639    
    213000   213000         425.90983     -128.38389      11815.216      11974.68       10155.181      1819.4986      3906.0521      7333.5549     -9206.3425     -83.654709     -2649.2183      8000.6387     -5481.5315     -489.79496      85167.486      43.997157      43.997157      43.997157      0.97957025     141.19451      417.60388     -943.95007    
    214000   214000         426.40216      934.32709      13129.385      11968.131      10166.92       1801.2108      3890.6611      7324.8562     -9168.9835     -80.231621     -2637.3496      7966.9909     -5494.7326     -489.48071      85222.164      44.00657       44.00657       44.00657       0.97894176     799.40041      661.37685      1342.204     
    215000   215000         426.04413     -111.23285      11934.788      12071.858      10158.383      1913.475       3931.4376      7427.2074     -9148.7818     -82.604154     -2691.205       7966.8231     -5489.4022     -493.68979      84495.581      43.88115       43.88115       43.88115       0.98735974    -346.2926       745.09831     -732.50427    
    216000   216000         420.68842      393.76778      12509.96       12017.999      10030.684      1987.3154      3851.8574      7594.0873     -9234.4589     -84.532533     -2604.1722      7956.0244     -5491.49       -486.93793      85667.194      44.083038      44.083038      44.083038      0.97385629     329.40933     -725.36273      1577.2567    
    217000   217000         427.87911     -625.84252      11295.963      12074.575      10202.135      1872.4391      3901.2952      7352.6953     -9189.1108     -88.987874     -2578.6897      7965.8609     -5490.6239     -488.99919      85306.084      44.02101       44.02101       44.02101       0.97797872    -211.15845     -1949.656       283.2869     
    218000   218000         431.5574       596.65789      12841.967      12104.818      10289.839      1814.9793      3862.0402      7336.7253     -9151.6423     -85.331881     -2655.9604      7992.6155     -5483.467      -492.41828      84713.764      43.918887      43.918887      43.918887      0.98481677     270.35814      1025.2923      494.32326    
    219000   219000         425.83497      476.54948      12715.794      12115.209      10153.396      1961.8136      3838.4157      7431.3808     -9175.0084     -79.393193     -2557.4018      7989.5627     -5485.7422     -482.72258      86415.277      44.210983      44.210983      44.210983      0.96542577    -184.52589      1819.5347     -205.36038    
    220000   220000         425.40063     -1178.4831      10626.762      12092.095      10143.04       1949.0555      3909.036       7519.4692     -9197.2963     -84.408114     -2692.9057      7978.612      -5483.4516     -489.27262      85258.41       44.012808      44.012808      44.012808      0.97852559    -608.49875     -1597.7799     -1329.1706    
    221000   221000         420.00768     -1844.8588      9570.5463      11865.188      10014.453      1850.7352      3878.7443      7344.781      -9137.4014     -83.108189     -2662.3991      7992.3527     -5482.2342     -489.11643      85285.637      44.017492      44.017492      44.017492      0.9782132     -1946.3429     -1864.037      -1724.1964    
    222000   222000         425.83377      204.03801      12223.665      11971.261      10153.367      1817.8937      3828.7608      7525.7392     -9217.0277     -82.266495     -2726.5832      7976.1631     -5486.892      -491.78931      84822.108      43.937602      43.937602      43.937602      0.98355886    -31.986684      60.415401      583.68531    
    223000   223000         435.81321      700.66604      13381.074      12507.031      10391.312      2115.7192      4043.2144      7531.6101     -9253.7197     -89.039519     -2642.7777      8003.8985     -5477.4669     -487.68845      85535.357      44.060412      44.060412      44.060412      0.97535731     647.13361      1095.8261      359.03839    
    224000   224000         429.84862     -1309.3451      10337.22       11957.285      10249.095      1708.1896      3829.0537      7398.1625     -9234.5646     -85.418534     -2704.7881      7992.0729     -5486.3283     -491.68366      84840.334      43.940749      43.940749      43.940749      0.98334756    -1379.1703      301.32077     -2850.1856    
    225000   225000         427.55056      1067.2657      13215.561      11895.71       10194.302      1701.4082      3822.3254      7551.0906     -9315.2572     -84.889676     -2767.7931      7988.2875     -5492.3554     -491.93954      84796.205      43.933129      43.933129      43.933129      0.98385931     2035.8983      915.73794      250.16068    
    226000   226000         429.57838     -55.872676      11840.382      11909.465      10242.652      1666.8134      3898.088       7400.6578     -9378.2469     -88.07657      -2666.3036      7986.2203     -5485.5255     -492.02978      84780.653      43.930443      43.930443      43.930443      0.98403979    -572.99151      267.11458      138.25891    
    227000   227000         419.2236      -1151.5724      10263.387      11691.717      9995.7578      1695.9591      3832.9194      7407.0071     -9308.6238     -88.428126     -2649.0163      7986.7822     -5484.6813     -490.48622      85047.457      43.976478      43.976478      43.976478      0.98095273    -1430.3656     -1202.2053     -822.14626    
    228000   228000         425.09525      591.44861      12694.977      11965.313      10135.758      1829.5548      3843.0769      7385.0906     -9178.7884     -84.885773     -2619.8702      7978.8648     -5493.933      -493.12606      84592.174      43.897865      43.897865      43.897865      0.98623231     349.73244      137.37956      1287.2338    
    229000   229000         424.38564      1263.2382      13327.93       11764.016      10118.839      1645.1769      3823.481       7481.4003     -9326.822      -85.694833     -2744.2329      7983.0706     -5486.0252     -491.40134      84889.075      43.949162      43.949162      43.949162      0.98278294     3219.7171      1948.3944     -1378.3969    
    230000   230000         435.60543      1479.2533      14115.183      12271.93       10386.358      1885.572       3898.3359      7423.8988     -9257.7841     -84.302587     -2609.7277      7997.4491     -5482.2975     -488.22669      85441.06       44.044215      44.044215      44.044215      0.97643376     2229.1582      1402.7307      805.87112    
    231000   231000         423.32939      373.8912       12436.342      11971.707      10093.654      1878.0528      3864.4557      7391.5662     -9185.3721     -84.287919     -2619.3372      7988.5001     -5477.4722     -489.55002      85210.099      44.004493      44.004493      44.004493      0.97908037     1578.9355     -267.87138     -189.39056    
    232000   232000         431.13409     -593.49288      11289.469      12024.458      10279.745      1744.7122      3867.2757      7472.8873     -9311.6515     -90.176752     -2702.5156      7988.2154     -5479.3224     -491.2457       84915.971      43.953803      43.953803      43.953803      0.98247167    -420.17501     -174.77595     -1185.5277    
    233000   233000         414.73954     -612.5822       10884.534      11649.427      9888.8421      1760.5847      3896.5705      7404.3306     -9256.5533     -86.603733     -2703.4971      7993.0356     -5486.6979     -487.223        85617.07       44.074438      44.074438      44.074438      0.97442642    -1445.2316     -953.90227      561.38731    
    234000   234000         427.63274      2184.7791      14622.884      11932.915      10196.261      1736.6539      3805.3059      7423.6044     -9228.6065     -79.861843     -2673.1902      7985.5864     -5496.1842     -494.11068      84423.606      43.868687      43.868687      43.868687      0.98820151     2001.1487      2022.8567      2530.332     
    235000   235000         425.21481      436.99188      12236.571      11696.015      10138.609      1557.4063      3777.2399      7265.3907     -9216.1687     -80.147985     -2670.985       7966.4654     -5484.388      -491.80971      84818.59       43.936995      43.936995      43.936995      0.98359965     979.78954      648.43083     -317.24474    
    236000   236000         429.48917      1021.2943      13236.283      11977.168      10240.525      1736.6437      3820.8913      7361.5026     -9194.1689     -82.248252     -2657.6393      7971.0961     -5482.7899     -493.45745      84535.366      43.888036      43.888036      43.888036      0.98689507     2403.6409      676.99819     -16.756146    
    237000   237000         430.98417     -545.35349      11387.773      12056.653      10276.171      1780.4823      3862.6143      7501.1539     -9271.3717     -80.766042     -2714.7315      7967.5105     -5483.9272     -496.0142       84099.621      43.812498      43.812498      43.812498      0.99200846     1145.8102     -1307.9281     -1473.9426    
    238000   238000         424.41168      161.51997      11876.794      11679.228      10119.46       1559.7685      3865.4839      7320.6094     -9281.4244     -80.641509     -2752.3429      7974.6062     -5486.5222     -497.36816      83870.68       43.772705      43.772705      43.772705      0.99471633    -1016.3045      519.05598      981.80844    
    239000   239000         424.76386      532.24899      12710.963      12051.268      10127.857      1923.4109      3899.5905      7466.9148     -9251.344      -86.848794     -2626.9423      8000.8373     -5478.7967     -490.83489      84987.042      43.966062      43.966062      43.966062      0.98165007    -321.02327      882.85653      1034.9137    
    240000   240000         418.27595      622.31333      12519.3        11751.477      9973.1625      1778.3149      3831.4871      7448.5831     -9210.0994     -85.726501     -2719.6714      7991.1679     -5477.426      -493.0743       84601.055      43.899401      43.899401      43.899401      0.98612878     461.76357      1092.0952      313.08126    
    241000   241000         423.22182     -952.16057      10577.249      11751.921      10091.089      1660.8317      3836.9631      7417.2717     -9304.6196     -87.167879     -2709.2887      7990.6255     -5482.9525     -493.12552      84592.267      43.897881      43.897881      43.897881      0.98623123    -1242.7017     -1383.1039     -230.6761     
    242000   242000         426.22262     -583.25519      11019.5        11738.702      10162.639      1576.063       3883.6712      7213.8728     -9236.8228     -87.434436     -2712.1073      7998.3405     -5483.457      -493.36892      84550.535      43.890661      43.890661      43.890661      0.98671801    -1260.1991     -1485.7852      996.2187     
    243000   243000         425.90475      351.73034      12532.363      12097.75       10155.06       1942.6907      3986.9274      7448.094      -9196.8607     -84.551482     -2735.8197      8007.073      -5482.1719     -492.3471       84726.011      43.921003      43.921003      43.921003      0.98467442     1872.9581     -302.68514     -515.08192    
    244000   244000         423.17775      1494.0695      13754.399      11885.779      10090.039      1795.7409      3837.073       7329.1889     -9196.9603     -77.979601     -2617.4693      8001.3629     -5479.4746     -486.42282      85757.913      44.098593      44.098593      44.098593      0.97282609     3006.7955      754.11133      721.30164    
    245000   245000         430.37794      584.77589      12472.911      11748.918      10261.716      1487.2022      3744.055       7257.4906     -9264.9181     -75.731322     -2685.2289      7993.2449     -5481.7099     -491.38204      84892.409      43.949738      43.949738      43.949738      0.98274435     770.08666      359.26495      624.97605    
    246000   246000         424.35411      349.15969      12501.287      12066.826      10118.087      1948.7385      3926.3498      7446.9796     -9235.3544     -86.884178     -2633.5464      8012.5892     -5481.3951     -488.91942      85320.001      44.023404      44.023404      44.023404      0.9778192     -82.574726      956.80776      173.24604    
    247000   247000         428.9754       320.21016      12284.087      11890.01       10228.275      1661.7357      3889.0182      7370.943      -9232.9366     -83.74375      -2794.5402      7997.2076     -5484.2126     -494.33201      84385.807      43.862139      43.862139      43.862139      0.98864416     285.42609     -221.30583      896.51022    
    248000   248000         421.84322     -284.90564      11517.685      11869.606      10058.219      1811.3874      3860.954       7415.998      -9216.0083     -81.772258     -2681.8921      7991.6796     -5477.5716     -492.51605      84696.948      43.915981      43.915981      43.915981      0.9850123     -2172.6274      783.4092       534.50126    
    249000   249000         422.7979      -131.68918      11637.003      11800.233      10080.982      1719.2509      3780.9214      7445.0877     -9224.1864     -83.401146     -2726.9693      8003.8937     -5476.095      -490.8111       84991.162      43.966773      43.966773      43.966773      0.98160248    -1655.1504      863.50874      396.57416    
    250000   250000         430.5965      -119.33056      11834.383      11983.868      10266.928      1716.9409      3804.4076      7310.1        -9233.9872     -86.299277     -2590.2021      7993.7342     -5480.8124     -485.64267      85895.677      44.122194      44.122194      44.122194      0.97126582    -119.98515      1478.4293     -1716.4358    
Loop time of 509.592 on 1 procs for 250000 steps with 8000 atoms

Performance: 42.387 ns/day, 0.566 hours/ns, 490.589 timesteps/s, 3.925 Matom-step/s
100.0% CPU use with 1 MPI tasks x 1 OpenMP threads

MPI task timing breakdown:
Section |  min time  |  avg time  |  max time  |%varavg| %total
---------------------------------------------------------------
Pair    | 63.505     | 63.505     | 63.505     |   0.0 | 12.46
Bond    | 55.38      | 55.38      | 55.38      |   0.0 | 10.87
Kspace  | 240.23     | 240.23     | 240.23     |   0.0 | 47.14
Neigh   | 51.156     | 51.156     | 51.156     |   0.0 | 10.04
Comm    | 8.1967     | 8.1967     | 8.1967     |   0.0 |  1.61
Output  | 2.7682     | 2.7682     | 2.7682     |   0.0 |  0.54
Modify  | 78.264     | 78.264     | 78.264     |   0.0 | 15.36
Other   |            | 10.09      |            |       |  1.98

Nlocal:           8000 ave        8000 max        8000 min
Histogram: 1 0 0 0 0 0 0 0 0 0
Nghost:          20204 ave       20204 max       20204 min
Histogram: 1 0 0 0 0 0 0 0 0 0
Neighs:              0 ave           0 max           0 min
Histogram: 1 0 0 0 0 0 0 0 0 0
FullNghs:  4.75018e+06 ave 4.75018e+06 max 4.75018e+06 min
Histogram: 1 0 0 0 0 0 0 0 0 0

Total # of neighbors = 4750184
Ave neighs/atom = 593.773
Ave special neighs/atom = 5.7025
Neighbor list builds = 9859
Dangerous builds = 0

# --- Cleanup ---
unfix npt_fix

undump dump_npt

# --- Write Output ---
write_dump all custom cool_block_03_last.dump id type mol x y z xu yu zu vx vy vz modify sort id
write_data /home/alexzhao/PolyJarvis/data/PEG_3/attempts/cooling/attempt-0001/work/cool_block_03/cool_block_03_out.data
System init for write_data ...
PPPM Kokkos initialization ...
  using 12-bit tables for long-range coulomb
  G vector (1/distance) = 0.30240894
  grid = 32 32 32
  stencil order = 5
  estimated absolute RMS force accuracy = 0.00030123887
  estimated relative force accuracy = 9.0717191e-07
  using double precision cuFFT
  3d grid and FFT values/proc = 59319 32768
Generated 10 of 10 mixed pair_coeff terms from sixthpower/sixthpower mixing rule
write_restart /home/alexzhao/PolyJarvis/data/PEG_3/attempts/cooling/attempt-0001/work/cool_block_03/cool_block_03_out.restart
System init for write_restart ...
PPPM Kokkos initialization ...
  using 12-bit tables for long-range coulomb
  G vector (1/distance) = 0.30240894
  grid = 32 32 32
  stencil order = 5
  estimated absolute RMS force accuracy = 0.00030123887
  estimated relative force accuracy = 9.0717191e-07
  using double precision cuFFT
  3d grid and FFT values/proc = 59319 32768
Generated 10 of 10 mixed pair_coeff terms from sixthpower/sixthpower mixing rule

print "STAGE COMPLETE: NPT T=450.0->425.0K P=1.0->1.0atm steps=250000"
STAGE COMPLETE: NPT T=450.0->425.0K P=1.0->1.0atm steps=250000
quit
