units real
atom_style full
boundary p p p

# --- Force Field Styles ---
pair_style lj/class2/coul/long 9.5 9.5
kspace_style pppm 1e-6
dielectric 1.000000
bond_style class2
angle_style class2
dihedral_style class2
improper_style class2
special_bonds lj/coul 0 0 1
pair_modify mix sixthpower tail yes
neighbor 2.0 bin
neigh_modify delay 0 every 1 check yes
neigh_modify one 4000
# KOKKOS: package loaded via -pk kokkos on the command line

read_data /home/arz2/PolyJarvis_v2/data/aPS_1/attempts/build/attempt-0001/work/cell/cell.data
Reading data file ...
  orthogonal box = (0 0 0) to (54.28387 54.28387 54.28387)
  1 by 1 by 1 MPI processor grid
  reading atoms ...
  7860 atoms
  scanning bonds ...
  4 = max bonds/atom
  scanning angles ...
  14 = max angles/atom
  scanning dihedrals ...
  34 = max dihedrals/atom
  scanning impropers ...
  11 = max impropers/atom
  orthogonal box = (0 0 0) to (54.28387 54.28387 54.28387)
  1 by 1 by 1 MPI processor grid
  reading bonds ...
  8340 bonds
  reading angles ...
  14700 angles
  reading dihedrals ...
  23430 dihedrals
  reading impropers ...
  6860 impropers
Finding 1-2 1-3 1-4 neighbors ...
  special bond factors lj:    0        0        1       
  special bond factors coul:  0        0        1       
     4 = max # of 1-2 neighbors
     8 = max # of 1-3 neighbors
    12 = max # of special neighbors
  special bonds CPU = 0.004 seconds
  read_data CPU = 0.190 seconds
include /home/arz2/PolyJarvis_v2/data/aPS_1/attempts/build/attempt-0001/work/cell/emc_build.params
# LAMMPS parameters created by EMC v9.4.4, build Jul 21 2026 07:58:38

# Variables

variable	seed		index	120191275
variable	ntotal		index	7860
variable	fshape		index	1
variable	output		index	emc_build
variable	field		index	pcff/pcff
variable	location1	index	/home/arz2/emc/field/
variable	nav		index	0.6022141179
variable	temperature	index	300
variable	radius		index	5
variable	nrelax		index	100
variable	weight_nonbond	index	0.0001
variable	weight_bond	index	0.0001
variable	weight_focus	index	1
variable	cutoff		index	9.5
variable	charge_cutoff	index	9.5
variable	kappa		index	4
variable	density1	index	0.53
variable	lprevious	index	0
variable	lphase		index	54.2838702926
variable	f_poly		index	10
variable	chem_repeat	index	*CC(*)c1ccccc1
variable	chem_cap	index	*[H]
variable	lg_repeat	index	16
variable	lg_cap		index	1
variable	norm_poly	index	100
variable	l_poly		index	786
variable	mg_repeat	index	92.14181
variable	mg_cap		index	1.00797
variable	m_poly		index	4516.96463
variable	n_poly		index	10
variable	mtotal		index	51055.1098
variable	nphase1		index	7860
variable	mphase1		index	51055.1098
variable	vphase1		index	159960.374534
variable	lbox		index	54.2838702926
variable	lphase1		index	54.2838702926
variable	lxx		index	54.2838702926
variable	lyy		index	54.2838702926
variable	lzz		index	54.2838702926
variable	lzy		index	0
variable	lzx		index	0
variable	lyx		index	0
variable	vtotal		index	159960.374534
variable	nl_poly		index	10

# Types

variable	type_c		index	1
variable	type_c1		index	2
variable	type_cp		index	3
variable	type_hc		index	4

variable	type_bond_c_c	index	1
variable	type_bond_c_c1	index	2
variable	type_bond_c_cp	index	3
variable	type_bond_c_hc	index	4
variable	type_bond_c1_cp	index	5
variable	type_bond_c1_hc	index	6
variable	type_bond_cp_cp	index	7
variable	type_bond_cp_hc	index	8

variable	type_angle_c_c_c1 index	1
variable	type_angle_c_c_cp index	2
variable	type_angle_c_c_hc index	3
variable	type_angle_c_c1_c index	4
variable	type_angle_c_c1_cp index	5
variable	type_angle_c_c1_hc index	6
variable	type_angle_c_cp_cp index	7
variable	type_angle_c1_c_c1 index	8
variable	type_angle_c1_c_hc index	9
variable	type_angle_c1_cp_cp index	10
variable	type_angle_cp_c_hc index	11
variable	type_angle_cp_c1_hc index	12
variable	type_angle_cp_cp_cp index	13
variable	type_angle_cp_cp_hc index	14
variable	type_angle_hc_c_hc index	15

# Clusters

variable	n0_poly		index	1
variable	n1_poly		index	10
variable	nl_poly		index	10

# Flags

variable	flag_charged	index	1

# Masses

mass		1    12.01115  # c
mass		2    12.01115  # c1
mass		3    12.01115  # cp
mass		4     1.00797  # hc

# Potentials

pair_modify	mix sixthpower tail yes
special_bonds	lj/coul 0 0 1

# Pair Coeffs

pair_coeff	 1  1    0.05400    4.01000  # c,c
pair_coeff	 2  2    0.05400    4.01000  # c1,c1
pair_coeff	 3  3    0.06400    4.01000  # cp,cp
pair_coeff	 4  4    0.02000    2.99500  # hc,hc

# Bond Coeffs

bond_coeff	1    1.53000  299.67000 -501.77000  679.81000  # c,c
bond_coeff	2    1.53000  299.67000 -501.77000  679.81000  # c,c1
bond_coeff	3    1.50100  321.90210 -521.82080  572.16280  # c,cp
bond_coeff	4    1.10100  345.00000 -691.89000  844.60000  # c,hc
bond_coeff	5    1.50100  321.90210 -521.82080  572.16280  # c1,cp
bond_coeff	6    1.10100  345.00000 -691.89000  844.60000  # c1,hc
bond_coeff	7    1.41700  470.83610 -627.61790 1327.63450  # cp,cp
bond_coeff	8    1.09820  372.82510 -803.45260  894.31730  # cp,hc

# Angle Coeffs

angle_coeff	 1  112.67000   39.51600   -7.44300   -9.55830  # c,c,c1
angle_coeff	 2  108.40000   43.95940   -8.39240   -9.33790  # c,c,cp
angle_coeff	 3  110.77000   41.45300  -10.60400    5.12900  # c,c,hc
angle_coeff	 4  112.67000   39.51600   -7.44300   -9.55830  # c,c1,c
angle_coeff	 5  108.40000   43.95940   -8.39240   -9.33790  # c,c1,cp
angle_coeff	 6  110.77000   41.45300  -10.60400    5.12900  # c,c1,hc
angle_coeff	 7  120.05000   44.71480  -22.73520    0.00000  # c,cp,cp
angle_coeff	 8  112.67000   39.51600   -7.44300   -9.55830  # c1,c,c1
angle_coeff	 9  110.77000   41.45300  -10.60400    5.12900  # c1,c,hc
angle_coeff	10  120.05000   44.71480  -22.73520    0.00000  # c1,cp,cp
angle_coeff	11  111.00000   44.32340   -9.44540    0.00000  # cp,c,hc
angle_coeff	12  111.00000   44.32340   -9.44540    0.00000  # cp,c1,hc
angle_coeff	13  118.90000   61.02260  -34.99310    0.00000  # cp,cp,cp
angle_coeff	14  117.94000   35.15580  -12.46820    0.00000  # cp,cp,hc
angle_coeff	15  107.66000   39.64100  -12.92100   -2.43180  # hc,c,hc

# BondBond Coeffs

angle_coeff	 1 bb    0.00000    1.53000    1.53000  # c,c,c1
angle_coeff	 2 bb    0.00000    1.53000    1.50100  # c,c,cp
angle_coeff	 3 bb    3.38720    1.53000    1.10100  # c,c,hc
angle_coeff	 4 bb    0.00000    1.53000    1.53000  # c,c1,c
angle_coeff	 5 bb    0.00000    1.53000    1.50100  # c,c1,cp
angle_coeff	 6 bb    3.38720    1.53000    1.10100  # c,c1,hc
angle_coeff	 7 bb   12.06760    1.50100    1.41700  # c,cp,cp
angle_coeff	 8 bb    0.00000    1.53000    1.53000  # c1,c,c1
angle_coeff	 9 bb    3.38720    1.53000    1.10100  # c1,c,hc
angle_coeff	10 bb   12.06760    1.50100    1.41700  # c1,cp,cp
angle_coeff	11 bb    2.91680    1.50100    1.10100  # cp,c,hc
angle_coeff	12 bb    2.91680    1.50100    1.10100  # cp,c1,hc
angle_coeff	13 bb   68.28560    1.41700    1.41700  # cp,cp,cp
angle_coeff	14 bb    1.07950    1.41700    1.09820  # cp,cp,hc
angle_coeff	15 bb    5.33160    1.10100    1.10100  # hc,c,hc

# BondAngle Coeffs

angle_coeff	 1 ba    8.01600    8.01600    1.53000    1.53000  # c,c,c1
angle_coeff	 2 ba    0.00000    0.00000    1.53000    1.50100  # c,c,cp
angle_coeff	 3 ba   20.75400   11.42100    1.53000    1.10100  # c,c,hc
angle_coeff	 4 ba    8.01600    8.01600    1.53000    1.53000  # c,c1,c
angle_coeff	 5 ba    0.00000    0.00000    1.53000    1.50100  # c,c1,cp
angle_coeff	 6 ba   20.75400   11.42100    1.53000    1.10100  # c,c1,hc
angle_coeff	 7 ba   47.05790   31.07710    1.50100    1.41700  # c,cp,cp
angle_coeff	 8 ba    8.01600    8.01600    1.53000    1.53000  # c1,c,c1
angle_coeff	 9 ba   20.75400   11.42100    1.53000    1.10100  # c1,c,hc
angle_coeff	10 ba   47.05790   31.07710    1.50100    1.41700  # c1,cp,cp
angle_coeff	11 ba   26.46080   11.77170    1.50100    1.10100  # cp,c,hc
angle_coeff	12 ba   26.46080   11.77170    1.50100    1.10100  # cp,c1,hc
angle_coeff	13 ba   28.87080   28.87080    1.41700    1.41700  # cp,cp,cp
angle_coeff	14 ba   20.00330   24.21830    1.41700    1.09820  # cp,cp,hc
angle_coeff	15 ba   18.10300   18.10300    1.10100    1.10100  # hc,c,hc

# Dihedral Coeffs

dihedral_coeff	 1    0.00000    0.00000    0.05140    0.00000   -0.14300    0.00000  # c,c,c1,c
dihedral_coeff	 2    0.00000    0.00000    0.00000    0.00000    0.15800  180.00000  # c,c,c1,cp
dihedral_coeff	 3    0.00000    0.00000    0.03160    0.00000   -0.16810    0.00000  # c,c,c1,hc
dihedral_coeff	 4   -0.28020    0.00000   -0.06780    0.00000   -0.01220    0.00000  # c,c,cp,cp
dihedral_coeff	 5    0.00000    0.00000    0.05140    0.00000   -0.14300    0.00000  # c,c1,c,c1
dihedral_coeff	 6    0.00000    0.00000    0.03160    0.00000   -0.16810    0.00000  # c,c1,c,hc
dihedral_coeff	 7   -0.28020    0.00000   -0.06780    0.00000   -0.01220    0.00000  # c,c1,cp,cp
dihedral_coeff	 8    0.00000    0.00000    4.40720    0.00000    0.00000    0.00000  # c,cp,cp,cp
dihedral_coeff	 9    0.00000    0.00000    1.55900    0.00000    0.00000    0.00000  # c,cp,cp,hc
dihedral_coeff	10    0.00000    0.00000    0.00000    0.00000    0.15800  180.00000  # c1,c,c,cp
dihedral_coeff	11    0.00000    0.00000    0.03160    0.00000   -0.16810    0.00000  # c1,c,c,hc
dihedral_coeff	12    0.00000    0.00000    0.00000    0.00000    0.15800  180.00000  # c1,c,c1,cp
dihedral_coeff	13    0.00000    0.00000    0.03160    0.00000   -0.16810    0.00000  # c1,c,c1,hc
dihedral_coeff	14    0.00000    0.00000    4.40720    0.00000    0.00000    0.00000  # c1,cp,cp,cp
dihedral_coeff	15    0.00000    0.00000    1.55900    0.00000    0.00000    0.00000  # c1,cp,cp,hc
dihedral_coeff	16   -0.02280    0.00000    0.02800    0.00000   -0.18630    0.00000  # cp,c,c,hc
dihedral_coeff	17   -0.02280    0.00000    0.02800    0.00000   -0.18630    0.00000  # cp,c1,c,hc
dihedral_coeff	18   -0.28010    0.00000   -0.06780    0.00000   -0.01220    0.00000  # cp,cp,c,hc
dihedral_coeff	19   -0.28010    0.00000   -0.06780    0.00000   -0.01220    0.00000  # cp,cp,c1,hc
dihedral_coeff	20    8.36670    0.00000    1.19320    0.00000    0.00000    0.00000  # cp,cp,cp,cp
dihedral_coeff	21    0.00000    0.00000    3.96610    0.00000    0.00000    0.00000  # cp,cp,cp,hc
dihedral_coeff	22   -0.14320    0.00000    0.06170    0.00000   -0.10830    0.00000  # hc,c,c,hc
dihedral_coeff	23   -0.14320    0.00000    0.06170    0.00000   -0.10830    0.00000  # hc,c,c1,hc
dihedral_coeff	24    0.00000    0.00000    1.87690    0.00000    0.00000    0.00000  # hc,cp,cp,hc

# MiddleBondTorsion Coeffs

dihedral_coeff	 1 mbt  -17.78700   -7.18770    0.00000    1.53000  # c,c,c1,c
dihedral_coeff	 2 mbt    0.00000    0.00000    0.00000    1.53000  # c,c,c1,cp
dihedral_coeff	 3 mbt  -14.87900   -3.65810   -0.31380    1.53000  # c,c,c1,hc
dihedral_coeff	 4 mbt    0.00000    0.00000    0.00000    1.50100  # c,c,cp,cp
dihedral_coeff	 5 mbt  -17.78700   -7.18770    0.00000    1.53000  # c,c1,c,c1
dihedral_coeff	 6 mbt  -14.87900   -3.65810   -0.31380    1.53000  # c,c1,c,hc
dihedral_coeff	 7 mbt    0.00000    0.00000    0.00000    1.50100  # c,c1,cp,cp
dihedral_coeff	 8 mbt    0.00000    9.17920    0.00000    1.41700  # c,cp,cp,cp
dihedral_coeff	 9 mbt    0.00000    3.94210    0.00000    1.41700  # c,cp,cp,hc
dihedral_coeff	10 mbt    0.00000    0.00000    0.00000    1.53000  # c1,c,c,cp
dihedral_coeff	11 mbt  -14.87900   -3.65810   -0.31380    1.53000  # c1,c,c,hc
dihedral_coeff	12 mbt    0.00000    0.00000    0.00000    1.53000  # c1,c,c1,cp
dihedral_coeff	13 mbt  -14.87900   -3.65810   -0.31380    1.53000  # c1,c,c1,hc
dihedral_coeff	14 mbt    0.00000    9.17920    0.00000    1.41700  # c1,cp,cp,cp
dihedral_coeff	15 mbt    0.00000    3.94210    0.00000    1.41700  # c1,cp,cp,hc
dihedral_coeff	16 mbt    0.00000    0.00000    0.00000    1.53000  # cp,c,c,hc
dihedral_coeff	17 mbt    0.00000    0.00000    0.00000    1.53000  # cp,c1,c,hc
dihedral_coeff	18 mbt   -5.56790    1.40830    0.30100    1.50100  # cp,cp,c,hc
dihedral_coeff	19 mbt   -5.56790    1.40830    0.30100    1.50100  # cp,cp,c1,hc
dihedral_coeff	20 mbt   27.59890   -2.31200    0.00000    1.41700  # cp,cp,cp,cp
dihedral_coeff	21 mbt    0.00000   -1.15210    0.00000    1.41700  # cp,cp,cp,hc
dihedral_coeff	22 mbt  -14.26100   -0.53220   -0.48640    1.53000  # hc,c,c,hc
dihedral_coeff	23 mbt  -14.26100   -0.53220   -0.48640    1.53000  # hc,c,c1,hc
dihedral_coeff	24 mbt    0.00000    4.82280    0.00000    1.41700  # hc,cp,cp,hc

# EndBondTorsion Coeffs

dihedral_coeff	 1 ebt   -0.07320    0.00000    0.00000   -0.07320    0.00000    0.00000    1.53000    1.53000  # c,c,c1,c
dihedral_coeff	 2 ebt    0.00000    0.00000    0.00000    0.00000    0.00000    0.00000    1.53000    1.50100  # c,c,c1,cp
dihedral_coeff	 3 ebt    0.24860    0.24220   -0.09250    0.08140    0.05910    0.22190    1.53000    1.10100  # c,c,c1,hc
dihedral_coeff	 4 ebt    0.00000    0.00000    0.00000    0.00000    0.00000    0.00000    1.53000    1.41700  # c,c,cp,cp
dihedral_coeff	 5 ebt   -0.07320    0.00000    0.00000   -0.07320    0.00000    0.00000    1.53000    1.53000  # c,c1,c,c1
dihedral_coeff	 6 ebt    0.24860    0.24220   -0.09250    0.08140    0.05910    0.22190    1.53000    1.10100  # c,c1,c,hc
dihedral_coeff	 7 ebt    0.00000    0.00000    0.00000    0.00000    0.00000    0.00000    1.53000    1.41700  # c,c1,cp,cp
dihedral_coeff	 8 ebt    0.00000    0.24210    0.00000    0.00000   -0.69180    0.00000    1.50100    1.41700  # c,cp,cp,cp
dihedral_coeff	 9 ebt    0.00000   -1.79700    0.00000    0.00000   -0.48790    0.00000    1.50100    1.09820  # c,cp,cp,hc
dihedral_coeff	10 ebt    0.00000    0.00000    0.00000    0.00000    0.00000    0.00000    1.53000    1.50100  # c1,c,c,cp
dihedral_coeff	11 ebt    0.24860    0.24220   -0.09250    0.08140    0.05910    0.22190    1.53000    1.10100  # c1,c,c,hc
dihedral_coeff	12 ebt    0.00000    0.00000    0.00000    0.00000    0.00000    0.00000    1.53000    1.50100  # c1,c,c1,cp
dihedral_coeff	13 ebt    0.24860    0.24220   -0.09250    0.08140    0.05910    0.22190    1.53000    1.10100  # c1,c,c1,hc
dihedral_coeff	14 ebt    0.00000    0.24210    0.00000    0.00000   -0.69180    0.00000    1.50100    1.41700  # c1,cp,cp,cp
dihedral_coeff	15 ebt    0.00000   -1.79700    0.00000    0.00000   -0.48790    0.00000    1.50100    1.09820  # c1,cp,cp,hc
dihedral_coeff	16 ebt    0.00000    0.00000    0.00000    0.00000    0.00000    0.00000    1.50100    1.10100  # cp,c,c,hc
dihedral_coeff	17 ebt    0.00000    0.00000    0.00000    0.00000    0.00000    0.00000    1.50100    1.10100  # cp,c1,c,hc
dihedral_coeff	18 ebt   -0.58350    1.12200    0.39780    1.39970    0.77560    0.00000    1.41700    1.10100  # cp,cp,c,hc
dihedral_coeff	19 ebt   -0.58350    1.12200    0.39780    1.39970    0.77560    0.00000    1.41700    1.10100  # cp,cp,c1,hc
dihedral_coeff	20 ebt   -0.11850    6.32040    0.00000   -0.11850    6.32040    0.00000    1.41700    1.41700  # cp,cp,cp,cp
dihedral_coeff	21 ebt    0.00000   -6.89580    0.00000    0.00000   -0.46690    0.00000    1.41700    1.09820  # cp,cp,cp,hc
dihedral_coeff	22 ebt    0.21300    0.31200    0.07770    0.21300    0.31200    0.07770    1.10100    1.10100  # hc,c,c,hc
dihedral_coeff	23 ebt    0.21300    0.31200    0.07770    0.21300    0.31200    0.07770    1.10100    1.10100  # hc,c,c1,hc
dihedral_coeff	24 ebt    0.00000   -0.68900    0.00000    0.00000   -0.68900    0.00000    1.09820    1.09820  # hc,cp,cp,hc

# AngleTorsion Coeffs

dihedral_coeff	 1 at    0.38860   -0.31390    0.13890    0.38860   -0.31390    0.13890  112.67000  112.67000  # c,c,c1,c
dihedral_coeff	 2 at    0.00000    0.00000    0.00000    0.00000    0.00000    0.00000  112.67000  108.40000  # c,c,c1,cp
dihedral_coeff	 3 at   -0.24540    0.00000   -0.11360    0.31130    0.45160   -0.19880  112.67000  110.77000  # c,c,c1,hc
dihedral_coeff	 4 at    0.00000    0.00000    0.00000    0.00000    0.00000    0.00000  108.40000  120.05000  # c,c,cp,cp
dihedral_coeff	 5 at    0.38860   -0.31390    0.13890    0.38860   -0.31390    0.13890  112.67000  112.67000  # c,c1,c,c1
dihedral_coeff	 6 at   -0.24540    0.00000   -0.11360    0.31130    0.45160   -0.19880  112.67000  110.77000  # c,c1,c,hc
dihedral_coeff	 7 at    0.00000    0.00000    0.00000    0.00000    0.00000    0.00000  108.40000  120.05000  # c,c1,cp,cp
dihedral_coeff	 8 at    0.00000   -4.46830    0.00000    0.00000    3.89870    0.00000  120.05000  118.90000  # c,cp,cp,cp
dihedral_coeff	 9 at    0.00000   -0.12420    0.00000    0.00000    3.46010    0.00000  120.05000  117.94000  # c,cp,cp,hc
dihedral_coeff	10 at    0.00000    0.00000    0.00000    0.00000    0.00000    0.00000  112.67000  108.40000  # c1,c,c,cp
dihedral_coeff	11 at   -0.24540    0.00000   -0.11360    0.31130    0.45160   -0.19880  112.67000  110.77000  # c1,c,c,hc
dihedral_coeff	12 at    0.00000    0.00000    0.00000    0.00000    0.00000    0.00000  112.67000  108.40000  # c1,c,c1,cp
dihedral_coeff	13 at   -0.24540    0.00000   -0.11360    0.31130    0.45160   -0.19880  112.67000  110.77000  # c1,c,c1,hc
dihedral_coeff	14 at    0.00000   -4.46830    0.00000    0.00000    3.89870    0.00000  120.05000  118.90000  # c1,cp,cp,cp
dihedral_coeff	15 at    0.00000   -0.12420    0.00000    0.00000    3.46010    0.00000  120.05000  117.94000  # c1,cp,cp,hc
dihedral_coeff	16 at    0.00000    0.00000    0.00000    0.00000    0.00000    0.00000  108.40000  110.77000  # cp,c,c,hc
dihedral_coeff	17 at    0.00000    0.00000    0.00000    0.00000    0.00000    0.00000  108.40000  110.77000  # cp,c1,c,hc
dihedral_coeff	18 at    0.22510    0.65480    0.12370    4.62660    0.16320    0.04610  120.05000  111.00000  # cp,cp,c,hc
dihedral_coeff	19 at    0.22510    0.65480    0.12370    4.62660    0.16320    0.04610  120.05000  111.00000  # cp,cp,c1,hc
dihedral_coeff	20 at    1.97670    1.02390    0.00000    1.97670    1.02390    0.00000  118.90000  118.90000  # cp,cp,cp,cp
dihedral_coeff	21 at    0.00000    2.50140    0.00000    0.00000    2.71470    0.00000  118.90000  117.94000  # cp,cp,cp,hc
dihedral_coeff	22 at   -0.80850    0.55690   -0.24660   -0.80850    0.55690   -0.24660  110.77000  110.77000  # hc,c,c,hc
dihedral_coeff	23 at   -0.80850    0.55690   -0.24660   -0.80850    0.55690   -0.24660  110.77000  110.77000  # hc,c,c1,hc
dihedral_coeff	24 at    0.00000    2.45010    0.00000    0.00000    2.45010    0.00000  117.94000  117.94000  # hc,cp,cp,hc

# AngleAngleTorsion Coeffs

dihedral_coeff	 1 aat  -22.04500  112.67000  112.67000  # c,c,c1,c
dihedral_coeff	 2 aat    0.00000  112.67000  108.40000  # c,c,c1,cp
dihedral_coeff	 3 aat  -16.16400  112.67000  110.77000  # c,c,c1,hc
dihedral_coeff	 4 aat    0.00000  108.40000  120.05000  # c,c,cp,cp
dihedral_coeff	 5 aat  -22.04500  112.67000  112.67000  # c,c1,c,c1
dihedral_coeff	 6 aat  -16.16400  112.67000  110.77000  # c,c1,c,hc
dihedral_coeff	 7 aat    0.00000  108.40000  120.05000  # c,c1,cp,cp
dihedral_coeff	 8 aat  -14.40970  120.05000  118.90000  # c,cp,cp,cp
dihedral_coeff	 9 aat    4.44440  120.05000  117.94000  # c,cp,cp,hc
dihedral_coeff	10 aat    0.00000  112.67000  108.40000  # c1,c,c,cp
dihedral_coeff	11 aat  -16.16400  112.67000  110.77000  # c1,c,c,hc
dihedral_coeff	12 aat    0.00000  112.67000  108.40000  # c1,c,c1,cp
dihedral_coeff	13 aat  -16.16400  112.67000  110.77000  # c1,c,c1,hc
dihedral_coeff	14 aat  -14.40970  120.05000  118.90000  # c1,cp,cp,cp
dihedral_coeff	15 aat    4.44440  120.05000  117.94000  # c1,cp,cp,hc
dihedral_coeff	16 aat    0.00000  108.40000  110.77000  # cp,c,c,hc
dihedral_coeff	17 aat    0.00000  108.40000  110.77000  # cp,c1,c,hc
dihedral_coeff	18 aat   -5.88880  120.05000  111.00000  # cp,cp,c,hc
dihedral_coeff	19 aat   -5.88880  120.05000  111.00000  # cp,cp,c1,hc
dihedral_coeff	20 aat    0.00000  118.90000  118.90000  # cp,cp,cp,cp
dihedral_coeff	21 aat   -4.81410  118.90000  117.94000  # cp,cp,cp,hc
dihedral_coeff	22 aat  -12.56400  110.77000  110.77000  # hc,c,c,hc
dihedral_coeff	23 aat  -12.56400  110.77000  110.77000  # hc,c,c1,hc
dihedral_coeff	24 aat    0.35980  117.94000  117.94000  # hc,cp,cp,hc

# BondBond13 Coeffs

dihedral_coeff	 1 bb13    0.00000    1.53000    1.53000  # c,c,c1,c
dihedral_coeff	 2 bb13    0.00000    1.53000    1.50100  # c,c,c1,cp
dihedral_coeff	 3 bb13    0.00000    1.53000    1.10100  # c,c,c1,hc
dihedral_coeff	 4 bb13    0.00000    1.53000    1.41700  # c,c,cp,cp
dihedral_coeff	 5 bb13    0.00000    1.53000    1.53000  # c,c1,c,c1
dihedral_coeff	 6 bb13    0.00000    1.53000    1.10100  # c,c1,c,hc
dihedral_coeff	 7 bb13    0.00000    1.53000    1.41700  # c,c1,cp,cp
dihedral_coeff	 8 bb13    2.50850    1.50100    1.41700  # c,cp,cp,cp
dihedral_coeff	 9 bb13    0.87430    1.50100    1.09820  # c,cp,cp,hc
dihedral_coeff	10 bb13    0.00000    1.53000    1.50100  # c1,c,c,cp
dihedral_coeff	11 bb13    0.00000    1.53000    1.10100  # c1,c,c,hc
dihedral_coeff	12 bb13    0.00000    1.53000    1.50100  # c1,c,c1,cp
dihedral_coeff	13 bb13    0.00000    1.53000    1.10100  # c1,c,c1,hc
dihedral_coeff	14 bb13    2.50850    1.50100    1.41700  # c1,cp,cp,cp
dihedral_coeff	15 bb13    0.87430    1.50100    1.09820  # c1,cp,cp,hc
dihedral_coeff	16 bb13    0.00000    1.50100    1.10100  # cp,c,c,hc
dihedral_coeff	17 bb13    0.00000    1.50100    1.10100  # cp,c1,c,hc
dihedral_coeff	18 bb13   -3.48260    1.41700    1.10100  # cp,cp,c,hc
dihedral_coeff	19 bb13   -3.48260    1.41700    1.10100  # cp,cp,c1,hc
dihedral_coeff	20 bb13   53.00000    1.41700    1.41700  # cp,cp,cp,cp
dihedral_coeff	21 bb13   -6.27410    1.41700    1.09820  # cp,cp,cp,hc
dihedral_coeff	22 bb13    0.00000    1.10100    1.10100  # hc,c,c,hc
dihedral_coeff	23 bb13    0.00000    1.10100    1.10100  # hc,c,c1,hc
dihedral_coeff	24 bb13   -1.70770    1.09820    1.09820  # hc,cp,cp,hc

# Improper Coeffs

improper_coeff	 1    0.00000    0.00000  # c,c,cp,hc
improper_coeff	 2    0.00000    0.00000  # c,c,hc,c1
improper_coeff	 3    0.00000    0.00000  # c,c,hc,cp
improper_coeff	 4    0.00000    0.00000  # c,c,hc,hc
improper_coeff	 5    0.00000    0.00000  # c,c1,c1,hc
improper_coeff	 6    0.00000    0.00000  # c,c1,hc,hc
improper_coeff	 7    0.00000    0.00000  # c,cp,hc,hc
improper_coeff	 8    0.00000    0.00000  # c,hc,hc,hc
improper_coeff	 9    0.00000    0.00000  # c1,c,c,cp
improper_coeff	10    0.00000    0.00000  # c1,c,c,hc
improper_coeff	11    0.00000    0.00000  # c1,c,cp,hc
improper_coeff	12    7.81530    0.00000  # cp,c,cp,cp
improper_coeff	13    7.81530    0.00000  # cp,c1,cp,cp
improper_coeff	14    4.89120    0.00000  # cp,cp,cp,hc

# AngleAngle Coeffs

improper_coeff	 1 aa    2.04030   -1.82020    1.08270  108.40000  110.77000  111.00000  # c,c,cp,hc
improper_coeff	 2 aa    0.11840   -1.31990   -1.31990  110.77000  112.67000  110.77000  # c,c,hc,c1
improper_coeff	 3 aa    1.08270   -1.82020    2.04030  110.77000  108.40000  111.00000  # c,c,hc,cp
improper_coeff	 4 aa    0.27380   -0.48250    0.27380  110.77000  110.77000  107.66000  # c,c,hc,hc
improper_coeff	 5 aa   -1.31990   -1.31990    0.11840  112.67000  110.77000  110.77000  # c,c1,c1,hc
improper_coeff	 6 aa    0.27380   -0.48250    0.27380  110.77000  110.77000  107.66000  # c,c1,hc,hc
improper_coeff	 7 aa    2.37940    3.01180    2.37940  111.00000  111.00000  107.66000  # c,cp,hc,hc
improper_coeff	 8 aa   -0.31570   -0.31570   -0.31570  107.66000  107.66000  107.66000  # c,hc,hc,hc
improper_coeff	 9 aa    0.00000    0.00000    0.00000  112.67000  108.40000  108.40000  # c1,c,c,cp
improper_coeff	10 aa   -1.31990   -1.31990    0.11840  112.67000  110.77000  110.77000  # c1,c,c,hc
improper_coeff	11 aa    2.04030   -1.82020    1.08270  108.40000  110.77000  111.00000  # c1,c,cp,hc
improper_coeff	12 aa    0.00000    0.00000    0.00000  120.05000  120.05000  118.90000  # cp,c,cp,cp
improper_coeff	13 aa    0.00000    0.00000    0.00000  120.05000  120.05000  118.90000  # cp,c1,cp,cp
improper_coeff	14 aa    0.00000    0.00000    0.00000  118.90000  117.94000  117.94000  # cp,cp,cp,hc


# --- Thermo Output ---
thermo_style custom step time temp press etotal pe ebond eangle edihed eimp evdwl ecoul elong vol lx ly lz density
thermo_modify flush yes
thermo 500

# --- Trajectory ---
dump dump_min all custom 1000 minimize.dump id type mol x y z ix iy iz

# --- Minimization ---
min_style cg
minimize 1e-06 1e-06 50000 100000
PPPM Kokkos initialization ...
  using 12-bit tables for long-range coulomb
  G vector (1/distance) = 0.29491471
  grid = 36 36 36
  stencil order = 5
  estimated absolute RMS force accuracy = 0.00030168479
  estimated relative force accuracy = 9.085148e-07
  using double precision cuFFT
  3d grid and FFT values/proc = 79507 46656
Generated 6 of 6 mixed pair_coeff terms from sixthpower/sixthpower mixing rule
Neighbor list info ...
  update: every = 1 steps, delay = 0 steps, check = yes
  max neighbors/atom: 4000, page size: 100000
  master list distance cutoff = 11.5
  ghost atom cutoff = 11.5
  binsize = 11.5, bins = 5 5 5
  1 neighbor lists, perpetual/occasional/extra = 1 0 0
  (1) pair lj/class2/coul/long/kk, perpetual
      attributes: full, newton off, kokkos_device
      pair build: full/bin/kk/device
      stencil: full/bin/3d
      bin: kk/device
WARNING: Fix MINIMIZE/kk not compatible with sending data in Kokkos communication (src/KOKKOS/comm_kokkos.cpp:767)
WARNING: Fix with atom-based arrays not compatible with sending data in Kokkos communication, switching to classic exchange/border communication (src/KOKKOS/comm_kokkos.cpp:780)
WARNING: Fix MINIMIZE/kk not compatible with Kokkos sorting on device (src/KOKKOS/atom_kokkos.cpp:212)
WARNING: Fix with atom-based arrays not compatible with Kokkos sorting on device, switching to classic host sorting (src/KOKKOS/atom_kokkos.cpp:218)
Per MPI rank memory allocation (min/avg/max) = 47.06 | 47.06 | 47.06 Mbytes
   Step          Time           Temp          Press          TotEng         PotEng         E_bond        E_angle        E_dihed        E_impro         E_vdwl         E_coul         E_long         Volume           Lx             Ly             Lz          Density    
         0   0              0              13503.41       36534.268      36534.268      4443.0376      7572.8435      15757.949      1375.7433      7383.3797      4546.6795     -4545.3644      159960.37      54.28387       54.28387       54.28387       0.52999999   
       500   500            0             -220.02055      499.53772      499.53772      1065.3773      1774.93       -3523.9153      40.569989      1140.1999      4603.8205     -4601.4447      159960.37      54.28387       54.28387       54.28387       0.52999999   
      1000   1000           0             -394.24478     -221.12396     -221.12396      1007.866       1529.6327     -3651.8419      32.027613      861.00438      4609.3502     -4609.1629      159960.37      54.28387       54.28387       54.28387       0.52999999   
      1500   1500           0             -311.60798     -411.7477      -411.7477       1002.4069      1481.308      -3683.3579      31.003473      765.12901      4610.2289     -4618.4661      159960.37      54.28387       54.28387       54.28387       0.52999999   
      2000   2000           0             -336.88355     -504.34164     -504.34164      996.073        1462.9604     -3683.618       30.363195      711.13581      4598.6276     -4619.8837      159960.37      54.28387       54.28387       54.28387       0.52999999   
      2500   2500           0             -335.81368     -575.6968      -575.6968       992.0127       1441.7236     -3696.3247      30.024716      684.87627      4595.0138     -4623.0232      159960.37      54.28387       54.28387       54.28387       0.52999999   
      3000   3000           0             -299.07563     -627.10993     -627.10993      985.87337      1432.6889     -3707.7836      29.538173      659.76351      4597.9264     -4625.1167      159960.37      54.28387       54.28387       54.28387       0.52999999   
      3500   3500           0             -330.15407     -653.46928     -653.46928      983.99698      1432.5444     -3718.9432      29.530984      644.53113      4598.2257     -4623.3554      159960.37      54.28387       54.28387       54.28387       0.52999999   
      4000   4000           0             -357.28305     -667.81604     -667.81604      983.32163      1430.4791     -3720.2632      29.208986      636.02204      4597.9723     -4624.5569      159960.37      54.28387       54.28387       54.28387       0.52999999   
      4084   4084           0             -355.49702     -669.39913     -669.39913      983.55603      1430.2228     -3720.0199      29.182545      635.20204      4597.4099     -4624.9525      159960.37      54.28387       54.28387       54.28387       0.52999999   
Loop time of 32.0113 on 1 procs for 4084 steps with 7860 atoms

100.0% CPU use with 1 MPI tasks x 1 OpenMP threads

Minimization stats:
  Stopping criterion = energy tolerance
  Energy initial, next-to-last, final = 
       36534.267861234  -669.398820076482  -669.399127953532
  Force two-norm initial, final = 3512.2862 5.1375074
  Force max component initial, final = 136.9528 1.3216798
  Final line search alpha, max atom move = 0.020051822 0.026502088
  Iterations, force evaluations = 4084 8061

MPI task timing breakdown:
Section |  min time  |  avg time  |  max time  |%varavg| %total
---------------------------------------------------------------
Pair    | 16.089     | 16.089     | 16.089     |   0.0 | 50.26
Bond    | 5.6307     | 5.6307     | 5.6307     |   0.0 | 17.59
Kspace  | 7.7393     | 7.7393     | 7.7393     |   0.0 | 24.18
Neigh   | 1.2556     | 1.2556     | 1.2556     |   0.0 |  3.92
Comm    | 0.21332    | 0.21332    | 0.21332    |   0.0 |  0.67
Output  | 0.041356   | 0.041356   | 0.041356   |   0.0 |  0.13
Modify  | 0          | 0          | 0          |   0.0 |  0.00
Other   |            | 1.042      |            |       |  3.25

Nlocal:           7860 ave        7860 max        7860 min
Histogram: 1 0 0 0 0 0 0 0 0 0
Nghost:          16791 ave       16791 max       16791 min
Histogram: 1 0 0 0 0 0 0 0 0 0
Neighs:              0 ave           0 max           0 min
Histogram: 1 0 0 0 0 0 0 0 0 0
FullNghs:  3.27888e+06 ave 3.27888e+06 max 3.27888e+06 min
Histogram: 1 0 0 0 0 0 0 0 0 0

Total # of neighbors = 3278884
Ave neighs/atom = 417.16081
Ave special neighs/atom = 5.8625954
Neighbor list builds = 100
Dangerous builds = 0

undump dump_min
reset_timestep 0

# --- Write Output ---
write_dump all custom minimize_last.dump id type mol x y z xu yu zu vx vy vz modify sort id
write_data /home/arz2/PolyJarvis_v2/data/aPS_1/attempts/equilibration/attempt-0001/work/minimize/minimize_out.data
System init for write_data ...
PPPM Kokkos initialization ...
  using 12-bit tables for long-range coulomb
  G vector (1/distance) = 0.29491471
  grid = 36 36 36
  stencil order = 5
  estimated absolute RMS force accuracy = 0.00030168479
  estimated relative force accuracy = 9.085148e-07
  using double precision cuFFT
  3d grid and FFT values/proc = 79507 46656
Generated 6 of 6 mixed pair_coeff terms from sixthpower/sixthpower mixing rule
write_restart /home/arz2/PolyJarvis_v2/data/aPS_1/attempts/equilibration/attempt-0001/work/minimize/minimize_out.restart
System init for write_restart ...
PPPM Kokkos initialization ...
  using 12-bit tables for long-range coulomb
  G vector (1/distance) = 0.29491471
  grid = 36 36 36
  stencil order = 5
  estimated absolute RMS force accuracy = 0.00030168479
  estimated relative force accuracy = 9.085148e-07
  using double precision cuFFT
  3d grid and FFT values/proc = 79507 46656
Generated 6 of 6 mixed pair_coeff terms from sixthpower/sixthpower mixing rule

print "STAGE COMPLETE: minimization"
STAGE COMPLETE: minimization
quit
