units real
atom_style full
boundary p p p

# --- Force Field Styles ---
pair_style lj/class2/coul/long 9.5 9.5
kspace_style pppm 1e-6
dielectric 1.000000
bond_style class2
angle_style class2
dihedral_style class2
improper_style class2
special_bonds lj/coul 0 0 1
pair_modify mix sixthpower tail yes
neighbor 2.0 bin
neigh_modify delay 0 every 1 check yes
neigh_modify one 4000
# KOKKOS: package loaded via -pk kokkos on the command line

read_data /home/alexzhao/PolyJarvis/data/PEG_COMPASS_2/attempts/cooling/attempt-0001/work/cool_block_01/cool_block_01_out.data
Reading data file ...
  orthogonal box = (3.7424434 3.7424434 3.7424434) to (47.779614 47.779614 47.779614)
  1 by 1 by 1 MPI processor grid
  reading atoms ...
  8000 atoms
  reading velocities ...
  8000 velocities
  scanning bonds ...
  4 = max bonds/atom
  scanning angles ...
  10 = max angles/atom
  scanning dihedrals ...
  16 = max dihedrals/atom
  scanning impropers ...
  7 = max impropers/atom
  orthogonal box = (3.7424434 3.7424434 3.7424434) to (47.779614 47.779614 47.779614)
  1 by 1 by 1 MPI processor grid
  reading bonds ...
  7990 bonds
  reading angles ...
  14820 angles
  reading dihedrals ...
  17070 dihedrals
  reading impropers ...
  9120 impropers
Finding 1-2 1-3 1-4 neighbors ...
  special bond factors lj:    0        0        1       
  special bond factors coul:  0        0        1       
     4 = max # of 1-2 neighbors
     6 = max # of 1-3 neighbors
     8 = max # of special neighbors
  special bonds CPU = 0.003 seconds
  read_data CPU = 0.217 seconds


# --- Thermo Output ---
thermo_style custom step time temp press enthalpy etotal ke pe ebond eangle edihed eimp evdwl ecoul elong etail vol lx ly lz density pxx pyy pzz
thermo_modify flush yes
thermo 1000

# --- Trajectory ---
dump dump_npt all custom 1000 cool_block_02.dump id type mol x y z ix iy iz vx vy vz


# --- Restart Checkpointing ---
restart 10000 npt_1.rst npt_2.rst

# --- Initial Velocities (optional) ---
# Velocities read from data file

# --- SHAKE Constraints ---
# SHAKE disabled

# --- NPT Thermostat + Barostat (Nose-Hoover) ---
# T_damp = 100.0 fs  (heat bath coupling)
# P_damp = 1000.0 fs  (pressure bath coupling, ~10x T_damp typical)
# Ramp: T=475.0->450.0K  P=1.0->1.0atm
timestep 1.0
fix npt_fix all npt temp 475.0 450.0 100.0 iso 1.0 1.0 1000.0

run 250000
PPPM Kokkos initialization ...
  using 12-bit tables for long-range coulomb
  G vector (1/distance) = 0.31208069
  grid = 36 36 36
  stencil order = 5
  estimated absolute RMS force accuracy = 0.00024870308
  estimated relative force accuracy = 7.4896194e-07
  using double precision cuFFT
  3d grid and FFT values/proc = 79507 46656
Generated 15 of 15 mixed pair_coeff terms from sixthpower/sixthpower mixing rule
Neighbor list info ...
  update: every = 1 steps, delay = 0 steps, check = yes
  max neighbors/atom: 4000, page size: 100000
  master list distance cutoff = 11.5
  ghost atom cutoff = 11.5
  binsize = 11.5, bins = 4 4 4
  1 neighbor lists, perpetual/occasional/extra = 1 0 0
  (1) pair lj/class2/coul/long/kk, perpetual
      attributes: full, newton off, kokkos_device
      pair build: full/bin/kk/device
      stencil: full/bin/3d
      bin: kk/device
Per MPI rank memory allocation (min/avg/max) = 37.18 | 37.18 | 37.18 Mbytes
   Step          Time           Temp          Press         Enthalpy        TotEng         KinEng         PotEng         E_bond        E_angle        E_dihed        E_impro         E_vdwl         E_coul         E_long         E_tail         Volume           Lx             Ly             Lz          Density          Pxx            Pyy            Pzz      
         0   0              474.90694      946.99074      20792.228      19612.777      11323.443      8289.3341      4208.1493      8185.2062     -6425.4908     -86.064264     -2676.087       12990.818     -7907.1978     -342.68314      85400.068      44.03717       44.03717       44.03717       0.97690245     1093.2339      1319.4943      428.24402    
      1000   1000           465.86871      738.30229      20076.998      19168.64       11107.94       8060.7         4108.0018      8021.605      -6392.2826     -94.696287     -2646.4731      12982.857     -7918.3119     -346.89992      84361.978      43.85801       43.85801       43.85801       0.98892342     146.2945       504.40122      1564.2111    
      2000   2000           466.90163     -869.4471       18494.162      19593.023      11132.569      8460.4545      4149.5375      8364.3245     -6398.3768     -100.84057     -2588.0485      12959.082     -7925.2241     -337.69684      86661.053      44.252858      44.252858      44.252858      0.96268777    -5.6186787     -1276.0562     -1326.6664    
      3000   3000           475.80791     -151.87252      19396.612      19586.526      11344.926      8241.6002      4166.1856      8030.6423     -6275.828      -90.612697     -2619.31        12948.371     -7917.8483     -341.31         85743.646      44.096148      44.096148      44.096148      0.97298796    -1387.4393      1078.4309     -146.60916    
      4000   4000           476.10721      69.850973      19786.353      19700.014      11352.062      8347.9519      4257.8028      8138.8416     -6373.0378     -92.382229     -2620.4707      12953.008     -7915.8095     -345.29678      84753.653      43.925779      43.925779      43.925779      0.98435327    -437.08217      1374.0173     -727.3822     
      5000   5000           473.06777      991.89017      20729.066      19512.184      11279.591      8232.5927      4192.4757      8059.4698     -6245.4725     -92.213106     -2704.2079      12945.589     -7923.0487     -347.89007      84121.87       43.816361      43.816361      43.816361      0.99174609     777.41484      1381.3208      816.93486    
      6000   6000           475.46781      733.61842      20575.309      19681.277      11336.816      8344.4602      4269.2264      8252.472      -6423.191      -90.08796      -2718.6872      12971.576     -7916.8477     -350.22244      83561.645      43.718877      43.718877      43.718877      0.99839508    -64.687228      2347.0524     -81.509935    
      7000   7000           478.57375     -679.88849      18893.655      19742.079      11410.873      8331.2063      4249.6561      8057.9818     -6315.0726     -94.15013      -2629.8009      12973.088     -7910.4955     -342.01976      85565.71       44.065624      44.065624      44.065624      0.97501131    -2215.1795     -513.4859       688.99991    
      8000   8000           471.61135     -311.08461      19071.784      19458.943      11244.865      8214.0784      4120.7853      8010.7364     -6333.6027     -88.580031     -2559.1809      12970.073     -7906.1523     -342.93776      85336.661      44.026269      44.026269      44.026269      0.97762831    -1189.4619      672.68639     -416.47829    
      9000   9000           472.10055      998.67312      20814.52       19580.984      11256.529      8324.4544      4223.4608      8157.0056     -6369.2979     -89.79359      -2645.754       12966.939     -7918.1057     -345.54006      84693.983      43.915468      43.915468      43.915468      0.98504679     1225.9521      178.27279      1591.7945    
     10000   10000          471.8751      -442.45445      18725.214      19279.273      11251.154      8028.1189      4176.6132      7921.0332     -6415.0729     -87.32254      -2639.954       12979.712     -7906.8905     -340.83181      85863.944      44.11676       44.11676       44.11676       0.97162478     1253.6954     -1370.8939     -1210.1648    
     11000   11000          472.72866      198.25153      19576.156      19332.769      11271.506      8061.2638      4124.6861      7938.9455     -6301.6731     -90.973899     -2684.2222      12993.222     -7918.7208     -347.65364      84179.079      43.826292      43.826292      43.826292      0.99107208    -427.50965     -779.43141      1801.6956    
     12000   12000          475.63048      464.92531      20152.818      19569.904      11340.695      8229.2089      4106.9211      7988.6231     -6244.5771     -91.678278     -2607.9132      12993.22      -7915.3869     -340.41279      85969.636      44.134854      44.134854      44.134854      0.97043026     264.32691      299.50986      830.93917    
     13000   13000          467.32367      690.16453      20285.182      19429.198      11142.632      8286.5662      4216.6487      8192.8206     -6483.4775     -91.799955     -2647.3272      13007.355     -7907.6537     -344.1233       85042.667      43.975652      43.975652      43.975652      0.98100798     1226.3771      308.35199      535.76451    
     14000   14000          471.42603     -329.5436       19075.253      19488.697      11240.446      8248.2507      4222.9675      7999.7796     -6361.1925     -97.477068     -2610.5946      12996.156     -7901.3886     -340.1911       86025.658      44.144439      44.144439      44.144439      0.96979828     746.12238     -469.32227     -1265.4309    
     15000   15000          467.6678      -1913.8635      17104.473      19461.492      11150.837      8310.6548      4284.0532      8110.6131     -6388.815      -91.862515     -2671.7055      12975.438     -7907.0665     -346.55701      84445.453      43.87247       43.87247       43.87247       0.98794586    -2159.7266     -407.30123     -3174.5628    
     16000   16000          466.8208       226.8821       19603.862      19320.682      11130.642      8190.0402      4136.0216      8022.9784     -6282.2595     -91.337631     -2686.2686      13002.737     -7911.8309     -341.95151      85582.788      44.068555      44.068555      44.068555      0.97481676     412.93508     -49.508652      317.21987    
     17000   17000          473.79323      1024.7172      20693.489      19440.862      11296.889      8143.9736      4088.4247      8281.0303     -6420.9057     -95.762703     -2714.2561      12929.006     -7923.5627     -349.14777      83818.846      43.763686      43.763686      43.763686      0.99533147    -663.11763      2461.6117      1275.6576    
     18000   18000          472.99007      1331.535       21232.714      19572.468      11277.739      8294.7296      4295.1545      8030.3972     -6319.4476     -89.079463     -2633.7758      12940.577     -7929.0968     -342.30003      85495.651      44.053594      44.053594      44.053594      0.97581029     612.62638      1694.6976      1687.2812    
     19000   19000          474.21576     -1149.6675      17996.188      19405.011      11306.963      8098.0472      4206.8343      8041.3447     -6385.6549     -83.822018     -2749.9026      12982.634     -7913.3858     -348.29153      84024.908      43.79952       43.79952       43.79952       0.99289053    -2415.8357     -364.29582     -668.87098    
     20000   20000          477.10665      586.37085      20356.763      19630.5        11375.892      8254.6083      4171.5995      8117.7801     -6361.5145     -93.320378     -2632.8363      12952.881     -7899.9809     -344.59216      84926.958      43.955699      43.955699      43.955699      0.98234456     1245.047      -924.30862      1438.3742    
     21000   21000          475.6345      -124.91413      19396.354      19551.626      11340.791      8210.835       4165.1568      8028.273      -6403.4405     -87.553849     -2650.2268      13053.127     -7894.5003     -343.3559       85232.738      44.00839       44.00839       44.00839       0.97882032    -499.63057     -252.65016      377.53835    
     22000   22000          474.26669     -1238.8607      17923.607      19473.964      11308.178      8165.7863      4264.6925      7953.8741     -6398.6224     -89.086962     -2625.2778      12979.918     -7919.7113     -341.04968      85809.092      44.107364      44.107364      44.107364      0.97224587    -1386.9516     -781.5027      -1548.1277    
     23000   23000          476.0927       470.19366      20263.569      19680.957      11351.716      8329.2406      4291.7089      7976.3702     -6348.0064     -93.263593     -2605.6463      13007.545     -7899.4672     -344.44803      84962.493      43.961829      43.961829      43.961829      0.98193371     311.52993     -10.865048      1109.9161    
     24000   24000          465.36027      317.5423       19712.621      19322.957      11095.817      8227.1397      4205.7893      7991.3517     -6281.1435     -91.52041      -2657.2987      12966.298     -7906.3371     -347.80702      84141.957      43.819848      43.819848      43.819848      0.99150933     1252.7717     -166.0887      -134.05611    
     25000   25000          468.53905     -564.94395      18823.531      19530.34       11171.611      8358.7295      4231.5251      8132.1305     -6332.0847     -95.11773      -2607.3731      12946.34      -7916.691      -341.13811      85786.848      44.103552      44.103552      44.103552      0.97249797    -520.16578     -385.44615     -789.21992    
     26000   26000          472.74591      768.36312      20799.243      19841.77       11271.917      8569.8532      4373.7544      8123.6279     -6247.087      -89.755702     -2671.3969      12988.397     -7907.6868     -342.50505      85444.472      44.044802      44.044802      44.044802      0.97639477    -328.18766      1799.0109      834.26611    
     27000   27000          469.50202      326.15224      20014.977      19609.506      11194.571      8414.9345      4294.2848      8109.2076     -6363.0842     -92.418483     -2621.8629      12991.898     -7903.0901     -343.31068      85243.965      44.010322      44.010322      44.010322      0.9786914      693.94273      575.35864     -290.84466    
     28000   28000          470.4718      -1761.1427      17125.936      19314.113      11217.694      8096.4191      4178.0673      8002.5309     -6338.1749     -96.498638     -2703.0452      12962.882     -7909.3426     -343.50961      85194.599      44.001825      44.001825      44.001825      0.9792585     -1642.9232     -2010.5468     -1629.958     
     29000   29000          474.63795     -930.17259      18346.022      19511.034      11317.03       8194.0042      4114.7263      7999.6578     -6289.9627     -91.708319     -2626.5004      12992.032     -7904.2408     -340.7688       85879.82       44.119479      44.119479      44.119479      0.97144516    -1739.9318     -1204.8638      154.27783    
     30000   30000          483.94725      686.08362      20527.016      19675.483      11538.996      8136.4873      4183.1746      8013.036      -6374.5018     -92.87011      -2598.1029      12937.353     -7931.6014     -343.87638      85103.733      43.986176      43.986176      43.986176      0.98030407     595.56685     -110.17198      1572.856     
     31000   31000          465.69494     -1001.562       18220.906      19477.992      11103.797      8374.1949      4247.604       8140.5891     -6359.9849     -96.046704     -2589.5174      12944.132     -7912.5815     -340.04766      86061.947      44.150645      44.150645      44.150645      0.96938935    -1167.0553      266.93391     -2104.5646    
     32000   32000          474.92638      971.73142      20870.899      19668.949      11323.907      8345.0424      4280.5029      8086.6285     -6383.7965     -92.500687     -2601.4879      12962.04      -7906.3435     -345.0537       84813.359      43.936092      43.936092      43.936092      0.98366032     1861.2006      105.9218       948.0719     
     33000   33000          466.11358     -1880.3853      16860.309      19180.113      11113.779      8066.3343      4240.3013      7831.8857     -6237.974      -90.387152     -2736.3089      12970.499     -7911.6818     -345.95721      84591.86       43.89781       43.89781       43.89781       0.98623598    -2293.8237     -1395.9948     -1951.3375    
     34000   34000          477.54808      896.59379      20583.604      19484.895      11386.418      8098.4773      4099.7667      8010.8193     -6361.4965     -91.416988     -2653.6699      13006.727     -7912.2526     -348.28907      84025.501      43.799623      43.799623      43.799623      0.99288352    -26.701186      1422.3496      1294.133     
     35000   35000          471.24579      106.07546      19411.014      19281.104      11236.149      8044.9557      4132.3493      7968.821      -6351.0228     -88.29604      -2694.9859      12988.505     -7910.415      -348.49778      83975.18       43.790878      43.790878      43.790878      0.99347849     1194.4295     -2153.0838      1276.8807    
     36000   36000          465.29348      712.18093      20268.805      19384.009      11094.225      8289.784       4205.2863      8011.1665     -6334.8344     -84.804126     -2578.3968      12972.023     -7900.6564     -343.53728      85187.738      44.000644      44.000644      44.000644      0.97933737    -1432.8312      3174.2825      395.09152    
     37000   37000          471.15804      125.87315      19433.297      19278.458      11234.056      8044.4014      4073.6421      7973.1779     -6377.8947     -93.024309     -2669.5568      13034.094     -7896.0365     -346.95887      84347.645      43.855526      43.855526      43.855526      0.98909147     491.64664      830.93938     -944.96658    
     38000   38000          466.78942      897.07667      20517.805      19410.802      11129.893      8280.9087      4174.9638      8301.2277     -6512.7881     -96.270951     -2668.5816      12985.292     -7902.934      -345.86571      84614.238      43.901681      43.901681      43.901681      0.98597515     1147.3824      1119.0939      424.75371    
     39000   39000          467.09951      1196.2584      20835.294      19365.693      11137.287      8228.4058      4113.5615      8004.3026     -6303.6731     -95.47433      -2647.3831      13035.055     -7877.9829     -347.41802      84236.171      43.836197      43.836197      43.836197      0.99040037     488.76816      358.1256       2741.8815    
     40000   40000          473.20867     -51.948171      19358.676      19423.338      11282.951      8140.3875      4162.1489      8066.3809     -6372.0863     -88.486072     -2695.7383      12979.817     -7911.6486     -342.88431      85349.965      44.028557      44.028557      44.028557      0.97747592     1220.4588     -74.035002     -1302.2683    
     41000   41000          471.55725      815.89317      20173.888      19168.97       11243.575      7925.3953      4116.4469      8071.836      -6489.3323     -90.086139     -2753.023       12985.869     -7916.3157     -346.52108      84454.209      43.873987      43.873987      43.873987      0.98784342     1273.3563      904.56281      269.76038    
     42000   42000          479.66818      1567.2663      21497.892      19583.836      11436.968      8146.868       4194.1041      8082.8214     -6375.3025     -91.997714     -2728.4503      12971.736     -7906.0431     -349.47415      83740.566      43.750058      43.750058      43.750058      0.9962619      1362.8841     -330.2695       3669.1842    
     43000   43000          468.08725      1076.2616      20735.708      19400.319      11160.838      8239.4814      4221.3857      8032.269      -6338.1171     -93.462235     -2647.5524      12976.453     -7911.4943     -343.98292      85077.373      43.981634      43.981634      43.981634      0.9806078      779.88644      925.49822      1523.4       
     44000   44000          463.68952      803.20799      20262.598      19271.532      11055.981      8215.5513      4333.5132      7917.205      -6418.0254     -85.891426     -2622.9837      12988.926     -7897.1922     -345.90126      84605.541      43.900177      43.900177      43.900177      0.98607649     88.869744      1356.2773      964.47695    
     45000   45000          464.70062      448.33126      19947.159      19388.929      11080.089      8308.8397      4200.4776      8101.946      -6378.0453     -92.619699     -2628.9784      12999.493     -7893.4331     -342.77772      85376.504      44.03312       44.03312       44.03312       0.97717207     1146.9312      1110.9074     -912.84489    
     46000   46000          472.78994     -81.039329      19252.914      19352.346      11272.967      8079.3795      4119.2602      7983.3432     -6321.0778     -92.544868     -2652.202       12960.83      -7918.2288     -347.85273      84130.9        43.817929      43.817929      43.817929      0.99163964    -1801.1326      2229.494      -671.47939    
     47000   47000          473.0259      -16.464321      19286.846      19306.898      11278.593      8028.3057      4208.2412      8147.5796     -6456.6585     -94.947893     -2808.7557      12957.232     -7924.3856     -350.43866      83510.088      43.709883      43.709883      43.709883      0.99901147     232.46698      1223.598      -1505.4579    
     48000   48000          469.75895     -245.6912       18879.719      19179.444      11200.697      7978.7469      4310.8303      7947.9867     -6452.3157     -92.657268     -2761.8636      12945.217     -7918.451      -349.8592       83648.404      43.734002      43.734002      43.734002      0.99735956    -69.694065      600.60546     -1267.985     
     49000   49000          469.74091     -567.69899      18598.857      19301.486      11200.267      8101.2184      4190.4704      8047.9045     -6385.7329     -89.119552     -2719.7838      12969.009     -7911.5289     -344.84139      84865.578      43.945107      43.945107      43.945107      0.98305505    -1464.5047      700.98885     -939.58109    
     50000   50000          474.43833     -405.27437      19108.372      19608.51       11312.27       8296.2397      4213.0821      8169.8831     -6356.3775     -91.52653      -2655.3621      12935.699     -7919.1581     -345.84881      84618.373      43.902396      43.902396      43.902396      0.98592696    -248.71359     -53.790161     -913.31936    
     51000   51000          476.52755     -593.39072      18713.747      19440.438      11362.084      8078.3531      4233.9329      7925.6566     -6318.4315     -86.798607     -2705.351       12953.262     -7923.9177     -348.51225      83971.692      43.790271      43.790271      43.790271      0.99351976     10.712453     -1694.0137     -96.870881    
     52000   52000          469.2099       950.79329      20537.425      19359.415      11187.606      8171.8087      4129.0127      8140.2893     -6399.8491     -88.312206     -2641.2123      12951.928     -7920.0475     -344.47992      84954.627      43.960472      43.960472      43.960472      0.98202462     1105.8528     -627.5522       2374.0793    
     53000   53000          458.16917      1558.408       21158.67       19219.652      10924.356      8295.2955      4137.6542      8274.8566     -6450.2579     -91.709793     -2668.2646      13000.489     -7907.4719     -343.02523      85314.902      44.022527      44.022527      44.022527      0.97787765     2695.1241     -918.10637      2898.2062    
     54000   54000          470.20683      422.27387      19992.592      19473.905      11211.376      8262.5283      4164.5793      8221.9166     -6346.7232     -92.589851     -2724.0673      12949.177     -7909.7643     -347.46811      84224.027      43.834091      43.834091      43.834091      0.99054318     754.31586      1005.2125     -492.70671    
     55000   55000          467.14038     -767.53443      18329.498      19287.764      11138.261      8149.5022      4192.4215      7932.9873     -6313.3065     -86.44871      -2608.6805      12945.762     -7913.2325     -341.8526       85607.549      44.072805      44.072805      44.072805      0.9745348     -1122.2024     -1000.6966     -179.70436    
     56000   56000          475.17864     -364.46053      19172.596      19627.801      11329.922      8297.8798      4211.6435      8026.705      -6281.64       -91.964756     -2602.3843      12955.94      -7920.4201     -341.71957      85640.878      44.078523      44.078523      44.078523      0.97415554    -425.82485      280.2442      -947.80093    
     57000   57000          470.05441      209.82         19625.049      19366.899      11207.742      8159.1567      4207.9559      8000.0313     -6367.0053     -89.114825     -2657.2095      12991.011     -7926.512      -346.89815      84362.409      43.858084      43.858084      43.858084      0.98891836    -381.45292      729.25842      281.6545     
     58000   58000          475.23377      966.74548      20596.83       19396.82       11331.236      8065.5835      4105.8883      7988.2926     -6437.7291     -86.555716     -2600.8799      12997.848     -7901.2811     -343.83808      85113.212      43.987809      43.987809      43.987809      0.98019489     454.85472      421.49252      2023.8892    
     59000   59000          475.62968      317.20486      19699.827      19304.182      11340.676      7963.5056      3958.764       8023.0218     -6370.2147     -90.045952     -2614.9224      12976.08      -7919.1768     -342.18459      85524.493      44.058547      44.058547      44.058547      0.9754812     -100.37442     -83.571233      1135.5602    
     60000   60000          479.3489       299.63863      20005.623      19634.389      11429.355      8205.0334      4247.241       7941.6856     -6265.9556     -83.462687     -2655.2118      12944.106     -7923.3697     -344.4902       84952.092      43.960035      43.960035      43.960035      0.98205392     1917.0481     -526.99101     -491.1412     
     61000   61000          466.53506     -1461.3015      17497.653      19306.075      11123.829      8182.246       4235.0274      7980.4219     -6343.9557     -85.544273     -2679.5938      12983.505     -7907.6145     -344.87914      84856.289      43.943503      43.943503      43.943503      0.98316267    -1036.2359     -515.6312      -2832.0375    
     62000   62000          466.80104     -1421.7228      17422.656      19192.378      11130.17       8062.2078      4194.2739      7985.7564     -6411.96       -88.398217     -2689.8743      12976.1       -7903.6899     -342.87561      85352.13       44.028929      44.028929      44.028929      0.97745113    -2123.5344     -122.6658      -2018.9683    
     63000   63000          476.92514      891.71527      20656.112      19545.352      11371.564      8173.7878      4176.1717      8071.3702     -6365.1139     -90.423838     -2684.2104      12974.758     -7908.7634     -342.63594      85411.833      44.039193      44.039193      44.039193      0.97676788     1432.728       37.499735      1204.9181    
     64000   64000          468.60721     -1434.1629      17733.663      19496.153      11173.236      8322.9174      4234.4551      8246.6868     -6379.0528     -92.560793     -2700.6513      12935.019     -7920.9787     -347.29501      84266.006      43.841372      43.841372      43.841372      0.99004972    -1474.5621     -1234.3271     -1593.5997    
     65000   65000          469.34926      662.29881      20213.265      19383.953      11190.929      8193.0238      4189.9776      8135.1475     -6414.5481     -83.042949     -2671.3103      12951.997     -7915.1974     -340.84954      85859.478      44.115995      44.115995      44.115995      0.97167531     1562.477      -820.42611      1244.8456    
     66000   66000          466.53797     -531.51322      18452.709      19110.406      11123.898      7986.5079      4162.9971      7985.8682     -6457.0312     -94.897812     -2661.0262      12970.993     -7920.3947     -344.91725      84846.911      43.941885      43.941885      43.941885      0.98327133    -649.78074      847.26471     -1792.0236    
     67000   67000          465.91057      45.448409      19498.931      19441.7        11108.939      8332.7614      4158.064       8143.1479     -6329.9687     -95.784855     -2583.5816      12958.947     -7918.0625     -338.9319       86345.263      44.19904       44.19904       44.19904       0.9662086      1773.8607     -1420.233      -217.28251    
     68000   68000          467.00787     -443.42175      18848.843      19394.724      11135.102      8259.6225      4160.9359      8118.5558     -6269.5899     -89.033811     -2626.3289      12892.134     -7927.0509     -346.69309      84412.307      43.866729      43.866729      43.866729      0.98833379    -2116.6798     -476.16145      1262.576     
     69000   69000          466.45743      55.523908      19427.883      19359.403      11121.978      8237.4256      4351.3681      7969.8138     -6382.8685     -92.689238     -2670.0314      12973.186     -7911.353      -346.05192      84568.707      43.893805      43.893805      43.893805      0.98650598     416.96481      644.24447     -894.63755    
     70000   70000          470.29692      326.32866      19659.234      19255.915      11213.525      8042.3905      4186.1294      8010.3222     -6436.642      -90.37297      -2680.3702      12968.203     -7914.8789     -345.3291       84745.721      43.924409      43.924409      43.924409      0.98444541     1436.6714     -174.66404     -283.02141    
     71000   71000          464.1982       493.67044      19791.143      19185.439      11068.109      8117.3297      4261.9565      7944.2889     -6340.9176     -87.936527     -2710.8489      12964.791     -7914.0035     -347.85935      84129.299      43.817651      43.817651      43.817651      0.99165851     673.21083      326.07641      481.72407    
     72000   72000          472.07618      1057.4778      20577.316      19282.544      11255.948      8026.596       4086.8869      7961.2611     -6263.3551     -87.162772     -2726.7123      12976.905     -7921.2272     -348.58197      83954.898      43.787352      43.787352      43.787352      0.9937185      10.429373      1540.0704      1621.9336    
     73000   73000          468.68271      334.98366      19655.076      19244.083      11175.036      8069.0469      4159.0528      7900.0491     -6286.8365     -89.942006     -2658.2391      12959.226     -7914.263      -347.86927      84126.901      43.817235      43.817235      43.817235      0.99168678     354.50471      340.21383      310.23244    
     74000   74000          463.18154      1051.6115      20216.344      18924.185      11043.869      7880.3162      4041.5948      7872.8792     -6368.3037     -90.90461      -2630.5939      12969.458     -7913.8133     -347.34913      84252.877      43.839095      43.839095      43.839095      0.99020399    -560.712        1443.2344      2272.3122    
     75000   75000          467.58408     -403.16587      18579.728      19074.021      11148.841      7925.1796      4172.4737      7914.9847     -6361.1807     -90.857648     -2708.831       12933.001     -7934.4104     -348.11807      84066.775      43.806793      43.806793      43.806793      0.99239605    -515.00629     -579.87784     -114.61348    
     76000   76000          471.11858     -216.16222      19161.656      19430.144      11233.116      8197.028       4142.9355      8066.7303     -6328.7974     -90.271126     -2643.682       12969.589     -7919.4763     -343.62244      85166.625      43.997008      43.997008      43.997008      0.97958016     748.08286     -976.55641     -420.01311    
     77000   77000          466.45254     -110.90848      19012.811      19150.7        11121.861      8028.8389      4175.4498      7957.0412     -6411.9427     -89.248921     -2678.1116      12983.296     -7907.645      -343.29236      85248.515      44.011105      44.011105      44.011105      0.97863916     118.95211     -1242.0962      790.4187     
     78000   78000          474.98206     -1105.3154      18051.704      19430.391      11325.235      8105.1568      4087.4189      8026.2653     -6332.7146     -94.749698     -2630.3254      12962.909     -7913.6472     -342.17414      85527.104      44.058995      44.058995      44.058995      0.97545143    -1504.841      -1558.1469     -252.95838    
     79000   79000          472.10782      327.55871      19603.285      19203.011      11256.703      7946.3085      4131.0577      7919.9869     -6487.2723     -90.245701     -2635.0342      13015.028     -7907.2114     -349.26832      83789.916      43.75865       43.75865       43.75865       0.99567513     108.83316     -163.75625      1037.5992    
     80000   80000          468.91131      1400.6057      20763.483      19032.034      11180.487      7851.5479      3988.0224      7873.7501     -6380.3297     -92.143682     -2610.4139      12983.293     -7910.6303     -345.24961      84765.233      43.92778       43.92778       43.92778       0.98421879     1586.6767      704.67351      1910.467     
     81000   81000          462.05878     -390.90727      18572.708      19063.159      11017.098      8046.0608      4040.1148      7938.2677     -6336.2605     -89.148871     -2569.3227      12972.418     -7910.008      -340.17695      86029.237      44.145051      44.145051      44.145051      0.96975794    -569.24339     -620.83623      17.357809    
     82000   82000          469.18125      168.95845      19668.027      19455.615      11186.923      8268.6917      4153.3249      7999.9494     -6252.546      -86.788101     -2600.8719      12970.551     -7914.9281     -339.48939      86203.471      44.174833      44.174833      44.174833      0.96779787    -542.6721      -501.85341      1551.4009    
     83000   83000          464.13668      400.5786       19615.357      19113.521      11066.643      8046.8779      4148.4932      7899.2023     -6395.0108     -86.611475     -2625.8038      13002.9       -7896.2918     -340.68451      85901.07       44.123118      44.123118      44.123118      0.97120484     1944.1411      422.16455     -1164.5699    
     84000   84000          465.50254      220.79914      19359.844      19083.286      11099.21       7984.0768      4037.3587      7974.3859     -6415.6078     -87.78375      -2617.0405      13002.201     -7909.4364     -340.7527       85883.88       44.120174      44.120174      44.120174      0.97139924     932.25918      828.74796     -1098.6097    
     85000   85000          465.3395      -860.32012      18028.661      19093.669      11095.322      7998.3467      4096.7982      7888.8221     -6291.3386     -88.873334     -2653.4932      12957.598     -7911.1664     -344.77385      84882.201      43.947976      43.947976      43.947976      0.98286254    -1485.4911     -280.66828     -814.80098    
     86000   86000          463.0341      -550.92043      18439.709      19131.534      11040.353      8091.1804      4109.639       7883.5753     -6301.1507     -81.43756      -2576.0143      12961.961     -7905.3919     -339.87538      86105.57       44.158104      44.158104      44.158104      0.96889824     170.92546     -1176.471      -647.21571    
     87000   87000          469.31935      1420.3179      20988.778      19211.758      11190.216      8021.5426      4118.8266      7907.8434     -6335.8509     -87.753166     -2617.3698      12949.847     -7914.0005     -341.13027      85788.82       44.10389       44.10389       44.10389       0.97247561     3148.989       635.78044      476.18413    
     88000   88000          466.09499     -611.24662      18530.796      19289.887      11113.336      8176.5517      4181.0326      8112.0071     -6433.5223     -93.907279     -2680.9742      12993.543     -7901.6275     -343.67603      85153.345      43.994721      43.994721      43.994721      0.97973292    -225.01501     -777.06175     -831.6631     
     89000   89000          467.50088      256.10298      19617.267      19303.006      11146.857      8156.1485      4086.5185      8052.9585     -6321.1744     -89.326679     -2679.8038      13009.008     -7902.0318     -347.81712      84139.515      43.819424      43.819424      43.819424      0.9915381     -1061.039       1225.2877      604.06029    
     90000   90000          472.48732      355.19973      19815.459      19371.878      11265.751      8106.1273      4145.6982      7921.8271     -6428.1839     -85.203381     -2576.9121      13021.698     -7892.7968     -341.76434      85629.658      44.076598      44.076598      44.076598      0.97428318     355.37459      419.99589      290.2287     
     91000   91000          464.13411     -1780.2479      16953.385      19160.711      11066.581      8094.1295      4153.8594      8131.1062     -6410.9697     -90.480313     -2750.5528      12978.258     -7917.0912     -344.22378      85017.844      43.971373      43.971373      43.971373      0.98129442    -2046.6806     -2470.7927     -823.2705     
     92000   92000          469.66237      988.86679      20463.412      19242.252      11198.394      8043.8576      4162.5741      7901.2031     -6292.1524     -86.115544     -2702.0832      12973.05      -7912.6187     -345.61458      84675.721      43.912312      43.912312      43.912312      0.98525923     26.157839      262.39555      2678.047     
     93000   93000          457.77525     -816.04428      17894.753      18899.124      10914.964      7984.1598      4196.6131      7964.2092     -6437.961      -89.73586      -2719.1616      12976.462     -7906.2663     -346.77405      84392.601      43.863316      43.863316      43.863316      0.98856458    -435.44877     -1294.8119     -717.87216    
     94000   94000          466.24295      435.40476      19672.59       19136.898      11116.863      8020.035       4154.1232      7822.4581     -6299.6        -92.219494     -2620.3784      12962.692     -7907.0406     -346.90065      84361.802      43.857979      43.857979      43.857979      0.98892548     2476.8081      27.072867     -1197.6667    
     95000   95000          460.11716     -643.68403      18155.508      18954.275      10970.803      7983.4713      4043.2591      7988.8581     -6342.6571     -92.202738     -2657.3187      12955.752     -7912.2192     -343.9377       85088.56       43.983561      43.983561      43.983561      0.98047887    -353.70207     -682.66957     -894.68043    
     96000   96000          468.25328      364.52409      19415.846      18970.875      11164.797      7806.0778      4042.093       7883.8285     -6350.8139     -85.957245     -2716.192       12960.618     -7927.4983     -349.63991      83700.867      43.743143      43.743143      43.743143      0.99673442     54.586525     -1046.5144      2085.5002    
     97000   97000          465.86365     -835.94978      18035.195      19077.497      11107.82       7969.6769      4101.2988      7852.3382     -6288.7552     -86.091486     -2638.8138      12947.764     -7918.0637     -342.30516      85494.369      44.053373      44.053373      44.053373      0.97582492    -492.34176     -892.00061     -1123.507     
     98000   98000          465.06132      2823.8911      22648.035      19145.02       11088.689      8056.331       4094.4268      7957.6197     -6351.8164     -84.427504     -2638.6303      12986.93      -7907.7709     -344.05894      85058.577      43.978394      43.978394      43.978394      0.9808245      2516.7215      3386.6427      2568.3091    
     99000   99000          469.17339      805.18696      20280.109      19281.013      11186.736      8094.2777      4092.4877      7961.3409     -6382.0884     -86.835202     -2589.8885      13009.877     -7910.6155     -343.96683      85081.354      43.98232       43.98232       43.98232       0.98056191    -695.78272      1437.4032      1673.9404    
    100000   100000         454.92325     -561.15699      18239.322      18929.032      10846.962      8082.0697      4233.6239      7862.2103     -6337.2486     -88.169383     -2621.2839      12952.111     -7919.1736     -347.25189      84276.47       43.843187      43.843187      43.843187      0.98992679     260.59726     -223.36334     -1720.7049    
    101000   101000         468.41066     -893.61759      18137.825      19243.053      11168.549      8074.504       4194.1766      8029.0121     -6382.8197     -87.673801     -2753.4927      12985.381     -7910.0798     -345.08535      84805.581      43.934749      43.934749      43.934749      0.98375053    -1628.7158     -1974.2689      922.13183    
    102000   102000         463.53236      244.93525      19259.821      18961.302      11052.234      7909.0683      4189.6508      7846.0235     -6342.9525     -86.525118     -2707.6482      12931.053     -7920.5334     -350.19171      83568.98       43.720156      43.720156      43.720156      0.99830746    -1644.4041      14.658862      2364.551     
    103000   103000         464.57234      368.07788      19747.276      19293.834      11077.03       8216.8031      4220.4585      8074.4121     -6389.8856     -90.987916     -2700.7724      12997.612     -7894.034      -346.45284      84470.843      43.876867      43.876867      43.876867      0.98764891     187.06602      1351.9771     -434.80944    
    104000   104000         460.51219      4.5353598      19041.729      19036.112      10980.222      8055.8895      4106.154       7863.0656     -6251.2491     -92.494807     -2615.5838      12950.042     -7904.0443     -344.62678      84918.426      43.954227      43.954227      43.954227      0.98244327    -25.953229      670.58334     -631.02403    
    105000   105000         463.31248     -977.12492      17754.396      18963.553      11046.991      7916.5617      4040.5718      8070.3293     -6503.1527     -90.498249     -2730.8681      13013.356     -7883.1766     -344.90082      84850.954      43.942583      43.942583      43.942583      0.98322448    -2860.5565     -642.67559      571.85729    
    106000   106000         459.45484      752.85247      20004.788      19075.704      10955.011      8120.6928      4087.9586      8079.3354     -6415.9322     -88.696578     -2628.5002      12986.273     -7899.745      -345.84528      84619.237      43.902545      43.902545      43.902545      0.9859169      1323.7499      1194.943      -260.1355     
    107000   107000         463.75187     -786.21196      18133.64       19119.252      11057.468      8061.7844      4156.271       7914.0577     -6419.309      -84.053999     -2608.4141      13005.431     -7902.1985     -340.45552      85958.846      44.133008      44.133008      44.133008      0.97055206    -751.60231     -1862.5479      255.51434    
    108000   108000         466.49011      1159.9104      20668.91       19245.577      11122.757      8122.8198      4176.8741      7990.602      -6318.4367     -87.419654     -2692.4926      12962.031     -7908.3387     -347.81217      84140.711      43.819632      43.819632      43.819632      0.99152401     1586.8923      1274.8614      617.9775     
    109000   109000         458.74616      1090.7106      20159.658      18814.073      10938.114      7875.9588      4051.9168      7919.5648     -6384.8166     -93.219066     -2655.8283      12952.825     -7914.4835     -345.95948      84591.304      43.897714      43.897714      43.897714      0.98624245     519.12762      2035.293       717.71127    
    110000   110000         461.54346     -1172.3605      17493.751      18952.644      11004.811      7947.8327      4035.3734      8055.826      -6491.068      -90.654789     -2631.7734      12982.972     -7912.8424     -342.97662      85326.992      44.024606      44.024606      44.024606      0.97773909    -2550.258      -901.70631     -65.117168    
    111000   111000         473.69418      93.968171      19226.943      19111.637      11294.527      7817.1102      4135.8839      7723.9639     -6283.3227     -88.741551     -2711.574       12959.649     -7918.7478     -347.8227       84138.165      43.81919       43.81919       43.81919       0.99155401     1454.1265      979.59814     -2151.8201    
    112000   112000         464.01422      988.27994      20237.022      19036.791      11063.723      7973.0686      4190.007       7918.9152     -6326.4283     -89.409652     -2792.9272      12980.074     -7907.1629     -351.43271      83273.874      43.668632      43.668632      43.668632      1.0018453      821.41464      1166.6256      976.79961    
    113000   113000         464.57354     -462.67449      18365.921      18934.623      11077.059      7857.5641      4083.3642      7989.1587     -6413.7646     -89.878872     -2760.3931      12971.342     -7922.264      -347.23036      84281.697      43.844093      43.844093      43.844093      0.9898654     -729.35094     -537.11793     -121.55458    
    114000   114000         469.35648     -1154.2258      17547.646      18973.748      11191.101      7782.6469      4034.9195      7988.6845     -6543.1492     -86.568886     -2713.2392      13010.293     -7908.2927     -345.4355       84719.618      43.919899      43.919899      43.919899      0.98474872    -742.10213     -2136.1368     -584.43861    
    115000   115000         468.68721     -1059.1242      17884.128      19181.825      11175.143      8006.6822      4160.5827      7956.6982     -6387.2096     -86.771435     -2707.0213      12991.348     -7920.944      -348.3375       84013.818      43.797593      43.797593      43.797593      0.9930216     -671.01268     -1107.4038     -1398.9562    
    116000   116000         465.21133     -645.07487      18169.745      18968.639      11092.266      7876.3724      4202.6095      7821.1346     -6361.3522     -88.407407     -2735.2627      12961.786     -7924.1354     -344.62592      84918.637      43.954263      43.954263      43.954263      0.98244082    -2747.8909      536.85892      275.80736    
    117000   117000         467.45689     -411.8482       18634.603      19142.702      11145.808      7996.8938      4213.0596      7734.0153     -6227.2602     -84.884908     -2677.8768      12960.136     -7920.2948     -345.95181      84593.18       43.898039      43.898039      43.898039      0.98622058     775.45363     -675.1288      -1335.8694    
    118000   118000         459.71628     -9.3061767      18770.585      18781.981      10961.245      7820.7362      4092.7454      7905.6676     -6357.7128     -93.746617     -2739.754       12932.638     -7919.101      -348.52728      83968.071      43.789642      43.789642      43.789642      0.99356261    -1179.0897      2211.2326     -1060.0614    
    119000   119000         464.97599     -39.737441      18941.032      18990.002      11086.655      7903.3473      4053.2634      7776.1531     -6232.5267     -84.166574     -2650.9738      12952.194     -7910.5958     -346.33492      84499.603      43.881846      43.881846      43.881846      0.98731275     28.537333      339.8912      -487.64086    
    120000   120000         454.19699     -1092.2907      17325.371      18677.319      10829.646      7847.6736      4057.4465      7789.1101     -6325.6519     -88.57111      -2628.5394      12965.802     -7921.9228     -344.82988      84868.409      43.945596      43.945596      43.945596      0.98302226     473.18347     -1497.2151     -2252.8404    
    121000   121000         465.49877      774.34801      20095.154      19141.044      11099.12       8041.9249      4132.7379      7985.9505     -6400.1234     -93.061302     -2655.2389      12980.88      -7909.2204     -346.38966      84486.249      43.879534      43.879534      43.879534      0.9874688      1121.0381      850.72626      351.27969    
    122000   122000         463.6045       1819.5107      21246.092      18994.436      11053.954      7940.4823      4044.2493      7970.5167     -6394.62       -92.834849     -2668.9056      12979.243     -7897.1664     -344.88909      84853.841      43.943081      43.943081      43.943081      0.98319104     1878.0976      1135.7247      2444.7099    
    123000   123000         459.94006     -1319.8264      17228.371      18863.41       10966.581      7896.8296      4109.3429      7888.9099     -6382.6631     -89.750953     -2688.1832      12967.194     -7908.0197     -344.5209       84944.524      43.958729      43.958729      43.958729      0.98214142    -294.00112      7.3315156     -3672.8096    
    124000   124000         455.03357      122.38692      18960.978      18808.689      10849.593      7959.0964      4090.8976      7924.1596     -6408.8074     -88.833952     -2654.0944      13009.954     -7914.1786     -342.99919      85321.378      44.023641      44.023641      44.023641      0.97780342     2027.2431      125.60105     -1785.6833    
    125000   125000         462.31875     -1669.7574      16994.278      19041.14       11023.297      8017.8432      4150.751       7906.4263     -6255.1338     -85.747308     -2722.4621      12934.121     -7910.1123     -348.17016      84054.198      43.804608      43.804608      43.804608      0.99254454    -1818.2958     -1944.0648     -1246.9117    
    126000   126000         463.46325      256.19898      19444.344      19124.76       11050.586      8074.1745      3997.5854      8131.4216     -6403.8803     -94.277797     -2643.5952      12993.201     -7906.2807     -342.15209      85532.617      44.059942      44.059942      44.059942      0.97538856    -719.62641      1331.7993      156.4241     
    127000   127000         461.59354      1442.8964      20651.129      18888.219      11006.005      7882.2131      4046.1518      7798.8079     -6303.6387     -83.394948     -2649.51        12983.819     -7910.0221     -349.32673      83775.906      43.756211      43.756211      43.756211      0.99584163     445.71365      1673.5308      2209.4446    
    128000   128000         459.44656     -18.80582       18874.552      18898.034      10954.814      7943.2203      4122.9221      7871.0228     -6366.0733     -96.318079     -2650.4277      12964.373     -7902.2784     -341.8083       85618.644      44.074708      44.074708      44.074708      0.97440851     973.69133      271.78915     -1301.8979    
    129000   129000         464.85999     -59.523853      18934.009      19008.027      11083.889      7924.1384      4047.3504      7942.47       -6415.8796     -89.656385     -2641.5997      12983.287     -7901.8334     -343.22392      85265.514      44.01403       44.01403       44.01403       0.97844406    -1682.627       1041.7303      462.3252     
    130000   130000         464.01179     -385.73707      18633.247      19114.555      11063.665      8050.8903      4130.118       7918.9238     -6346.0336     -91.173276     -2607.6102      12958.408     -7911.7421     -342.05415      85557.107      44.064147      44.064147      44.064147      0.97510936    -1458.9442      22.259832      279.47313    
    131000   131000         466.23778      646.5018       19748.164      18934.763      11116.74       7818.0227      4021.2719      7822.5962     -6364.6561     -85.884738     -2628.0902      12961.67      -7908.884      -339.22819      86269.847      44.186168      44.186168      44.186168      0.96705325     1892.5772     -735.1325       782.06072    
    132000   132000         457.60444      1826.9383      20996.015      18720.748      10910.891      7809.8566      4066.6766      7750.4689     -6384.7542     -88.733321     -2598.2379      12967.866     -7903.4293     -342.70338      85395.024      44.036303      44.036303      44.036303      0.97696015     841.85645      2879.2607      1759.6977    
    133000   133000         461.27893     -600.38678      17985.125      18725.427      10998.504      7726.9228      4054.2624      7820.4951     -6400.7536     -88.619574     -2701.2103      12952.366     -7909.6169     -346.13816      84547.638      43.89016       43.89016       43.89016       0.98675182     56.889159      433.49037     -2291.5399    
    134000   134000         467.7555       952.55252      20498.574      19319.219      11152.928      8166.2909      4245.451       8000.6545     -6395.3628     -95.278022     -2655.6727      12983.329     -7916.8297     -344.72393      84894.495      43.950097      43.950097      43.950097      0.98272021     323.12039     -257.21406      2791.7512    
    135000   135000         458.00606     -957.71788      17662.588      18852.971      10920.467      7932.5038      4133.6796      7875.3505     -6378.1655     -84.619624     -2632.9597      12954.52      -7935.3011     -343.38222      85226.206      44.007266      44.007266      44.007266      0.97889534    -1093.9221      335.15262     -2114.3842    
    136000   136000         461.75475      41.147125      18938.302      18887.449      11009.849      7877.6001      4154.9306      7819.383      -6350.0313     -85.124656     -2692.1641      12953.426     -7922.819      -345.34313      84742.278      43.923814      43.923814      43.923814      0.9844854     -2203.4305      1169.8309      1157.0409    
    137000   137000         464.57652      50.557303      18857.018      18795.192      11077.13       7718.0623      3987.3073      7991.5615     -6400.6977     -91.587439     -2821.4039      12965.082     -7912.1995     -349.01302      83851.21       43.769318      43.769318      43.769318      0.99494731     1023.5429      1028.0861     -1899.9571    
    138000   138000         458.21576     -718.39385      17747.167      18623.041      10925.467      7697.5739      4139.3239      7817.6693     -6472.8573     -88.006007     -2766.738       12991.013     -7922.8311     -350.0642       83599.418      43.725463      43.725463      43.725463      0.99794397     169.96392     -141.53037     -2183.6151    
    139000   139000         462.30349      239.18794      19055.122      18760.509      11022.933      7737.5763      4121.7061      7768.0459     -6351.9395     -86.518928     -2716.6852      12934.068     -7931.1004     -346.50885      84457.19       43.874503      43.874503      43.874503      0.98780856     1533.7721     -254.43456     -561.77371    
    140000   140000         460.47645      1354.7091      20476.12       18801.977      10979.37       7822.6075      4087.7155      7930.5654     -6473.2135     -86.745365     -2712.0721      12980.41      -7904.0519     -345.36679      84736.473      43.922811      43.922811      43.922811      0.98455285     2955.4842      296.92552      811.71765    
    141000   141000         459.24823      359.55117      19276.92       18838.918      10950.085      7888.8331      4124.7323      7961.2096     -6437.1333     -90.897404     -2717.1521      12965.979     -7917.905      -350.35739      83529.46       43.713263      43.713263      43.713263      0.99877978     1086.2223     -548.49394      540.92511    
    142000   142000         455.05377     -897.48808      17569.384      18670.471      10850.074      7820.3966      4052.8374      8010.7047     -6501.7426     -92.420594     -2714.1545      12981.858     -7916.6859     -347.88351      84123.458      43.816637      43.816637      43.816637      0.99172736    -611.17311     -961.85056     -1119.4406    
    143000   143000         460.69874      346.34674      19158.891      18726.302      10984.67       7741.6321      3979.2254      7910.867      -6464.37       -91.081829     -2697.4775      13009.622     -7905.1526     -341.71377      85642.331      44.078773      44.078773      44.078773      0.97413901     828.79363      76.894491      133.35211    
    144000   144000         463.06088     -313.65301      18449.498      18832.57       11040.992      7791.5782      4095.6161      7794.2134     -6382.0611     -85.40643      -2687.9429      12967.029     -7909.8699     -349.45852      83744.313      43.75071       43.75071       43.75071       0.99621733    -1091.4964      1015.1905     -864.6532     
    145000   145000         455.68479      135.0306       18856.71       18690.433      10865.12       7825.3126      4048.017       7852.782      -6388.4638     -85.228534     -2727.6963      13028.257     -7902.3546     -346.59764      84435.555      43.870756      43.870756      43.870756      0.98806167     1339.996      -2666.2163      1731.3122    
    146000   146000         463.92956     -367.80634      18563.63       19009.167      11061.704      7947.463       4172.3129      7828.4575     -6282.5308     -88.437548     -2737.9077      12968.201     -7912.6319     -352.34042      83059.343      43.6311        43.6311        43.6311        1.0044329     -1180.6764      658.20461     -580.94724    
    147000   147000         455.83016     -1273.0199      17176.889      18737.726      10868.586      7869.1403      4156.2826      7886.6245     -6485.8216     -89.258552     -2693.2149      13018.603     -7924.075      -348.10037      84071.049      43.807536      43.807536      43.807536      0.9923456     -741.73266     -2692.5393     -384.78771    
    148000   148000         457.76883      175.27404      18882.792      18669.411      10914.811      7754.6003      4090.2955      7914.9773     -6463.0722     -90.227682     -2786.129       13004.329     -7915.5722     -350.58163      83476.034      43.703941      43.703941      43.703941      0.99941902     2177.3179     -883.59202     -767.90374    
    149000   149000         456.94467     -750.10738      17701.06       18616.123      10895.16       7720.9626      4154.6298      7796.3547     -6459.2626     -84.314507     -2777.1572      13008.292     -7917.5801     -349.86415      83647.221      43.733796      43.733796      43.733796      0.99737367    -720.74008     -837.63628     -691.94578    
    150000   150000         462.53805      745.62827      19796.387      18883.503      11028.526      7854.9777      4097.0117      7985.942      -6412.6912     -88.633693     -2755.3386      12957.879     -7929.1915     -348.60524      83949.293      43.786377      43.786377      43.786377      0.99378485    -1158.8008      2673.1654      722.52022    
    151000   151000         460.13884     -352.4414       18480.079      18908.403      10971.32       7937.0822      4123.8639      7922.3848     -6303.0997     -88.805981     -2713.6681      12932.4       -7935.9923     -351.18966      83331.506      43.678704      43.678704      43.678704      1.0011524     -1120.3589      472.92431     -409.8896     
    152000   152000         457.99391     -828.11497      17805.094      18813.597      10920.178      7893.4189      4090.1196      7954.0625     -6309.3417     -91.26155      -2764.5098      12936.764     -7922.4145     -350.46149      83504.649      43.708934      43.708934      43.708934      0.99907654     630.81427     -884.54525     -2230.6139    
    153000   153000         458.16662      94.516809      18923.707      18808.319      10924.296      7884.0235      4123.0656      7859.3705     -6387.9086     -88.323131     -2674.1265      12973.139     -7921.193      -349.6024       83709.847      43.744707      43.744707      43.744707      0.9966275     -902.11361      1159.0273      26.636756    
    154000   154000         458.99575     -1224.8297      17115.763      18604.71       10944.065      7660.6448      4065.2088      7901.3774     -6423.9524     -94.521393     -2844.8367      12979.34      -7921.9706     -351.09398      83354.216      43.682672      43.682672      43.682672      1.0008796     -832.62552     -706.6481      -2135.2156    
    155000   155000         459.39161      118.76767      18903.627      18757.895      10953.504      7804.3908      4076.3669      7966.5116     -6417.189      -86.642999     -2808.9705      12996.573     -7922.2583     -347.83176      84135.973      43.81881       43.81881       43.81881       0.99157985    -367.79231      2497.4511     -1773.3557    
    156000   156000         456.44398     -62.544457      18562.595      18638.193      10883.222      7754.9716      4061.683       7979.5666     -6423.7577     -93.798097     -2785.9461      12941.358     -7924.1339     -353.10587      82879.29       43.59955       43.59955       43.59955       1.006615       1829.4932     -56.391315     -1960.7353    
    157000   157000         462.99016     -647.18669      18139.581      18933.775      11039.306      7894.4694      4113.2007      7929.0635     -6426.3573     -79.575795     -2697.8865      12976.913     -7920.8879     -347.80011      84143.628      43.820138      43.820138      43.820138      0.99148964    -1317.035      -487.14435     -137.38074    
    158000   158000         456.2025      -988.71218      17594.5        18802.219      10877.464      7924.7553      4134.6262      7899.2861     -6395.9967     -91.128884     -2672.1048      12965.611     -7915.5376     -349.40616      83756.862      43.752895      43.752895      43.752895      0.99606807    -1342.4243     -803.48334     -820.22891    
    159000   159000         451.04047     -646.0632       17773.746      18569.192      10754.383      7814.8088      4040.2208      7847.9622     -6343.341      -88.651032     -2686.2943      12960.079     -7915.1668     -346.64979      84422.852      43.868556      43.868556      43.868556      0.98821034    -266.50318     -528.84979     -1142.8366    
    160000   160000         458.03027      347.30821      19323.73       18895.127      10921.045      7974.0824      4123.0652      7959.6655     -6384.0566     -92.344973     -2691.8978      12963.729     -7904.078      -345.84898      84618.332      43.902389      43.902389      43.902389      0.98592744    -1126.2011      1899.3407      268.78508    
    161000   161000         455.36319      1282.5457      20348.078      18770.729      10857.452      7913.2771      3997.8444      7894.4156     -6326.5167     -90.200226     -2662.5726      13004.996     -7904.6893     -347.03384      84329.423      43.852367      43.852367      43.852367      0.98930518     1010.2754      1737.8523      1099.5093    
    162000   162000         451.58172     -975.32283      17430.423      18624.776      10767.289      7857.4873      4149.4131      7901.0727     -6415.2884     -91.140304     -2758.824       12980.85      -7908.5961     -348.5321       83966.909      43.78944       43.78944       43.78944       0.99357635    -1378.079       299.24132     -1847.1308    
    163000   163000         461.38351      1125.5793      20039.163      18676.159      11000.998      7675.161       3953.9653      7830.2796     -6405.1416     -87.573859     -2682.2403      12984.975     -7919.1027     -352.45668      83031.945      43.626302      43.626302      43.626302      1.0047643      1877.2126      201.66158      1297.8637    
    164000   164000         462.62242      393.10832      19181.318      18697.157      11030.537      7666.6198      4086.8017      7749.8184     -6453.2667     -83.357006     -2718.7617      12995.968     -7910.5834     -346.53724      84450.27       43.873305      43.873305      43.873305      0.98788951    -1263.3144      1783.7539      658.8854     
    165000   165000         458.1092      -875.44251      17473.567      18559.459      10922.927      7636.5324      4010.2786      7841.396      -6492.3107     -92.623338     -2706.1875      12985.99      -7910.0104     -344.08683      85051.682      43.977206      43.977206      43.977206      0.98090401    -667.50951     -732.16259     -1226.6554    
    166000   166000         455.01178     -391.98811      18256.499      18735.9        10849.073      7886.8272      4105.4127      8045.7139     -6498.2228     -95.63202      -2717.7409      12961.904     -7914.6074     -348.9801       83859.119      43.770694      43.770694      43.770694      0.99485346     954.04574     -864.56233     -1265.4477    
    167000   167000         463.93135     -718.6103       17976.518      18853.895      11061.747      7792.1479      4158.441       7826.6063     -6395.0574     -93.86406      -2750.2355      12950.168     -7903.911      -349.57021      83717.557      43.74605       43.74605       43.74605       0.99653572    -510.46299     -1098.4493     -546.91867    
    168000   168000         460.2784       278.61975      18879.741      18538.504      10974.648      7563.856       3974.5669      7830.4759     -6446.1347     -85.284024     -2740.3964      12952.85      -7922.2213     -348.48404      83978.49       43.791453      43.791453      43.791453      0.99343934    -6.3138637     -342.51303      1184.6861    
    169000   169000         455.84374     -292.82648      18211.186      18566.887      10868.91       7697.9765      3959.0586      7816.6426     -6286.5978     -88.491653     -2752.0315      12955.482     -7906.0855     -351.36053      83290.983      43.671623      43.671623      43.671623      1.0016395      498.24465     -1033.1438     -343.58024    
    170000   170000         462.26617     -416.55844      18424.08       18933.474      11022.043      7911.4305      4058.6345      7953.3056     -6272.6597     -90.531726     -2754.7232      12946.702     -7929.297      -349.01937      83849.683      43.769052      43.769052      43.769052      0.99496542     161.54851      282.28828     -1693.5121    
    171000   171000         459.90123      772.02376      19639.996      18695.648      10965.655      7729.9928      4152.2103      7690.6449     -6337.3162     -83.771363     -2747.1685      12967.322     -7911.9287     -348.91938      83873.712      43.773233      43.773233      43.773233      0.99468038     1243.708       397.23731      675.12597    
    172000   172000         456.7785      -1032.3189      17431.054      18687.168      10891.198      7795.9695      4209.1157      7702.7756     -6309.3517     -84.82695      -2740.0581      12946.76      -7928.4447     -350.76129      83433.277      43.696478      43.696478      43.696478      0.99993119    -396.5513      -810.92209     -1889.4832    
    173000   173000         455.23972     -1229.3942      17104.797      18609.706      10854.508      7755.1978      4129.2347      7880.9846     -6370.1978     -90.302639     -2801.7871      12936.751     -7929.4846     -348.66452      83935.021      43.783896      43.783896      43.783896      0.99395382    -532.0599      -1911.0359     -1245.0867    
    174000   174000         446.88082     -163.26547      18280.102      18479.771      10655.203      7824.5687      4150.5829      7876.5746     -6391.7527     -90.861241     -2732.012       12931.477     -7919.44       -348.98766      83857.301      43.770378      43.770378      43.770378      0.99487503    -2083.5588      697.42828      896.33411    
    175000   175000         461.8105       611.50636      19385.934      18639.484      11011.178      7628.3055      3979.5137      7849.4315     -6411.5625     -89.076232     -2764.0454      12980.479     -7916.4351     -349.64474      83699.71       43.742942      43.742942      43.742942      0.9967482     -1230.2105      1252.7095      1812.0201    
    176000   176000         454.32221     -688.57315      17887.804      18740.804      10832.631      7908.1729      4176.1641      7747.5695     -6374.5425     -87.930584     -2647.9687      13015.905     -7921.0242     -344.5305       84942.157      43.958321      43.958321      43.958321      0.98216879    -1480.1224     -96.119268     -489.47778    
    177000   177000         458.48727     -556.60961      17920.924      18599.951      10931.941      7668.01        4035.362       7813.7677     -6413.5938     -86.787286     -2733.0363      12972.54      -7920.2419     -349.85711      83648.903      43.734089      43.734089      43.734089      0.99735361     957.41121     -2088.4894     -538.75068    
    178000   178000         458.7302      -1030.7485      17579.045      18854.849      10937.733      7917.1156      4091.9751      7885.6467     -6391.6828     -91.238089     -2628.6306      12966.025     -7914.9801     -344.82249      84870.228      43.945909      43.945909      43.945909      0.9830012     -521.9931      -1823.6397     -746.61261    
    179000   179000         453.53343     -446.9872       18044.606      18593.187      10813.824      7779.3624      3971.1806      7940.1929     -6426.8747     -88.536343     -2714.5244      13000.038     -7902.1135     -347.76116      84153.054      43.821775      43.821775      43.821775      0.99137858    -513.33519      1697.249      -2524.8754    
    180000   180000         460.69121      365.00662      19238.869      18788.517      10984.491      7804.0259      4012.0184      7896.8998     -6407.1377     -91.082507     -2709.1596      12999.812     -7897.3243     -345.91992      84600.978      43.899388      43.899388      43.899388      0.98612968     1168.9522     -276.49794      202.56558    
    181000   181000         454.32909      885.60356      19844.142      18747.137      10832.795      7914.3413      4103.7613      7893.6402     -6445.9679     -91.649974     -2616.226       12977.856     -7907.0719     -344.55411      84936.337      43.957317      43.957317      43.957317      0.98223609     2684.9905      148.04907     -176.22891    
    182000   182000         455.52662      694.96891      19359.233      18503.05       10861.349      7641.7014      3978.0135      7717.1658     -6385.4123     -86.585088     -2616.686       12955.194     -7919.9881     -346.43827      84474.396      43.877482      43.877482      43.877482      0.98760737     1912.5937      444.94013     -272.62705    
    183000   183000         457.78335     -342.82578      18372.365      18790.233      10915.157      7875.0757      3986.6983      8009.4837     -6394.2725     -87.791589     -2694.4924      12968.395     -7912.9444     -350.15585      83577.537      43.721648      43.721648      43.721648      0.99820524    -839.88535      768.26676     -956.85875    
    184000   184000         465.15305     -590.21303      18397.85       19138.154      11090.877      8047.2775      4183.4493      7758.6802     -6338.979      -91.57152      -2515.358       12959.007     -7907.9499     -340.27121      86005.405      44.140974      44.140974      44.140974      0.97002666     384.19192     -2778.025       623.19405    
    185000   185000         454.47336     -857.89582      17472.393      18534.74       10836.235      7698.5045      4037.8705      7710.022      -6387.263      -89.356729     -2653.6001      12974.232     -7893.3998     -344.66331      84909.425      43.952674      43.952674      43.952674      0.98254741    -2266.3365      666.31814     -973.66911    
    186000   186000         456.15771      404.57394      19105.185      18608.264      10876.396      7731.8676      3987.7449      7833.0926     -6327.8639     -87.537931     -2705.7044      12951.5       -7919.3631     -347.48606      84219.677      43.833336      43.833336      43.833336      0.99059435    -716.20351      1462.8591      467.06628    
    187000   187000         455.30614      134.58756      18735.911      18569.278      10856.092      7713.1868      3989.2333      7925.7637     -6513.1413     -89.450684     -2704.5248      13004.432     -7899.1254     -344.72323      84894.667      43.950127      43.950127      43.950127      0.98271821    -417.43919     -325.89757      1147.0994    
    188000   188000         454.41228      171.13465      18917.63       18707.443      10834.779      7872.6637      4109.2988      7957.6493     -6528.3022     -84.00645      -2667.0444      12997.359     -7912.2903     -347.5024       84215.715      43.832649      43.832649      43.832649      0.99064094    -173.30846      280.0704       406.64201    
    189000   189000         451.58709      142.09279      18711.285      18536.497      10767.417      7769.08        3964.6189      7782.2748     -6323.7438     -87.700484     -2654.8514      12998.01      -7909.5276     -346.96505      84346.142      43.855265      43.855265      43.855265      0.98910908    -505.8743       126.92666      805.22603    
    190000   190000         454.17821      209.96548      19092.688      18830.358      10829.198      8001.1594      4071.0278      7956.122      -6379.2722     -94.560074     -2600.6696      12967.769     -7919.2575     -341.60605      85669.336      44.083405      44.083405      44.083405      0.97383194    -759.5532       813.21559      576.23406    
    191000   191000         456.63258     -206.73324      18453.815      18708.252      10887.719      7820.5331      3924.6126      8009.01       -6415.9121     -94.19073      -2654.9596      12969.422     -7917.4496     -346.78315      84390.385      43.862932      43.862932      43.862932      0.98859053    -180.14882      445.22717     -885.27809    
    192000   192000         459.89829     -24.701714      18870.588      18900.889      10965.585      7935.3044      4109.6925      8000.0304     -6481.5921     -92.508125     -2664.1743      12970.917     -7907.0608     -347.93554      84110.878      43.814452      43.814452      43.814452      0.9918757      851.67372     -1867.3664      941.58755    
    193000   193000         458.57461     -450.11122      17923.744      18472.336      10934.024      7538.3126      4049.6779      7791.9661     -6486.3138     -84.400558     -2805.7638      12984.29      -7911.1428     -350.1849       83570.605      43.720439      43.720439      43.720439      0.99828804    -1049.8375      422.95761     -723.45374    
    194000   194000         450.82876     -615.37738      17761.712      18521.84       10749.335      7772.5044      4047.2516      7946.9443     -6437.1629     -91.930271     -2727.5297      12962.763     -7927.8311     -345.52698      84697.188      43.916022      43.916022      43.916022      0.9850095     -1251.9144     -643.39302      49.175276    
    195000   195000         456.0552      -735.31931      17601.395      18502.748      10873.952      7628.7965      3989.7553      7855.5454     -6477.8728     -82.276319     -2696.1459      12957.456     -7917.6651     -348.183        84051.097      43.80407       43.80407       43.80407       0.99258116    -1540.6896      304.18602     -969.45438    
    196000   196000         454.0668       975.43268      19626.28       18431.775      10826.541      7605.2338      3918.8391      7841.9593     -6391.8643     -84.300859     -2715.8163      12965.277     -7928.86       -348.52681      83968.184      43.789661      43.789661      43.789661      0.99356127    -233.52864      1825.4626      1334.3641    
    197000   197000         455.29226     -605.43236      18015.074      18751.735      10855.761      7895.9747      4130.7533      8017.6756     -6420.8304     -90.118063     -2774.0912      12955.378     -7922.7924     -350.77178      83430.78       43.696042      43.696042      43.696042      0.99996111     247.03385     -1661.6641     -401.66683    
    198000   198000         451.34203      84.496888      18588.168      18485.233      10761.573      7723.6593      4033.8106      7894.8885     -6452.5634     -86.708787     -2692.3136      12944.203     -7917.6568     -350.35247      83530.632      43.713467      43.713467      43.713467      0.99876576    -1912.1794      228.24273      1937.4274    
    199000   199000         455.03479      544.49239      19056.212      18387.585      10849.622      7537.9634      3910.5769      7787.2313     -6385.4044     -85.326324     -2731.4789      12963.508     -7921.143      -347.56397      84200.798      43.83006       43.83006       43.83006       0.99081644     418.85922      964.71756      249.9004     
    200000   200000         453.13797      438.97291      19091.803      18555.931      10804.395      7751.5361      4101.7756      7929.8036     -6454.2537     -90.036766     -2763.5858      12951.951     -7924.118      -349.62591      83704.22       43.743727      43.743727      43.743727      0.9966945     -227.26341     -1048.3239      2592.506     
    201000   201000         456.37466      775.7935       19555.095      18601.316      10881.569      7719.7465      3993.0038      7861.1759     -6375.6269     -90.684081     -2708.9025      12949.532     -7908.7518     -347.15619      84299.702      43.847215      43.847215      43.847215      0.98965398    -387.22919      684.37908      2030.2306    
    202000   202000         453.77971      220.69522      18718.771      18448.991      10819.696      7629.2948      4053.8247      7677.5834     -6391.7591     -86.742921     -2695.257       12990.836     -7919.1901     -349.14802      83818.788      43.763676      43.763676      43.763676      0.99533216    -1248.8049      794.02797      1116.8626    
    203000   203000         459.17137     -189.8213       18385.148      18613.588      10948.252      7665.3355      4058.233       7786.5752     -6314.5413     -89.942508     -2838.3582      12971.351     -7907.9814     -354.64933      82518.592      43.536208      43.536208      43.536208      1.011015      -196.92705     -910.17722      537.64039    
    204000   204000         452.50457     -653.0624       17522.265      18311.293      10789.293      7522.0001      4005.2782      7786.5625     -6376.6872     -83.199767     -2863.0846      12971.004     -7917.8734     -353.25596      82844.077      43.593374      43.593374      43.593374      1.0070429     -33.02486       209.79817     -2135.9605    
    205000   205000         456.69462     -10.982982      18617.761      18631.102      10889.198      7741.9035      4021.5903      8020.5639     -6428.952      -89.73497      -2800.0277      12952.518     -7934.0543     -351.38558      83285.044      43.670585      43.670585      43.670585      1.0017109     -114.02314     -296.85747      377.93167    
    206000   206000         451.0295       311.56358      18651.511      18275.304      10754.122      7521.1821      3973.1445      7719.4572     -6290.9687     -90.098667     -2813.8587      12950.985     -7927.4788     -353.4653       82795.013      43.584767      43.584767      43.584767      1.0076396      93.000933     -387.91513      1229.6049    
    207000   207000         457.63579      465.74368      19029.312      18465.592      10911.639      7553.9535      4021.6308      7801.0174     -6452.295      -88.170214     -2795.2136      12989.08      -7922.0955     -352.62287      82992.813      43.619448      43.619448      43.619448      1.0052381      62.56257      -651.85641      1986.5249    
    208000   208000         450.72796      312.61013      18616.817      18236.706      10746.932      7489.7737      3965.9539      7708.3173     -6392.1817     -89.097148     -2748.4778      12968.329     -7923.0695     -351.00924      83374.34       43.686187      43.686187      43.686187      1.000638      -816.04143      1062.8404      691.03136    
    209000   209000         453.26034     -1159.02        16965.739      18389.957      10807.313      7582.6447      4003.4948      7704.7875     -6380.3537     -91.282652     -2730.4366      12993.394     -7916.959      -347.3291       84257.736      43.839938      43.839938      43.839938      0.9901469     -214.3656      -1450.604      -1812.0904    
    210000   210000         462.88491      248.76         18957.218      18650          11036.796      7613.2039      3983.8519      7766.488      -6401.7393     -84.090156     -2726.6178      13001.308     -7925.9972     -345.5897       84681.817      43.913365      43.913365      43.913365      0.9851883     -10.325437      1168.7279     -412.12251    
    211000   211000         445.12377      1095.4682      19713.316      18371.968      10613.309      7758.6594      3994.4969      7923.4762     -6445.6506     -87.705091     -2696.7395      12983.654     -7912.8727     -348.56612      83958.715      43.788015      43.788015      43.788015      0.99367333     468.31292      1293.4299      1524.6617    
    212000   212000         453.06073      687.12197      19484.636      18639.466      10802.553      7836.9123      4048.6701      7891.2245     -6386.8063     -87.555863     -2686.1937      12976.573     -7918.9992     -346.98938      84340.23       43.85424       43.85424       43.85424       0.98917843     1891.9575     -103.51269      272.92107    
    213000   213000         455.54175      854.99019      19776.014      18708.531      10861.709      7846.8217      3951.3968      7860.6169     -6368.56       -83.764111     -2596.3009      12990.116     -7906.6834     -341.8434       85609.855      44.0732        44.0732        44.0732        0.97450855     1209.598       2320.9332     -965.56067    
    214000   214000         453.16479     -882.21003      17457.214      18538.232      10805.034      7733.1975      4098.7485      7751.4483     -6395.4232     -84.165082     -2721.0933      12984.542     -7900.8602     -348.31001      84020.45       43.798745      43.798745      43.798745      0.99294322    -1545.8481     -1060.9871     -39.794877    
    215000   215000         455.00924     -1015.3686      17061.886      18287.82       10849.013      7438.8079      3930.2019      7640.42       -6393.0676     -89.597125     -2711.8063      12978.568     -7915.9107     -353.49517      82788.016      43.583539      43.583539      43.583539      1.0077248     -1153.7322     -1599.4381     -292.93533    
    216000   216000         451.848        898.19943      19598.669      18504.431      10773.638      7730.7936      4101.556       7766.6775     -6413.2874     -91.579759     -2709.1089      12977.693     -7901.157      -350.33869      83533.919      43.714041      43.714041      43.714041      0.99872647    -91.468367      1521.5423      1264.5244    
    217000   217000         455.67027     -482.30835      17695.004      18285.703      10864.774      7420.9296      3905.0055      7712.5155     -6405.1587     -90.052569     -2754.6211      12954.757     -7901.5162     -348.48573      83978.083      43.791382      43.791382      43.791382      0.99344415    -1887.2951     -160.98427      601.35434    
    218000   218000         449.07459     -194.85818      18174.274      18411.919      10707.51       7704.4091      4045.5552      7774.5174     -6345.9005     -90.134291     -2759.7796      12985.742     -7905.5909     -349.95909      83624.527      43.72984       43.72984       43.72984       0.99764433    -97.999981     -1146.7525      660.17791    
    219000   219000         455.65446      306.48304      19022.016      18648.097      10864.397      7783.7001      4111.5429      7795.6461     -6364.5935     -91.221523     -2743.7184      12990.275     -7914.2301     -349.82935      83655.542      43.735246      43.735246      43.735246      0.99727446     2507.3404      219.45391     -1807.3452    
    220000   220000         449.07129     -120.91679      18146.298      18293.577      10707.431      7586.1462      3988.9952      7762.4233     -6385.3378     -87.054574     -2754.5675      12979.149     -7917.4618     -350.40713      83517.602      43.711194      43.711194      43.711194      0.99892158    -1714.9114      1615.6359     -263.47492    
    221000   221000         448.3869      -70.562221      18092.827      18178.774      10691.113      7487.6608      3996.9177      7625.4308     -6364.6777     -80.011153     -2753.6188      12980.844     -7917.2244     -350.40556      83517.976      43.71126       43.71126       43.71126       0.99891711    -1445.6062      439.31201      794.60754    
    222000   222000         451.17464      1644.5368      20412.299      18394.456      10757.582      7636.8734      3994.323       7853.8549     -6396.1915     -86.350152     -2787.4054      12976.693     -7918.0507     -347.84276      84133.311      43.818347      43.818347      43.818347      0.99161122     147.7455       2301.3581      2484.5069    
    223000   223000         454.10209     -816.21355      17269.175      18259.437      10827.383      7432.0538      4040.854       7722.3338     -6474.0464     -85.344233     -2800.4466      12953.355     -7924.6521     -351.78749      83189.893      43.653948      43.653948      43.653948      1.0028566     -1254.5159      408.79472     -1602.9195    
    224000   224000         455.58099      1415.3417      20295.371      18568.461      10862.645      7705.816       4011.5419      7912.2791     -6457.9352     -88.993318     -2711.4735      12963.237     -7922.84       -349.79902      83662.795      43.73651       43.73651       43.73651       0.997188       625.31254      2035.3511      1585.3614    
    225000   225000         452.62951     -600.49895      17663.275      18395.571      10792.271      7603.2997      3974.4194      7776.3671     -6366.3275     -92.847639     -2695.7463      12924.736     -7917.3018     -349.98726      83617.798      43.728667      43.728667      43.728667      0.99772462    -553.06249     -559.55941     -688.87493    
    226000   226000         452.54095      787.29307      19422.605      18461.305      10790.16       7671.1453      4072.3659      7824.7468     -6437.3305     -94.608896     -2762.861       12988.373     -7919.5403     -349.54611      83723.327      43.747055      43.747055      43.747055      0.99646703     3062.551      -1185.4707      484.79895    
    227000   227000         453.07301     -477.67847      17846.596      18432.379      10802.846      7629.5328      3983.1013      7769.9837     -6401.0404     -84.464039     -2728.4886      13006.083     -7915.6426     -348.03713      84086.326      43.810189      43.810189      43.810189      0.9921653     -1555.9193      461.85661     -338.97271    
    228000   228000         447.84179     -357.64494      17685.565      18123.378      10678.115      7445.262       3889.0907      7662.1126     -6291.6464     -88.135961     -2762.2032      12958.468     -7922.4234     -348.65117      83938.234      43.784454      43.784454      43.784454      0.99391578    -80.613969      1056.2373     -2048.5581    
    229000   229000         450.18942      477.40728      18942.22       18349.775      10734.091      7615.6841      4010.877       7693.0125     -6339.9685     -88.069409     -2695.8893      12960.527     -7924.8049     -343.92824      85090.9        43.983965      43.983965      43.983965      0.98045191    -285.97024      1448.7694      269.42267    
    230000   230000         451.88118     -728.42654      17455.95       18341.154      10774.429      7566.7249      3963.8004      7781.917      -6354.3686     -86.231878     -2731.5495      12925.411     -7932.254      -351.21215      83326.17       43.677772      43.677772      43.677772      1.0012165     -1527.8579      1083.3259     -1740.7476    
    231000   231000         454.54455      128.6498       18536.089      18379.302      10837.933      7541.3689      3924.9156      7715.5699     -6347.8767     -86.245173     -2704.2482      12944.817     -7905.5641     -350.20628      83565.503      43.719549      43.719549      43.719549      0.99834899     1922.141       186.87817     -1723.0698    
    232000   232000         445.61293     -205.47793      17905.421      18157.749      10624.972      7532.777       3902.472       7799.8691     -6430.5805     -85.779856     -2736.2215      12994.302     -7911.2842     -347.55708      84202.468      43.83035       43.83035       43.83035       0.99079679    -863.9665       767.68746     -520.15474    
    233000   233000         451.00481      384.54478      18930.569      18461.367      10753.533      7707.8339      4008.5611      7851.0569     -6374.287      -92.887706     -2683.398       12929.169     -7930.3805     -349.79502      83663.751      43.736676      43.736676      43.736676      0.99717661    -200.69012      1152.4556      201.86883    
    234000   234000         451.19465     -2559.7408      15305.971      18411.442      10758.059      7653.3823      4151.0169      7740.6722     -6405.3368     -87.367284     -2807.2411      12980.04      -7918.4013     -351.79966      83187.015      43.653444      43.653444      43.653444      1.0028913     -2664.2804     -1136.4834     -3878.4586    
    235000   235000         451.7196      -222.47942      18036.088      18311.472      10770.576      7540.8955      3994.2792      7601.4115     -6382.1623     -83.767456     -2680.6041      12990.325     -7898.5865     -344.80902      84873.544      43.946482      43.946482      43.946482      0.98296279     772.89496     -1586.3147      145.98151    
    236000   236000         454.73959      71.955433      18508.502      18420.606      10842.583      7578.0223      4003.47        7894.1885     -6535.8825     -82.26222      -2759.7941      12983.559     -7925.2566     -349.39588      83759.326      43.753325      43.753325      43.753325      0.99603876     258.2512      -1158.4119      1116.027     
    237000   237000         448.69236     -44.389731      18287.605      18341.87       10698.396      7643.4742      4069.8793      7765.1168     -6479.6278     -88.800951     -2739.7059      13022.694     -7906.0813     -349.12671      83823.902      43.764566      43.764566      43.764566      0.99527143     610.92998      295.02227     -1039.1214    
    238000   238000         455.14859      1040.428       19822.777      18573.527      10852.335      7721.1917      4125.2411      7841.1523     -6450.9812     -98.454581     -2733.8814      12938.128     -7900.0123     -355.45905      82330.619      43.503126      43.503126      43.503126      1.0133233      1187.8656      1442.6496      490.76876    
    239000   239000         448.75243      277.30823      18579.083      18242.562      10699.828      7542.7338      3923.2798      7866.685      -6503.5313     -84.036131     -2738.7296      12998.974     -7919.9077     -351.70475      83209.463      43.65737       43.65737       43.65737       1.0026208      91.323796     -296.57995      1037.1808    
    240000   240000         450.71987     -83.482844      18246.766      18349.584      10746.739      7602.8449      3944.9954      7819.7872     -6441.3693     -88.004823     -2689.3791      12977.111     -7920.2957     -346.54228      84449.043      43.873092      43.873092      43.873092      0.98790386    -304.48031      1580.2608     -1526.229     
    241000   241000         450.94982      182.18756      18580.189      18358.711      10752.222      7606.4896      4090.5036      7725.1482     -6374.0229     -86.642279     -2777.8185      12947.189     -7917.8671     -351.08844      83355.531      43.682901      43.682901      43.682901      1.0008638      865.64657     -234.86266     -84.221243    
    242000   242000         448.65516     -39.546727      18051.882      18099.878      10697.509      7402.3688      4011.7269      7688.6046     -6483.2548     -83.663854     -2783.0411      12974.907     -7922.9095     -351.67103      83217.443      43.658766      43.658766      43.658766      1.0025246      106.02644     -552.09706      327.43044    
    243000   243000         454.58391     -217.89984      18080.845      18343.72       10838.871      7504.8491      4117.5307      7674.3752     -6415.0069     -81.927367     -2794.9168      12932.424     -7927.6302     -353.78124      82721.072      43.571788      43.571788      43.571788      1.0085403     -448.00587      1919.212      -2124.9057    
    244000   244000         447.2267       536.35613      18722.178      18066.122      10663.45       7402.6719      3904.9013      7834.0485     -6508.489      -90.452236     -2798.7357      12970.402     -7909.0029     -348.93039      83871.065      43.772772      43.772772      43.772772      0.99471177     442.65657     -125.82381      1292.2356    
    245000   245000         456.74248      402.04419      18964.576      18472.739      10890.339      7582.3998      3999.4509      7843.5626     -6429.4172     -87.421813     -2747.1968      12937.496     -7934.0741     -348.88258      83882.558      43.774772      43.774772      43.774772      0.99457548     647.88203      847.49437     -289.24383    
    246000   246000         445.33295      1167.2057      19590.473      18162.97       10618.296      7544.6745      3886.0443      7812.5546     -6381.9635     -92.16351      -2726.0457      12965.721     -7919.4728     -348.97753      83859.736      43.770801      43.770801      43.770801      0.99484615     2833.2859      2466.818      -1798.4869    
    247000   247000         451.55994     -522.77039      17642.965      18277.543      10766.769      7510.7739      4062.7153      7646.7402     -6451.0579     -86.513747     -2768.3422      13014.59      -7907.3577     -351.60307      83233.527      43.661579      43.661579      43.661579      1.0023309     -1548.2649      46.028083     -66.074297    
    248000   248000         448.63378     -831.1832       17032.887      18055.48       10696.999      7358.4808      3897.7093      7493.6131     -6339.9078     -85.17635      -2694.7555      12986.862     -7899.8635     -346.91297      84358.804      43.85746       43.85746       43.85746       0.98896062     565.62184     -1771.4186     -1287.7528    
    249000   249000         450.72338      1232.2533      19797.221      18269.633      10746.823      7522.8105      3921.0666      7779.5539     -6451.3271     -89.609179     -2671.0859      12952.672     -7918.4596     -344.28705      85002.22       43.96868       43.96868       43.96868       0.98147478     2082.6297      777.18578      836.9443     
    250000   250000         447.68553      1259.442       19771.08       18213.494      10674.39       7539.1043      3926.8581      7674.4611     -6374.7725     -84.680049     -2676.5616      12989.511     -7915.7121     -345.10643      84800.4        43.933854      43.933854      43.933854      0.98381063     2206.0003     -161.84773      1734.1735    
Loop time of 529.159 on 1 procs for 250000 steps with 8000 atoms

Performance: 40.820 ns/day, 0.588 hours/ns, 472.448 timesteps/s, 3.780 Matom-step/s
100.0% CPU use with 1 MPI tasks x 1 OpenMP threads

MPI task timing breakdown:
Section |  min time  |  avg time  |  max time  |%varavg| %total
---------------------------------------------------------------
Pair    | 64.436     | 64.436     | 64.436     |   0.0 | 12.18
Bond    | 56.729     | 56.729     | 56.729     |   0.0 | 10.72
Kspace  | 250.06     | 250.06     | 250.06     |   0.0 | 47.26
Neigh   | 54.379     | 54.379     | 54.379     |   0.0 | 10.28
Comm    | 8.746      | 8.746      | 8.746      |   0.0 |  1.65
Output  | 2.7555     | 2.7555     | 2.7555     |   0.0 |  0.52
Modify  | 81.375     | 81.375     | 81.375     |   0.0 | 15.38
Other   |            | 10.68      |            |       |  2.02

Nlocal:           8000 ave        8000 max        8000 min
Histogram: 1 0 0 0 0 0 0 0 0 0
Nghost:          20118 ave       20118 max       20118 min
Histogram: 1 0 0 0 0 0 0 0 0 0
Neighs:              0 ave           0 max           0 min
Histogram: 1 0 0 0 0 0 0 0 0 0
FullNghs:  4.80663e+06 ave 4.80663e+06 max 4.80663e+06 min
Histogram: 1 0 0 0 0 0 0 0 0 0

Total # of neighbors = 4806632
Ave neighs/atom = 600.829
Ave special neighs/atom = 5.7025
Neighbor list builds = 10414
Dangerous builds = 0

# --- Cleanup ---
unfix npt_fix

undump dump_npt

# --- Write Output ---
write_dump all custom cool_block_02_last.dump id type mol x y z xu yu zu vx vy vz modify sort id
write_data /home/alexzhao/PolyJarvis/data/PEG_COMPASS_2/attempts/cooling/attempt-0001/work/cool_block_02/cool_block_02_out.data
System init for write_data ...
PPPM Kokkos initialization ...
  using 12-bit tables for long-range coulomb
  G vector (1/distance) = 0.3122646
  grid = 36 36 36
  stencil order = 5
  estimated absolute RMS force accuracy = 0.00024697056
  estimated relative force accuracy = 7.4374452e-07
  using double precision cuFFT
  3d grid and FFT values/proc = 79507 46656
Generated 15 of 15 mixed pair_coeff terms from sixthpower/sixthpower mixing rule
write_restart /home/alexzhao/PolyJarvis/data/PEG_COMPASS_2/attempts/cooling/attempt-0001/work/cool_block_02/cool_block_02_out.restart
System init for write_restart ...
PPPM Kokkos initialization ...
  using 12-bit tables for long-range coulomb
  G vector (1/distance) = 0.3122646
  grid = 36 36 36
  stencil order = 5
  estimated absolute RMS force accuracy = 0.00024697056
  estimated relative force accuracy = 7.4374452e-07
  using double precision cuFFT
  3d grid and FFT values/proc = 79507 46656
Generated 15 of 15 mixed pair_coeff terms from sixthpower/sixthpower mixing rule

print "STAGE COMPLETE: NPT T=475.0->450.0K P=1.0->1.0atm steps=250000"
STAGE COMPLETE: NPT T=475.0->450.0K P=1.0->1.0atm steps=250000
quit
