units real
atom_style full
boundary p p p

# --- Force Field Styles ---
pair_style lj/class2/coul/long 9.5 9.5
kspace_style pppm 1e-6
dielectric 1.000000
bond_style class2
angle_style class2
dihedral_style class2
improper_style class2
special_bonds lj/coul 0 0 1
pair_modify mix sixthpower tail yes
neighbor 2.0 bin
neigh_modify delay 0 every 1 check yes
neigh_modify one 4000
# KOKKOS: package loaded via -pk kokkos on the command line

read_data /home/alexzhao/PolyJarvis/data/PEEK_1/attempts/cooling/attempt-0001/work/cool_block_02/cool_block_02_out.data
Reading data file ...
  orthogonal box = (3.6596909 3.6596909 3.6596909) to (47.078289 47.078289 47.078289)
  1 by 1 by 1 MPI processor grid
  reading atoms ...
  6140 atoms
  reading velocities ...
  6140 velocities
  scanning bonds ...
  3 = max bonds/atom
  scanning angles ...
  9 = max angles/atom
  scanning dihedrals ...
  18 = max dihedrals/atom
  scanning impropers ...
  4 = max impropers/atom
  orthogonal box = (3.6596909 3.6596909 3.6596909) to (47.078289 47.078289 47.078289)
  1 by 1 by 1 MPI processor grid
  reading bonds ...
  6670 bonds
  reading angles ...
  10620 angles
  reading dihedrals ...
  15820 dihedrals
  reading impropers ...
  3420 impropers
Finding 1-2 1-3 1-4 neighbors ...
  special bond factors lj:    0        0        1       
  special bond factors coul:  0        0        1       
     3 = max # of 1-2 neighbors
     6 = max # of 1-3 neighbors
     9 = max # of special neighbors
  special bonds CPU = 0.003 seconds
  read_data CPU = 0.189 seconds


# --- Thermo Output ---
thermo_style custom step time temp press enthalpy etotal ke pe ebond eangle edihed eimp evdwl ecoul elong etail vol lx ly lz density pxx pyy pzz
thermo_modify flush yes
thermo 1000

# --- Trajectory ---
dump dump_npt all custom 1000 cool_block_03.dump id type mol x y z ix iy iz vx vy vz


# --- Restart Checkpointing ---
restart 10000 npt_1.rst npt_2.rst

# --- Initial Velocities (optional) ---
# Velocities read from data file

# --- SHAKE Constraints ---
# SHAKE disabled

# --- NPT Thermostat + Barostat (Nose-Hoover) ---
# T_damp = 100.0 fs  (heat bath coupling)
# P_damp = 1000.0 fs  (pressure bath coupling, ~10x T_damp typical)
# Ramp: T=720.0->695.0K  P=1.0->1.0atm
timestep 1.0
fix npt_fix all npt temp 720.0 695.0 100.0 iso 1.0 1.0 1000.0

run 250000
PPPM Kokkos initialization ...
  using 12-bit tables for long-range coulomb
  G vector (1/distance) = 0.31322134
  grid = 36 36 36
  stencil order = 5
  estimated absolute RMS force accuracy = 0.00025480779
  estimated relative force accuracy = 7.6734609e-07
  using double precision cuFFT
  3d grid and FFT values/proc = 79507 46656
Generated 21 of 21 mixed pair_coeff terms from sixthpower/sixthpower mixing rule
Neighbor list info ...
  update: every = 1 steps, delay = 0 steps, check = yes
  max neighbors/atom: 4000, page size: 100000
  master list distance cutoff = 11.5
  ghost atom cutoff = 11.5
  binsize = 11.5, bins = 4 4 4
  1 neighbor lists, perpetual/occasional/extra = 1 0 0
  (1) pair lj/class2/coul/long/kk, perpetual
      attributes: full, newton off, kokkos_device
      pair build: full/bin/kk/device
      stencil: full/bin/3d
      bin: kk/device
Per MPI rank memory allocation (min/avg/max) = 29.89 | 29.89 | 29.89 Mbytes
   Step          Time           Temp          Press         Enthalpy        TotEng         KinEng         PotEng         E_bond        E_angle        E_dihed        E_impro         E_vdwl         E_coul         E_long         E_tail         Volume           Lx             Ly             Lz          Density          Pxx            Pyy            Pzz      
         0   0              734.9977       663.74146      36552.614      35760.291      13449.865      22310.426      5732.8826      6001.1318      6049.0284      713.54829      60.205965      11294.063     -7540.4333     -485.77097      81851.643      43.418598      43.418598      43.418598      1.0532126      2203.683      -530.01892      317.56033    
      1000   1000           718.05725      323.80787      35723.209      35343.115      13139.868      22203.247      5611.4504      6101.6439      5999.6542      718.94509      27.719786      11277.304     -7533.4708     -494.00502      80487.345      43.176013      43.176013      43.176013      1.0710651      1337.6929     -131.65435     -234.61494    
      2000   2000           709.28234      1457.8873      36959.259      35221.09       12979.294      22241.795      5698.4363      6005.0332      6044.3014      702.4409       17.321326      11305.244     -7530.9817     -486.36983      81750.861      43.400771      43.400771      43.400771      1.054511       215.89234      2236.1147      1921.6549    
      3000   3000           715.09638      932.60375      36503.562      35410.127      13085.687      22324.44       5728.1503      6037.549       6048.6896      731.70101      33.047225      11283.098     -7537.7953     -494.58269      80393.335      43.159196      43.159196      43.159196      1.0723175      4159.6686     -626.26953     -735.58785    
      4000   4000           715.65516     -696.21839      34704.015      35523.422      13095.912      22427.511      5718.0193      6089.9364      6140.0546      741.08375     -29.886689      11301.977     -7533.6738     -492.6977       80700.908      43.214167      43.214167      43.214167      1.0682306      515.92211     -56.738151     -2547.8391    
      5000   5000           710.99829      189.24213      35638.89       35414.171      13010.695      22403.476      5817.025       5843.6741      6151.8848      763.48859      91.716189      11274.622     -7538.9347     -488.32894      81422.887      43.342654      43.342654      43.342654      1.0587586     -1543.3113      2356.8449     -245.80721    
      6000   6000           705.01736      336.73695      35378.434      34978.977      12901.249      22077.728      5625.4949      5917.9128      6025.2112      711.77032      45.040923      11293.697     -7541.3996     -488.82652      81340.005      43.327942      43.327942      43.327942      1.0598374     -1546.4845      1961.9847      594.71063    
      7000   7000           720.90178      2333.5597      38424.561      35653.553      13191.921      22461.632      5744.0614      6030.6168      6098.5175      715.81323      102.3366       11302.588     -7532.3018     -488.33286      81422.234      43.342538      43.342538      43.342538      1.0587671      944.13494      3280.3385      2776.2056    
      8000   8000           719.43861      29.014407      35516.418      35481.834      13165.146      22316.688      5839.8441      5995.1875      5942.9505      732.53986      57.244893      11279.274     -7530.3524     -486.4968       81729.524      43.396995      43.396995      43.396995      1.0547863     -395.72204     -1862.0453      2344.8106    
      9000   9000           719.57047      1817.8116      37464.616      35273.771      13167.559      22106.212      5540.8844      5922.3736      5957.9146      729.07633      185.37783      11301.95      -7531.3654     -481.14058      82639.364      43.557438      43.557438      43.557438      1.0431734      2002.2374      2989.0962      462.10124    
     10000   10000          717.53927      467.92637      35944.78       35389.26       13130.39       22258.87       5674.7424      5889.9054      6172.4876      712.24764      58.946578      11287.452     -7536.9114     -488.44144      81404.133      43.339326      43.339326      43.339326      1.0590025      238.14648     -91.568215      1257.2008    
     11000   11000          726.38746     -655.76873      34813.945      35593.693      13292.304      22301.389      5678.9932      5906.4794      6171.8321      709.23225      81.256608      11283.142     -7529.5463     -487.67578      81531.939      43.361995      43.361995      43.361995      1.0573425     -1097.2609     -1935.3789      1065.3336    
     12000   12000          709.80685     -954.61783      34246.071      35374.407      12988.893      22385.514      5799.9709      5985.4394      6105.2185      723.16801     -4.6042943      11306.584     -7530.262      -490.59828      81046.253      43.275721      43.275721      43.275721      1.0636788     -292.15313     -1851.0776     -720.62281    
     13000   13000          731.66884     -1036.8656      34478.761      35715.085      13388.949      22326.135      5560.1452      5950.7202      6219.8082      764.17852      80.261776      11281.696     -7530.6746     -486.32346      81758.655      43.40215       43.40215       43.40215       1.0544105     -3023.503       259.21329     -346.30698    
     14000   14000          714.11474      1331.7432      37010.068      35432.688      13067.723      22364.965      5711.0654      6007.9384      6058.674       738.6389       72.52259       11310.723     -7534.5971     -489.57497      81215.655      43.305852      43.305852      43.305852      1.0614602      1011.9518      54.02253       2929.2552    
     15000   15000          701.98456      838.58794      36022.169      35021.67       12845.751      22175.919      5633.6067      6022.4215      5981.2448      720.60236      70.536044      11283.857     -7536.3493     -486.03396      81807.353      43.410766      43.410766      43.410766      1.0537828     -581.56534      1502.2173      1595.1118    
     16000   16000          717.0829      -50.996709      35316.33       35376.646      13122.038      22254.608      5561.9282      5976.1673      6138.5617      719.92794      112.46075      11284.208     -7538.6464     -490.28119      81098.669      43.285049      43.285049      43.285049      1.0629913     -372.92385      1032.0011     -812.06736    
     17000   17000          714.90143      625.78323      35962.852      35220.962      13082.119      22138.843      5539.7768      5946.9825      6086.4158      719.55163      91.473794      11289.085     -7534.4421     -489.12465      81290.428      43.319138      43.319138      43.319138      1.0604838      617.62834      207.30318      1052.4182    
     18000   18000          716.14089     -811.89901      34368.131      35329.67       13104.8        22224.869      5622.7097      6020.8578      6033.7704      719.84726      88.904779      11278.008     -7539.2287     -489.63224      81206.155      43.304163      43.304163      43.304163      1.0615843     -1438.236      -70.360185     -927.10087    
     19000   19000          703.27888      815.60749      36388.471      35424.506      12869.436      22555.07       5661.2157      6087.576       6209.9224      749.3202       102.10758      11277.27      -7532.3425     -490.63075      81040.888      43.274766      43.274766      43.274766      1.0637492      1226.413      -1021.9238      2242.3333    
     20000   20000          710.72476     -1178.7297      33878.11       35285.614      13005.689      22279.925      5493.6927      5964.3035      6187.2603      743.69248      130.74894      11294.216     -7533.9894     -485.62306      81876.573      43.423006      43.423006      43.423006      1.0528919     -911.4701       68.042273     -2692.7612    
     21000   21000          724.93821      1514.8145      37250.152      35451.664      13265.784      22185.879      5540.6247      6047.9201      6029.2426      741.94902      73.08685       11288.231     -7535.1746     -488.41252      81408.953      43.340181      43.340181      43.340181      1.0589398      2253.2529      806.06842      1485.1222    
     22000   22000          712.00926      1690.5045      37677.603      35671.074      13029.195      22641.879      5741.9011      6026.3293      6278.2985      732.21723      133.48542      11267.948     -7538.2995     -488.54637      81386.648      43.336223      43.336223      43.336223      1.05923        304.06542      1767.828       2999.6202    
     23000   23000          716.73395      1205.9439      36710.351      35279.665      13115.653      22164.012      5478.7725      5997.5178      6053.2437      703.50989      168.6589       11294.086     -7531.7761     -488.78493      81346.927      43.329171      43.329171      43.329171      1.0597473      2041.6125      1144.606       431.61328    
     24000   24000          723.18905     -6.4331227      35585.565      35593.276      13233.776      22359.501      5767.0491      6064.2473      5902.1139      701.4433       178.65799      11278.483     -7532.4938     -483.77511      82189.329      43.478226      43.478226      43.478226      1.0488853      1926.8027      854.64008     -2800.7422    
     25000   25000          709.75212      1377.5899      36917.105      35278.239      12987.891      22290.348      5759.4114      6106.5986      5848.6452      723.2156       106.66261      11279.74      -7533.9253     -487.429        81573.218      43.369312      43.369312      43.369312      1.0568074      3209.6926     -11.754816      934.832      
     26000   26000          719.22678     -815.30564      34568.505      35529.752      13161.27       22368.482      5661.7773      5996.2497      6093.9995      737.84052      124.80001      11286.951     -7533.1362     -491.83584      80842.323      43.239394      43.239394      43.239394      1.066362      -2584.4577     -844.7999       983.3407     
     27000   27000          705.24252      1462.759       36910.484      35172.208      12905.369      22266.839      5777.0388      5872.6025      5964.2343      738.96351      165.65643      11283.421     -7535.077      -487.96545      81483.539      43.353413      43.353413      43.353413      1.0579705      2102.4364      2543.8186     -257.9779     
     28000   28000          709.79346     -67.020856      35134.722      35214.313      12988.647      22225.665      5648.9632      5949.9575      5928.0045      747.54826      175.11036      11298.602     -7522.5209     -488.29402      81428.71       43.343687      43.343687      43.343687      1.0586829     -557.47147      467.2115      -110.8026     
     29000   29000          722.17821     -584.76937      34780.989      35482.608      13215.278      22267.33       5621.4457      5925.4109      6136.1687      769.45229      66.883767      11274.465     -7526.4968     -483.30136      82269.895      43.492427      43.492427      43.492427      1.0478582      982.42052     -2186.2224     -550.50619    
     30000   30000          702.63149     -889.77656      34063.514      35124.779      12857.589      22267.19       5560.7448      5903.8637      6236.004       724.43575      61.851866      11304.065     -7523.7759     -486.17454      81783.698      43.406581      43.406581      43.406581      1.0540876     -2473.537       134.73287     -330.52551    
     31000   31000          725.80478     -746.73001      34548.665      35440.975      13281.642      22159.334      5618.8186      5837.4515      6177.6428      738.5158       63.04921       11264.686     -7540.8299     -485.26877      81936.35       43.433571      43.433571      43.433571      1.0521238      606.7028      -1490.6997     -1356.1932    
     32000   32000          712.68892     -1109.7878      34315.403      35656.267      13041.632      22614.635      5888.99        6113.442       6013.9207      728.41199      108.68701      11289.805     -7528.6218     -479.94337      82845.508      43.593625      43.593625      43.593625      1.0405776     -3983.4389      3462.5168     -2808.4412    
     33000   33000          726.54652      1587.084       37037.951      35182.156      13295.215      21886.942      5500.1171      5947.1398      5968.8281      705.41176      13.237882      11285.647     -7533.4405     -495.91222      80177.802      43.120592      43.120592      43.120592      1.0752001      38.398184      969.54451      3753.3093    
     34000   34000          693.24186      235.58716      35147.129      34867.41       12685.767      22181.643      5636.6888      6136.0225      5903.8934      694.71993      56.869748      11291.561     -7538.1122     -488.38721      81413.173      43.34093       43.34093       43.34093       1.0588849      3688.4057     -2604.271      -377.37325    
     35000   35000          719.46974      699.65915      35988.502      35166.143      13165.716      22000.427      5496.7673      5839.153       6109.7709      716.72698      91.15066       11287.317     -7540.4588     -493.35519      80593.359      43.194961      43.194961      43.194961      1.0696562     -245.70889      808.74045      1535.9459    
     36000   36000          723.78008     -1664.2761      33743.126      35727.235      13244.591      22482.643      5724.2856      5998.2127      6150.7863      762.07988      128.21406      11258.127     -7539.0623     -486.40125      81745.579      43.399836      43.399836      43.399836      1.0545791     -4385.2827     -2158.9675      1551.4218    
     37000   37000          721.96227      843.45975      36349.364      35355.26       13211.327      22143.934      5548.1347      5976.0276      6088.0607      743.88483      26.14603       11291.461     -7529.7816     -492.00266      80814.913      43.234506      43.234506      43.234506      1.0667237      1430.5016     -598.53518      1698.4128    
     38000   38000          705.28268     -354.668        34639.535      35058.166      12906.104      22152.062      5625.0584      6037.4963      6063.4359      688.32696     -35.016685      11301.076     -7528.3154     -491.27644      80934.376      43.255799      43.255799      43.255799      1.0651492     -150.75196     -2436.6937      1523.4416    
     39000   39000          721.68139      871.82258      36312.996      35290.017      13206.187      22083.83       5641.0169      5995.6648      5981.8507      689.47384      44.312427      11269.313     -7537.8018     -494.19248      80456.813      43.170553      43.170553      43.170553      1.0714715     -1051.6464      433.13672      3233.9775    
     40000   40000          727.16772      262.13815      35989.882      35676.56       13306.582      22369.977      5743.0974      5926.0018      6144.1137      714.90006      97.135097      11278.017     -7533.2875     -485.1475       81956.832      43.43719       43.43719       43.43719       1.0518608      0.69825598    -1481.7086      2267.4248    
     41000   41000          715.84449      1732.4464      37349.408      35308.194      13099.376      22208.817      5613.4783      5996.3444      6097.0662      725.31216      28.551098      11284.667     -7536.6015     -492.15973      80789.121      43.229906      43.229906      43.229906      1.0670643      1331.2158      614.27793      3251.8455    
     42000   42000          718.8685      -355.68272      34953.775      35379.512      13154.713      22224.798      5618.3902      5878.5508      6107.3655      736.8246       118.58171      11293.651     -7528.5658     -484.4586       82073.374      43.457769      43.457769      43.457769      1.0503672     -1192.5064      603.32642     -477.86813    
     43000   43000          707.05696      841.24496      36219.879      35223.719      12938.572      22285.147      5661.1397      5895.2905      6160.4369      722.32953      96.367825      11282.539     -7532.9566     -489.6977       81195.301      43.302234      43.302234      43.302234      1.0617263      3306.814       1653.0449     -2436.124     
     44000   44000          716.69224     -1503.8721      33567.84       35333.6        13114.89       22218.71       5610.8455      6112.7553      6042.2042      710.59187     -24.076833      11300.386     -7533.9961     -493.87157      80509.092      43.179901      43.179901      43.179901      1.0707757     -1211.9296     -1934.1376     -1365.5493    
     45000   45000          705.41916     -141.66279      34863.926      35031.89       12908.601      22123.289      5532.4026      5920.7827      6126.6858      733.32744      72.895815      11279.67      -7542.4759     -489.07367      81298.901      43.320643      43.320643      43.320643      1.0603733      334.86777     -1228.4417      468.58554    
     46000   46000          731.49046      626.60011      35965.815      35231.831      13385.685      21846.146      5531.0696      5788.4932      6110.8317      705.86561     -31.79398       11275.51      -7533.8304     -495.03805      80319.385      43.145959      43.145959      43.145959      1.0733048      2110.6101      1408.9165     -1639.7262    
     47000   47000          721.91029      1406.5975      37063.146      35409.517      13210.376      22199.141      5713.1849      5921.0333      6014.2547      704.71051      104.96735      11284.146     -7543.1555     -493.24947      80610.633      43.198047      43.198047      43.198047      1.069427       1656.4727      1040.1504      1523.1693    
     48000   48000          713.06498      91.923171      35571.652      35462.978      13048.514      22414.464      5681.6704      5997.7461      6123.8394      760.14974      112.52081      11268.997     -7530.4591     -490.49193      81063.825      43.278849      43.278849      43.278849      1.0634482      321.9472       358.74803     -404.92571    
     49000   49000          708.16515     -1183.5347      33650.644      35063.959      12958.851      22105.109      5489.9791      6009.5105      6043.0058      742.97415      72.355003      11283.462     -7536.1776     -485.59789      81880.818      43.423756      43.423756      43.423756      1.0528373     -1017.4672     -1150.8112     -1382.3256    
     50000   50000          708.29818     -1897.0488      32604.983      34877.267      12961.285      21915.982      5510.2971      5875.2871      5941.1389      699.23593      149.32266      11277.472     -7536.7722     -484.1176       82131.185      43.46797       43.46797       43.46797       1.0496279     -2089.8609     -1067.548      -2533.7376    
     51000   51000          716.79017      348.53832      35544.282      35130.071      13116.682      22013.389      5519.587       5853.5168      6065.2205      682.77479      130.90915      11296.697     -7535.3165     -487.93685      81488.316      43.35426       43.35426       43.35426       1.0579085     -1222.9072     -205.18534      2473.7075    
     52000   52000          724.05818      334.91957      35936.028      35534.872      13249.68       22285.191      5688.191       5988.7179      6049.5649      698.25486      119.16308      11279.889     -7538.5894     -484.12942      82129.179      43.467617      43.467617      43.467617      1.0496535      471.39955     -636.47057      1169.8297    
     53000   53000          709.43776     -3178.8376      31435.794      35204.301      12982.138      22222.163      5570.4628      5907.4458      6255.3745      723.81217      37.259341      11270.346     -7542.5375     -489.14071      81287.759      43.318664      43.318664      43.318664      1.0605186     -1268.7543     -5245.133      -3022.6256    
     54000   54000          715.25497     -439.36997      35142.003      35670.197      13088.589      22581.609      5767.8392      5941.7981      6191.0509      748.8034       188.9268       11283.699     -7540.5084     -482.3602       82430.416      43.520696      43.520696      43.520696      1.0458176      74.344637      596.16146     -1988.616     
     55000   55000          699.90168     -791.77511      34304.289      35246.496      12807.636      22438.86       5688.6504      5898.3995      6253.6112      765.02707      85.084414      11283.882     -7535.7952     -487.2934       81595.918      43.373334      43.373334      43.373334      1.0565134     -1255.0223      47.543203     -1167.8463    
     56000   56000          712.85138     -1155.0645      33827.665      35185.853      13044.605      22141.248      5769.4608      5799.3743      6114.5103      701.93105      21.09239       11267.521     -7532.642      -493.15278      80626.438      43.20087       43.20087       43.20087       1.0692173     -2127.0049     -540.69887     -797.48982    
     57000   57000          711.68064     -909.26956      33947.953      35011.73       13023.181      21988.549      5545.6384      5933.5644      6154.2622      706.84239     -92.405512      11276.807     -7536.1593     -495.65202      80219.893      43.128136      43.128136      43.128136      1.074636      -3014.2792     -291.88048      578.35098    
     58000   58000          725.70119     -272.81851      35150.774      35472.611      13279.746      22192.865      5686.0349      5923.2201      6107.7402      731.96217     -4.8244043      11283.712     -7534.9796     -491.55568      80888.399      43.247607      43.247607      43.247607      1.0657546     -2205.8752     -75.222489      1462.6421    
     59000   59000          713.81738      1807.9412      37429.501      35275.011      13062.282      22212.729      5688.1706      5932.823       5998.8916      717.71129      112.1709       11296.701     -7533.7389     -486.60298      81711.69       43.393838      43.393838      43.393838      1.0550165      1050.5002      2979.1082      1394.2153    
     60000   60000          725.96797      1393.9078      36956.834      35311.072      13284.628      22026.444      5645.3044      5918.1731      5988.1791      690.94255      32.897733      11289.204     -7538.2571     -491.13606      80957.508      43.25992       43.25992       43.25992       1.0648448     -35.90647       2462.5487      1755.0812    
     61000   61000          718.4517       2913.747       38831.851      35363.04       13147.086      22215.953      5554.8816      5973.3138      6078.7895      741.20122      118.52855      11283.252     -7534.0136     -487.08646      81630.584      43.379476      43.379476      43.379476      1.0560648      3640.1008      2386.0864      2715.0539    
     62000   62000          719.22603     -97.924661      34980.275      35095.279      13161.256      21934.024      5522.6301      5866.6106      6113.7129      705.9336      -3.9211958      11266.973     -7537.9151     -493.75449      80528.184      43.183314      43.183314      43.183314      1.0705219      1179.5569     -844.33546     -628.99544    
     63000   63000          712.6632      -83.048981      34993.79       35091.463      13041.161      22050.302      5670.8348      5862.8537      6045.516       714.61741      9.7955685      11287.145     -7540.4605     -493.05528      80642.382      43.203717      43.203717      43.203717      1.0690059     -442.48343     -623.60654      816.94302    
     64000   64000          723.42868      871.21084      36278.659      35244.507      13238.161      22006.346      5579.0821      5842.4811      6092.861       717.61324      31.135695      11284.13      -7540.9571     -488.51049      81392.626      43.337284      43.337284      43.337284      1.0591522     -1078.9434     -915.89089      4608.4668    
     65000   65000          713.54746     -640.34619      34623.842      35379.578      13057.343      22322.235      5610.1934      6064.5793      6120.1102      722.14333      57.093246      11285.846     -7537.7302     -491.33724      80924.361      43.254015      43.254015      43.254015      1.065281       2196.1388     -2850.4902     -1266.6872    
     66000   66000          704.2419       1025.8427      36378.728      35173.616      12887.058      22286.557      5539.236       6000.6753      6245.4814      733.65737      26.004363      11278.706     -7537.2029     -493.61483      80550.967      43.187386      43.187386      43.187386      1.0702191      2792.3297      1183.3861     -898.18758    
     67000   67000          708.69476      654.71293      35703.942      34931.148      12968.542      21962.606      5484.6247      5823.1604      6109.7412      717.66317      104.73525      11259.88      -7537.1994     -491.27175      80935.148      43.255937      43.255937      43.255937      1.065139      -313.76519      846.62927      1431.2747    
     68000   68000          710.91324      1034.8296      36379.917      35161.452      13009.138      22152.313      5645.9382      5929.4621      6024.8754      762.8201       56.12167       11277.102     -7544.0067     -492.48229      80736.207      43.220466      43.220466      43.220466      1.0677636      1642.5396      2113.8275     -651.87837    
     69000   69000          720.65832      343.96352      35949.226      35546.499      13187.466      22359.033      5909.1191      5959.9263      6038.8812      704.37971      25.584813      11261.435     -7540.2936     -495.2627       80282.953      43.139434      43.139434      43.139434      1.0737919      2289.5463     -878.57369     -379.08202    
     70000   70000          716.94306      1827.0547      37330.107      35169.51       13119.479      22050.031      5647.1625      5881.9872      6040.417       741.05785      8.4890819      11269.756     -7538.8389     -490.35716      81086.105      43.282813      43.282813      43.282813      1.063156       2757.0269      736.73757      1987.3996    
     71000   71000          720.16985     -813.41333      34500.819      35457.895      13178.527      22279.368      5780.5532      5836.2133      6154.2752      729.76966      14.829417      11297.11      -7533.383      -492.83286      80678.776      43.210216      43.210216      43.210216      1.0685237     -2133.3095     -912.69532      605.76489    
     72000   72000          698.15632     -11.737348      34774.261      34788.048      12775.697      22012.351      5571.4329      5871.738       6041.4301      740.7336       47.045778      11279.746     -7539.7748     -493.64144      80546.625      43.18661       43.18661       43.18661       1.0702768     -307.76715     -610.33308      882.88819    
     73000   73000          718.45257     -366.24943      34838.249      35270.885      13147.102      22123.783      5589.5986      5885.2716      6080.9769      729.40982      92.738194      11281.295     -7535.5066     -490.89476      80997.303      43.267007      43.267007      43.267007      1.0643216     -122.77874      467.78565     -1443.7552    
     74000   74000          695.77866     -428.15529      34292.341      34795.041      12732.188      22062.853      5548.4192      6080.929       5922.19        716.15302      40.7855        11287.145     -7532.7685     -493.88634      80506.686      43.179471      43.179471      43.179471      1.0708078     -493.33896      813.94388     -1605.0708    
     75000   75000          719.2978      -1552.5714      33308.594      35146.633      13162.569      21984.064      5604.3796      5950.3442      6026.5292      707.77194     -28.637645      11269.331     -7545.6548     -489.81457      81175.927      43.298789      43.298789      43.298789      1.0619797     -2714.0096     -2845.1796      901.47502    
     76000   76000          711.01824      1006.1128      36306.183      35117.175      13011.06       22106.116      5622.1759      5908.4114      6030.5169      743.07828      71.24009       11274.591     -7543.8978     -490.67824      81033.045      43.27337       43.27337       43.27337       1.0638522      2728.3409     -134.45208      424.44953    
     77000   77000          714.59344     -2226.5103      32487.377      35096.562      13076.483      22020.079      5471.2891      5964.4672      6182.9467      720.25924     -73.83322       11295.498     -7540.5477     -494.8284       80353.415      43.152051      43.152051      43.152051      1.0728503     -945.36403     -2570.1884     -3163.9784    
     78000   78000          707.86124     -1090.4281      33631.807      34933.201      12953.289      21979.912      5572.5173      5844.9031      6047.8939      728.08409      34.897065      11285.541     -7533.9248     -485.87331      81834.402      43.41555       43.41555       43.41555       1.0534345     -3746.5259     -814.94957      1290.1913    
     79000   79000          721.52253      1317.0439      36975.356      35426.512      13203.28       22223.232      5568.0684      6019.3836      6146.2184      749.101       -23.947379      11297.91      -7533.5016     -493.09136      80636.48       43.202663      43.202663      43.202663      1.0690842      3009.8924     -248.28139      1189.5208    
     80000   80000          711.58557     -563.97626      34271.531      34930.356      13021.442      21908.915      5583.1271      5793.7915      6022.878       718.18301      52.550598      11274.355     -7535.9703     -496.39243      80100.238      43.106683      43.106683      43.106683      1.0762413     -1749.0248     -538.41117      595.50719    
     81000   81000          709.82358      517.52295      35597.927      34995.614      12989.199      22006.416      5578.855       5857.2285      6042.5781      728.28953      46.392499      11293.423     -7540.3508     -498.24465      79802.466      43.0532        43.0532        43.0532        1.0802571      541.23795      333.37339      677.95751    
     82000   82000          707.09274     -585.67135      34435.744      35117.442      12939.226      22178.215      5627.6875      5980.8073      6114.31        726.47794     -10.834289      11280.428     -7540.6609     -498.19274      79810.781      43.054695      43.054695      43.054695      1.0801446      2628.747      -563.2226      -3822.5385    
     83000   83000          712.34595     -314.95227      34459.035      34827.055      13035.356      21791.699      5600.8523      5879.1612      5911.3928      693.06895     -12.130822      11267.254     -7547.9004     -496.25954      80121.688      43.11053       43.11053       43.11053       1.0759531      696.76099      5.0007408     -1646.6185    
     84000   84000          714.89469      1100.7468      36342.559      35049.885      13081.996      21967.889      5652.988       5938.6874      5948.286       708.50638     -23.133246      11280.997     -7538.4418     -493.77976      80524.062      43.182577      43.182577      43.182577      1.0705767      922.53752     -175.06938      2554.7721    
     85000   85000          715.47134      995.4481       36521.605      35354.373      13092.548      22261.825      5753.464       5990.9796      5947.7657      737.69173      103.55273      11270.591     -7542.2192     -494.53408      80401.238      43.16061       43.16061       43.16061       1.0722121     -232.64297      2218.4037      1000.5836    
     86000   86000          697.60285      645.69977      35460.964      34703.658      12765.569      21938.089      5511.7713      5921.4656      6036.3338      708.17783      27.577089      11275.926     -7543.1626     -494.41781      80420.144      43.163993      43.163993      43.163993      1.0719601      30.742477     -1162.9082      3069.265     
     87000   87000          717.95676      316.619        35552.632      35181.886      13138.029      22043.856      5534.046       5938.0706      6057.9766      746.30394      53.162442      11264.847     -7550.5504     -495.21588      80290.543      43.140794      43.140794      43.140794      1.0736904     -930.47983      2168.914      -288.57717    
     88000   88000          705.54789      711.28086      35596.315      34777          12910.957      21866.043      5595.8326      5816.686       6006.6555      723.65314      4.9452592      11260.2       -7541.9297     -503.41323      78983.128      42.905349      42.905349      42.905349      1.0914633      2742.3934     -978.71782      370.16694    
     89000   89000          718.48049     -460.34844      34532.872      35067.414      13147.613      21919.801      5574.5659      5971.219       5985.8055      748.41496     -100.56722      11282.768     -7542.4055     -499.39035      79619.384      43.020251      43.020251      43.020251      1.0827411      638.06754     -2188.2794      169.16654    
     90000   90000          709.63319     -936.82949      33885.352      34957.819      12985.715      21972.104      5616.5503      5951.289       6052.9386      696.71944     -65.544607      11270.99      -7550.8389     -506.53756      78495.96       42.816954      42.816954      42.816954      1.0982372     -1037.8052     -599.30499     -1173.3783    
     91000   91000          707.09574     -785.82267      33824.074      34735.021      12939.281      21795.74       5516.9134      5901.6341      6018.9233      696.51856     -57.14468       11267.503     -7548.6078     -500.22593      79486.388      42.996284      42.996284      42.996284      1.0845528     -1376.4078     -819.94952     -161.11066    
     92000   92000          721.55748     -149.73491      35150.103      35323.653      13203.92       22119.733      5712.3865      5922.5418      6036.7304      731.89061      14.270264      11247.291     -7545.3773     -500.30296      79474.149      42.994077      42.994077      42.994077      1.0847198      117.65856      682.26412     -1249.1274    
     93000   93000          696.92378      940.03327      35901.238      34813.971      12753.143      22060.828      5701.5241      5989.6498      6035.254       739.89969     -141.93869      11277.997     -7541.5581     -501.35094      79308.024      42.964099      42.964099      42.964099      1.0869919     -369.97014      1271.3698      1918.7002    
     94000   94000          713.93833      2242.9302      37736.585      35134.85       13064.495      22070.355      5664.8302      6035.6759      6089.004       728.73914     -178.74749      11275.244     -7544.391      -499.90508      79537.403      43.00548       43.00548       43.00548       1.0838571      4314.3841     -587.00234      3001.4088    
     95000   95000          702.06465     -2370.174       31880.893      34632.209      12847.216      21784.992      5500.6637      5851.0269      6045.9424      718.00339     -67.488021      11281.766     -7544.9223     -499.54501      79594.733      43.01581       43.01581       43.01581       1.0830765     -1689.1922     -3105.8769     -2315.4528    
     96000   96000          709.25969      357.79617      35341.451      34927.38       12978.88       21948.5        5710.8312      5866.943       5952.1939      720.89569     -53.047065      11289.864     -7539.1809     -501.06689      79352.982      42.972216      42.972216      42.972216      1.0863761     -768.45546      788.45475      1053.3892    
     97000   97000          707.0105       994.24917      35781.715      34629.138      12937.721      21691.416      5537.733       5851.7663      5891.9747      712.95312     -15.038696      11258.804     -7546.7761     -500.21902      79487.485      42.996482      42.996482      42.996482      1.0845378      939.92828      1262.711       780.10824    
     98000   98000          704.78541     -1279.837       33513.622      34992.997      12897.004      22095.993      5693.1452      5967.7999      6002.9882      723.02825     -18.006921      11269.932     -7542.893      -501.66203      79258.843      42.955216      42.955216      42.955216      1.0876664     -1691.8042     -1475.5197     -672.18702    
     99000   99000          718.24563     -124.94863      34670.965      34815.833      13143.315      21672.518      5582.1551      5921.7174      5809.421       727.7623      -97.661543      11273.643     -7544.5193     -500.14182      79499.755      42.998694      42.998694      42.998694      1.0843704     -714.15937      1309.4314     -970.11787    
    100000   100000         714.53368      496.12644      35319.665      34754.583      13075.39       21679.193      5592.079       5991.5251      5682.3383      737.652       -78.253826      11297.809     -7543.9563     -509.11428      78098.678      42.744597      42.744597      42.744597      1.1038238     -1557.9663      946.32469      2100.021     
    101000   101000         717.96234      1545.9743      36832.301      35030.649      13138.131      21892.517      5656.7735      5893.7008      5922.3664      721.84056     -46.379183      11286.766     -7542.5502     -497.58364      79908.479      43.072256      43.072256      43.072256      1.078824       2280.6666      1835.2889      521.96757    
    102000   102000         716.73711     -674.22309      34651.089      35428.018      13115.711      22312.307      5665.0434      6011.3009      6200.2539      724.57835     -43.832773      11296.795     -7541.8324     -503.21933      79013.563      42.91086       42.91086       42.91086       1.0910429     -944.26059     -2117.6473      1039.2386    
    103000   103000         702.1523      -798.0801       33736.64       34660.198      12848.82       21811.378      5388.5575      5998.2         6038.0311      701.10016     -54.237198      11281.977     -7542.2516     -501.09147      79349.089      42.971513      42.971513      42.971513      1.0864294     -1524.3224     -263.04244     -606.87544    
    104000   104000         712.6275       680.59178      35836.393      35056.256      13040.508      22015.748      5602.8037      6126.4507      5953.3639      727.17918     -140.33239      11286.064     -7539.7813     -505.88377      78597.405      42.835391      42.835391      42.835391      1.0968197     -66.597152     -205.28899      2313.6615    
    105000   105000         711.40369     -532.94751      34242.267      34855.839      13018.113      21837.726      5387.5678      5935.3409      6167.6025      712.58325     -101.79758      11279.666     -7543.2372     -503.67896      78941.458      42.897803      42.897803      42.897803      1.0920394     -1261.6525     -987.94531      650.75525    
    106000   106000         722.27981     -513.92968      34527.503      35121.26       13217.138      21904.122      5608.2045      5930.2849      5982.6388      697.23758     -41.181954      11267.663     -7540.7244     -501.91492      79218.909      42.948001      42.948001      42.948001      1.0882147     -2111.3446      324.63908      244.91647    
    107000   107000         714.93015      1461.751       36591.982      34878.009      13082.645      21795.365      5635.1604      5794.3201      5862.8648      732.69711      20.152508      11289.636     -7539.4663     -494.54334      80399.732      43.160341      43.160341      43.160341      1.0722322      1098.4837      2200.2707      1086.4986    
    108000   108000         704.65891      879.9192       35629.112      34615.364      12894.689      21720.675      5642.8557      5866.7645      5761.5539      680.74151      27.574637      11281.064     -7539.8792     -503.32415      78997.107      42.907881      42.907881      42.907881      1.0912701     -452.94168      2118.2857      974.41357    
    109000   109000         701.79073      1812.3739      37114.351      34996.603      12842.204      22154.399      5742.3854      5953.6851      5924.0294      734.75439      64.589058      11275.935     -7540.9795     -496.25876      80121.814      43.110553      43.110553      43.110553      1.0759515      1658.3113      1436.0368      2342.7735    
    110000   110000         712.4693      -1881.9648      32940.173      35162.555      13037.613      22124.942      5732.4495      5939.0955      6049.0454      690.05386      10.68773       11253.599     -7549.9891     -491.05216      80971.341      43.262384      43.262384      43.262384      1.0646629     -2353.8656     -1081.28       -2210.7489    
    111000   111000         705.6172       478.98537      35258.593      34698.468      12912.225      21786.242      5504.6061      5769.9856      6025.3732      719.1411       31.64987       11278.092     -7542.6051     -495.87487      80183.842      43.121675      43.121675      43.121675      1.0751191      1434.553      -1403.7288      1406.1318    
    112000   112000         714.37669     -957.48571      34024.688      35159.205      13072.517      22086.689      5680.8183      5980.0803      5952.1741      738.54829      11.676051      11261.987     -7538.595      -489.39089      81246.204      43.311281      43.311281      43.311281      1.0610611     -588.79541     -2738.3395      454.67777    
    113000   113000         710.57177     -930.2386       33735.117      34828.357      13002.89       21825.467      5545.7692      5870.3548      5995.981       715.22133     -39.084291      11270.525     -7533.2997     -493.41678      80583.299      43.193164      43.193164      43.193164      1.0697897     -2342.8016     -1027.9942      580.07997    
    114000   114000         694.19619      171.0298       34942.67       34740.879      12703.23       22037.649      5677.9352      5950.6159      5821.5084      723.19892      126.01651      11277.863     -7539.488      -491.4795       80900.937      43.249841      43.249841      43.249841      1.0655894      1168.9924     -542.58948     -113.31354    
    115000   115000         699.10358      45.02693       35137.582      35084.958      12793.031      22291.927      5686.7236      6048.0017      6018.2384      715.18241      96.70787       11268.44      -7541.3674     -496.15763      80138.145      43.113482      43.113482      43.113482      1.0757322      136.40449      343.27787     -344.60157    
    116000   116000         701.17455     -1704.3187      32887.939      34888.142      12830.928      22057.213      5498.7211      5996.4725      6086.4881      733.72612      22.773517      11266.885     -7547.8526     -494.09645      80472.45       43.173349      43.173349      43.173349      1.0712633     -1489.23       -1791.7054     -1832.0206    
    117000   117000         717.55566      2678.125       38044.323      34880.953      13130.69       21750.264      5537.4387      5784.9778      5958.5406      698.65892      21.018912      11289.176     -7539.5473     -490.92574      80992.193      43.266097      43.266097      43.266097      1.0643888      2043.4825      3980.2989      2010.5937    
    118000   118000         713.83816      1038.2426      36379.472      35152.873      13062.662      22090.211      5685.3116      5943.5283      5998.814       703.85959      28.979035      11274.119     -7544.401      -490.83002      81007.988      43.268909      43.268909      43.268909      1.0641813      1749.085       1642.3161     -276.67315    
    119000   119000         702.19436      1588.4234      36623.661      34777.66       12849.59       21928.07       5549.2307      5970.9781      5959.6071      687.4014       6.4368887      11292.373     -7537.9563     -498.96416      79687.39       43.032496      43.032496      43.032496      1.0818171      2485.4015      2405.3792     -125.5103     
    120000   120000         692.05877     -165.16281      34460.708      34655.664      12664.117      21991.547      5590.7216      5924.4051      5890.0436      732.99414      117.70639      11278.5       -7542.8238     -491.25979      80937.119      43.256288      43.256288      43.256288      1.0651131     -9.7505058     -526.68807      40.950145    
    121000   121000         719.68143      907.79266      36226.876      35150.53       13169.589      21980.941      5496.6768      5911.4505      5950.699       705.8502       183.3496       11278.244     -7545.3288     -489.06858      81299.748      43.320793      43.320793      43.320793      1.0603622     -90.203285      1995.1456      818.43566    
    122000   122000         703.7444       1680.2743      36666.671      34690.505      12877.954      21812.551      5602.0605      5930.8642      5824.553       716.13817      1.0013369      11282.896     -7544.963      -493.05083      80643.11       43.203847      43.203847      43.203847      1.0689963      614.06462      5086.1871     -659.42871    
    123000   123000         699.81707     -673.05136      34058.513      34852.897      12806.088      22046.81       5508.5173      5935.0487      6093.2499      698.55232      80.443373      11272.581     -7541.5831     -491.3066       80929.408      43.254914      43.254914      43.254914      1.0652146      1440.1193     -1423.529      -2035.7444    
    124000   124000         717.40686      629.8488       35548.135      34803.895      13127.967      21675.929      5386.561       5836.0388      5937.8696      702.96125      48.685449      11299.563     -7535.7503     -490.74759      81021.593      43.271332      43.271332      43.271332      1.0640026      469.1316      -1453.1969      2873.6117    
    125000   125000         705.5791       1424.1072      36565.946      34894.997      12911.528      21983.469      5709.7882      5883.6622      5870.2358      709.34948      83.704827      11264.302     -7537.5728     -494.21333      80453.418      43.169946      43.169946      43.169946      1.0715167      204.96899      2636.758       1430.5947    
    126000   126000         721.71586      2468.8278      37919.663      35057.472      13206.818      21850.654      5527.3386      6089.7949      5750.6976      743.17107     -10.289895      11290.329     -7540.3868     -500.18085      79493.551      42.997575      42.997575      42.997575      1.0844551      5060.2141      2353.5833     -7.3140824    
    127000   127000         697.22734     -1874.3269      32415.829      34620.927      12758.698      21862.229      5454.2398      5912.3344      6005.9045      703.25535      19.108472      11299.495     -7532.1087     -492.89251      80669.013      43.208473      43.208473      43.208473      1.068653      -2242.4159     -2574.9948     -805.56995    
    128000   128000         709.57122      96.824099      35195.351      35082.78       12984.581      22098.2        5616.0607      6050.0978      6054.0498      713.09969     -64.668585      11272.929     -7543.3685     -498.76125      79719.81       43.038331      43.038331      43.038331      1.0813772      1462.8199     -33.804873     -1138.5427    
    129000   129000         714.47206      405.79913      35458.491      34980.307      13074.262      21906.045      5474.3255      5936.6526      5980.2783      697.63193      71.043272      11283.537     -7537.4231     -492.09711      80799.401      43.23174       43.23174       43.23174       1.0669285     -134.41661      1246.8429      104.97106    
    130000   130000         704.5561      -194.18774      34625.918      34854.39       12892.808      21961.582      5463.6973      5916.6467      6022.0825      719.56404      108.58274      11274.016     -7543.0069     -492.85998      80674.336      43.209423      43.209423      43.209423      1.0685825      458.48467      392.47428     -1433.5222    
    131000   131000         700.53044      1369.1635      36345.339      34743.432      12819.142      21924.291      5725.4075      5851.0416      5847.5262      732.33785      61.634958      11253.459     -7547.1166     -495.6247       80224.314      43.128929      43.128929      43.128929      1.0745767      2447.1329     -556.998        2217.3556    
    132000   132000         708.7068       29.090868      34894.289      34860.051      12968.763      21891.288      5496.3088      5831.3344      6092.9297      719.4842       12.348242      11278.686     -7539.8032     -492.70364      80699.936      43.213993      43.213993      43.213993      1.0682435     -158.47995     -1319.8366      1565.5891    
    133000   133000         704.84074      256.61459      35195.264      34896.29       12898.017      21998.273      5598.5152      5902.6945      6135.5095      703.64531     -63.59796       11266.39      -7544.8836     -497.71746      79886.995      43.068396      43.068396      43.068396      1.0791141      607.85358     -229.22482      391.215      
    134000   134000         699.26936      268.15149      34958.392      34647.08       12796.065      21851.015      5573.4529      5953.8378      5907.5283      730.22187     -45.324043      11278.751     -7547.4536     -499.48118      79604.906      43.017643      43.017643      43.017643      1.0829381      531.05791     -59.961808      333.35837    
    135000   135000         715.26837      33.298103      34988.435      34949.366      13088.834      21860.532      5458.2974      6032.5543      5852.3185      733.03147      56.274772      11271.089     -7543.0339     -494.22274      80451.886      43.169671      43.169671      43.169671      1.0715371      1465.0867     -2172.6169      807.42455    
    136000   136000         704.92378     -151.7117       34312.36       34488.722      12899.536      21589.186      5557.1905      5907.1055      5815.4094      674.8765      -84.740224      11263.567     -7544.2227     -498.82594      79709.471      43.03647       43.03647       43.03647       1.0815174     -1090.2826      1230.1738     -595.02636    
    137000   137000         692.70775      197.39558      34873.184      34640.277      12675.993      21964.284      5621.856       5857.3806      5928.7409      734.1587       67.832538      11290.035     -7535.7198     -491.46107      80903.971      43.250382      43.250382      43.250382      1.0655495      533.49434      1969.3397     -1910.6474    
    138000   138000         714.62407      1202.4467      36376.387      34975.12       13077.044      21898.076      5717.7106      5913.4592      5852.6443      694.60203     -23.030552      11288.051     -7545.3606     -497.5993       79905.965      43.071804      43.071804      43.071804      1.0788579      1856.2683      433.62803      1317.4437    
    139000   139000         703.22189      149.5762       34906.604      34732.865      12868.393      21864.472      5542.0612      5911.6334      5948.5976      720.22691      13.735575      11269.227     -7541.0098     -499.22723      79645.399      43.024936      43.024936      43.024936      1.0823875      284.58589      819.0706      -654.92788    
    140000   140000         708.43115     -1425.5319      32944.614      34605.757      12963.718      21642.038      5595.7423      5786.7344      5916.5315      716.90281     -94.316251      11266.723     -7546.2797     -497.62803      79901.351      43.070975      43.070975      43.070975      1.0789202     -911.81705     -883.55157     -2481.2271    
    141000   141000         703.6657       68.420277      35024.499      34943.495      12876.514      22066.981      5659.3398      5910.6539      6031.3335      702.324        41.757738      11262.888     -7541.3163     -489.79404      81179.33       43.299394      43.299394      43.299394      1.0619351     -769.88866      2474.7246     -1499.5751    
    142000   142000         721.09785      123.26925      35340.819      35198.239      13195.509      22002.73       5648.1448      5843.8626      6096.8923      723.48933     -38.690734      11271.895     -7542.8638     -501.33758      79310.137      42.964481      42.964481      42.964481      1.086963       2569.654      -481.58466     -1718.2616    
    143000   143000         708.25142     -792.72343      33851.341      34778.039      12960.429      21817.61       5574.2479      5768.6925      6040.1873      703.53242      0.047532765    11270.895     -7539.9927     -496.04162      80156.887      43.116842      43.116842      43.116842      1.0754807     -1095.514      -1426.6473      143.99103    
    144000   144000         709.5221      -290.93742      34469.294      34807.155      12983.682      21823.473      5763.9256      5727.6265      5967.2972      706.94134     -63.933512      11265.184     -7543.5682     -499.34079      79627.287      43.021674      43.021674      43.021674      1.0826337      72.826117      1055.3391     -2000.9774    
    145000   145000         722.44643     -1310.5466      33632.957      35174.406      13220.186      21954.22       5668.0002      5888.4821      5969.8536      724.09735     -50.507909      11290.568     -7536.2738     -493.01283      80649.325      43.204957      43.204957      43.204957      1.0689139     -2908.076      -732.67645     -290.88733    
    146000   146000         713.13866      1000.6039      35720.444      34564.432      13049.862      21514.57       5487.058       5816.6908      5835.8532      688.49065     -34.957607      11264.434     -7542.9991     -501.92031      79218.058      42.947847      42.947847      42.947847      1.0882264     -177.16741      490.99942      2687.9798    
    147000   147000         709.84408      1586.7325      36836.531      34984.864      12989.574      21995.29       5687.5234      5878.6327      5956.8353      725.78482      30.663203      11258.229     -7542.3783     -496.90779      80017.164      43.091775      43.091775      43.091775      1.0773586      3803.8581      1844.6865     -888.347      
    148000   148000         715.57537      458.79462      35556.213      35017.731      13094.452      21923.279      5588.5402      6028.7545      5898.7512      730.70659     -65.405959      11283.177     -7541.2443     -494.06305      80477.891      43.174322      43.174322      43.174322      1.0711909     -69.489967      1981.7817     -535.90792    
    149000   149000         703.20377      1473.5887      36630.116      34905.943      12868.061      22037.882      5555.5767      5923.2997      6163.8844      726.50761     -72.895051      11284.201     -7542.6927     -495.5989       80228.491      43.129677      43.129677      43.129677      1.0745208      2583.6618      861.91205      975.19219    
    150000   150000         700.04639      121.78433      34597.734      34455.726      12810.284      21645.442      5430.7711      5921.8232      5879.3379      709.28666     -31.754653      11276.253     -7540.2754     -497.29301      79955.18       43.080646      43.080646      43.080646      1.0781938     -252.46708      983.04922     -365.22916    
    151000   151000         710.50866      283.50767      35027.116      34701.956      13001.735      21700.221      5489.1422      5924.4468      6018.0006      681.40069     -149.60594      11273.613     -7536.7765     -505.59577      78642.177      42.843523      42.843523      42.843523      1.0961953      383.57572      962.57436     -495.62706    
    152000   152000         703.8867       683.02901      35618.606      34829.462      12880.558      21948.903      5602.1558      6033.2871      5919.5851      699.57154     -60.53259       11289.899     -7535.0631     -501.90018      79221.235      42.948421      42.948421      42.948421      1.0881828      635.20022      1634.1322     -220.24537    
    153000   153000         699.5373       1541.2169      36606.283      34821.296      12800.968      22020.328      5703.1737      5949.4319      5994.9137      687.4583      -61.743815      11281.378     -7534.2831     -500.68396      79413.673      42.983169      42.983169      42.983169      1.0855458      31.447082      1942.0186      2650.1851    
    154000   154000         708.31071      500.93459      35512.965      34933.829      12961.514      21972.315      5426.2263      5986.8871      6117.737       752.75067     -58.550973      11285.837     -7538.5724     -501.57375      79272.793      42.957736      42.957736      42.957736      1.087475       39.302218      1967.0258     -503.52421    
    155000   155000         694.29272     -765.74778      33556.322      34446.012      12704.996      21741.015      5531.3877      5896.3542      5864.1828      714.45171      18.69504       11259.878     -7543.9343     -499.09334      79666.765      43.028783      43.028783      43.028783      1.0820972     -1370.7913     -928.82662      2.3746251    
    156000   156000         706.63771      387.81018      35162.631      34714.084      12930.9        21783.184      5496.0432      5869.5862      5975.9187      709.44774     -5.6508481      11280.59      -7542.7504     -501.35628      79307.179      42.963947      42.963947      42.963947      1.0870035      5.9442431      2001.7117     -844.22537    
    157000   157000         713.03713      663.13727      35549.047      34783.038      13048.004      21735.034      5667.9476      5988.0741      5761.0699      696.4081      -70.835622      11239.348     -7546.9782     -502.00047      79205.408      42.945561      42.945561      42.945561      1.0884002      1040.5946      18.57131       930.24591    
    158000   158000         695.4051      -258.84476      34078.477      34381.513      12725.352      21656.161      5568.2253      5903.5262      5757.7009      685.24084      48.696981      11239.028     -7546.2573     -495.31412      80274.619      43.137941      43.137941      43.137941      1.0739034     -80.533805     -1571.2502      875.24969    
    159000   159000         705.3105       121.06854      34770.683      34629.038      12906.613      21722.425      5540.0666      6003.0776      5855.1548      645.0745      -52.315369      11276.52      -7545.1536     -495.63543      80222.578      43.128618      43.128618      43.128618      1.0746        -617.66649     -33.342764      1014.2149    
    160000   160000         697.66535      1344.5417      36055.185      34495.171      12766.713      21728.458      5534.3391      5866.4142      5849.0787      706.96125      58.750405      11253.998     -7541.0835     -499.78205      79556.982      43.009009      43.009009      43.009009      1.0835904      568.77405      312.04347      3152.8077    
    161000   161000         703.40215     -1053.3274      33627.037      34850.745      12871.692      21979.054      5506.0165      5853.0027      6218.1251      711.03826     -50.479305      11281.895     -7540.5444     -499.13763      79659.697      43.02751       43.02751       43.02751       1.0821932     -1648.1479     -2196.2834      684.44909    
    162000   162000         708.19658      1186.0445      36227.119      34833.019      12959.426      21873.594      5592.676       5878.8467      5987.9929      708.7896      -22.011955      11271.367     -7544.0671     -493.33527      80596.613      43.195542      43.195542      43.195542      1.069613       2851.3715      221.42342      485.33851    
    163000   163000         709.44871      2564.407       37909.941      34919.91       12982.339      21937.571      5621.4596      5980.4277      5872.0102      695.37829      22.680719      11285.25      -7539.635      -497.33177      79948.949      43.079526      43.079526      43.079526      1.0782779      1289.4315      2932.3327      3471.4569    
    164000   164000         696.30596     -779.65006      33844.397      34767.175      12741.837      22025.338      5544.212       5916.4883      6091.8599      730.5236       10.671214      11276.565     -7544.9823     -489.93384      81156.165      43.295275      43.295275      43.295275      1.0622382      19.040465      1031.8152     -3389.8059    
    165000   165000         705.79609     -872.19848      33560.051      34577.229      12915.499      21661.73       5548.6908      5852.5381      5878.5634      718.81975     -68.701044      11278.453     -7546.634      -497.22552      79966.032      43.082594      43.082594      43.082594      1.0780475     -1513.7306     -1244.0095      141.14461    
    166000   166000         696.72006     -1028.8703      33584.724      34797.149      12749.415      22047.735      5594.2831      5879.9754      6129.6064      718.10915     -41.003087      11307.128     -7540.3641     -492.08549      80801.31       43.23208       43.23208       43.23208       1.0669033     -1918.8891     -671.94439     -495.77736    
    167000   167000         723.42496      837.67926      36181.396      35207.132      13238.093      21969.039      5613.9791      5904.4935      6047.0812      685.60587     -14.777051      11274.186     -7541.5296     -498.58117      79748.604      43.043512      43.043512      43.043512      1.0809867      1487.7885     -154.98479      1180.2341    
    168000   168000         701.95892     -646.20551      33813.964      34572.049      12845.282      21726.767      5563.0589      5848.6995      5927.4174      701.73007     -37.975446      11268.22      -7544.3834     -494.29683      80439.828      43.167515      43.167515      43.167515      1.0716978      190.29893     -1552.1071     -576.80836    
    169000   169000         695.68361      81.98815       34525.47       34429.51       12730.449      21699.061      5620.3884      5887.804       5822.0816      686.34127     -36.328383      11264.704     -7545.9301     -495.44257      80253.807      43.134213      43.134213      43.134213      1.0741819     -1059.4107      1492.0075     -186.63234    
    170000   170000         687.61838      141.47958      34893.674      34728.808      12582.861      22145.946      5720.4067      5912.5339      6118.6215      716.45462     -54.292361      11280.955     -7548.7329     -497.61938      79902.74       43.071225      43.071225      43.071225      1.0789015      1880.5818     -99.799603     -1356.3434    
    171000   171000         709.53477      261.38961      35090.843      34787.545      12983.914      21803.631      5595.0707      5905.178       5928.3728      702.45274     -64.001722      11279.214     -7542.6552     -499.75079      79561.959      43.009906      43.009906      43.009906      1.0835226      686.25045     -853.26399      951.18239    
    172000   172000         701.03027      650.10547      35420.992      34663.224      12828.288      21834.935      5534.7589      5889.8255      5891.2146      725.32624      53.304298      11285.128     -7544.6218     -497.48766      79923.897      43.075026      43.075026      43.075026      1.0786159      968.23453     -15.845906      997.92778    
    173000   173000         698.83826     -1062.9619      33344.507      34577.465      12788.176      21789.289      5504.0378      5851.8758      6063.0093      729.70654     -61.345064      11245.323     -7543.3185     -499.92405      79534.385      43.004936      43.004936      43.004936      1.0838983     -1145.0149     -1739.7077     -304.16318    
    174000   174000         710.64432     -754.16933      34009.966      34895.432      13004.218      21891.215      5445.2798      6001.595       6023.3323      719.17177     -15.181971      11259.593     -7542.5753     -493.89156      80505.834      43.179319      43.179319      43.179319      1.0708191     -1951.258      -885.67581      574.42579    
    175000   175000         700.69353     -2384.6746      32031.771      34800.453      12822.126      21978.327      5603.2738      5889.4722      6130.9216      742.90607     -108.07398      11263.409     -7543.5819     -499.44867      79610.087      43.018576      43.018576      43.018576      1.0828676     -3311.0541     -1821.5538     -2021.416     
    176000   176000         705.29328      742.80231      35418.372      34552.5        12906.298      21646.202      5471.2536      5869.9122      5968.037       729.41221     -113.61784      11264.129     -7542.9236     -497.45584      79929.008      43.075944      43.075944      43.075944      1.0785469     -6.7321051      303.61208      1931.5269    
    177000   177000         699.65561     -1644.8278      32799.35       34718.909      12803.133      21915.776      5606.4186      5906.6488      6010.3761      699.82158     -7.4913897      11246.332     -7546.329      -496.88244      80021.247      43.092508      43.092508      43.092508      1.0773037     -2038.3431     -2251.1559     -644.98426    
    178000   178000         708.5484      -1866.4667      32381.473      34556.345      12965.864      21590.481      5195.579       6047.3788      5972.0056      668.22647     -9.4541774      11265.286     -7548.541      -497.64709      79898.291      43.070426      43.070426      43.070426      1.0789615     -1000.6349     -1932.0052     -2666.7599    
    179000   179000         703.31904     -866.1348       33935.233      34947.991      12870.171      22077.82       5694.5072      5930.5456      6046.4527      718.58221     -42.689844      11274.313     -7543.8905     -495.92335      80176.003      43.12027       43.12027       43.12027       1.0752243     -1142.2916     -254.30776     -1201.805     
    180000   180000         690.44882     -1042.4614      33456.404      34681.578      12634.656      22046.922      5561.4199      5919.8667      6059.8415      722.19         37.312137      11286.444     -7540.1522     -493.39768      80586.419      43.193721      43.193721      43.193721      1.0697483     -1824.1075     -150.51555     -1152.7612    
    181000   181000         704.22857     -227.11316      34554.656      34821.814      12886.814      21935          5554.2421      5923.0899      5997.8763      736.35282      5.6164738      11263.248     -7545.4258     -492.95654      80658.535      43.206602      43.206602      43.206602      1.0687918     -195.43563      1014.9807     -1500.8845    
    182000   182000         698.53439      774.76354      35539.906      34641.532      12782.616      21858.917      5574.7144      5842.2949      5991.6349      750.70247     -5.9180024      11250.759     -7545.2712     -500.08873      79508.194      43.000215      43.000215      43.000215      1.0842553      2922.8041     -1108.535       510.02151    
    183000   183000         700.51689      41.258085      34634.315      34586.087      12818.894      21767.193      5627.4599      5953.4631      5851.6644      701.14577     -118.77474      11283.598     -7531.3632     -496.07728      80151.125      43.115809      43.115809      43.115809      1.075558      -448.24432     -383.48928      955.50786    
    184000   184000         709.34873      253.15507      34983.732      34691.005      12980.509      21710.496      5576.0433      5831.7092      5866.5818      696.46516      16.675447      11266.753     -7543.7323     -501.48598      79286.668      42.960242      42.960242      42.960242      1.0872847     -1522.8921      164.62696      2117.7304    
    185000   185000         703.4946       3088.2042      38058.679      34447.68       12873.383      21574.297      5496.7001      5874.4658      5805.5501      696.62962     -3.9243575      11251.945     -7547.0697     -495.92215      80176.197      43.120304      43.120304      43.120304      1.0752216      3349.5499      3476.8444      2438.2184    
    186000   186000         716.26021      940.03952      35840.356      34757.112      13106.984      21650.128      5622.3238      5859.1117      5821.2173      729.36364     -105.12617      11267.232     -7543.9946     -503.21613      79014.066      42.910951      42.910951      42.910951      1.0910359      1887.4657      919.85387      12.799016    
    187000   187000         695.64795      685.00138      35654.401      34853.699      12729.796      22123.903      5684.9408      6092.6338      5924.0399      685.37932      21.883203      11254.35      -7539.3235     -496.08457      80149.946      43.115598      43.115598      43.115598      1.0755738      1421.9951      1239.9489     -606.93983    
    188000   188000         695.27492      2311.566       37310.375      34637.214      12722.97       21914.244      5573.5335      5794.4482      6066.0579      734.38354      16.485225      11270.16      -7540.8248     -501.43665      79294.467      42.961651      42.961651      42.961651      1.0871778      3283.1752      1226.6124      2424.9105    
    189000   189000         695.3493       518.91887      34959.575      34349.762      12724.331      21625.431      5456.7034      5770.3926      5956.9995      713.05031      16.691266      11256.728     -7545.1347     -493.44362      80578.915      43.19238       43.19238       43.19238       1.0698479      526.53731      1396.2123     -365.99301    
    190000   190000         705.49197      2674.9776      37728.973      34628.6        12909.934      21718.667      5510.372       5923.6976      5898.6299      699.21298     -42.71792       11279.974     -7550.5015     -500.31225      79472.674      42.993811      42.993811      42.993811      1.0847399      4251.9985      4147.8259     -374.89171    
    191000   191000         701.02561     -1015.3265      33267.725      34445.672      12828.203      21617.469      5424.0246      5935.9787      5948.1777      683.82997     -124.49774      11286.28      -7536.3238     -499.82115      79550.76       43.007887      43.007887      43.007887      1.0836752     -2337.3552     -337.98619     -370.63806    
    192000   192000         708.55741      263.95244      35324.102      35014.969      12966.029      22048.941      5533.7563      5968.6645      6022.0564      732.75908      47.728554      11289.346     -7545.3699     -495.12685      80304.98       43.143379      43.143379      43.143379      1.0734973     -342.82594      2575.1636     -1440.4803    
    193000   193000         701.18611     -696.02656      33858.395      34672.779      12831.14       21841.639      5514.7485      5845.114       6061.7248      712.76083     -15.455186      11262.377     -7539.6304     -495.60029      80228.266      43.129637      43.129637      43.129637      1.0745238     -1594.3961      10.279609     -503.96319    
    194000   194000         689.78796      832.2825       35348.517      34369.9        12622.563      21747.337      5487.383       5963.7749      5844.7059      703.88743      20.287159      11265.474     -7538.1751     -493.16579      80624.311      43.20049       43.20049       43.20049       1.0692455      1483.7016     -356.49362      1369.6396    
    195000   195000         716.25275     -337.69006      34445.052      34837.631      13106.847      21730.784      5462.6933      5941.8452      5883.2817      691.97424      29.306531      11265.953     -7544.2697     -498.79953      79713.692      43.03723       43.03723       43.03723       1.0814602     -2057.7668     -649.18438      1693.881     
    196000   196000         688.0779      -938.78028      33660.038      34757.433      12591.27       22166.163      5745.4642      6048.5132      5976.6824      729.35858     -37.781187      11250.911     -7546.9855     -496.06174      80153.636      43.116259      43.116259      43.116259      1.0755243     -2794.7619     -931.4771       909.89817    
    197000   197000         697.82056     -21.158337      34545.164      34569.929      12769.553      21800.376      5632.2104      5889.4572      5838.5544      692.07231     -0.65034662     11286.836     -7538.1038     -495.4149       80258.288      43.135016      43.135016      43.135016      1.0741219     -213.49953      703.63221     -553.60769    
    198000   198000         704.41986      1139.0482      36012.577      34694.004      12890.315      21803.689      5606.3841      6018.3744      5797.3027      702.37123     -49.828589      11267.429     -7538.3432     -500.92529      79375.413      42.976265      42.976265      42.976265      1.0860691      528.12093      2999.0266     -110.00285    
    199000   199000         691.27355     -539.9714       33702.953      34328.035      12649.748      21678.287      5429.2148      5841.6765      6017.0434      715.13398     -76.076867      11287.589     -7536.2939     -500.92024      79376.214      42.976409      42.976409      42.976409      1.0860581     -915.42271      1582.3468     -2286.8383    
    200000   200000         698.22468     -1330.2689      33181.33       34752.912      12776.948      21975.964      5564.009       5990.2606      6027.2749      714.88043     -61.448212      11281.446     -7540.4583     -490.83683      81006.862      43.268709      43.268709      43.268709      1.064196      -596.53242     -1172.5978     -2221.6766    
    201000   201000         703.82375     -239.43008      34384.744      34662.293      12879.407      21782.887      5646.4205      5959.2672      5730.1551      699.33747      7.5899571      11273.827     -7533.7105     -500.2336       79485.168      42.996064      42.996064      42.996064      1.0845694      338.10242     -2113.6478      1057.2552    
    202000   202000         707.64606     -443.92851      34174.009      34700.328      12949.352      21750.976      5421.3596      5985.6563      5901.8377      703.99809      11.629809      11263.932     -7537.4375     -489.10147      81294.28       43.319822      43.319822      43.319822      1.0604336      1365.4575     -4184.5429      1487.2999    
    203000   203000         711.56414     -177.28587      34769.332      34977.667      13021.049      21956.617      5627.89        5922.1851      5891.6534      709.92519      50.329917      11285.485     -7530.851      -493.45405      80577.213      43.192076      43.192076      43.192076      1.0698705      78.407569      535.92013     -1146.1853    
    204000   204000         681.07312     -210.83128      33930.515      34176.17       12463.088      21713.081      5515.976       5850.8316      5849.2876      683.13112      87.529021      11267.331     -7541.0052     -497.67362      79894.031      43.06966       43.06966       43.06966       1.0790191      933.11234     -2341.2757      775.66952    
    205000   205000         705.21572      2018.5021      37108.069      34768.044      12904.878      21863.166      5543.8622      6017.6521      5841.4005      735.98891     -24.415596      11278.224     -7529.5461     -500.19989      79490.525      42.99703       42.99703       42.99703       1.0844963      2270.7877      2518.9905      1265.728     
    206000   206000         696.60737     -61.615217      34513.578      34585.449      12747.353      21838.096      5636.6733      5849.1908      5883.3984      697.98314      45.056452      11262.503     -7536.7085     -497.13078      79981.272      43.085331      43.085331      43.085331      1.0778421      1160.2977     -1213.4742     -131.66922    
    207000   207000         703.82971      818.37349      35658.077      34704.081      12879.516      21824.565      5668.7623      5921.5176      5803.2912      703.46593     -8.852698       11273.511     -7537.1302     -497.43932      79931.662      43.076421      43.076421      43.076421      1.0785111      1468.7871      1392.0016     -405.66826    
    208000   208000         696.89752     -79.815825      34554.953      34647.515      12752.662      21894.852      5618.4703      6012.4395      5910.9424      692.96717     -76.591997      11270.251     -7533.6259     -500.02931      79517.642      43.001918      43.001918      43.001918      1.0841265     -448.4902       541.2212      -332.17847    
    209000   209000         697.30386      1375.0055      36259.729      34652.044      12760.098      21891.946      5628.4604      5987.6981      5863.8149      684.85314     -12.644616      11268.316     -7528.5517     -495.95031      80171.645      43.119488      43.119488      43.119488      1.0752827     -374.70813      2025.6757      2474.0489    
    210000   210000         692.8968       387.52784      34617.334      34165.489      12679.452      21486.037      5492.4555      5724.9804      5860.5246      688.53548     -38.136328      11290.813     -7533.1363     -497.33352      79948.667      43.079476      43.079476      43.079476      1.0782817     -3398.0733     -626.155        5186.8118    
    211000   211000         701.39703      115.61144      34833.116      34697.143      12835          21862.143      5536.291       6018.7628      5887.3343      680.85683     -10.783311      11286.295     -7536.6137     -493.04007      80644.87       43.204162      43.204162      43.204162      1.0689729      1018.8585      324.40723     -996.43136    
    212000   212000         695.74161     -835.88747      33533.89       34516.422      12731.51       21784.912      5497.4932      5972.2201      5921.5722      670.1131      -14.963316      11273.497     -7535.0197     -493.32789      80597.819      43.195758      43.195758      43.195758      1.069597       1985.0673     -2008.8156     -2483.914     
    213000   213000         698.19206      1448.3524      36507.293      34809.101      12776.351      22032.75       5560.4395      5921.7551      5947.1136      723.23286      135.60294      11279.502     -7534.8968     -494.56378      80396.409      43.159746      43.159746      43.159746      1.0722765      118.28017      2993.9626      1232.8143    
    214000   214000         694.48666     -2180.7465      31805.077      34373.256      12708.545      21664.71       5488.0284      5771.6426      6028.68        678.487       -41.492298      11272.771     -7533.4067     -492.39626      80750.313      43.222983      43.222983      43.222983      1.0675771     -1652.8475     -2411.6367     -2477.7554    
    215000   215000         701.9094       43.980389      34788.834      34737.33       12844.376      21892.954      5652.4413      5799.4979      6007.5983      699.35117     -22.026144      11289.588     -7533.4964     -495.17023      80297.946      43.14212       43.14212       43.14212       1.0735914      1278.1564     -25.860234     -1120.355     
    216000   216000         697.8566       1317.2683      35918.305      34374.642      12770.213      21604.43       5496.5284      5718.1481      5978.7859      699.1969      -24.292648      11268.546     -7532.4827     -494.8307       80353.042      43.151985      43.151985      43.151985      1.0728553      2389.3891      2321.948      -759.53217    
    217000   217000         687.48803     -261.96359      33879.022      34183.967      12580.476      21603.491      5510.2946      5872.5578      5785.5315      709.02677     -15.605307      11279.553     -7537.8675     -498.14288      79818.77       43.056132      43.056132      43.056132      1.0800365     -241.09213     -899.08409      354.28545    
    218000   218000         701.87516     -948.3708       33695.407      34803.192      12843.749      21959.443      5712.0085      5902.5121      5947.0447      692.69326     -46.463288      11286.613     -7534.9653     -496.42979      80094.21       43.105601      43.105601      43.105601      1.0763223      197.60936     -606.55119     -2436.1706    
    219000   219000         695.30219      463.61948      34962.018      34423.879      12723.469      21700.41       5569.455       5862.5872      5943.7753      687.08234     -110.72086      11287.666     -7539.4348     -499.5769       79589.653      43.014895      43.014895      43.014895      1.0831456      1560.565       1517.661      -1687.3675    
    220000   220000         692.31712     -230.92998      34201.456      34469.649      12668.845      21800.804      5529.8678      5817.7442      6093.8311      700.24506     -103.55688      11294.589     -7531.9154     -499.30677      79632.711      43.022651      43.022651      43.022651      1.0825599     -1204.428      -36.648232      548.28628    
    221000   221000         700.57287      390.81152      34747.493      34294.144      12819.918      21474.226      5487.8134      5669.3398      5928.6749      691.57545     -36.648687      11271.034     -7537.5631     -499.88366      79540.811      43.006095      43.006095      43.006095      1.0838107     -409.79112      2975.5978     -1393.3722    
    222000   222000         693.78312      1184.1623      36059.393      34668.175      12695.671      21972.504      5449.7101      5995.8452      6014.2796      700.91371      54.95167       11287.527     -7530.7229     -493.57258      80557.863      43.188618      43.188618      43.188618      1.0701275      2117.0438     -126.71519      1562.1582    
    223000   223000         687.18005     -1345.3975      32676.877      34265.504      12574.84       21690.664      5488.1742      5844.9832      5998.0938      697.08573     -74.647067      11273.063     -7536.0888     -491.09281      80964.64       43.26119       43.26119       43.26119       1.064751      -2657.2917      487.7297      -1866.6306    
    224000   224000         700.43721     -715.59582      33690.37       34520.764      12817.436      21703.328      5455.0131      5750.9524      6089.8799      695.54082     -19.88282       11267.952     -7536.1266     -499.7107       79568.342      43.011056      43.011056      43.011056      1.0834357     -2305.0749      955.63159     -797.34419    
    225000   225000         711.21197      1079.8061      36135.333      34874.382      13014.605      21859.777      5588.8405      5843.9713      5998.6512      700.73981     -14.896127      11281.019     -7538.5485     -496.57224      80071.234      43.101479      43.101479      43.101479      1.0766311     -571.13731      2590.0613      1220.4943    
    226000   226000         701.05193     -2028.929       32101.781      34476.343      12828.684      21647.658      5263.6583      5841.2599      6122.164       734.65161     -49.378723      11271.086     -7535.783      -495.47089      80249.219      43.133391      43.133391      43.133391      1.0742433     -2229.4604     -2082.876      -1774.4507    
    227000   227000         702.93752     -1159.3027      33377.578      34739.665      12863.189      21876.476      5559.1026      5977.7027      5911.189       710.42885     -10.952655      11270.701     -7541.6952     -493.54479      80562.399      43.189429      43.189429      43.189429      1.0700672     -2952.5187     -675.72236      150.33299    
    228000   228000         699.60263     -1513.4011      32950.595      34741.714      12802.163      21939.55       5590.1619      5959.0827      5959.2771      698.72032      0.74289706     11273.873     -7542.3076     -489.96438      81151.108      43.294376      43.294376      43.294376      1.0623045     -2189.3399     -1035.5057     -1315.3577    
    229000   229000         705.82975     -1134.039       33305.594      34627.458      12916.115      21711.343      5453.4039      5799.0197      6022.7528      700.56204      15.442179      11265.644     -7545.4815     -497.48029      79925.08       43.075239      43.075239      43.075239      1.0785999     -1426.0732      80.860752     -2056.9046    
    230000   230000         689.03011     -454.98357      33911.85       34449.141      12608.695      21840.446      5474.7433      5749.5162      6074.5371      724.84893      65.834937      11286.791     -7535.8256     -491.04486      80972.546      43.262598      43.262598      43.262598      1.0646471     -1573.2934     -603.05085      811.39356    
    231000   231000         696.21243     -1061.4532      33555.522      34803.193      12740.126      22063.067      5602.072       5882.9764      6127.4223      744.50495     -29.90024       11272.507     -7536.5153     -493.32809      80597.786      43.195752      43.195752      43.195752      1.0695974     -620.2279       54.958151     -2619.09      
    232000   232000         690.45264      2057.1171      36718.872      34299.471      12634.726      21664.745      5488.0753      5870.3793      5850.1701      704.47847      20.484508      11274.175     -7543.018      -493.04441      80644.16       43.204035      43.204035      43.204035      1.0689823      1924.4225      438.80098      3808.128     
    233000   233000         694.37746     -848.50854      33698.538      34703.64       12706.547      21997.093      5427.0036      5940.4478      6085.83        710.29104      85.127334      11283.739     -7535.3453     -489.53166      81222.84       43.307129      43.307129      43.307129      1.0613663     -632.05683     -982.18269     -931.2861     
    234000   234000         689.46625     -1932.2088      31858.069      34123.659      12616.676      21506.983      5437.8496      5761.9397      6005.13        667.6677      -94.494925      11266.44      -7537.5493     -494.54707      80399.125      43.160232      43.160232      43.160232      1.0722403     -1704.6255     -1421.2435     -2670.7573    
    235000   235000         697.68956     -2032.218       32230.674      34616.566      12767.156      21849.41       5557.3724      5961.5236      5912.1602      669.55696      16.129027      11264.185     -7531.5171     -493.91751      80501.605      43.178563      43.178563      43.178563      1.0708753     -1603.3861     -1724.3017     -2768.966     
    236000   236000         690.26626      835.91649      35344.377      34358.385      12631.316      21727.069      5481.8347      5890.4248      5884.4671      715.01166      12.425277      11275.862     -7532.9563     -491.61414      80878.779      43.245892      43.245892      43.245892      1.0658814      1447.9005      88.042354      971.80659    
    237000   237000         705.4138       2069.53        37256.202      34841.56       12908.503      21933.057      5710.733       5886.7058      5867.1867      663.53857      55.54923       11280.982     -7531.6378     -496.9972       80002.768      43.089191      43.089191      43.089191      1.0775525      2568.0076      4647.7857     -1007.2032    
    238000   238000         691.97657      152.56088      34546.571      34366.071      12662.613      21703.459      5384.1305      5824.4047      5969.3303      695.4348       100.06821      11268.835     -7538.745      -490.11956      81125.413      43.289806      43.289806      43.289806      1.0626409     -2155.2006      808.36605      1804.5172    
    239000   239000         707.02118     -429.33258      34098.818      34605.767      12937.917      21667.85       5575.8052      5753.7193      5889.9422      674.80149      18.001108      11289.222     -7533.6407     -491.09299      80964.609      43.261185      43.261185      43.261185      1.0647514     -686.41196     -565.92685     -35.658938    
    240000   240000         688.46637      661.16707      35080.027      34308.382      12598.379      21710.003      5489.0627      5735.0471      6056.0201      737.82185     -53.545975      11281.899     -7536.3018     -496.85381      80025.857      43.093336      43.093336      43.093336      1.0772416      477.29141     -342.04929      1848.2591    
    241000   241000         694.60637     -149.70089      34207.319      34383.244      12710.736      21672.508      5613.6955      5811.917       5812.855       694.4421       25.076047      11257.801     -7543.2779     -493.4358       80580.193      43.192609      43.192609      43.192609      1.0698309      1438.0813     -747.64009     -1139.5439    
    242000   242000         709.81309      470.76641      35502.657      34946.564      12989.007      21957.557      5551.0968      5913.738       5904.9817      718.02302      129.16526      11278.716     -7538.1639     -490.89971      80996.487      43.266862      43.266862      43.266862      1.0643324      138.56013      915.59187      358.14721    
    243000   243000         703.84024     -888.53391      33572.869      34617.194      12879.708      21737.486      5531.3074      5798.171       5910.7603      690.14665      66.499581      11281.138     -7540.5369     -493.37028      80590.894      43.19452       43.19452       43.19452       1.0696889     -2225.6048     -237.38485     -202.61208    
    244000   244000         698.07244      28.480305      34594.085      34560.653      12774.162      21786.491      5486.0859      5900.7811      5921.2553      722.17265      19.831347      11270.582     -7534.2176     -493.99045      80489.717      43.176437      43.176437      43.176437      1.0710335     -595.93118      614.85432      66.517778    
    245000   245000         692.33995      1143.9499      35683.256      34334.042      12669.262      21664.78       5352.9191      5837.4699      5959.9306      695.75485      62.558447      11291.231     -7535.0842     -491.65579      80871.929      43.244671      43.244671      43.244671      1.0659716     -1055.2166      2945.9963      1541.0701    
    246000   246000         703.04134     -61.187555      34530.158      34601.36       12865.089      21736.271      5342.6231      5955.6436      6024.8354      732.4519      -56.245247      11275.19      -7538.2276     -498.31594      79791.05       43.051147      43.051147      43.051147      1.0804117      1108.6809     -904.45442     -387.78913    
    247000   247000         692.59813     -1249.6059      33045.478      34505.437      12673.987      21831.45       5484.722       5897.9624      6098.6679      754.07803     -161.92989      11288.589     -7530.6394     -496.32646      80110.886      43.108593      43.108593      43.108593      1.0760982     -509.36179     -1533.6213     -1705.8347    
    248000   248000         673.61298      1241.3771      35268.828      33833.99       12326.574      21507.416      5383.1544      5942.9529      5811.2434      714.78562     -95.227037      11288.132     -7537.6252     -501.69025      79254.384      42.954411      42.954411      42.954411      1.0877276      550.19546      1497.3683      1676.5675    
    249000   249000         684.07646      703.83183      35308.02       34484.285      12518.047      21966.238      5690.6687      5943.9055      5939.7335      694.08681     -37.719037      11277.051     -7541.4886     -495.46901      80249.523      43.133446      43.133446      43.133446      1.0742392      735.77145     -678.08578      2053.8098    
    250000   250000         684.08529     -758.07321      33258.654      34145.638      12518.209      21627.43       5465.2107      5813.6314      5945.8511      667.48133     -25.779843      11295.719     -7534.6839     -495.59842      80228.569      43.129691      43.129691      43.129691      1.0745198      255.46604     -2443.1718     -86.513834    
Loop time of 534.942 on 1 procs for 250000 steps with 6140 atoms

Performance: 40.378 ns/day, 0.594 hours/ns, 467.340 timesteps/s, 2.869 Matom-step/s
100.0% CPU use with 1 MPI tasks x 1 OpenMP threads

MPI task timing breakdown:
Section |  min time  |  avg time  |  max time  |%varavg| %total
---------------------------------------------------------------
Pair    | 49.087     | 49.087     | 49.087     |   0.0 |  9.18
Bond    | 65.963     | 65.963     | 65.963     |   0.0 | 12.33
Kspace  | 241.4      | 241.4      | 241.4      |   0.0 | 45.13
Neigh   | 75.693     | 75.693     | 75.693     |   0.0 | 14.15
Comm    | 13.507     | 13.507     | 13.507     |   0.0 |  2.52
Output  | 2.2601     | 2.2601     | 2.2601     |   0.0 |  0.42
Modify  | 76.658     | 76.658     | 76.658     |   0.0 | 14.33
Other   |            | 10.37      |            |       |  1.94

Nlocal:           6140 ave        6140 max        6140 min
Histogram: 1 0 0 0 0 0 0 0 0 0
Nghost:          16143 ave       16143 max       16143 min
Histogram: 1 0 0 0 0 0 0 0 0 0
Neighs:              0 ave           0 max           0 min
Histogram: 1 0 0 0 0 0 0 0 0 0
FullNghs:  2.99134e+06 ave 2.99134e+06 max 2.99134e+06 min
Histogram: 1 0 0 0 0 0 0 0 0 0

Total # of neighbors = 2991342
Ave neighs/atom = 487.18925
Ave special neighs/atom = 5.6319218
Neighbor list builds = 18506
Dangerous builds = 0

# --- Cleanup ---
unfix npt_fix

undump dump_npt

# --- Write Output ---
write_dump all custom cool_block_03_last.dump id type mol x y z xu yu zu vx vy vz modify sort id
write_data /home/alexzhao/PolyJarvis/data/PEEK_1/attempts/cooling/attempt-0001/work/cool_block_03/cool_block_03_out.data
System init for write_data ...
PPPM Kokkos initialization ...
  using 12-bit tables for long-range coulomb
  G vector (1/distance) = 0.31374249
  grid = 36 36 36
  stencil order = 5
  estimated absolute RMS force accuracy = 0.00024979445
  estimated relative force accuracy = 7.5224858e-07
  using double precision cuFFT
  3d grid and FFT values/proc = 79507 46656
Generated 21 of 21 mixed pair_coeff terms from sixthpower/sixthpower mixing rule
write_restart /home/alexzhao/PolyJarvis/data/PEEK_1/attempts/cooling/attempt-0001/work/cool_block_03/cool_block_03_out.restart
System init for write_restart ...
PPPM Kokkos initialization ...
  using 12-bit tables for long-range coulomb
  G vector (1/distance) = 0.31374249
  grid = 36 36 36
  stencil order = 5
  estimated absolute RMS force accuracy = 0.00024979445
  estimated relative force accuracy = 7.5224858e-07
  using double precision cuFFT
  3d grid and FFT values/proc = 79507 46656
Generated 21 of 21 mixed pair_coeff terms from sixthpower/sixthpower mixing rule

print "STAGE COMPLETE: NPT T=720.0->695.0K P=1.0->1.0atm steps=250000"
STAGE COMPLETE: NPT T=720.0->695.0K P=1.0->1.0atm steps=250000
quit
